Java HotSpot(TM) 64-Bit Server VM (25.141-b15) for linux-amd64 JRE (1.8.0_141-b15), built on Jul 12 2017 04:21:34 by "java_re" with gcc 4.3.0 20080428 (Red Hat 4.3.0-8)
Memory: 4k page, physical 3688652k(2378560k free), swap 0k(0k free)
CommandLine flags: -XX:+CMSClassUnloadingEnabled -XX:CMSInitiatingOccupancyFraction=70 -XX:+CMSParallelRemarkEnabled -XX:CMSWaitDuration=5000 -XX:GCLogFileSize=10485760 -XX:InitialHeapSize=2147483648 -XX:+ManagementServer -XX:MaxHeapSize=2147483648 -XX:MaxNewSize=174485504 -XX:MaxTenuringThreshold=6 -XX:NewSize=174485504 -XX:NumberOfGCLogFiles=10 -XX:OldPLABSize=16 -XX:OldSize=348971008 -XX:PrintFLSStatistics=1 -XX:+PrintGC -XX:+PrintGCApplicationStoppedTime -XX:+PrintGCDateStamps -XX:+PrintGCDetails -XX:+PrintGCTimeStamps -XX:+PrintHeapAtGC -XX:+PrintPromotionFailure -XX:+PrintTenuringDistribution -XX:+UseCMSInitiatingOccupancyOnly -XX:+UseCompressedClassPointers -XX:+UseCompressedOops -XX:+UseConcMarkSweepGC -XX:+UseGCLogFileRotation -XX:+UseParNewGC 
2017-07-31T22:51:28.323+0000: 0.350: Total time for which application threads were stopped: 0.0002198 seconds, Stopping threads took: 0.0000946 seconds
2017-07-31T22:51:28.329+0000: 0.357: Total time for which application threads were stopped: 0.0000691 seconds, Stopping threads took: 0.0000098 seconds
2017-07-31T22:51:28.397+0000: 0.425: Total time for which application threads were stopped: 0.0001064 seconds, Stopping threads took: 0.0000144 seconds
2017-07-31T22:51:28.587+0000: 0.615: Total time for which application threads were stopped: 0.0001181 seconds, Stopping threads took: 0.0000154 seconds
2017-07-31T22:51:28.985+0000: 1.013: Total time for which application threads were stopped: 0.0001483 seconds, Stopping threads took: 0.0000158 seconds
2017-07-31T22:51:29.250+0000: 1.277: Total time for which application threads were stopped: 0.0001759 seconds, Stopping threads took: 0.0000165 seconds
2017-07-31T22:51:29.571+0000: 1.599: Total time for which application threads were stopped: 0.0001695 seconds, Stopping threads took: 0.0000183 seconds
2017-07-31T22:51:30.411+0000: 2.439: Total time for which application threads were stopped: 0.0001256 seconds, Stopping threads took: 0.0000148 seconds
2017-07-31T22:51:30.538+0000: 2.566: Total time for which application threads were stopped: 0.0000978 seconds, Stopping threads took: 0.0000188 seconds
2017-07-31T22:51:30.627+0000: 2.654: Total time for which application threads were stopped: 0.0000940 seconds, Stopping threads took: 0.0000143 seconds
2017-07-31T22:51:30.855+0000: 2.883: Total time for which application threads were stopped: 0.0001459 seconds, Stopping threads took: 0.0000158 seconds
2017-07-31T22:51:30.866+0000: 2.893: Total time for which application threads were stopped: 0.0000331 seconds, Stopping threads took: 0.0000108 seconds
2017-07-31T22:51:30.933+0000: 2.961: Total time for which application threads were stopped: 0.0001609 seconds, Stopping threads took: 0.0001023 seconds
2017-07-31T22:51:30.942+0000: 2.969: Total time for which application threads were stopped: 0.0000328 seconds, Stopping threads took: 0.0000109 seconds
{Heap before GC invocations=0 (full 0):
 par new generation   total 153344K, used 136320K [0x0000000080000000, 0x000000008a660000, 0x000000008a660000)
  eden space 136320K, 100% used [0x0000000080000000, 0x0000000088520000, 0x0000000088520000)
  from space 17024K,   0% used [0x0000000088520000, 0x0000000088520000, 0x00000000895c0000)
  to   space 17024K,   0% used [0x00000000895c0000, 0x00000000895c0000, 0x000000008a660000)
 concurrent mark-sweep generation total 1926784K, used 0K [0x000000008a660000, 0x0000000100000000, 0x0000000100000000)
 Metaspace       used 22171K, capacity 22517K, committed 22548K, reserved 1069056K
  class space    used 2924K, capacity 3008K, committed 3020K, reserved 1048576K
2017-07-31T22:51:30.974+0000: 3.002: [GC (Allocation Failure) Before GC:
Statistics for BinaryTreeDictionary:
------------------------------------
Total Free Space: 246628352
Max   Chunk Size: 246628352
Number of Blocks: 1
Av.  Block  Size: 246628352
Tree      Height: 1
2017-07-31T22:51:30.974+0000: 3.002: [ParNew
Desired survivor size 8716288 bytes, new threshold 1 (max 6)
- age   1:   17352088 bytes,   17352088 total
: 136320K->17024K(153344K), 0.0464744 secs] 136320K->24785K(2080128K)After GC:
Statistics for BinaryTreeDictionary:
------------------------------------
Total Free Space: 245564389
Max   Chunk Size: 245564389
Number of Blocks: 1
Av.  Block  Size: 245564389
Tree      Height: 1
, 0.0465535 secs] [Times: user=0.04 sys=0.01, real=0.00 secs] 
Heap after GC invocations=1 (full 0):
 par new generation   total 153344K, used 17024K [0x0000000080000000, 0x000000008a660000, 0x000000008a660000)
  eden space 136320K,   0% used [0x0000000080000000, 0x0000000080000000, 0x0000000088520000)
  from space 17024K, 100% used [0x00000000895c0000, 0x000000008a660000, 0x000000008a660000)
  to   space 17024K,   0% used [0x0000000088520000, 0x0000000088520000, 0x00000000895c0000)
 concurrent mark-sweep generation total 1926784K, used 7761K [0x000000008a660000, 0x0000000100000000, 0x0000000100000000)
 Metaspace       used 22171K, capacity 22517K, committed 22548K, reserved 1069056K
  class space    used 2924K, capacity 3008K, committed 3020K, reserved 1048576K
}
2017-07-31T22:51:31.021+0000: 3.048: Total time for which application threads were stopped: 0.0468002 seconds, Stopping threads took: 0.0001211 seconds
2017-07-31T22:51:31.059+0000: 3.086: [GC (CMS Initial Mark) [1 CMS-initial-mark: 7761K(1926784K)] 27348K(2080128K), 0.0108628 secs] [Times: user=0.01 sys=0.00, real=0.00 secs] 
2017-07-31T22:51:31.070+0000: 3.097: Total time for which application threads were stopped: 0.0117668 seconds, Stopping threads took: 0.0008160 seconds
2017-07-31T22:51:31.070+0000: 3.097: [CMS-concurrent-mark-start]
2017-07-31T22:51:31.079+0000: 3.107: [CMS-concurrent-mark: 0.010/0.010 secs] [Times: user=0.01 sys=0.00, real=0.00 secs] 
2017-07-31T22:51:31.079+0000: 3.107: [CMS-concurrent-preclean-start]
2017-07-31T22:51:31.112+0000: 3.140: [CMS-concurrent-preclean: 0.033/0.033 secs] [Times: user=0.03 sys=0.00, real=0.00 secs] 
2017-07-31T22:51:31.112+0000: 3.140: [CMS-concurrent-abortable-preclean-start]
2017-07-31T22:51:31.325+0000: 3.352: Total time for which application threads were stopped: 0.0001582 seconds, Stopping threads took: 0.0000196 seconds
2017-07-31T22:51:31.338+0000: 3.365: Total time for which application threads were stopped: 0.0021631 seconds, Stopping threads took: 0.0021072 seconds
2017-07-31T22:51:31.525+0000: 3.553: Total time for which application threads were stopped: 0.0000996 seconds, Stopping threads took: 0.0000199 seconds
2017-07-31T22:51:31.578+0000: 3.605: Total time for which application threads were stopped: 0.0001637 seconds, Stopping threads took: 0.0001075 seconds
2017-07-31T22:51:31.723+0000: 3.750: Total time for which application threads were stopped: 0.0000737 seconds, Stopping threads took: 0.0000164 seconds
2017-07-31T22:51:31.834+0000: 3.862: Total time for which application threads were stopped: 0.0000793 seconds, Stopping threads took: 0.0000154 seconds
2017-07-31T22:51:32.141+0000: 4.168: Total time for which application threads were stopped: 0.0000817 seconds, Stopping threads took: 0.0000155 seconds
2017-07-31T22:51:32.258+0000: 4.286: [CMS-concurrent-abortable-preclean: 0.879/1.146 secs] [Times: user=1.12 sys=0.01, real=2.05 secs] 
2017-07-31T22:51:32.262+0000: 4.289: [GC (CMS Final Remark) [YG occupancy: 95287 K (153344 K)]2017-07-31T22:51:32.262+0000: 4.289: [Rescan (parallel) , 0.0665927 secs]2017-07-31T22:51:32.328+0000: 4.356: [weak refs processing, 0.0000212 secs]2017-07-31T22:51:32.328+0000: 4.356: [class unloading, 0.0033254 secs]2017-07-31T22:51:32.332+0000: 4.359: [scrub symbol table, 0.0016112 secs]2017-07-31T22:51:32.333+0000: 4.361: [scrub string table, 0.0003335 secs][1 CMS-remark: 7761K(1926784K)] 103049K(2080128K), 0.0726871 secs] [Times: user=0.07 sys=0.00, real=0.00 secs] 
2017-07-31T22:51:32.334+0000: 4.362: Total time for which application threads were stopped: 0.0759918 seconds, Stopping threads took: 0.0032106 seconds
2017-07-31T22:51:32.356+0000: 4.384: [CMS-concurrent-sweep-start]
CMS: Large Block: 0x000000008ae7e0d8; Proximity: 0x0000000000000000 -> 0x000000008ae69440
CMS: Large block 0x000000008a8d0dd8
2017-07-31T22:51:32.357+0000: 4.384: [CMS-concurrent-sweep: 0.001/0.001 secs] [Times: user=0.00 sys=0.00, real=0.00 secs] 
2017-07-31T22:51:32.357+0000: 4.385: [CMS-concurrent-reset-start]
2017-07-31T22:51:32.364+0000: 4.391: [CMS-concurrent-reset: 0.007/0.007 secs] [Times: user=0.00 sys=0.00, real=0.00 secs] 
2017-07-31T22:51:32.438+0000: 4.466: Total time for which application threads were stopped: 0.0036398 seconds, Stopping threads took: 0.0034367 seconds
{Heap before GC invocations=1 (full 1):
 par new generation   total 153344K, used 153344K [0x0000000080000000, 0x000000008a660000, 0x000000008a660000)
  eden space 136320K, 100% used [0x0000000080000000, 0x0000000088520000, 0x0000000088520000)
  from space 17024K, 100% used [0x00000000895c0000, 0x000000008a660000, 0x000000008a660000)
  to   space 17024K,   0% used [0x0000000088520000, 0x0000000088520000, 0x00000000895c0000)
 concurrent mark-sweep generation total 1926784K, used 1951K [0x000000008a660000, 0x0000000100000000, 0x0000000100000000)
 Metaspace       used 24262K, capacity 24833K, committed 24924K, reserved 1071104K
  class space    used 3178K, capacity 3286K, committed 3376K, reserved 1048576K
2017-07-31T22:51:32.839+0000: 4.867: [GC (Allocation Failure) Before GC:
Statistics for BinaryTreeDictionary:
------------------------------------
Total Free Space: 246319793
Max   Chunk Size: 246308421
Number of Blocks: 21
Av.  Block  Size: 11729513
Tree      Height: 7
2017-07-31T22:51:32.839+0000: 4.867: [ParNew
Desired survivor size 8716288 bytes, new threshold 1 (max 6)
- age   1:   16186264 bytes,   16186264 total
: 153344K->17024K(153344K), 0.1904589 secs] 155295K->37614K(2080128K)After GC:
Statistics for BinaryTreeDictionary:
------------------------------------
Total Free Space: 243614587
Max   Chunk Size: 243614587
Number of Blocks: 1
Av.  Block  Size: 243614587
Tree      Height: 1
, 0.1905162 secs] [Times: user=0.18 sys=0.01, real=0.00 secs] 
Heap after GC invocations=2 (full 1):
 par new generation   total 153344K, used 17024K [0x0000000080000000, 0x000000008a660000, 0x000000008a660000)
  eden space 136320K,   0% used [0x0000000080000000, 0x0000000080000000, 0x0000000088520000)
  from space 17024K, 100% used [0x0000000088520000, 0x00000000895c0000, 0x00000000895c0000)
  to   space 17024K,   0% used [0x00000000895c0000, 0x00000000895c0000, 0x000000008a660000)
 concurrent mark-sweep generation total 1926784K, used 20590K [0x000000008a660000, 0x0000000100000000, 0x0000000100000000)
 Metaspace       used 24262K, capacity 24833K, committed 24924K, reserved 1071104K
  class space    used 3178K, capacity 3286K, committed 3376K, reserved 1048576K
}
2017-07-31T22:51:33.029+0000: 5.057: Total time for which application threads were stopped: 0.1906783 seconds, Stopping threads took: 0.0000156 seconds
2017-07-31T22:51:34.059+0000: 6.086: Total time for which application threads were stopped: 0.0187678 seconds, Stopping threads took: 0.0186062 seconds
2017-07-31T22:51:34.078+0000: 6.105: Total time for which application threads were stopped: 0.0000810 seconds, Stopping threads took: 0.0000152 seconds
2017-07-31T22:51:34.240+0000: 6.268: Total time for which application threads were stopped: 0.0003251 seconds, Stopping threads took: 0.0000175 seconds
{Heap before GC invocations=2 (full 1):
 par new generation   total 153344K, used 153344K [0x0000000080000000, 0x000000008a660000, 0x000000008a660000)
  eden space 136320K, 100% used [0x0000000080000000, 0x0000000088520000, 0x0000000088520000)
  from space 17024K, 100% used [0x0000000088520000, 0x00000000895c0000, 0x00000000895c0000)
  to   space 17024K,   0% used [0x00000000895c0000, 0x00000000895c0000, 0x000000008a660000)
 concurrent mark-sweep generation total 1926784K, used 20590K [0x000000008a660000, 0x0000000100000000, 0x0000000100000000)
 Metaspace       used 26667K, capacity 27499K, committed 27664K, reserved 1073152K
  class space    used 3480K, capacity 3591K, committed 3632K, reserved 1048576K
2017-07-31T22:51:34.572+0000: 6.600: [GC (Allocation Failure) Before GC:
Statistics for BinaryTreeDictionary:
------------------------------------
Total Free Space: 243614587
Max   Chunk Size: 243614587
Number of Blocks: 1
Av.  Block  Size: 243614587
Tree      Height: 1
2017-07-31T22:51:34.572+0000: 6.600: [ParNew
Desired survivor size 8716288 bytes, new threshold 1 (max 6)
- age   1:   10587544 bytes,   10587544 total
: 153344K->17023K(153344K), 0.1286606 secs] 173934K->53839K(2080128K)After GC:
Statistics for BinaryTreeDictionary:
------------------------------------
Total Free Space: 241474731
Max   Chunk Size: 241474731
Number of Blocks: 1
Av.  Block  Size: 241474731
Tree      Height: 1
, 0.1287331 secs] [Times: user=0.12 sys=0.00, real=0.00 secs] 
Heap after GC invocations=3 (full 1):
 par new generation   total 153344K, used 17023K [0x0000000080000000, 0x000000008a660000, 0x000000008a660000)
  eden space 136320K,   0% used [0x0000000080000000, 0x0000000080000000, 0x0000000088520000)
  from space 17024K,  99% used [0x00000000895c0000, 0x000000008a65fff8, 0x000000008a660000)
  to   space 17024K,   0% used [0x0000000088520000, 0x0000000088520000, 0x00000000895c0000)
 concurrent mark-sweep generation total 1926784K, used 36815K [0x000000008a660000, 0x0000000100000000, 0x0000000100000000)
 Metaspace       used 26667K, capacity 27499K, committed 27664K, reserved 1073152K
  class space    used 3480K, capacity 3591K, committed 3632K, reserved 1048576K
}
2017-07-31T22:51:34.701+0000: 6.728: Total time for which application threads were stopped: 0.1288831 seconds, Stopping threads took: 0.0000194 seconds
2017-07-31T22:51:35.795+0000: 7.822: Total time for which application threads were stopped: 0.0002708 seconds, Stopping threads took: 0.0001588 seconds
2017-07-31T22:51:35.807+0000: 7.834: Total time for which application threads were stopped: 0.0000949 seconds, Stopping threads took: 0.0000180 seconds
2017-07-31T22:51:35.860+0000: 7.888: Total time for which application threads were stopped: 0.0011974 seconds, Stopping threads took: 0.0010582 seconds
2017-07-31T22:51:35.862+0000: 7.890: Total time for which application threads were stopped: 0.0000762 seconds, Stopping threads took: 0.0000120 seconds
2017-07-31T22:51:35.880+0000: 7.908: Total time for which application threads were stopped: 0.0000987 seconds, Stopping threads took: 0.0000168 seconds
2017-07-31T22:51:35.880+0000: 7.908: Total time for which application threads were stopped: 0.0000672 seconds, Stopping threads took: 0.0000113 seconds
2017-07-31T22:51:35.881+0000: 7.908: Total time for which application threads were stopped: 0.0000632 seconds, Stopping threads took: 0.0000111 seconds
2017-07-31T22:51:35.888+0000: 7.915: Total time for which application threads were stopped: 0.0000766 seconds, Stopping threads took: 0.0000113 seconds
2017-07-31T22:51:35.888+0000: 7.915: Total time for which application threads were stopped: 0.0000689 seconds, Stopping threads took: 0.0000149 seconds
2017-07-31T22:51:35.888+0000: 7.916: Total time for which application threads were stopped: 0.0000637 seconds, Stopping threads took: 0.0000111 seconds
2017-07-31T22:51:35.888+0000: 7.916: Total time for which application threads were stopped: 0.0000602 seconds, Stopping threads took: 0.0000076 seconds
2017-07-31T22:51:35.897+0000: 7.925: Total time for which application threads were stopped: 0.0025082 seconds, Stopping threads took: 0.0024246 seconds
2017-07-31T22:51:35.912+0000: 7.940: Total time for which application threads were stopped: 0.0001172 seconds, Stopping threads took: 0.0000203 seconds
2017-07-31T22:51:35.912+0000: 7.940: Total time for which application threads were stopped: 0.0000801 seconds, Stopping threads took: 0.0000107 seconds
2017-07-31T22:51:35.914+0000: 7.942: Total time for which application threads were stopped: 0.0000845 seconds, Stopping threads took: 0.0000115 seconds
2017-07-31T22:51:35.919+0000: 7.947: Total time for which application threads were stopped: 0.0001031 seconds, Stopping threads took: 0.0000125 seconds
2017-07-31T22:51:35.923+0000: 7.951: Total time for which application threads were stopped: 0.0001051 seconds, Stopping threads took: 0.0000127 seconds
2017-07-31T22:51:35.930+0000: 7.958: Total time for which application threads were stopped: 0.0001063 seconds, Stopping threads took: 0.0000152 seconds
2017-07-31T22:51:35.930+0000: 7.958: Total time for which application threads were stopped: 0.0000639 seconds, Stopping threads took: 0.0000096 seconds
2017-07-31T22:51:36.007+0000: 8.034: Total time for which application threads were stopped: 0.0001406 seconds, Stopping threads took: 0.0000220 seconds
2017-07-31T22:51:36.026+0000: 8.054: Total time for which application threads were stopped: 0.0000978 seconds, Stopping threads took: 0.0000206 seconds
2017-07-31T22:51:36.085+0000: 8.112: Total time for which application threads were stopped: 0.0000896 seconds, Stopping threads took: 0.0000214 seconds
2017-07-31T22:51:36.119+0000: 8.146: Total time for which application threads were stopped: 0.0009398 seconds, Stopping threads took: 0.0008409 seconds
2017-07-31T22:51:36.126+0000: 8.154: Total time for which application threads were stopped: 0.0000801 seconds, Stopping threads took: 0.0000144 seconds
2017-07-31T22:51:36.126+0000: 8.154: Total time for which application threads were stopped: 0.0000562 seconds, Stopping threads took: 0.0000095 seconds
2017-07-31T22:51:36.131+0000: 8.159: Total time for which application threads were stopped: 0.0000635 seconds, Stopping threads took: 0.0000115 seconds
2017-07-31T22:51:36.132+0000: 8.160: Total time for which application threads were stopped: 0.0000770 seconds, Stopping threads took: 0.0000126 seconds
2017-07-31T22:51:36.145+0000: 8.172: Total time for which application threads were stopped: 0.0000764 seconds, Stopping threads took: 0.0000298 seconds
2017-07-31T22:51:36.819+0000: 8.846: Total time for which application threads were stopped: 0.0000795 seconds, Stopping threads took: 0.0000193 seconds
2017-07-31T22:51:36.822+0000: 8.849: Total time for which application threads were stopped: 0.0000587 seconds, Stopping threads took: 0.0000112 seconds
2017-07-31T22:51:36.823+0000: 8.850: Total time for which application threads were stopped: 0.0000416 seconds, Stopping threads took: 0.0000104 seconds
2017-07-31T22:51:36.824+0000: 8.852: Total time for which application threads were stopped: 0.0000493 seconds, Stopping threads took: 0.0000104 seconds
2017-07-31T22:51:36.827+0000: 8.855: Total time for which application threads were stopped: 0.0000545 seconds, Stopping threads took: 0.0000105 seconds
2017-07-31T22:51:36.843+0000: 8.871: Total time for which application threads were stopped: 0.0000586 seconds, Stopping threads took: 0.0000114 seconds
2017-07-31T22:51:36.843+0000: 8.871: Total time for which application threads were stopped: 0.0000517 seconds, Stopping threads took: 0.0000069 seconds
2017-07-31T22:51:36.843+0000: 8.871: Total time for which application threads were stopped: 0.0000400 seconds, Stopping threads took: 0.0000077 seconds
2017-07-31T22:51:36.846+0000: 8.873: Total time for which application threads were stopped: 0.0000582 seconds, Stopping threads took: 0.0000104 seconds
2017-07-31T22:51:36.847+0000: 8.875: Total time for which application threads were stopped: 0.0000487 seconds, Stopping threads took: 0.0000109 seconds
2017-07-31T22:51:36.848+0000: 8.876: Total time for which application threads were stopped: 0.0000460 seconds, Stopping threads took: 0.0000102 seconds
2017-07-31T22:51:36.850+0000: 8.877: Total time for which application threads were stopped: 0.0000637 seconds, Stopping threads took: 0.0000104 seconds
2017-07-31T22:51:36.856+0000: 8.884: Total time for which application threads were stopped: 0.0000524 seconds, Stopping threads took: 0.0000119 seconds
2017-07-31T22:51:36.867+0000: 8.894: Total time for which application threads were stopped: 0.0000544 seconds, Stopping threads took: 0.0000105 seconds
2017-07-31T22:51:36.872+0000: 8.900: Total time for which application threads were stopped: 0.0000461 seconds, Stopping threads took: 0.0000116 seconds
2017-07-31T22:51:37.227+0000: 9.255: Total time for which application threads were stopped: 0.0002731 seconds, Stopping threads took: 0.0001887 seconds
2017-07-31T22:51:37.228+0000: 9.256: Total time for which application threads were stopped: 0.0000482 seconds, Stopping threads took: 0.0000109 seconds
2017-07-31T22:51:37.304+0000: 9.331: Total time for which application threads were stopped: 0.0001080 seconds, Stopping threads took: 0.0000210 seconds
2017-07-31T22:51:37.304+0000: 9.332: Total time for which application threads were stopped: 0.0000385 seconds, Stopping threads took: 0.0000081 seconds
2017-07-31T22:51:37.318+0000: 9.345: Total time for which application threads were stopped: 0.0000696 seconds, Stopping threads took: 0.0000130 seconds
2017-07-31T22:51:37.318+0000: 9.346: Total time for which application threads were stopped: 0.0000793 seconds, Stopping threads took: 0.0000108 seconds
2017-07-31T22:51:37.320+0000: 9.348: Total time for which application threads were stopped: 0.0000981 seconds, Stopping threads took: 0.0000109 seconds
2017-07-31T22:51:37.320+0000: 9.348: Total time for which application threads were stopped: 0.0000467 seconds, Stopping threads took: 0.0000078 seconds
2017-07-31T22:51:37.320+0000: 9.348: Total time for which application threads were stopped: 0.0000471 seconds, Stopping threads took: 0.0000084 seconds
2017-07-31T22:51:37.322+0000: 9.350: Total time for which application threads were stopped: 0.0000537 seconds, Stopping threads took: 0.0000106 seconds
2017-07-31T22:51:37.329+0000: 9.357: Total time for which application threads were stopped: 0.0000670 seconds, Stopping threads took: 0.0000113 seconds
2017-07-31T22:51:37.357+0000: 9.385: Total time for which application threads were stopped: 0.0000963 seconds, Stopping threads took: 0.0000359 seconds
2017-07-31T22:51:37.564+0000: 9.592: Total time for which application threads were stopped: 0.0000860 seconds, Stopping threads took: 0.0000207 seconds
2017-07-31T22:51:37.575+0000: 9.603: Total time for which application threads were stopped: 0.0000466 seconds, Stopping threads took: 0.0000114 seconds
2017-07-31T22:51:37.601+0000: 9.629: Total time for which application threads were stopped: 0.0000466 seconds, Stopping threads took: 0.0000146 seconds
{Heap before GC invocations=3 (full 1):
 par new generation   total 153344K, used 153343K [0x0000000080000000, 0x000000008a660000, 0x000000008a660000)
  eden space 136320K, 100% used [0x0000000080000000, 0x0000000088520000, 0x0000000088520000)
  from space 17024K,  99% used [0x00000000895c0000, 0x000000008a65fff8, 0x000000008a660000)
  to   space 17024K,   0% used [0x0000000088520000, 0x0000000088520000, 0x00000000895c0000)
 concurrent mark-sweep generation total 1926784K, used 36815K [0x000000008a660000, 0x0000000100000000, 0x0000000100000000)
 Metaspace       used 28461K, capacity 29523K, committed 29712K, reserved 1075200K
  class space    used 3713K, capacity 3853K, committed 3888K, reserved 1048576K
2017-07-31T22:51:37.624+0000: 9.652: [GC (Allocation Failure) Before GC:
Statistics for BinaryTreeDictionary:
------------------------------------
Total Free Space: 241474731
Max   Chunk Size: 241474731
Number of Blocks: 1
Av.  Block  Size: 241474731
Tree      Height: 1
2017-07-31T22:51:37.624+0000: 9.652: [ParNew
Desired survivor size 8716288 bytes, new threshold 1 (max 6)
- age   1:   14340568 bytes,   14340568 total
: 153343K->17024K(153344K), 0.0619099 secs] 190159K->62276K(2080128K)After GC:
Statistics for BinaryTreeDictionary:
------------------------------------
Total Free Space: 240445505
Max   Chunk Size: 240445505
Number of Blocks: 1
Av.  Block  Size: 240445505
Tree      Height: 1
, 0.0619694 secs] [Times: user=0.06 sys=0.00, real=0.00 secs] 
Heap after GC invocations=4 (full 1):
 par new generation   total 153344K, used 17024K [0x0000000080000000, 0x000000008a660000, 0x000000008a660000)
  eden space 136320K,   0% used [0x0000000080000000, 0x0000000080000000, 0x0000000088520000)
  from space 17024K, 100% used [0x0000000088520000, 0x00000000895c0000, 0x00000000895c0000)
  to   space 17024K,   0% used [0x00000000895c0000, 0x00000000895c0000, 0x000000008a660000)
 concurrent mark-sweep generation total 1926784K, used 45252K [0x000000008a660000, 0x0000000100000000, 0x0000000100000000)
 Metaspace       used 28461K, capacity 29523K, committed 29712K, reserved 1075200K
  class space    used 3713K, capacity 3853K, committed 3888K, reserved 1048576K
}
2017-07-31T22:51:37.686+0000: 9.714: Total time for which application threads were stopped: 0.0622755 seconds, Stopping threads took: 0.0001880 seconds
2017-07-31T22:51:37.751+0000: 9.778: Total time for which application threads were stopped: 0.0000766 seconds, Stopping threads took: 0.0000197 seconds
2017-07-31T22:51:37.751+0000: 9.778: Total time for which application threads were stopped: 0.0000279 seconds, Stopping threads took: 0.0000079 seconds
2017-07-31T22:51:37.785+0000: 9.813: Total time for which application threads were stopped: 0.0000732 seconds, Stopping threads took: 0.0000203 seconds
2017-07-31T22:51:37.841+0000: 9.868: Total time for which application threads were stopped: 0.0001433 seconds, Stopping threads took: 0.0000213 seconds
2017-07-31T22:51:38.286+0000: 10.314: Total time for which application threads were stopped: 0.0001160 seconds, Stopping threads took: 0.0000215 seconds
2017-07-31T22:51:38.298+0000: 10.326: Total time for which application threads were stopped: 0.0000565 seconds, Stopping threads took: 0.0000160 seconds
2017-07-31T22:51:38.307+0000: 10.335: Total time for which application threads were stopped: 0.0001182 seconds, Stopping threads took: 0.0000149 seconds
{Heap before GC invocations=4 (full 1):
 par new generation   total 153344K, used 153344K [0x0000000080000000, 0x000000008a660000, 0x000000008a660000)
  eden space 136320K, 100% used [0x0000000080000000, 0x0000000088520000, 0x0000000088520000)
  from space 17024K, 100% used [0x0000000088520000, 0x00000000895c0000, 0x00000000895c0000)
  to   space 17024K,   0% used [0x00000000895c0000, 0x00000000895c0000, 0x000000008a660000)
 concurrent mark-sweep generation total 1926784K, used 45252K [0x000000008a660000, 0x0000000100000000, 0x0000000100000000)
 Metaspace       used 29640K, capacity 30931K, committed 31248K, reserved 1077248K
  class space    used 3864K, capacity 4017K, committed 4144K, reserved 1048576K
2017-07-31T22:51:38.487+0000: 10.515: [GC (Allocation Failure) Before GC:
Statistics for BinaryTreeDictionary:
------------------------------------
Total Free Space: 240445505
Max   Chunk Size: 240445505
Number of Blocks: 1
Av.  Block  Size: 240445505
Tree      Height: 1
2017-07-31T22:51:38.487+0000: 10.515: [ParNew
Desired survivor size 8716288 bytes, new threshold 1 (max 6)
- age   1:   15941168 bytes,   15941168 total
: 153344K->17024K(153344K), 0.1057115 secs] 198596K->77447K(2080128K)After GC:
Statistics for BinaryTreeDictionary:
------------------------------------
Total Free Space: 238447111
Max   Chunk Size: 238447111
Number of Blocks: 1
Av.  Block  Size: 238447111
Tree      Height: 1
, 0.1057901 secs] [Times: user=0.10 sys=0.01, real=0.00 secs] 
Heap after GC invocations=5 (full 1):
 par new generation   total 153344K, used 17024K [0x0000000080000000, 0x000000008a660000, 0x000000008a660000)
  eden space 136320K,   0% used [0x0000000080000000, 0x0000000080000000, 0x0000000088520000)
  from space 17024K, 100% used [0x00000000895c0000, 0x000000008a660000, 0x000000008a660000)
  to   space 17024K,   0% used [0x0000000088520000, 0x0000000088520000, 0x00000000895c0000)
 concurrent mark-sweep generation total 1926784K, used 60423K [0x000000008a660000, 0x0000000100000000, 0x0000000100000000)
 Metaspace       used 29640K, capacity 30931K, committed 31248K, reserved 1077248K
  class space    used 3864K, capacity 4017K, committed 4144K, reserved 1048576K
}
2017-07-31T22:51:38.593+0000: 10.621: Total time for which application threads were stopped: 0.1059438 seconds, Stopping threads took: 0.0000260 seconds
2017-07-31T22:51:38.853+0000: 10.880: Total time for which application threads were stopped: 0.0000967 seconds, Stopping threads took: 0.0000302 seconds
2017-07-31T22:51:38.986+0000: 11.014: Total time for which application threads were stopped: 0.0000717 seconds, Stopping threads took: 0.0000201 seconds
2017-07-31T22:51:38.986+0000: 11.014: Total time for which application threads were stopped: 0.0000283 seconds, Stopping threads took: 0.0000089 seconds
2017-07-31T22:51:39.179+0000: 11.207: Total time for which application threads were stopped: 0.0001426 seconds, Stopping threads took: 0.0000212 seconds
{Heap before GC invocations=5 (full 1):
 par new generation   total 153344K, used 153344K [0x0000000080000000, 0x000000008a660000, 0x000000008a660000)
  eden space 136320K, 100% used [0x0000000080000000, 0x0000000088520000, 0x0000000088520000)
  from space 17024K, 100% used [0x00000000895c0000, 0x000000008a660000, 0x000000008a660000)
  to   space 17024K,   0% used [0x0000000088520000, 0x0000000088520000, 0x00000000895c0000)
 concurrent mark-sweep generation total 1926784K, used 60423K [0x000000008a660000, 0x0000000100000000, 0x0000000100000000)
 Metaspace       used 31517K, capacity 33259K, committed 33552K, reserved 1079296K
  class space    used 4153K, capacity 4325K, committed 4400K, reserved 1048576K
2017-07-31T22:51:39.326+0000: 11.354: [GC (Allocation Failure) Before GC:
Statistics for BinaryTreeDictionary:
------------------------------------
Total Free Space: 238447111
Max   Chunk Size: 238447111
Number of Blocks: 1
Av.  Block  Size: 238447111
Tree      Height: 1
2017-07-31T22:51:39.326+0000: 11.354: [ParNew
Desired survivor size 8716288 bytes, new threshold 1 (max 6)
- age   1:    9826624 bytes,    9826624 total
: 153344K->16566K(153344K), 0.0878195 secs] 213767K->92312K(2080128K)After GC:
Statistics for BinaryTreeDictionary:
------------------------------------
Total Free Space: 236414949
Max   Chunk Size: 236414949
Number of Blocks: 1
Av.  Block  Size: 236414949
Tree      Height: 1
, 0.0878891 secs] [Times: user=0.08 sys=0.00, real=0.00 secs] 
Heap after GC invocations=6 (full 1):
 par new generation   total 153344K, used 16566K [0x0000000080000000, 0x000000008a660000, 0x000000008a660000)
  eden space 136320K,   0% used [0x0000000080000000, 0x0000000080000000, 0x0000000088520000)
  from space 17024K,  97% used [0x0000000088520000, 0x000000008954da48, 0x00000000895c0000)
  to   space 17024K,   0% used [0x00000000895c0000, 0x00000000895c0000, 0x000000008a660000)
 concurrent mark-sweep generation total 1926784K, used 75746K [0x000000008a660000, 0x0000000100000000, 0x0000000100000000)
 Metaspace       used 31517K, capacity 33259K, committed 33552K, reserved 1079296K
  class space    used 4153K, capacity 4325K, committed 4400K, reserved 1048576K
}
2017-07-31T22:51:39.414+0000: 11.442: Total time for which application threads were stopped: 0.0880490 seconds, Stopping threads took: 0.0000249 seconds
2017-07-31T22:51:39.571+0000: 11.599: Total time for which application threads were stopped: 0.0005378 seconds, Stopping threads took: 0.0004405 seconds
2017-07-31T22:51:39.572+0000: 11.599: Total time for which application threads were stopped: 0.0000534 seconds, Stopping threads took: 0.0000106 seconds
2017-07-31T22:51:39.573+0000: 11.601: Total time for which application threads were stopped: 0.0000561 seconds, Stopping threads took: 0.0000108 seconds
2017-07-31T22:51:39.573+0000: 11.601: Total time for which application threads were stopped: 0.0000420 seconds, Stopping threads took: 0.0000074 seconds
2017-07-31T22:51:39.577+0000: 11.605: Total time for which application threads were stopped: 0.0000545 seconds, Stopping threads took: 0.0000112 seconds
2017-07-31T22:51:39.581+0000: 11.608: Total time for which application threads were stopped: 0.0000580 seconds, Stopping threads took: 0.0000109 seconds
2017-07-31T22:51:39.600+0000: 11.627: Total time for which application threads were stopped: 0.0000995 seconds, Stopping threads took: 0.0000199 seconds
2017-07-31T22:51:39.611+0000: 11.639: Total time for which application threads were stopped: 0.0001826 seconds, Stopping threads took: 0.0001173 seconds
2017-07-31T22:51:39.611+0000: 11.639: Total time for which application threads were stopped: 0.0000448 seconds, Stopping threads took: 0.0000091 seconds
2017-07-31T22:51:39.611+0000: 11.639: Total time for which application threads were stopped: 0.0000570 seconds, Stopping threads took: 0.0000103 seconds
2017-07-31T22:51:39.613+0000: 11.641: Total time for which application threads were stopped: 0.0000552 seconds, Stopping threads took: 0.0000107 seconds
2017-07-31T22:51:39.613+0000: 11.641: Total time for which application threads were stopped: 0.0000408 seconds, Stopping threads took: 0.0000079 seconds
2017-07-31T22:51:39.705+0000: 11.733: Total time for which application threads were stopped: 0.0000942 seconds, Stopping threads took: 0.0000272 seconds
2017-07-31T22:51:39.705+0000: 11.733: Total time for which application threads were stopped: 0.0000347 seconds, Stopping threads took: 0.0000134 seconds
2017-07-31T22:51:39.747+0000: 11.774: Total time for which application threads were stopped: 0.0069041 seconds, Stopping threads took: 0.0067864 seconds
2017-07-31T22:51:39.754+0000: 11.782: Total time for which application threads were stopped: 0.0003521 seconds, Stopping threads took: 0.0000258 seconds
2017-07-31T22:51:39.829+0000: 11.856: Total time for which application threads were stopped: 0.0004253 seconds, Stopping threads took: 0.0003507 seconds
2017-07-31T22:51:39.835+0000: 11.862: Total time for which application threads were stopped: 0.0000720 seconds, Stopping threads took: 0.0000302 seconds
2017-07-31T22:51:39.898+0000: 11.926: Total time for which application threads were stopped: 0.0009856 seconds, Stopping threads took: 0.0008830 seconds
2017-07-31T22:51:39.909+0000: 11.937: Total time for which application threads were stopped: 0.0005934 seconds, Stopping threads took: 0.0005017 seconds
2017-07-31T22:51:40.238+0000: 12.265: Total time for which application threads were stopped: 0.0007064 seconds, Stopping threads took: 0.0003201 seconds
2017-07-31T22:51:40.239+0000: 12.267: Total time for which application threads were stopped: 0.0000695 seconds, Stopping threads took: 0.0000132 seconds
2017-07-31T22:51:40.239+0000: 12.267: Total time for which application threads were stopped: 0.0000415 seconds, Stopping threads took: 0.0000097 seconds
2017-07-31T22:51:40.335+0000: 12.363: Total time for which application threads were stopped: 0.0029128 seconds, Stopping threads took: 0.0028328 seconds
2017-07-31T22:51:40.337+0000: 12.364: Total time for which application threads were stopped: 0.0000484 seconds, Stopping threads took: 0.0000119 seconds
2017-07-31T22:51:40.337+0000: 12.365: Total time for which application threads were stopped: 0.0000419 seconds, Stopping threads took: 0.0000099 seconds
2017-07-31T22:51:40.337+0000: 12.365: Total time for which application threads were stopped: 0.0000497 seconds, Stopping threads took: 0.0000107 seconds
{Heap before GC invocations=6 (full 1):
 par new generation   total 153344K, used 152886K [0x0000000080000000, 0x000000008a660000, 0x000000008a660000)
  eden space 136320K, 100% used [0x0000000080000000, 0x0000000088520000, 0x0000000088520000)
  from space 17024K,  97% used [0x0000000088520000, 0x000000008954da48, 0x00000000895c0000)
  to   space 17024K,   0% used [0x00000000895c0000, 0x00000000895c0000, 0x000000008a660000)
 concurrent mark-sweep generation total 1926784K, used 75746K [0x000000008a660000, 0x0000000100000000, 0x0000000100000000)
 Metaspace       used 34663K, capacity 36511K, committed 36752K, reserved 1081344K
  class space    used 4554K, capacity 4692K, committed 4784K, reserved 1048576K
2017-07-31T22:51:40.338+0000: 12.365: [GC (Allocation Failure) Before GC:
Statistics for BinaryTreeDictionary:
------------------------------------
Total Free Space: 236414949
Max   Chunk Size: 236414949
Number of Blocks: 1
Av.  Block  Size: 236414949
Tree      Height: 1
2017-07-31T22:51:40.338+0000: 12.365: [ParNew
Desired survivor size 8716288 bytes, new threshold 6 (max 6)
- age   1:    8215408 bytes,    8215408 total
: 152886K->12336K(153344K), 0.0544134 secs] 228632K->94624K(2080128K)After GC:
Statistics for BinaryTreeDictionary:
------------------------------------
Total Free Space: 235685511
Max   Chunk Size: 235685511
Number of Blocks: 1
Av.  Block  Size: 235685511
Tree      Height: 1
, 0.0544731 secs] [Times: user=0.05 sys=0.00, real=0.06 secs] 
Heap after GC invocations=7 (full 1):
 par new generation   total 153344K, used 12336K [0x0000000080000000, 0x000000008a660000, 0x000000008a660000)
  eden space 136320K,   0% used [0x0000000080000000, 0x0000000080000000, 0x0000000088520000)
  from space 17024K,  72% used [0x00000000895c0000, 0x000000008a1cc0b0, 0x000000008a660000)
  to   space 17024K,   0% used [0x0000000088520000, 0x0000000088520000, 0x00000000895c0000)
 concurrent mark-sweep generation total 1926784K, used 82288K [0x000000008a660000, 0x0000000100000000, 0x0000000100000000)
 Metaspace       used 34663K, capacity 36511K, committed 36752K, reserved 1081344K
  class space    used 4554K, capacity 4692K, committed 4784K, reserved 1048576K
}
2017-07-31T22:51:40.392+0000: 12.420: Total time for which application threads were stopped: 0.0546056 seconds, Stopping threads took: 0.0000120 seconds
2017-07-31T22:51:40.405+0000: 12.432: Total time for which application threads were stopped: 0.0001091 seconds, Stopping threads took: 0.0000198 seconds
2017-07-31T22:51:40.409+0000: 12.437: Total time for which application threads were stopped: 0.0000803 seconds, Stopping threads took: 0.0000118 seconds
2017-07-31T22:51:40.409+0000: 12.437: Total time for which application threads were stopped: 0.0000661 seconds, Stopping threads took: 0.0000108 seconds
2017-07-31T22:51:40.417+0000: 12.444: Total time for which application threads were stopped: 0.0000892 seconds, Stopping threads took: 0.0000117 seconds
2017-07-31T22:51:40.417+0000: 12.444: Total time for which application threads were stopped: 0.0000618 seconds, Stopping threads took: 0.0000097 seconds
2017-07-31T22:51:40.438+0000: 12.466: Total time for which application threads were stopped: 0.0107312 seconds, Stopping threads took: 0.0105417 seconds
2017-07-31T22:51:40.439+0000: 12.466: Total time for which application threads were stopped: 0.0000645 seconds, Stopping threads took: 0.0000217 seconds
2017-07-31T22:51:40.440+0000: 12.467: Total time for which application threads were stopped: 0.0000493 seconds, Stopping threads took: 0.0000100 seconds
2017-07-31T22:51:40.441+0000: 12.468: Total time for which application threads were stopped: 0.0000545 seconds, Stopping threads took: 0.0000107 seconds
2017-07-31T22:51:40.442+0000: 12.470: Total time for which application threads were stopped: 0.0001147 seconds, Stopping threads took: 0.0000102 seconds
2017-07-31T22:51:40.444+0000: 12.472: Total time for which application threads were stopped: 0.0000532 seconds, Stopping threads took: 0.0000108 seconds
2017-07-31T22:51:40.454+0000: 12.482: Total time for which application threads were stopped: 0.0000750 seconds, Stopping threads took: 0.0000220 seconds
2017-07-31T22:51:40.464+0000: 12.492: Total time for which application threads were stopped: 0.0000776 seconds, Stopping threads took: 0.0000113 seconds
2017-07-31T22:51:40.478+0000: 12.506: Total time for which application threads were stopped: 0.0001344 seconds, Stopping threads took: 0.0000217 seconds
2017-07-31T22:51:40.484+0000: 12.511: Total time for which application threads were stopped: 0.0000991 seconds, Stopping threads took: 0.0000130 seconds
2017-07-31T22:51:40.484+0000: 12.512: Total time for which application threads were stopped: 0.0000582 seconds, Stopping threads took: 0.0000097 seconds
2017-07-31T22:51:40.485+0000: 12.512: Total time for which application threads were stopped: 0.0000571 seconds, Stopping threads took: 0.0000098 seconds
2017-07-31T22:51:40.485+0000: 12.513: Total time for which application threads were stopped: 0.0000576 seconds, Stopping threads took: 0.0000099 seconds
2017-07-31T22:51:40.485+0000: 12.513: Total time for which application threads were stopped: 0.0000610 seconds, Stopping threads took: 0.0000089 seconds
2017-07-31T22:51:40.486+0000: 12.513: Total time for which application threads were stopped: 0.0000572 seconds, Stopping threads took: 0.0000094 seconds
2017-07-31T22:51:40.510+0000: 12.537: Total time for which application threads were stopped: 0.0033221 seconds, Stopping threads took: 0.0032745 seconds
2017-07-31T22:51:40.510+0000: 12.537: Total time for which application threads were stopped: 0.0000625 seconds, Stopping threads took: 0.0000100 seconds
2017-07-31T22:51:40.511+0000: 12.539: Total time for which application threads were stopped: 0.0000485 seconds, Stopping threads took: 0.0000108 seconds
2017-07-31T22:51:40.512+0000: 12.540: Total time for which application threads were stopped: 0.0000454 seconds, Stopping threads took: 0.0000109 seconds
2017-07-31T22:51:40.514+0000: 12.541: Total time for which application threads were stopped: 0.0000421 seconds, Stopping threads took: 0.0000108 seconds
2017-07-31T22:51:40.517+0000: 12.545: Total time for which application threads were stopped: 0.0000513 seconds, Stopping threads took: 0.0000114 seconds
2017-07-31T22:51:40.539+0000: 12.567: Total time for which application threads were stopped: 0.0000847 seconds, Stopping threads took: 0.0000195 seconds
2017-07-31T22:51:40.539+0000: 12.567: Total time for which application threads were stopped: 0.0000597 seconds, Stopping threads took: 0.0000102 seconds
2017-07-31T22:51:40.540+0000: 12.568: Total time for which application threads were stopped: 0.0000542 seconds, Stopping threads took: 0.0000107 seconds
2017-07-31T22:51:40.540+0000: 12.568: Total time for which application threads were stopped: 0.0000392 seconds, Stopping threads took: 0.0000084 seconds
2017-07-31T22:51:40.540+0000: 12.568: Total time for which application threads were stopped: 0.0000367 seconds, Stopping threads took: 0.0000075 seconds
2017-07-31T22:51:40.540+0000: 12.568: Total time for which application threads were stopped: 0.0000396 seconds, Stopping threads took: 0.0000088 seconds
2017-07-31T22:51:40.540+0000: 12.568: Total time for which application threads were stopped: 0.0000395 seconds, Stopping threads took: 0.0000085 seconds
2017-07-31T22:51:40.541+0000: 12.568: Total time for which application threads were stopped: 0.0000415 seconds, Stopping threads took: 0.0000089 seconds
2017-07-31T22:51:40.541+0000: 12.568: Total time for which application threads were stopped: 0.0000372 seconds, Stopping threads took: 0.0000077 seconds
2017-07-31T22:51:40.541+0000: 12.569: Total time for which application threads were stopped: 0.0000465 seconds, Stopping threads took: 0.0000099 seconds
2017-07-31T22:51:40.543+0000: 12.571: Total time for which application threads were stopped: 0.0001135 seconds, Stopping threads took: 0.0000105 seconds
2017-07-31T22:51:40.543+0000: 12.571: Total time for which application threads were stopped: 0.0000430 seconds, Stopping threads took: 0.0000076 seconds
2017-07-31T22:51:40.543+0000: 12.571: Total time for which application threads were stopped: 0.0000501 seconds, Stopping threads took: 0.0000103 seconds
2017-07-31T22:51:40.543+0000: 12.571: Total time for which application threads were stopped: 0.0000442 seconds, Stopping threads took: 0.0000086 seconds
2017-07-31T22:51:40.551+0000: 12.579: Total time for which application threads were stopped: 0.0000454 seconds, Stopping threads took: 0.0000109 seconds
2017-07-31T22:51:40.579+0000: 12.606: Total time for which application threads were stopped: 0.0001073 seconds, Stopping threads took: 0.0000187 seconds
2017-07-31T22:51:40.585+0000: 12.612: Total time for which application threads were stopped: 0.0000872 seconds, Stopping threads took: 0.0000162 seconds
2017-07-31T22:51:43.823+0000: 15.851: Total time for which application threads were stopped: 1.9980922 seconds, Stopping threads took: 1.9972054 seconds
2017-07-31T22:51:43.824+0000: 15.851: Total time for which application threads were stopped: 0.0000792 seconds, Stopping threads took: 0.0000262 seconds
2017-07-31T22:51:43.828+0000: 15.856: Total time for which application threads were stopped: 0.0004040 seconds, Stopping threads took: 0.0003531 seconds
2017-07-31T22:51:43.856+0000: 15.884: Total time for which application threads were stopped: 0.0001610 seconds, Stopping threads took: 0.0000467 seconds
2017-07-31T22:51:43.964+0000: 15.992: Total time for which application threads were stopped: 0.0001505 seconds, Stopping threads took: 0.0000350 seconds
2017-07-31T22:51:43.967+0000: 15.995: Total time for which application threads were stopped: 0.0000580 seconds, Stopping threads took: 0.0000122 seconds
2017-07-31T22:51:43.967+0000: 15.995: Total time for which application threads were stopped: 0.0000551 seconds, Stopping threads took: 0.0000125 seconds
2017-07-31T22:51:43.983+0000: 16.011: Total time for which application threads were stopped: 0.0000817 seconds, Stopping threads took: 0.0000177 seconds
2017-07-31T22:51:44.017+0000: 16.044: Total time for which application threads were stopped: 0.0001052 seconds, Stopping threads took: 0.0000210 seconds
2017-07-31T22:51:44.018+0000: 16.045: Total time for which application threads were stopped: 0.0002489 seconds, Stopping threads took: 0.0000125 seconds
2017-07-31T22:51:44.066+0000: 16.094: Total time for which application threads were stopped: 0.0001314 seconds, Stopping threads took: 0.0000450 seconds
2017-07-31T22:51:44.080+0000: 16.107: Total time for which application threads were stopped: 0.0006809 seconds, Stopping threads took: 0.0005907 seconds
2017-07-31T22:51:44.081+0000: 16.109: Total time for which application threads were stopped: 0.0001314 seconds, Stopping threads took: 0.0000110 seconds
2017-07-31T22:51:44.112+0000: 16.139: Total time for which application threads were stopped: 0.0001087 seconds, Stopping threads took: 0.0000228 seconds
{Heap before GC invocations=7 (full 1):
 par new generation   total 153344K, used 148656K [0x0000000080000000, 0x000000008a660000, 0x000000008a660000)
  eden space 136320K, 100% used [0x0000000080000000, 0x0000000088520000, 0x0000000088520000)
  from space 17024K,  72% used [0x00000000895c0000, 0x000000008a1cc0b0, 0x000000008a660000)
  to   space 17024K,   0% used [0x0000000088520000, 0x0000000088520000, 0x00000000895c0000)
 concurrent mark-sweep generation total 1926784K, used 82288K [0x000000008a660000, 0x0000000100000000, 0x0000000100000000)
 Metaspace       used 36254K, capacity 38437K, committed 38544K, reserved 1083392K
  class space    used 4802K, capacity 5007K, committed 5040K, reserved 1048576K
2017-07-31T22:51:44.343+0000: 16.371: [GC (Allocation Failure) Before GC:
Statistics for BinaryTreeDictionary:
------------------------------------
Total Free Space: 235685511
Max   Chunk Size: 235685511
Number of Blocks: 1
Av.  Block  Size: 235685511
Tree      Height: 1
2017-07-31T22:51:44.343+0000: 16.371: [ParNew
Desired survivor size 8716288 bytes, new threshold 2 (max 6)
- age   1:    5529344 bytes,    5529344 total
- age   2:    4889912 bytes,   10419256 total
: 148656K->10208K(153344K), 0.0457582 secs] 230944K->92496K(2080128K)After GC:
Statistics for BinaryTreeDictionary:
------------------------------------
Total Free Space: 235685511
Max   Chunk Size: 235685511
Number of Blocks: 1
Av.  Block  Size: 235685511
Tree      Height: 1
, 0.0458334 secs] [Times: user=0.05 sys=0.00, real=0.00 secs] 
Heap after GC invocations=8 (full 1):
 par new generation   total 153344K, used 10208K [0x0000000080000000, 0x000000008a660000, 0x000000008a660000)
  eden space 136320K,   0% used [0x0000000080000000, 0x0000000080000000, 0x0000000088520000)
  from space 17024K,  59% used [0x0000000088520000, 0x0000000088f18030, 0x00000000895c0000)
  to   space 17024K,   0% used [0x00000000895c0000, 0x00000000895c0000, 0x000000008a660000)
 concurrent mark-sweep generation total 1926784K, used 82288K [0x000000008a660000, 0x0000000100000000, 0x0000000100000000)
 Metaspace       used 36254K, capacity 38437K, committed 38544K, reserved 1083392K
  class space    used 4802K, capacity 5007K, committed 5040K, reserved 1048576K
}
2017-07-31T22:51:44.389+0000: 16.417: Total time for which application threads were stopped: 0.0706420 seconds, Stopping threads took: 0.0246384 seconds
2017-07-31T22:51:44.397+0000: 16.425: Total time for which application threads were stopped: 0.0001293 seconds, Stopping threads took: 0.0000286 seconds
2017-07-31T22:51:44.397+0000: 16.425: Total time for which application threads were stopped: 0.0000771 seconds, Stopping threads took: 0.0000166 seconds
2017-07-31T22:51:44.398+0000: 16.425: Total time for which application threads were stopped: 0.0000876 seconds, Stopping threads took: 0.0000145 seconds
2017-07-31T22:51:44.398+0000: 16.425: Total time for which application threads were stopped: 0.0000738 seconds, Stopping threads took: 0.0000149 seconds
2017-07-31T22:51:44.398+0000: 16.426: Total time for which application threads were stopped: 0.0000857 seconds, Stopping threads took: 0.0000269 seconds
2017-07-31T22:51:44.400+0000: 16.428: Total time for which application threads were stopped: 0.0000777 seconds, Stopping threads took: 0.0000165 seconds
2017-07-31T22:51:44.401+0000: 16.429: Total time for which application threads were stopped: 0.0000837 seconds, Stopping threads took: 0.0000178 seconds
2017-07-31T22:51:44.405+0000: 16.433: Total time for which application threads were stopped: 0.0000791 seconds, Stopping threads took: 0.0000172 seconds
2017-07-31T22:51:44.406+0000: 16.434: Total time for which application threads were stopped: 0.0000782 seconds, Stopping threads took: 0.0000166 seconds
2017-07-31T22:51:44.406+0000: 16.434: Total time for which application threads were stopped: 0.0000702 seconds, Stopping threads took: 0.0000135 seconds
2017-07-31T22:51:44.406+0000: 16.434: Total time for which application threads were stopped: 0.0000726 seconds, Stopping threads took: 0.0000141 seconds
2017-07-31T22:51:44.407+0000: 16.434: Total time for which application threads were stopped: 0.0000776 seconds, Stopping threads took: 0.0000167 seconds
2017-07-31T22:51:44.408+0000: 16.436: Total time for which application threads were stopped: 0.0000646 seconds, Stopping threads took: 0.0000170 seconds
2017-07-31T22:51:44.408+0000: 16.436: Total time for which application threads were stopped: 0.0000864 seconds, Stopping threads took: 0.0000148 seconds
2017-07-31T22:51:44.409+0000: 16.436: Total time for which application threads were stopped: 0.0000748 seconds, Stopping threads took: 0.0000154 seconds
2017-07-31T22:51:44.409+0000: 16.437: Total time for which application threads were stopped: 0.0000739 seconds, Stopping threads took: 0.0000152 seconds
2017-07-31T22:51:44.409+0000: 16.437: Total time for which application threads were stopped: 0.0000716 seconds, Stopping threads took: 0.0000141 seconds
2017-07-31T22:51:44.409+0000: 16.437: Total time for which application threads were stopped: 0.0000746 seconds, Stopping threads took: 0.0000148 seconds
2017-07-31T22:51:44.409+0000: 16.437: Total time for which application threads were stopped: 0.0000816 seconds, Stopping threads took: 0.0000145 seconds
2017-07-31T22:51:44.417+0000: 16.444: Total time for which application threads were stopped: 0.0002275 seconds, Stopping threads took: 0.0000118 seconds
2017-07-31T22:51:45.837+0000: 17.865: Total time for which application threads were stopped: 0.0111879 seconds, Stopping threads took: 0.0110398 seconds
2017-07-31T22:51:45.841+0000: 17.869: Total time for which application threads were stopped: 0.0004415 seconds, Stopping threads took: 0.0003405 seconds
2017-07-31T22:51:45.844+0000: 17.871: Total time for which application threads were stopped: 0.0000928 seconds, Stopping threads took: 0.0000242 seconds
2017-07-31T22:51:45.948+0000: 17.976: Total time for which application threads were stopped: 0.0048484 seconds, Stopping threads took: 0.0047459 seconds
2017-07-31T22:51:46.247+0000: 18.274: Total time for which application threads were stopped: 0.0001218 seconds, Stopping threads took: 0.0000208 seconds
2017-07-31T22:51:46.314+0000: 18.341: Total time for which application threads were stopped: 0.0001360 seconds, Stopping threads took: 0.0000592 seconds
2017-07-31T22:51:46.392+0000: 18.420: Total time for which application threads were stopped: 0.0001212 seconds, Stopping threads took: 0.0000442 seconds
2017-07-31T22:51:46.393+0000: 18.420: Total time for which application threads were stopped: 0.0000531 seconds, Stopping threads took: 0.0000187 seconds
2017-07-31T22:51:47.835+0000: 19.863: Total time for which application threads were stopped: 0.0103607 seconds, Stopping threads took: 0.0102183 seconds
2017-07-31T22:51:47.851+0000: 19.879: Total time for which application threads were stopped: 0.0011179 seconds, Stopping threads took: 0.0010364 seconds
2017-07-31T22:51:47.865+0000: 19.893: Total time for which application threads were stopped: 0.0005068 seconds, Stopping threads took: 0.0003968 seconds
{Heap before GC invocations=8 (full 1):
 par new generation   total 153344K, used 146528K [0x0000000080000000, 0x000000008a660000, 0x000000008a660000)
  eden space 136320K, 100% used [0x0000000080000000, 0x0000000088520000, 0x0000000088520000)
  from space 17024K,  59% used [0x0000000088520000, 0x0000000088f18030, 0x00000000895c0000)
  to   space 17024K,   0% used [0x00000000895c0000, 0x00000000895c0000, 0x000000008a660000)
 concurrent mark-sweep generation total 1926784K, used 82288K [0x000000008a660000, 0x0000000100000000, 0x0000000100000000)
 Metaspace       used 38614K, capacity 41061K, committed 41396K, reserved 1085440K
  class space    used 5111K, capacity 5337K, committed 5424K, reserved 1048576K
2017-07-31T22:51:47.867+0000: 19.895: [GC (Allocation Failure) Before GC:
Statistics for BinaryTreeDictionary:
------------------------------------
Total Free Space: 235685511
Max   Chunk Size: 235685511
Number of Blocks: 1
Av.  Block  Size: 235685511
Tree      Height: 1
2017-07-31T22:51:47.868+0000: 19.895: [ParNew
Desired survivor size 8716288 bytes, new threshold 2 (max 6)
- age   1:    7534328 bytes,    7534328 total
- age   2:    3471440 bytes,   11005768 total
: 146528K->13410K(153344K), 0.0552033 secs] 228816K->100475K(2080128K)After GC:
Statistics for BinaryTreeDictionary:
------------------------------------
Total Free Space: 235155937
Max   Chunk Size: 235155937
Number of Blocks: 1
Av.  Block  Size: 235155937
Tree      Height: 1
, 0.0553033 secs] [Times: user=0.06 sys=0.00, real=0.06 secs] 
Heap after GC invocations=9 (full 1):
 par new generation   total 153344K, used 13410K [0x0000000080000000, 0x000000008a660000, 0x000000008a660000)
  eden space 136320K,   0% used [0x0000000080000000, 0x0000000080000000, 0x0000000088520000)
  from space 17024K,  78% used [0x00000000895c0000, 0x000000008a2d8b68, 0x000000008a660000)
  to   space 17024K,   0% used [0x0000000088520000, 0x0000000088520000, 0x00000000895c0000)
 concurrent mark-sweep generation total 1926784K, used 87064K [0x000000008a660000, 0x0000000100000000, 0x0000000100000000)
 Metaspace       used 38614K, capacity 41061K, committed 41396K, reserved 1085440K
  class space    used 5111K, capacity 5337K, committed 5424K, reserved 1048576K
}
2017-07-31T22:51:47.923+0000: 19.951: Total time for which application threads were stopped: 0.0554606 seconds, Stopping threads took: 0.0000123 seconds
2017-07-31T22:51:47.987+0000: 20.015: [GC (CMS Initial Mark) [1 CMS-initial-mark: 87064K(1926784K)] 114718K(2080128K), 0.0149789 secs] [Times: user=0.01 sys=0.00, real=0.01 secs] 
2017-07-31T22:51:48.002+0000: 20.030: Total time for which application threads were stopped: 0.0192222 seconds, Stopping threads took: 0.0041088 seconds
2017-07-31T22:51:48.002+0000: 20.030: [CMS-concurrent-mark-start]
2017-07-31T22:51:48.047+0000: 20.074: Total time for which application threads were stopped: 0.0120710 seconds, Stopping threads took: 0.0119405 seconds
2017-07-31T22:51:48.049+0000: 20.077: Total time for which application threads were stopped: 0.0000729 seconds, Stopping threads took: 0.0000149 seconds
2017-07-31T22:51:48.052+0000: 20.080: Total time for which application threads were stopped: 0.0000942 seconds, Stopping threads took: 0.0000159 seconds
2017-07-31T22:51:48.053+0000: 20.080: Total time for which application threads were stopped: 0.0001092 seconds, Stopping threads took: 0.0000110 seconds
2017-07-31T22:51:48.053+0000: 20.081: Total time for which application threads were stopped: 0.0000699 seconds, Stopping threads took: 0.0000116 seconds
2017-07-31T22:51:48.054+0000: 20.081: Total time for which application threads were stopped: 0.0000885 seconds, Stopping threads took: 0.0000115 seconds
2017-07-31T22:51:48.055+0000: 20.082: Total time for which application threads were stopped: 0.0000956 seconds, Stopping threads took: 0.0000109 seconds
2017-07-31T22:51:48.193+0000: 20.221: Total time for which application threads were stopped: 0.0004021 seconds, Stopping threads took: 0.0002458 seconds
2017-07-31T22:51:48.197+0000: 20.225: Total time for which application threads were stopped: 0.0000720 seconds, Stopping threads took: 0.0000139 seconds
2017-07-31T22:51:48.199+0000: 20.227: Total time for which application threads were stopped: 0.0000482 seconds, Stopping threads took: 0.0000117 seconds
2017-07-31T22:51:48.199+0000: 20.227: Total time for which application threads were stopped: 0.0000422 seconds, Stopping threads took: 0.0000109 seconds
2017-07-31T22:51:48.208+0000: 20.235: Total time for which application threads were stopped: 0.0004193 seconds, Stopping threads took: 0.0000153 seconds
2017-07-31T22:51:48.338+0000: 20.366: [CMS-concurrent-mark: 0.297/0.336 secs] [Times: user=0.34 sys=0.01, real=0.20 secs] 
2017-07-31T22:51:48.338+0000: 20.366: Total time for which application threads were stopped: 0.0001196 seconds, Stopping threads took: 0.0000234 seconds
2017-07-31T22:51:48.349+0000: 20.377: Total time for which application threads were stopped: 0.0001624 seconds, Stopping threads took: 0.0000889 seconds
2017-07-31T22:51:48.360+0000: 20.388: Total time for which application threads were stopped: 0.0000966 seconds, Stopping threads took: 0.0000294 seconds
2017-07-31T22:51:48.360+0000: 20.388: [CMS-concurrent-preclean-start]
2017-07-31T22:51:48.364+0000: 20.392: [CMS-concurrent-preclean: 0.004/0.004 secs] [Times: user=0.00 sys=0.00, real=0.00 secs] 
2017-07-31T22:51:48.364+0000: 20.392: [CMS-concurrent-abortable-preclean-start]
2017-07-31T22:51:48.406+0000: 20.434: Total time for which application threads were stopped: 0.0001177 seconds, Stopping threads took: 0.0000232 seconds
2017-07-31T22:51:48.411+0000: 20.438: Total time for which application threads were stopped: 0.0000511 seconds, Stopping threads took: 0.0000118 seconds
2017-07-31T22:51:48.427+0000: 20.455: Total time for which application threads were stopped: 0.0002056 seconds, Stopping threads took: 0.0001482 seconds
2017-07-31T22:51:48.429+0000: 20.456: Total time for which application threads were stopped: 0.0000565 seconds, Stopping threads took: 0.0000199 seconds
2017-07-31T22:51:48.429+0000: 20.456: Total time for which application threads were stopped: 0.0000521 seconds, Stopping threads took: 0.0000086 seconds
2017-07-31T22:51:48.486+0000: 20.513: Total time for which application threads were stopped: 0.0138543 seconds, Stopping threads took: 0.0133751 seconds
2017-07-31T22:51:48.520+0000: 20.548: Total time for which application threads were stopped: 0.0064348 seconds, Stopping threads took: 0.0063237 seconds
2017-07-31T22:51:48.521+0000: 20.549: Total time for which application threads were stopped: 0.0000570 seconds, Stopping threads took: 0.0000122 seconds
2017-07-31T22:51:48.573+0000: 20.601: Total time for which application threads were stopped: 0.0013570 seconds, Stopping threads took: 0.0012747 seconds
2017-07-31T22:51:48.580+0000: 20.607: Total time for which application threads were stopped: 0.0000676 seconds, Stopping threads took: 0.0000254 seconds
2017-07-31T22:51:48.590+0000: 20.617: Total time for which application threads were stopped: 0.0000764 seconds, Stopping threads took: 0.0000158 seconds
2017-07-31T22:51:48.635+0000: 20.662: Total time for which application threads were stopped: 0.0008366 seconds, Stopping threads took: 0.0007407 seconds
2017-07-31T22:51:48.674+0000: 20.702: Total time for which application threads were stopped: 0.0014961 seconds, Stopping threads took: 0.0014298 seconds
2017-07-31T22:51:48.679+0000: 20.707: Total time for which application threads were stopped: 0.0000552 seconds, Stopping threads took: 0.0000112 seconds
2017-07-31T22:51:48.690+0000: 20.717: Total time for which application threads were stopped: 0.0000555 seconds, Stopping threads took: 0.0000231 seconds
2017-07-31T22:51:48.694+0000: 20.721: Total time for which application threads were stopped: 0.0000661 seconds, Stopping threads took: 0.0000206 seconds
2017-07-31T22:51:48.704+0000: 20.732: Total time for which application threads were stopped: 0.0000749 seconds, Stopping threads took: 0.0000200 seconds
2017-07-31T22:51:48.800+0000: 20.827: Total time for which application threads were stopped: 0.0001125 seconds, Stopping threads took: 0.0000299 seconds
2017-07-31T22:51:48.811+0000: 20.839: Total time for which application threads were stopped: 0.0001224 seconds, Stopping threads took: 0.0000378 seconds
2017-07-31T22:51:48.855+0000: 20.883: Total time for which application threads were stopped: 0.0051100 seconds, Stopping threads took: 0.0050408 seconds
2017-07-31T22:51:48.884+0000: 20.912: Total time for which application threads were stopped: 0.0034107 seconds, Stopping threads took: 0.0033243 seconds
2017-07-31T22:51:48.899+0000: 20.927: Total time for which application threads were stopped: 0.0004182 seconds, Stopping threads took: 0.0003632 seconds
{Heap before GC invocations=9 (full 2):
 par new generation   total 153344K, used 149730K [0x0000000080000000, 0x000000008a660000, 0x000000008a660000)
  eden space 136320K, 100% used [0x0000000080000000, 0x0000000088520000, 0x0000000088520000)
  from space 17024K,  78% used [0x00000000895c0000, 0x000000008a2d8b68, 0x000000008a660000)
  to   space 17024K,   0% used [0x0000000088520000, 0x0000000088520000, 0x00000000895c0000)
 concurrent mark-sweep generation total 1926784K, used 87064K [0x000000008a660000, 0x0000000100000000, 0x0000000100000000)
 Metaspace       used 43508K, capacity 46037K, committed 46120K, reserved 1089536K
  class space    used 5598K, capacity 5809K, committed 5856K, reserved 1048576K
2017-07-31T22:51:48.905+0000: 20.933: [GC (Allocation Failure) Before GC:
Statistics for BinaryTreeDictionary:
------------------------------------
Total Free Space: 235155937
Max   Chunk Size: 235155937
Number of Blocks: 1
Av.  Block  Size: 235155937
Tree      Height: 1
2017-07-31T22:51:48.905+0000: 20.933: [ParNew
Desired survivor size 8716288 bytes, new threshold 1 (max 6)
- age   1:   10578552 bytes,   10578552 total
- age   2:    3787192 bytes,   14365744 total
: 149730K->17024K(153344K), 0.0557897 secs] 236795K->113715K(2080128K)After GC:
Statistics for BinaryTreeDictionary:
------------------------------------
Total Free Space: 233955844
Max   Chunk Size: 233955844
Number of Blocks: 1
Av.  Block  Size: 233955844
Tree      Height: 1
, 0.0558433 secs] [Times: user=0.05 sys=0.00, real=0.00 secs] 
Heap after GC invocations=10 (full 2):
 par new generation   total 153344K, used 17024K [0x0000000080000000, 0x000000008a660000, 0x000000008a660000)
  eden space 136320K,   0% used [0x0000000080000000, 0x0000000080000000, 0x0000000088520000)
  from space 17024K, 100% used [0x0000000088520000, 0x00000000895c0000, 0x00000000895c0000)
  to   space 17024K,   0% used [0x00000000895c0000, 0x00000000895c0000, 0x000000008a660000)
 concurrent mark-sweep generation total 1926784K, used 96691K [0x000000008a660000, 0x0000000100000000, 0x0000000100000000)
 Metaspace       used 43508K, capacity 46037K, committed 46120K, reserved 1089536K
  class space    used 5598K, capacity 5809K, committed 5856K, reserved 1048576K
}
2017-07-31T22:51:48.961+0000: 20.989: Total time for which application threads were stopped: 0.0560102 seconds, Stopping threads took: 0.0000150 seconds
2017-07-31T22:51:49.009+0000: 21.037: Total time for which application threads were stopped: 0.0001161 seconds, Stopping threads took: 0.0000300 seconds
2017-07-31T22:51:49.011+0000: 21.039: Total time for which application threads were stopped: 0.0000554 seconds, Stopping threads took: 0.0000193 seconds
2017-07-31T22:51:49.017+0000: 21.045: Total time for which application threads were stopped: 0.0004530 seconds, Stopping threads took: 0.0000244 seconds
2017-07-31T22:51:49.048+0000: 21.076: Total time for which application threads were stopped: 0.0041678 seconds, Stopping threads took: 0.0040560 seconds
2017-07-31T22:51:49.048+0000: 21.076: Total time for which application threads were stopped: 0.0000498 seconds, Stopping threads took: 0.0000104 seconds
2017-07-31T22:51:49.059+0000: 21.087: Total time for which application threads were stopped: 0.0006871 seconds, Stopping threads took: 0.0006203 seconds
2017-07-31T22:51:49.096+0000: 21.124: Total time for which application threads were stopped: 0.0001315 seconds, Stopping threads took: 0.0000295 seconds
2017-07-31T22:51:49.161+0000: 21.189: Total time for which application threads were stopped: 0.0029492 seconds, Stopping threads took: 0.0028619 seconds
2017-07-31T22:51:49.190+0000: 21.218: Total time for which application threads were stopped: 0.0001138 seconds, Stopping threads took: 0.0000286 seconds
2017-07-31T22:51:49.203+0000: 21.231: Total time for which application threads were stopped: 0.0002619 seconds, Stopping threads took: 0.0002030 seconds
2017-07-31T22:51:49.250+0000: 21.277: Total time for which application threads were stopped: 0.0084636 seconds, Stopping threads took: 0.0083807 seconds
2017-07-31T22:51:49.252+0000: 21.280: Total time for which application threads were stopped: 0.0000619 seconds, Stopping threads took: 0.0000139 seconds
2017-07-31T22:51:49.271+0000: 21.298: Total time for which application threads were stopped: 0.0080569 seconds, Stopping threads took: 0.0079706 seconds
2017-07-31T22:51:49.272+0000: 21.300: Total time for which application threads were stopped: 0.0000648 seconds, Stopping threads took: 0.0000223 seconds
2017-07-31T22:51:49.273+0000: 21.301: Total time for which application threads were stopped: 0.0000529 seconds, Stopping threads took: 0.0000109 seconds
2017-07-31T22:51:49.336+0000: 21.363: Total time for which application threads were stopped: 0.0109754 seconds, Stopping threads took: 0.0108818 seconds
2017-07-31T22:51:49.351+0000: 21.378: Total time for which application threads were stopped: 0.0034410 seconds, Stopping threads took: 0.0033745 seconds
2017-07-31T22:51:49.369+0000: 21.396: Total time for which application threads were stopped: 0.0001323 seconds, Stopping threads took: 0.0000452 seconds
2017-07-31T22:51:49.409+0000: 21.437: Total time for which application threads were stopped: 0.0005104 seconds, Stopping threads took: 0.0000252 seconds
2017-07-31T22:51:49.439+0000: 21.467: Total time for which application threads were stopped: 0.0001183 seconds, Stopping threads took: 0.0000242 seconds
2017-07-31T22:51:49.467+0000: 21.494: Total time for which application threads were stopped: 0.0147152 seconds, Stopping threads took: 0.0146466 seconds
2017-07-31T22:51:49.484+0000: 21.512: Total time for which application threads were stopped: 0.0004496 seconds, Stopping threads took: 0.0003530 seconds
2017-07-31T22:51:49.523+0000: 21.551: Total time for which application threads were stopped: 0.0054878 seconds, Stopping threads took: 0.0053958 seconds
2017-07-31T22:51:49.531+0000: 21.559: Total time for which application threads were stopped: 0.0004110 seconds, Stopping threads took: 0.0000207 seconds
2017-07-31T22:51:49.558+0000: 21.585: Total time for which application threads were stopped: 0.0004665 seconds, Stopping threads took: 0.0000247 seconds
2017-07-31T22:51:49.560+0000: 21.588: Total time for which application threads were stopped: 0.0000678 seconds, Stopping threads took: 0.0000214 seconds
2017-07-31T22:51:49.619+0000: 21.647: Total time for which application threads were stopped: 0.0001168 seconds, Stopping threads took: 0.0000318 seconds
2017-07-31T22:51:49.622+0000: 21.650: Total time for which application threads were stopped: 0.0000897 seconds, Stopping threads took: 0.0000161 seconds
2017-07-31T22:51:49.632+0000: 21.660: Total time for which application threads were stopped: 0.0000662 seconds, Stopping threads took: 0.0000115 seconds
2017-07-31T22:51:49.722+0000: 21.749: Total time for which application threads were stopped: 0.0206353 seconds, Stopping threads took: 0.0205337 seconds
2017-07-31T22:51:49.778+0000: 21.805: Total time for which application threads were stopped: 0.0167654 seconds, Stopping threads took: 0.0166588 seconds
2017-07-31T22:51:49.831+0000: 21.858: Total time for which application threads were stopped: 0.0202321 seconds, Stopping threads took: 0.0201296 seconds
2017-07-31T22:51:49.835+0000: 21.862: [CMS-concurrent-abortable-preclean: 0.882/1.470 secs] [Times: user=1.39 sys=0.07, real=1.64 secs] 
2017-07-31T22:51:49.868+0000: 21.895: [GC (CMS Final Remark) [YG occupancy: 85795 K (153344 K)]2017-07-31T22:51:49.868+0000: 21.895: [Rescan (parallel) , 0.0788571 secs]2017-07-31T22:51:49.947+0000: 21.974: [weak refs processing, 0.0000942 secs]2017-07-31T22:51:49.947+0000: 21.974: [class unloading, 0.0072686 secs]2017-07-31T22:51:49.954+0000: 21.982: [scrub symbol table, 0.0053968 secs]2017-07-31T22:51:49.959+0000: 21.987: [scrub string table, 0.0005942 secs][1 CMS-remark: 96691K(1926784K)] 182486K(2080128K), 0.0930421 secs] [Times: user=0.10 sys=0.00, real=0.09 secs] 
2017-07-31T22:51:49.961+0000: 21.988: Total time for which application threads were stopped: 0.1001438 seconds, Stopping threads took: 0.0069386 seconds
2017-07-31T22:51:49.961+0000: 21.989: [CMS-concurrent-sweep-start]
CMS: Large Block: 0x000000009070efe0; Proximity: 0x000000008ae69440 -> 0x0000000090617798
2017-07-31T22:51:50.016+0000: 22.043: Total time for which application threads were stopped: 0.0146494 seconds, Stopping threads took: 0.0145298 seconds
2017-07-31T22:51:50.037+0000: 22.064: Total time for which application threads were stopped: 0.0004968 seconds, Stopping threads took: 0.0004013 seconds
2017-07-31T22:51:50.048+0000: 22.075: Total time for which application threads were stopped: 0.0001606 seconds, Stopping threads took: 0.0000902 seconds
2017-07-31T22:51:50.114+0000: 22.142: Total time for which application threads were stopped: 0.0195674 seconds, Stopping threads took: 0.0191034 seconds
2017-07-31T22:51:50.139+0000: 22.166: Total time for which application threads were stopped: 0.0003086 seconds, Stopping threads took: 0.0002380 seconds
2017-07-31T22:51:50.146+0000: 22.174: Total time for which application threads were stopped: 0.0000696 seconds, Stopping threads took: 0.0000126 seconds
2017-07-31T22:51:50.156+0000: 22.184: Total time for which application threads were stopped: 0.0000607 seconds, Stopping threads took: 0.0000244 seconds
2017-07-31T22:51:50.177+0000: 22.204: Total time for which application threads were stopped: 0.0008489 seconds, Stopping threads took: 0.0003827 seconds
CMS: Large block 0x000000009070efe0
2017-07-31T22:51:50.179+0000: 22.206: [CMS-concurrent-sweep: 0.112/0.217 secs] [Times: user=0.17 sys=0.04, real=0.11 secs] 
2017-07-31T22:51:50.208+0000: 22.235: Total time for which application threads were stopped: 0.0104623 seconds, Stopping threads took: 0.0103611 seconds
2017-07-31T22:51:50.209+0000: 22.237: Total time for which application threads were stopped: 0.0000726 seconds, Stopping threads took: 0.0000199 seconds
2017-07-31T22:51:50.220+0000: 22.247: Total time for which application threads were stopped: 0.0001175 seconds, Stopping threads took: 0.0000637 seconds
2017-07-31T22:51:50.226+0000: 22.253: Total time for which application threads were stopped: 0.0000616 seconds, Stopping threads took: 0.0000114 seconds
2017-07-31T22:51:50.247+0000: 22.275: Total time for which application threads were stopped: 0.0114166 seconds, Stopping threads took: 0.0113355 seconds
2017-07-31T22:51:50.277+0000: 22.304: Total time for which application threads were stopped: 0.0128072 seconds, Stopping threads took: 0.0126917 seconds
2017-07-31T22:51:50.277+0000: 22.304: [CMS-concurrent-reset-start]
2017-07-31T22:51:50.280+0000: 22.308: [CMS-concurrent-reset: 0.003/0.003 secs] [Times: user=0.00 sys=0.00, real=0.00 secs] 
2017-07-31T22:51:51.835+0000: 23.863: Total time for which application threads were stopped: 0.0110330 seconds, Stopping threads took: 0.0103734 seconds
2017-07-31T22:51:51.899+0000: 23.927: Total time for which application threads were stopped: 0.0041173 seconds, Stopping threads took: 0.0039773 seconds
2017-07-31T22:51:51.900+0000: 23.927: Total time for which application threads were stopped: 0.0001021 seconds, Stopping threads took: 0.0000196 seconds
2017-07-31T22:51:51.962+0000: 23.990: Total time for which application threads were stopped: 0.0084651 seconds, Stopping threads took: 0.0079507 seconds
2017-07-31T22:51:51.990+0000: 24.018: Total time for which application threads were stopped: 0.0005315 seconds, Stopping threads took: 0.0000500 seconds
2017-07-31T22:51:51.997+0000: 24.025: Total time for which application threads were stopped: 0.0000746 seconds, Stopping threads took: 0.0000142 seconds
2017-07-31T22:51:51.997+0000: 24.025: Total time for which application threads were stopped: 0.0001272 seconds, Stopping threads took: 0.0000121 seconds
{Heap before GC invocations=10 (full 2):
 par new generation   total 153344K, used 153344K [0x0000000080000000, 0x000000008a660000, 0x000000008a660000)
  eden space 136320K, 100% used [0x0000000080000000, 0x0000000088520000, 0x0000000088520000)
  from space 17024K, 100% used [0x0000000088520000, 0x00000000895c0000, 0x00000000895c0000)
  to   space 17024K,   0% used [0x00000000895c0000, 0x00000000895c0000, 0x000000008a660000)
 concurrent mark-sweep generation total 1926784K, used 84585K [0x000000008a660000, 0x0000000100000000, 0x0000000100000000)
 Metaspace       used 51449K, capacity 54422K, committed 54612K, reserved 1097728K
  class space    used 6695K, capacity 6917K, committed 7028K, reserved 1048576K
2017-07-31T22:51:52.136+0000: 24.164: [GC (Allocation Failure) Before GC:
Statistics for BinaryTreeDictionary:
------------------------------------
Total Free Space: 235296363
Max   Chunk Size: 233955844
Number of Blocks: 164
Av.  Block  Size: 1434733
Tree      Height: 18
2017-07-31T22:51:52.136+0000: 24.164: [ParNew
Desired survivor size 8716288 bytes, new threshold 1 (max 6)
- age   1:   12243896 bytes,   12243896 total
: 153344K->17024K(153344K), 0.0715860 secs] 237929K->116946K(2080128K)After GC:
Statistics for BinaryTreeDictionary:
------------------------------------
Total Free Space: 233373963
Max   Chunk Size: 233373703
Number of Blocks: 2
Av.  Block  Size: 116686981
Tree      Height: 2
, 0.0716785 secs] [Times: user=0.07 sys=0.00, real=0.00 secs] 
Heap after GC invocations=11 (full 2):
 par new generation   total 153344K, used 17024K [0x0000000080000000, 0x000000008a660000, 0x000000008a660000)
  eden space 136320K,   0% used [0x0000000080000000, 0x0000000080000000, 0x0000000088520000)
  from space 17024K, 100% used [0x00000000895c0000, 0x000000008a660000, 0x000000008a660000)
  to   space 17024K,   0% used [0x0000000088520000, 0x0000000088520000, 0x00000000895c0000)
 concurrent mark-sweep generation total 1926784K, used 99922K [0x000000008a660000, 0x0000000100000000, 0x0000000100000000)
 Metaspace       used 51449K, capacity 54422K, committed 54612K, reserved 1097728K
  class space    used 6695K, capacity 6917K, committed 7028K, reserved 1048576K
}
2017-07-31T22:51:52.208+0000: 24.235: Total time for which application threads were stopped: 0.0751392 seconds, Stopping threads took: 0.0033079 seconds
2017-07-31T22:51:52.270+0000: 24.298: Total time for which application threads were stopped: 0.0069653 seconds, Stopping threads took: 0.0068491 seconds
2017-07-31T22:51:52.270+0000: 24.298: Total time for which application threads were stopped: 0.0000642 seconds, Stopping threads took: 0.0000119 seconds
2017-07-31T22:51:52.270+0000: 24.298: Total time for which application threads were stopped: 0.0000620 seconds, Stopping threads took: 0.0000098 seconds
2017-07-31T22:51:52.285+0000: 24.312: Total time for which application threads were stopped: 0.0001498 seconds, Stopping threads took: 0.0000837 seconds
2017-07-31T22:51:52.296+0000: 24.324: Total time for which application threads were stopped: 0.0000767 seconds, Stopping threads took: 0.0000166 seconds
2017-07-31T22:51:52.296+0000: 24.324: Total time for which application threads were stopped: 0.0000566 seconds, Stopping threads took: 0.0000087 seconds
2017-07-31T22:51:52.635+0000: 24.662: Total time for which application threads were stopped: 0.0261548 seconds, Stopping threads took: 0.0259443 seconds
2017-07-31T22:51:52.683+0000: 24.711: Total time for which application threads were stopped: 0.0007808 seconds, Stopping threads took: 0.0002873 seconds
2017-07-31T22:51:52.731+0000: 24.759: Total time for which application threads were stopped: 0.0001908 seconds, Stopping threads took: 0.0000874 seconds
2017-07-31T22:51:52.732+0000: 24.759: Total time for which application threads were stopped: 0.0000613 seconds, Stopping threads took: 0.0000183 seconds
{Heap before GC invocations=11 (full 2):
 par new generation   total 153344K, used 153344K [0x0000000080000000, 0x000000008a660000, 0x000000008a660000)
  eden space 136320K, 100% used [0x0000000080000000, 0x0000000088520000, 0x0000000088520000)
  from space 17024K, 100% used [0x00000000895c0000, 0x000000008a660000, 0x000000008a660000)
  to   space 17024K,   0% used [0x0000000088520000, 0x0000000088520000, 0x00000000895c0000)
 concurrent mark-sweep generation total 1926784K, used 99922K [0x000000008a660000, 0x0000000100000000, 0x0000000100000000)
 Metaspace       used 55471K, capacity 58854K, committed 59092K, reserved 1101824K
  class space    used 7298K, capacity 7591K, committed 7668K, reserved 1048576K
2017-07-31T22:51:53.085+0000: 25.113: [GC (Allocation Failure) Before GC:
Statistics for BinaryTreeDictionary:
------------------------------------
Total Free Space: 233373963
Max   Chunk Size: 233373703
Number of Blocks: 2
Av.  Block  Size: 116686981
Tree      Height: 2
2017-07-31T22:51:53.086+0000: 25.113: [ParNew
Desired survivor size 8716288 bytes, new threshold 1 (max 6)
- age   1:    9938912 bytes,    9938912 total
: 153344K->12606K(153344K), 0.0519708 secs] 253266K->119648K(2080128K)After GC:
Statistics for BinaryTreeDictionary:
------------------------------------
Total Free Space: 232511451
Max   Chunk Size: 232511191
Number of Blocks: 2
Av.  Block  Size: 116255725
Tree      Height: 2
, 0.0520432 secs] [Times: user=0.05 sys=0.00, real=0.00 secs] 
Heap after GC invocations=12 (full 2):
 par new generation   total 153344K, used 12606K [0x0000000080000000, 0x000000008a660000, 0x000000008a660000)
  eden space 136320K,   0% used [0x0000000080000000, 0x0000000080000000, 0x0000000088520000)
  from space 17024K,  74% used [0x0000000088520000, 0x000000008916f850, 0x00000000895c0000)
  to   space 17024K,   0% used [0x00000000895c0000, 0x00000000895c0000, 0x000000008a660000)
 concurrent mark-sweep generation total 1926784K, used 107042K [0x000000008a660000, 0x0000000100000000, 0x0000000100000000)
 Metaspace       used 55471K, capacity 58854K, committed 59092K, reserved 1101824K
  class space    used 7298K, capacity 7591K, committed 7668K, reserved 1048576K
}
2017-07-31T22:51:53.138+0000: 25.165: Total time for which application threads were stopped: 0.0526390 seconds, Stopping threads took: 0.0004133 seconds
2017-07-31T22:51:53.208+0000: 25.235: Total time for which application threads were stopped: 0.0014922 seconds, Stopping threads took: 0.0013142 seconds
2017-07-31T22:51:53.208+0000: 25.235: Total time for which application threads were stopped: 0.0000984 seconds, Stopping threads took: 0.0000169 seconds
2017-07-31T22:51:53.208+0000: 25.236: Total time for which application threads were stopped: 0.0000561 seconds, Stopping threads took: 0.0000084 seconds
2017-07-31T22:51:53.208+0000: 25.236: Total time for which application threads were stopped: 0.0000542 seconds, Stopping threads took: 0.0000074 seconds
2017-07-31T22:51:53.208+0000: 25.236: Total time for which application threads were stopped: 0.0000814 seconds, Stopping threads took: 0.0000077 seconds
2017-07-31T22:51:53.208+0000: 25.236: Total time for which application threads were stopped: 0.0000695 seconds, Stopping threads took: 0.0000079 seconds
2017-07-31T22:51:53.208+0000: 25.236: Total time for which application threads were stopped: 0.0000801 seconds, Stopping threads took: 0.0000073 seconds
2017-07-31T22:51:53.208+0000: 25.236: Total time for which application threads were stopped: 0.0000537 seconds, Stopping threads took: 0.0000074 seconds
2017-07-31T22:51:53.208+0000: 25.236: Total time for which application threads were stopped: 0.0000534 seconds, Stopping threads took: 0.0000077 seconds
2017-07-31T22:51:53.209+0000: 25.236: Total time for which application threads were stopped: 0.0000697 seconds, Stopping threads took: 0.0000091 seconds
2017-07-31T22:51:53.209+0000: 25.236: Total time for which application threads were stopped: 0.0000663 seconds, Stopping threads took: 0.0000078 seconds
{Heap before GC invocations=12 (full 2):
 par new generation   total 153344K, used 148926K [0x0000000080000000, 0x000000008a660000, 0x000000008a660000)
  eden space 136320K, 100% used [0x0000000080000000, 0x0000000088520000, 0x0000000088520000)
  from space 17024K,  74% used [0x0000000088520000, 0x000000008916f850, 0x00000000895c0000)
  to   space 17024K,   0% used [0x00000000895c0000, 0x00000000895c0000, 0x000000008a660000)
 concurrent mark-sweep generation total 1926784K, used 107042K [0x000000008a660000, 0x0000000100000000, 0x0000000100000000)
 Metaspace       used 56870K, capacity 60222K, committed 60372K, reserved 1101824K
  class space    used 7389K, capacity 7659K, committed 7668K, reserved 1048576K
2017-07-31T22:51:53.596+0000: 25.623: [GC (Allocation Failure) Before GC:
Statistics for BinaryTreeDictionary:
------------------------------------
Total Free Space: 232511451
Max   Chunk Size: 232511191
Number of Blocks: 2
Av.  Block  Size: 116255725
Tree      Height: 2
2017-07-31T22:51:53.596+0000: 25.623: [ParNew
Desired survivor size 8716288 bytes, new threshold 6 (max 6)
- age   1:    6494704 bytes,    6494704 total
: 148926K->10558K(153344K), 0.0460394 secs] 255968K->123279K(2080128K)After GC:
Statistics for BinaryTreeDictionary:
------------------------------------
Total Free Space: 231809347
Max   Chunk Size: 231809087
Number of Blocks: 2
Av.  Block  Size: 115904673
Tree      Height: 2
, 0.0461122 secs] [Times: user=0.05 sys=0.00, real=0.00 secs] 
Heap after GC invocations=13 (full 2):
 par new generation   total 153344K, used 10558K [0x0000000080000000, 0x000000008a660000, 0x000000008a660000)
  eden space 136320K,   0% used [0x0000000080000000, 0x0000000080000000, 0x0000000088520000)
  from space 17024K,  62% used [0x00000000895c0000, 0x000000008a00fa80, 0x000000008a660000)
  to   space 17024K,   0% used [0x0000000088520000, 0x0000000088520000, 0x00000000895c0000)
 concurrent mark-sweep generation total 1926784K, used 112721K [0x000000008a660000, 0x0000000100000000, 0x0000000100000000)
 Metaspace       used 56870K, capacity 60222K, committed 60372K, reserved 1101824K
  class space    used 7389K, capacity 7659K, committed 7668K, reserved 1048576K
}
2017-07-31T22:51:53.642+0000: 25.669: Total time for which application threads were stopped: 0.0463523 seconds, Stopping threads took: 0.0000208 seconds
2017-07-31T22:51:53.669+0000: 25.697: Total time for which application threads were stopped: 0.0005643 seconds, Stopping threads took: 0.0004328 seconds
2017-07-31T22:51:53.669+0000: 25.697: Total time for which application threads were stopped: 0.0000818 seconds, Stopping threads took: 0.0000165 seconds
2017-07-31T22:51:53.669+0000: 25.697: Total time for which application threads were stopped: 0.0000686 seconds, Stopping threads took: 0.0000082 seconds
2017-07-31T22:51:53.669+0000: 25.697: Total time for which application threads were stopped: 0.0000676 seconds, Stopping threads took: 0.0000077 seconds
2017-07-31T22:51:53.669+0000: 25.697: Total time for which application threads were stopped: 0.0000681 seconds, Stopping threads took: 0.0000077 seconds
2017-07-31T22:51:53.781+0000: 25.808: Total time for which application threads were stopped: 0.0101012 seconds, Stopping threads took: 0.0099992 seconds
2017-07-31T22:51:53.791+0000: 25.819: Total time for which application threads were stopped: 0.0056833 seconds, Stopping threads took: 0.0055915 seconds
2017-07-31T22:51:53.819+0000: 25.846: Total time for which application threads were stopped: 0.0032741 seconds, Stopping threads took: 0.0032107 seconds
2017-07-31T22:51:53.887+0000: 25.915: Total time for which application threads were stopped: 0.0018022 seconds, Stopping threads took: 0.0016874 seconds
2017-07-31T22:51:54.148+0000: 26.176: Total time for which application threads were stopped: 0.0115749 seconds, Stopping threads took: 0.0110545 seconds
2017-07-31T22:51:54.150+0000: 26.178: Total time for which application threads were stopped: 0.0002284 seconds, Stopping threads took: 0.0000201 seconds
{Heap before GC invocations=13 (full 2):
 par new generation   total 153344K, used 146878K [0x0000000080000000, 0x000000008a660000, 0x000000008a660000)
  eden space 136320K, 100% used [0x0000000080000000, 0x0000000088520000, 0x0000000088520000)
  from space 17024K,  62% used [0x00000000895c0000, 0x000000008a00fa80, 0x000000008a660000)
  to   space 17024K,   0% used [0x0000000088520000, 0x0000000088520000, 0x00000000895c0000)
 concurrent mark-sweep generation total 1926784K, used 112721K [0x000000008a660000, 0x0000000100000000, 0x0000000100000000)
 Metaspace       used 62159K, capacity 65746K, committed 66004K, reserved 1107968K
  class space    used 8134K, capacity 8413K, committed 8436K, reserved 1048576K
2017-07-31T22:51:55.846+0000: 27.874: [GC (Allocation Failure) Before GC:
Statistics for BinaryTreeDictionary:
------------------------------------
Total Free Space: 231809347
Max   Chunk Size: 231809087
Number of Blocks: 2
Av.  Block  Size: 115904673
Tree      Height: 2
2017-07-31T22:51:55.846+0000: 27.874: [ParNew
Desired survivor size 8716288 bytes, new threshold 2 (max 6)
- age   1:    7798216 bytes,    7798216 total
- age   2:    4433944 bytes,   12232160 total
: 146878K->13912K(153344K), 0.0370441 secs] 259599K->126633K(2080128K)After GC:
Statistics for BinaryTreeDictionary:
------------------------------------
Total Free Space: 231809347
Max   Chunk Size: 231809087
Number of Blocks: 2
Av.  Block  Size: 115904673
Tree      Height: 2
, 0.0371158 secs] [Times: user=0.03 sys=0.00, real=0.04 secs] 
Heap after GC invocations=14 (full 2):
 par new generation   total 153344K, used 13912K [0x0000000080000000, 0x000000008a660000, 0x000000008a660000)
  eden space 136320K,   0% used [0x0000000080000000, 0x0000000080000000, 0x0000000088520000)
  from space 17024K,  81% used [0x0000000088520000, 0x00000000892b6180, 0x00000000895c0000)
  to   space 17024K,   0% used [0x00000000895c0000, 0x00000000895c0000, 0x000000008a660000)
 concurrent mark-sweep generation total 1926784K, used 112721K [0x000000008a660000, 0x0000000100000000, 0x0000000100000000)
 Metaspace       used 62159K, capacity 65746K, committed 66004K, reserved 1107968K
  class space    used 8134K, capacity 8413K, committed 8436K, reserved 1048576K
}
2017-07-31T22:51:55.883+0000: 27.911: Total time for which application threads were stopped: 0.0591615 seconds, Stopping threads took: 0.0217921 seconds
2017-07-31T22:51:55.921+0000: 27.948: Total time for which application threads were stopped: 0.0029927 seconds, Stopping threads took: 0.0027781 seconds
2017-07-31T22:51:55.923+0000: 27.950: Total time for which application threads were stopped: 0.0001270 seconds, Stopping threads took: 0.0000112 seconds
2017-07-31T22:51:55.945+0000: 27.972: Total time for which application threads were stopped: 0.0108672 seconds, Stopping threads took: 0.0107257 seconds
2017-07-31T22:51:55.945+0000: 27.973: Total time for which application threads were stopped: 0.0001034 seconds, Stopping threads took: 0.0000153 seconds
2017-07-31T22:51:55.945+0000: 27.973: Total time for which application threads were stopped: 0.0000692 seconds, Stopping threads took: 0.0000127 seconds
2017-07-31T22:51:55.946+0000: 27.973: Total time for which application threads were stopped: 0.0002966 seconds, Stopping threads took: 0.0000114 seconds
2017-07-31T22:51:55.946+0000: 27.974: Total time for which application threads were stopped: 0.0001054 seconds, Stopping threads took: 0.0000129 seconds
2017-07-31T22:51:55.946+0000: 27.974: Total time for which application threads were stopped: 0.0001029 seconds, Stopping threads took: 0.0000272 seconds
2017-07-31T22:51:55.950+0000: 27.978: Total time for which application threads were stopped: 0.0001150 seconds, Stopping threads took: 0.0000341 seconds
2017-07-31T22:51:55.961+0000: 27.988: Total time for which application threads were stopped: 0.0001821 seconds, Stopping threads took: 0.0000799 seconds
2017-07-31T22:51:56.095+0000: 28.123: Total time for which application threads were stopped: 0.0074284 seconds, Stopping threads took: 0.0073202 seconds
2017-07-31T22:51:56.166+0000: 28.194: Total time for which application threads were stopped: 0.0067691 seconds, Stopping threads took: 0.0066222 seconds
2017-07-31T22:51:56.184+0000: 28.212: Total time for which application threads were stopped: 0.0014477 seconds, Stopping threads took: 0.0013114 seconds
2017-07-31T22:51:56.195+0000: 28.223: Total time for which application threads were stopped: 0.0001522 seconds, Stopping threads took: 0.0000176 seconds
2017-07-31T22:51:56.195+0000: 28.223: Total time for which application threads were stopped: 0.0000908 seconds, Stopping threads took: 0.0000186 seconds
2017-07-31T22:51:56.195+0000: 28.223: Total time for which application threads were stopped: 0.0000841 seconds, Stopping threads took: 0.0000105 seconds
2017-07-31T22:51:56.196+0000: 28.223: Total time for which application threads were stopped: 0.0000979 seconds, Stopping threads took: 0.0000111 seconds
{Heap before GC invocations=14 (full 2):
 par new generation   total 153344K, used 150232K [0x0000000080000000, 0x000000008a660000, 0x000000008a660000)
  eden space 136320K, 100% used [0x0000000080000000, 0x0000000088520000, 0x0000000088520000)
  from space 17024K,  81% used [0x0000000088520000, 0x00000000892b6180, 0x00000000895c0000)
  to   space 17024K,   0% used [0x00000000895c0000, 0x00000000895c0000, 0x000000008a660000)
 concurrent mark-sweep generation total 1926784K, used 112721K [0x000000008a660000, 0x0000000100000000, 0x0000000100000000)
 Metaspace       used 63986K, capacity 67770K, committed 67924K, reserved 1107968K
  class space    used 8397K, capacity 8693K, committed 8820K, reserved 1048576K
2017-07-31T22:51:56.546+0000: 28.574: [GC (Allocation Failure) Before GC:
Statistics for BinaryTreeDictionary:
------------------------------------
Total Free Space: 231809347
Max   Chunk Size: 231809087
Number of Blocks: 2
Av.  Block  Size: 115904673
Tree      Height: 2
2017-07-31T22:51:56.546+0000: 28.574: [ParNew
Desired survivor size 8716288 bytes, new threshold 2 (max 6)
- age   1:    8274672 bytes,    8274672 total
- age   2:    3361696 bytes,   11636368 total
: 150232K->16623K(153344K), 0.0465550 secs] 262953K->133677K(2080128K)After GC:
Statistics for BinaryTreeDictionary:
------------------------------------
Total Free Space: 231312525
Max   Chunk Size: 231312265
Number of Blocks: 2
Av.  Block  Size: 115656262
Tree      Height: 2
, 0.0466145 secs] [Times: user=0.04 sys=0.00, real=0.00 secs] 
Heap after GC invocations=15 (full 2):
 par new generation   total 153344K, used 16623K [0x0000000080000000, 0x000000008a660000, 0x000000008a660000)
  eden space 136320K,   0% used [0x0000000080000000, 0x0000000080000000, 0x0000000088520000)
  from space 17024K,  97% used [0x00000000895c0000, 0x000000008a5fbc10, 0x000000008a660000)
  to   space 17024K,   0% used [0x0000000088520000, 0x0000000088520000, 0x00000000895c0000)
 concurrent mark-sweep generation total 1926784K, used 117054K [0x000000008a660000, 0x0000000100000000, 0x0000000100000000)
 Metaspace       used 63986K, capacity 67770K, committed 67924K, reserved 1107968K
  class space    used 8397K, capacity 8693K, committed 8820K, reserved 1048576K
}
2017-07-31T22:51:56.593+0000: 28.621: Total time for which application threads were stopped: 0.0468445 seconds, Stopping threads took: 0.0000202 seconds
2017-07-31T22:51:56.678+0000: 28.705: Total time for which application threads were stopped: 0.0005671 seconds, Stopping threads took: 0.0000366 seconds
2017-07-31T22:51:56.709+0000: 28.737: Total time for which application threads were stopped: 0.0001444 seconds, Stopping threads took: 0.0000353 seconds
2017-07-31T22:51:56.733+0000: 28.760: Total time for which application threads were stopped: 0.0001261 seconds, Stopping threads took: 0.0000197 seconds
2017-07-31T22:51:56.733+0000: 28.761: Total time for which application threads were stopped: 0.0000518 seconds, Stopping threads took: 0.0000104 seconds
2017-07-31T22:51:57.733+0000: 29.761: Total time for which application threads were stopped: 0.0001799 seconds, Stopping threads took: 0.0000427 seconds
2017-07-31T22:51:57.956+0000: 29.984: Total time for which application threads were stopped: 0.0163647 seconds, Stopping threads took: 0.0162205 seconds
2017-07-31T22:51:57.965+0000: 29.992: Total time for which application threads were stopped: 0.0012914 seconds, Stopping threads took: 0.0012318 seconds
2017-07-31T22:51:57.993+0000: 30.020: Total time for which application threads were stopped: 0.0023471 seconds, Stopping threads took: 0.0022299 seconds
2017-07-31T22:51:58.040+0000: 30.067: Total time for which application threads were stopped: 0.0002271 seconds, Stopping threads took: 0.0001015 seconds
2017-07-31T22:51:58.061+0000: 30.089: Total time for which application threads were stopped: 0.0010393 seconds, Stopping threads took: 0.0009550 seconds
2017-07-31T22:51:58.061+0000: 30.089: Total time for which application threads were stopped: 0.0000582 seconds, Stopping threads took: 0.0000116 seconds
2017-07-31T22:51:58.061+0000: 30.089: Total time for which application threads were stopped: 0.0000517 seconds, Stopping threads took: 0.0000093 seconds
2017-07-31T22:51:58.084+0000: 30.112: Total time for which application threads were stopped: 0.0001390 seconds, Stopping threads took: 0.0000400 seconds
2017-07-31T22:51:58.099+0000: 30.126: Total time for which application threads were stopped: 0.0012575 seconds, Stopping threads took: 0.0011695 seconds
2017-07-31T22:51:58.136+0000: 30.164: Total time for which application threads were stopped: 0.0005431 seconds, Stopping threads took: 0.0004555 seconds
2017-07-31T22:51:58.140+0000: 30.168: Total time for which application threads were stopped: 0.0000629 seconds, Stopping threads took: 0.0000134 seconds
2017-07-31T22:51:58.148+0000: 30.176: Total time for which application threads were stopped: 0.0000725 seconds, Stopping threads took: 0.0000220 seconds
2017-07-31T22:51:58.148+0000: 30.176: Total time for which application threads were stopped: 0.0000445 seconds, Stopping threads took: 0.0000102 seconds
2017-07-31T22:51:58.148+0000: 30.176: Total time for which application threads were stopped: 0.0000415 seconds, Stopping threads took: 0.0000091 seconds
2017-07-31T22:51:58.148+0000: 30.176: Total time for which application threads were stopped: 0.0000436 seconds, Stopping threads took: 0.0000100 seconds
2017-07-31T22:51:58.148+0000: 30.176: Total time for which application threads were stopped: 0.0000526 seconds, Stopping threads took: 0.0000089 seconds
2017-07-31T22:51:58.149+0000: 30.176: Total time for which application threads were stopped: 0.0000662 seconds, Stopping threads took: 0.0000098 seconds
2017-07-31T22:51:58.149+0000: 30.176: Total time for which application threads were stopped: 0.0000421 seconds, Stopping threads took: 0.0000094 seconds
2017-07-31T22:51:58.149+0000: 30.176: Total time for which application threads were stopped: 0.0000390 seconds, Stopping threads took: 0.0000082 seconds
2017-07-31T22:51:58.149+0000: 30.177: Total time for which application threads were stopped: 0.0000413 seconds, Stopping threads took: 0.0000092 seconds
2017-07-31T22:51:58.149+0000: 30.177: Total time for which application threads were stopped: 0.0000394 seconds, Stopping threads took: 0.0000085 seconds
2017-07-31T22:51:58.149+0000: 30.177: Total time for which application threads were stopped: 0.0000395 seconds, Stopping threads took: 0.0000086 seconds
2017-07-31T22:51:58.149+0000: 30.177: Total time for which application threads were stopped: 0.0000413 seconds, Stopping threads took: 0.0000092 seconds
2017-07-31T22:51:58.149+0000: 30.177: Total time for which application threads were stopped: 0.0000392 seconds, Stopping threads took: 0.0000082 seconds
2017-07-31T22:51:58.149+0000: 30.177: Total time for which application threads were stopped: 0.0000393 seconds, Stopping threads took: 0.0000083 seconds
2017-07-31T22:51:58.149+0000: 30.177: Total time for which application threads were stopped: 0.0000408 seconds, Stopping threads took: 0.0000088 seconds
2017-07-31T22:51:58.149+0000: 30.177: Total time for which application threads were stopped: 0.0000393 seconds, Stopping threads took: 0.0000082 seconds
2017-07-31T22:51:58.149+0000: 30.177: Total time for which application threads were stopped: 0.0000393 seconds, Stopping threads took: 0.0000084 seconds
2017-07-31T22:51:58.149+0000: 30.177: Total time for which application threads were stopped: 0.0000393 seconds, Stopping threads took: 0.0000085 seconds
2017-07-31T22:51:58.149+0000: 30.177: Total time for which application threads were stopped: 0.0000515 seconds, Stopping threads took: 0.0000088 seconds
2017-07-31T22:51:58.150+0000: 30.177: Total time for which application threads were stopped: 0.0001843 seconds, Stopping threads took: 0.0000093 seconds
2017-07-31T22:51:58.155+0000: 30.183: Total time for which application threads were stopped: 0.0000510 seconds, Stopping threads took: 0.0000114 seconds
2017-07-31T22:51:58.156+0000: 30.183: Total time for which application threads were stopped: 0.0000580 seconds, Stopping threads took: 0.0000224 seconds
2017-07-31T22:51:58.156+0000: 30.183: Total time for which application threads were stopped: 0.0000415 seconds, Stopping threads took: 0.0000092 seconds
2017-07-31T22:51:58.156+0000: 30.183: Total time for which application threads were stopped: 0.0000402 seconds, Stopping threads took: 0.0000086 seconds
2017-07-31T22:51:58.156+0000: 30.183: Total time for which application threads were stopped: 0.0000407 seconds, Stopping threads took: 0.0000088 seconds
2017-07-31T22:51:58.156+0000: 30.184: Total time for which application threads were stopped: 0.0000408 seconds, Stopping threads took: 0.0000088 seconds
2017-07-31T22:51:58.156+0000: 30.184: Total time for which application threads were stopped: 0.0000405 seconds, Stopping threads took: 0.0000085 seconds
2017-07-31T22:51:58.156+0000: 30.184: Total time for which application threads were stopped: 0.0000408 seconds, Stopping threads took: 0.0000086 seconds
2017-07-31T22:51:58.156+0000: 30.184: Total time for which application threads were stopped: 0.0000402 seconds, Stopping threads took: 0.0000084 seconds
2017-07-31T22:51:58.156+0000: 30.184: Total time for which application threads were stopped: 0.0000405 seconds, Stopping threads took: 0.0000087 seconds
2017-07-31T22:51:58.156+0000: 30.184: Total time for which application threads were stopped: 0.0000406 seconds, Stopping threads took: 0.0000087 seconds
2017-07-31T22:51:58.156+0000: 30.184: Total time for which application threads were stopped: 0.0000439 seconds, Stopping threads took: 0.0000100 seconds
2017-07-31T22:51:58.156+0000: 30.184: Total time for which application threads were stopped: 0.0000438 seconds, Stopping threads took: 0.0000096 seconds
2017-07-31T22:51:58.156+0000: 30.184: Total time for which application threads were stopped: 0.0000411 seconds, Stopping threads took: 0.0000091 seconds
2017-07-31T22:51:58.157+0000: 30.184: Total time for which application threads were stopped: 0.0000421 seconds, Stopping threads took: 0.0000096 seconds
2017-07-31T22:51:58.157+0000: 30.184: Total time for which application threads were stopped: 0.0000403 seconds, Stopping threads took: 0.0000085 seconds
2017-07-31T22:51:58.157+0000: 30.184: Total time for which application threads were stopped: 0.0000406 seconds, Stopping threads took: 0.0000087 seconds
2017-07-31T22:51:58.157+0000: 30.184: Total time for which application threads were stopped: 0.0000407 seconds, Stopping threads took: 0.0000086 seconds
2017-07-31T22:51:58.157+0000: 30.185: Total time for which application threads were stopped: 0.0001404 seconds, Stopping threads took: 0.0000104 seconds
2017-07-31T22:51:58.162+0000: 30.189: Total time for which application threads were stopped: 0.0000532 seconds, Stopping threads took: 0.0000132 seconds
2017-07-31T22:51:58.186+0000: 30.214: Total time for which application threads were stopped: 0.0001020 seconds, Stopping threads took: 0.0000342 seconds
2017-07-31T22:51:58.208+0000: 30.236: Total time for which application threads were stopped: 0.0005340 seconds, Stopping threads took: 0.0004620 seconds
2017-07-31T22:51:58.208+0000: 30.236: Total time for which application threads were stopped: 0.0000486 seconds, Stopping threads took: 0.0000155 seconds
2017-07-31T22:51:58.208+0000: 30.236: Total time for which application threads were stopped: 0.0000409 seconds, Stopping threads took: 0.0000095 seconds
2017-07-31T22:51:58.208+0000: 30.236: Total time for which application threads were stopped: 0.0000583 seconds, Stopping threads took: 0.0000109 seconds
2017-07-31T22:51:58.231+0000: 30.259: Total time for which application threads were stopped: 0.0007212 seconds, Stopping threads took: 0.0001386 seconds
2017-07-31T22:51:58.379+0000: 30.407: Total time for which application threads were stopped: 0.0005311 seconds, Stopping threads took: 0.0004576 seconds
2017-07-31T22:51:58.461+0000: 30.489: Total time for which application threads were stopped: 0.0010339 seconds, Stopping threads took: 0.0009408 seconds
2017-07-31T22:51:58.462+0000: 30.490: Total time for which application threads were stopped: 0.0000486 seconds, Stopping threads took: 0.0000125 seconds
2017-07-31T22:51:58.474+0000: 30.501: Total time for which application threads were stopped: 0.0000880 seconds, Stopping threads took: 0.0000284 seconds
2017-07-31T22:51:58.793+0000: 30.821: Total time for which application threads were stopped: 0.0006066 seconds, Stopping threads took: 0.0005324 seconds
2017-07-31T22:51:58.794+0000: 30.821: Total time for which application threads were stopped: 0.0000482 seconds, Stopping threads took: 0.0000110 seconds
2017-07-31T22:51:58.794+0000: 30.821: Total time for which application threads were stopped: 0.0000461 seconds, Stopping threads took: 0.0000107 seconds
2017-07-31T22:51:58.794+0000: 30.822: Total time for which application threads were stopped: 0.0000509 seconds, Stopping threads took: 0.0000158 seconds
2017-07-31T22:51:58.795+0000: 30.822: Total time for which application threads were stopped: 0.0000639 seconds, Stopping threads took: 0.0000174 seconds
2017-07-31T22:51:58.796+0000: 30.823: Total time for which application threads were stopped: 0.0000579 seconds, Stopping threads took: 0.0000187 seconds
2017-07-31T22:51:58.837+0000: 30.864: Total time for which application threads were stopped: 0.0015630 seconds, Stopping threads took: 0.0014718 seconds
2017-07-31T22:51:59.121+0000: 31.149: Total time for which application threads were stopped: 0.0006226 seconds, Stopping threads took: 0.0000398 seconds
2017-07-31T22:51:59.122+0000: 31.149: Total time for which application threads were stopped: 0.0002833 seconds, Stopping threads took: 0.0000120 seconds
2017-07-31T22:51:59.132+0000: 31.159: Total time for which application threads were stopped: 0.0001025 seconds, Stopping threads took: 0.0000121 seconds
2017-07-31T22:51:59.151+0000: 31.179: Total time for which application threads were stopped: 0.0036001 seconds, Stopping threads took: 0.0035066 seconds
{Heap before GC invocations=15 (full 2):
 par new generation   total 153344K, used 152943K [0x0000000080000000, 0x000000008a660000, 0x000000008a660000)
  eden space 136320K, 100% used [0x0000000080000000, 0x0000000088520000, 0x0000000088520000)
  from space 17024K,  97% used [0x00000000895c0000, 0x000000008a5fbc10, 0x000000008a660000)
  to   space 17024K,   0% used [0x0000000088520000, 0x0000000088520000, 0x00000000895c0000)
 concurrent mark-sweep generation total 1926784K, used 117054K [0x000000008a660000, 0x0000000100000000, 0x0000000100000000)
 Metaspace       used 69183K, capacity 73200K, committed 73428K, reserved 1114112K
  class space    used 9042K, capacity 9363K, committed 9460K, reserved 1048576K
2017-07-31T22:51:59.272+0000: 31.300: [GC (Allocation Failure) Before GC:
Statistics for BinaryTreeDictionary:
------------------------------------
Total Free Space: 231312525
Max   Chunk Size: 231312265
Number of Blocks: 2
Av.  Block  Size: 115656262
Tree      Height: 2
2017-07-31T22:51:59.273+0000: 31.300: [ParNew
Desired survivor size 8716288 bytes, new threshold 1 (max 6)
- age   1:    9447296 bytes,    9447296 total
- age   2:    4614856 bytes,   14062152 total
: 152943K->17023K(153344K), 0.0813455 secs] 269997K->139919K(2080128K)After GC:
Statistics for BinaryTreeDictionary:
------------------------------------
Total Free Space: 230604529
Max   Chunk Size: 230604529
Number of Blocks: 1
Av.  Block  Size: 230604529
Tree      Height: 1
, 0.0814198 secs] [Times: user=0.08 sys=0.00, real=0.00 secs] 
Heap after GC invocations=16 (full 2):
 par new generation   total 153344K, used 17023K [0x0000000080000000, 0x000000008a660000, 0x000000008a660000)
  eden space 136320K,   0% used [0x0000000080000000, 0x0000000080000000, 0x0000000088520000)
  from space 17024K,  99% used [0x0000000088520000, 0x00000000895bfff8, 0x00000000895c0000)
  to   space 17024K,   0% used [0x00000000895c0000, 0x00000000895c0000, 0x000000008a660000)
 concurrent mark-sweep generation total 1926784K, used 122895K [0x000000008a660000, 0x0000000100000000, 0x0000000100000000)
 Metaspace       used 69183K, capacity 73200K, committed 73428K, reserved 1114112K
  class space    used 9042K, capacity 9363K, committed 9460K, reserved 1048576K
}
2017-07-31T22:51:59.354+0000: 31.382: Total time for which application threads were stopped: 0.0816530 seconds, Stopping threads took: 0.0000341 seconds
2017-07-31T22:51:59.376+0000: 31.403: Total time for which application threads were stopped: 0.0006434 seconds, Stopping threads took: 0.0005261 seconds
2017-07-31T22:51:59.376+0000: 31.403: Total time for which application threads were stopped: 0.0000676 seconds, Stopping threads took: 0.0000158 seconds
2017-07-31T22:51:59.376+0000: 31.404: Total time for which application threads were stopped: 0.0000843 seconds, Stopping threads took: 0.0000102 seconds
2017-07-31T22:51:59.376+0000: 31.404: Total time for which application threads were stopped: 0.0000589 seconds, Stopping threads took: 0.0000092 seconds
2017-07-31T22:51:59.376+0000: 31.404: Total time for which application threads were stopped: 0.0000570 seconds, Stopping threads took: 0.0000084 seconds
2017-07-31T22:51:59.376+0000: 31.404: Total time for which application threads were stopped: 0.0000567 seconds, Stopping threads took: 0.0000083 seconds
2017-07-31T22:51:59.450+0000: 31.478: Total time for which application threads were stopped: 0.0013538 seconds, Stopping threads took: 0.0012502 seconds
2017-07-31T22:51:59.452+0000: 31.480: Total time for which application threads were stopped: 0.0000807 seconds, Stopping threads took: 0.0000119 seconds
2017-07-31T22:51:59.742+0000: 31.770: Total time for which application threads were stopped: 0.0007938 seconds, Stopping threads took: 0.0006482 seconds
2017-07-31T22:51:59.745+0000: 31.773: Total time for which application threads were stopped: 0.0001013 seconds, Stopping threads took: 0.0000213 seconds
2017-07-31T22:51:59.831+0000: 31.859: Total time for which application threads were stopped: 0.0058243 seconds, Stopping threads took: 0.0057136 seconds
2017-07-31T22:51:59.835+0000: 31.863: Total time for which application threads were stopped: 0.0006667 seconds, Stopping threads took: 0.0006002 seconds
2017-07-31T22:51:59.843+0000: 31.870: Total time for which application threads were stopped: 0.0000969 seconds, Stopping threads took: 0.0000282 seconds
2017-07-31T22:51:59.843+0000: 31.871: Total time for which application threads were stopped: 0.0000692 seconds, Stopping threads took: 0.0000197 seconds
2017-07-31T22:51:59.860+0000: 31.888: Total time for which application threads were stopped: 0.0000963 seconds, Stopping threads took: 0.0000282 seconds
2017-07-31T22:51:59.876+0000: 31.904: Total time for which application threads were stopped: 0.0001539 seconds, Stopping threads took: 0.0000609 seconds
2017-07-31T22:51:59.981+0000: 32.008: Total time for which application threads were stopped: 0.0009238 seconds, Stopping threads took: 0.0007864 seconds
2017-07-31T22:51:59.981+0000: 32.009: Total time for which application threads were stopped: 0.0000669 seconds, Stopping threads took: 0.0000127 seconds
2017-07-31T22:51:59.981+0000: 32.009: Total time for which application threads were stopped: 0.0000632 seconds, Stopping threads took: 0.0000120 seconds
2017-07-31T22:51:59.982+0000: 32.009: Total time for which application threads were stopped: 0.0000679 seconds, Stopping threads took: 0.0000141 seconds
2017-07-31T22:51:59.986+0000: 32.014: Total time for which application threads were stopped: 0.0000722 seconds, Stopping threads took: 0.0000158 seconds
2017-07-31T22:52:00.000+0000: 32.028: Total time for which application threads were stopped: 0.0001644 seconds, Stopping threads took: 0.0000364 seconds
2017-07-31T22:52:00.000+0000: 32.028: Total time for which application threads were stopped: 0.0001100 seconds, Stopping threads took: 0.0000226 seconds
2017-07-31T22:52:00.001+0000: 32.029: Total time for which application threads were stopped: 0.0000814 seconds, Stopping threads took: 0.0000145 seconds
2017-07-31T22:52:00.299+0000: 32.326: Total time for which application threads were stopped: 0.0090780 seconds, Stopping threads took: 0.0089505 seconds
2017-07-31T22:52:00.327+0000: 32.355: Total time for which application threads were stopped: 0.0001419 seconds, Stopping threads took: 0.0000443 seconds
2017-07-31T22:52:00.360+0000: 32.387: Total time for which application threads were stopped: 0.0009397 seconds, Stopping threads took: 0.0008254 seconds
2017-07-31T22:52:00.360+0000: 32.388: Total time for which application threads were stopped: 0.0000827 seconds, Stopping threads took: 0.0000128 seconds
2017-07-31T22:52:00.362+0000: 32.390: Total time for which application threads were stopped: 0.0007724 seconds, Stopping threads took: 0.0007062 seconds
2017-07-31T22:52:00.390+0000: 32.418: Total time for which application threads were stopped: 0.0036296 seconds, Stopping threads took: 0.0035555 seconds
2017-07-31T22:52:00.391+0000: 32.418: Total time for which application threads were stopped: 0.0000622 seconds, Stopping threads took: 0.0000129 seconds
2017-07-31T22:52:00.391+0000: 32.419: Total time for which application threads were stopped: 0.0000583 seconds, Stopping threads took: 0.0000123 seconds
2017-07-31T22:52:00.391+0000: 32.419: Total time for which application threads were stopped: 0.0000692 seconds, Stopping threads took: 0.0000211 seconds
2017-07-31T22:52:00.391+0000: 32.419: Total time for which application threads were stopped: 0.0000785 seconds, Stopping threads took: 0.0000129 seconds
2017-07-31T22:52:00.392+0000: 32.420: Total time for which application threads were stopped: 0.0002356 seconds, Stopping threads took: 0.0000130 seconds
2017-07-31T22:52:00.410+0000: 32.438: Total time for which application threads were stopped: 0.0001738 seconds, Stopping threads took: 0.0000932 seconds
2017-07-31T22:52:00.411+0000: 32.438: Total time for which application threads were stopped: 0.0000811 seconds, Stopping threads took: 0.0000208 seconds
2017-07-31T22:52:00.418+0000: 32.446: Total time for which application threads were stopped: 0.0000856 seconds, Stopping threads took: 0.0000325 seconds
2017-07-31T22:52:00.419+0000: 32.446: Total time for which application threads were stopped: 0.0000778 seconds, Stopping threads took: 0.0000198 seconds
2017-07-31T22:52:00.421+0000: 32.448: Total time for which application threads were stopped: 0.0016251 seconds, Stopping threads took: 0.0015769 seconds
2017-07-31T22:52:00.421+0000: 32.449: Total time for which application threads were stopped: 0.0000677 seconds, Stopping threads took: 0.0000216 seconds
2017-07-31T22:52:00.421+0000: 32.449: Total time for which application threads were stopped: 0.0000693 seconds, Stopping threads took: 0.0000211 seconds
2017-07-31T22:52:00.422+0000: 32.449: Total time for which application threads were stopped: 0.0000587 seconds, Stopping threads took: 0.0000129 seconds
2017-07-31T22:52:00.433+0000: 32.461: Total time for which application threads were stopped: 0.0000938 seconds, Stopping threads took: 0.0000199 seconds
2017-07-31T22:52:00.474+0000: 32.501: Total time for which application threads were stopped: 0.0122097 seconds, Stopping threads took: 0.0120718 seconds
2017-07-31T22:52:00.503+0000: 32.531: Total time for which application threads were stopped: 0.0022737 seconds, Stopping threads took: 0.0021728 seconds
2017-07-31T22:52:00.517+0000: 32.544: Total time for which application threads were stopped: 0.0001270 seconds, Stopping threads took: 0.0000359 seconds
2017-07-31T22:52:00.528+0000: 32.556: Total time for which application threads were stopped: 0.0001213 seconds, Stopping threads took: 0.0000408 seconds
2017-07-31T22:52:00.547+0000: 32.574: Total time for which application threads were stopped: 0.0001459 seconds, Stopping threads took: 0.0000608 seconds
2017-07-31T22:52:00.604+0000: 32.631: Total time for which application threads were stopped: 0.0009196 seconds, Stopping threads took: 0.0008301 seconds
2017-07-31T22:52:00.642+0000: 32.670: Total time for which application threads were stopped: 0.0008927 seconds, Stopping threads took: 0.0007837 seconds
2017-07-31T22:52:00.738+0000: 32.766: Total time for which application threads were stopped: 0.0012565 seconds, Stopping threads took: 0.0011493 seconds
2017-07-31T22:52:00.750+0000: 32.777: Total time for which application threads were stopped: 0.0001292 seconds, Stopping threads took: 0.0000363 seconds
2017-07-31T22:52:00.802+0000: 32.830: Total time for which application threads were stopped: 0.0039812 seconds, Stopping threads took: 0.0038311 seconds
2017-07-31T22:52:00.910+0000: 32.937: Total time for which application threads were stopped: 0.0014862 seconds, Stopping threads took: 0.0013602 seconds
2017-07-31T22:52:00.929+0000: 32.956: Total time for which application threads were stopped: 0.0128244 seconds, Stopping threads took: 0.0127120 seconds
2017-07-31T22:52:00.963+0000: 32.991: Total time for which application threads were stopped: 0.0001656 seconds, Stopping threads took: 0.0000373 seconds
2017-07-31T22:52:00.963+0000: 32.991: Total time for which application threads were stopped: 0.0000940 seconds, Stopping threads took: 0.0000334 seconds
2017-07-31T22:52:00.964+0000: 32.991: Total time for which application threads were stopped: 0.0000770 seconds, Stopping threads took: 0.0000105 seconds
2017-07-31T22:52:00.964+0000: 32.991: Total time for which application threads were stopped: 0.0000667 seconds, Stopping threads took: 0.0000112 seconds
2017-07-31T22:52:00.964+0000: 32.991: Total time for which application threads were stopped: 0.0000655 seconds, Stopping threads took: 0.0000114 seconds
2017-07-31T22:52:00.964+0000: 32.992: Total time for which application threads were stopped: 0.0000664 seconds, Stopping threads took: 0.0000108 seconds
2017-07-31T22:52:00.964+0000: 32.992: Total time for which application threads were stopped: 0.0000657 seconds, Stopping threads took: 0.0000117 seconds
2017-07-31T22:52:00.964+0000: 32.992: Total time for which application threads were stopped: 0.0000650 seconds, Stopping threads took: 0.0000101 seconds
2017-07-31T22:52:00.964+0000: 32.992: Total time for which application threads were stopped: 0.0000655 seconds, Stopping threads took: 0.0000117 seconds
2017-07-31T22:52:00.964+0000: 32.992: Total time for which application threads were stopped: 0.0000649 seconds, Stopping threads took: 0.0000099 seconds
2017-07-31T22:52:00.964+0000: 32.992: Total time for which application threads were stopped: 0.0000657 seconds, Stopping threads took: 0.0000115 seconds
2017-07-31T22:52:00.964+0000: 32.992: Total time for which application threads were stopped: 0.0000794 seconds, Stopping threads took: 0.0000131 seconds
2017-07-31T22:52:00.965+0000: 32.992: Total time for which application threads were stopped: 0.0001482 seconds, Stopping threads took: 0.0000502 seconds
2017-07-31T22:52:00.965+0000: 32.992: Total time for which application threads were stopped: 0.0001095 seconds, Stopping threads took: 0.0000282 seconds
2017-07-31T22:52:00.965+0000: 32.993: Total time for which application threads were stopped: 0.0001065 seconds, Stopping threads took: 0.0000276 seconds
2017-07-31T22:52:00.965+0000: 32.993: Total time for which application threads were stopped: 0.0001068 seconds, Stopping threads took: 0.0000275 seconds
2017-07-31T22:52:00.965+0000: 32.993: Total time for which application threads were stopped: 0.0001062 seconds, Stopping threads took: 0.0000273 seconds
2017-07-31T22:52:00.965+0000: 32.993: Total time for which application threads were stopped: 0.0001061 seconds, Stopping threads took: 0.0000259 seconds
2017-07-31T22:52:00.965+0000: 32.993: Total time for which application threads were stopped: 0.0001064 seconds, Stopping threads took: 0.0000277 seconds
2017-07-31T22:52:00.966+0000: 32.993: Total time for which application threads were stopped: 0.0003577 seconds, Stopping threads took: 0.0000283 seconds
2017-07-31T22:52:01.213+0000: 33.240: Total time for which application threads were stopped: 0.0001922 seconds, Stopping threads took: 0.0000252 seconds
2017-07-31T22:52:01.226+0000: 33.254: Total time for which application threads were stopped: 0.0007615 seconds, Stopping threads took: 0.0000236 seconds
2017-07-31T22:52:01.391+0000: 33.419: Total time for which application threads were stopped: 0.0001751 seconds, Stopping threads took: 0.0000313 seconds
2017-07-31T22:52:01.438+0000: 33.465: Total time for which application threads were stopped: 0.0220881 seconds, Stopping threads took: 0.0219318 seconds
2017-07-31T22:52:01.447+0000: 33.474: Total time for which application threads were stopped: 0.0008311 seconds, Stopping threads took: 0.0006940 seconds
2017-07-31T22:52:01.457+0000: 33.484: Total time for which application threads were stopped: 0.0010995 seconds, Stopping threads took: 0.0009716 seconds
2017-07-31T22:52:01.466+0000: 33.494: Total time for which application threads were stopped: 0.0001730 seconds, Stopping threads took: 0.0000434 seconds
2017-07-31T22:52:01.467+0000: 33.495: Total time for which application threads were stopped: 0.0000945 seconds, Stopping threads took: 0.0000282 seconds
2017-07-31T22:52:01.496+0000: 33.524: Total time for which application threads were stopped: 0.0001446 seconds, Stopping threads took: 0.0000371 seconds
2017-07-31T22:52:01.512+0000: 33.540: Total time for which application threads were stopped: 0.0001572 seconds, Stopping threads took: 0.0000458 seconds
2017-07-31T22:52:01.513+0000: 33.541: Total time for which application threads were stopped: 0.0000716 seconds, Stopping threads took: 0.0000149 seconds
2017-07-31T22:52:01.515+0000: 33.543: Total time for which application threads were stopped: 0.0002732 seconds, Stopping threads took: 0.0000249 seconds
2017-07-31T22:52:01.516+0000: 33.544: Total time for which application threads were stopped: 0.0000868 seconds, Stopping threads took: 0.0000168 seconds
2017-07-31T22:52:01.639+0000: 33.667: Total time for which application threads were stopped: 0.0019566 seconds, Stopping threads took: 0.0018348 seconds
2017-07-31T22:52:01.650+0000: 33.678: Total time for which application threads were stopped: 0.0056260 seconds, Stopping threads took: 0.0055633 seconds
2017-07-31T22:52:01.651+0000: 33.679: Total time for which application threads were stopped: 0.0000633 seconds, Stopping threads took: 0.0000143 seconds
2017-07-31T22:52:01.652+0000: 33.680: Total time for which application threads were stopped: 0.0000764 seconds, Stopping threads took: 0.0000216 seconds
2017-07-31T22:52:01.652+0000: 33.680: Total time for which application threads were stopped: 0.0000584 seconds, Stopping threads took: 0.0000137 seconds
2017-07-31T22:52:01.666+0000: 33.694: Total time for which application threads were stopped: 0.0001112 seconds, Stopping threads took: 0.0000224 seconds
{Heap before GC invocations=16 (full 2):
 par new generation   total 153344K, used 153343K [0x0000000080000000, 0x000000008a660000, 0x000000008a660000)
  eden space 136320K, 100% used [0x0000000080000000, 0x0000000088520000, 0x0000000088520000)
  from space 17024K,  99% used [0x0000000088520000, 0x00000000895bfff8, 0x00000000895c0000)
  to   space 17024K,   0% used [0x00000000895c0000, 0x00000000895c0000, 0x000000008a660000)
 concurrent mark-sweep generation total 1926784K, used 122895K [0x000000008a660000, 0x0000000100000000, 0x0000000100000000)
 Metaspace       used 73124K, capacity 77652K, committed 77780K, reserved 1118208K
  class space    used 9506K, capacity 9854K, committed 9972K, reserved 1048576K
2017-07-31T22:52:01.758+0000: 33.786: [GC (Allocation Failure) Before GC:
Statistics for BinaryTreeDictionary:
------------------------------------
Total Free Space: 230604529
Max   Chunk Size: 230604529
Number of Blocks: 1
Av.  Block  Size: 230604529
Tree      Height: 1
2017-07-31T22:52:01.758+0000: 33.786: [ParNew
Desired survivor size 8716288 bytes, new threshold 1 (max 6)
- age   1:   11685384 bytes,   11685384 total
: 153343K->13980K(153344K), 0.0733144 secs] 276239K->148872K(2080128K)After GC:
Statistics for BinaryTreeDictionary:
------------------------------------
Total Free Space: 229020836
Max   Chunk Size: 229020836
Number of Blocks: 1
Av.  Block  Size: 229020836
Tree      Height: 1
, 0.0734179 secs] [Times: user=0.07 sys=0.00, real=0.16 secs] 
Heap after GC invocations=17 (full 2):
 par new generation   total 153344K, used 13980K [0x0000000080000000, 0x000000008a660000, 0x000000008a660000)
  eden space 136320K,   0% used [0x0000000080000000, 0x0000000080000000, 0x0000000088520000)
  from space 17024K,  82% used [0x00000000895c0000, 0x000000008a367380, 0x000000008a660000)
  to   space 17024K,   0% used [0x0000000088520000, 0x0000000088520000, 0x00000000895c0000)
 concurrent mark-sweep generation total 1926784K, used 134891K [0x000000008a660000, 0x0000000100000000, 0x0000000100000000)
 Metaspace       used 73124K, capacity 77652K, committed 77780K, reserved 1118208K
  class space    used 9506K, capacity 9854K, committed 9972K, reserved 1048576K
}
2017-07-31T22:52:01.832+0000: 33.860: Total time for which application threads were stopped: 0.0737038 seconds, Stopping threads took: 0.0000531 seconds
2017-07-31T22:52:01.883+0000: 33.911: Total time for which application threads were stopped: 0.0003401 seconds, Stopping threads took: 0.0001749 seconds
2017-07-31T22:52:01.885+0000: 33.913: Total time for which application threads were stopped: 0.0000927 seconds, Stopping threads took: 0.0000150 seconds
2017-07-31T22:52:01.885+0000: 33.913: Total time for which application threads were stopped: 0.0000963 seconds, Stopping threads took: 0.0000139 seconds
2017-07-31T22:52:01.886+0000: 33.913: Total time for which application threads were stopped: 0.0000846 seconds, Stopping threads took: 0.0000144 seconds
2017-07-31T22:52:01.886+0000: 33.913: Total time for which application threads were stopped: 0.0000844 seconds, Stopping threads took: 0.0000138 seconds
2017-07-31T22:52:01.886+0000: 33.914: Total time for which application threads were stopped: 0.0000783 seconds, Stopping threads took: 0.0000110 seconds
2017-07-31T22:52:02.021+0000: 34.048: Total time for which application threads were stopped: 0.0008854 seconds, Stopping threads took: 0.0000277 seconds
2017-07-31T22:52:02.082+0000: 34.110: Total time for which application threads were stopped: 0.0065096 seconds, Stopping threads took: 0.0063237 seconds
2017-07-31T22:52:02.090+0000: 34.118: Total time for which application threads were stopped: 0.0013541 seconds, Stopping threads took: 0.0012051 seconds
2017-07-31T22:52:02.176+0000: 34.204: Total time for which application threads were stopped: 0.0135610 seconds, Stopping threads took: 0.0133413 seconds
2017-07-31T22:52:02.188+0000: 34.215: Total time for which application threads were stopped: 0.0002199 seconds, Stopping threads took: 0.0000706 seconds
2017-07-31T22:52:02.188+0000: 34.216: Total time for which application threads were stopped: 0.0000863 seconds, Stopping threads took: 0.0000134 seconds
2017-07-31T22:52:02.259+0000: 34.287: Total time for which application threads were stopped: 0.0072260 seconds, Stopping threads took: 0.0070564 seconds
2017-07-31T22:52:02.427+0000: 34.454: Total time for which application threads were stopped: 0.0422961 seconds, Stopping threads took: 0.0421081 seconds
2017-07-31T22:52:02.472+0000: 34.499: Total time for which application threads were stopped: 0.0010769 seconds, Stopping threads took: 0.0008813 seconds
2017-07-31T22:52:02.585+0000: 34.613: Total time for which application threads were stopped: 0.0217570 seconds, Stopping threads took: 0.0215357 seconds
2017-07-31T22:52:02.662+0000: 34.690: Total time for which application threads were stopped: 0.0011248 seconds, Stopping threads took: 0.0009566 seconds
2017-07-31T22:52:02.696+0000: 34.724: Total time for which application threads were stopped: 0.0002454 seconds, Stopping threads took: 0.0000771 seconds
2017-07-31T22:52:02.757+0000: 34.784: Total time for which application threads were stopped: 0.0011523 seconds, Stopping threads took: 0.0009803 seconds
2017-07-31T22:52:02.757+0000: 34.785: Total time for which application threads were stopped: 0.0001291 seconds, Stopping threads took: 0.0000326 seconds
2017-07-31T22:52:02.987+0000: 35.014: Total time for which application threads were stopped: 0.0311091 seconds, Stopping threads took: 0.0309323 seconds
2017-07-31T22:52:03.230+0000: 35.258: Total time for which application threads were stopped: 0.0016267 seconds, Stopping threads took: 0.0014590 seconds
2017-07-31T22:52:03.301+0000: 35.328: Total time for which application threads were stopped: 0.0059094 seconds, Stopping threads took: 0.0057988 seconds
2017-07-31T22:52:03.356+0000: 35.383: Total time for which application threads were stopped: 0.0024576 seconds, Stopping threads took: 0.0023018 seconds
2017-07-31T22:52:03.428+0000: 35.455: Total time for which application threads were stopped: 0.0019076 seconds, Stopping threads took: 0.0017990 seconds
2017-07-31T22:52:03.464+0000: 35.492: Total time for which application threads were stopped: 0.0002681 seconds, Stopping threads took: 0.0000875 seconds
2017-07-31T22:52:03.489+0000: 35.517: Total time for which application threads were stopped: 0.0144319 seconds, Stopping threads took: 0.0142945 seconds
2017-07-31T22:52:03.572+0000: 35.599: Total time for which application threads were stopped: 0.0010529 seconds, Stopping threads took: 0.0009117 seconds
2017-07-31T22:52:03.572+0000: 35.600: Total time for which application threads were stopped: 0.0000689 seconds, Stopping threads took: 0.0000146 seconds
2017-07-31T22:52:04.001+0000: 36.029: Total time for which application threads were stopped: 0.0020497 seconds, Stopping threads took: 0.0018846 seconds
2017-07-31T22:52:04.037+0000: 36.065: Total time for which application threads were stopped: 0.0001780 seconds, Stopping threads took: 0.0000567 seconds
2017-07-31T22:52:04.040+0000: 36.067: Total time for which application threads were stopped: 0.0001353 seconds, Stopping threads took: 0.0000249 seconds
2017-07-31T22:52:04.501+0000: 36.529: Total time for which application threads were stopped: 0.0010017 seconds, Stopping threads took: 0.0008577 seconds
2017-07-31T22:52:04.817+0000: 36.844: Total time for which application threads were stopped: 0.0001955 seconds, Stopping threads took: 0.0000472 seconds
2017-07-31T22:52:05.176+0000: 37.203: Total time for which application threads were stopped: 0.0011378 seconds, Stopping threads took: 0.0009772 seconds
2017-07-31T22:52:05.195+0000: 37.223: Total time for which application threads were stopped: 0.0001337 seconds, Stopping threads took: 0.0000434 seconds
2017-07-31T22:52:05.215+0000: 37.242: Total time for which application threads were stopped: 0.0001392 seconds, Stopping threads took: 0.0000261 seconds
2017-07-31T22:52:05.472+0000: 37.500: Total time for which application threads were stopped: 0.0010164 seconds, Stopping threads took: 0.0008869 seconds
2017-07-31T22:52:05.549+0000: 37.577: Total time for which application threads were stopped: 0.0031505 seconds, Stopping threads took: 0.0030306 seconds
2017-07-31T22:52:05.593+0000: 37.620: Total time for which application threads were stopped: 0.0001774 seconds, Stopping threads took: 0.0000657 seconds
2017-07-31T22:52:05.604+0000: 37.632: Total time for which application threads were stopped: 0.0002596 seconds, Stopping threads took: 0.0001590 seconds
2017-07-31T22:52:05.605+0000: 37.632: Total time for which application threads were stopped: 0.0000751 seconds, Stopping threads took: 0.0000148 seconds
2017-07-31T22:52:05.626+0000: 37.654: Total time for which application threads were stopped: 0.0006900 seconds, Stopping threads took: 0.0005935 seconds
2017-07-31T22:52:05.627+0000: 37.654: Total time for which application threads were stopped: 0.0000666 seconds, Stopping threads took: 0.0000214 seconds
2017-07-31T22:52:05.661+0000: 37.688: Total time for which application threads were stopped: 0.0004277 seconds, Stopping threads took: 0.0002994 seconds
2017-07-31T22:52:05.954+0000: 37.981: Total time for which application threads were stopped: 0.0040749 seconds, Stopping threads took: 0.0038827 seconds
2017-07-31T22:52:05.991+0000: 38.019: Total time for which application threads were stopped: 0.0006833 seconds, Stopping threads took: 0.0005839 seconds
2017-07-31T22:52:06.014+0000: 38.041: Total time for which application threads were stopped: 0.0007992 seconds, Stopping threads took: 0.0004787 seconds
2017-07-31T22:52:06.051+0000: 38.079: Total time for which application threads were stopped: 0.0004647 seconds, Stopping threads took: 0.0003670 seconds
2017-07-31T22:52:06.108+0000: 38.136: Total time for which application threads were stopped: 0.0006964 seconds, Stopping threads took: 0.0005987 seconds
2017-07-31T22:52:06.203+0000: 38.231: Total time for which application threads were stopped: 0.0001481 seconds, Stopping threads took: 0.0000456 seconds
2017-07-31T22:52:06.203+0000: 38.231: Total time for which application threads were stopped: 0.0000594 seconds, Stopping threads took: 0.0000129 seconds
2017-07-31T22:52:06.302+0000: 38.330: Total time for which application threads were stopped: 0.0001534 seconds, Stopping threads took: 0.0000261 seconds
2017-07-31T22:52:06.303+0000: 38.331: Total time for which application threads were stopped: 0.0000726 seconds, Stopping threads took: 0.0000138 seconds
2017-07-31T22:52:06.461+0000: 38.489: Total time for which application threads were stopped: 0.0008628 seconds, Stopping threads took: 0.0007410 seconds
2017-07-31T22:52:06.497+0000: 38.525: Total time for which application threads were stopped: 0.0001475 seconds, Stopping threads took: 0.0000478 seconds
2017-07-31T22:52:06.514+0000: 38.541: Total time for which application threads were stopped: 0.0004126 seconds, Stopping threads took: 0.0003147 seconds
2017-07-31T22:52:07.462+0000: 39.489: Total time for which application threads were stopped: 0.0001661 seconds, Stopping threads took: 0.0000319 seconds
2017-07-31T22:52:08.461+0000: 40.489: Total time for which application threads were stopped: 0.0001642 seconds, Stopping threads took: 0.0000297 seconds
{Heap before GC invocations=17 (full 2):
 par new generation   total 153344K, used 150300K [0x0000000080000000, 0x000000008a660000, 0x000000008a660000)
  eden space 136320K, 100% used [0x0000000080000000, 0x0000000088520000, 0x0000000088520000)
  from space 17024K,  82% used [0x00000000895c0000, 0x000000008a367380, 0x000000008a660000)
  to   space 17024K,   0% used [0x0000000088520000, 0x0000000088520000, 0x00000000895c0000)
 concurrent mark-sweep generation total 1926784K, used 134891K [0x000000008a660000, 0x0000000100000000, 0x0000000100000000)
 Metaspace       used 77830K, capacity 82843K, committed 83028K, reserved 1122304K
  class space    used 9902K, capacity 10250K, committed 10356K, reserved 1048576K
2017-07-31T22:52:08.719+0000: 40.746: [GC (Allocation Failure) Before GC:
Statistics for BinaryTreeDictionary:
------------------------------------
Total Free Space: 229020836
Max   Chunk Size: 229020836
Number of Blocks: 1
Av.  Block  Size: 229020836
Tree      Height: 1
2017-07-31T22:52:08.719+0000: 40.746: [ParNew
Desired survivor size 8716288 bytes, new threshold 6 (max 6)
- age   1:    5649408 bytes,    5649408 total
: 150300K->11613K(153344K), 0.0498762 secs] 285192K->154572K(2080128K)After GC:
Statistics for BinaryTreeDictionary:
------------------------------------
Total Free Space: 228024978
Max   Chunk Size: 228024978
Number of Blocks: 1
Av.  Block  Size: 228024978
Tree      Height: 1
, 0.0499681 secs] [Times: user=0.05 sys=0.00, real=0.00 secs] 
Heap after GC invocations=18 (full 2):
 par new generation   total 153344K, used 11613K [0x0000000080000000, 0x000000008a660000, 0x000000008a660000)
  eden space 136320K,   0% used [0x0000000080000000, 0x0000000080000000, 0x0000000088520000)
  from space 17024K,  68% used [0x0000000088520000, 0x0000000089077660, 0x00000000895c0000)
  to   space 17024K,   0% used [0x00000000895c0000, 0x00000000895c0000, 0x000000008a660000)
 concurrent mark-sweep generation total 1926784K, used 142959K [0x000000008a660000, 0x0000000100000000, 0x0000000100000000)
 Metaspace       used 77830K, capacity 82843K, committed 83028K, reserved 1122304K
  class space    used 9902K, capacity 10250K, committed 10356K, reserved 1048576K
}
2017-07-31T22:52:08.769+0000: 40.796: Total time for which application threads were stopped: 0.0502367 seconds, Stopping threads took: 0.0000449 seconds
2017-07-31T22:52:08.812+0000: 40.840: Total time for which application threads were stopped: 0.0017785 seconds, Stopping threads took: 0.0016619 seconds
2017-07-31T22:52:08.812+0000: 40.840: Total time for which application threads were stopped: 0.0000677 seconds, Stopping threads took: 0.0000198 seconds
2017-07-31T22:52:08.813+0000: 40.840: Total time for which application threads were stopped: 0.0002609 seconds, Stopping threads took: 0.0000101 seconds
2017-07-31T22:52:08.869+0000: 40.897: Total time for which application threads were stopped: 0.0001306 seconds, Stopping threads took: 0.0000365 seconds
2017-07-31T22:52:09.071+0000: 41.099: Total time for which application threads were stopped: 0.0010559 seconds, Stopping threads took: 0.0008943 seconds
2017-07-31T22:52:09.118+0000: 41.146: Total time for which application threads were stopped: 0.0026217 seconds, Stopping threads took: 0.0024865 seconds
2017-07-31T22:52:09.118+0000: 41.146: Total time for which application threads were stopped: 0.0000828 seconds, Stopping threads took: 0.0000208 seconds
2017-07-31T22:52:09.131+0000: 41.159: Total time for which application threads were stopped: 0.0001173 seconds, Stopping threads took: 0.0000306 seconds
2017-07-31T22:52:09.142+0000: 41.170: Total time for which application threads were stopped: 0.0001052 seconds, Stopping threads took: 0.0000174 seconds
2017-07-31T22:52:09.148+0000: 41.176: Total time for which application threads were stopped: 0.0001080 seconds, Stopping threads took: 0.0000211 seconds
2017-07-31T22:52:09.151+0000: 41.179: Total time for which application threads were stopped: 0.0001012 seconds, Stopping threads took: 0.0000145 seconds
2017-07-31T22:52:09.163+0000: 41.190: Total time for which application threads were stopped: 0.0009528 seconds, Stopping threads took: 0.0008582 seconds
2017-07-31T22:52:09.240+0000: 41.268: Total time for which application threads were stopped: 0.0019394 seconds, Stopping threads took: 0.0017894 seconds
2017-07-31T22:52:09.241+0000: 41.268: Total time for which application threads were stopped: 0.0000942 seconds, Stopping threads took: 0.0000198 seconds
2017-07-31T22:52:09.287+0000: 41.314: Total time for which application threads were stopped: 0.0014757 seconds, Stopping threads took: 0.0013412 seconds
2017-07-31T22:52:09.374+0000: 41.401: Total time for which application threads were stopped: 0.0002374 seconds, Stopping threads took: 0.0000564 seconds
2017-07-31T22:52:09.375+0000: 41.403: Total time for which application threads were stopped: 0.0001117 seconds, Stopping threads took: 0.0000253 seconds
2017-07-31T22:52:09.465+0000: 41.493: Total time for which application threads were stopped: 0.0003078 seconds, Stopping threads took: 0.0001971 seconds
2017-07-31T22:52:09.941+0000: 41.969: Total time for which application threads were stopped: 0.0073421 seconds, Stopping threads took: 0.0071736 seconds
2017-07-31T22:52:09.995+0000: 42.022: Total time for which application threads were stopped: 0.0097010 seconds, Stopping threads took: 0.0095221 seconds
2017-07-31T22:52:10.160+0000: 42.188: Total time for which application threads were stopped: 0.0117638 seconds, Stopping threads took: 0.0112421 seconds
{Heap before GC invocations=18 (full 2):
 par new generation   total 153344K, used 147933K [0x0000000080000000, 0x000000008a660000, 0x000000008a660000)
  eden space 136320K, 100% used [0x0000000080000000, 0x0000000088520000, 0x0000000088520000)
  from space 17024K,  68% used [0x0000000088520000, 0x0000000089077660, 0x00000000895c0000)
  to   space 17024K,   0% used [0x00000000895c0000, 0x00000000895c0000, 0x000000008a660000)
 concurrent mark-sweep generation total 1926784K, used 142959K [0x000000008a660000, 0x0000000100000000, 0x0000000100000000)
 Metaspace       used 79412K, capacity 84773K, committed 85076K, reserved 1124352K
  class space    used 10132K, capacity 10516K, committed 10612K, reserved 1048576K
2017-07-31T22:52:10.288+0000: 42.315: [GC (Allocation Failure) Before GC:
Statistics for BinaryTreeDictionary:
------------------------------------
Total Free Space: 228024978
Max   Chunk Size: 228024978
Number of Blocks: 1
Av.  Block  Size: 228024978
Tree      Height: 1
2017-07-31T22:52:10.288+0000: 42.315: [ParNew
Desired survivor size 8716288 bytes, new threshold 2 (max 6)
- age   1:    6165168 bytes,    6165168 total
- age   2:    3032416 bytes,    9197584 total
: 147933K->11001K(153344K), 0.0361153 secs] 290892K->153960K(2080128K)After GC:
Statistics for BinaryTreeDictionary:
------------------------------------
Total Free Space: 228024978
Max   Chunk Size: 228024978
Number of Blocks: 1
Av.  Block  Size: 228024978
Tree      Height: 1
, 0.0361947 secs] [Times: user=0.03 sys=0.00, real=0.02 secs] 
Heap after GC invocations=19 (full 2):
 par new generation   total 153344K, used 11001K [0x0000000080000000, 0x000000008a660000, 0x000000008a660000)
  eden space 136320K,   0% used [0x0000000080000000, 0x0000000080000000, 0x0000000088520000)
  from space 17024K,  64% used [0x00000000895c0000, 0x000000008a07e588, 0x000000008a660000)
  to   space 17024K,   0% used [0x0000000088520000, 0x0000000088520000, 0x00000000895c0000)
 concurrent mark-sweep generation total 1926784K, used 142959K [0x000000008a660000, 0x0000000100000000, 0x0000000100000000)
 Metaspace       used 79412K, capacity 84773K, committed 85076K, reserved 1124352K
  class space    used 10132K, capacity 10516K, committed 10612K, reserved 1048576K
}
2017-07-31T22:52:10.324+0000: 42.352: Total time for which application threads were stopped: 0.0650790 seconds, Stopping threads took: 0.0286095 seconds
2017-07-31T22:52:11.324+0000: 43.352: Total time for which application threads were stopped: 0.0001607 seconds, Stopping threads took: 0.0000345 seconds
2017-07-31T22:52:11.839+0000: 43.867: Total time for which application threads were stopped: 0.0002330 seconds, Stopping threads took: 0.0001014 seconds
2017-07-31T22:52:11.868+0000: 43.896: Total time for which application threads were stopped: 0.0002371 seconds, Stopping threads took: 0.0001175 seconds
2017-07-31T22:52:12.211+0000: 44.239: Total time for which application threads were stopped: 0.0125115 seconds, Stopping threads took: 0.0122955 seconds
2017-07-31T22:52:12.472+0000: 44.500: Total time for which application threads were stopped: 0.0001834 seconds, Stopping threads took: 0.0000302 seconds
2017-07-31T22:52:13.451+0000: 45.479: Total time for which application threads were stopped: 0.0002974 seconds, Stopping threads took: 0.0000300 seconds
2017-07-31T22:52:14.451+0000: 46.479: Total time for which application threads were stopped: 0.0001322 seconds, Stopping threads took: 0.0000343 seconds
2017-07-31T22:52:14.461+0000: 46.489: Total time for which application threads were stopped: 0.0001203 seconds, Stopping threads took: 0.0000266 seconds
2017-07-31T22:52:15.460+0000: 47.488: Total time for which application threads were stopped: 0.0001583 seconds, Stopping threads took: 0.0000306 seconds
2017-07-31T22:52:16.460+0000: 48.488: Total time for which application threads were stopped: 0.0001388 seconds, Stopping threads took: 0.0000303 seconds
2017-07-31T22:52:16.461+0000: 48.488: Total time for which application threads were stopped: 0.0000706 seconds, Stopping threads took: 0.0000122 seconds
2017-07-31T22:52:17.073+0000: 49.101: Total time for which application threads were stopped: 0.0001477 seconds, Stopping threads took: 0.0000410 seconds
2017-07-31T22:52:17.460+0000: 49.488: Total time for which application threads were stopped: 0.0001519 seconds, Stopping threads took: 0.0000297 seconds
2017-07-31T22:52:18.460+0000: 50.488: Total time for which application threads were stopped: 0.0001453 seconds, Stopping threads took: 0.0000317 seconds
2017-07-31T22:52:19.099+0000: 51.126: Total time for which application threads were stopped: 0.0010433 seconds, Stopping threads took: 0.0008868 seconds
2017-07-31T22:52:19.463+0000: 51.491: Total time for which application threads were stopped: 0.0040071 seconds, Stopping threads took: 0.0038728 seconds
{Heap before GC invocations=19 (full 2):
 par new generation   total 153344K, used 147321K [0x0000000080000000, 0x000000008a660000, 0x000000008a660000)
  eden space 136320K, 100% used [0x0000000080000000, 0x0000000088520000, 0x0000000088520000)
  from space 17024K,  64% used [0x00000000895c0000, 0x000000008a07e588, 0x000000008a660000)
  to   space 17024K,   0% used [0x0000000088520000, 0x0000000088520000, 0x00000000895c0000)
 concurrent mark-sweep generation total 1926784K, used 142959K [0x000000008a660000, 0x0000000100000000, 0x0000000100000000)
 Metaspace       used 80483K, capacity 85925K, committed 86100K, reserved 1124352K
  class space    used 10172K, capacity 10538K, committed 10612K, reserved 1048576K
2017-07-31T22:52:20.176+0000: 52.203: [GC (Allocation Failure) Before GC:
Statistics for BinaryTreeDictionary:
------------------------------------
Total Free Space: 228024978
Max   Chunk Size: 228024978
Number of Blocks: 1
Av.  Block  Size: 228024978
Tree      Height: 1
2017-07-31T22:52:20.176+0000: 52.203: [ParNew
Desired survivor size 8716288 bytes, new threshold 6 (max 6)
- age   1:    2689400 bytes,    2689400 total
- age   2:    3693640 bytes,    6383040 total
: 147321K->9598K(153344K), 0.0387937 secs] 290280K->155469K(2080128K)After GC:
Statistics for BinaryTreeDictionary:
------------------------------------
Total Free Space: 227738266
Max   Chunk Size: 227738266
Number of Blocks: 1
Av.  Block  Size: 227738266
Tree      Height: 1
, 0.0388698 secs] [Times: user=0.04 sys=0.01, real=0.00 secs] 
Heap after GC invocations=20 (full 2):
 par new generation   total 153344K, used 9598K [0x0000000080000000, 0x000000008a660000, 0x000000008a660000)
  eden space 136320K,   0% used [0x0000000080000000, 0x0000000080000000, 0x0000000088520000)
  from space 17024K,  56% used [0x0000000088520000, 0x0000000088e7fae0, 0x00000000895c0000)
  to   space 17024K,   0% used [0x00000000895c0000, 0x00000000895c0000, 0x000000008a660000)
 concurrent mark-sweep generation total 1926784K, used 145870K [0x000000008a660000, 0x0000000100000000, 0x0000000100000000)
 Metaspace       used 80483K, capacity 85925K, committed 86100K, reserved 1124352K
  class space    used 10172K, capacity 10538K, committed 10612K, reserved 1048576K
}
2017-07-31T22:52:20.214+0000: 52.242: Total time for which application threads were stopped: 0.0404306 seconds, Stopping threads took: 0.0013139 seconds
2017-07-31T22:52:20.460+0000: 52.488: Total time for which application threads were stopped: 0.0001421 seconds, Stopping threads took: 0.0000299 seconds
2017-07-31T22:52:21.462+0000: 53.489: Total time for which application threads were stopped: 0.0001477 seconds, Stopping threads took: 0.0000300 seconds
2017-07-31T22:52:22.461+0000: 54.488: Total time for which application threads were stopped: 0.0002533 seconds, Stopping threads took: 0.0000334 seconds
2017-07-31T22:52:23.461+0000: 55.489: Total time for which application threads were stopped: 0.0001581 seconds, Stopping threads took: 0.0000312 seconds
2017-07-31T22:52:24.460+0000: 56.488: Total time for which application threads were stopped: 0.0001568 seconds, Stopping threads took: 0.0000292 seconds
2017-07-31T22:52:25.468+0000: 57.495: Total time for which application threads were stopped: 0.0001664 seconds, Stopping threads took: 0.0000470 seconds
2017-07-31T22:52:25.474+0000: 57.502: Total time for which application threads were stopped: 0.0000905 seconds, Stopping threads took: 0.0000252 seconds
2017-07-31T22:52:26.440+0000: 58.468: Total time for which application threads were stopped: 0.0001463 seconds, Stopping threads took: 0.0000298 seconds
2017-07-31T22:52:27.441+0000: 59.468: Total time for which application threads were stopped: 0.0001554 seconds, Stopping threads took: 0.0000344 seconds
2017-07-31T22:52:27.464+0000: 59.491: Total time for which application threads were stopped: 0.0001523 seconds, Stopping threads took: 0.0000416 seconds
2017-07-31T22:52:28.462+0000: 60.490: Total time for which application threads were stopped: 0.0001723 seconds, Stopping threads took: 0.0000454 seconds
2017-07-31T22:52:29.021+0000: 61.049: Total time for which application threads were stopped: 0.0002736 seconds, Stopping threads took: 0.0001298 seconds
2017-07-31T22:52:29.461+0000: 61.489: Total time for which application threads were stopped: 0.0051691 seconds, Stopping threads took: 0.0050410 seconds
2017-07-31T22:52:29.604+0000: 61.631: Total time for which application threads were stopped: 0.0001714 seconds, Stopping threads took: 0.0000454 seconds
2017-07-31T22:52:29.604+0000: 61.632: Total time for which application threads were stopped: 0.0000565 seconds, Stopping threads took: 0.0000120 seconds
2017-07-31T22:52:29.604+0000: 61.632: Total time for which application threads were stopped: 0.0000622 seconds, Stopping threads took: 0.0000103 seconds
2017-07-31T22:52:29.604+0000: 61.632: Total time for which application threads were stopped: 0.0000712 seconds, Stopping threads took: 0.0000114 seconds
2017-07-31T22:52:29.604+0000: 61.632: Total time for which application threads were stopped: 0.0000571 seconds, Stopping threads took: 0.0000123 seconds
2017-07-31T22:52:29.604+0000: 61.632: Total time for which application threads were stopped: 0.0000509 seconds, Stopping threads took: 0.0000096 seconds
2017-07-31T22:52:30.450+0000: 62.477: Total time for which application threads were stopped: 0.0002171 seconds, Stopping threads took: 0.0000319 seconds
2017-07-31T22:52:30.595+0000: 62.623: Total time for which application threads were stopped: 0.0001329 seconds, Stopping threads took: 0.0000304 seconds
2017-07-31T22:52:30.602+0000: 62.630: Total time for which application threads were stopped: 0.0000852 seconds, Stopping threads took: 0.0000128 seconds
2017-07-31T22:52:30.605+0000: 62.632: Total time for which application threads were stopped: 0.0000561 seconds, Stopping threads took: 0.0000134 seconds
2017-07-31T22:52:30.616+0000: 62.643: Total time for which application threads were stopped: 0.0000772 seconds, Stopping threads took: 0.0000237 seconds
2017-07-31T22:52:31.824+0000: 63.851: Total time for which application threads were stopped: 0.0011621 seconds, Stopping threads took: 0.0008480 seconds
2017-07-31T22:52:33.825+0000: 65.853: Total time for which application threads were stopped: 0.0002266 seconds, Stopping threads took: 0.0000698 seconds
2017-07-31T22:52:33.842+0000: 65.870: Total time for which application threads were stopped: 0.0003220 seconds, Stopping threads took: 0.0000511 seconds
2017-07-31T22:52:35.832+0000: 67.859: Total time for which application threads were stopped: 0.0001687 seconds, Stopping threads took: 0.0000377 seconds
2017-07-31T22:52:35.832+0000: 67.860: [GC (CMS Initial Mark) [1 CMS-initial-mark: 145870K(1926784K)] 279009K(2080128K), 0.1303588 secs] [Times: user=0.13 sys=0.00, real=0.13 secs] 
2017-07-31T22:52:35.962+0000: 67.990: Total time for which application threads were stopped: 0.1305505 seconds, Stopping threads took: 0.0000663 seconds
2017-07-31T22:52:35.962+0000: 67.990: [CMS-concurrent-mark-start]
2017-07-31T22:52:36.177+0000: 68.205: [CMS-concurrent-mark: 0.215/0.215 secs] [Times: user=0.24 sys=0.01, real=0.14 secs] 
2017-07-31T22:52:36.177+0000: 68.205: [CMS-concurrent-preclean-start]
2017-07-31T22:52:36.189+0000: 68.216: [CMS-concurrent-preclean: 0.011/0.012 secs] [Times: user=0.00 sys=0.01, real=0.00 secs] 
2017-07-31T22:52:36.189+0000: 68.216: [CMS-concurrent-abortable-preclean-start]
2017-07-31T22:52:36.968+0000: 68.996: Total time for which application threads were stopped: 0.0001484 seconds, Stopping threads took: 0.0000550 seconds
2017-07-31T22:52:37.974+0000: 70.001: Total time for which application threads were stopped: 0.0001614 seconds, Stopping threads took: 0.0000305 seconds
2017-07-31T22:52:38.975+0000: 71.003: Total time for which application threads were stopped: 0.0001285 seconds, Stopping threads took: 0.0000267 seconds
{Heap before GC invocations=20 (full 3):
 par new generation   total 153344K, used 145918K [0x0000000080000000, 0x000000008a660000, 0x000000008a660000)
  eden space 136320K, 100% used [0x0000000080000000, 0x0000000088520000, 0x0000000088520000)
  from space 17024K,  56% used [0x0000000088520000, 0x0000000088e7fae0, 0x00000000895c0000)
  to   space 17024K,   0% used [0x00000000895c0000, 0x00000000895c0000, 0x000000008a660000)
 concurrent mark-sweep generation total 1926784K, used 145870K [0x000000008a660000, 0x0000000100000000, 0x0000000100000000)
 Metaspace       used 81230K, capacity 86715K, committed 86956K, reserved 1126400K
  class space    used 10195K, capacity 10579K, committed 10612K, reserved 1048576K
2017-07-31T22:52:39.068+0000: 71.095: [GC (Allocation Failure) Before GC:
Statistics for BinaryTreeDictionary:
------------------------------------
Total Free Space: 227738266
Max   Chunk Size: 227738266
Number of Blocks: 1
Av.  Block  Size: 227738266
Tree      Height: 1
2017-07-31T22:52:39.068+0000: 71.095: [ParNew
Desired survivor size 8716288 bytes, new threshold 6 (max 6)
- age   1:    1960416 bytes,    1960416 total
- age   2:    1872792 bytes,    3833208 total
- age   3:    3669064 bytes,    7502272 total
: 145918K->9160K(153344K), 0.0317852 secs] 291789K->155030K(2080128K)After GC:
Statistics for BinaryTreeDictionary:
------------------------------------
Total Free Space: 227738266
Max   Chunk Size: 227738266
Number of Blocks: 1
Av.  Block  Size: 227738266
Tree      Height: 1
, 0.0318627 secs] [Times: user=0.03 sys=0.00, real=0.00 secs] 
Heap after GC invocations=21 (full 3):
 par new generation   total 153344K, used 9160K [0x0000000080000000, 0x000000008a660000, 0x000000008a660000)
  eden space 136320K,   0% used [0x0000000080000000, 0x0000000080000000, 0x0000000088520000)
  from space 17024K,  53% used [0x00000000895c0000, 0x0000000089eb2220, 0x000000008a660000)
  to   space 17024K,   0% used [0x0000000088520000, 0x0000000088520000, 0x00000000895c0000)
 concurrent mark-sweep generation total 1926784K, used 145870K [0x000000008a660000, 0x0000000100000000, 0x0000000100000000)
 Metaspace       used 81230K, capacity 86715K, committed 86956K, reserved 1126400K
  class space    used 10195K, capacity 10579K, committed 10612K, reserved 1048576K
}
2017-07-31T22:52:39.100+0000: 71.127: Total time for which application threads were stopped: 0.0336481 seconds, Stopping threads took: 0.0016121 seconds
2017-07-31T22:52:39.896+0000: 71.924: [CMS-concurrent-abortable-preclean: 2.178/3.708 secs] [Times: user=3.17 sys=0.57, real=3.79 secs] 
2017-07-31T22:52:39.897+0000: 71.924: [GC (CMS Final Remark) [YG occupancy: 91794 K (153344 K)]2017-07-31T22:52:39.897+0000: 71.924: [Rescan (parallel) , 0.1155131 secs]2017-07-31T22:52:40.012+0000: 72.040: [weak refs processing, 0.0001742 secs]2017-07-31T22:52:40.012+0000: 72.040: [class unloading, 0.0216252 secs]2017-07-31T22:52:40.034+0000: 72.062: [scrub symbol table, 0.0100000 secs]2017-07-31T22:52:40.044+0000: 72.072: [scrub string table, 0.0008426 secs][1 CMS-remark: 145870K(1926784K)] 237664K(2080128K), 0.1490156 secs] [Times: user=0.16 sys=0.00, real=0.15 secs] 
2017-07-31T22:52:40.046+0000: 72.073: Total time for which application threads were stopped: 0.1494301 seconds, Stopping threads took: 0.0002630 seconds
2017-07-31T22:52:40.047+0000: 72.075: [CMS-concurrent-sweep-start]
CMS: Large Block: 0x000000009367eb30; Proximity: 0x0000000090617798 -> 0x000000009350dbf0
CMS: Large block 0x000000009367c958
2017-07-31T22:52:40.186+0000: 72.214: [CMS-concurrent-sweep: 0.139/0.139 secs] [Times: user=0.12 sys=0.02, real=0.02 secs] 
2017-07-31T22:52:40.186+0000: 72.214: [CMS-concurrent-reset-start]
2017-07-31T22:52:40.190+0000: 72.217: [CMS-concurrent-reset: 0.003/0.003 secs] [Times: user=0.00 sys=0.00, real=0.00 secs] 
2017-07-31T22:52:41.046+0000: 73.074: Total time for which application threads were stopped: 0.0002454 seconds, Stopping threads took: 0.0000334 seconds
2017-07-31T22:52:42.046+0000: 74.074: Total time for which application threads were stopped: 0.0002581 seconds, Stopping threads took: 0.0000371 seconds
2017-07-31T22:52:43.047+0000: 75.074: Total time for which application threads were stopped: 0.0001407 seconds, Stopping threads took: 0.0000305 seconds
2017-07-31T22:52:44.047+0000: 76.075: Total time for which application threads were stopped: 0.0001311 seconds, Stopping threads took: 0.0000323 seconds
2017-07-31T22:52:45.047+0000: 77.075: Total time for which application threads were stopped: 0.0001258 seconds, Stopping threads took: 0.0000323 seconds
2017-07-31T22:52:46.052+0000: 78.080: Total time for which application threads were stopped: 0.0003319 seconds, Stopping threads took: 0.0001508 seconds
2017-07-31T22:52:47.054+0000: 79.082: Total time for which application threads were stopped: 0.0015880 seconds, Stopping threads took: 0.0014894 seconds
2017-07-31T22:52:48.054+0000: 80.082: Total time for which application threads were stopped: 0.0001444 seconds, Stopping threads took: 0.0000335 seconds
2017-07-31T22:52:49.055+0000: 81.083: Total time for which application threads were stopped: 0.0009274 seconds, Stopping threads took: 0.0008069 seconds
{Heap before GC invocations=21 (full 3):
 par new generation   total 153344K, used 145480K [0x0000000080000000, 0x000000008a660000, 0x000000008a660000)
  eden space 136320K, 100% used [0x0000000080000000, 0x0000000088520000, 0x0000000088520000)
  from space 17024K,  53% used [0x00000000895c0000, 0x0000000089eb2220, 0x000000008a660000)
  to   space 17024K,   0% used [0x0000000088520000, 0x0000000088520000, 0x00000000895c0000)
 concurrent mark-sweep generation total 1926784K, used 132247K [0x000000008a660000, 0x0000000100000000, 0x0000000100000000)
 Metaspace       used 81469K, capacity 86981K, committed 87212K, reserved 1126400K
  class space    used 10223K, capacity 10592K, committed 10612K, reserved 1048576K
2017-07-31T22:52:49.155+0000: 81.183: [GC (Allocation Failure) Before GC:
Statistics for BinaryTreeDictionary:
------------------------------------
Total Free Space: 229108287
Max   Chunk Size: 227739349
Number of Blocks: 185
Av.  Block  Size: 1238423
Tree      Height: 17
2017-07-31T22:52:49.155+0000: 81.183: [ParNew
Desired survivor size 8716288 bytes, new threshold 4 (max 6)
- age   1:    2756568 bytes,    2756568 total
- age   2:    1390928 bytes,    4147496 total
- age   3:    1821664 bytes,    5969160 total
- age   4:    3658768 bytes,    9627928 total
: 145480K->10453K(153344K), 0.0363871 secs] 277728K->142701K(2080128K)After GC:
Statistics for BinaryTreeDictionary:
------------------------------------
Total Free Space: 229108287
Max   Chunk Size: 227739349
Number of Blocks: 185
Av.  Block  Size: 1238423
Tree      Height: 17
, 0.0364908 secs] [Times: user=0.03 sys=0.00, real=0.00 secs] 
Heap after GC invocations=22 (full 3):
 par new generation   total 153344K, used 10453K [0x0000000080000000, 0x000000008a660000, 0x000000008a660000)
  eden space 136320K,   0% used [0x0000000080000000, 0x0000000080000000, 0x0000000088520000)
  from space 17024K,  61% used [0x0000000088520000, 0x0000000088f55790, 0x00000000895c0000)
  to   space 17024K,   0% used [0x00000000895c0000, 0x00000000895c0000, 0x000000008a660000)
 concurrent mark-sweep generation total 1926784K, used 132247K [0x000000008a660000, 0x0000000100000000, 0x0000000100000000)
 Metaspace       used 81469K, capacity 86981K, committed 87212K, reserved 1126400K
  class space    used 10223K, capacity 10592K, committed 10612K, reserved 1048576K
}
2017-07-31T22:52:49.192+0000: 81.219: Total time for which application threads were stopped: 0.0367191 seconds, Stopping threads took: 0.0000644 seconds
2017-07-31T22:52:52.030+0000: 84.058: Total time for which application threads were stopped: 1.8382740 seconds, Stopping threads took: 1.8381597 seconds
2017-07-31T22:52:52.037+0000: 84.065: Total time for which application threads were stopped: 0.0001043 seconds, Stopping threads took: 0.0000347 seconds
2017-07-31T22:53:05.982+0000: 98.010: Total time for which application threads were stopped: 0.0062840 seconds, Stopping threads took: 0.0060527 seconds
2017-07-31T22:53:06.219+0000: 98.247: Total time for which application threads were stopped: 0.0003104 seconds, Stopping threads took: 0.0000971 seconds
{Heap before GC invocations=22 (full 3):
 par new generation   total 153344K, used 146773K [0x0000000080000000, 0x000000008a660000, 0x000000008a660000)
  eden space 136320K, 100% used [0x0000000080000000, 0x0000000088520000, 0x0000000088520000)
  from space 17024K,  61% used [0x0000000088520000, 0x0000000088f55790, 0x00000000895c0000)
  to   space 17024K,   0% used [0x00000000895c0000, 0x00000000895c0000, 0x000000008a660000)
 concurrent mark-sweep generation total 1926784K, used 132247K [0x000000008a660000, 0x0000000100000000, 0x0000000100000000)
 Metaspace       used 81662K, capacity 87251K, committed 87596K, reserved 1126400K
  class space    used 10247K, capacity 10634K, committed 10740K, reserved 1048576K
2017-07-31T22:53:06.641+0000: 98.669: [GC (Allocation Failure) Before GC:
Statistics for BinaryTreeDictionary:
------------------------------------
Total Free Space: 229108287
Max   Chunk Size: 227739349
Number of Blocks: 185
Av.  Block  Size: 1238423
Tree      Height: 17
2017-07-31T22:53:06.642+0000: 98.669: [ParNew
Desired survivor size 8716288 bytes, new threshold 6 (max 6)
- age   1:    2441312 bytes,    2441312 total
- age   2:    1264760 bytes,    3706072 total
- age   3:    1298560 bytes,    5004632 total
- age   4:    1799632 bytes,    6804264 total
: 146773K->8787K(153344K), 0.0466746 secs] 279021K->144624K(2080128K)After GC:
Statistics for BinaryTreeDictionary:
------------------------------------
Total Free Space: 228896520
Max   Chunk Size: 227739349
Number of Blocks: 90
Av.  Block  Size: 2543294
Tree      Height: 14
, 0.0468185 secs] [Times: user=0.07 sys=0.00, real=0.04 secs] 
Heap after GC invocations=23 (full 3):
 par new generation   total 153344K, used 8787K [0x0000000080000000, 0x000000008a660000, 0x000000008a660000)
  eden space 136320K,   0% used [0x0000000080000000, 0x0000000080000000, 0x0000000088520000)
  from space 17024K,  51% used [0x00000000895c0000, 0x0000000089e54f70, 0x000000008a660000)
  to   space 17024K,   0% used [0x0000000088520000, 0x0000000088520000, 0x00000000895c0000)
 concurrent mark-sweep generation total 1926784K, used 135836K [0x000000008a660000, 0x0000000100000000, 0x0000000100000000)
 Metaspace       used 81662K, capacity 87251K, committed 87596K, reserved 1126400K
  class space    used 10247K, capacity 10634K, committed 10740K, reserved 1048576K
}
2017-07-31T22:53:06.688+0000: 98.716: Total time for which application threads were stopped: 0.0471691 seconds, Stopping threads took: 0.0000612 seconds
2017-07-31T22:53:06.839+0000: 98.867: Total time for which application threads were stopped: 0.0018807 seconds, Stopping threads took: 0.0017262 seconds
2017-07-31T22:53:07.843+0000: 99.871: Total time for which application threads were stopped: 0.0001863 seconds, Stopping threads took: 0.0000418 seconds
2017-07-31T22:53:08.843+0000: 100.871: Total time for which application threads were stopped: 0.0001949 seconds, Stopping threads took: 0.0000440 seconds
2017-07-31T22:53:09.843+0000: 101.871: Total time for which application threads were stopped: 0.0001904 seconds, Stopping threads took: 0.0000462 seconds
2017-07-31T22:53:10.844+0000: 102.871: Total time for which application threads were stopped: 0.0001658 seconds, Stopping threads took: 0.0000448 seconds
2017-07-31T22:53:11.844+0000: 103.872: Total time for which application threads were stopped: 0.0001486 seconds, Stopping threads took: 0.0000461 seconds
2017-07-31T22:53:12.844+0000: 104.872: Total time for which application threads were stopped: 0.0001620 seconds, Stopping threads took: 0.0000445 seconds
2017-07-31T22:53:13.845+0000: 105.872: Total time for which application threads were stopped: 0.0001629 seconds, Stopping threads took: 0.0000452 seconds
{Heap before GC invocations=23 (full 3):
 par new generation   total 153344K, used 145107K [0x0000000080000000, 0x000000008a660000, 0x000000008a660000)
  eden space 136320K, 100% used [0x0000000080000000, 0x0000000088520000, 0x0000000088520000)
  from space 17024K,  51% used [0x00000000895c0000, 0x0000000089e54f70, 0x000000008a660000)
  to   space 17024K,   0% used [0x0000000088520000, 0x0000000088520000, 0x00000000895c0000)
 concurrent mark-sweep generation total 1926784K, used 135836K [0x000000008a660000, 0x0000000100000000, 0x0000000100000000)
 Metaspace       used 81973K, capacity 87473K, committed 87596K, reserved 1126400K
  class space    used 10252K, capacity 10637K, committed 10740K, reserved 1048576K
2017-07-31T22:53:14.617+0000: 106.645: [GC (Allocation Failure) Before GC:
Statistics for BinaryTreeDictionary:
------------------------------------
Total Free Space: 228896520
Max   Chunk Size: 227739349
Number of Blocks: 90
Av.  Block  Size: 2543294
Tree      Height: 14
2017-07-31T22:53:14.617+0000: 106.645: [ParNew
Desired survivor size 8716288 bytes, new threshold 6 (max 6)
- age   1:    1396008 bytes,    1396008 total
- age   2:    1411056 bytes,    2807064 total
- age   3:    1243360 bytes,    4050424 total
- age   4:    1281264 bytes,    5331688 total
- age   5:    1786952 bytes,    7118640 total
: 145107K->10671K(153344K), 0.0234458 secs] 280944K->146508K(2080128K)After GC:
Statistics for BinaryTreeDictionary:
------------------------------------
Total Free Space: 228896520
Max   Chunk Size: 227739349
Number of Blocks: 90
Av.  Block  Size: 2543294
Tree      Height: 14
, 0.0235474 secs] [Times: user=0.05 sys=0.00, real=0.03 secs] 
Heap after GC invocations=24 (full 3):
 par new generation   total 153344K, used 10671K [0x0000000080000000, 0x000000008a660000, 0x000000008a660000)
  eden space 136320K,   0% used [0x0000000080000000, 0x0000000080000000, 0x0000000088520000)
  from space 17024K,  62% used [0x0000000088520000, 0x0000000088f8bed8, 0x00000000895c0000)
  to   space 17024K,   0% used [0x00000000895c0000, 0x00000000895c0000, 0x000000008a660000)
 concurrent mark-sweep generation total 1926784K, used 135836K [0x000000008a660000, 0x0000000100000000, 0x0000000100000000)
 Metaspace       used 81973K, capacity 87473K, committed 87596K, reserved 1126400K
  class space    used 10252K, capacity 10637K, committed 10740K, reserved 1048576K
}
2017-07-31T22:53:14.641+0000: 106.669: Total time for which application threads were stopped: 0.0238336 seconds, Stopping threads took: 0.0000841 seconds
2017-07-31T22:53:15.642+0000: 107.669: Total time for which application threads were stopped: 0.0001580 seconds, Stopping threads took: 0.0000431 seconds
2017-07-31T22:53:16.642+0000: 108.670: Total time for which application threads were stopped: 0.0001684 seconds, Stopping threads took: 0.0000414 seconds
2017-07-31T22:53:17.642+0000: 109.670: Total time for which application threads were stopped: 0.0003078 seconds, Stopping threads took: 0.0000733 seconds
2017-07-31T22:53:18.643+0000: 110.670: Total time for which application threads were stopped: 0.0002444 seconds, Stopping threads took: 0.0000428 seconds
2017-07-31T22:53:19.643+0000: 111.671: Total time for which application threads were stopped: 0.0002620 seconds, Stopping threads took: 0.0000508 seconds
2017-07-31T22:53:20.643+0000: 112.671: Total time for which application threads were stopped: 0.0001928 seconds, Stopping threads took: 0.0000462 seconds
2017-07-31T22:53:21.645+0000: 113.672: Total time for which application threads were stopped: 0.0002034 seconds, Stopping threads took: 0.0000665 seconds
2017-07-31T22:53:22.645+0000: 114.673: Total time for which application threads were stopped: 0.0001556 seconds, Stopping threads took: 0.0000443 seconds
2017-07-31T22:53:23.570+0000: 115.597: Total time for which application threads were stopped: 0.0009362 seconds, Stopping threads took: 0.0008075 seconds
2017-07-31T22:53:24.570+0000: 116.598: Total time for which application threads were stopped: 0.0001688 seconds, Stopping threads took: 0.0000416 seconds
2017-07-31T22:53:25.570+0000: 117.598: Total time for which application threads were stopped: 0.0001507 seconds, Stopping threads took: 0.0000436 seconds
2017-07-31T22:53:26.571+0000: 118.598: Total time for which application threads were stopped: 0.0002926 seconds, Stopping threads took: 0.0001723 seconds
2017-07-31T22:53:27.571+0000: 119.599: Total time for which application threads were stopped: 0.0001443 seconds, Stopping threads took: 0.0000471 seconds
2017-07-31T22:53:28.573+0000: 120.600: Total time for which application threads were stopped: 0.0001799 seconds, Stopping threads took: 0.0000468 seconds
{Heap before GC invocations=24 (full 3):
 par new generation   total 153344K, used 146991K [0x0000000080000000, 0x000000008a660000, 0x000000008a660000)
  eden space 136320K, 100% used [0x0000000080000000, 0x0000000088520000, 0x0000000088520000)
  from space 17024K,  62% used [0x0000000088520000, 0x0000000088f8bed8, 0x00000000895c0000)
  to   space 17024K,   0% used [0x00000000895c0000, 0x00000000895c0000, 0x000000008a660000)
 concurrent mark-sweep generation total 1926784K, used 135836K [0x000000008a660000, 0x0000000100000000, 0x0000000100000000)
 Metaspace       used 82358K, capacity 87945K, committed 88108K, reserved 1126400K
  class space    used 10263K, capacity 10641K, committed 10740K, reserved 1048576K
2017-07-31T22:53:29.036+0000: 121.064: [GC (Allocation Failure) Before GC:
Statistics for BinaryTreeDictionary:
------------------------------------
Total Free Space: 228896520
Max   Chunk Size: 227739349
Number of Blocks: 90
Av.  Block  Size: 2543294
Tree      Height: 14
2017-07-31T22:53:29.036+0000: 121.064: [ParNew
Desired survivor size 8716288 bytes, new threshold 6 (max 6)
- age   1:    2817512 bytes,    2817512 total
- age   2:    1258432 bytes,    4075944 total
- age   3:    1364312 bytes,    5440256 total
- age   4:    1221656 bytes,    6661912 total
- age   5:    1226760 bytes,    7888672 total
- age   6:    1776640 bytes,    9665312 total
: 146991K->14012K(153344K), 0.0286449 secs] 282828K->149848K(2080128K)After GC:
Statistics for BinaryTreeDictionary:
------------------------------------
Total Free Space: 228896520
Max   Chunk Size: 227739349
Number of Blocks: 90
Av.  Block  Size: 2543294
Tree      Height: 14
, 0.0287596 secs] [Times: user=0.06 sys=0.00, real=0.03 secs] 
Heap after GC invocations=25 (full 3):
 par new generation   total 153344K, used 14012K [0x0000000080000000, 0x000000008a660000, 0x000000008a660000)
  eden space 136320K,   0% used [0x0000000080000000, 0x0000000080000000, 0x0000000088520000)
  from space 17024K,  82% used [0x00000000895c0000, 0x000000008a36f090, 0x000000008a660000)
  to   space 17024K,   0% used [0x0000000088520000, 0x0000000088520000, 0x00000000895c0000)
 concurrent mark-sweep generation total 1926784K, used 135836K [0x000000008a660000, 0x0000000100000000, 0x0000000100000000)
 Metaspace       used 82358K, capacity 87945K, committed 88108K, reserved 1126400K
  class space    used 10263K, capacity 10641K, committed 10740K, reserved 1048576K
}
2017-07-31T22:53:29.065+0000: 121.093: Total time for which application threads were stopped: 0.0320594 seconds, Stopping threads took: 0.0030656 seconds
2017-07-31T22:53:30.065+0000: 122.093: Total time for which application threads were stopped: 0.0001764 seconds, Stopping threads took: 0.0000435 seconds
2017-07-31T22:53:31.065+0000: 123.093: Total time for which application threads were stopped: 0.0001866 seconds, Stopping threads took: 0.0000392 seconds
2017-07-31T22:53:32.066+0000: 124.094: Total time for which application threads were stopped: 0.0002370 seconds, Stopping threads took: 0.0000454 seconds
2017-07-31T22:53:33.066+0000: 125.094: Total time for which application threads were stopped: 0.0001480 seconds, Stopping threads took: 0.0000455 seconds
2017-07-31T22:53:34.066+0000: 126.094: Total time for which application threads were stopped: 0.0001821 seconds, Stopping threads took: 0.0000412 seconds
2017-07-31T22:53:35.067+0000: 127.094: Total time for which application threads were stopped: 0.0001297 seconds, Stopping threads took: 0.0000400 seconds
2017-07-31T22:53:36.067+0000: 128.095: Total time for which application threads were stopped: 0.0001536 seconds, Stopping threads took: 0.0000621 seconds
2017-07-31T22:53:37.067+0000: 129.095: Total time for which application threads were stopped: 0.0001474 seconds, Stopping threads took: 0.0000429 seconds
2017-07-31T22:53:38.067+0000: 130.095: Total time for which application threads were stopped: 0.0001590 seconds, Stopping threads took: 0.0000463 seconds
2017-07-31T22:53:39.068+0000: 131.096: Total time for which application threads were stopped: 0.0001799 seconds, Stopping threads took: 0.0000425 seconds
2017-07-31T22:53:40.068+0000: 132.096: Total time for which application threads were stopped: 0.0001651 seconds, Stopping threads took: 0.0000557 seconds
2017-07-31T22:53:41.068+0000: 133.096: Total time for which application threads were stopped: 0.0001457 seconds, Stopping threads took: 0.0000379 seconds
2017-07-31T22:53:42.068+0000: 134.096: Total time for which application threads were stopped: 0.0001747 seconds, Stopping threads took: 0.0000606 seconds
2017-07-31T22:53:44.069+0000: 136.097: Total time for which application threads were stopped: 0.0001453 seconds, Stopping threads took: 0.0000443 seconds
2017-07-31T22:53:45.069+0000: 137.097: Total time for which application threads were stopped: 0.0001402 seconds, Stopping threads took: 0.0000398 seconds
2017-07-31T22:53:46.069+0000: 138.097: Total time for which application threads were stopped: 0.0002290 seconds, Stopping threads took: 0.0001088 seconds
2017-07-31T22:53:47.070+0000: 139.097: Total time for which application threads were stopped: 0.0001669 seconds, Stopping threads took: 0.0000634 seconds
2017-07-31T22:53:48.070+0000: 140.098: Total time for which application threads were stopped: 0.0001630 seconds, Stopping threads took: 0.0000586 seconds
2017-07-31T22:53:49.070+0000: 141.098: Total time for which application threads were stopped: 0.0001805 seconds, Stopping threads took: 0.0000408 seconds
2017-07-31T22:53:50.070+0000: 142.098: Total time for which application threads were stopped: 0.0001230 seconds, Stopping threads took: 0.0000377 seconds
2017-07-31T22:53:51.071+0000: 143.098: Total time for which application threads were stopped: 0.0001386 seconds, Stopping threads took: 0.0000443 seconds
2017-07-31T22:53:52.071+0000: 144.099: Total time for which application threads were stopped: 0.0001466 seconds, Stopping threads took: 0.0000379 seconds
2017-07-31T22:53:53.071+0000: 145.099: Total time for which application threads were stopped: 0.0001424 seconds, Stopping threads took: 0.0000432 seconds
2017-07-31T22:53:53.167+0000: 145.195: Total time for which application threads were stopped: 0.0001577 seconds, Stopping threads took: 0.0000406 seconds
2017-07-31T22:53:53.167+0000: 145.195: Total time for which application threads were stopped: 0.0000674 seconds, Stopping threads took: 0.0000217 seconds
2017-07-31T22:53:54.168+0000: 146.195: Total time for which application threads were stopped: 0.0001428 seconds, Stopping threads took: 0.0000462 seconds
2017-07-31T22:53:55.168+0000: 147.196: Total time for which application threads were stopped: 0.0002834 seconds, Stopping threads took: 0.0000657 seconds
2017-07-31T22:53:56.169+0000: 148.196: Total time for which application threads were stopped: 0.0002973 seconds, Stopping threads took: 0.0000881 seconds
2017-07-31T22:53:57.169+0000: 149.196: Total time for which application threads were stopped: 0.0001811 seconds, Stopping threads took: 0.0000680 seconds
2017-07-31T22:53:58.169+0000: 150.197: Total time for which application threads were stopped: 0.0001415 seconds, Stopping threads took: 0.0000385 seconds
2017-07-31T22:53:59.169+0000: 151.197: Total time for which application threads were stopped: 0.0001330 seconds, Stopping threads took: 0.0000397 seconds
2017-07-31T22:53:59.498+0000: 151.525: Total time for which application threads were stopped: 0.0001512 seconds, Stopping threads took: 0.0000418 seconds
2017-07-31T22:54:00.498+0000: 152.526: Total time for which application threads were stopped: 0.0001852 seconds, Stopping threads took: 0.0000549 seconds
2017-07-31T22:54:01.498+0000: 153.526: Total time for which application threads were stopped: 0.0001651 seconds, Stopping threads took: 0.0000565 seconds
2017-07-31T22:54:02.499+0000: 154.526: Total time for which application threads were stopped: 0.0001807 seconds, Stopping threads took: 0.0000420 seconds
2017-07-31T22:54:03.499+0000: 155.527: Total time for which application threads were stopped: 0.0001787 seconds, Stopping threads took: 0.0000636 seconds
2017-07-31T22:54:04.499+0000: 156.527: Total time for which application threads were stopped: 0.0001440 seconds, Stopping threads took: 0.0000478 seconds
2017-07-31T22:54:05.499+0000: 157.527: Total time for which application threads were stopped: 0.0001660 seconds, Stopping threads took: 0.0000469 seconds
{Heap before GC invocations=25 (full 3):
 par new generation   total 153344K, used 150332K [0x0000000080000000, 0x000000008a660000, 0x000000008a660000)
  eden space 136320K, 100% used [0x0000000080000000, 0x0000000088520000, 0x0000000088520000)
  from space 17024K,  82% used [0x00000000895c0000, 0x000000008a36f090, 0x000000008a660000)
  to   space 17024K,   0% used [0x0000000088520000, 0x0000000088520000, 0x00000000895c0000)
 concurrent mark-sweep generation total 1926784K, used 135836K [0x000000008a660000, 0x0000000100000000, 0x0000000100000000)
 Metaspace       used 82591K, capacity 88137K, committed 88364K, reserved 1126400K
  class space    used 10264K, capacity 10641K, committed 10740K, reserved 1048576K
2017-07-31T22:54:06.108+0000: 158.136: [GC (Allocation Failure) Before GC:
Statistics for BinaryTreeDictionary:
------------------------------------
Total Free Space: 228896520
Max   Chunk Size: 227739349
Number of Blocks: 90
Av.  Block  Size: 2543294
Tree      Height: 14
2017-07-31T22:54:06.109+0000: 158.136: [ParNew
Desired survivor size 8716288 bytes, new threshold 6 (max 6)
- age   1:    1511368 bytes,    1511368 total
- age   2:    1476176 bytes,    2987544 total
- age   3:    1164368 bytes,    4151912 total
- age   4:    1285928 bytes,    5437840 total
- age   5:    1176328 bytes,    6614168 total
- age   6:    1198936 bytes,    7813104 total
: 150332K->8794K(153344K), 0.0306535 secs] 286168K->146383K(2080128K)After GC:
Statistics for BinaryTreeDictionary:
------------------------------------
Total Free Space: 228766343
Max   Chunk Size: 227739349
Number of Blocks: 71
Av.  Block  Size: 3222061
Tree      Height: 13
, 0.0307678 secs] [Times: user=0.07 sys=0.00, real=0.03 secs] 
Heap after GC invocations=26 (full 3):
 par new generation   total 153344K, used 8794K [0x0000000080000000, 0x000000008a660000, 0x000000008a660000)
  eden space 136320K,   0% used [0x0000000080000000, 0x0000000080000000, 0x0000000088520000)
  from space 17024K,  51% used [0x0000000088520000, 0x0000000088db6960, 0x00000000895c0000)
  to   space 17024K,   0% used [0x00000000895c0000, 0x00000000895c0000, 0x000000008a660000)
 concurrent mark-sweep generation total 1926784K, used 137589K [0x000000008a660000, 0x0000000100000000, 0x0000000100000000)
 Metaspace       used 82591K, capacity 88137K, committed 88364K, reserved 1126400K
  class space    used 10264K, capacity 10641K, committed 10740K, reserved 1048576K
}
2017-07-31T22:54:06.139+0000: 158.167: Total time for which application threads were stopped: 0.0310461 seconds, Stopping threads took: 0.0000886 seconds
2017-07-31T22:54:07.140+0000: 159.167: Total time for which application threads were stopped: 0.0001415 seconds, Stopping threads took: 0.0000311 seconds
2017-07-31T22:54:08.140+0000: 160.168: Total time for which application threads were stopped: 0.0001667 seconds, Stopping threads took: 0.0000710 seconds
2017-07-31T22:54:09.140+0000: 161.168: Total time for which application threads were stopped: 0.0001683 seconds, Stopping threads took: 0.0000701 seconds
2017-07-31T22:54:10.140+0000: 162.168: Total time for which application threads were stopped: 0.0001641 seconds, Stopping threads took: 0.0000722 seconds
2017-07-31T22:54:11.141+0000: 163.168: Total time for which application threads were stopped: 0.0001545 seconds, Stopping threads took: 0.0000404 seconds
2017-07-31T22:54:12.141+0000: 164.169: Total time for which application threads were stopped: 0.0001596 seconds, Stopping threads took: 0.0000422 seconds
2017-07-31T22:54:13.141+0000: 165.169: Total time for which application threads were stopped: 0.0001511 seconds, Stopping threads took: 0.0000549 seconds
2017-07-31T22:54:14.141+0000: 166.169: Total time for which application threads were stopped: 0.0001450 seconds, Stopping threads took: 0.0000445 seconds
2017-07-31T22:54:15.142+0000: 167.169: Total time for which application threads were stopped: 0.0001473 seconds, Stopping threads took: 0.0000368 seconds
2017-07-31T22:54:16.142+0000: 168.170: Total time for which application threads were stopped: 0.0001368 seconds, Stopping threads took: 0.0000422 seconds
2017-07-31T22:54:17.142+0000: 169.170: Total time for which application threads were stopped: 0.0001254 seconds, Stopping threads took: 0.0000418 seconds
2017-07-31T22:54:18.143+0000: 170.170: Total time for which application threads were stopped: 0.0001735 seconds, Stopping threads took: 0.0000388 seconds
2017-07-31T22:54:20.143+0000: 172.171: Total time for which application threads were stopped: 0.0001330 seconds, Stopping threads took: 0.0000425 seconds
2017-07-31T22:54:21.143+0000: 173.171: Total time for which application threads were stopped: 0.0001798 seconds, Stopping threads took: 0.0000736 seconds
2017-07-31T22:54:22.144+0000: 174.171: Total time for which application threads were stopped: 0.0001719 seconds, Stopping threads took: 0.0000687 seconds
2017-07-31T22:54:23.144+0000: 175.172: Total time for which application threads were stopped: 0.0001581 seconds, Stopping threads took: 0.0000395 seconds
2017-07-31T22:54:24.144+0000: 176.172: Total time for which application threads were stopped: 0.0001620 seconds, Stopping threads took: 0.0000387 seconds
2017-07-31T22:54:25.144+0000: 177.172: Total time for which application threads were stopped: 0.0001395 seconds, Stopping threads took: 0.0000495 seconds
2017-07-31T22:54:26.145+0000: 178.172: Total time for which application threads were stopped: 0.0001629 seconds, Stopping threads took: 0.0000424 seconds
2017-07-31T22:54:27.147+0000: 179.175: Total time for which application threads were stopped: 0.0001961 seconds, Stopping threads took: 0.0000899 seconds
2017-07-31T22:54:28.148+0000: 180.175: Total time for which application threads were stopped: 0.0002512 seconds, Stopping threads took: 0.0000659 seconds
2017-07-31T22:54:29.148+0000: 181.176: Total time for which application threads were stopped: 0.0001427 seconds, Stopping threads took: 0.0000509 seconds
2017-07-31T22:54:30.148+0000: 182.176: Total time for which application threads were stopped: 0.0001335 seconds, Stopping threads took: 0.0000408 seconds
2017-07-31T22:54:31.149+0000: 183.176: Total time for which application threads were stopped: 0.0001893 seconds, Stopping threads took: 0.0000795 seconds
2017-07-31T22:54:32.149+0000: 184.177: Total time for which application threads were stopped: 0.0001745 seconds, Stopping threads took: 0.0000655 seconds
2017-07-31T22:54:33.149+0000: 185.177: Total time for which application threads were stopped: 0.0001583 seconds, Stopping threads took: 0.0000426 seconds
2017-07-31T22:54:35.150+0000: 187.177: Total time for which application threads were stopped: 0.0001520 seconds, Stopping threads took: 0.0000340 seconds
2017-07-31T22:54:36.150+0000: 188.178: Total time for which application threads were stopped: 0.0001404 seconds, Stopping threads took: 0.0000405 seconds
2017-07-31T22:54:38.150+0000: 190.178: Total time for which application threads were stopped: 0.0001543 seconds, Stopping threads took: 0.0000432 seconds
2017-07-31T22:54:39.150+0000: 191.178: Total time for which application threads were stopped: 0.0001817 seconds, Stopping threads took: 0.0000899 seconds
2017-07-31T22:54:40.151+0000: 192.178: Total time for which application threads were stopped: 0.0001987 seconds, Stopping threads took: 0.0000662 seconds
2017-07-31T22:54:41.151+0000: 193.179: Total time for which application threads were stopped: 0.0001560 seconds, Stopping threads took: 0.0000462 seconds
2017-07-31T22:54:42.151+0000: 194.179: Total time for which application threads were stopped: 0.0001461 seconds, Stopping threads took: 0.0000375 seconds
2017-07-31T22:54:43.152+0000: 195.179: Total time for which application threads were stopped: 0.0001522 seconds, Stopping threads took: 0.0000406 seconds
2017-07-31T22:54:44.152+0000: 196.180: Total time for which application threads were stopped: 0.0001447 seconds, Stopping threads took: 0.0000407 seconds
2017-07-31T22:54:45.152+0000: 197.180: Total time for which application threads were stopped: 0.0001754 seconds, Stopping threads took: 0.0000792 seconds
2017-07-31T22:54:47.153+0000: 199.180: Total time for which application threads were stopped: 0.0001589 seconds, Stopping threads took: 0.0000531 seconds
2017-07-31T22:54:48.153+0000: 200.181: Total time for which application threads were stopped: 0.0001559 seconds, Stopping threads took: 0.0000533 seconds
2017-07-31T22:54:49.153+0000: 201.181: Total time for which application threads were stopped: 0.0001514 seconds, Stopping threads took: 0.0000409 seconds
2017-07-31T22:54:51.153+0000: 203.181: Total time for which application threads were stopped: 0.0001529 seconds, Stopping threads took: 0.0000418 seconds
2017-07-31T22:54:52.154+0000: 204.181: Total time for which application threads were stopped: 0.0001815 seconds, Stopping threads took: 0.0000677 seconds
2017-07-31T22:54:53.154+0000: 205.182: Total time for which application threads were stopped: 0.0001410 seconds, Stopping threads took: 0.0000445 seconds
2017-07-31T22:54:54.154+0000: 206.182: Total time for which application threads were stopped: 0.0001828 seconds, Stopping threads took: 0.0000700 seconds
2017-07-31T22:54:55.155+0000: 207.182: Total time for which application threads were stopped: 0.0001497 seconds, Stopping threads took: 0.0000385 seconds
2017-07-31T22:54:56.155+0000: 208.183: Total time for which application threads were stopped: 0.0001794 seconds, Stopping threads took: 0.0000531 seconds
2017-07-31T22:54:57.155+0000: 209.183: Total time for which application threads were stopped: 0.0001597 seconds, Stopping threads took: 0.0000651 seconds
2017-07-31T22:54:59.156+0000: 211.183: Total time for which application threads were stopped: 0.0001359 seconds, Stopping threads took: 0.0000422 seconds
2017-07-31T22:54:59.991+0000: 212.019: Total time for which application threads were stopped: 0.0033412 seconds, Stopping threads took: 0.0032218 seconds
2017-07-31T22:55:00.991+0000: 213.019: Total time for which application threads were stopped: 0.0001629 seconds, Stopping threads took: 0.0000627 seconds
2017-07-31T22:55:01.992+0000: 214.019: Total time for which application threads were stopped: 0.0001559 seconds, Stopping threads took: 0.0000692 seconds
2017-07-31T22:55:03.992+0000: 216.020: Total time for which application threads were stopped: 0.0001532 seconds, Stopping threads took: 0.0000420 seconds
2017-07-31T22:55:05.993+0000: 218.020: Total time for which application threads were stopped: 0.0001339 seconds, Stopping threads took: 0.0000426 seconds
2017-07-31T22:55:06.993+0000: 219.021: Total time for which application threads were stopped: 0.0001529 seconds, Stopping threads took: 0.0000607 seconds
2017-07-31T22:55:07.993+0000: 220.021: Total time for which application threads were stopped: 0.0001521 seconds, Stopping threads took: 0.0000417 seconds
2017-07-31T22:55:08.994+0000: 221.021: Total time for which application threads were stopped: 0.0003053 seconds, Stopping threads took: 0.0000692 seconds
2017-07-31T22:55:10.994+0000: 223.022: Total time for which application threads were stopped: 0.0001363 seconds, Stopping threads took: 0.0000432 seconds
2017-07-31T22:55:11.994+0000: 224.022: Total time for which application threads were stopped: 0.0002886 seconds, Stopping threads took: 0.0000695 seconds
2017-07-31T22:55:16.996+0000: 229.024: Total time for which application threads were stopped: 0.0001605 seconds, Stopping threads took: 0.0000649 seconds
2017-07-31T22:55:17.997+0000: 230.024: Total time for which application threads were stopped: 0.0001727 seconds, Stopping threads took: 0.0000466 seconds
2017-07-31T22:55:18.997+0000: 231.025: Total time for which application threads were stopped: 0.0001629 seconds, Stopping threads took: 0.0000575 seconds
2017-07-31T22:55:19.997+0000: 232.025: Total time for which application threads were stopped: 0.0001944 seconds, Stopping threads took: 0.0000553 seconds
{Heap before GC invocations=26 (full 3):
 par new generation   total 153344K, used 145114K [0x0000000080000000, 0x000000008a660000, 0x000000008a660000)
  eden space 136320K, 100% used [0x0000000080000000, 0x0000000088520000, 0x0000000088520000)
  from space 17024K,  51% used [0x0000000088520000, 0x0000000088db6960, 0x00000000895c0000)
  to   space 17024K,   0% used [0x00000000895c0000, 0x00000000895c0000, 0x000000008a660000)
 concurrent mark-sweep generation total 1926784K, used 137589K [0x000000008a660000, 0x0000000100000000, 0x0000000100000000)
 Metaspace       used 82727K, capacity 88265K, committed 88364K, reserved 1126400K
  class space    used 10265K, capacity 10641K, committed 10740K, reserved 1048576K
2017-07-31T22:55:20.904+0000: 232.932: [GC (Allocation Failure) Before GC:
Statistics for BinaryTreeDictionary:
------------------------------------
Total Free Space: 228766343
Max   Chunk Size: 227739349
Number of Blocks: 71
Av.  Block  Size: 3222061
Tree      Height: 13
2017-07-31T22:55:20.904+0000: 232.932: [ParNew
Desired survivor size 8716288 bytes, new threshold 6 (max 6)
- age   1:    1348992 bytes,    1348992 total
- age   2:    1125864 bytes,    2474856 total
- age   3:    1359864 bytes,    3834720 total
- age   4:    1109336 bytes,    4944056 total
- age   5:    1261872 bytes,    6205928 total
- age   6:    1155304 bytes,    7361232 total
: 145114K->11885K(153344K), 0.0274320 secs] 282703K->150655K(2080128K)After GC:
Statistics for BinaryTreeDictionary:
------------------------------------
Total Free Space: 228636951
Max   Chunk Size: 227739349
Number of Blocks: 61
Av.  Block  Size: 3748146
Tree      Height: 14
, 0.0275288 secs] [Times: user=0.06 sys=0.00, real=0.03 secs] 
Heap after GC invocations=27 (full 3):
 par new generation   total 153344K, used 11885K [0x0000000080000000, 0x000000008a660000, 0x000000008a660000)
  eden space 136320K,   0% used [0x0000000080000000, 0x0000000080000000, 0x0000000088520000)
  from space 17024K,  69% used [0x00000000895c0000, 0x000000008a15b428, 0x000000008a660000)
  to   space 17024K,   0% used [0x0000000088520000, 0x0000000088520000, 0x00000000895c0000)
 concurrent mark-sweep generation total 1926784K, used 138770K [0x000000008a660000, 0x0000000100000000, 0x0000000100000000)
 Metaspace       used 82727K, capacity 88265K, committed 88364K, reserved 1126400K
  class space    used 10265K, capacity 10641K, committed 10740K, reserved 1048576K
}
2017-07-31T22:55:20.932+0000: 232.960: Total time for which application threads were stopped: 0.0277848 seconds, Stopping threads took: 0.0000730 seconds
2017-07-31T22:55:21.933+0000: 233.960: Total time for which application threads were stopped: 0.0001629 seconds, Stopping threads took: 0.0000576 seconds
2017-07-31T22:55:23.933+0000: 235.961: Total time for which application threads were stopped: 0.0001672 seconds, Stopping threads took: 0.0000446 seconds
2017-07-31T22:55:24.933+0000: 236.961: Total time for which application threads were stopped: 0.0001334 seconds, Stopping threads took: 0.0000412 seconds
2017-07-31T22:55:25.933+0000: 237.961: Total time for which application threads were stopped: 0.0001501 seconds, Stopping threads took: 0.0000493 seconds
2017-07-31T22:55:26.942+0000: 238.969: Total time for which application threads were stopped: 0.0001609 seconds, Stopping threads took: 0.0000588 seconds
2017-07-31T22:55:27.942+0000: 239.970: Total time for which application threads were stopped: 0.0001470 seconds, Stopping threads took: 0.0000420 seconds
2017-07-31T22:55:28.942+0000: 240.970: Total time for which application threads were stopped: 0.0001518 seconds, Stopping threads took: 0.0000457 seconds
2017-07-31T22:55:29.942+0000: 241.970: Total time for which application threads were stopped: 0.0001659 seconds, Stopping threads took: 0.0000641 seconds
2017-07-31T22:55:30.954+0000: 242.981: Total time for which application threads were stopped: 0.0061359 seconds, Stopping threads took: 0.0060027 seconds
2017-07-31T22:55:31.954+0000: 243.982: Total time for which application threads were stopped: 0.0002035 seconds, Stopping threads took: 0.0000884 seconds
2017-07-31T22:55:32.954+0000: 244.982: Total time for which application threads were stopped: 0.0002705 seconds, Stopping threads took: 0.0000708 seconds
2017-07-31T22:55:33.955+0000: 245.982: Total time for which application threads were stopped: 0.0001550 seconds, Stopping threads took: 0.0000414 seconds
2017-07-31T22:55:35.955+0000: 247.983: Total time for which application threads were stopped: 0.0001423 seconds, Stopping threads took: 0.0000460 seconds
2017-07-31T22:55:36.955+0000: 248.983: Total time for which application threads were stopped: 0.0001800 seconds, Stopping threads took: 0.0000493 seconds
2017-07-31T22:55:37.956+0000: 249.983: Total time for which application threads were stopped: 0.0001389 seconds, Stopping threads took: 0.0000438 seconds
2017-07-31T22:55:38.956+0000: 250.984: Total time for which application threads were stopped: 0.0001568 seconds, Stopping threads took: 0.0000531 seconds
2017-07-31T22:55:39.956+0000: 251.984: Total time for which application threads were stopped: 0.0001562 seconds, Stopping threads took: 0.0000624 seconds
2017-07-31T22:55:40.957+0000: 252.984: Total time for which application threads were stopped: 0.0001769 seconds, Stopping threads took: 0.0000449 seconds
2017-07-31T22:55:41.957+0000: 253.985: Total time for which application threads were stopped: 0.0001431 seconds, Stopping threads took: 0.0000458 seconds
2017-07-31T22:55:42.957+0000: 254.985: Total time for which application threads were stopped: 0.0001630 seconds, Stopping threads took: 0.0000449 seconds
2017-07-31T22:55:43.957+0000: 255.985: Total time for which application threads were stopped: 0.0001418 seconds, Stopping threads took: 0.0000473 seconds
2017-07-31T22:55:44.958+0000: 256.985: Total time for which application threads were stopped: 0.0001407 seconds, Stopping threads took: 0.0000444 seconds
2017-07-31T22:55:45.958+0000: 257.986: Total time for which application threads were stopped: 0.0001537 seconds, Stopping threads took: 0.0000455 seconds
2017-07-31T22:55:46.958+0000: 258.986: Total time for which application threads were stopped: 0.0001517 seconds, Stopping threads took: 0.0000466 seconds
2017-07-31T22:55:47.958+0000: 259.986: Total time for which application threads were stopped: 0.0001581 seconds, Stopping threads took: 0.0000391 seconds
2017-07-31T22:55:48.959+0000: 260.986: Total time for which application threads were stopped: 0.0001637 seconds, Stopping threads took: 0.0000407 seconds
2017-07-31T22:55:50.959+0000: 262.987: Total time for which application threads were stopped: 0.0001366 seconds, Stopping threads took: 0.0000433 seconds
2017-07-31T22:55:51.962+0000: 263.989: Total time for which application threads were stopped: 0.0001706 seconds, Stopping threads took: 0.0000599 seconds
2017-07-31T22:55:52.962+0000: 264.990: Total time for which application threads were stopped: 0.0001302 seconds, Stopping threads took: 0.0000391 seconds
2017-07-31T22:55:53.962+0000: 265.990: Total time for which application threads were stopped: 0.0001275 seconds, Stopping threads took: 0.0000424 seconds
2017-07-31T22:55:54.962+0000: 266.990: Total time for which application threads were stopped: 0.0001547 seconds, Stopping threads took: 0.0000514 seconds
2017-07-31T22:55:56.963+0000: 268.991: Total time for which application threads were stopped: 0.0001373 seconds, Stopping threads took: 0.0000492 seconds
2017-07-31T22:55:57.963+0000: 269.991: Total time for which application threads were stopped: 0.0001422 seconds, Stopping threads took: 0.0000459 seconds
2017-07-31T22:55:58.276+0000: 270.304: Total time for which application threads were stopped: 0.0001838 seconds, Stopping threads took: 0.0000687 seconds
2017-07-31T22:55:58.276+0000: 270.304: Total time for which application threads were stopped: 0.0000748 seconds, Stopping threads took: 0.0000241 seconds
2017-07-31T22:55:58.276+0000: 270.304: Total time for which application threads were stopped: 0.0000702 seconds, Stopping threads took: 0.0000213 seconds
2017-07-31T22:55:58.276+0000: 270.304: Total time for which application threads were stopped: 0.0001129 seconds, Stopping threads took: 0.0000314 seconds
2017-07-31T22:55:58.276+0000: 270.304: Total time for which application threads were stopped: 0.0001162 seconds, Stopping threads took: 0.0000474 seconds
2017-07-31T22:55:59.277+0000: 271.304: Total time for which application threads were stopped: 0.0001557 seconds, Stopping threads took: 0.0000476 seconds
2017-07-31T22:56:00.277+0000: 272.305: Total time for which application threads were stopped: 0.0001402 seconds, Stopping threads took: 0.0000413 seconds
2017-07-31T22:56:01.277+0000: 273.305: Total time for which application threads were stopped: 0.0001367 seconds, Stopping threads took: 0.0000394 seconds
2017-07-31T22:56:02.278+0000: 274.305: Total time for which application threads were stopped: 0.0001978 seconds, Stopping threads took: 0.0000439 seconds
2017-07-31T22:56:03.278+0000: 275.305: Total time for which application threads were stopped: 0.0001408 seconds, Stopping threads took: 0.0000456 seconds
2017-07-31T22:56:04.278+0000: 276.306: Total time for which application threads were stopped: 0.0001373 seconds, Stopping threads took: 0.0000444 seconds
2017-07-31T22:56:05.278+0000: 277.306: Total time for which application threads were stopped: 0.0001782 seconds, Stopping threads took: 0.0000454 seconds
2017-07-31T22:56:06.279+0000: 278.306: Total time for which application threads were stopped: 0.0001573 seconds, Stopping threads took: 0.0000438 seconds
2017-07-31T22:56:08.279+0000: 280.307: Total time for which application threads were stopped: 0.0001360 seconds, Stopping threads took: 0.0000423 seconds
2017-07-31T22:56:10.279+0000: 282.307: Total time for which application threads were stopped: 0.0001364 seconds, Stopping threads took: 0.0000436 seconds
2017-07-31T22:56:14.280+0000: 286.307: Total time for which application threads were stopped: 0.0001614 seconds, Stopping threads took: 0.0000582 seconds
2017-07-31T22:56:17.280+0000: 289.308: Total time for which application threads were stopped: 0.0001399 seconds, Stopping threads took: 0.0000468 seconds
2017-07-31T22:56:18.281+0000: 290.308: Total time for which application threads were stopped: 0.0001380 seconds, Stopping threads took: 0.0000467 seconds
2017-07-31T22:56:19.281+0000: 291.309: Total time for which application threads were stopped: 0.0001501 seconds, Stopping threads took: 0.0000421 seconds
2017-07-31T22:56:21.281+0000: 293.309: Total time for which application threads were stopped: 0.0001586 seconds, Stopping threads took: 0.0000557 seconds
2017-07-31T22:56:22.282+0000: 294.309: Total time for which application threads were stopped: 0.0002807 seconds, Stopping threads took: 0.0000691 seconds
2017-07-31T22:56:23.282+0000: 295.310: Total time for which application threads were stopped: 0.0001578 seconds, Stopping threads took: 0.0000426 seconds
2017-07-31T22:56:24.282+0000: 296.310: Total time for which application threads were stopped: 0.0001788 seconds, Stopping threads took: 0.0000479 seconds
2017-07-31T22:56:25.283+0000: 297.310: Total time for which application threads were stopped: 0.0001763 seconds, Stopping threads took: 0.0000647 seconds
2017-07-31T22:56:26.283+0000: 298.311: Total time for which application threads were stopped: 0.0001393 seconds, Stopping threads took: 0.0000389 seconds
2017-07-31T22:56:27.283+0000: 299.311: Total time for which application threads were stopped: 0.0001815 seconds, Stopping threads took: 0.0000670 seconds
2017-07-31T22:56:28.284+0000: 300.311: Total time for which application threads were stopped: 0.0001289 seconds, Stopping threads took: 0.0000394 seconds
2017-07-31T22:56:29.284+0000: 301.311: Total time for which application threads were stopped: 0.0001429 seconds, Stopping threads took: 0.0000521 seconds
2017-07-31T22:56:30.284+0000: 302.312: Total time for which application threads were stopped: 0.0001588 seconds, Stopping threads took: 0.0000427 seconds
{Heap before GC invocations=27 (full 3):
 par new generation   total 153344K, used 148205K [0x0000000080000000, 0x000000008a660000, 0x000000008a660000)
  eden space 136320K, 100% used [0x0000000080000000, 0x0000000088520000, 0x0000000088520000)
  from space 17024K,  69% used [0x00000000895c0000, 0x000000008a15b428, 0x000000008a660000)
  to   space 17024K,   0% used [0x0000000088520000, 0x0000000088520000, 0x00000000895c0000)
 concurrent mark-sweep generation total 1926784K, used 138770K [0x000000008a660000, 0x0000000100000000, 0x0000000100000000)
 Metaspace       used 82860K, capacity 88329K, committed 88532K, reserved 1126400K
  class space    used 10265K, capacity 10641K, committed 10740K, reserved 1048576K
2017-07-31T22:56:30.953+0000: 302.981: [GC (Allocation Failure) Before GC:
Statistics for BinaryTreeDictionary:
------------------------------------
Total Free Space: 228636951
Max   Chunk Size: 227739349
Number of Blocks: 61
Av.  Block  Size: 3748146
Tree      Height: 14
2017-07-31T22:56:30.953+0000: 302.981: [ParNew
Desired survivor size 8716288 bytes, new threshold 6 (max 6)
- age   1:    1415440 bytes,    1415440 total
- age   2:     834880 bytes,    2250320 total
- age   3:    1091832 bytes,    3342152 total
- age   4:    1338104 bytes,    4680256 total
- age   5:    1094176 bytes,    5774432 total
- age   6:    1249200 bytes,    7023632 total
: 148205K->7370K(153344K), 0.0475205 secs] 286975K->147291K(2080128K)After GC:
Statistics for BinaryTreeDictionary:
------------------------------------
Total Free Space: 228506764
Max   Chunk Size: 227739349
Number of Blocks: 54
Av.  Block  Size: 4231606
Tree      Height: 14
, 0.0476405 secs] [Times: user=0.08 sys=0.00, real=0.05 secs] 
Heap after GC invocations=28 (full 3):
 par new generation   total 153344K, used 7370K [0x0000000080000000, 0x000000008a660000, 0x000000008a660000)
  eden space 136320K,   0% used [0x0000000080000000, 0x0000000080000000, 0x0000000088520000)
  from space 17024K,  43% used [0x0000000088520000, 0x0000000088c52bb0, 0x00000000895c0000)
  to   space 17024K,   0% used [0x00000000895c0000, 0x00000000895c0000, 0x000000008a660000)
 concurrent mark-sweep generation total 1926784K, used 139920K [0x000000008a660000, 0x0000000100000000, 0x0000000100000000)
 Metaspace       used 82860K, capacity 88329K, committed 88532K, reserved 1126400K
  class space    used 10265K, capacity 10641K, committed 10740K, reserved 1048576K
}
2017-07-31T22:56:31.001+0000: 303.029: Total time for which application threads were stopped: 0.0478864 seconds, Stopping threads took: 0.0000356 seconds
2017-07-31T22:56:32.001+0000: 304.029: Total time for which application threads were stopped: 0.0001618 seconds, Stopping threads took: 0.0000438 seconds
2017-07-31T22:56:34.002+0000: 306.030: Total time for which application threads were stopped: 0.0001558 seconds, Stopping threads took: 0.0000448 seconds
2017-07-31T22:56:37.002+0000: 309.030: Total time for which application threads were stopped: 0.0001256 seconds, Stopping threads took: 0.0000376 seconds
2017-07-31T22:56:38.006+0000: 310.034: Total time for which application threads were stopped: 0.0001680 seconds, Stopping threads took: 0.0000467 seconds
2017-07-31T22:56:39.006+0000: 311.034: Total time for which application threads were stopped: 0.0001335 seconds, Stopping threads took: 0.0000436 seconds
2017-07-31T22:56:41.006+0000: 313.034: Total time for which application threads were stopped: 0.0001333 seconds, Stopping threads took: 0.0000430 seconds
2017-07-31T22:56:42.007+0000: 314.034: Total time for which application threads were stopped: 0.0001271 seconds, Stopping threads took: 0.0000411 seconds
2017-07-31T22:56:43.007+0000: 315.035: Total time for which application threads were stopped: 0.0002038 seconds, Stopping threads took: 0.0001043 seconds
2017-07-31T22:56:44.007+0000: 316.035: Total time for which application threads were stopped: 0.0001349 seconds, Stopping threads took: 0.0000441 seconds
2017-07-31T22:56:45.008+0000: 317.035: Total time for which application threads were stopped: 0.0001622 seconds, Stopping threads took: 0.0000472 seconds
2017-07-31T22:56:47.008+0000: 319.036: Total time for which application threads were stopped: 0.0002416 seconds, Stopping threads took: 0.0000666 seconds
2017-07-31T22:56:51.009+0000: 323.036: Total time for which application threads were stopped: 0.0001499 seconds, Stopping threads took: 0.0000469 seconds
2017-07-31T22:56:52.009+0000: 324.037: Total time for which application threads were stopped: 0.0001552 seconds, Stopping threads took: 0.0000539 seconds
2017-07-31T22:56:54.009+0000: 326.037: Total time for which application threads were stopped: 0.0002553 seconds, Stopping threads took: 0.0000695 seconds
2017-07-31T22:56:55.010+0000: 327.037: Total time for which application threads were stopped: 0.0001806 seconds, Stopping threads took: 0.0000671 seconds
2017-07-31T22:56:57.010+0000: 329.038: Total time for which application threads were stopped: 0.0001328 seconds, Stopping threads took: 0.0000433 seconds
2017-07-31T22:56:58.010+0000: 330.038: Total time for which application threads were stopped: 0.0001409 seconds, Stopping threads took: 0.0000427 seconds
2017-07-31T22:56:59.010+0000: 331.038: Total time for which application threads were stopped: 0.0001431 seconds, Stopping threads took: 0.0000413 seconds
2017-07-31T22:57:00.011+0000: 332.038: Total time for which application threads were stopped: 0.0001693 seconds, Stopping threads took: 0.0000598 seconds
2017-07-31T22:57:04.011+0000: 336.039: Total time for which application threads were stopped: 0.0001589 seconds, Stopping threads took: 0.0000433 seconds
2017-07-31T22:57:05.012+0000: 337.039: Total time for which application threads were stopped: 0.0001439 seconds, Stopping threads took: 0.0000374 seconds
2017-07-31T22:57:09.014+0000: 341.041: Total time for which application threads were stopped: 0.0001492 seconds, Stopping threads took: 0.0000549 seconds
2017-07-31T22:57:10.014+0000: 342.042: Total time for which application threads were stopped: 0.0001373 seconds, Stopping threads took: 0.0000447 seconds
2017-07-31T22:57:11.014+0000: 343.042: Total time for which application threads were stopped: 0.0001457 seconds, Stopping threads took: 0.0000540 seconds
2017-07-31T22:57:13.015+0000: 345.042: Total time for which application threads were stopped: 0.0001390 seconds, Stopping threads took: 0.0000356 seconds
2017-07-31T22:57:16.015+0000: 348.043: Total time for which application threads were stopped: 0.0001445 seconds, Stopping threads took: 0.0000425 seconds
2017-07-31T22:57:24.016+0000: 356.044: Total time for which application threads were stopped: 0.0001637 seconds, Stopping threads took: 0.0000537 seconds
2017-07-31T22:57:25.017+0000: 357.044: Total time for which application threads were stopped: 0.0001352 seconds, Stopping threads took: 0.0000433 seconds
2017-07-31T22:57:28.017+0000: 360.045: Total time for which application threads were stopped: 0.0001431 seconds, Stopping threads took: 0.0000442 seconds
2017-07-31T22:57:30.017+0000: 362.045: Total time for which application threads were stopped: 0.0001336 seconds, Stopping threads took: 0.0000389 seconds
2017-07-31T22:57:31.018+0000: 363.045: Total time for which application threads were stopped: 0.0001365 seconds, Stopping threads took: 0.0000378 seconds
2017-07-31T22:57:32.018+0000: 364.046: Total time for which application threads were stopped: 0.0001679 seconds, Stopping threads took: 0.0000741 seconds
2017-07-31T22:57:33.018+0000: 365.046: Total time for which application threads were stopped: 0.0001378 seconds, Stopping threads took: 0.0000454 seconds
2017-07-31T22:57:34.018+0000: 366.046: Total time for which application threads were stopped: 0.0001552 seconds, Stopping threads took: 0.0000451 seconds
2017-07-31T22:57:35.019+0000: 367.046: Total time for which application threads were stopped: 0.0001378 seconds, Stopping threads took: 0.0000425 seconds
2017-07-31T22:57:39.019+0000: 371.047: Total time for which application threads were stopped: 0.0001420 seconds, Stopping threads took: 0.0000391 seconds
2017-07-31T22:57:40.020+0000: 372.047: Total time for which application threads were stopped: 0.0001859 seconds, Stopping threads took: 0.0000598 seconds
2017-07-31T22:57:42.020+0000: 374.048: Total time for which application threads were stopped: 0.0001369 seconds, Stopping threads took: 0.0000437 seconds
2017-07-31T22:57:43.020+0000: 375.048: Total time for which application threads were stopped: 0.0001310 seconds, Stopping threads took: 0.0000407 seconds
2017-07-31T22:57:44.021+0000: 376.048: Total time for which application threads were stopped: 0.0001576 seconds, Stopping threads took: 0.0000582 seconds
2017-07-31T22:57:47.021+0000: 379.049: Total time for which application threads were stopped: 0.0001536 seconds, Stopping threads took: 0.0000398 seconds
2017-07-31T22:57:48.021+0000: 380.049: Total time for which application threads were stopped: 0.0001426 seconds, Stopping threads took: 0.0000422 seconds
2017-07-31T22:57:49.022+0000: 381.049: Total time for which application threads were stopped: 0.0001269 seconds, Stopping threads took: 0.0000393 seconds
{Heap before GC invocations=28 (full 3):
 par new generation   total 153344K, used 143690K [0x0000000080000000, 0x000000008a660000, 0x000000008a660000)
  eden space 136320K, 100% used [0x0000000080000000, 0x0000000088520000, 0x0000000088520000)
  from space 17024K,  43% used [0x0000000088520000, 0x0000000088c52bb0, 0x00000000895c0000)
  to   space 17024K,   0% used [0x00000000895c0000, 0x00000000895c0000, 0x000000008a660000)
 concurrent mark-sweep generation total 1926784K, used 139920K [0x000000008a660000, 0x0000000100000000, 0x0000000100000000)
 Metaspace       used 82903K, capacity 88393K, committed 88532K, reserved 1126400K
  class space    used 10265K, capacity 10641K, committed 10740K, reserved 1048576K
2017-07-31T22:57:50.208+0000: 382.236: [GC (Allocation Failure) Before GC:
Statistics for BinaryTreeDictionary:
------------------------------------
Total Free Space: 228506764
Max   Chunk Size: 227739349
Number of Blocks: 54
Av.  Block  Size: 4231606
Tree      Height: 14
2017-07-31T22:57:50.208+0000: 382.236: [ParNew
Desired survivor size 8716288 bytes, new threshold 6 (max 6)
- age   1:    1361840 bytes,    1361840 total
- age   2:     910608 bytes,    2272448 total
- age   3:     772200 bytes,    3044648 total
- age   4:    1073792 bytes,    4118440 total
- age   5:    1326992 bytes,    5445432 total
- age   6:    1087480 bytes,    6532912 total
: 143690K->6988K(153344K), 0.0264039 secs] 283611K->148153K(2080128K)After GC:
Statistics for BinaryTreeDictionary:
------------------------------------
Total Free Space: 228347448
Max   Chunk Size: 227739349
Number of Blocks: 37
Av.  Block  Size: 6171552
Tree      Height: 13
, 0.0264818 secs] [Times: user=0.06 sys=0.00, real=0.03 secs] 
Heap after GC invocations=29 (full 3):
 par new generation   total 153344K, used 6988K [0x0000000080000000, 0x000000008a660000, 0x000000008a660000)
  eden space 136320K,   0% used [0x0000000080000000, 0x0000000080000000, 0x0000000088520000)
  from space 17024K,  41% used [0x00000000895c0000, 0x0000000089c93168, 0x000000008a660000)
  to   space 17024K,   0% used [0x0000000088520000, 0x0000000088520000, 0x00000000895c0000)
 concurrent mark-sweep generation total 1926784K, used 141165K [0x000000008a660000, 0x0000000100000000, 0x0000000100000000)
 Metaspace       used 82903K, capacity 88393K, committed 88532K, reserved 1126400K
  class space    used 10265K, capacity 10641K, committed 10740K, reserved 1048576K
}
2017-07-31T22:57:50.235+0000: 382.263: Total time for which application threads were stopped: 0.0267820 seconds, Stopping threads took: 0.0000933 seconds
2017-07-31T22:57:51.243+0000: 383.270: Total time for which application threads were stopped: 0.0001805 seconds, Stopping threads took: 0.0000410 seconds
2017-07-31T22:57:56.244+0000: 388.271: Total time for which application threads were stopped: 0.0001601 seconds, Stopping threads took: 0.0000411 seconds
2017-07-31T22:57:59.244+0000: 391.272: Total time for which application threads were stopped: 0.0001384 seconds, Stopping threads took: 0.0000455 seconds
2017-07-31T22:58:00.244+0000: 392.272: Total time for which application threads were stopped: 0.0001541 seconds, Stopping threads took: 0.0000432 seconds
2017-07-31T22:58:06.245+0000: 398.273: Total time for which application threads were stopped: 0.0001354 seconds, Stopping threads took: 0.0000410 seconds
2017-07-31T22:58:07.246+0000: 399.273: Total time for which application threads were stopped: 0.0001564 seconds, Stopping threads took: 0.0000401 seconds
2017-07-31T22:58:09.246+0000: 401.274: Total time for which application threads were stopped: 0.0001582 seconds, Stopping threads took: 0.0000640 seconds
2017-07-31T22:58:10.246+0000: 402.274: Total time for which application threads were stopped: 0.0001569 seconds, Stopping threads took: 0.0000456 seconds
2017-07-31T22:58:11.246+0000: 403.274: Total time for which application threads were stopped: 0.0001619 seconds, Stopping threads took: 0.0000414 seconds
2017-07-31T22:58:12.247+0000: 404.274: Total time for which application threads were stopped: 0.0001596 seconds, Stopping threads took: 0.0000411 seconds
2017-07-31T22:58:13.247+0000: 405.275: Total time for which application threads were stopped: 0.0001530 seconds, Stopping threads took: 0.0000437 seconds
2017-07-31T22:58:17.248+0000: 409.275: Total time for which application threads were stopped: 0.0001710 seconds, Stopping threads took: 0.0000529 seconds
2017-07-31T22:58:22.248+0000: 414.276: Total time for which application threads were stopped: 0.0001442 seconds, Stopping threads took: 0.0000532 seconds
2017-07-31T22:58:24.249+0000: 416.276: Total time for which application threads were stopped: 0.0002000 seconds, Stopping threads took: 0.0000779 seconds
2017-07-31T22:58:25.249+0000: 417.277: Total time for which application threads were stopped: 0.0001550 seconds, Stopping threads took: 0.0000462 seconds
2017-07-31T22:58:26.249+0000: 418.277: Total time for which application threads were stopped: 0.0001587 seconds, Stopping threads took: 0.0000428 seconds
2017-07-31T22:58:27.250+0000: 419.277: Total time for which application threads were stopped: 0.0001634 seconds, Stopping threads took: 0.0000688 seconds
2017-07-31T22:58:28.250+0000: 420.278: Total time for which application threads were stopped: 0.0001557 seconds, Stopping threads took: 0.0000437 seconds
2017-07-31T22:58:30.250+0000: 422.278: Total time for which application threads were stopped: 0.0001428 seconds, Stopping threads took: 0.0000474 seconds
2017-07-31T22:58:31.250+0000: 423.278: Total time for which application threads were stopped: 0.0001408 seconds, Stopping threads took: 0.0000449 seconds
2017-07-31T22:58:39.252+0000: 431.279: Total time for which application threads were stopped: 0.0001524 seconds, Stopping threads took: 0.0000417 seconds
2017-07-31T22:58:40.252+0000: 432.280: Total time for which application threads were stopped: 0.0001360 seconds, Stopping threads took: 0.0000431 seconds
2017-07-31T22:58:41.252+0000: 433.280: Total time for which application threads were stopped: 0.0001624 seconds, Stopping threads took: 0.0000576 seconds
2017-07-31T22:58:44.253+0000: 436.281: Total time for which application threads were stopped: 0.0001270 seconds, Stopping threads took: 0.0000310 seconds
2017-07-31T22:58:45.253+0000: 437.281: Total time for which application threads were stopped: 0.0001646 seconds, Stopping threads took: 0.0000455 seconds
2017-07-31T22:58:47.254+0000: 439.281: Total time for which application threads were stopped: 0.0001370 seconds, Stopping threads took: 0.0000371 seconds
2017-07-31T22:58:50.254+0000: 442.282: Total time for which application threads were stopped: 0.0002915 seconds, Stopping threads took: 0.0001115 seconds
2017-07-31T22:58:54.255+0000: 446.283: Total time for which application threads were stopped: 0.0001516 seconds, Stopping threads took: 0.0000423 seconds
2017-07-31T22:58:55.255+0000: 447.283: Total time for which application threads were stopped: 0.0001782 seconds, Stopping threads took: 0.0000794 seconds
2017-07-31T22:58:56.256+0000: 448.283: Total time for which application threads were stopped: 0.0001608 seconds, Stopping threads took: 0.0000440 seconds
2017-07-31T22:59:01.256+0000: 453.284: Total time for which application threads were stopped: 0.0001413 seconds, Stopping threads took: 0.0000438 seconds
2017-07-31T22:59:06.257+0000: 458.285: Total time for which application threads were stopped: 0.0002190 seconds, Stopping threads took: 0.0001226 seconds
{Heap before GC invocations=29 (full 3):
 par new generation   total 153344K, used 143308K [0x0000000080000000, 0x000000008a660000, 0x000000008a660000)
  eden space 136320K, 100% used [0x0000000080000000, 0x0000000088520000, 0x0000000088520000)
  from space 17024K,  41% used [0x00000000895c0000, 0x0000000089c93168, 0x000000008a660000)
  to   space 17024K,   0% used [0x0000000088520000, 0x0000000088520000, 0x00000000895c0000)
 concurrent mark-sweep generation total 1926784K, used 141165K [0x000000008a660000, 0x0000000100000000, 0x0000000100000000)
 Metaspace       used 82970K, capacity 88463K, committed 88788K, reserved 1128448K
  class space    used 10266K, capacity 10642K, committed 10740K, reserved 1048576K
2017-07-31T22:59:10.143+0000: 462.170: [GC (Allocation Failure) Before GC:
Statistics for BinaryTreeDictionary:
------------------------------------
Total Free Space: 228347448
Max   Chunk Size: 227739349
Number of Blocks: 37
Av.  Block  Size: 6171552
Tree      Height: 13
2017-07-31T22:59:10.143+0000: 462.171: [ParNew
Desired survivor size 8716288 bytes, new threshold 6 (max 6)
- age   1:    1489944 bytes,    1489944 total
- age   2:     805664 bytes,    2295608 total
- age   3:     854616 bytes,    3150224 total
- age   4:     742392 bytes,    3892616 total
- age   5:    1065496 bytes,    4958112 total
- age   6:    1318328 bytes,    6276440 total
: 143308K->9792K(153344K), 0.0292442 secs] 284473K->152042K(2080128K)After GC:
Statistics for BinaryTreeDictionary:
------------------------------------
Total Free Space: 228216713
Max   Chunk Size: 227739349
Number of Blocks: 25
Av.  Block  Size: 9128668
Tree      Height: 8
, 0.0293322 secs] [Times: user=0.05 sys=0.00, real=0.03 secs] 
Heap after GC invocations=30 (full 3):
 par new generation   total 153344K, used 9792K [0x0000000080000000, 0x000000008a660000, 0x000000008a660000)
  eden space 136320K,   0% used [0x0000000080000000, 0x0000000080000000, 0x0000000088520000)
  from space 17024K,  57% used [0x0000000088520000, 0x0000000088eb00d0, 0x00000000895c0000)
  to   space 17024K,   0% used [0x00000000895c0000, 0x00000000895c0000, 0x000000008a660000)
 concurrent mark-sweep generation total 1926784K, used 142249K [0x000000008a660000, 0x0000000100000000, 0x0000000100000000)
 Metaspace       used 82970K, capacity 88463K, committed 88788K, reserved 1128448K
  class space    used 10266K, capacity 10642K, committed 10740K, reserved 1048576K
}
2017-07-31T22:59:10.172+0000: 462.200: Total time for which application threads were stopped: 0.0295738 seconds, Stopping threads took: 0.0000332 seconds
2017-07-31T22:59:14.173+0000: 466.201: Total time for which application threads were stopped: 0.0001399 seconds, Stopping threads took: 0.0000442 seconds
2017-07-31T22:59:15.173+0000: 467.201: Total time for which application threads were stopped: 0.0002061 seconds, Stopping threads took: 0.0000690 seconds
2017-07-31T22:59:16.174+0000: 468.201: Total time for which application threads were stopped: 0.0001920 seconds, Stopping threads took: 0.0000784 seconds
2017-07-31T22:59:17.174+0000: 469.202: Total time for which application threads were stopped: 0.0001519 seconds, Stopping threads took: 0.0000433 seconds
2017-07-31T22:59:21.175+0000: 473.202: Total time for which application threads were stopped: 0.0001794 seconds, Stopping threads took: 0.0000601 seconds
2017-07-31T22:59:22.175+0000: 474.203: Total time for which application threads were stopped: 0.0002795 seconds, Stopping threads took: 0.0001377 seconds
2017-07-31T22:59:24.175+0000: 476.203: Total time for which application threads were stopped: 0.0001464 seconds, Stopping threads took: 0.0000522 seconds
2017-07-31T22:59:28.176+0000: 480.204: Total time for which application threads were stopped: 0.0001346 seconds, Stopping threads took: 0.0000416 seconds
2017-07-31T22:59:29.176+0000: 481.204: Total time for which application threads were stopped: 0.0001699 seconds, Stopping threads took: 0.0000670 seconds
2017-07-31T22:59:31.176+0000: 483.204: Total time for which application threads were stopped: 0.0001581 seconds, Stopping threads took: 0.0000418 seconds
2017-07-31T22:59:33.177+0000: 485.205: Total time for which application threads were stopped: 0.0001364 seconds, Stopping threads took: 0.0000435 seconds
2017-07-31T22:59:34.177+0000: 486.205: Total time for which application threads were stopped: 0.0001538 seconds, Stopping threads took: 0.0000431 seconds
2017-07-31T22:59:37.183+0000: 489.210: Total time for which application threads were stopped: 0.0001726 seconds, Stopping threads took: 0.0000603 seconds
2017-07-31T22:59:41.183+0000: 493.211: Total time for which application threads were stopped: 0.0001557 seconds, Stopping threads took: 0.0000535 seconds
2017-07-31T22:59:43.184+0000: 495.211: Total time for which application threads were stopped: 0.0001662 seconds, Stopping threads took: 0.0000460 seconds
2017-07-31T22:59:51.185+0000: 503.213: Total time for which application threads were stopped: 0.0002413 seconds, Stopping threads took: 0.0001246 seconds
2017-07-31T22:59:57.186+0000: 509.213: Total time for which application threads were stopped: 0.0001477 seconds, Stopping threads took: 0.0000526 seconds
2017-07-31T22:59:58.186+0000: 510.214: Total time for which application threads were stopped: 0.0001409 seconds, Stopping threads took: 0.0000429 seconds
2017-07-31T23:00:06.187+0000: 518.215: Total time for which application threads were stopped: 0.0002642 seconds, Stopping threads took: 0.0000672 seconds
2017-07-31T23:00:14.188+0000: 526.216: Total time for which application threads were stopped: 0.0001511 seconds, Stopping threads took: 0.0000459 seconds
2017-07-31T23:00:17.189+0000: 529.216: Total time for which application threads were stopped: 0.0001465 seconds, Stopping threads took: 0.0000524 seconds
2017-07-31T23:00:23.189+0000: 535.217: Total time for which application threads were stopped: 0.0002200 seconds, Stopping threads took: 0.0000711 seconds
2017-07-31T23:00:26.190+0000: 538.218: Total time for which application threads were stopped: 0.0001898 seconds, Stopping threads took: 0.0000665 seconds
2017-07-31T23:00:30.191+0000: 542.218: Total time for which application threads were stopped: 0.0001609 seconds, Stopping threads took: 0.0000676 seconds
{Heap before GC invocations=30 (full 3):
 par new generation   total 153344K, used 146112K [0x0000000080000000, 0x000000008a660000, 0x000000008a660000)
  eden space 136320K, 100% used [0x0000000080000000, 0x0000000088520000, 0x0000000088520000)
  from space 17024K,  57% used [0x0000000088520000, 0x0000000088eb00d0, 0x00000000895c0000)
  to   space 17024K,   0% used [0x00000000895c0000, 0x00000000895c0000, 0x000000008a660000)
 concurrent mark-sweep generation total 1926784K, used 142249K [0x000000008a660000, 0x0000000100000000, 0x0000000100000000)
 Metaspace       used 83006K, capacity 88463K, committed 88788K, reserved 1128448K
  class space    used 10266K, capacity 10642K, committed 10740K, reserved 1048576K
2017-07-31T23:00:30.946+0000: 542.974: [GC (Allocation Failure) Before GC:
Statistics for BinaryTreeDictionary:
------------------------------------
Total Free Space: 228216713
Max   Chunk Size: 227739349
Number of Blocks: 25
Av.  Block  Size: 9128668
Tree      Height: 8
2017-07-31T23:00:30.946+0000: 542.974: [ParNew
Desired survivor size 8716288 bytes, new threshold 6 (max 6)
- age   1:    1293120 bytes,    1293120 total
- age   2:     902688 bytes,    2195808 total
- age   3:     749024 bytes,    2944832 total
- age   4:     829992 bytes,    3774824 total
- age   5:     730616 bytes,    4505440 total
- age   6:    1061480 bytes,    5566920 total
: 146112K->6230K(153344K), 0.0316926 secs] 288362K->149796K(2080128K)After GC:
Statistics for BinaryTreeDictionary:
------------------------------------
Total Free Space: 228048633
Max   Chunk Size: 227739349
Number of Blocks: 11
Av.  Block  Size: 20731693
Tree      Height: 4
, 0.0317760 secs] [Times: user=0.05 sys=0.00, real=0.03 secs] 
Heap after GC invocations=31 (full 3):
 par new generation   total 153344K, used 6230K [0x0000000080000000, 0x000000008a660000, 0x000000008a660000)
  eden space 136320K,   0% used [0x0000000080000000, 0x0000000080000000, 0x0000000088520000)
  from space 17024K,  36% used [0x00000000895c0000, 0x0000000089bd58b8, 0x000000008a660000)
  to   space 17024K,   0% used [0x0000000088520000, 0x0000000088520000, 0x00000000895c0000)
 concurrent mark-sweep generation total 1926784K, used 143566K [0x000000008a660000, 0x0000000100000000, 0x0000000100000000)
 Metaspace       used 83006K, capacity 88463K, committed 88788K, reserved 1128448K
  class space    used 10266K, capacity 10642K, committed 10740K, reserved 1048576K
}
2017-07-31T23:00:30.978+0000: 543.006: Total time for which application threads were stopped: 0.0320020 seconds, Stopping threads took: 0.0000425 seconds
2017-07-31T23:00:33.978+0000: 546.006: Total time for which application threads were stopped: 0.0001580 seconds, Stopping threads took: 0.0000421 seconds
2017-07-31T23:00:37.979+0000: 550.007: Total time for which application threads were stopped: 0.0001600 seconds, Stopping threads took: 0.0000667 seconds
2017-07-31T23:00:38.979+0000: 551.007: Total time for which application threads were stopped: 0.0001524 seconds, Stopping threads took: 0.0000415 seconds
2017-07-31T23:00:41.980+0000: 554.008: Total time for which application threads were stopped: 0.0002676 seconds, Stopping threads took: 0.0000674 seconds
2017-07-31T23:00:42.980+0000: 555.008: Total time for which application threads were stopped: 0.0001532 seconds, Stopping threads took: 0.0000434 seconds
2017-07-31T23:00:47.981+0000: 560.009: Total time for which application threads were stopped: 0.0001533 seconds, Stopping threads took: 0.0000418 seconds
2017-07-31T23:00:49.984+0000: 562.012: Total time for which application threads were stopped: 0.0001429 seconds, Stopping threads took: 0.0000479 seconds
2017-07-31T23:00:50.984+0000: 563.012: Total time for which application threads were stopped: 0.0001566 seconds, Stopping threads took: 0.0000558 seconds
2017-07-31T23:00:51.985+0000: 564.012: Total time for which application threads were stopped: 0.0001268 seconds, Stopping threads took: 0.0000383 seconds
2017-07-31T23:00:53.985+0000: 566.013: Total time for which application threads were stopped: 0.0002016 seconds, Stopping threads took: 0.0000861 seconds
2017-07-31T23:00:57.986+0000: 570.013: Total time for which application threads were stopped: 0.0001425 seconds, Stopping threads took: 0.0000520 seconds
2017-07-31T23:01:06.987+0000: 579.015: Total time for which application threads were stopped: 0.0001504 seconds, Stopping threads took: 0.0000621 seconds
2017-07-31T23:01:08.987+0000: 581.015: Total time for which application threads were stopped: 0.0001422 seconds, Stopping threads took: 0.0000390 seconds
2017-07-31T23:01:09.987+0000: 582.015: Total time for which application threads were stopped: 0.0001499 seconds, Stopping threads took: 0.0000397 seconds
2017-07-31T23:01:10.988+0000: 583.015: Total time for which application threads were stopped: 0.0001383 seconds, Stopping threads took: 0.0000418 seconds
2017-07-31T23:01:11.988+0000: 584.016: Total time for which application threads were stopped: 0.0001444 seconds, Stopping threads took: 0.0000409 seconds
2017-07-31T23:01:24.990+0000: 597.017: Total time for which application threads were stopped: 0.0001378 seconds, Stopping threads took: 0.0000388 seconds
2017-07-31T23:01:25.990+0000: 598.018: Total time for which application threads were stopped: 0.0001601 seconds, Stopping threads took: 0.0000568 seconds
2017-07-31T23:01:27.990+0000: 600.018: Total time for which application threads were stopped: 0.0001530 seconds, Stopping threads took: 0.0000599 seconds
2017-07-31T23:01:30.991+0000: 603.018: Total time for which application threads were stopped: 0.0001430 seconds, Stopping threads took: 0.0000426 seconds
2017-07-31T23:01:33.991+0000: 606.019: Total time for which application threads were stopped: 0.0001518 seconds, Stopping threads took: 0.0000423 seconds
2017-07-31T23:01:37.992+0000: 610.019: Total time for which application threads were stopped: 0.0001566 seconds, Stopping threads took: 0.0000600 seconds
2017-07-31T23:01:38.996+0000: 611.024: Total time for which application threads were stopped: 0.0001884 seconds, Stopping threads took: 0.0000708 seconds
2017-07-31T23:01:41.997+0000: 614.025: Total time for which application threads were stopped: 0.0001410 seconds, Stopping threads took: 0.0000418 seconds
2017-07-31T23:01:42.997+0000: 615.025: Total time for which application threads were stopped: 0.0001342 seconds, Stopping threads took: 0.0000383 seconds
2017-07-31T23:01:45.998+0000: 618.025: Total time for which application threads were stopped: 0.0001272 seconds, Stopping threads took: 0.0000311 seconds
2017-07-31T23:01:46.998+0000: 619.026: Total time for which application threads were stopped: 0.0001651 seconds, Stopping threads took: 0.0000492 seconds
2017-07-31T23:01:50.999+0000: 623.026: Total time for which application threads were stopped: 0.0002143 seconds, Stopping threads took: 0.0000705 seconds
{Heap before GC invocations=31 (full 3):
 par new generation   total 153344K, used 142550K [0x0000000080000000, 0x000000008a660000, 0x000000008a660000)
  eden space 136320K, 100% used [0x0000000080000000, 0x0000000088520000, 0x0000000088520000)
  from space 17024K,  36% used [0x00000000895c0000, 0x0000000089bd58b8, 0x000000008a660000)
  to   space 17024K,   0% used [0x0000000088520000, 0x0000000088520000, 0x00000000895c0000)
 concurrent mark-sweep generation total 1926784K, used 143566K [0x000000008a660000, 0x0000000100000000, 0x0000000100000000)
 Metaspace       used 83018K, capacity 88463K, committed 88788K, reserved 1128448K
  class space    used 10266K, capacity 10642K, committed 10740K, reserved 1048576K
2017-07-31T23:01:53.099+0000: 625.127: [GC (Allocation Failure) Before GC:
Statistics for BinaryTreeDictionary:
------------------------------------
Total Free Space: 228048633
Max   Chunk Size: 227739349
Number of Blocks: 11
Av.  Block  Size: 20731693
Tree      Height: 4
2017-07-31T23:01:53.099+0000: 625.127: [ParNew
Desired survivor size 8716288 bytes, new threshold 6 (max 6)
- age   1:    1436064 bytes,    1436064 total
- age   2:     772168 bytes,    2208232 total
- age   3:     830640 bytes,    3038872 total
- age   4:     725672 bytes,    3764544 total
- age   5:     816168 bytes,    4580712 total
- age   6:     721984 bytes,    5302696 total
: 142550K->5635K(153344K), 0.0250940 secs] 286116K->150256K(2080128K)After GC:
Statistics for BinaryTreeDictionary:
------------------------------------
Total Free Space: 227914507
Max   Chunk Size: 227739349
Number of Blocks: 3
Av.  Block  Size: 75971502
Tree      Height: 2
, 0.0251748 secs] [Times: user=0.05 sys=0.00, real=0.03 secs] 
Heap after GC invocations=32 (full 3):
 par new generation   total 153344K, used 5635K [0x0000000080000000, 0x000000008a660000, 0x000000008a660000)
  eden space 136320K,   0% used [0x0000000080000000, 0x0000000080000000, 0x0000000088520000)
  from space 17024K,  33% used [0x0000000088520000, 0x0000000088aa0c30, 0x00000000895c0000)
  to   space 17024K,   0% used [0x00000000895c0000, 0x00000000895c0000, 0x000000008a660000)
 concurrent mark-sweep generation total 1926784K, used 144621K [0x000000008a660000, 0x0000000100000000, 0x0000000100000000)
 Metaspace       used 83018K, capacity 88463K, committed 88788K, reserved 1128448K
  class space    used 10266K, capacity 10642K, committed 10740K, reserved 1048576K
}
2017-07-31T23:01:53.124+0000: 625.152: Total time for which application threads were stopped: 0.0254274 seconds, Stopping threads took: 0.0000650 seconds
2017-07-31T23:01:57.125+0000: 629.152: Total time for which application threads were stopped: 0.0001249 seconds, Stopping threads took: 0.0000418 seconds
2017-07-31T23:01:58.125+0000: 630.153: Total time for which application threads were stopped: 0.0001381 seconds, Stopping threads took: 0.0000444 seconds
2017-07-31T23:01:59.823+0000: 631.851: Total time for which application threads were stopped: 0.0001723 seconds, Stopping threads took: 0.0000464 seconds
2017-07-31T23:02:02.824+0000: 634.852: Total time for which application threads were stopped: 0.0001884 seconds, Stopping threads took: 0.0000885 seconds
2017-07-31T23:02:03.824+0000: 635.852: Total time for which application threads were stopped: 0.0001610 seconds, Stopping threads took: 0.0000435 seconds
2017-07-31T23:02:08.825+0000: 640.853: Total time for which application threads were stopped: 0.0001613 seconds, Stopping threads took: 0.0000429 seconds
2017-07-31T23:02:12.825+0000: 644.853: Total time for which application threads were stopped: 0.0001587 seconds, Stopping threads took: 0.0000434 seconds
2017-07-31T23:02:13.826+0000: 645.853: Total time for which application threads were stopped: 0.0001371 seconds, Stopping threads took: 0.0000453 seconds
2017-07-31T23:02:14.826+0000: 646.854: Total time for which application threads were stopped: 0.0001465 seconds, Stopping threads took: 0.0000436 seconds
2017-07-31T23:02:15.826+0000: 647.854: Total time for which application threads were stopped: 0.0001453 seconds, Stopping threads took: 0.0000544 seconds
2017-07-31T23:02:16.826+0000: 648.854: Total time for which application threads were stopped: 0.0001424 seconds, Stopping threads took: 0.0000464 seconds
2017-07-31T23:02:17.827+0000: 649.854: Total time for which application threads were stopped: 0.0001765 seconds, Stopping threads took: 0.0000681 seconds
2017-07-31T23:02:23.827+0000: 655.855: Total time for which application threads were stopped: 0.0001480 seconds, Stopping threads took: 0.0000411 seconds
2017-07-31T23:02:27.828+0000: 659.856: Total time for which application threads were stopped: 0.0001320 seconds, Stopping threads took: 0.0000408 seconds
2017-07-31T23:02:28.828+0000: 660.856: Total time for which application threads were stopped: 0.0001651 seconds, Stopping threads took: 0.0000451 seconds
2017-07-31T23:02:29.829+0000: 661.856: Total time for which application threads were stopped: 0.0001706 seconds, Stopping threads took: 0.0000431 seconds
2017-07-31T23:02:31.829+0000: 663.857: Total time for which application threads were stopped: 0.0001397 seconds, Stopping threads took: 0.0000448 seconds
2017-07-31T23:02:35.829+0000: 667.857: Total time for which application threads were stopped: 0.0001464 seconds, Stopping threads took: 0.0000543 seconds
2017-07-31T23:02:39.830+0000: 671.858: Total time for which application threads were stopped: 0.0001356 seconds, Stopping threads took: 0.0000443 seconds
2017-07-31T23:02:40.830+0000: 672.858: Total time for which application threads were stopped: 0.0001429 seconds, Stopping threads took: 0.0000441 seconds
2017-07-31T23:02:46.831+0000: 678.859: Total time for which application threads were stopped: 0.0001819 seconds, Stopping threads took: 0.0000489 seconds
2017-07-31T23:02:52.832+0000: 684.860: Total time for which application threads were stopped: 0.0001362 seconds, Stopping threads took: 0.0000396 seconds
2017-07-31T23:02:57.832+0000: 689.860: Total time for which application threads were stopped: 0.0001330 seconds, Stopping threads took: 0.0000422 seconds
2017-07-31T23:02:59.860+0000: 691.888: Total time for which application threads were stopped: 0.0001391 seconds, Stopping threads took: 0.0000435 seconds
2017-07-31T23:02:59.863+0000: 691.891: Total time for which application threads were stopped: 0.0000733 seconds, Stopping threads took: 0.0000247 seconds
2017-07-31T23:03:01.863+0000: 693.891: Total time for which application threads were stopped: 0.0001720 seconds, Stopping threads took: 0.0000398 seconds
2017-07-31T23:03:03.864+0000: 695.891: Total time for which application threads were stopped: 0.0001281 seconds, Stopping threads took: 0.0000417 seconds
{Heap before GC invocations=32 (full 3):
 par new generation   total 153344K, used 141955K [0x0000000080000000, 0x000000008a660000, 0x000000008a660000)
  eden space 136320K, 100% used [0x0000000080000000, 0x0000000088520000, 0x0000000088520000)
  from space 17024K,  33% used [0x0000000088520000, 0x0000000088aa0c30, 0x00000000895c0000)
  to   space 17024K,   0% used [0x00000000895c0000, 0x00000000895c0000, 0x000000008a660000)
 concurrent mark-sweep generation total 1926784K, used 144621K [0x000000008a660000, 0x0000000100000000, 0x0000000100000000)
 Metaspace       used 83034K, capacity 88527K, committed 88788K, reserved 1128448K
  class space    used 10266K, capacity 10642K, committed 10740K, reserved 1048576K
2017-07-31T23:03:19.324+0000: 711.352: [GC (Allocation Failure) Before GC:
Statistics for BinaryTreeDictionary:
------------------------------------
Total Free Space: 227914507
Max   Chunk Size: 227739349
Number of Blocks: 3
Av.  Block  Size: 75971502
Tree      Height: 2
2017-07-31T23:03:19.324+0000: 711.352: [ParNew
Desired survivor size 8716288 bytes, new threshold 6 (max 6)
- age   1:    1393368 bytes,    1393368 total
- age   2:     827824 bytes,    2221192 total
- age   3:     715304 bytes,    2936496 total
- age   4:     800392 bytes,    3736888 total
- age   5:     712112 bytes,    4449000 total
- age   6:     808000 bytes,    5257000 total
: 141955K->7938K(153344K), 0.0237106 secs] 286576K->153275K(2080128K)After GC:
Statistics for BinaryTreeDictionary:
------------------------------------
Total Free Space: 227825486
Max   Chunk Size: 227739349
Number of Blocks: 3
Av.  Block  Size: 75941828
Tree      Height: 3
, 0.0238041 secs] [Times: user=0.06 sys=0.00, real=0.02 secs] 
Heap after GC invocations=33 (full 3):
 par new generation   total 153344K, used 7938K [0x0000000080000000, 0x000000008a660000, 0x000000008a660000)
  eden space 136320K,   0% used [0x0000000080000000, 0x0000000080000000, 0x0000000088520000)
  from space 17024K,  46% used [0x00000000895c0000, 0x0000000089d80990, 0x000000008a660000)
  to   space 17024K,   0% used [0x0000000088520000, 0x0000000088520000, 0x00000000895c0000)
 concurrent mark-sweep generation total 1926784K, used 145337K [0x000000008a660000, 0x0000000100000000, 0x0000000100000000)
 Metaspace       used 83034K, capacity 88527K, committed 88788K, reserved 1128448K
  class space    used 10266K, capacity 10642K, committed 10740K, reserved 1048576K
}
2017-07-31T23:03:19.348+0000: 711.376: Total time for which application threads were stopped: 0.0241006 seconds, Stopping threads took: 0.0001002 seconds
2017-07-31T23:03:22.348+0000: 714.376: Total time for which application threads were stopped: 0.0001340 seconds, Stopping threads took: 0.0000415 seconds
2017-07-31T23:03:24.349+0000: 716.377: Total time for which application threads were stopped: 0.0001354 seconds, Stopping threads took: 0.0000438 seconds
2017-07-31T23:03:25.349+0000: 717.377: Total time for which application threads were stopped: 0.0001360 seconds, Stopping threads took: 0.0000427 seconds
2017-07-31T23:03:27.349+0000: 719.377: Total time for which application threads were stopped: 0.0001484 seconds, Stopping threads took: 0.0000455 seconds
2017-07-31T23:03:30.350+0000: 722.378: Total time for which application threads were stopped: 0.0001536 seconds, Stopping threads took: 0.0000477 seconds
2017-07-31T23:03:33.350+0000: 725.378: Total time for which application threads were stopped: 0.0001331 seconds, Stopping threads took: 0.0000430 seconds
2017-07-31T23:03:36.351+0000: 728.379: Total time for which application threads were stopped: 0.0002628 seconds, Stopping threads took: 0.0000710 seconds
2017-07-31T23:03:37.351+0000: 729.379: Total time for which application threads were stopped: 0.0001598 seconds, Stopping threads took: 0.0000658 seconds
2017-07-31T23:03:53.353+0000: 745.381: Total time for which application threads were stopped: 0.0001641 seconds, Stopping threads took: 0.0000606 seconds
2017-07-31T23:03:59.354+0000: 751.382: Total time for which application threads were stopped: 0.0001516 seconds, Stopping threads took: 0.0000591 seconds
2017-07-31T23:03:59.893+0000: 751.921: Total time for which application threads were stopped: 0.0003442 seconds, Stopping threads took: 0.0000783 seconds
2017-07-31T23:04:03.894+0000: 755.922: Total time for which application threads were stopped: 0.0001524 seconds, Stopping threads took: 0.0000443 seconds
2017-07-31T23:04:08.894+0000: 760.922: Total time for which application threads were stopped: 0.0001333 seconds, Stopping threads took: 0.0000427 seconds
2017-07-31T23:04:10.895+0000: 762.923: Total time for which application threads were stopped: 0.0001362 seconds, Stopping threads took: 0.0000440 seconds
2017-07-31T23:04:15.895+0000: 767.923: Total time for which application threads were stopped: 0.0001532 seconds, Stopping threads took: 0.0000472 seconds
2017-07-31T23:04:18.896+0000: 770.924: Total time for which application threads were stopped: 0.0001482 seconds, Stopping threads took: 0.0000421 seconds
2017-07-31T23:04:19.896+0000: 771.924: Total time for which application threads were stopped: 0.0001393 seconds, Stopping threads took: 0.0000459 seconds
2017-07-31T23:04:25.897+0000: 777.925: Total time for which application threads were stopped: 0.0002255 seconds, Stopping threads took: 0.0000740 seconds
2017-07-31T23:04:31.898+0000: 783.926: Total time for which application threads were stopped: 0.0001486 seconds, Stopping threads took: 0.0000404 seconds
2017-07-31T23:04:32.898+0000: 784.926: Total time for which application threads were stopped: 0.0001653 seconds, Stopping threads took: 0.0000710 seconds
{Heap before GC invocations=33 (full 3):
 par new generation   total 153344K, used 144258K [0x0000000080000000, 0x000000008a660000, 0x000000008a660000)
  eden space 136320K, 100% used [0x0000000080000000, 0x0000000088520000, 0x0000000088520000)
  from space 17024K,  46% used [0x00000000895c0000, 0x0000000089d80990, 0x000000008a660000)
  to   space 17024K,   0% used [0x0000000088520000, 0x0000000088520000, 0x00000000895c0000)
 concurrent mark-sweep generation total 1926784K, used 145337K [0x000000008a660000, 0x0000000100000000, 0x0000000100000000)
 Metaspace       used 83049K, capacity 88527K, committed 88788K, reserved 1128448K
  class space    used 10266K, capacity 10642K, committed 10740K, reserved 1048576K
2017-07-31T23:04:36.138+0000: 788.166: [GC (Allocation Failure) Before GC:
Statistics for BinaryTreeDictionary:
------------------------------------
Total Free Space: 227825486
Max   Chunk Size: 227739349
Number of Blocks: 3
Av.  Block  Size: 75941828
Tree      Height: 3
2017-07-31T23:04:36.138+0000: 788.166: [ParNew
Desired survivor size 8716288 bytes, new threshold 6 (max 6)
- age   1:    1344000 bytes,    1344000 total
- age   2:     844656 bytes,    2188656 total
- age   3:     773016 bytes,    2961672 total
- age   4:     691264 bytes,    3652936 total
- age   5:     785088 bytes,    4438024 total
- age   6:     702928 bytes,    5140952 total
: 144258K->7747K(153344K), 0.0312952 secs] 289595K->153885K(2080128K)After GC:
Statistics for BinaryTreeDictionary:
------------------------------------
Total Free Space: 227725977
Max   Chunk Size: 227725471
Number of Blocks: 2
Av.  Block  Size: 113862988
Tree      Height: 2
, 0.0313729 secs] [Times: user=0.06 sys=0.00, real=0.03 secs] 
Heap after GC invocations=34 (full 3):
 par new generation   total 153344K, used 7747K [0x0000000080000000, 0x000000008a660000, 0x000000008a660000)
  eden space 136320K,   0% used [0x0000000080000000, 0x0000000080000000, 0x0000000088520000)
  from space 17024K,  45% used [0x0000000088520000, 0x0000000088cb0c78, 0x00000000895c0000)
  to   space 17024K,   0% used [0x00000000895c0000, 0x00000000895c0000, 0x000000008a660000)
 concurrent mark-sweep generation total 1926784K, used 146138K [0x000000008a660000, 0x0000000100000000, 0x0000000100000000)
 Metaspace       used 83049K, capacity 88527K, committed 88788K, reserved 1128448K
  class space    used 10266K, capacity 10642K, committed 10740K, reserved 1048576K
}
2017-07-31T23:04:36.169+0000: 788.197: Total time for which application threads were stopped: 0.0355963 seconds, Stopping threads took: 0.0040042 seconds
2017-07-31T23:04:41.170+0000: 793.198: Total time for which application threads were stopped: 0.0001427 seconds, Stopping threads took: 0.0000468 seconds
2017-07-31T23:04:59.184+0000: 811.212: Total time for which application threads were stopped: 0.0001650 seconds, Stopping threads took: 0.0000468 seconds
2017-07-31T23:05:00.184+0000: 812.212: Total time for which application threads were stopped: 0.0001347 seconds, Stopping threads took: 0.0000446 seconds
2017-07-31T23:05:24.187+0000: 836.214: Total time for which application threads were stopped: 0.0001482 seconds, Stopping threads took: 0.0000425 seconds
2017-07-31T23:05:28.187+0000: 840.215: Total time for which application threads were stopped: 0.0001478 seconds, Stopping threads took: 0.0000531 seconds
2017-07-31T23:05:30.051+0000: 842.079: Total time for which application threads were stopped: 0.0001372 seconds, Stopping threads took: 0.0000391 seconds
2017-07-31T23:05:30.129+0000: 842.157: Total time for which application threads were stopped: 0.0001290 seconds, Stopping threads took: 0.0000392 seconds
2017-07-31T23:05:31.130+0000: 843.157: Total time for which application threads were stopped: 0.0001470 seconds, Stopping threads took: 0.0000438 seconds
2017-07-31T23:05:32.130+0000: 844.158: Total time for which application threads were stopped: 0.0001903 seconds, Stopping threads took: 0.0000797 seconds
2017-07-31T23:05:35.131+0000: 847.158: Total time for which application threads were stopped: 0.0001298 seconds, Stopping threads took: 0.0000408 seconds
2017-07-31T23:05:38.131+0000: 850.159: Total time for which application threads were stopped: 0.0001465 seconds, Stopping threads took: 0.0000565 seconds
2017-07-31T23:05:39.131+0000: 851.159: Total time for which application threads were stopped: 0.0001281 seconds, Stopping threads took: 0.0000397 seconds
2017-07-31T23:05:40.132+0000: 852.159: Total time for which application threads were stopped: 0.0001612 seconds, Stopping threads took: 0.0000536 seconds
2017-07-31T23:05:54.133+0000: 866.161: Total time for which application threads were stopped: 0.0001395 seconds, Stopping threads took: 0.0000458 seconds
{Heap before GC invocations=34 (full 3):
 par new generation   total 153344K, used 144067K [0x0000000080000000, 0x000000008a660000, 0x000000008a660000)
  eden space 136320K, 100% used [0x0000000080000000, 0x0000000088520000, 0x0000000088520000)
  from space 17024K,  45% used [0x0000000088520000, 0x0000000088cb0c78, 0x00000000895c0000)
  to   space 17024K,   0% used [0x00000000895c0000, 0x00000000895c0000, 0x000000008a660000)
 concurrent mark-sweep generation total 1926784K, used 146138K [0x000000008a660000, 0x0000000100000000, 0x0000000100000000)
 Metaspace       used 83069K, capacity 88527K, committed 88788K, reserved 1128448K
  class space    used 10266K, capacity 10642K, committed 10740K, reserved 1048576K
2017-07-31T23:05:59.248+0000: 871.276: [GC (Allocation Failure) Before GC:
Statistics for BinaryTreeDictionary:
------------------------------------
Total Free Space: 227725977
Max   Chunk Size: 227725471
Number of Blocks: 2
Av.  Block  Size: 113862988
Tree      Height: 2
2017-07-31T23:05:59.248+0000: 871.276: [ParNew
Desired survivor size 8716288 bytes, new threshold 6 (max 6)
- age   1:    1473088 bytes,    1473088 total
- age   2:     801184 bytes,    2274272 total
- age   3:     770184 bytes,    3044456 total
- age   4:     742760 bytes,    3787216 total
- age   5:     677680 bytes,    4464896 total
- age   6:     774648 bytes,    5239544 total
: 144067K->7581K(153344K), 0.0272106 secs] 290205K->154416K(2080128K)After GC:
Statistics for BinaryTreeDictionary:
------------------------------------
Total Free Space: 227640062
Max   Chunk Size: 227640062
Number of Blocks: 1
Av.  Block  Size: 227640062
Tree      Height: 1
, 0.0273069 secs] [Times: user=0.06 sys=0.00, real=0.03 secs] 
Heap after GC invocations=35 (full 3):
 par new generation   total 153344K, used 7581K [0x0000000080000000, 0x000000008a660000, 0x000000008a660000)
  eden space 136320K,   0% used [0x0000000080000000, 0x0000000080000000, 0x0000000088520000)
  from space 17024K,  44% used [0x00000000895c0000, 0x0000000089d275c0, 0x000000008a660000)
  to   space 17024K,   0% used [0x0000000088520000, 0x0000000088520000, 0x00000000895c0000)
 concurrent mark-sweep generation total 1926784K, used 146835K [0x000000008a660000, 0x0000000100000000, 0x0000000100000000)
 Metaspace       used 83069K, capacity 88527K, committed 88788K, reserved 1128448K
  class space    used 10266K, capacity 10642K, committed 10740K, reserved 1048576K
}
2017-07-31T23:05:59.276+0000: 871.303: Total time for which application threads were stopped: 0.0275771 seconds, Stopping threads took: 0.0000590 seconds
2017-07-31T23:06:00.276+0000: 872.304: Total time for which application threads were stopped: 0.0001900 seconds, Stopping threads took: 0.0000815 seconds
2017-07-31T23:06:02.276+0000: 874.304: Total time for which application threads were stopped: 0.0001331 seconds, Stopping threads took: 0.0000412 seconds
2017-07-31T23:06:09.277+0000: 881.305: Total time for which application threads were stopped: 0.0001324 seconds, Stopping threads took: 0.0000406 seconds
2017-07-31T23:06:11.278+0000: 883.305: Total time for which application threads were stopped: 0.0001340 seconds, Stopping threads took: 0.0000429 seconds
2017-07-31T23:06:12.278+0000: 884.306: Total time for which application threads were stopped: 0.0001524 seconds, Stopping threads took: 0.0000590 seconds
2017-07-31T23:06:17.279+0000: 889.306: Total time for which application threads were stopped: 0.0001875 seconds, Stopping threads took: 0.0000742 seconds
2017-07-31T23:06:24.279+0000: 896.307: Total time for which application threads were stopped: 0.0001388 seconds, Stopping threads took: 0.0000462 seconds
2017-07-31T23:06:27.280+0000: 899.308: Total time for which application threads were stopped: 0.0001606 seconds, Stopping threads took: 0.0000568 seconds
2017-07-31T23:06:30.055+0000: 902.083: Total time for which application threads were stopped: 0.0001702 seconds, Stopping threads took: 0.0000585 seconds
2017-07-31T23:06:30.131+0000: 902.159: Total time for which application threads were stopped: 0.0001321 seconds, Stopping threads took: 0.0000383 seconds
2017-07-31T23:06:31.131+0000: 903.159: Total time for which application threads were stopped: 0.0001442 seconds, Stopping threads took: 0.0000563 seconds
2017-07-31T23:06:43.133+0000: 915.160: Total time for which application threads were stopped: 0.0001383 seconds, Stopping threads took: 0.0000463 seconds
2017-07-31T23:06:48.133+0000: 920.161: Total time for which application threads were stopped: 0.0001544 seconds, Stopping threads took: 0.0000418 seconds
2017-07-31T23:07:10.136+0000: 942.164: Total time for which application threads were stopped: 0.0001734 seconds, Stopping threads took: 0.0000841 seconds
2017-07-31T23:07:17.137+0000: 949.164: Total time for which application threads were stopped: 0.0001468 seconds, Stopping threads took: 0.0000474 seconds
2017-07-31T23:07:22.137+0000: 954.165: Total time for which application threads were stopped: 0.0001349 seconds, Stopping threads took: 0.0000534 seconds
2017-07-31T23:07:23.138+0000: 955.165: Total time for which application threads were stopped: 0.0001323 seconds, Stopping threads took: 0.0000412 seconds
{Heap before GC invocations=35 (full 3):
 par new generation   total 153344K, used 143901K [0x0000000080000000, 0x000000008a660000, 0x000000008a660000)
  eden space 136320K, 100% used [0x0000000080000000, 0x0000000088520000, 0x0000000088520000)
  from space 17024K,  44% used [0x00000000895c0000, 0x0000000089d275c0, 0x000000008a660000)
  to   space 17024K,   0% used [0x0000000088520000, 0x0000000088520000, 0x00000000895c0000)
 concurrent mark-sweep generation total 1926784K, used 146835K [0x000000008a660000, 0x0000000100000000, 0x0000000100000000)
 Metaspace       used 83081K, capacity 88527K, committed 88788K, reserved 1128448K
  class space    used 10266K, capacity 10642K, committed 10740K, reserved 1048576K
2017-07-31T23:07:23.353+0000: 955.381: [GC (Allocation Failure) Before GC:
Statistics for BinaryTreeDictionary:
------------------------------------
Total Free Space: 227640062
Max   Chunk Size: 227640062
Number of Blocks: 1
Av.  Block  Size: 227640062
Tree      Height: 1
2017-07-31T23:07:23.353+0000: 955.381: [ParNew
Desired survivor size 8716288 bytes, new threshold 6 (max 6)
- age   1:    1392912 bytes,    1392912 total
- age   2:     864080 bytes,    2256992 total
- age   3:     733368 bytes,    2990360 total
- age   4:     740816 bytes,    3731176 total
- age   5:     728304 bytes,    4459480 total
- age   6:     668120 bytes,    5127600 total
: 143901K->7647K(153344K), 0.0248306 secs] 290736K->155250K(2080128K)After GC:
Statistics for BinaryTreeDictionary:
------------------------------------
Total Free Space: 227543901
Max   Chunk Size: 227543901
Number of Blocks: 1
Av.  Block  Size: 227543901
Tree      Height: 1
, 0.0249021 secs] [Times: user=0.06 sys=0.00, real=0.02 secs] 
Heap after GC invocations=36 (full 3):
 par new generation   total 153344K, used 7647K [0x0000000080000000, 0x000000008a660000, 0x000000008a660000)
  eden space 136320K,   0% used [0x0000000080000000, 0x0000000080000000, 0x0000000088520000)
  from space 17024K,  44% used [0x0000000088520000, 0x0000000088c97d08, 0x00000000895c0000)
  to   space 17024K,   0% used [0x00000000895c0000, 0x00000000895c0000, 0x000000008a660000)
 concurrent mark-sweep generation total 1926784K, used 147602K [0x000000008a660000, 0x0000000100000000, 0x0000000100000000)
 Metaspace       used 83081K, capacity 88527K, committed 88788K, reserved 1128448K
  class space    used 10266K, capacity 10642K, committed 10740K, reserved 1048576K
}
2017-07-31T23:07:23.378+0000: 955.406: Total time for which application threads were stopped: 0.0251973 seconds, Stopping threads took: 0.0000683 seconds
2017-07-31T23:07:24.379+0000: 956.406: Total time for which application threads were stopped: 0.0001344 seconds, Stopping threads took: 0.0000416 seconds
2017-07-31T23:07:27.379+0000: 959.407: Total time for which application threads were stopped: 0.0001558 seconds, Stopping threads took: 0.0000449 seconds
2017-07-31T23:07:30.057+0000: 962.085: Total time for which application threads were stopped: 0.0001721 seconds, Stopping threads took: 0.0000433 seconds
2017-07-31T23:07:30.132+0000: 962.160: Total time for which application threads were stopped: 0.0001433 seconds, Stopping threads took: 0.0000299 seconds
2017-07-31T23:07:31.133+0000: 963.160: Total time for which application threads were stopped: 0.0001284 seconds, Stopping threads took: 0.0000398 seconds
2017-07-31T23:07:32.133+0000: 964.161: Total time for which application threads were stopped: 0.0001542 seconds, Stopping threads took: 0.0000382 seconds
2017-07-31T23:07:39.134+0000: 971.162: Total time for which application threads were stopped: 0.0001705 seconds, Stopping threads took: 0.0000657 seconds
2017-07-31T23:07:43.135+0000: 975.162: Total time for which application threads were stopped: 0.0002958 seconds, Stopping threads took: 0.0000737 seconds
2017-07-31T23:08:03.137+0000: 995.165: Total time for which application threads were stopped: 0.0001653 seconds, Stopping threads took: 0.0000718 seconds
2017-07-31T23:08:30.060+0000: 1022.088: Total time for which application threads were stopped: 0.0001676 seconds, Stopping threads took: 0.0000540 seconds
2017-07-31T23:08:30.134+0000: 1022.162: Total time for which application threads were stopped: 0.0001736 seconds, Stopping threads took: 0.0000388 seconds
2017-07-31T23:08:33.135+0000: 1025.163: Total time for which application threads were stopped: 0.0001427 seconds, Stopping threads took: 0.0000381 seconds
2017-07-31T23:08:38.136+0000: 1030.163: Total time for which application threads were stopped: 0.0001833 seconds, Stopping threads took: 0.0000604 seconds
{Heap before GC invocations=36 (full 3):
 par new generation   total 153344K, used 143967K [0x0000000080000000, 0x000000008a660000, 0x000000008a660000)
  eden space 136320K, 100% used [0x0000000080000000, 0x0000000088520000, 0x0000000088520000)
  from space 17024K,  44% used [0x0000000088520000, 0x0000000088c97d08, 0x00000000895c0000)
  to   space 17024K,   0% used [0x00000000895c0000, 0x00000000895c0000, 0x000000008a660000)
 concurrent mark-sweep generation total 1926784K, used 147602K [0x000000008a660000, 0x0000000100000000, 0x0000000100000000)
 Metaspace       used 83093K, capacity 88527K, committed 88788K, reserved 1128448K
  class space    used 10266K, capacity 10642K, committed 10740K, reserved 1048576K
2017-07-31T23:08:42.162+0000: 1034.190: [GC (Allocation Failure) Before GC:
Statistics for BinaryTreeDictionary:
------------------------------------
Total Free Space: 227543901
Max   Chunk Size: 227543901
Number of Blocks: 1
Av.  Block  Size: 227543901
Tree      Height: 1
2017-07-31T23:08:42.162+0000: 1034.190: [ParNew
Desired survivor size 8716288 bytes, new threshold 6 (max 6)
- age   1:    1290608 bytes,    1290608 total
- age   2:     860784 bytes,    2151392 total
- age   3:     799536 bytes,    2950928 total
- age   4:     709560 bytes,    3660488 total
- age   5:     729624 bytes,    4390112 total
- age   6:     719936 bytes,    5110048 total
: 143967K->7539K(153344K), 0.0250273 secs] 291570K->155804K(2080128K)After GC:
Statistics for BinaryTreeDictionary:
------------------------------------
Total Free Space: 227458518
Max   Chunk Size: 227458518
Number of Blocks: 1
Av.  Block  Size: 227458518
Tree      Height: 1
, 0.0251310 secs] [Times: user=0.05 sys=0.00, real=0.02 secs] 
Heap after GC invocations=37 (full 3):
 par new generation   total 153344K, used 7539K [0x0000000080000000, 0x000000008a660000, 0x000000008a660000)
  eden space 136320K,   0% used [0x0000000080000000, 0x0000000080000000, 0x0000000088520000)
  from space 17024K,  44% used [0x00000000895c0000, 0x0000000089d1cf20, 0x000000008a660000)
  to   space 17024K,   0% used [0x0000000088520000, 0x0000000088520000, 0x00000000895c0000)
 concurrent mark-sweep generation total 1926784K, used 148265K [0x000000008a660000, 0x0000000100000000, 0x0000000100000000)
 Metaspace       used 83093K, capacity 88527K, committed 88788K, reserved 1128448K
  class space    used 10266K, capacity 10642K, committed 10740K, reserved 1048576K
}
2017-07-31T23:08:42.188+0000: 1034.215: Total time for which application threads were stopped: 0.0254042 seconds, Stopping threads took: 0.0000627 seconds
2017-07-31T23:08:58.194+0000: 1050.222: Total time for which application threads were stopped: 0.0001688 seconds, Stopping threads took: 0.0000466 seconds
2017-07-31T23:09:00.195+0000: 1052.222: Total time for which application threads were stopped: 0.0001443 seconds, Stopping threads took: 0.0000483 seconds
2017-07-31T23:09:03.195+0000: 1055.223: Total time for which application threads were stopped: 0.0001459 seconds, Stopping threads took: 0.0000432 seconds
2017-07-31T23:09:07.196+0000: 1059.224: Total time for which application threads were stopped: 0.0001490 seconds, Stopping threads took: 0.0000526 seconds
2017-07-31T23:09:10.196+0000: 1062.224: Total time for which application threads were stopped: 0.0001294 seconds, Stopping threads took: 0.0000372 seconds
2017-07-31T23:09:13.197+0000: 1065.225: Total time for which application threads were stopped: 0.0001548 seconds, Stopping threads took: 0.0000431 seconds
2017-07-31T23:09:14.197+0000: 1066.225: Total time for which application threads were stopped: 0.0001459 seconds, Stopping threads took: 0.0000398 seconds
2017-07-31T23:09:19.198+0000: 1071.226: Total time for which application threads were stopped: 0.0001498 seconds, Stopping threads took: 0.0000420 seconds
2017-07-31T23:09:21.198+0000: 1073.226: Total time for which application threads were stopped: 0.0001830 seconds, Stopping threads took: 0.0000758 seconds
2017-07-31T23:09:24.199+0000: 1076.226: Total time for which application threads were stopped: 0.0001645 seconds, Stopping threads took: 0.0000712 seconds
2017-07-31T23:09:28.199+0000: 1080.227: Total time for which application threads were stopped: 0.0001771 seconds, Stopping threads took: 0.0000650 seconds
2017-07-31T23:09:30.063+0000: 1082.090: Total time for which application threads were stopped: 0.0001620 seconds, Stopping threads took: 0.0000304 seconds
2017-07-31T23:09:30.141+0000: 1082.169: Total time for which application threads were stopped: 0.0001718 seconds, Stopping threads took: 0.0000581 seconds
2017-07-31T23:09:32.141+0000: 1084.169: Total time for which application threads were stopped: 0.0001464 seconds, Stopping threads took: 0.0000384 seconds
2017-07-31T23:09:48.143+0000: 1100.171: Total time for which application threads were stopped: 0.0001719 seconds, Stopping threads took: 0.0000437 seconds
2017-07-31T23:09:52.144+0000: 1104.172: Total time for which application threads were stopped: 0.0001495 seconds, Stopping threads took: 0.0000407 seconds
2017-07-31T23:09:53.144+0000: 1105.172: Total time for which application threads were stopped: 0.0001457 seconds, Stopping threads took: 0.0000391 seconds
2017-07-31T23:09:58.145+0000: 1110.173: Total time for which application threads were stopped: 0.0001377 seconds, Stopping threads took: 0.0000442 seconds
2017-07-31T23:10:01.145+0000: 1113.173: Total time for which application threads were stopped: 0.0002861 seconds, Stopping threads took: 0.0001395 seconds
{Heap before GC invocations=37 (full 3):
 par new generation   total 153344K, used 143859K [0x0000000080000000, 0x000000008a660000, 0x000000008a660000)
  eden space 136320K, 100% used [0x0000000080000000, 0x0000000088520000, 0x0000000088520000)
  from space 17024K,  44% used [0x00000000895c0000, 0x0000000089d1cf20, 0x000000008a660000)
  to   space 17024K,   0% used [0x0000000088520000, 0x0000000088520000, 0x00000000895c0000)
 concurrent mark-sweep generation total 1926784K, used 148265K [0x000000008a660000, 0x0000000100000000, 0x0000000100000000)
 Metaspace       used 83105K, capacity 88591K, committed 88788K, reserved 1128448K
  class space    used 10267K, capacity 10642K, committed 10740K, reserved 1048576K
2017-07-31T23:10:08.174+0000: 1120.201: [GC (Allocation Failure) Before GC:
Statistics for BinaryTreeDictionary:
------------------------------------
Total Free Space: 227458518
Max   Chunk Size: 227458518
Number of Blocks: 1
Av.  Block  Size: 227458518
Tree      Height: 1
2017-07-31T23:10:08.174+0000: 1120.201: [ParNew
Desired survivor size 8716288 bytes, new threshold 6 (max 6)
- age   1:    1451912 bytes,    1451912 total
- age   2:     742544 bytes,    2194456 total
- age   3:     790064 bytes,    2984520 total
- age   4:     771408 bytes,    3755928 total
- age   5:     695088 bytes,    4451016 total
- age   6:     719848 bytes,    5170864 total
: 143859K->7499K(153344K), 0.0228751 secs] 292124K->156475K(2080128K)After GC:
Statistics for BinaryTreeDictionary:
------------------------------------
Total Free Space: 227373089
Max   Chunk Size: 227373089
Number of Blocks: 1
Av.  Block  Size: 227373089
Tree      Height: 1
, 0.0229516 secs] [Times: user=0.05 sys=0.00, real=0.02 secs] 
Heap after GC invocations=38 (full 3):
 par new generation   total 153344K, used 7499K [0x0000000080000000, 0x000000008a660000, 0x000000008a660000)
  eden space 136320K,   0% used [0x0000000080000000, 0x0000000080000000, 0x0000000088520000)
  from space 17024K,  44% used [0x0000000088520000, 0x0000000088c72ea8, 0x00000000895c0000)
  to   space 17024K,   0% used [0x00000000895c0000, 0x00000000895c0000, 0x000000008a660000)
 concurrent mark-sweep generation total 1926784K, used 148975K [0x000000008a660000, 0x0000000100000000, 0x0000000100000000)
 Metaspace       used 83105K, capacity 88591K, committed 88788K, reserved 1128448K
  class space    used 10267K, capacity 10642K, committed 10740K, reserved 1048576K
}
2017-07-31T23:10:08.197+0000: 1120.224: Total time for which application threads were stopped: 0.0232129 seconds, Stopping threads took: 0.0000432 seconds
2017-07-31T23:10:09.197+0000: 1121.225: Total time for which application threads were stopped: 0.0001946 seconds, Stopping threads took: 0.0000662 seconds
2017-07-31T23:10:21.198+0000: 1133.226: Total time for which application threads were stopped: 0.0001820 seconds, Stopping threads took: 0.0000710 seconds
2017-07-31T23:10:24.199+0000: 1136.227: Total time for which application threads were stopped: 0.0001452 seconds, Stopping threads took: 0.0000466 seconds
2017-07-31T23:10:26.199+0000: 1138.227: Total time for which application threads were stopped: 0.0001693 seconds, Stopping threads took: 0.0000637 seconds
2017-07-31T23:10:29.200+0000: 1141.228: Total time for which application threads were stopped: 0.0001419 seconds, Stopping threads took: 0.0000441 seconds
2017-07-31T23:10:30.064+0000: 1142.092: Total time for which application threads were stopped: 0.0001434 seconds, Stopping threads took: 0.0000410 seconds
2017-07-31T23:10:30.143+0000: 1142.171: Total time for which application threads were stopped: 0.0001639 seconds, Stopping threads took: 0.0000522 seconds
2017-07-31T23:10:31.144+0000: 1143.171: Total time for which application threads were stopped: 0.0001748 seconds, Stopping threads took: 0.0000834 seconds
2017-07-31T23:10:51.146+0000: 1163.174: Total time for which application threads were stopped: 0.0001352 seconds, Stopping threads took: 0.0000420 seconds
2017-07-31T23:10:52.146+0000: 1164.174: Total time for which application threads were stopped: 0.0001389 seconds, Stopping threads took: 0.0000453 seconds
2017-07-31T23:10:56.147+0000: 1168.174: Total time for which application threads were stopped: 0.0001382 seconds, Stopping threads took: 0.0000444 seconds
2017-07-31T23:10:58.147+0000: 1170.175: Total time for which application threads were stopped: 0.0001868 seconds, Stopping threads took: 0.0000466 seconds
2017-07-31T23:11:00.147+0000: 1172.175: Total time for which application threads were stopped: 0.0001443 seconds, Stopping threads took: 0.0000393 seconds
2017-07-31T23:11:01.153+0000: 1173.180: Total time for which application threads were stopped: 0.0001726 seconds, Stopping threads took: 0.0000565 seconds
2017-07-31T23:11:04.153+0000: 1176.181: Total time for which application threads were stopped: 0.0001701 seconds, Stopping threads took: 0.0000621 seconds
2017-07-31T23:11:27.156+0000: 1199.184: Total time for which application threads were stopped: 0.0001701 seconds, Stopping threads took: 0.0000434 seconds
2017-07-31T23:11:30.066+0000: 1202.094: Total time for which application threads were stopped: 0.0001427 seconds, Stopping threads took: 0.0000461 seconds
2017-07-31T23:11:30.145+0000: 1202.173: Total time for which application threads were stopped: 0.0001729 seconds, Stopping threads took: 0.0000446 seconds
{Heap before GC invocations=38 (full 3):
 par new generation   total 153344K, used 143819K [0x0000000080000000, 0x000000008a660000, 0x000000008a660000)
  eden space 136320K, 100% used [0x0000000080000000, 0x0000000088520000, 0x0000000088520000)
  from space 17024K,  44% used [0x0000000088520000, 0x0000000088c72ea8, 0x00000000895c0000)
  to   space 17024K,   0% used [0x00000000895c0000, 0x00000000895c0000, 0x000000008a660000)
 concurrent mark-sweep generation total 1926784K, used 148975K [0x000000008a660000, 0x0000000100000000, 0x0000000100000000)
 Metaspace       used 83116K, capacity 88591K, committed 88788K, reserved 1128448K
  class space    used 10267K, capacity 10642K, committed 10740K, reserved 1048576K
2017-07-31T23:11:30.932+0000: 1202.960: [GC (Allocation Failure) Before GC:
Statistics for BinaryTreeDictionary:
------------------------------------
Total Free Space: 227373089
Max   Chunk Size: 227373089
Number of Blocks: 1
Av.  Block  Size: 227373089
Tree      Height: 1
2017-07-31T23:11:30.932+0000: 1202.960: [ParNew
Desired survivor size 8716288 bytes, new threshold 6 (max 6)
- age   1:    1315880 bytes,    1315880 total
- age   2:     820456 bytes,    2136336 total
- age   3:     690216 bytes,    2826552 total
- age   4:     760664 bytes,    3587216 total
- age   5:     755688 bytes,    4342904 total
- age   6:     685848 bytes,    5028752 total
: 143819K->7548K(153344K), 0.0364011 secs] 292795K->157235K(2080128K)After GC:
Statistics for BinaryTreeDictionary:
------------------------------------
Total Free Space: 227277920
Max   Chunk Size: 227277920
Number of Blocks: 1
Av.  Block  Size: 227277920
Tree      Height: 1
, 0.0364862 secs] [Times: user=0.06 sys=0.00, real=0.03 secs] 
Heap after GC invocations=39 (full 3):
 par new generation   total 153344K, used 7548K [0x0000000080000000, 0x000000008a660000, 0x000000008a660000)
  eden space 136320K,   0% used [0x0000000080000000, 0x0000000080000000, 0x0000000088520000)
  from space 17024K,  44% used [0x00000000895c0000, 0x0000000089d1f370, 0x000000008a660000)
  to   space 17024K,   0% used [0x0000000088520000, 0x0000000088520000, 0x00000000895c0000)
 concurrent mark-sweep generation total 1926784K, used 149686K [0x000000008a660000, 0x0000000100000000, 0x0000000100000000)
 Metaspace       used 83116K, capacity 88591K, committed 88788K, reserved 1128448K
  class space    used 10267K, capacity 10642K, committed 10740K, reserved 1048576K
}
2017-07-31T23:11:30.969+0000: 1202.996: Total time for which application threads were stopped: 0.0367620 seconds, Stopping threads took: 0.0000344 seconds
2017-07-31T23:11:39.970+0000: 1211.997: Total time for which application threads were stopped: 0.0001798 seconds, Stopping threads took: 0.0000643 seconds
2017-07-31T23:11:45.970+0000: 1217.998: Total time for which application threads were stopped: 0.0001511 seconds, Stopping threads took: 0.0000442 seconds
2017-07-31T23:11:46.971+0000: 1218.998: Total time for which application threads were stopped: 0.0001394 seconds, Stopping threads took: 0.0000407 seconds
2017-07-31T23:11:48.971+0000: 1220.999: Total time for which application threads were stopped: 0.0001357 seconds, Stopping threads took: 0.0000415 seconds
2017-07-31T23:11:57.972+0000: 1230.000: Total time for which application threads were stopped: 0.0001445 seconds, Stopping threads took: 0.0000459 seconds
2017-07-31T23:12:05.973+0000: 1238.001: Total time for which application threads were stopped: 0.0001502 seconds, Stopping threads took: 0.0000430 seconds
2017-07-31T23:12:12.974+0000: 1245.002: Total time for which application threads were stopped: 0.0002601 seconds, Stopping threads took: 0.0001016 seconds
2017-07-31T23:12:23.976+0000: 1256.003: Total time for which application threads were stopped: 0.0001409 seconds, Stopping threads took: 0.0000383 seconds
2017-07-31T23:12:30.068+0000: 1262.096: Total time for which application threads were stopped: 0.0001642 seconds, Stopping threads took: 0.0000498 seconds
2017-07-31T23:12:30.147+0000: 1262.174: Total time for which application threads were stopped: 0.0001638 seconds, Stopping threads took: 0.0000412 seconds
2017-07-31T23:12:31.147+0000: 1263.175: Total time for which application threads were stopped: 0.0001697 seconds, Stopping threads took: 0.0000419 seconds
2017-07-31T23:12:34.148+0000: 1266.175: Total time for which application threads were stopped: 0.0003445 seconds, Stopping threads took: 0.0001598 seconds
2017-07-31T23:12:38.148+0000: 1270.176: Total time for which application threads were stopped: 0.0001506 seconds, Stopping threads took: 0.0000587 seconds
2017-07-31T23:12:40.149+0000: 1272.176: Total time for which application threads were stopped: 0.0001565 seconds, Stopping threads took: 0.0000443 seconds
2017-07-31T23:12:44.149+0000: 1276.177: Total time for which application threads were stopped: 0.0001638 seconds, Stopping threads took: 0.0000435 seconds
2017-07-31T23:12:52.151+0000: 1284.179: Total time for which application threads were stopped: 0.0001377 seconds, Stopping threads took: 0.0000447 seconds
2017-07-31T23:12:54.152+0000: 1286.179: Total time for which application threads were stopped: 0.0001447 seconds, Stopping threads took: 0.0000458 seconds
2017-07-31T23:12:55.152+0000: 1287.180: Total time for which application threads were stopped: 0.0001547 seconds, Stopping threads took: 0.0000422 seconds
{Heap before GC invocations=39 (full 3):
 par new generation   total 153344K, used 143868K [0x0000000080000000, 0x000000008a660000, 0x000000008a660000)
  eden space 136320K, 100% used [0x0000000080000000, 0x0000000088520000, 0x0000000088520000)
  from space 17024K,  44% used [0x00000000895c0000, 0x0000000089d1f370, 0x000000008a660000)
  to   space 17024K,   0% used [0x0000000088520000, 0x0000000088520000, 0x00000000895c0000)
 concurrent mark-sweep generation total 1926784K, used 149686K [0x000000008a660000, 0x0000000100000000, 0x0000000100000000)
 Metaspace       used 83125K, capacity 88655K, committed 89044K, reserved 1128448K
  class space    used 10267K, capacity 10642K, committed 10740K, reserved 1048576K
2017-07-31T23:12:55.509+0000: 1287.537: [GC (Allocation Failure) Before GC:
Statistics for BinaryTreeDictionary:
------------------------------------
Total Free Space: 227277920
Max   Chunk Size: 227277920
Number of Blocks: 1
Av.  Block  Size: 227277920
Tree      Height: 1
2017-07-31T23:12:55.509+0000: 1287.537: [ParNew
Desired survivor size 8716288 bytes, new threshold 6 (max 6)
- age   1:    1315088 bytes,    1315088 total
- age   2:     782536 bytes,    2097624 total
- age   3:     753384 bytes,    2851008 total
- age   4:     662984 bytes,    3513992 total
- age   5:     745744 bytes,    4259736 total
- age   6:     744488 bytes,    5004224 total
: 143868K->7402K(153344K), 0.0247108 secs] 293555K->157767K(2080128K)After GC:
Statistics for BinaryTreeDictionary:
------------------------------------
Total Free Space: 227193785
Max   Chunk Size: 227193785
Number of Blocks: 1
Av.  Block  Size: 227193785
Tree      Height: 1
, 0.0247846 secs] [Times: user=0.06 sys=0.00, real=0.03 secs] 
Heap after GC invocations=40 (full 3):
 par new generation   total 153344K, used 7402K [0x0000000080000000, 0x000000008a660000, 0x000000008a660000)
  eden space 136320K,   0% used [0x0000000080000000, 0x0000000080000000, 0x0000000088520000)
  from space 17024K,  43% used [0x0000000088520000, 0x0000000088c5aa08, 0x00000000895c0000)
  to   space 17024K,   0% used [0x00000000895c0000, 0x00000000895c0000, 0x000000008a660000)
 concurrent mark-sweep generation total 1926784K, used 150364K [0x000000008a660000, 0x0000000100000000, 0x0000000100000000)
 Metaspace       used 83125K, capacity 88655K, committed 89044K, reserved 1128448K
  class space    used 10267K, capacity 10642K, committed 10740K, reserved 1048576K
}
2017-07-31T23:12:55.534+0000: 1287.562: Total time for which application threads were stopped: 0.0250656 seconds, Stopping threads took: 0.0000412 seconds
2017-07-31T23:12:57.535+0000: 1289.562: Total time for which application threads were stopped: 0.0001766 seconds, Stopping threads took: 0.0000728 seconds
2017-07-31T23:12:59.535+0000: 1291.563: Total time for which application threads were stopped: 0.0001815 seconds, Stopping threads took: 0.0000635 seconds
2017-07-31T23:13:00.300+0000: 1292.327: Total time for which application threads were stopped: 0.0001992 seconds, Stopping threads took: 0.0000799 seconds
2017-07-31T23:13:02.300+0000: 1294.328: Total time for which application threads were stopped: 0.0001289 seconds, Stopping threads took: 0.0000383 seconds
2017-07-31T23:13:06.301+0000: 1298.328: Total time for which application threads were stopped: 0.0002001 seconds, Stopping threads took: 0.0000829 seconds
2017-07-31T23:13:11.301+0000: 1303.329: Total time for which application threads were stopped: 0.0001579 seconds, Stopping threads took: 0.0000609 seconds
2017-07-31T23:13:12.302+0000: 1304.329: Total time for which application threads were stopped: 0.0001463 seconds, Stopping threads took: 0.0000459 seconds
2017-07-31T23:13:24.303+0000: 1316.331: Total time for which application threads were stopped: 0.0001498 seconds, Stopping threads took: 0.0000394 seconds
2017-07-31T23:13:27.304+0000: 1319.331: Total time for which application threads were stopped: 0.0001556 seconds, Stopping threads took: 0.0000426 seconds
2017-07-31T23:13:29.304+0000: 1321.332: Total time for which application threads were stopped: 0.0001601 seconds, Stopping threads took: 0.0000567 seconds
2017-07-31T23:13:30.072+0000: 1322.100: Total time for which application threads were stopped: 0.0001908 seconds, Stopping threads took: 0.0000595 seconds
2017-07-31T23:13:40.073+0000: 1332.101: Total time for which application threads were stopped: 0.0001389 seconds, Stopping threads took: 0.0000418 seconds
2017-07-31T23:14:00.076+0000: 1352.103: Total time for which application threads were stopped: 0.0001565 seconds, Stopping threads took: 0.0000411 seconds
2017-07-31T23:14:00.341+0000: 1352.369: Total time for which application threads were stopped: 0.0001560 seconds, Stopping threads took: 0.0000400 seconds
2017-07-31T23:14:08.342+0000: 1360.370: Total time for which application threads were stopped: 0.0001607 seconds, Stopping threads took: 0.0000684 seconds
2017-07-31T23:14:14.343+0000: 1366.371: Total time for which application threads were stopped: 0.0001472 seconds, Stopping threads took: 0.0000526 seconds
2017-07-31T23:14:22.344+0000: 1374.372: Total time for which application threads were stopped: 0.0002177 seconds, Stopping threads took: 0.0000655 seconds
{Heap before GC invocations=40 (full 3):
 par new generation   total 153344K, used 143720K [0x0000000080000000, 0x000000008a660000, 0x000000008a660000)
  eden space 136320K,  99% used [0x0000000080000000, 0x000000008851f7d0, 0x0000000088520000)
  from space 17024K,  43% used [0x0000000088520000, 0x0000000088c5aa08, 0x00000000895c0000)
  to   space 17024K,   0% used [0x00000000895c0000, 0x00000000895c0000, 0x000000008a660000)
 concurrent mark-sweep generation total 1926784K, used 150364K [0x000000008a660000, 0x0000000100000000, 0x0000000100000000)
 Metaspace       used 83154K, capacity 88655K, committed 89044K, reserved 1128448K
  class space    used 10267K, capacity 10642K, committed 10740K, reserved 1048576K
2017-07-31T23:14:23.455+0000: 1375.483: [GC (Allocation Failure) Before GC:
Statistics for BinaryTreeDictionary:
------------------------------------
Total Free Space: 227193785
Max   Chunk Size: 227193785
Number of Blocks: 1
Av.  Block  Size: 227193785
Tree      Height: 1
2017-07-31T23:14:23.455+0000: 1375.483: [ParNew
Desired survivor size 8716288 bytes, new threshold 6 (max 6)
- age   1:    1356712 bytes,    1356712 total
- age   2:     790320 bytes,    2147032 total
- age   3:     719016 bytes,    2866048 total
- age   4:     722944 bytes,    3588992 total
- age   5:     648312 bytes,    4237304 total
- age   6:     735696 bytes,    4973000 total
: 143720K->7344K(153344K), 0.0228165 secs] 294085K->158444K(2080128K)After GC:
Statistics for BinaryTreeDictionary:
------------------------------------
Total Free Space: 227100686
Max   Chunk Size: 227100686
Number of Blocks: 1
Av.  Block  Size: 227100686
Tree      Height: 1
, 0.0228967 secs] [Times: user=0.05 sys=0.00, real=0.02 secs] 
Heap after GC invocations=41 (full 3):
 par new generation   total 153344K, used 7344K [0x0000000080000000, 0x000000008a660000, 0x000000008a660000)
  eden space 136320K,   0% used [0x0000000080000000, 0x0000000080000000, 0x0000000088520000)
  from space 17024K,  43% used [0x00000000895c0000, 0x0000000089cec060, 0x000000008a660000)
  to   space 17024K,   0% used [0x0000000088520000, 0x0000000088520000, 0x00000000895c0000)
 concurrent mark-sweep generation total 1926784K, used 151100K [0x000000008a660000, 0x0000000100000000, 0x0000000100000000)
 Metaspace       used 83154K, capacity 88655K, committed 89044K, reserved 1128448K
  class space    used 10267K, capacity 10642K, committed 10740K, reserved 1048576K
}
2017-07-31T23:14:23.478+0000: 1375.505: Total time for which application threads were stopped: 0.0231725 seconds, Stopping threads took: 0.0000559 seconds
2017-07-31T23:14:24.478+0000: 1376.506: Total time for which application threads were stopped: 0.0001593 seconds, Stopping threads took: 0.0000432 seconds
2017-07-31T23:14:25.478+0000: 1377.506: Total time for which application threads were stopped: 0.0001499 seconds, Stopping threads took: 0.0000500 seconds
2017-07-31T23:14:27.484+0000: 1379.511: Total time for which application threads were stopped: 0.0001362 seconds, Stopping threads took: 0.0000443 seconds
2017-07-31T23:14:28.484+0000: 1380.512: Total time for which application threads were stopped: 0.0001348 seconds, Stopping threads took: 0.0000435 seconds
2017-07-31T23:14:29.484+0000: 1381.512: Total time for which application threads were stopped: 0.0001394 seconds, Stopping threads took: 0.0000457 seconds
2017-07-31T23:14:30.075+0000: 1382.103: Total time for which application threads were stopped: 0.0003153 seconds, Stopping threads took: 0.0000423 seconds
2017-07-31T23:14:34.075+0000: 1386.103: Total time for which application threads were stopped: 0.0001471 seconds, Stopping threads took: 0.0000529 seconds
2017-07-31T23:14:44.077+0000: 1396.105: Total time for which application threads were stopped: 0.0001351 seconds, Stopping threads took: 0.0000396 seconds
2017-07-31T23:14:45.077+0000: 1397.105: Total time for which application threads were stopped: 0.0001392 seconds, Stopping threads took: 0.0000438 seconds
2017-07-31T23:14:59.084+0000: 1411.111: Total time for which application threads were stopped: 0.0001530 seconds, Stopping threads took: 0.0000523 seconds
2017-07-31T23:15:03.084+0000: 1415.112: Total time for which application threads were stopped: 0.0001276 seconds, Stopping threads took: 0.0000398 seconds
2017-07-31T23:15:24.090+0000: 1436.118: Total time for which application threads were stopped: 0.0001343 seconds, Stopping threads took: 0.0000423 seconds
2017-07-31T23:15:31.091+0000: 1443.119: Total time for which application threads were stopped: 0.0001692 seconds, Stopping threads took: 0.0000442 seconds
{Heap before GC invocations=41 (full 3):
 par new generation   total 153344K, used 143664K [0x0000000080000000, 0x000000008a660000, 0x000000008a660000)
  eden space 136320K, 100% used [0x0000000080000000, 0x0000000088520000, 0x0000000088520000)
  from space 17024K,  43% used [0x00000000895c0000, 0x0000000089cec060, 0x000000008a660000)
  to   space 17024K,   0% used [0x0000000088520000, 0x0000000088520000, 0x00000000895c0000)
 concurrent mark-sweep generation total 1926784K, used 151100K [0x000000008a660000, 0x0000000100000000, 0x0000000100000000)
 Metaspace       used 83172K, capacity 88655K, committed 89044K, reserved 1128448K
  class space    used 10267K, capacity 10642K, committed 10740K, reserved 1048576K
2017-07-31T23:15:46.197+0000: 1458.225: [GC (Allocation Failure) Before GC:
Statistics for BinaryTreeDictionary:
------------------------------------
Total Free Space: 227100686
Max   Chunk Size: 227100686
Number of Blocks: 1
Av.  Block  Size: 227100686
Tree      Height: 1
2017-07-31T23:15:46.197+0000: 1458.225: [ParNew
Desired survivor size 8716288 bytes, new threshold 6 (max 6)
- age   1:    1366480 bytes,    1366480 total
- age   2:     832776 bytes,    2199256 total
- age   3:     731288 bytes,    2930544 total
- age   4:     692944 bytes,    3623488 total
- age   5:     709184 bytes,    4332672 total
- age   6:     639840 bytes,    4972512 total
: 143664K->7293K(153344K), 0.0226131 secs] 294764K->159121K(2080128K)After GC:
Statistics for BinaryTreeDictionary:
------------------------------------
Total Free Space: 227007526
Max   Chunk Size: 227007526
Number of Blocks: 1
Av.  Block  Size: 227007526
Tree      Height: 1
, 0.0227055 secs] [Times: user=0.06 sys=0.00, real=0.02 secs] 
Heap after GC invocations=42 (full 3):
 par new generation   total 153344K, used 7293K [0x0000000080000000, 0x000000008a660000, 0x000000008a660000)
  eden space 136320K,   0% used [0x0000000080000000, 0x0000000080000000, 0x0000000088520000)
  from space 17024K,  42% used [0x0000000088520000, 0x0000000088c3f7b8, 0x00000000895c0000)
  to   space 17024K,   0% used [0x00000000895c0000, 0x00000000895c0000, 0x000000008a660000)
 concurrent mark-sweep generation total 1926784K, used 151828K [0x000000008a660000, 0x0000000100000000, 0x0000000100000000)
 Metaspace       used 83172K, capacity 88655K, committed 89044K, reserved 1128448K
  class space    used 10267K, capacity 10642K, committed 10740K, reserved 1048576K
}
2017-07-31T23:15:46.220+0000: 1458.248: Total time for which application threads were stopped: 0.0229562 seconds, Stopping threads took: 0.0000587 seconds
2017-07-31T23:15:47.221+0000: 1459.249: Total time for which application threads were stopped: 0.0001809 seconds, Stopping threads took: 0.0000650 seconds
2017-07-31T23:16:02.227+0000: 1474.255: Total time for which application threads were stopped: 0.0002045 seconds, Stopping threads took: 0.0000645 seconds
2017-07-31T23:16:24.230+0000: 1496.258: Total time for which application threads were stopped: 0.0001329 seconds, Stopping threads took: 0.0000377 seconds
2017-07-31T23:16:30.078+0000: 1502.106: Total time for which application threads were stopped: 0.0001602 seconds, Stopping threads took: 0.0000394 seconds
2017-07-31T23:16:30.159+0000: 1502.186: Total time for which application threads were stopped: 0.0001432 seconds, Stopping threads took: 0.0000378 seconds
2017-07-31T23:16:31.159+0000: 1503.187: Total time for which application threads were stopped: 0.0001420 seconds, Stopping threads took: 0.0000431 seconds
2017-07-31T23:16:50.161+0000: 1522.189: Total time for which application threads were stopped: 0.0001495 seconds, Stopping threads took: 0.0000404 seconds
2017-07-31T23:16:54.162+0000: 1526.190: Total time for which application threads were stopped: 0.0001541 seconds, Stopping threads took: 0.0000632 seconds
2017-07-31T23:16:57.162+0000: 1529.190: Total time for which application threads were stopped: 0.0001252 seconds, Stopping threads took: 0.0000367 seconds
2017-07-31T23:17:00.494+0000: 1532.522: Total time for which application threads were stopped: 0.0002220 seconds, Stopping threads took: 0.0000727 seconds
2017-07-31T23:17:02.495+0000: 1534.522: Total time for which application threads were stopped: 0.0001364 seconds, Stopping threads took: 0.0000487 seconds
{Heap before GC invocations=42 (full 3):
 par new generation   total 153344K, used 143613K [0x0000000080000000, 0x000000008a660000, 0x000000008a660000)
  eden space 136320K, 100% used [0x0000000080000000, 0x0000000088520000, 0x0000000088520000)
  from space 17024K,  42% used [0x0000000088520000, 0x0000000088c3f7b8, 0x00000000895c0000)
  to   space 17024K,   0% used [0x00000000895c0000, 0x00000000895c0000, 0x000000008a660000)
 concurrent mark-sweep generation total 1926784K, used 151828K [0x000000008a660000, 0x0000000100000000, 0x0000000100000000)
 Metaspace       used 83184K, capacity 88719K, committed 89044K, reserved 1128448K
  class space    used 10267K, capacity 10642K, committed 10740K, reserved 1048576K
2017-07-31T23:17:13.565+0000: 1545.593: [GC (Allocation Failure) Before GC:
Statistics for BinaryTreeDictionary:
------------------------------------
Total Free Space: 227007526
Max   Chunk Size: 227007526
Number of Blocks: 1
Av.  Block  Size: 227007526
Tree      Height: 1
2017-07-31T23:17:13.565+0000: 1545.593: [ParNew
Desired survivor size 8716288 bytes, new threshold 6 (max 6)
- age   1:    1400944 bytes,    1400944 total
- age   2:     756912 bytes,    2157856 total
- age   3:     763408 bytes,    2921264 total
- age   4:     699632 bytes,    3620896 total
- age   5:     678352 bytes,    4299248 total
- age   6:     697336 bytes,    4996584 total
: 143613K->7282K(153344K), 0.0224248 secs] 295441K->159742K(2080128K)After GC:
Statistics for BinaryTreeDictionary:
------------------------------------
Total Free Space: 226923354
Max   Chunk Size: 226923354
Number of Blocks: 1
Av.  Block  Size: 226923354
Tree      Height: 1
, 0.0225252 secs] [Times: user=0.05 sys=0.00, real=0.02 secs] 
Heap after GC invocations=43 (full 3):
 par new generation   total 153344K, used 7282K [0x0000000080000000, 0x000000008a660000, 0x000000008a660000)
  eden space 136320K,   0% used [0x0000000080000000, 0x0000000080000000, 0x0000000088520000)
  from space 17024K,  42% used [0x00000000895c0000, 0x0000000089cdcac8, 0x000000008a660000)
  to   space 17024K,   0% used [0x0000000088520000, 0x0000000088520000, 0x00000000895c0000)
 concurrent mark-sweep generation total 1926784K, used 152460K [0x000000008a660000, 0x0000000100000000, 0x0000000100000000)
 Metaspace       used 83184K, capacity 88719K, committed 89044K, reserved 1128448K
  class space    used 10267K, capacity 10642K, committed 10740K, reserved 1048576K
}
2017-07-31T23:17:13.588+0000: 1545.615: Total time for which application threads were stopped: 0.0228163 seconds, Stopping threads took: 0.0001136 seconds
2017-07-31T23:17:23.589+0000: 1555.617: Total time for which application threads were stopped: 0.0001336 seconds, Stopping threads took: 0.0000316 seconds
2017-07-31T23:17:24.589+0000: 1556.617: Total time for which application threads were stopped: 0.0001526 seconds, Stopping threads took: 0.0000634 seconds
2017-07-31T23:17:27.590+0000: 1559.617: Total time for which application threads were stopped: 0.0001338 seconds, Stopping threads took: 0.0000417 seconds
2017-07-31T23:17:30.079+0000: 1562.107: Total time for which application threads were stopped: 0.0001604 seconds, Stopping threads took: 0.0000474 seconds
2017-07-31T23:17:30.161+0000: 1562.188: Total time for which application threads were stopped: 0.0001557 seconds, Stopping threads took: 0.0000497 seconds
2017-07-31T23:18:00.550+0000: 1592.578: Total time for which application threads were stopped: 0.0002686 seconds, Stopping threads took: 0.0000921 seconds
2017-07-31T23:18:16.552+0000: 1608.580: Total time for which application threads were stopped: 0.0001267 seconds, Stopping threads took: 0.0000372 seconds
2017-07-31T23:18:17.552+0000: 1609.580: Total time for which application threads were stopped: 0.0001387 seconds, Stopping threads took: 0.0000373 seconds
2017-07-31T23:18:30.081+0000: 1622.109: Total time for which application threads were stopped: 0.0001658 seconds, Stopping threads took: 0.0000438 seconds
2017-07-31T23:18:31.082+0000: 1623.109: Total time for which application threads were stopped: 0.0001417 seconds, Stopping threads took: 0.0000394 seconds
{Heap before GC invocations=43 (full 3):
 par new generation   total 153344K, used 143602K [0x0000000080000000, 0x000000008a660000, 0x000000008a660000)
  eden space 136320K, 100% used [0x0000000080000000, 0x0000000088520000, 0x0000000088520000)
  from space 17024K,  42% used [0x00000000895c0000, 0x0000000089cdcac8, 0x000000008a660000)
  to   space 17024K,   0% used [0x0000000088520000, 0x0000000088520000, 0x00000000895c0000)
 concurrent mark-sweep generation total 1926784K, used 152460K [0x000000008a660000, 0x0000000100000000, 0x0000000100000000)
 Metaspace       used 83206K, capacity 88719K, committed 89044K, reserved 1128448K
  class space    used 10267K, capacity 10642K, committed 10740K, reserved 1048576K
2017-07-31T23:18:33.222+0000: 1625.250: [GC (Allocation Failure) Before GC:
Statistics for BinaryTreeDictionary:
------------------------------------
Total Free Space: 226923354
Max   Chunk Size: 226923354
Number of Blocks: 1
Av.  Block  Size: 226923354
Tree      Height: 1
2017-07-31T23:18:33.222+0000: 1625.250: [ParNew
Desired survivor size 8716288 bytes, new threshold 6 (max 6)
- age   1:    1294144 bytes,    1294144 total
- age   2:     851208 bytes,    2145352 total
- age   3:     689088 bytes,    2834440 total
- age   4:     733240 bytes,    3567680 total
- age   5:     686088 bytes,    4253768 total
- age   6:     669840 bytes,    4923608 total
: 143602K->7303K(153344K), 0.0229010 secs] 296062K->160453K(2080128K)After GC:
Statistics for BinaryTreeDictionary:
------------------------------------
Total Free Space: 226831725
Max   Chunk Size: 226831725
Number of Blocks: 1
Av.  Block  Size: 226831725
Tree      Height: 1
, 0.0229862 secs] [Times: user=0.06 sys=0.00, real=0.02 secs] 
Heap after GC invocations=44 (full 3):
 par new generation   total 153344K, used 7303K [0x0000000080000000, 0x000000008a660000, 0x000000008a660000)
  eden space 136320K,   0% used [0x0000000080000000, 0x0000000080000000, 0x0000000088520000)
  from space 17024K,  42% used [0x0000000088520000, 0x0000000088c41f70, 0x00000000895c0000)
  to   space 17024K,   0% used [0x00000000895c0000, 0x00000000895c0000, 0x000000008a660000)
 concurrent mark-sweep generation total 1926784K, used 153149K [0x000000008a660000, 0x0000000100000000, 0x0000000100000000)
 Metaspace       used 83206K, capacity 88719K, committed 89044K, reserved 1128448K
  class space    used 10267K, capacity 10642K, committed 10740K, reserved 1048576K
}
2017-07-31T23:18:33.245+0000: 1625.273: Total time for which application threads were stopped: 0.0232381 seconds, Stopping threads took: 0.0000688 seconds
2017-07-31T23:18:54.248+0000: 1646.276: Total time for which application threads were stopped: 0.0001451 seconds, Stopping threads took: 0.0000372 seconds
2017-07-31T23:18:58.248+0000: 1650.276: Total time for which application threads were stopped: 0.0001278 seconds, Stopping threads took: 0.0000411 seconds
2017-07-31T23:19:00.249+0000: 1652.277: Total time for which application threads were stopped: 0.0001540 seconds, Stopping threads took: 0.0000536 seconds
2017-07-31T23:19:30.083+0000: 1682.111: Total time for which application threads were stopped: 0.0001351 seconds, Stopping threads took: 0.0000409 seconds
2017-07-31T23:19:41.085+0000: 1693.112: Total time for which application threads were stopped: 0.0001607 seconds, Stopping threads took: 0.0000701 seconds
2017-07-31T23:19:56.086+0000: 1708.114: Total time for which application threads were stopped: 0.0001433 seconds, Stopping threads took: 0.0000378 seconds
2017-07-31T23:19:57.087+0000: 1709.114: Total time for which application threads were stopped: 0.0001308 seconds, Stopping threads took: 0.0000396 seconds
2017-07-31T23:19:58.087+0000: 1710.115: Total time for which application threads were stopped: 0.0001341 seconds, Stopping threads took: 0.0000344 seconds
2017-07-31T23:19:59.087+0000: 1711.115: Total time for which application threads were stopped: 0.0001341 seconds, Stopping threads took: 0.0000357 seconds
2017-07-31T23:20:00.620+0000: 1712.648: Total time for which application threads were stopped: 0.0001613 seconds, Stopping threads took: 0.0000631 seconds
{Heap before GC invocations=44 (full 3):
 par new generation   total 153344K, used 143623K [0x0000000080000000, 0x000000008a660000, 0x000000008a660000)
  eden space 136320K, 100% used [0x0000000080000000, 0x0000000088520000, 0x0000000088520000)
  from space 17024K,  42% used [0x0000000088520000, 0x0000000088c41f70, 0x00000000895c0000)
  to   space 17024K,   0% used [0x00000000895c0000, 0x00000000895c0000, 0x000000008a660000)
 concurrent mark-sweep generation total 1926784K, used 153149K [0x000000008a660000, 0x0000000100000000, 0x0000000100000000)
 Metaspace       used 83211K, capacity 88719K, committed 89044K, reserved 1128448K
  class space    used 10267K, capacity 10642K, committed 10740K, reserved 1048576K
2017-07-31T23:20:00.909+0000: 1712.936: [GC (Allocation Failure) Before GC:
Statistics for BinaryTreeDictionary:
------------------------------------
Total Free Space: 226831725
Max   Chunk Size: 226831725
Number of Blocks: 1
Av.  Block  Size: 226831725
Tree      Height: 1
2017-07-31T23:20:00.909+0000: 1712.936: [ParNew
Desired survivor size 8716288 bytes, new threshold 6 (max 6)
- age   1:    1415248 bytes,    1415248 total
- age   2:     763264 bytes,    2178512 total
- age   3:     784952 bytes,    2963464 total
- age   4:     660000 bytes,    3623464 total
- age   5:     717584 bytes,    4341048 total
- age   6:     676408 bytes,    5017456 total
: 143623K->7232K(153344K), 0.0229068 secs] 296773K->161042K(2080128K)After GC:
Statistics for BinaryTreeDictionary:
------------------------------------
Total Free Space: 226753118
Max   Chunk Size: 226753118
Number of Blocks: 1
Av.  Block  Size: 226753118
Tree      Height: 1
, 0.0229878 secs] [Times: user=0.05 sys=0.00, real=0.03 secs] 
Heap after GC invocations=45 (full 3):
 par new generation   total 153344K, used 7232K [0x0000000080000000, 0x000000008a660000, 0x000000008a660000)
  eden space 136320K,   0% used [0x0000000080000000, 0x0000000080000000, 0x0000000088520000)
  from space 17024K,  42% used [0x00000000895c0000, 0x0000000089cd00a8, 0x000000008a660000)
  to   space 17024K,   0% used [0x0000000088520000, 0x0000000088520000, 0x00000000895c0000)
 concurrent mark-sweep generation total 1926784K, used 153810K [0x000000008a660000, 0x0000000100000000, 0x0000000100000000)
 Metaspace       used 83211K, capacity 88719K, committed 89044K, reserved 1128448K
  class space    used 10267K, capacity 10642K, committed 10740K, reserved 1048576K
}
2017-07-31T23:20:00.932+0000: 1712.959: Total time for which application threads were stopped: 0.0232212 seconds, Stopping threads took: 0.0000560 seconds
2017-07-31T23:20:06.933+0000: 1718.960: Total time for which application threads were stopped: 0.0001225 seconds, Stopping threads took: 0.0000351 seconds
2017-07-31T23:20:13.933+0000: 1725.961: Total time for which application threads were stopped: 0.0001361 seconds, Stopping threads took: 0.0000424 seconds
2017-07-31T23:20:20.934+0000: 1732.962: Total time for which application threads were stopped: 0.0001483 seconds, Stopping threads took: 0.0000389 seconds
2017-07-31T23:20:24.935+0000: 1736.962: Total time for which application threads were stopped: 0.0001336 seconds, Stopping threads took: 0.0000427 seconds
2017-07-31T23:20:27.935+0000: 1739.963: Total time for which application threads were stopped: 0.0001590 seconds, Stopping threads took: 0.0000381 seconds
2017-07-31T23:20:40.940+0000: 1752.968: Total time for which application threads were stopped: 0.0001389 seconds, Stopping threads took: 0.0000392 seconds
2017-07-31T23:21:00.666+0000: 1772.694: Total time for which application threads were stopped: 0.0001696 seconds, Stopping threads took: 0.0000387 seconds
2017-07-31T23:21:08.668+0000: 1780.695: Total time for which application threads were stopped: 0.0002216 seconds, Stopping threads took: 0.0000655 seconds
2017-07-31T23:21:17.669+0000: 1789.697: Total time for which application threads were stopped: 0.0001312 seconds, Stopping threads took: 0.0000380 seconds
2017-07-31T23:21:27.670+0000: 1799.698: Total time for which application threads were stopped: 0.0001913 seconds, Stopping threads took: 0.0000627 seconds
{Heap before GC invocations=45 (full 3):
 par new generation   total 153344K, used 143552K [0x0000000080000000, 0x000000008a660000, 0x000000008a660000)
  eden space 136320K, 100% used [0x0000000080000000, 0x0000000088520000, 0x0000000088520000)
  from space 17024K,  42% used [0x00000000895c0000, 0x0000000089cd00a8, 0x000000008a660000)
  to   space 17024K,   0% used [0x0000000088520000, 0x0000000088520000, 0x00000000895c0000)
 concurrent mark-sweep generation total 1926784K, used 153810K [0x000000008a660000, 0x0000000100000000, 0x0000000100000000)
 Metaspace       used 83216K, capacity 88719K, committed 89044K, reserved 1128448K
  class space    used 10267K, capacity 10642K, committed 10740K, reserved 1048576K
2017-07-31T23:21:29.540+0000: 1801.568: [GC (Allocation Failure) Before GC:
Statistics for BinaryTreeDictionary:
------------------------------------
Total Free Space: 226753118
Max   Chunk Size: 226753118
Number of Blocks: 1
Av.  Block  Size: 226753118
Tree      Height: 1
2017-07-31T23:21:29.540+0000: 1801.568: [ParNew
Desired survivor size 8716288 bytes, new threshold 6 (max 6)
- age   1:    1447592 bytes,    1447592 total
- age   2:     848968 bytes,    2296560 total
- age   3:     701632 bytes,    2998192 total
- age   4:     754880 bytes,    3753072 total
- age   5:     648376 bytes,    4401448 total
- age   6:     704880 bytes,    5106328 total
: 143552K->9749K(153344K), 0.0233267 secs] 297362K->164228K(2080128K)After GC:
Statistics for BinaryTreeDictionary:
------------------------------------
Total Free Space: 226667182
Max   Chunk Size: 226667182
Number of Blocks: 1
Av.  Block  Size: 226667182
Tree      Height: 1
, 0.0234098 secs] [Times: user=0.05 sys=0.00, real=0.03 secs] 
Heap after GC invocations=46 (full 3):
 par new generation   total 153344K, used 9749K [0x0000000080000000, 0x000000008a660000, 0x000000008a660000)
  eden space 136320K,   0% used [0x0000000080000000, 0x0000000080000000, 0x0000000088520000)
  from space 17024K,  57% used [0x0000000088520000, 0x0000000088ea5738, 0x00000000895c0000)
  to   space 17024K,   0% used [0x00000000895c0000, 0x00000000895c0000, 0x000000008a660000)
 concurrent mark-sweep generation total 1926784K, used 154478K [0x000000008a660000, 0x0000000100000000, 0x0000000100000000)
 Metaspace       used 83216K, capacity 88719K, committed 89044K, reserved 1128448K
  class space    used 10267K, capacity 10642K, committed 10740K, reserved 1048576K
}
2017-07-31T23:21:29.564+0000: 1801.591: Total time for which application threads were stopped: 0.0236730 seconds, Stopping threads took: 0.0000702 seconds
2017-07-31T23:21:30.087+0000: 1802.115: Total time for which application threads were stopped: 0.0001438 seconds, Stopping threads took: 0.0000372 seconds
2017-07-31T23:21:32.088+0000: 1804.115: Total time for which application threads were stopped: 0.0001270 seconds, Stopping threads took: 0.0000406 seconds
2017-07-31T23:21:42.089+0000: 1814.116: Total time for which application threads were stopped: 0.0001451 seconds, Stopping threads took: 0.0000381 seconds
2017-07-31T23:21:43.094+0000: 1815.121: Total time for which application threads were stopped: 0.0001828 seconds, Stopping threads took: 0.0000634 seconds
2017-07-31T23:21:44.104+0000: 1816.132: Total time for which application threads were stopped: 0.0001846 seconds, Stopping threads took: 0.0000704 seconds
2017-07-31T23:21:55.106+0000: 1827.134: Total time for which application threads were stopped: 0.0001280 seconds, Stopping threads took: 0.0000387 seconds
2017-07-31T23:21:58.106+0000: 1830.134: Total time for which application threads were stopped: 0.0001294 seconds, Stopping threads took: 0.0000399 seconds
2017-07-31T23:22:24.110+0000: 1856.137: Total time for which application threads were stopped: 0.0001335 seconds, Stopping threads took: 0.0000430 seconds
2017-07-31T23:22:41.112+0000: 1873.140: Total time for which application threads were stopped: 0.0001234 seconds, Stopping threads took: 0.0000365 seconds
{Heap before GC invocations=46 (full 3):
 par new generation   total 153344K, used 146069K [0x0000000080000000, 0x000000008a660000, 0x000000008a660000)
  eden space 136320K, 100% used [0x0000000080000000, 0x0000000088520000, 0x0000000088520000)
  from space 17024K,  57% used [0x0000000088520000, 0x0000000088ea5738, 0x00000000895c0000)
  to   space 17024K,   0% used [0x00000000895c0000, 0x00000000895c0000, 0x000000008a660000)
 concurrent mark-sweep generation total 1926784K, used 154478K [0x000000008a660000, 0x0000000100000000, 0x0000000100000000)
 Metaspace       used 83228K, capacity 88719K, committed 89044K, reserved 1128448K
  class space    used 10267K, capacity 10642K, committed 10740K, reserved 1048576K
2017-07-31T23:22:50.719+0000: 1882.746: [GC (Allocation Failure) Before GC:
Statistics for BinaryTreeDictionary:
------------------------------------
Total Free Space: 226667182
Max   Chunk Size: 226667182
Number of Blocks: 1
Av.  Block  Size: 226667182
Tree      Height: 1
2017-07-31T23:22:50.719+0000: 1882.746: [ParNew
Desired survivor size 8716288 bytes, new threshold 6 (max 6)
- age   1:    1331600 bytes,    1331600 total
- age   2:     843472 bytes,    2175072 total
- age   3:     778864 bytes,    2953936 total
- age   4:     678960 bytes,    3632896 total
- age   5:     739176 bytes,    4372072 total
- age   6:     638288 bytes,    5010360 total
: 146069K->6176K(153344K), 0.0236530 secs] 300548K->161350K(2080128K)After GC:
Statistics for BinaryTreeDictionary:
------------------------------------
Total Free Space: 226576923
Max   Chunk Size: 226576923
Number of Blocks: 1
Av.  Block  Size: 226576923
Tree      Height: 1
, 0.0237416 secs] [Times: user=0.06 sys=0.00, real=0.03 secs] 
Heap after GC invocations=47 (full 3):
 par new generation   total 153344K, used 6176K [0x0000000080000000, 0x000000008a660000, 0x000000008a660000)
  eden space 136320K,   0% used [0x0000000080000000, 0x0000000080000000, 0x0000000088520000)
  from space 17024K,  36% used [0x00000000895c0000, 0x0000000089bc8118, 0x000000008a660000)
  to   space 17024K,   0% used [0x0000000088520000, 0x0000000088520000, 0x00000000895c0000)
 concurrent mark-sweep generation total 1926784K, used 155174K [0x000000008a660000, 0x0000000100000000, 0x0000000100000000)
 Metaspace       used 83228K, capacity 88719K, committed 89044K, reserved 1128448K
  class space    used 10267K, capacity 10642K, committed 10740K, reserved 1048576K
}
2017-07-31T23:22:50.742+0000: 1882.770: Total time for which application threads were stopped: 0.0239685 seconds, Stopping threads took: 0.0000430 seconds
2017-07-31T23:22:57.743+0000: 1889.771: Total time for which application threads were stopped: 0.0001528 seconds, Stopping threads took: 0.0000417 seconds
2017-07-31T23:23:08.745+0000: 1900.772: Total time for which application threads were stopped: 0.0001337 seconds, Stopping threads took: 0.0000420 seconds
2017-07-31T23:23:09.745+0000: 1901.773: Total time for which application threads were stopped: 0.0001226 seconds, Stopping threads took: 0.0000348 seconds
2017-07-31T23:23:20.746+0000: 1912.774: Total time for which application threads were stopped: 0.0001294 seconds, Stopping threads took: 0.0000409 seconds
2017-07-31T23:23:23.747+0000: 1915.775: Total time for which application threads were stopped: 0.0002075 seconds, Stopping threads took: 0.0000656 seconds
2017-07-31T23:23:27.747+0000: 1919.775: Total time for which application threads were stopped: 0.0001492 seconds, Stopping threads took: 0.0000385 seconds
2017-07-31T23:24:08.752+0000: 1960.780: Total time for which application threads were stopped: 0.0001524 seconds, Stopping threads took: 0.0000414 seconds
{Heap before GC invocations=47 (full 3):
 par new generation   total 153344K, used 142496K [0x0000000080000000, 0x000000008a660000, 0x000000008a660000)
  eden space 136320K, 100% used [0x0000000080000000, 0x0000000088520000, 0x0000000088520000)
  from space 17024K,  36% used [0x00000000895c0000, 0x0000000089bc8118, 0x000000008a660000)
  to   space 17024K,   0% used [0x0000000088520000, 0x0000000088520000, 0x00000000895c0000)
 concurrent mark-sweep generation total 1926784K, used 155174K [0x000000008a660000, 0x0000000100000000, 0x0000000100000000)
 Metaspace       used 83318K, capacity 88783K, committed 89044K, reserved 1128448K
  class space    used 10267K, capacity 10642K, committed 10740K, reserved 1048576K
2017-07-31T23:24:21.322+0000: 1973.350: [GC (Allocation Failure) Before GC:
Statistics for BinaryTreeDictionary:
------------------------------------
Total Free Space: 226576923
Max   Chunk Size: 226576923
Number of Blocks: 1
Av.  Block  Size: 226576923
Tree      Height: 1
2017-07-31T23:24:21.322+0000: 1973.350: [ParNew
Desired survivor size 8716288 bytes, new threshold 6 (max 6)
- age   1:    1424080 bytes,    1424080 total
- age   2:     758760 bytes,    2182840 total
- age   3:     771960 bytes,    2954800 total
- age   4:     751616 bytes,    3706416 total
- age   5:     664952 bytes,    4371368 total
- age   6:     728640 bytes,    5100008 total
: 142496K->8875K(153344K), 0.0243774 secs] 297670K->164680K(2080128K)After GC:
Statistics for BinaryTreeDictionary:
------------------------------------
Total Free Space: 226496978
Max   Chunk Size: 226496978
Number of Blocks: 1
Av.  Block  Size: 226496978
Tree      Height: 1
, 0.0244618 secs] [Times: user=0.06 sys=0.00, real=0.02 secs] 
Heap after GC invocations=48 (full 3):
 par new generation   total 153344K, used 8875K [0x0000000080000000, 0x000000008a660000, 0x000000008a660000)
  eden space 136320K,   0% used [0x0000000080000000, 0x0000000080000000, 0x0000000088520000)
  from space 17024K,  52% used [0x0000000088520000, 0x0000000088dcaf50, 0x00000000895c0000)
  to   space 17024K,   0% used [0x00000000895c0000, 0x00000000895c0000, 0x000000008a660000)
 concurrent mark-sweep generation total 1926784K, used 155804K [0x000000008a660000, 0x0000000100000000, 0x0000000100000000)
 Metaspace       used 83318K, capacity 88783K, committed 89044K, reserved 1128448K
  class space    used 10267K, capacity 10642K, committed 10740K, reserved 1048576K
}
2017-07-31T23:24:21.347+0000: 1973.374: Total time for which application threads were stopped: 0.0247394 seconds, Stopping threads took: 0.0001022 seconds
2017-07-31T23:24:24.347+0000: 1976.375: Total time for which application threads were stopped: 0.0001297 seconds, Stopping threads took: 0.0000394 seconds
2017-07-31T23:24:27.347+0000: 1979.375: Total time for which application threads were stopped: 0.0001339 seconds, Stopping threads took: 0.0000435 seconds
2017-07-31T23:24:30.348+0000: 1982.376: Total time for which application threads were stopped: 0.0001278 seconds, Stopping threads took: 0.0000391 seconds
2017-07-31T23:24:31.348+0000: 1983.376: Total time for which application threads were stopped: 0.0001520 seconds, Stopping threads took: 0.0000549 seconds
2017-07-31T23:24:39.349+0000: 1991.377: Total time for which application threads were stopped: 0.0001315 seconds, Stopping threads took: 0.0000412 seconds
2017-07-31T23:24:50.351+0000: 2002.378: Total time for which application threads were stopped: 0.0002159 seconds, Stopping threads took: 0.0001121 seconds
2017-07-31T23:25:23.365+0000: 2035.393: Total time for which application threads were stopped: 0.0001478 seconds, Stopping threads took: 0.0000594 seconds
2017-07-31T23:25:24.365+0000: 2036.393: Total time for which application threads were stopped: 0.0001509 seconds, Stopping threads took: 0.0000390 seconds
2017-07-31T23:25:35.367+0000: 2047.395: Total time for which application threads were stopped: 0.0001485 seconds, Stopping threads took: 0.0000385 seconds
{Heap before GC invocations=48 (full 3):
 par new generation   total 153344K, used 145195K [0x0000000080000000, 0x000000008a660000, 0x000000008a660000)
  eden space 136320K, 100% used [0x0000000080000000, 0x0000000088520000, 0x0000000088520000)
  from space 17024K,  52% used [0x0000000088520000, 0x0000000088dcaf50, 0x00000000895c0000)
  to   space 17024K,   0% used [0x00000000895c0000, 0x00000000895c0000, 0x000000008a660000)
 concurrent mark-sweep generation total 1926784K, used 155804K [0x000000008a660000, 0x0000000100000000, 0x0000000100000000)
 Metaspace       used 83326K, capacity 88783K, committed 89044K, reserved 1128448K
  class space    used 10267K, capacity 10642K, committed 10740K, reserved 1048576K
2017-07-31T23:25:45.417+0000: 2057.444: [GC (Allocation Failure) Before GC:
Statistics for BinaryTreeDictionary:
------------------------------------
Total Free Space: 226496978
Max   Chunk Size: 226496978
Number of Blocks: 1
Av.  Block  Size: 226496978
Tree      Height: 1
2017-07-31T23:25:45.417+0000: 2057.445: [ParNew
Desired survivor size 8716288 bytes, new threshold 6 (max 6)
- age   1:    1342288 bytes,    1342288 total
- age   2:     815064 bytes,    2157352 total
- age   3:     700024 bytes,    2857376 total
- age   4:     744584 bytes,    3601960 total
- age   5:     737576 bytes,    4339536 total
- age   6:     655072 bytes,    4994608 total
: 145195K->5953K(153344K), 0.0239712 secs] 301000K->162476K(2080128K)After GC:
Statistics for BinaryTreeDictionary:
------------------------------------
Total Free Space: 226406950
Max   Chunk Size: 226406950
Number of Blocks: 1
Av.  Block  Size: 226406950
Tree      Height: 1
, 0.0240609 secs] [Times: user=0.05 sys=0.00, real=0.03 secs] 
Heap after GC invocations=49 (full 3):
 par new generation   total 153344K, used 5953K [0x0000000080000000, 0x000000008a660000, 0x000000008a660000)
  eden space 136320K,   0% used [0x0000000080000000, 0x0000000080000000, 0x0000000088520000)
  from space 17024K,  34% used [0x00000000895c0000, 0x0000000089b905e8, 0x000000008a660000)
  to   space 17024K,   0% used [0x0000000088520000, 0x0000000088520000, 0x00000000895c0000)
 concurrent mark-sweep generation total 1926784K, used 156523K [0x000000008a660000, 0x0000000100000000, 0x0000000100000000)
 Metaspace       used 83326K, capacity 88783K, committed 89044K, reserved 1128448K
  class space    used 10267K, capacity 10642K, committed 10740K, reserved 1048576K
}
2017-07-31T23:25:45.441+0000: 2057.469: Total time for which application threads were stopped: 0.0243088 seconds, Stopping threads took: 0.0000835 seconds
2017-07-31T23:25:46.441+0000: 2058.469: Total time for which application threads were stopped: 0.0001439 seconds, Stopping threads took: 0.0000605 seconds
2017-07-31T23:26:03.443+0000: 2075.471: Total time for which application threads were stopped: 0.0001256 seconds, Stopping threads took: 0.0000367 seconds
2017-07-31T23:26:12.444+0000: 2084.472: Total time for which application threads were stopped: 0.0001365 seconds, Stopping threads took: 0.0000359 seconds
2017-07-31T23:26:20.445+0000: 2092.473: Total time for which application threads were stopped: 0.0001482 seconds, Stopping threads took: 0.0000388 seconds
2017-07-31T23:26:37.447+0000: 2109.475: Total time for which application threads were stopped: 0.0001998 seconds, Stopping threads took: 0.0000640 seconds
2017-07-31T23:26:41.448+0000: 2113.475: Total time for which application threads were stopped: 0.0001589 seconds, Stopping threads took: 0.0000605 seconds
2017-07-31T23:26:47.449+0000: 2119.476: Total time for which application threads were stopped: 0.0001585 seconds, Stopping threads took: 0.0000651 seconds
2017-07-31T23:26:52.449+0000: 2124.477: Total time for which application threads were stopped: 0.0001298 seconds, Stopping threads took: 0.0000384 seconds
2017-07-31T23:26:57.454+0000: 2129.482: Total time for which application threads were stopped: 0.0001595 seconds, Stopping threads took: 0.0000538 seconds
{Heap before GC invocations=49 (full 3):
 par new generation   total 153344K, used 142273K [0x0000000080000000, 0x000000008a660000, 0x000000008a660000)
  eden space 136320K, 100% used [0x0000000080000000, 0x0000000088520000, 0x0000000088520000)
  from space 17024K,  34% used [0x00000000895c0000, 0x0000000089b905e8, 0x000000008a660000)
  to   space 17024K,   0% used [0x0000000088520000, 0x0000000088520000, 0x00000000895c0000)
 concurrent mark-sweep generation total 1926784K, used 156523K [0x000000008a660000, 0x0000000100000000, 0x0000000100000000)
 Metaspace       used 83330K, capacity 88783K, committed 89044K, reserved 1128448K
  class space    used 10267K, capacity 10642K, committed 10740K, reserved 1048576K
2017-07-31T23:27:14.809+0000: 2146.837: [GC (Allocation Failure) Before GC:
Statistics for BinaryTreeDictionary:
------------------------------------
Total Free Space: 226406950
Max   Chunk Size: 226406950
Number of Blocks: 1
Av.  Block  Size: 226406950
Tree      Height: 1
2017-07-31T23:27:14.809+0000: 2146.837: [ParNew
Desired survivor size 8716288 bytes, new threshold 6 (max 6)
- age   1:    1369680 bytes,    1369680 total
- age   2:     749448 bytes,    2119128 total
- age   3:     746712 bytes,    2865840 total
- age   4:     674560 bytes,    3540400 total
- age   5:     729712 bytes,    4270112 total
- age   6:     725648 bytes,    4995760 total
: 142273K->8796K(153344K), 0.0229022 secs] 298796K->165963K(2080128K)After GC:
Statistics for BinaryTreeDictionary:
------------------------------------
Total Free Space: 226323529
Max   Chunk Size: 226323529
Number of Blocks: 1
Av.  Block  Size: 226323529
Tree      Height: 1
, 0.0229821 secs] [Times: user=0.06 sys=0.00, real=0.03 secs] 
Heap after GC invocations=50 (full 3):
 par new generation   total 153344K, used 8796K [0x0000000080000000, 0x000000008a660000, 0x000000008a660000)
  eden space 136320K,   0% used [0x0000000080000000, 0x0000000080000000, 0x0000000088520000)
  from space 17024K,  51% used [0x0000000088520000, 0x0000000088db7028, 0x00000000895c0000)
  to   space 17024K,   0% used [0x00000000895c0000, 0x00000000895c0000, 0x000000008a660000)
 concurrent mark-sweep generation total 1926784K, used 157167K [0x000000008a660000, 0x0000000100000000, 0x0000000100000000)
 Metaspace       used 83330K, capacity 88783K, committed 89044K, reserved 1128448K
  class space    used 10267K, capacity 10642K, committed 10740K, reserved 1048576K
}
2017-07-31T23:27:14.832+0000: 2146.860: Total time for which application threads were stopped: 0.0232222 seconds, Stopping threads took: 0.0000570 seconds
2017-07-31T23:27:35.848+0000: 2167.875: Total time for which application threads were stopped: 0.0001593 seconds, Stopping threads took: 0.0000375 seconds
{Heap before GC invocations=50 (full 3):
 par new generation   total 153344K, used 145116K [0x0000000080000000, 0x000000008a660000, 0x000000008a660000)
  eden space 136320K, 100% used [0x0000000080000000, 0x0000000088520000, 0x0000000088520000)
  from space 17024K,  51% used [0x0000000088520000, 0x0000000088db7028, 0x00000000895c0000)
  to   space 17024K,   0% used [0x00000000895c0000, 0x00000000895c0000, 0x000000008a660000)
 concurrent mark-sweep generation total 1926784K, used 157167K [0x000000008a660000, 0x0000000100000000, 0x0000000100000000)
 Metaspace       used 83331K, capacity 88783K, committed 89044K, reserved 1128448K
  class space    used 10267K, capacity 10642K, committed 10740K, reserved 1048576K
2017-07-31T23:28:36.577+0000: 2228.605: [GC (Allocation Failure) Before GC:
Statistics for BinaryTreeDictionary:
------------------------------------
Total Free Space: 226323529
Max   Chunk Size: 226323529
Number of Blocks: 1
Av.  Block  Size: 226323529
Tree      Height: 1
2017-07-31T23:28:36.578+0000: 2228.605: [ParNew
Desired survivor size 8716288 bytes, new threshold 6 (max 6)
- age   1:    1347200 bytes,    1347200 total
- age   2:     824880 bytes,    2172080 total
- age   3:     689816 bytes,    2861896 total
- age   4:     719272 bytes,    3581168 total
- age   5:     660560 bytes,    4241728 total
- age   6:     718960 bytes,    4960688 total
: 145116K->5856K(153344K), 0.0234832 secs] 302283K->163740K(2080128K)After GC:
Statistics for BinaryTreeDictionary:
------------------------------------
Total Free Space: 226235541
Max   Chunk Size: 226235541
Number of Blocks: 1
Av.  Block  Size: 226235541
Tree      Height: 1
, 0.0235763 secs] [Times: user=0.06 sys=0.00, real=0.03 secs] 
Heap after GC invocations=51 (full 3):
 par new generation   total 153344K, used 5856K [0x0000000080000000, 0x000000008a660000, 0x000000008a660000)
  eden space 136320K,   0% used [0x0000000080000000, 0x0000000080000000, 0x0000000088520000)
  from space 17024K,  34% used [0x00000000895c0000, 0x0000000089b78390, 0x000000008a660000)
  to   space 17024K,   0% used [0x0000000088520000, 0x0000000088520000, 0x00000000895c0000)
 concurrent mark-sweep generation total 1926784K, used 157883K [0x000000008a660000, 0x0000000100000000, 0x0000000100000000)
 Metaspace       used 83331K, capacity 88783K, committed 89044K, reserved 1128448K
  class space    used 10267K, capacity 10642K, committed 10740K, reserved 1048576K
}
2017-07-31T23:28:36.601+0000: 2228.629: Total time for which application threads were stopped: 0.0238197 seconds, Stopping threads took: 0.0000551 seconds
2017-07-31T23:28:55.603+0000: 2247.631: Total time for which application threads were stopped: 0.0001465 seconds, Stopping threads took: 0.0000416 seconds
2017-07-31T23:29:23.616+0000: 2275.644: Total time for which application threads were stopped: 0.0001680 seconds, Stopping threads took: 0.0000669 seconds
2017-07-31T23:29:38.618+0000: 2290.646: Total time for which application threads were stopped: 0.0001464 seconds, Stopping threads took: 0.0000416 seconds
{Heap before GC invocations=51 (full 3):
 par new generation   total 153344K, used 142176K [0x0000000080000000, 0x000000008a660000, 0x000000008a660000)
  eden space 136320K, 100% used [0x0000000080000000, 0x0000000088520000, 0x0000000088520000)
  from space 17024K,  34% used [0x00000000895c0000, 0x0000000089b78390, 0x000000008a660000)
  to   space 17024K,   0% used [0x0000000088520000, 0x0000000088520000, 0x00000000895c0000)
 concurrent mark-sweep generation total 1926784K, used 157883K [0x000000008a660000, 0x0000000100000000, 0x0000000100000000)
 Metaspace       used 83339K, capacity 88847K, committed 89044K, reserved 1128448K
  class space    used 10267K, capacity 10642K, committed 10740K, reserved 1048576K
2017-07-31T23:30:04.829+0000: 2316.857: [GC (Allocation Failure) Before GC:
Statistics for BinaryTreeDictionary:
------------------------------------
Total Free Space: 226235541
Max   Chunk Size: 226235541
Number of Blocks: 1
Av.  Block  Size: 226235541
Tree      Height: 1
2017-07-31T23:30:04.829+0000: 2316.857: [ParNew
Desired survivor size 8716288 bytes, new threshold 6 (max 6)
- age   1:    1390872 bytes,    1390872 total
- age   2:     753424 bytes,    2144296 total
- age   3:     754688 bytes,    2898984 total
- age   4:     663136 bytes,    3562120 total
- age   5:     703312 bytes,    4265432 total
- age   6:     650160 bytes,    4915592 total
: 142176K->6545K(153344K), 0.0249554 secs] 300060K->165135K(2080128K)After GC:
Statistics for BinaryTreeDictionary:
------------------------------------
Total Free Space: 226144221
Max   Chunk Size: 226144221
Number of Blocks: 1
Av.  Block  Size: 226144221
Tree      Height: 1
, 0.0250409 secs] [Times: user=0.06 sys=0.00, real=0.03 secs] 
Heap after GC invocations=52 (full 3):
 par new generation   total 153344K, used 6545K [0x0000000080000000, 0x000000008a660000, 0x000000008a660000)
  eden space 136320K,   0% used [0x0000000080000000, 0x0000000080000000, 0x0000000088520000)
  from space 17024K,  38% used [0x0000000088520000, 0x0000000088b84508, 0x00000000895c0000)
  to   space 17024K,   0% used [0x00000000895c0000, 0x00000000895c0000, 0x000000008a660000)
 concurrent mark-sweep generation total 1926784K, used 158590K [0x000000008a660000, 0x0000000100000000, 0x0000000100000000)
 Metaspace       used 83339K, capacity 88847K, committed 89044K, reserved 1128448K
  class space    used 10267K, capacity 10642K, committed 10740K, reserved 1048576K
}
2017-07-31T23:30:04.854+0000: 2316.882: Total time for which application threads were stopped: 0.0252905 seconds, Stopping threads took: 0.0000659 seconds
2017-07-31T23:31:30.868+0000: 2402.896: Total time for which application threads were stopped: 0.0001486 seconds, Stopping threads took: 0.0000532 seconds
{Heap before GC invocations=52 (full 3):
 par new generation   total 153344K, used 142865K [0x0000000080000000, 0x000000008a660000, 0x000000008a660000)
  eden space 136320K, 100% used [0x0000000080000000, 0x0000000088520000, 0x0000000088520000)
  from space 17024K,  38% used [0x0000000088520000, 0x0000000088b84508, 0x00000000895c0000)
  to   space 17024K,   0% used [0x00000000895c0000, 0x00000000895c0000, 0x000000008a660000)
 concurrent mark-sweep generation total 1926784K, used 158590K [0x000000008a660000, 0x0000000100000000, 0x0000000100000000)
 Metaspace       used 83350K, capacity 88847K, committed 89044K, reserved 1128448K
  class space    used 10267K, capacity 10642K, committed 10740K, reserved 1048576K
2017-07-31T23:31:30.932+0000: 2402.960: [GC (Allocation Failure) Before GC:
Statistics for BinaryTreeDictionary:
------------------------------------
Total Free Space: 226144221
Max   Chunk Size: 226144221
Number of Blocks: 1
Av.  Block  Size: 226144221
Tree      Height: 1
2017-07-31T23:31:30.932+0000: 2402.960: [ParNew
Desired survivor size 8716288 bytes, new threshold 6 (max 6)
- age   1:    1313448 bytes,    1313448 total
- age   2:     832448 bytes,    2145896 total
- age   3:     691392 bytes,    2837288 total
- age   4:     727656 bytes,    3564944 total
- age   5:     648192 bytes,    4213136 total
- age   6:     692064 bytes,    4905200 total
: 142865K->7031K(153344K), 0.0300189 secs] 301455K->166263K(2080128K)After GC:
Statistics for BinaryTreeDictionary:
------------------------------------
Total Free Space: 226059716
Max   Chunk Size: 226059716
Number of Blocks: 1
Av.  Block  Size: 226059716
Tree      Height: 1
, 0.0301228 secs] [Times: user=0.06 sys=0.00, real=0.03 secs] 
Heap after GC invocations=53 (full 3):
 par new generation   total 153344K, used 7031K [0x0000000080000000, 0x000000008a660000, 0x000000008a660000)
  eden space 136320K,   0% used [0x0000000080000000, 0x0000000080000000, 0x0000000088520000)
  from space 17024K,  41% used [0x00000000895c0000, 0x0000000089c9de48, 0x000000008a660000)
  to   space 17024K,   0% used [0x0000000088520000, 0x0000000088520000, 0x00000000895c0000)
 concurrent mark-sweep generation total 1926784K, used 159231K [0x000000008a660000, 0x0000000100000000, 0x0000000100000000)
 Metaspace       used 83350K, capacity 88847K, committed 89044K, reserved 1128448K
  class space    used 10267K, capacity 10642K, committed 10740K, reserved 1048576K
}
2017-07-31T23:31:30.963+0000: 2402.990: Total time for which application threads were stopped: 0.0304097 seconds, Stopping threads took: 0.0000320 seconds
2017-07-31T23:31:46.971+0000: 2418.998: Total time for which application threads were stopped: 0.0001367 seconds, Stopping threads took: 0.0000419 seconds
2017-07-31T23:31:53.972+0000: 2425.999: Total time for which application threads were stopped: 0.0001431 seconds, Stopping threads took: 0.0000369 seconds
2017-07-31T23:32:08.973+0000: 2441.001: Total time for which application threads were stopped: 0.0001568 seconds, Stopping threads took: 0.0000417 seconds
2017-07-31T23:32:09.974+0000: 2442.001: Total time for which application threads were stopped: 0.0001304 seconds, Stopping threads took: 0.0000390 seconds
2017-07-31T23:32:12.974+0000: 2445.002: Total time for which application threads were stopped: 0.0001299 seconds, Stopping threads took: 0.0000403 seconds
2017-07-31T23:32:31.976+0000: 2464.004: Total time for which application threads were stopped: 0.0001472 seconds, Stopping threads took: 0.0000394 seconds
2017-07-31T23:32:36.977+0000: 2469.005: Total time for which application threads were stopped: 0.0001366 seconds, Stopping threads took: 0.0000482 seconds
2017-07-31T23:32:42.981+0000: 2475.009: Total time for which application threads were stopped: 0.0001326 seconds, Stopping threads took: 0.0000404 seconds
2017-07-31T23:32:46.981+0000: 2479.009: Total time for which application threads were stopped: 0.0001317 seconds, Stopping threads took: 0.0000387 seconds
{Heap before GC invocations=53 (full 3):
 par new generation   total 153344K, used 143351K [0x0000000080000000, 0x000000008a660000, 0x000000008a660000)
  eden space 136320K, 100% used [0x0000000080000000, 0x0000000088520000, 0x0000000088520000)
  from space 17024K,  41% used [0x00000000895c0000, 0x0000000089c9de48, 0x000000008a660000)
  to   space 17024K,   0% used [0x0000000088520000, 0x0000000088520000, 0x00000000895c0000)
 concurrent mark-sweep generation total 1926784K, used 159231K [0x000000008a660000, 0x0000000100000000, 0x0000000100000000)
 Metaspace       used 83351K, capacity 88847K, committed 89044K, reserved 1128448K
  class space    used 10267K, capacity 10642K, committed 10740K, reserved 1048576K
2017-07-31T23:32:58.734+0000: 2490.762: [GC (Allocation Failure) Before GC:
Statistics for BinaryTreeDictionary:
------------------------------------
Total Free Space: 226059716
Max   Chunk Size: 226059716
Number of Blocks: 1
Av.  Block  Size: 226059716
Tree      Height: 1
2017-07-31T23:32:58.734+0000: 2490.762: [ParNew
Desired survivor size 8716288 bytes, new threshold 6 (max 6)
- age   1:    1332032 bytes,    1332032 total
- age   2:     780728 bytes,    2112760 total
- age   3:     768576 bytes,    2881336 total
- age   4:     668240 bytes,    3549576 total
- age   5:     711176 bytes,    4260752 total
- age   6:     638488 bytes,    4899240 total
: 143351K->7142K(153344K), 0.0224559 secs] 302583K->167057K(2080128K)After GC:
Statistics for BinaryTreeDictionary:
------------------------------------
Total Free Space: 225975748
Max   Chunk Size: 225975748
Number of Blocks: 1
Av.  Block  Size: 225975748
Tree      Height: 1
, 0.0225491 secs] [Times: user=0.06 sys=0.00, real=0.02 secs] 
Heap after GC invocations=54 (full 3):
 par new generation   total 153344K, used 7142K [0x0000000080000000, 0x000000008a660000, 0x000000008a660000)
  eden space 136320K,   0% used [0x0000000080000000, 0x0000000080000000, 0x0000000088520000)
  from space 17024K,  41% used [0x0000000088520000, 0x0000000088c199c8, 0x00000000895c0000)
  to   space 17024K,   0% used [0x00000000895c0000, 0x00000000895c0000, 0x000000008a660000)
 concurrent mark-sweep generation total 1926784K, used 159915K [0x000000008a660000, 0x0000000100000000, 0x0000000100000000)
 Metaspace       used 83351K, capacity 88847K, committed 89044K, reserved 1128448K
  class space    used 10267K, capacity 10642K, committed 10740K, reserved 1048576K
}
2017-07-31T23:32:58.756+0000: 2490.784: Total time for which application threads were stopped: 0.0228347 seconds, Stopping threads took: 0.0000945 seconds
2017-07-31T23:33:00.757+0000: 2492.785: Total time for which application threads were stopped: 0.0001465 seconds, Stopping threads took: 0.0000384 seconds
2017-07-31T23:33:47.767+0000: 2539.794: Total time for which application threads were stopped: 0.0001431 seconds, Stopping threads took: 0.0000380 seconds
2017-07-31T23:34:14.770+0000: 2566.798: Total time for which application threads were stopped: 0.0002159 seconds, Stopping threads took: 0.0001217 seconds
{Heap before GC invocations=54 (full 3):
 par new generation   total 153344K, used 143462K [0x0000000080000000, 0x000000008a660000, 0x000000008a660000)
  eden space 136320K, 100% used [0x0000000080000000, 0x0000000088520000, 0x0000000088520000)
  from space 17024K,  41% used [0x0000000088520000, 0x0000000088c199c8, 0x00000000895c0000)
  to   space 17024K,   0% used [0x00000000895c0000, 0x00000000895c0000, 0x000000008a660000)
 concurrent mark-sweep generation total 1926784K, used 159915K [0x000000008a660000, 0x0000000100000000, 0x0000000100000000)
 Metaspace       used 83353K, capacity 88847K, committed 89044K, reserved 1128448K
  class space    used 10267K, capacity 10642K, committed 10740K, reserved 1048576K
2017-07-31T23:34:30.926+0000: 2582.953: [GC (Allocation Failure) Before GC:
Statistics for BinaryTreeDictionary:
------------------------------------
Total Free Space: 225975748
Max   Chunk Size: 225975748
Number of Blocks: 1
Av.  Block  Size: 225975748
Tree      Height: 1
2017-07-31T23:34:30.926+0000: 2582.954: [ParNew
Desired survivor size 8716288 bytes, new threshold 6 (max 6)
- age   1:    1305752 bytes,    1305752 total
- age   2:     780896 bytes,    2086648 total
- age   3:     713784 bytes,    2800432 total
- age   4:     738880 bytes,    3539312 total
- age   5:     652904 bytes,    4192216 total
- age   6:     700432 bytes,    4892648 total
: 143462K->7163K(153344K), 0.0256471 secs] 303377K->167708K(2080128K)After GC:
Statistics for BinaryTreeDictionary:
------------------------------------
Total Free Space: 225891410
Max   Chunk Size: 225891410
Number of Blocks: 1
Av.  Block  Size: 225891410
Tree      Height: 1
, 0.0257533 secs] [Times: user=0.06 sys=0.00, real=0.03 secs] 
Heap after GC invocations=55 (full 3):
 par new generation   total 153344K, used 7163K [0x0000000080000000, 0x000000008a660000, 0x000000008a660000)
  eden space 136320K,   0% used [0x0000000080000000, 0x0000000080000000, 0x0000000088520000)
  from space 17024K,  42% used [0x00000000895c0000, 0x0000000089cbef20, 0x000000008a660000)
  to   space 17024K,   0% used [0x0000000088520000, 0x0000000088520000, 0x00000000895c0000)
 concurrent mark-sweep generation total 1926784K, used 160545K [0x000000008a660000, 0x0000000100000000, 0x0000000100000000)
 Metaspace       used 83353K, capacity 88847K, committed 89044K, reserved 1128448K
  class space    used 10267K, capacity 10642K, committed 10740K, reserved 1048576K
}
2017-07-31T23:34:30.952+0000: 2582.979: Total time for which application threads were stopped: 0.0266327 seconds, Stopping threads took: 0.0006602 seconds
2017-07-31T23:34:59.954+0000: 2611.982: Total time for which application threads were stopped: 0.0001596 seconds, Stopping threads took: 0.0000672 seconds
2017-07-31T23:35:23.958+0000: 2635.985: Total time for which application threads were stopped: 0.0001532 seconds, Stopping threads took: 0.0000421 seconds
2017-07-31T23:35:28.958+0000: 2640.986: Total time for which application threads were stopped: 0.0001639 seconds, Stopping threads took: 0.0000440 seconds
2017-07-31T23:35:30.961+0000: 2642.989: Total time for which application threads were stopped: 0.0028540 seconds, Stopping threads took: 0.0027545 seconds
2017-07-31T23:35:40.968+0000: 2652.996: Total time for which application threads were stopped: 0.0001336 seconds, Stopping threads took: 0.0000423 seconds
{Heap before GC invocations=55 (full 3):
 par new generation   total 153344K, used 143483K [0x0000000080000000, 0x000000008a660000, 0x000000008a660000)
  eden space 136320K, 100% used [0x0000000080000000, 0x0000000088520000, 0x0000000088520000)
  from space 17024K,  42% used [0x00000000895c0000, 0x0000000089cbef20, 0x000000008a660000)
  to   space 17024K,   0% used [0x0000000088520000, 0x0000000088520000, 0x00000000895c0000)
 concurrent mark-sweep generation total 1926784K, used 160545K [0x000000008a660000, 0x0000000100000000, 0x0000000100000000)
 Metaspace       used 83353K, capacity 88847K, committed 89044K, reserved 1128448K
  class space    used 10267K, capacity 10642K, committed 10740K, reserved 1048576K
2017-07-31T23:35:55.958+0000: 2667.986: [GC (Allocation Failure) Before GC:
Statistics for BinaryTreeDictionary:
------------------------------------
Total Free Space: 225891410
Max   Chunk Size: 225891410
Number of Blocks: 1
Av.  Block  Size: 225891410
Tree      Height: 1
2017-07-31T23:35:55.958+0000: 2667.986: [ParNew
Desired survivor size 8716288 bytes, new threshold 6 (max 6)
- age   1:    1334816 bytes,    1334816 total
- age   2:     775712 bytes,    2110528 total
- age   3:     725200 bytes,    2835728 total
- age   4:     688136 bytes,    3523864 total
- age   5:     724032 bytes,    4247896 total
- age   6:     644664 bytes,    4892560 total
: 143483K->7160K(153344K), 0.0228307 secs] 304028K->168396K(2080128K)After GC:
Statistics for BinaryTreeDictionary:
------------------------------------
Total Free Space: 225805222
Max   Chunk Size: 225805222
Number of Blocks: 1
Av.  Block  Size: 225805222
Tree      Height: 1
, 0.0229171 secs] [Times: user=0.06 sys=0.00, real=0.03 secs] 
Heap after GC invocations=56 (full 3):
 par new generation   total 153344K, used 7160K [0x0000000080000000, 0x000000008a660000, 0x000000008a660000)
  eden space 136320K,   0% used [0x0000000080000000, 0x0000000080000000, 0x0000000088520000)
  from space 17024K,  42% used [0x0000000088520000, 0x0000000088c1e018, 0x00000000895c0000)
  to   space 17024K,   0% used [0x00000000895c0000, 0x00000000895c0000, 0x000000008a660000)
 concurrent mark-sweep generation total 1926784K, used 161235K [0x000000008a660000, 0x0000000100000000, 0x0000000100000000)
 Metaspace       used 83353K, capacity 88847K, committed 89044K, reserved 1128448K
  class space    used 10267K, capacity 10642K, committed 10740K, reserved 1048576K
}
2017-07-31T23:35:55.981+0000: 2668.009: Total time for which application threads were stopped: 0.0232019 seconds, Stopping threads took: 0.0000982 seconds
2017-07-31T23:36:07.982+0000: 2680.010: Total time for which application threads were stopped: 0.0001310 seconds, Stopping threads took: 0.0000385 seconds
2017-07-31T23:36:14.983+0000: 2687.011: Total time for which application threads were stopped: 0.0001285 seconds, Stopping threads took: 0.0000380 seconds
2017-07-31T23:36:25.985+0000: 2698.012: Total time for which application threads were stopped: 0.0001659 seconds, Stopping threads took: 0.0000569 seconds
2017-07-31T23:36:35.986+0000: 2708.013: Total time for which application threads were stopped: 0.0001357 seconds, Stopping threads took: 0.0000404 seconds
2017-07-31T23:36:37.986+0000: 2710.014: Total time for which application threads were stopped: 0.0001335 seconds, Stopping threads took: 0.0000416 seconds
2017-07-31T23:36:38.986+0000: 2711.014: Total time for which application threads were stopped: 0.0001533 seconds, Stopping threads took: 0.0000410 seconds
2017-07-31T23:36:39.986+0000: 2712.014: Total time for which application threads were stopped: 0.0001540 seconds, Stopping threads took: 0.0000409 seconds
2017-07-31T23:36:40.987+0000: 2713.014: Total time for which application threads were stopped: 0.0001276 seconds, Stopping threads took: 0.0000404 seconds
2017-07-31T23:36:43.987+0000: 2716.015: Total time for which application threads were stopped: 0.0001379 seconds, Stopping threads took: 0.0000383 seconds
2017-07-31T23:36:45.988+0000: 2718.015: Total time for which application threads were stopped: 0.0001485 seconds, Stopping threads took: 0.0000389 seconds
2017-07-31T23:36:49.988+0000: 2722.016: Total time for which application threads were stopped: 0.0001468 seconds, Stopping threads took: 0.0000394 seconds
2017-07-31T23:36:57.989+0000: 2730.017: Total time for which application threads were stopped: 0.0001610 seconds, Stopping threads took: 0.0000687 seconds
{Heap before GC invocations=56 (full 3):
 par new generation   total 153344K, used 143480K [0x0000000080000000, 0x000000008a660000, 0x000000008a660000)
  eden space 136320K, 100% used [0x0000000080000000, 0x0000000088520000, 0x0000000088520000)
  from space 17024K,  42% used [0x0000000088520000, 0x0000000088c1e018, 0x00000000895c0000)
  to   space 17024K,   0% used [0x00000000895c0000, 0x00000000895c0000, 0x000000008a660000)
 concurrent mark-sweep generation total 1926784K, used 161235K [0x000000008a660000, 0x0000000100000000, 0x0000000100000000)
 Metaspace       used 83353K, capacity 88847K, committed 89044K, reserved 1128448K
  class space    used 10267K, capacity 10642K, committed 10740K, reserved 1048576K
2017-07-31T23:37:25.726+0000: 2757.754: [GC (Allocation Failure) Before GC:
Statistics for BinaryTreeDictionary:
------------------------------------
Total Free Space: 225805222
Max   Chunk Size: 225805222
Number of Blocks: 1
Av.  Block  Size: 225805222
Tree      Height: 1
2017-07-31T23:37:25.726+0000: 2757.754: [ParNew
Desired survivor size 8716288 bytes, new threshold 6 (max 6)
- age   1:    1411728 bytes,    1411728 total
- age   2:     721248 bytes,    2132976 total
- age   3:     707200 bytes,    2840176 total
- age   4:     693528 bytes,    3533704 total
- age   5:     670528 bytes,    4204232 total
- age   6:     713400 bytes,    4917632 total
: 143480K->7161K(153344K), 0.0240040 secs] 304716K->169031K(2080128K)After GC:
Statistics for BinaryTreeDictionary:
------------------------------------
Total Free Space: 225719935
Max   Chunk Size: 225719935
Number of Blocks: 1
Av.  Block  Size: 225719935
Tree      Height: 1
, 0.0240881 secs] [Times: user=0.06 sys=0.00, real=0.02 secs] 
Heap after GC invocations=57 (full 3):
 par new generation   total 153344K, used 7161K [0x0000000080000000, 0x000000008a660000, 0x000000008a660000)
  eden space 136320K,   0% used [0x0000000080000000, 0x0000000080000000, 0x0000000088520000)
  from space 17024K,  42% used [0x00000000895c0000, 0x0000000089cbe4a8, 0x000000008a660000)
  to   space 17024K,   0% used [0x0000000088520000, 0x0000000088520000, 0x00000000895c0000)
 concurrent mark-sweep generation total 1926784K, used 161870K [0x000000008a660000, 0x0000000100000000, 0x0000000100000000)
 Metaspace       used 83353K, capacity 88847K, committed 89044K, reserved 1128448K
  class space    used 10267K, capacity 10642K, committed 10740K, reserved 1048576K
}
2017-07-31T23:37:25.750+0000: 2757.778: Total time for which application threads were stopped: 0.0249154 seconds, Stopping threads took: 0.0006474 seconds
2017-07-31T23:37:44.752+0000: 2776.780: Total time for which application threads were stopped: 0.0001334 seconds, Stopping threads took: 0.0000418 seconds
2017-07-31T23:37:45.752+0000: 2777.780: Total time for which application threads were stopped: 0.0001793 seconds, Stopping threads took: 0.0000780 seconds
2017-07-31T23:38:08.755+0000: 2800.783: Total time for which application threads were stopped: 0.0001481 seconds, Stopping threads took: 0.0000567 seconds
{Heap before GC invocations=57 (full 3):
 par new generation   total 153344K, used 143481K [0x0000000080000000, 0x000000008a660000, 0x000000008a660000)
  eden space 136320K, 100% used [0x0000000080000000, 0x0000000088520000, 0x0000000088520000)
  from space 17024K,  42% used [0x00000000895c0000, 0x0000000089cbe4a8, 0x000000008a660000)
  to   space 17024K,   0% used [0x0000000088520000, 0x0000000088520000, 0x00000000895c0000)
 concurrent mark-sweep generation total 1926784K, used 161870K [0x000000008a660000, 0x0000000100000000, 0x0000000100000000)
 Metaspace       used 83359K, capacity 88847K, committed 89044K, reserved 1128448K
  class space    used 10268K, capacity 10642K, committed 10740K, reserved 1048576K
2017-07-31T23:38:50.490+0000: 2842.518: [GC (Allocation Failure) Before GC:
Statistics for BinaryTreeDictionary:
------------------------------------
Total Free Space: 225719935
Max   Chunk Size: 225719935
Number of Blocks: 1
Av.  Block  Size: 225719935
Tree      Height: 1
2017-07-31T23:38:50.490+0000: 2842.518: [ParNew
Desired survivor size 8716288 bytes, new threshold 6 (max 6)
- age   1:    1267592 bytes,    1267592 total
- age   2:     811640 bytes,    2079232 total
- age   3:     666024 bytes,    2745256 total
- age   4:     680648 bytes,    3425904 total
- age   5:     679216 bytes,    4105120 total
- age   6:     661464 bytes,    4766584 total
: 143481K->4799K(153344K), 0.0223314 secs] 305351K->167372K(2080128K)After GC:
Statistics for BinaryTreeDictionary:
------------------------------------
Total Free Space: 225631630
Max   Chunk Size: 225631630
Number of Blocks: 1
Av.  Block  Size: 225631630
Tree      Height: 1
, 0.0224410 secs] [Times: user=0.05 sys=0.00, real=0.03 secs] 
Heap after GC invocations=58 (full 3):
 par new generation   total 153344K, used 4799K [0x0000000080000000, 0x000000008a660000, 0x000000008a660000)
  eden space 136320K,   0% used [0x0000000080000000, 0x0000000080000000, 0x0000000088520000)
  from space 17024K,  28% used [0x0000000088520000, 0x00000000889cfed0, 0x00000000895c0000)
  to   space 17024K,   0% used [0x00000000895c0000, 0x00000000895c0000, 0x000000008a660000)
 concurrent mark-sweep generation total 1926784K, used 162572K [0x000000008a660000, 0x0000000100000000, 0x0000000100000000)
 Metaspace       used 83359K, capacity 88847K, committed 89044K, reserved 1128448K
  class space    used 10268K, capacity 10642K, committed 10740K, reserved 1048576K
}
2017-07-31T23:38:50.513+0000: 2842.540: Total time for which application threads were stopped: 0.0226693 seconds, Stopping threads took: 0.0000376 seconds
2017-07-31T23:39:22.522+0000: 2874.550: Total time for which application threads were stopped: 0.0001467 seconds, Stopping threads took: 0.0000586 seconds
2017-07-31T23:39:41.528+0000: 2893.556: Total time for which application threads were stopped: 0.0001296 seconds, Stopping threads took: 0.0000398 seconds
2017-07-31T23:40:09.534+0000: 2921.562: Total time for which application threads were stopped: 0.0001564 seconds, Stopping threads took: 0.0000376 seconds
{Heap before GC invocations=58 (full 3):
 par new generation   total 153344K, used 141119K [0x0000000080000000, 0x000000008a660000, 0x000000008a660000)
  eden space 136320K, 100% used [0x0000000080000000, 0x0000000088520000, 0x0000000088520000)
  from space 17024K,  28% used [0x0000000088520000, 0x00000000889cfed0, 0x00000000895c0000)
  to   space 17024K,   0% used [0x00000000895c0000, 0x00000000895c0000, 0x000000008a660000)
 concurrent mark-sweep generation total 1926784K, used 162572K [0x000000008a660000, 0x0000000100000000, 0x0000000100000000)
 Metaspace       used 83374K, capacity 88847K, committed 89044K, reserved 1128448K
  class space    used 10268K, capacity 10642K, committed 10740K, reserved 1048576K
2017-07-31T23:40:22.262+0000: 2934.289: [GC (Allocation Failure) Before GC:
Statistics for BinaryTreeDictionary:
------------------------------------
Total Free Space: 225631630
Max   Chunk Size: 225631630
Number of Blocks: 1
Av.  Block  Size: 225631630
Tree      Height: 1
2017-07-31T23:40:22.262+0000: 2934.290: [ParNew
Desired survivor size 8716288 bytes, new threshold 6 (max 6)
- age   1:    1336648 bytes,    1336648 total
- age   2:     750360 bytes,    2087008 total
- age   3:     741896 bytes,    2828904 total
- age   4:     638136 bytes,    3467040 total
- age   5:     666888 bytes,    4133928 total
- age   6:     669632 bytes,    4803560 total
: 141119K->7026K(153344K), 0.0222215 secs] 303692K->170249K(2080128K)After GC:
Statistics for BinaryTreeDictionary:
------------------------------------
Total Free Space: 225548830
Max   Chunk Size: 225548830
Number of Blocks: 1
Av.  Block  Size: 225548830
Tree      Height: 1
, 0.0223100 secs] [Times: user=0.06 sys=0.00, real=0.02 secs] 
Heap after GC invocations=59 (full 3):
 par new generation   total 153344K, used 7026K [0x0000000080000000, 0x000000008a660000, 0x000000008a660000)
  eden space 136320K,   0% used [0x0000000080000000, 0x0000000080000000, 0x0000000088520000)
  from space 17024K,  41% used [0x00000000895c0000, 0x0000000089c9c850, 0x000000008a660000)
  to   space 17024K,   0% used [0x0000000088520000, 0x0000000088520000, 0x00000000895c0000)
 concurrent mark-sweep generation total 1926784K, used 163223K [0x000000008a660000, 0x0000000100000000, 0x0000000100000000)
 Metaspace       used 83374K, capacity 88847K, committed 89044K, reserved 1128448K
  class space    used 10268K, capacity 10642K, committed 10740K, reserved 1048576K
}
2017-07-31T23:40:22.284+0000: 2934.312: Total time for which application threads were stopped: 0.0225830 seconds, Stopping threads took: 0.0000772 seconds
2017-07-31T23:40:24.284+0000: 2936.312: Total time for which application threads were stopped: 0.0001318 seconds, Stopping threads took: 0.0000404 seconds
2017-07-31T23:40:26.285+0000: 2938.313: Total time for which application threads were stopped: 0.0001603 seconds, Stopping threads took: 0.0000632 seconds
2017-07-31T23:40:42.287+0000: 2954.314: Total time for which application threads were stopped: 0.0001285 seconds, Stopping threads took: 0.0000380 seconds
2017-07-31T23:41:24.302+0000: 2996.330: Total time for which application threads were stopped: 0.0001285 seconds, Stopping threads took: 0.0000385 seconds
{Heap before GC invocations=59 (full 3):
 par new generation   total 153344K, used 143346K [0x0000000080000000, 0x000000008a660000, 0x000000008a660000)
  eden space 136320K, 100% used [0x0000000080000000, 0x0000000088520000, 0x0000000088520000)
  from space 17024K,  41% used [0x00000000895c0000, 0x0000000089c9c850, 0x000000008a660000)
  to   space 17024K,   0% used [0x0000000088520000, 0x0000000088520000, 0x00000000895c0000)
 concurrent mark-sweep generation total 1926784K, used 163223K [0x000000008a660000, 0x0000000100000000, 0x0000000100000000)
 Metaspace       used 83376K, capacity 88847K, committed 89044K, reserved 1128448K
  class space    used 10268K, capacity 10642K, committed 10740K, reserved 1048576K
2017-07-31T23:41:48.694+0000: 3020.722: [GC (Allocation Failure) Before GC:
Statistics for BinaryTreeDictionary:
------------------------------------
Total Free Space: 225548830
Max   Chunk Size: 225548830
Number of Blocks: 1
Av.  Block  Size: 225548830
Tree      Height: 1
2017-07-31T23:41:48.694+0000: 3020.722: [ParNew
Desired survivor size 8716288 bytes, new threshold 6 (max 6)
- age   1:    1225416 bytes,    1225416 total
- age   2:     809920 bytes,    2035336 total
- age   3:     689480 bytes,    2724816 total
- age   4:     716792 bytes,    3441608 total
- age   5:     625624 bytes,    4067232 total
- age   6:     657904 bytes,    4725136 total
: 143346K->7027K(153344K), 0.0226541 secs] 306569K->170910K(2080128K)After GC:
Statistics for BinaryTreeDictionary:
------------------------------------
Total Free Space: 225465811
Max   Chunk Size: 225465811
Number of Blocks: 1
Av.  Block  Size: 225465811
Tree      Height: 1
, 0.0227443 secs] [Times: user=0.06 sys=0.00, real=0.02 secs] 
Heap after GC invocations=60 (full 3):
 par new generation   total 153344K, used 7027K [0x0000000080000000, 0x000000008a660000, 0x000000008a660000)
  eden space 136320K,   0% used [0x0000000080000000, 0x0000000080000000, 0x0000000088520000)
  from space 17024K,  41% used [0x0000000088520000, 0x0000000088bfcc08, 0x00000000895c0000)
  to   space 17024K,   0% used [0x00000000895c0000, 0x00000000895c0000, 0x000000008a660000)
 concurrent mark-sweep generation total 1926784K, used 163883K [0x000000008a660000, 0x0000000100000000, 0x0000000100000000)
 Metaspace       used 83376K, capacity 88847K, committed 89044K, reserved 1128448K
  class space    used 10268K, capacity 10642K, committed 10740K, reserved 1048576K
}
2017-07-31T23:41:48.717+0000: 3020.744: Total time for which application threads were stopped: 0.0230548 seconds, Stopping threads took: 0.0000615 seconds
2017-07-31T23:42:22.721+0000: 3054.749: Total time for which application threads were stopped: 0.0001447 seconds, Stopping threads took: 0.0000388 seconds
2017-07-31T23:42:23.721+0000: 3055.749: Total time for which application threads were stopped: 0.0001534 seconds, Stopping threads took: 0.0000408 seconds
2017-07-31T23:42:57.726+0000: 3089.754: Total time for which application threads were stopped: 0.0001492 seconds, Stopping threads took: 0.0000365 seconds
{Heap before GC invocations=60 (full 3):
 par new generation   total 153344K, used 143347K [0x0000000080000000, 0x000000008a660000, 0x000000008a660000)
  eden space 136320K, 100% used [0x0000000080000000, 0x0000000088520000, 0x0000000088520000)
  from space 17024K,  41% used [0x0000000088520000, 0x0000000088bfcc08, 0x00000000895c0000)
  to   space 17024K,   0% used [0x00000000895c0000, 0x00000000895c0000, 0x000000008a660000)
 concurrent mark-sweep generation total 1926784K, used 163883K [0x000000008a660000, 0x0000000100000000, 0x0000000100000000)
 Metaspace       used 83392K, capacity 88847K, committed 89044K, reserved 1128448K
  class space    used 10268K, capacity 10642K, committed 10740K, reserved 1048576K
2017-07-31T23:43:19.329+0000: 3111.357: [GC (Allocation Failure) Before GC:
Statistics for BinaryTreeDictionary:
------------------------------------
Total Free Space: 225465811
Max   Chunk Size: 225465811
Number of Blocks: 1
Av.  Block  Size: 225465811
Tree      Height: 1
2017-07-31T23:43:19.329+0000: 3111.357: [ParNew
Desired survivor size 8716288 bytes, new threshold 6 (max 6)
- age   1:    1371488 bytes,    1371488 total
- age   2:     704832 bytes,    2076320 total
- age   3:     742760 bytes,    2819080 total
- age   4:     661696 bytes,    3480776 total
- age   5:     700648 bytes,    4181424 total
- age   6:     614880 bytes,    4796304 total
: 143347K->6943K(153344K), 0.0231180 secs] 307230K->171475K(2080128K)After GC:
Statistics for BinaryTreeDictionary:
------------------------------------
Total Free Space: 225384185
Max   Chunk Size: 225384185
Number of Blocks: 1
Av.  Block  Size: 225384185
Tree      Height: 1
, 0.0232108 secs] [Times: user=0.06 sys=0.00, real=0.03 secs] 
Heap after GC invocations=61 (full 3):
 par new generation   total 153344K, used 6943K [0x0000000080000000, 0x000000008a660000, 0x000000008a660000)
  eden space 136320K,   0% used [0x0000000080000000, 0x0000000080000000, 0x0000000088520000)
  from space 17024K,  40% used [0x00000000895c0000, 0x0000000089c87e48, 0x000000008a660000)
  to   space 17024K,   0% used [0x0000000088520000, 0x0000000088520000, 0x00000000895c0000)
 concurrent mark-sweep generation total 1926784K, used 164532K [0x000000008a660000, 0x0000000100000000, 0x0000000100000000)
 Metaspace       used 83392K, capacity 88847K, committed 89044K, reserved 1128448K
  class space    used 10268K, capacity 10642K, committed 10740K, reserved 1048576K
}
2017-07-31T23:43:19.352+0000: 3111.380: Total time for which application threads were stopped: 0.0240565 seconds, Stopping threads took: 0.0006666 seconds
2017-07-31T23:43:41.355+0000: 3133.383: Total time for which application threads were stopped: 0.0001496 seconds, Stopping threads took: 0.0000603 seconds
2017-07-31T23:44:02.358+0000: 3154.385: Total time for which application threads were stopped: 0.0001276 seconds, Stopping threads took: 0.0000383 seconds
2017-07-31T23:44:06.358+0000: 3158.386: Total time for which application threads were stopped: 0.0001448 seconds, Stopping threads took: 0.0000388 seconds
{Heap before GC invocations=61 (full 3):
 par new generation   total 153344K, used 143165K [0x0000000080000000, 0x000000008a660000, 0x000000008a660000)
  eden space 136320K,  99% used [0x0000000080000000, 0x00000000885078e0, 0x0000000088520000)
  from space 17024K,  40% used [0x00000000895c0000, 0x0000000089c87e48, 0x000000008a660000)
  to   space 17024K,   0% used [0x0000000088520000, 0x0000000088520000, 0x00000000895c0000)
 concurrent mark-sweep generation total 1926784K, used 164532K [0x000000008a660000, 0x0000000100000000, 0x0000000100000000)
 Metaspace       used 83393K, capacity 88847K, committed 89044K, reserved 1128448K
  class space    used 10268K, capacity 10642K, committed 10740K, reserved 1048576K
2017-07-31T23:44:42.559+0000: 3194.586: [GC (Allocation Failure) Before GC:
Statistics for BinaryTreeDictionary:
------------------------------------
Total Free Space: 225384185
Max   Chunk Size: 225384185
Number of Blocks: 1
Av.  Block  Size: 225384185
Tree      Height: 1
2017-07-31T23:44:42.559+0000: 3194.586: [ParNew
Desired survivor size 8716288 bytes, new threshold 6 (max 6)
- age   1:    1280904 bytes,    1280904 total
- age   2:     819000 bytes,    2099904 total
- age   3:     648200 bytes,    2748104 total
- age   4:     715072 bytes,    3463176 total
- age   5:     648544 bytes,    4111720 total
- age   6:     688224 bytes,    4799944 total
: 143165K->6999K(153344K), 0.0230447 secs] 307697K->172137K(2080128K)After GC:
Statistics for BinaryTreeDictionary:
------------------------------------
Total Free Space: 225301285
Max   Chunk Size: 225301285
Number of Blocks: 1
Av.  Block  Size: 225301285
Tree      Height: 1
, 0.0231426 secs] [Times: user=0.05 sys=0.00, real=0.03 secs] 
Heap after GC invocations=62 (full 3):
 par new generation   total 153344K, used 6999K [0x0000000080000000, 0x000000008a660000, 0x000000008a660000)
  eden space 136320K,   0% used [0x0000000080000000, 0x0000000080000000, 0x0000000088520000)
  from space 17024K,  41% used [0x0000000088520000, 0x0000000088bf5d98, 0x00000000895c0000)
  to   space 17024K,   0% used [0x00000000895c0000, 0x00000000895c0000, 0x000000008a660000)
 concurrent mark-sweep generation total 1926784K, used 165137K [0x000000008a660000, 0x0000000100000000, 0x0000000100000000)
 Metaspace       used 83393K, capacity 88847K, committed 89044K, reserved 1128448K
  class space    used 10268K, capacity 10642K, committed 10740K, reserved 1048576K
}
2017-07-31T23:44:42.582+0000: 3194.609: Total time for which application threads were stopped: 0.0233997 seconds, Stopping threads took: 0.0000741 seconds
2017-07-31T23:44:59.584+0000: 3211.611: Total time for which application threads were stopped: 0.0001406 seconds, Stopping threads took: 0.0000489 seconds
2017-07-31T23:46:00.591+0000: 3272.619: Total time for which application threads were stopped: 0.0001467 seconds, Stopping threads took: 0.0000347 seconds
2017-07-31T23:46:02.591+0000: 3274.619: Total time for which application threads were stopped: 0.0001543 seconds, Stopping threads took: 0.0000628 seconds
{Heap before GC invocations=62 (full 3):
 par new generation   total 153344K, used 143319K [0x0000000080000000, 0x000000008a660000, 0x000000008a660000)
  eden space 136320K, 100% used [0x0000000080000000, 0x0000000088520000, 0x0000000088520000)
  from space 17024K,  41% used [0x0000000088520000, 0x0000000088bf5d98, 0x00000000895c0000)
  to   space 17024K,   0% used [0x00000000895c0000, 0x00000000895c0000, 0x000000008a660000)
 concurrent mark-sweep generation total 1926784K, used 165137K [0x000000008a660000, 0x0000000100000000, 0x0000000100000000)
 Metaspace       used 83393K, capacity 88847K, committed 89044K, reserved 1128448K
  class space    used 10268K, capacity 10642K, committed 10740K, reserved 1048576K
2017-07-31T23:46:13.122+0000: 3285.149: [GC (Allocation Failure) Before GC:
Statistics for BinaryTreeDictionary:
------------------------------------
Total Free Space: 225301285
Max   Chunk Size: 225301285
Number of Blocks: 1
Av.  Block  Size: 225301285
Tree      Height: 1
2017-07-31T23:46:13.122+0000: 3285.149: [ParNew
Desired survivor size 8716288 bytes, new threshold 6 (max 6)
- age   1:    1419552 bytes,    1419552 total
- age   2:     743992 bytes,    2163544 total
- age   3:     749248 bytes,    2912792 total
- age   4:     624400 bytes,    3537192 total
- age   5:     698720 bytes,    4235912 total
- age   6:     637200 bytes,    4873112 total
: 143319K->7019K(153344K), 0.0237001 secs] 308457K->172834K(2080128K)After GC:
Statistics for BinaryTreeDictionary:
------------------------------------
Total Free Space: 225217479
Max   Chunk Size: 225217479
Number of Blocks: 1
Av.  Block  Size: 225217479
Tree      Height: 1
, 0.0237932 secs] [Times: user=0.06 sys=0.00, real=0.02 secs] 
Heap after GC invocations=63 (full 3):
 par new generation   total 153344K, used 7019K [0x0000000080000000, 0x000000008a660000, 0x000000008a660000)
  eden space 136320K,   0% used [0x0000000080000000, 0x0000000080000000, 0x0000000088520000)
  from space 17024K,  41% used [0x00000000895c0000, 0x0000000089c9adc0, 0x000000008a660000)
  to   space 17024K,   0% used [0x0000000088520000, 0x0000000088520000, 0x00000000895c0000)
 concurrent mark-sweep generation total 1926784K, used 165815K [0x000000008a660000, 0x0000000100000000, 0x0000000100000000)
 Metaspace       used 83393K, capacity 88847K, committed 89044K, reserved 1128448K
  class space    used 10268K, capacity 10642K, committed 10740K, reserved 1048576K
}
2017-07-31T23:46:13.145+0000: 3285.173: Total time for which application threads were stopped: 0.0240459 seconds, Stopping threads took: 0.0000617 seconds
2017-07-31T23:47:01.153+0000: 3333.180: Total time for which application threads were stopped: 0.0001592 seconds, Stopping threads took: 0.0000577 seconds
{Heap before GC invocations=63 (full 3):
 par new generation   total 153344K, used 143339K [0x0000000080000000, 0x000000008a660000, 0x000000008a660000)
  eden space 136320K, 100% used [0x0000000080000000, 0x0000000088520000, 0x0000000088520000)
  from space 17024K,  41% used [0x00000000895c0000, 0x0000000089c9adc0, 0x000000008a660000)
  to   space 17024K,   0% used [0x0000000088520000, 0x0000000088520000, 0x00000000895c0000)
 concurrent mark-sweep generation total 1926784K, used 165815K [0x000000008a660000, 0x0000000100000000, 0x0000000100000000)
 Metaspace       used 83395K, capacity 88847K, committed 89044K, reserved 1128448K
  class space    used 10268K, capacity 10642K, committed 10740K, reserved 1048576K
2017-07-31T23:47:38.219+0000: 3370.247: [GC (Allocation Failure) Before GC:
Statistics for BinaryTreeDictionary:
------------------------------------
Total Free Space: 225217479
Max   Chunk Size: 225217479
Number of Blocks: 1
Av.  Block  Size: 225217479
Tree      Height: 1
2017-07-31T23:47:38.219+0000: 3370.247: [ParNew
Desired survivor size 8716288 bytes, new threshold 6 (max 6)
- age   1:    1241816 bytes,    1241816 total
- age   2:     818192 bytes,    2060008 total
- age   3:     684416 bytes,    2744424 total
- age   4:     721064 bytes,    3465488 total
- age   5:     611464 bytes,    4076952 total
- age   6:     689808 bytes,    4766760 total
: 143339K->7102K(153344K), 0.0235239 secs] 309154K->173543K(2080128K)After GC:
Statistics for BinaryTreeDictionary:
------------------------------------
Total Free Space: 225141751
Max   Chunk Size: 225141751
Number of Blocks: 1
Av.  Block  Size: 225141751
Tree      Height: 1
, 0.0236262 secs] [Times: user=0.06 sys=0.00, real=0.03 secs] 
Heap after GC invocations=64 (full 3):
 par new generation   total 153344K, used 7102K [0x0000000080000000, 0x000000008a660000, 0x000000008a660000)
  eden space 136320K,   0% used [0x0000000080000000, 0x0000000080000000, 0x0000000088520000)
  from space 17024K,  41% used [0x0000000088520000, 0x0000000088c0fb88, 0x00000000895c0000)
  to   space 17024K,   0% used [0x00000000895c0000, 0x00000000895c0000, 0x000000008a660000)
 concurrent mark-sweep generation total 1926784K, used 166440K [0x000000008a660000, 0x0000000100000000, 0x0000000100000000)
 Metaspace       used 83395K, capacity 88847K, committed 89044K, reserved 1128448K
  class space    used 10268K, capacity 10642K, committed 10740K, reserved 1048576K
}
2017-07-31T23:47:38.243+0000: 3370.271: Total time for which application threads were stopped: 0.0238654 seconds, Stopping threads took: 0.0000396 seconds
2017-07-31T23:47:42.672+0000: 3374.700: Total time for which application threads were stopped: 0.0001710 seconds, Stopping threads took: 0.0000566 seconds
2017-07-31T23:47:50.673+0000: 3382.700: Total time for which application threads were stopped: 0.0001470 seconds, Stopping threads took: 0.0000380 seconds
2017-07-31T23:47:58.674+0000: 3390.701: Total time for which application threads were stopped: 0.0001306 seconds, Stopping threads took: 0.0000391 seconds
2017-07-31T23:48:08.675+0000: 3400.703: Total time for which application threads were stopped: 0.0001293 seconds, Stopping threads took: 0.0000362 seconds
{Heap before GC invocations=64 (full 3):
 par new generation   total 153344K, used 143422K [0x0000000080000000, 0x000000008a660000, 0x000000008a660000)
  eden space 136320K, 100% used [0x0000000080000000, 0x0000000088520000, 0x0000000088520000)
  from space 17024K,  41% used [0x0000000088520000, 0x0000000088c0fb88, 0x00000000895c0000)
  to   space 17024K,   0% used [0x00000000895c0000, 0x00000000895c0000, 0x000000008a660000)
 concurrent mark-sweep generation total 1926784K, used 166440K [0x000000008a660000, 0x0000000100000000, 0x0000000100000000)
 Metaspace       used 83400K, capacity 88847K, committed 89044K, reserved 1128448K
  class space    used 10268K, capacity 10642K, committed 10740K, reserved 1048576K
2017-07-31T23:49:11.493+0000: 3463.521: [GC (Allocation Failure) Before GC:
Statistics for BinaryTreeDictionary:
------------------------------------
Total Free Space: 225141751
Max   Chunk Size: 225141751
Number of Blocks: 1
Av.  Block  Size: 225141751
Tree      Height: 1
2017-07-31T23:49:11.493+0000: 3463.521: [ParNew
Desired survivor size 8716288 bytes, new threshold 6 (max 6)
- age   1:    1431776 bytes,    1431776 total
- age   2:     717088 bytes,    2148864 total
- age   3:     750256 bytes,    2899120 total
- age   4:     656032 bytes,    3555152 total
- age   5:     705520 bytes,    4260672 total
- age   6:     602152 bytes,    4862824 total
: 143422K->7009K(153344K), 0.0235067 secs] 309863K->174128K(2080128K)After GC:
Statistics for BinaryTreeDictionary:
------------------------------------
Total Free Space: 225056868
Max   Chunk Size: 225056868
Number of Blocks: 1
Av.  Block  Size: 225056868
Tree      Height: 1
, 0.0235876 secs] [Times: user=0.06 sys=0.00, real=0.02 secs] 
Heap after GC invocations=65 (full 3):
 par new generation   total 153344K, used 7009K [0x0000000080000000, 0x000000008a660000, 0x000000008a660000)
  eden space 136320K,   0% used [0x0000000080000000, 0x0000000080000000, 0x0000000088520000)
  from space 17024K,  41% used [0x00000000895c0000, 0x0000000089c98518, 0x000000008a660000)
  to   space 17024K,   0% used [0x0000000088520000, 0x0000000088520000, 0x00000000895c0000)
 concurrent mark-sweep generation total 1926784K, used 167118K [0x000000008a660000, 0x0000000100000000, 0x0000000100000000)
 Metaspace       used 83400K, capacity 88847K, committed 89044K, reserved 1128448K
  class space    used 10268K, capacity 10642K, committed 10740K, reserved 1048576K
}
2017-07-31T23:49:11.517+0000: 3463.544: Total time for which application threads were stopped: 0.0239270 seconds, Stopping threads took: 0.0001112 seconds
2017-07-31T23:49:24.518+0000: 3476.546: Total time for which application threads were stopped: 0.0001598 seconds, Stopping threads took: 0.0000397 seconds
2017-07-31T23:49:27.519+0000: 3479.547: Total time for which application threads were stopped: 0.0001425 seconds, Stopping threads took: 0.0000500 seconds
{Heap before GC invocations=65 (full 3):
 par new generation   total 153344K, used 143329K [0x0000000080000000, 0x000000008a660000, 0x000000008a660000)
  eden space 136320K, 100% used [0x0000000080000000, 0x0000000088520000, 0x0000000088520000)
  from space 17024K,  41% used [0x00000000895c0000, 0x0000000089c98518, 0x000000008a660000)
  to   space 17024K,   0% used [0x0000000088520000, 0x0000000088520000, 0x00000000895c0000)
 concurrent mark-sweep generation total 1926784K, used 167118K [0x000000008a660000, 0x0000000100000000, 0x0000000100000000)
 Metaspace       used 83402K, capacity 88847K, committed 89044K, reserved 1128448K
  class space    used 10268K, capacity 10642K, committed 10740K, reserved 1048576K
2017-07-31T23:50:34.505+0000: 3546.533: [GC (Allocation Failure) Before GC:
Statistics for BinaryTreeDictionary:
------------------------------------
Total Free Space: 225056868
Max   Chunk Size: 225056868
Number of Blocks: 1
Av.  Block  Size: 225056868
Tree      Height: 1
2017-07-31T23:50:34.505+0000: 3546.533: [ParNew
Desired survivor size 8716288 bytes, new threshold 6 (max 6)
- age   1:    1272416 bytes,    1272416 total
- age   2:     831048 bytes,    2103464 total
- age   3:     659624 bytes,    2763088 total
- age   4:     720280 bytes,    3483368 total
- age   5:     643576 bytes,    4126944 total
- age   6:     695168 bytes,    4822112 total
: 143329K->7087K(153344K), 0.0238243 secs] 310448K->174800K(2080128K)After GC:
Statistics for BinaryTreeDictionary:
------------------------------------
Total Free Space: 224977802
Max   Chunk Size: 224977802
Number of Blocks: 1
Av.  Block  Size: 224977802
Tree      Height: 1
, 0.0239081 secs] [Times: user=0.06 sys=0.00, real=0.02 secs] 
Heap after GC invocations=66 (full 3):
 par new generation   total 153344K, used 7087K [0x0000000080000000, 0x000000008a660000, 0x000000008a660000)
  eden space 136320K,   0% used [0x0000000080000000, 0x0000000080000000, 0x0000000088520000)
  from space 17024K,  41% used [0x0000000088520000, 0x0000000088c0bfc0, 0x00000000895c0000)
  to   space 17024K,   0% used [0x00000000895c0000, 0x00000000895c0000, 0x000000008a660000)
 concurrent mark-sweep generation total 1926784K, used 167712K [0x000000008a660000, 0x0000000100000000, 0x0000000100000000)
 Metaspace       used 83402K, capacity 88847K, committed 89044K, reserved 1128448K
  class space    used 10268K, capacity 10642K, committed 10740K, reserved 1048576K
}
2017-07-31T23:50:34.529+0000: 3546.557: Total time for which application threads were stopped: 0.0242662 seconds, Stopping threads took: 0.0000627 seconds
2017-07-31T23:52:00.546+0000: 3632.574: Total time for which application threads were stopped: 0.0001505 seconds, Stopping threads took: 0.0000568 seconds
{Heap before GC invocations=66 (full 3):
 par new generation   total 153344K, used 143407K [0x0000000080000000, 0x000000008a660000, 0x000000008a660000)
  eden space 136320K, 100% used [0x0000000080000000, 0x0000000088520000, 0x0000000088520000)
  from space 17024K,  41% used [0x0000000088520000, 0x0000000088c0bfc0, 0x00000000895c0000)
  to   space 17024K,   0% used [0x00000000895c0000, 0x00000000895c0000, 0x000000008a660000)
 concurrent mark-sweep generation total 1926784K, used 167712K [0x000000008a660000, 0x0000000100000000, 0x0000000100000000)
 Metaspace       used 83412K, capacity 88847K, committed 89044K, reserved 1128448K
  class space    used 10269K, capacity 10642K, committed 10740K, reserved 1048576K
2017-07-31T23:52:04.334+0000: 3636.362: [GC (Allocation Failure) Before GC:
Statistics for BinaryTreeDictionary:
------------------------------------
Total Free Space: 224977802
Max   Chunk Size: 224977802
Number of Blocks: 1
Av.  Block  Size: 224977802
Tree      Height: 1
2017-07-31T23:52:04.334+0000: 3636.362: [ParNew
Desired survivor size 8716288 bytes, new threshold 6 (max 6)
- age   1:    1618000 bytes,    1618000 total
- age   2:     734392 bytes,    2352392 total
- age   3:     753536 bytes,    3105928 total
- age   4:     629768 bytes,    3735696 total
- age   5:     701896 bytes,    4437592 total
- age   6:     632936 bytes,    5070528 total
: 143407K->9416K(153344K), 0.0235958 secs] 311120K->177812K(2080128K)After GC:
Statistics for BinaryTreeDictionary:
------------------------------------
Total Free Space: 224890452
Max   Chunk Size: 224890452
Number of Blocks: 1
Av.  Block  Size: 224890452
Tree      Height: 1
, 0.0236830 secs] [Times: user=0.05 sys=0.00, real=0.02 secs] 
Heap after GC invocations=67 (full 3):
 par new generation   total 153344K, used 9416K [0x0000000080000000, 0x000000008a660000, 0x000000008a660000)
  eden space 136320K,   0% used [0x0000000080000000, 0x0000000080000000, 0x0000000088520000)
  from space 17024K,  55% used [0x00000000895c0000, 0x0000000089ef23b8, 0x000000008a660000)
  to   space 17024K,   0% used [0x0000000088520000, 0x0000000088520000, 0x00000000895c0000)
 concurrent mark-sweep generation total 1926784K, used 168395K [0x000000008a660000, 0x0000000100000000, 0x0000000100000000)
 Metaspace       used 83412K, capacity 88847K, committed 89044K, reserved 1128448K
  class space    used 10269K, capacity 10642K, committed 10740K, reserved 1048576K
}
2017-07-31T23:52:04.358+0000: 3636.385: Total time for which application threads were stopped: 0.0239432 seconds, Stopping threads took: 0.0000608 seconds
2017-07-31T23:52:17.365+0000: 3649.393: Total time for which application threads were stopped: 0.0001317 seconds, Stopping threads took: 0.0000408 seconds
2017-07-31T23:52:24.366+0000: 3656.394: Total time for which application threads were stopped: 0.0001359 seconds, Stopping threads took: 0.0000428 seconds
2017-07-31T23:53:19.385+0000: 3711.413: Total time for which application threads were stopped: 0.0001536 seconds, Stopping threads took: 0.0000403 seconds
2017-07-31T23:53:22.386+0000: 3714.413: Total time for which application threads were stopped: 0.0002596 seconds, Stopping threads took: 0.0000616 seconds
{Heap before GC invocations=67 (full 3):
 par new generation   total 153344K, used 145736K [0x0000000080000000, 0x000000008a660000, 0x000000008a660000)
  eden space 136320K, 100% used [0x0000000080000000, 0x0000000088520000, 0x0000000088520000)
  from space 17024K,  55% used [0x00000000895c0000, 0x0000000089ef23b8, 0x000000008a660000)
  to   space 17024K,   0% used [0x0000000088520000, 0x0000000088520000, 0x00000000895c0000)
 concurrent mark-sweep generation total 1926784K, used 168395K [0x000000008a660000, 0x0000000100000000, 0x0000000100000000)
 Metaspace       used 83412K, capacity 88847K, committed 89044K, reserved 1128448K
  class space    used 10269K, capacity 10642K, committed 10740K, reserved 1048576K
2017-07-31T23:53:30.940+0000: 3722.968: [GC (Allocation Failure) Before GC:
Statistics for BinaryTreeDictionary:
------------------------------------
Total Free Space: 224890452
Max   Chunk Size: 224890452
Number of Blocks: 1
Av.  Block  Size: 224890452
Tree      Height: 1
2017-07-31T23:53:30.940+0000: 3722.968: [ParNew
Desired survivor size 8716288 bytes, new threshold 6 (max 6)
- age   1:    1182192 bytes,    1182192 total
- age   2:     946320 bytes,    2128512 total
- age   3:     686344 bytes,    2814856 total
- age   4:     731344 bytes,    3546200 total
- age   5:     617616 bytes,    4163816 total
- age   6:     693288 bytes,    4857104 total
: 145736K->6067K(153344K), 0.0340552 secs] 314132K->175087K(2080128K)After GC:
Statistics for BinaryTreeDictionary:
------------------------------------
Total Free Space: 224809351
Max   Chunk Size: 224809351
Number of Blocks: 1
Av.  Block  Size: 224809351
Tree      Height: 1
, 0.0341573 secs] [Times: user=0.06 sys=0.00, real=0.04 secs] 
Heap after GC invocations=68 (full 3):
 par new generation   total 153344K, used 6067K [0x0000000080000000, 0x000000008a660000, 0x000000008a660000)
  eden space 136320K,   0% used [0x0000000080000000, 0x0000000080000000, 0x0000000088520000)
  from space 17024K,  35% used [0x0000000088520000, 0x0000000088b0cec8, 0x00000000895c0000)
  to   space 17024K,   0% used [0x00000000895c0000, 0x00000000895c0000, 0x000000008a660000)
 concurrent mark-sweep generation total 1926784K, used 169019K [0x000000008a660000, 0x0000000100000000, 0x0000000100000000)
 Metaspace       used 83412K, capacity 88847K, committed 89044K, reserved 1128448K
  class space    used 10269K, capacity 10642K, committed 10740K, reserved 1048576K
}
2017-07-31T23:53:30.974+0000: 3723.002: Total time for which application threads were stopped: 0.0344245 seconds, Stopping threads took: 0.0000486 seconds
2017-07-31T23:54:23.987+0000: 3776.014: Total time for which application threads were stopped: 0.0001546 seconds, Stopping threads took: 0.0000415 seconds
2017-07-31T23:54:38.988+0000: 3791.016: Total time for which application threads were stopped: 0.0001611 seconds, Stopping threads took: 0.0000407 seconds
{Heap before GC invocations=68 (full 3):
 par new generation   total 153344K, used 142387K [0x0000000080000000, 0x000000008a660000, 0x000000008a660000)
  eden space 136320K, 100% used [0x0000000080000000, 0x0000000088520000, 0x0000000088520000)
  from space 17024K,  35% used [0x0000000088520000, 0x0000000088b0cec8, 0x00000000895c0000)
  to   space 17024K,   0% used [0x00000000895c0000, 0x00000000895c0000, 0x000000008a660000)
 concurrent mark-sweep generation total 1926784K, used 169019K [0x000000008a660000, 0x0000000100000000, 0x0000000100000000)
 Metaspace       used 83435K, capacity 88911K, committed 89300K, reserved 1128448K
  class space    used 10269K, capacity 10642K, committed 10740K, reserved 1048576K
2017-07-31T23:55:01.275+0000: 3813.303: [GC (Allocation Failure) Before GC:
Statistics for BinaryTreeDictionary:
------------------------------------
Total Free Space: 224809351
Max   Chunk Size: 224809351
Number of Blocks: 1
Av.  Block  Size: 224809351
Tree      Height: 1
2017-07-31T23:55:01.275+0000: 3813.303: [ParNew
Desired survivor size 8716288 bytes, new threshold 6 (max 6)
- age   1:    1252928 bytes,    1252928 total
- age   2:     611288 bytes,    1864216 total
- age   3:     835576 bytes,    2699792 total
- age   4:     663840 bytes,    3363632 total
- age   5:     717584 bytes,    4081216 total
- age   6:     609616 bytes,    4690832 total
: 142387K->8622K(153344K), 0.0223823 secs] 311407K->178324K(2080128K)After GC:
Statistics for BinaryTreeDictionary:
------------------------------------
Total Free Space: 224726071
Max   Chunk Size: 224726071
Number of Blocks: 1
Av.  Block  Size: 224726071
Tree      Height: 1
, 0.0224683 secs] [Times: user=0.05 sys=0.00, real=0.02 secs] 
Heap after GC invocations=69 (full 3):
 par new generation   total 153344K, used 8622K [0x0000000080000000, 0x000000008a660000, 0x000000008a660000)
  eden space 136320K,   0% used [0x0000000080000000, 0x0000000080000000, 0x0000000088520000)
  from space 17024K,  50% used [0x00000000895c0000, 0x0000000089e2ba50, 0x000000008a660000)
  to   space 17024K,   0% used [0x0000000088520000, 0x0000000088520000, 0x00000000895c0000)
 concurrent mark-sweep generation total 1926784K, used 169702K [0x000000008a660000, 0x0000000100000000, 0x0000000100000000)
 Metaspace       used 83435K, capacity 88911K, committed 89300K, reserved 1128448K
  class space    used 10269K, capacity 10642K, committed 10740K, reserved 1048576K
}
2017-07-31T23:55:01.298+0000: 3813.326: Total time for which application threads were stopped: 0.0227380 seconds, Stopping threads took: 0.0000780 seconds
2017-07-31T23:55:57.304+0000: 3869.332: Total time for which application threads were stopped: 0.0001415 seconds, Stopping threads took: 0.0000497 seconds
2017-07-31T23:56:09.305+0000: 3881.333: Total time for which application threads were stopped: 0.0001371 seconds, Stopping threads took: 0.0000416 seconds
2017-07-31T23:56:24.313+0000: 3896.341: Total time for which application threads were stopped: 0.0001688 seconds, Stopping threads took: 0.0000685 seconds
{Heap before GC invocations=69 (full 3):
 par new generation   total 153344K, used 144942K [0x0000000080000000, 0x000000008a660000, 0x000000008a660000)
  eden space 136320K, 100% used [0x0000000080000000, 0x0000000088520000, 0x0000000088520000)
  from space 17024K,  50% used [0x00000000895c0000, 0x0000000089e2ba50, 0x000000008a660000)
  to   space 17024K,   0% used [0x0000000088520000, 0x0000000088520000, 0x00000000895c0000)
 concurrent mark-sweep generation total 1926784K, used 169702K [0x000000008a660000, 0x0000000100000000, 0x0000000100000000)
 Metaspace       used 83728K, capacity 89167K, committed 89556K, reserved 1128448K
  class space    used 10269K, capacity 10642K, committed 10740K, reserved 1048576K
2017-07-31T23:56:30.937+0000: 3902.964: [GC (Allocation Failure) Before GC:
Statistics for BinaryTreeDictionary:
------------------------------------
Total Free Space: 224726071
Max   Chunk Size: 224726071
Number of Blocks: 1
Av.  Block  Size: 224726071
Tree      Height: 1
2017-07-31T23:56:30.937+0000: 3902.964: [ParNew
Desired survivor size 8716288 bytes, new threshold 6 (max 6)
- age   1:    1151992 bytes,    1151992 total
- age   2:     683520 bytes,    1835512 total
- age   3:     542392 bytes,    2377904 total
- age   4:     786856 bytes,    3164760 total
- age   5:     652296 bytes,    3817056 total
- age   6:     709136 bytes,    4526192 total
: 144942K->5591K(153344K), 0.0358311 secs] 314644K->175895K(2080128K)After GC:
Statistics for BinaryTreeDictionary:
------------------------------------
Total Free Space: 224648775
Max   Chunk Size: 224648775
Number of Blocks: 1
Av.  Block  Size: 224648775
Tree      Height: 1
, 0.0359299 secs] [Times: user=0.05 sys=0.00, real=0.04 secs] 
Heap after GC invocations=70 (full 3):
 par new generation   total 153344K, used 5591K [0x0000000080000000, 0x000000008a660000, 0x000000008a660000)
  eden space 136320K,   0% used [0x0000000080000000, 0x0000000080000000, 0x0000000088520000)
  from space 17024K,  32% used [0x0000000088520000, 0x0000000088a95d50, 0x00000000895c0000)
  to   space 17024K,   0% used [0x00000000895c0000, 0x00000000895c0000, 0x000000008a660000)
 concurrent mark-sweep generation total 1926784K, used 170303K [0x000000008a660000, 0x0000000100000000, 0x0000000100000000)
 Metaspace       used 83728K, capacity 89167K, committed 89556K, reserved 1128448K
  class space    used 10269K, capacity 10642K, committed 10740K, reserved 1048576K
}
2017-07-31T23:56:30.973+0000: 3903.000: Total time for which application threads were stopped: 0.0367695 seconds, Stopping threads took: 0.0006222 seconds
2017-07-31T23:56:46.974+0000: 3919.002: Total time for which application threads were stopped: 0.0001410 seconds, Stopping threads took: 0.0000473 seconds
2017-07-31T23:57:32.985+0000: 3965.013: Total time for which application threads were stopped: 0.0001329 seconds, Stopping threads took: 0.0000398 seconds
{Heap before GC invocations=70 (full 3):
 par new generation   total 153344K, used 141911K [0x0000000080000000, 0x000000008a660000, 0x000000008a660000)
  eden space 136320K, 100% used [0x0000000080000000, 0x0000000088520000, 0x0000000088520000)
  from space 17024K,  32% used [0x0000000088520000, 0x0000000088a95d50, 0x00000000895c0000)
  to   space 17024K,   0% used [0x00000000895c0000, 0x00000000895c0000, 0x000000008a660000)
 concurrent mark-sweep generation total 1926784K, used 170303K [0x000000008a660000, 0x0000000100000000, 0x0000000100000000)
 Metaspace       used 83728K, capacity 89167K, committed 89556K, reserved 1128448K
  class space    used 10269K, capacity 10642K, committed 10740K, reserved 1048576K
2017-07-31T23:57:58.300+0000: 3990.327: [GC (Allocation Failure) Before GC:
Statistics for BinaryTreeDictionary:
------------------------------------
Total Free Space: 224648775
Max   Chunk Size: 224648775
Number of Blocks: 1
Av.  Block  Size: 224648775
Tree      Height: 1
2017-07-31T23:57:58.300+0000: 3990.327: [ParNew
Desired survivor size 8716288 bytes, new threshold 6 (max 6)
- age   1:    1356472 bytes,    1356472 total
- age   2:     593184 bytes,    1949656 total
- age   3:     599672 bytes,    2549328 total
- age   4:     502104 bytes,    3051432 total
- age   5:     761744 bytes,    3813176 total
- age   6:     640888 bytes,    4454064 total
: 141911K->6016K(153344K), 0.0227354 secs] 312215K->177016K(2080128K)After GC:
Statistics for BinaryTreeDictionary:
------------------------------------
Total Free Space: 224555191
Max   Chunk Size: 224555191
Number of Blocks: 1
Av.  Block  Size: 224555191
Tree      Height: 1
, 0.0228148 secs] [Times: user=0.05 sys=0.00, real=0.03 secs] 
Heap after GC invocations=71 (full 3):
 par new generation   total 153344K, used 6016K [0x0000000080000000, 0x000000008a660000, 0x000000008a660000)
  eden space 136320K,   0% used [0x0000000080000000, 0x0000000080000000, 0x0000000088520000)
  from space 17024K,  35% used [0x00000000895c0000, 0x0000000089ba01a0, 0x000000008a660000)
  to   space 17024K,   0% used [0x0000000088520000, 0x0000000088520000, 0x00000000895c0000)
 concurrent mark-sweep generation total 1926784K, used 171000K [0x000000008a660000, 0x0000000100000000, 0x0000000100000000)
 Metaspace       used 83728K, capacity 89167K, committed 89556K, reserved 1128448K
  class space    used 10269K, capacity 10642K, committed 10740K, reserved 1048576K
}
2017-07-31T23:57:58.323+0000: 3990.350: Total time for which application threads were stopped: 0.0230588 seconds, Stopping threads took: 0.0000421 seconds
2017-07-31T23:58:10.324+0000: 4002.352: Total time for which application threads were stopped: 0.0001195 seconds, Stopping threads took: 0.0000349 seconds
2017-07-31T23:58:30.326+0000: 4022.354: Total time for which application threads were stopped: 0.0001474 seconds, Stopping threads took: 0.0000392 seconds
{Heap before GC invocations=71 (full 3):
 par new generation   total 153344K, used 142336K [0x0000000080000000, 0x000000008a660000, 0x000000008a660000)
  eden space 136320K, 100% used [0x0000000080000000, 0x0000000088520000, 0x0000000088520000)
  from space 17024K,  35% used [0x00000000895c0000, 0x0000000089ba01a0, 0x000000008a660000)
  to   space 17024K,   0% used [0x0000000088520000, 0x0000000088520000, 0x00000000895c0000)
 concurrent mark-sweep generation total 1926784K, used 171000K [0x000000008a660000, 0x0000000100000000, 0x0000000100000000)
 Metaspace       used 83728K, capacity 89167K, committed 89556K, reserved 1128448K
  class space    used 10269K, capacity 10642K, committed 10740K, reserved 1048576K
2017-07-31T23:59:30.935+0000: 4082.962: [GC (Allocation Failure) Before GC:
Statistics for BinaryTreeDictionary:
------------------------------------
Total Free Space: 224555191
Max   Chunk Size: 224555191
Number of Blocks: 1
Av.  Block  Size: 224555191
Tree      Height: 1
2017-07-31T23:59:30.935+0000: 4082.962: [ParNew
Desired survivor size 8716288 bytes, new threshold 6 (max 6)
- age   1:    1196408 bytes,    1196408 total
- age   2:     728192 bytes,    1924600 total
- age   3:     519224 bytes,    2443824 total
- age   4:     555872 bytes,    2999696 total
- age   5:     485080 bytes,    3484776 total
- age   6:     750904 bytes,    4235680 total
: 142336K->6393K(153344K), 0.0288177 secs] 313336K->178025K(2080128K)After GC:
Statistics for BinaryTreeDictionary:
------------------------------------
Total Free Space: 224481914
Max   Chunk Size: 224481914
Number of Blocks: 1
Av.  Block  Size: 224481914
Tree      Height: 1
, 0.0289036 secs] [Times: user=0.06 sys=0.00, real=0.03 secs] 
Heap after GC invocations=72 (full 3):
 par new generation   total 153344K, used 6393K [0x0000000080000000, 0x000000008a660000, 0x000000008a660000)
  eden space 136320K,   0% used [0x0000000080000000, 0x0000000080000000, 0x0000000088520000)
  from space 17024K,  37% used [0x0000000088520000, 0x0000000088b5e628, 0x00000000895c0000)
  to   space 17024K,   0% used [0x00000000895c0000, 0x00000000895c0000, 0x000000008a660000)
 concurrent mark-sweep generation total 1926784K, used 171631K [0x000000008a660000, 0x0000000100000000, 0x0000000100000000)
 Metaspace       used 83728K, capacity 89167K, committed 89556K, reserved 1128448K
  class space    used 10269K, capacity 10642K, committed 10740K, reserved 1048576K
}
2017-07-31T23:59:30.964+0000: 4082.991: Total time for which application threads were stopped: 0.0291245 seconds, Stopping threads took: 0.0000388 seconds
2017-07-31T23:59:56.967+0000: 4108.994: Total time for which application threads were stopped: 0.0001311 seconds, Stopping threads took: 0.0000388 seconds
2017-07-31T23:59:59.967+0000: 4111.995: Total time for which application threads were stopped: 0.0001313 seconds, Stopping threads took: 0.0000405 seconds
2017-08-01T00:00:00.590+0000: 4112.618: Total time for which application threads were stopped: 0.0002393 seconds, Stopping threads took: 0.0000852 seconds
2017-08-01T00:00:01.590+0000: 4113.618: Total time for which application threads were stopped: 0.0001623 seconds, Stopping threads took: 0.0000645 seconds
2017-08-01T00:00:05.591+0000: 4117.619: Total time for which application threads were stopped: 0.0001375 seconds, Stopping threads took: 0.0000504 seconds
2017-08-01T00:00:31.596+0000: 4143.624: Total time for which application threads were stopped: 0.0001363 seconds, Stopping threads took: 0.0000415 seconds
2017-08-01T00:00:44.598+0000: 4156.626: Total time for which application threads were stopped: 0.0001638 seconds, Stopping threads took: 0.0000575 seconds
2017-08-01T00:00:46.598+0000: 4158.626: Total time for which application threads were stopped: 0.0001453 seconds, Stopping threads took: 0.0000404 seconds
{Heap before GC invocations=72 (full 3):
 par new generation   total 153344K, used 142713K [0x0000000080000000, 0x000000008a660000, 0x000000008a660000)
  eden space 136320K, 100% used [0x0000000080000000, 0x0000000088520000, 0x0000000088520000)
  from space 17024K,  37% used [0x0000000088520000, 0x0000000088b5e628, 0x00000000895c0000)
  to   space 17024K,   0% used [0x00000000895c0000, 0x00000000895c0000, 0x000000008a660000)
 concurrent mark-sweep generation total 1926784K, used 171631K [0x000000008a660000, 0x0000000100000000, 0x0000000100000000)
 Metaspace       used 83739K, capacity 89167K, committed 89556K, reserved 1128448K
  class space    used 10271K, capacity 10642K, committed 10740K, reserved 1048576K
2017-08-01T00:01:00.020+0000: 4172.047: [GC (Allocation Failure) Before GC:
Statistics for BinaryTreeDictionary:
------------------------------------
Total Free Space: 224481914
Max   Chunk Size: 224481914
Number of Blocks: 1
Av.  Block  Size: 224481914
Tree      Height: 1
2017-08-01T00:01:00.020+0000: 4172.047: [ParNew
Desired survivor size 8716288 bytes, new threshold 6 (max 6)
- age   1:    1278496 bytes,    1278496 total
- age   2:     635688 bytes,    1914184 total
- age   3:     648904 bytes,    2563088 total
- age   4:     481560 bytes,    3044648 total
- age   5:     536432 bytes,    3581080 total
- age   6:     473736 bytes,    4054816 total
: 142713K->6253K(153344K), 0.0224757 secs] 314345K->178625K(2080128K)After GC:
Statistics for BinaryTreeDictionary:
------------------------------------
Total Free Space: 224385027
Max   Chunk Size: 224385027
Number of Blocks: 1
Av.  Block  Size: 224385027
Tree      Height: 1
, 0.0225551 secs] [Times: user=0.05 sys=0.00, real=0.03 secs] 
Heap after GC invocations=73 (full 3):
 par new generation   total 153344K, used 6253K [0x0000000080000000, 0x000000008a660000, 0x000000008a660000)
  eden space 136320K,   0% used [0x0000000080000000, 0x0000000080000000, 0x0000000088520000)
  from space 17024K,  36% used [0x00000000895c0000, 0x0000000089bdb7f8, 0x000000008a660000)
  to   space 17024K,   0% used [0x0000000088520000, 0x0000000088520000, 0x00000000895c0000)
 concurrent mark-sweep generation total 1926784K, used 172371K [0x000000008a660000, 0x0000000100000000, 0x0000000100000000)
 Metaspace       used 83739K, capacity 89167K, committed 89556K, reserved 1128448K
  class space    used 10271K, capacity 10642K, committed 10740K, reserved 1048576K
}
2017-08-01T00:01:00.042+0000: 4172.070: Total time for which application threads were stopped: 0.0227966 seconds, Stopping threads took: 0.0000500 seconds
2017-08-01T00:01:47.048+0000: 4219.075: Total time for which application threads were stopped: 0.0001333 seconds, Stopping threads took: 0.0000380 seconds
2017-08-01T00:02:21.052+0000: 4253.079: Total time for which application threads were stopped: 0.0001428 seconds, Stopping threads took: 0.0000478 seconds
{Heap before GC invocations=73 (full 3):
 par new generation   total 153344K, used 142573K [0x0000000080000000, 0x000000008a660000, 0x000000008a660000)
  eden space 136320K, 100% used [0x0000000080000000, 0x0000000088520000, 0x0000000088520000)
  from space 17024K,  36% used [0x00000000895c0000, 0x0000000089bdb7f8, 0x000000008a660000)
  to   space 17024K,   0% used [0x0000000088520000, 0x0000000088520000, 0x00000000895c0000)
 concurrent mark-sweep generation total 1926784K, used 172371K [0x000000008a660000, 0x0000000100000000, 0x0000000100000000)
 Metaspace       used 83739K, capacity 89167K, committed 89556K, reserved 1128448K
  class space    used 10271K, capacity 10642K, committed 10740K, reserved 1048576K
2017-08-01T00:02:30.926+0000: 4262.954: [GC (Allocation Failure) Before GC:
Statistics for BinaryTreeDictionary:
------------------------------------
Total Free Space: 224385027
Max   Chunk Size: 224385027
Number of Blocks: 1
Av.  Block  Size: 224385027
Tree      Height: 1
2017-08-01T00:02:30.926+0000: 4262.954: [ParNew
Desired survivor size 8716288 bytes, new threshold 6 (max 6)
- age   1:    1248008 bytes,    1248008 total
- age   2:     633472 bytes,    1881480 total
- age   3:     558440 bytes,    2439920 total
- age   4:     605088 bytes,    3045008 total
- age   5:     465552 bytes,    3510560 total
- age   6:     523984 bytes,    4034544 total
: 142573K->6002K(153344K), 0.0296960 secs] 314945K->178839K(2080128K)After GC:
Statistics for BinaryTreeDictionary:
------------------------------------
Total Free Space: 224328046
Max   Chunk Size: 224328046
Number of Blocks: 1
Av.  Block  Size: 224328046
Tree      Height: 1
, 0.0297979 secs] [Times: user=0.05 sys=0.00, real=0.03 secs] 
Heap after GC invocations=74 (full 3):
 par new generation   total 153344K, used 6002K [0x0000000080000000, 0x000000008a660000, 0x000000008a660000)
  eden space 136320K,   0% used [0x0000000080000000, 0x0000000080000000, 0x0000000088520000)
  from space 17024K,  35% used [0x0000000088520000, 0x0000000088afcb00, 0x00000000895c0000)
  to   space 17024K,   0% used [0x00000000895c0000, 0x00000000895c0000, 0x000000008a660000)
 concurrent mark-sweep generation total 1926784K, used 172836K [0x000000008a660000, 0x0000000100000000, 0x0000000100000000)
 Metaspace       used 83739K, capacity 89167K, committed 89556K, reserved 1128448K
  class space    used 10271K, capacity 10642K, committed 10740K, reserved 1048576K
}
2017-08-01T00:02:30.956+0000: 4262.984: Total time for which application threads were stopped: 0.0300521 seconds, Stopping threads took: 0.0000342 seconds
2017-08-01T00:03:20.963+0000: 4312.991: Total time for which application threads were stopped: 0.0001310 seconds, Stopping threads took: 0.0000384 seconds
2017-08-01T00:03:30.964+0000: 4322.992: Total time for which application threads were stopped: 0.0001551 seconds, Stopping threads took: 0.0000354 seconds
2017-08-01T00:03:54.967+0000: 4346.995: Total time for which application threads were stopped: 0.0001253 seconds, Stopping threads took: 0.0000346 seconds
{Heap before GC invocations=74 (full 3):
 par new generation   total 153344K, used 142322K [0x0000000080000000, 0x000000008a660000, 0x000000008a660000)
  eden space 136320K, 100% used [0x0000000080000000, 0x0000000088520000, 0x0000000088520000)
  from space 17024K,  35% used [0x0000000088520000, 0x0000000088afcb00, 0x00000000895c0000)
  to   space 17024K,   0% used [0x00000000895c0000, 0x00000000895c0000, 0x000000008a660000)
 concurrent mark-sweep generation total 1926784K, used 172836K [0x000000008a660000, 0x0000000100000000, 0x0000000100000000)
 Metaspace       used 83741K, capacity 89167K, committed 89556K, reserved 1128448K
  class space    used 10271K, capacity 10642K, committed 10740K, reserved 1048576K
2017-08-01T00:03:55.916+0000: 4347.943: [GC (Allocation Failure) Before GC:
Statistics for BinaryTreeDictionary:
------------------------------------
Total Free Space: 224328046
Max   Chunk Size: 224328046
Number of Blocks: 1
Av.  Block  Size: 224328046
Tree      Height: 1
2017-08-01T00:03:55.916+0000: 4347.943: [ParNew
Desired survivor size 8716288 bytes, new threshold 6 (max 6)
- age   1:    1233576 bytes,    1233576 total
- age   2:     671936 bytes,    1905512 total
- age   3:     566432 bytes,    2471944 total
- age   4:     520992 bytes,    2992936 total
- age   5:     580952 bytes,    3573888 total
- age   6:     455488 bytes,    4029376 total
: 142322K->5927K(153344K), 0.0211683 secs] 315159K->179281K(2080128K)After GC:
Statistics for BinaryTreeDictionary:
------------------------------------
Total Free Space: 224264741
Max   Chunk Size: 224264741
Number of Blocks: 1
Av.  Block  Size: 224264741
Tree      Height: 1
, 0.0212590 secs] [Times: user=0.05 sys=0.00, real=0.02 secs] 
Heap after GC invocations=75 (full 3):
 par new generation   total 153344K, used 5927K [0x0000000080000000, 0x000000008a660000, 0x000000008a660000)
  eden space 136320K,   0% used [0x0000000080000000, 0x0000000080000000, 0x0000000088520000)
  from space 17024K,  34% used [0x00000000895c0000, 0x0000000089b89cf0, 0x000000008a660000)
  to   space 17024K,   0% used [0x0000000088520000, 0x0000000088520000, 0x00000000895c0000)
 concurrent mark-sweep generation total 1926784K, used 173354K [0x000000008a660000, 0x0000000100000000, 0x0000000100000000)
 Metaspace       used 83741K, capacity 89167K, committed 89556K, reserved 1128448K
  class space    used 10271K, capacity 10642K, committed 10740K, reserved 1048576K
}
2017-08-01T00:03:55.937+0000: 4347.965: Total time for which application threads were stopped: 0.0214718 seconds, Stopping threads took: 0.0000388 seconds
2017-08-01T00:03:57.937+0000: 4349.965: Total time for which application threads were stopped: 0.0001763 seconds, Stopping threads took: 0.0000600 seconds
2017-08-01T00:04:01.938+0000: 4353.966: Total time for which application threads were stopped: 0.0001390 seconds, Stopping threads took: 0.0000424 seconds
2017-08-01T00:04:08.939+0000: 4360.967: Total time for which application threads were stopped: 0.0001429 seconds, Stopping threads took: 0.0000387 seconds
{Heap before GC invocations=75 (full 3):
 par new generation   total 153344K, used 142247K [0x0000000080000000, 0x000000008a660000, 0x000000008a660000)
  eden space 136320K, 100% used [0x0000000080000000, 0x0000000088520000, 0x0000000088520000)
  from space 17024K,  34% used [0x00000000895c0000, 0x0000000089b89cf0, 0x000000008a660000)
  to   space 17024K,   0% used [0x0000000088520000, 0x0000000088520000, 0x00000000895c0000)
 concurrent mark-sweep generation total 1926784K, used 173354K [0x000000008a660000, 0x0000000100000000, 0x0000000100000000)
 Metaspace       used 83743K, capacity 89167K, committed 89556K, reserved 1128448K
  class space    used 10271K, capacity 10642K, committed 10740K, reserved 1048576K
2017-08-01T00:05:29.115+0000: 4441.143: [GC (Allocation Failure) Before GC:
Statistics for BinaryTreeDictionary:
------------------------------------
Total Free Space: 224264741
Max   Chunk Size: 224264741
Number of Blocks: 1
Av.  Block  Size: 224264741
Tree      Height: 1
2017-08-01T00:05:29.115+0000: 4441.143: [ParNew
Desired survivor size 8716288 bytes, new threshold 6 (max 6)
- age   1:    1269632 bytes,    1269632 total
- age   2:     613952 bytes,    1883584 total
- age   3:     591600 bytes,    2475184 total
- age   4:     533120 bytes,    3008304 total
- age   5:     504504 bytes,    3512808 total
- age   6:     567008 bytes,    4079816 total
: 142247K->5905K(153344K), 0.0210169 secs] 315601K->179709K(2080128K)After GC:
Statistics for BinaryTreeDictionary:
------------------------------------
Total Free Space: 224203200
Max   Chunk Size: 224203200
Number of Blocks: 1
Av.  Block  Size: 224203200
Tree      Height: 1
, 0.0210962 secs] [Times: user=0.06 sys=0.00, real=0.02 secs] 
Heap after GC invocations=76 (full 3):
 par new generation   total 153344K, used 5905K [0x0000000080000000, 0x000000008a660000, 0x000000008a660000)
  eden space 136320K,   0% used [0x0000000080000000, 0x0000000080000000, 0x0000000088520000)
  from space 17024K,  34% used [0x0000000088520000, 0x0000000088ae4450, 0x00000000895c0000)
  to   space 17024K,   0% used [0x00000000895c0000, 0x00000000895c0000, 0x000000008a660000)
 concurrent mark-sweep generation total 1926784K, used 173804K [0x000000008a660000, 0x0000000100000000, 0x0000000100000000)
 Metaspace       used 83743K, capacity 89167K, committed 89556K, reserved 1128448K
  class space    used 10271K, capacity 10642K, committed 10740K, reserved 1048576K
}
2017-08-01T00:05:29.136+0000: 4441.164: Total time for which application threads were stopped: 0.0213782 seconds, Stopping threads took: 0.0000768 seconds
2017-08-01T00:05:48.139+0000: 4460.166: Total time for which application threads were stopped: 0.0001481 seconds, Stopping threads took: 0.0000532 seconds
{Heap before GC invocations=76 (full 3):
 par new generation   total 153344K, used 142225K [0x0000000080000000, 0x000000008a660000, 0x000000008a660000)
  eden space 136320K, 100% used [0x0000000080000000, 0x0000000088520000, 0x0000000088520000)
  from space 17024K,  34% used [0x0000000088520000, 0x0000000088ae4450, 0x00000000895c0000)
  to   space 17024K,   0% used [0x00000000895c0000, 0x00000000895c0000, 0x000000008a660000)
 concurrent mark-sweep generation total 1926784K, used 173804K [0x000000008a660000, 0x0000000100000000, 0x0000000100000000)
 Metaspace       used 83743K, capacity 89167K, committed 89556K, reserved 1128448K
  class space    used 10271K, capacity 10642K, committed 10740K, reserved 1048576K
2017-08-01T00:06:55.698+0000: 4527.726: [GC (Allocation Failure) Before GC:
Statistics for BinaryTreeDictionary:
------------------------------------
Total Free Space: 224203200
Max   Chunk Size: 224203200
Number of Blocks: 1
Av.  Block  Size: 224203200
Tree      Height: 1
2017-08-01T00:06:55.698+0000: 4527.726: [ParNew
Desired survivor size 8716288 bytes, new threshold 6 (max 6)
- age   1:    1241320 bytes,    1241320 total
- age   2:     699120 bytes,    1940440 total
- age   3:     543736 bytes,    2484176 total
- age   4:     562440 bytes,    3046616 total
- age   5:     517200 bytes,    3563816 total
- age   6:     494744 bytes,    4058560 total
: 142225K->5952K(153344K), 0.0222521 secs] 316029K->180316K(2080128K)After GC:
Statistics for BinaryTreeDictionary:
------------------------------------
Total Free Space: 224137204
Max   Chunk Size: 224137204
Number of Blocks: 1
Av.  Block  Size: 224137204
Tree      Height: 1
, 0.0223390 secs] [Times: user=0.05 sys=0.00, real=0.02 secs] 
Heap after GC invocations=77 (full 3):
 par new generation   total 153344K, used 5952K [0x0000000080000000, 0x000000008a660000, 0x000000008a660000)
  eden space 136320K,   0% used [0x0000000080000000, 0x0000000080000000, 0x0000000088520000)
  from space 17024K,  34% used [0x00000000895c0000, 0x0000000089b901c8, 0x000000008a660000)
  to   space 17024K,   0% used [0x0000000088520000, 0x0000000088520000, 0x00000000895c0000)
 concurrent mark-sweep generation total 1926784K, used 174364K [0x000000008a660000, 0x0000000100000000, 0x0000000100000000)
 Metaspace       used 83743K, capacity 89167K, committed 89556K, reserved 1128448K
  class space    used 10271K, capacity 10642K, committed 10740K, reserved 1048576K
}
2017-08-01T00:06:55.721+0000: 4527.748: Total time for which application threads were stopped: 0.0225614 seconds, Stopping threads took: 0.0000261 seconds
2017-08-01T00:07:07.722+0000: 4539.750: Total time for which application threads were stopped: 0.0001608 seconds, Stopping threads took: 0.0000665 seconds
2017-08-01T00:07:27.724+0000: 4559.752: Total time for which application threads were stopped: 0.0001886 seconds, Stopping threads took: 0.0000836 seconds
{Heap before GC invocations=77 (full 3):
 par new generation   total 153344K, used 142272K [0x0000000080000000, 0x000000008a660000, 0x000000008a660000)
  eden space 136320K, 100% used [0x0000000080000000, 0x0000000088520000, 0x0000000088520000)
  from space 17024K,  34% used [0x00000000895c0000, 0x0000000089b901c8, 0x000000008a660000)
  to   space 17024K,   0% used [0x0000000088520000, 0x0000000088520000, 0x00000000895c0000)
 concurrent mark-sweep generation total 1926784K, used 174364K [0x000000008a660000, 0x0000000100000000, 0x0000000100000000)
 Metaspace       used 83746K, capacity 89167K, committed 89556K, reserved 1128448K
  class space    used 10271K, capacity 10642K, committed 10740K, reserved 1048576K
2017-08-01T00:08:28.295+0000: 4620.323: [GC (Allocation Failure) Before GC:
Statistics for BinaryTreeDictionary:
------------------------------------
Total Free Space: 224137204
Max   Chunk Size: 224137204
Number of Blocks: 1
Av.  Block  Size: 224137204
Tree      Height: 1
2017-08-01T00:08:28.295+0000: 4620.323: [ParNew
Desired survivor size 8716288 bytes, new threshold 6 (max 6)
- age   1:    1272008 bytes,    1272008 total
- age   2:     625528 bytes,    1897536 total
- age   3:     619448 bytes,    2516984 total
- age   4:     511320 bytes,    3028304 total
- age   5:     543176 bytes,    3571480 total
- age   6:     504776 bytes,    4076256 total
: 142272K->5942K(153344K), 0.0223278 secs] 316636K->180793K(2080128K)After GC:
Statistics for BinaryTreeDictionary:
------------------------------------
Total Free Space: 224073412
Max   Chunk Size: 224073412
Number of Blocks: 1
Av.  Block  Size: 224073412
Tree      Height: 1
, 0.0224063 secs] [Times: user=0.06 sys=0.00, real=0.02 secs] 
Heap after GC invocations=78 (full 3):
 par new generation   total 153344K, used 5942K [0x0000000080000000, 0x000000008a660000, 0x000000008a660000)
  eden space 136320K,   0% used [0x0000000080000000, 0x0000000080000000, 0x0000000088520000)
  from space 17024K,  34% used [0x0000000088520000, 0x0000000088aedb98, 0x00000000895c0000)
  to   space 17024K,   0% used [0x00000000895c0000, 0x00000000895c0000, 0x000000008a660000)
 concurrent mark-sweep generation total 1926784K, used 174850K [0x000000008a660000, 0x0000000100000000, 0x0000000100000000)
 Metaspace       used 83746K, capacity 89167K, committed 89556K, reserved 1128448K
  class space    used 10271K, capacity 10642K, committed 10740K, reserved 1048576K
}
2017-08-01T00:08:28.318+0000: 4620.346: Total time for which application threads were stopped: 0.0227111 seconds, Stopping threads took: 0.0000948 seconds
{Heap before GC invocations=78 (full 3):
 par new generation   total 153344K, used 142262K [0x0000000080000000, 0x000000008a660000, 0x000000008a660000)
  eden space 136320K, 100% used [0x0000000080000000, 0x0000000088520000, 0x0000000088520000)
  from space 17024K,  34% used [0x0000000088520000, 0x0000000088aedb98, 0x00000000895c0000)
  to   space 17024K,   0% used [0x00000000895c0000, 0x00000000895c0000, 0x000000008a660000)
 concurrent mark-sweep generation total 1926784K, used 174850K [0x000000008a660000, 0x0000000100000000, 0x0000000100000000)
 Metaspace       used 83746K, capacity 89167K, committed 89556K, reserved 1128448K
  class space    used 10271K, capacity 10642K, committed 10740K, reserved 1048576K
2017-08-01T00:09:55.427+0000: 4707.455: [GC (Allocation Failure) Before GC:
Statistics for BinaryTreeDictionary:
------------------------------------
Total Free Space: 224073412
Max   Chunk Size: 224073412
Number of Blocks: 1
Av.  Block  Size: 224073412
Tree      Height: 1
2017-08-01T00:09:55.427+0000: 4707.455: [ParNew
Desired survivor size 8716288 bytes, new threshold 6 (max 6)
- age   1:    1199024 bytes,    1199024 total
- age   2:     685896 bytes,    1884920 total
- age   3:     562232 bytes,    2447152 total
- age   4:     588640 bytes,    3035792 total
- age   5:     497480 bytes,    3533272 total
- age   6:     532512 bytes,    4065784 total
: 142262K->5958K(153344K), 0.0213309 secs] 317113K->181306K(2080128K)After GC:
Statistics for BinaryTreeDictionary:
------------------------------------
Total Free Space: 224009684
Max   Chunk Size: 224009684
Number of Blocks: 1
Av.  Block  Size: 224009684
Tree      Height: 1
, 0.0214146 secs] [Times: user=0.06 sys=0.00, real=0.02 secs] 
Heap after GC invocations=79 (full 3):
 par new generation   total 153344K, used 5958K [0x0000000080000000, 0x000000008a660000, 0x000000008a660000)
  eden space 136320K,   0% used [0x0000000080000000, 0x0000000080000000, 0x0000000088520000)
  from space 17024K,  34% used [0x00000000895c0000, 0x0000000089b91908, 0x000000008a660000)
  to   space 17024K,   0% used [0x0000000088520000, 0x0000000088520000, 0x00000000895c0000)
 concurrent mark-sweep generation total 1926784K, used 175347K [0x000000008a660000, 0x0000000100000000, 0x0000000100000000)
 Metaspace       used 83746K, capacity 89167K, committed 89556K, reserved 1128448K
  class space    used 10271K, capacity 10642K, committed 10740K, reserved 1048576K
}
2017-08-01T00:09:55.448+0000: 4707.476: Total time for which application threads were stopped: 0.0216969 seconds, Stopping threads took: 0.0000669 seconds
{Heap before GC invocations=79 (full 3):
 par new generation   total 153344K, used 142278K [0x0000000080000000, 0x000000008a660000, 0x000000008a660000)
  eden space 136320K, 100% used [0x0000000080000000, 0x0000000088520000, 0x0000000088520000)
  from space 17024K,  34% used [0x00000000895c0000, 0x0000000089b91908, 0x000000008a660000)
  to   space 17024K,   0% used [0x0000000088520000, 0x0000000088520000, 0x00000000895c0000)
 concurrent mark-sweep generation total 1926784K, used 175347K [0x000000008a660000, 0x0000000100000000, 0x0000000100000000)
 Metaspace       used 83746K, capacity 89167K, committed 89556K, reserved 1128448K
  class space    used 10271K, capacity 10642K, committed 10740K, reserved 1048576K
2017-08-01T00:11:29.822+0000: 4801.850: [GC (Allocation Failure) Before GC:
Statistics for BinaryTreeDictionary:
------------------------------------
Total Free Space: 224009684
Max   Chunk Size: 224009684
Number of Blocks: 1
Av.  Block  Size: 224009684
Tree      Height: 1
2017-08-01T00:11:29.822+0000: 4801.850: [ParNew
Desired survivor size 8716288 bytes, new threshold 6 (max 6)
- age   1:    1365968 bytes,    1365968 total
- age   2:     603696 bytes,    1969664 total
- age   3:     617584 bytes,    2587248 total
- age   4:     533672 bytes,    3120920 total
- age   5:     573584 bytes,    3694504 total
- age   6:     487824 bytes,    4182328 total
: 142278K->5952K(153344K), 0.0257134 secs] 317626K->181824K(2080128K)After GC:
Statistics for BinaryTreeDictionary:
------------------------------------
Total Free Space: 223941777
Max   Chunk Size: 223941777
Number of Blocks: 1
Av.  Block  Size: 223941777
Tree      Height: 1
, 0.0258048 secs] [Times: user=0.05 sys=0.00, real=0.02 secs] 
Heap after GC invocations=80 (full 3):
 par new generation   total 153344K, used 5952K [0x0000000080000000, 0x000000008a660000, 0x000000008a660000)
  eden space 136320K,   0% used [0x0000000080000000, 0x0000000080000000, 0x0000000088520000)
  from space 17024K,  34% used [0x0000000088520000, 0x0000000088af0238, 0x00000000895c0000)
  to   space 17024K,   0% used [0x00000000895c0000, 0x00000000895c0000, 0x000000008a660000)
 concurrent mark-sweep generation total 1926784K, used 175871K [0x000000008a660000, 0x0000000100000000, 0x0000000100000000)
 Metaspace       used 83746K, capacity 89167K, committed 89556K, reserved 1128448K
  class space    used 10271K, capacity 10642K, committed 10740K, reserved 1048576K
}
2017-08-01T00:11:29.848+0000: 4801.875: Total time for which application threads were stopped: 0.0260310 seconds, Stopping threads took: 0.0000405 seconds
{Heap before GC invocations=80 (full 3):
 par new generation   total 153344K, used 142272K [0x0000000080000000, 0x000000008a660000, 0x000000008a660000)
  eden space 136320K, 100% used [0x0000000080000000, 0x0000000088520000, 0x0000000088520000)
  from space 17024K,  34% used [0x0000000088520000, 0x0000000088af0238, 0x00000000895c0000)
  to   space 17024K,   0% used [0x00000000895c0000, 0x00000000895c0000, 0x000000008a660000)
 concurrent mark-sweep generation total 1926784K, used 175871K [0x000000008a660000, 0x0000000100000000, 0x0000000100000000)
 Metaspace       used 83747K, capacity 89167K, committed 89556K, reserved 1128448K
  class space    used 10271K, capacity 10642K, committed 10740K, reserved 1048576K
2017-08-01T00:12:57.130+0000: 4889.157: [GC (Allocation Failure) Before GC:
Statistics for BinaryTreeDictionary:
------------------------------------
Total Free Space: 223941777
Max   Chunk Size: 223941777
Number of Blocks: 1
Av.  Block  Size: 223941777
Tree      Height: 1
2017-08-01T00:12:57.130+0000: 4889.157: [ParNew
Desired survivor size 8716288 bytes, new threshold 6 (max 6)
- age   1:    1290952 bytes,    1290952 total
- age   2:     768440 bytes,    2059392 total
- age   3:     548656 bytes,    2608048 total
- age   4:     587656 bytes,    3195704 total
- age   5:     517664 bytes,    3713368 total
- age   6:     562456 bytes,    4275824 total
: 142272K->6076K(153344K), 0.0222830 secs] 318144K->182429K(2080128K)After GC:
Statistics for BinaryTreeDictionary:
------------------------------------
Total Free Space: 223881969
Max   Chunk Size: 223881969
Number of Blocks: 1
Av.  Block  Size: 223881969
Tree      Height: 1
, 0.0223602 secs] [Times: user=0.05 sys=0.00, real=0.03 secs] 
Heap after GC invocations=81 (full 3):
 par new generation   total 153344K, used 6076K [0x0000000080000000, 0x000000008a660000, 0x000000008a660000)
  eden space 136320K,   0% used [0x0000000080000000, 0x0000000080000000, 0x0000000088520000)
  from space 17024K,  35% used [0x00000000895c0000, 0x0000000089baf278, 0x000000008a660000)
  to   space 17024K,   0% used [0x0000000088520000, 0x0000000088520000, 0x00000000895c0000)
 concurrent mark-sweep generation total 1926784K, used 176353K [0x000000008a660000, 0x0000000100000000, 0x0000000100000000)
 Metaspace       used 83747K, capacity 89167K, committed 89556K, reserved 1128448K
  class space    used 10271K, capacity 10642K, committed 10740K, reserved 1048576K
}
2017-08-01T00:12:57.152+0000: 4889.180: Total time for which application threads were stopped: 0.0226028 seconds, Stopping threads took: 0.0000478 seconds
2017-08-01T00:12:58.152+0000: 4890.180: Total time for which application threads were stopped: 0.0001684 seconds, Stopping threads took: 0.0000544 seconds
2017-08-01T00:14:21.171+0000: 4973.199: Total time for which application threads were stopped: 0.0001488 seconds, Stopping threads took: 0.0000538 seconds
{Heap before GC invocations=81 (full 3):
 par new generation   total 153344K, used 142396K [0x0000000080000000, 0x000000008a660000, 0x000000008a660000)
  eden space 136320K, 100% used [0x0000000080000000, 0x0000000088520000, 0x0000000088520000)
  from space 17024K,  35% used [0x00000000895c0000, 0x0000000089baf278, 0x000000008a660000)
  to   space 17024K,   0% used [0x0000000088520000, 0x0000000088520000, 0x00000000895c0000)
 concurrent mark-sweep generation total 1926784K, used 176353K [0x000000008a660000, 0x0000000100000000, 0x0000000100000000)
 Metaspace       used 83748K, capacity 89167K, committed 89556K, reserved 1128448K
  class space    used 10271K, capacity 10642K, committed 10740K, reserved 1048576K
2017-08-01T00:14:30.270+0000: 4982.298: [GC (Allocation Failure) Before GC:
Statistics for BinaryTreeDictionary:
------------------------------------
Total Free Space: 223881969
Max   Chunk Size: 223881969
Number of Blocks: 1
Av.  Block  Size: 223881969
Tree      Height: 1
2017-08-01T00:14:30.270+0000: 4982.298: [ParNew
Desired survivor size 8716288 bytes, new threshold 6 (max 6)
- age   1:    1336640 bytes,    1336640 total
- age   2:     709088 bytes,    2045728 total
- age   3:     696968 bytes,    2742696 total
- age   4:     522616 bytes,    3265312 total
- age   5:     569200 bytes,    3834512 total
- age   6:     503528 bytes,    4338040 total
: 142396K->6212K(153344K), 0.0231661 secs] 318749K->183121K(2080128K)After GC:
Statistics for BinaryTreeDictionary:
------------------------------------
Total Free Space: 223813499
Max   Chunk Size: 223813499
Number of Blocks: 1
Av.  Block  Size: 223813499
Tree      Height: 1
, 0.0232521 secs] [Times: user=0.06 sys=0.00, real=0.03 secs] 
Heap after GC invocations=82 (full 3):
 par new generation   total 153344K, used 6212K [0x0000000080000000, 0x000000008a660000, 0x000000008a660000)
  eden space 136320K,   0% used [0x0000000080000000, 0x0000000080000000, 0x0000000088520000)
  from space 17024K,  36% used [0x0000000088520000, 0x0000000088b31328, 0x00000000895c0000)
  to   space 17024K,   0% used [0x00000000895c0000, 0x00000000895c0000, 0x000000008a660000)
 concurrent mark-sweep generation total 1926784K, used 176908K [0x000000008a660000, 0x0000000100000000, 0x0000000100000000)
 Metaspace       used 83748K, capacity 89167K, committed 89556K, reserved 1128448K
  class space    used 10271K, capacity 10642K, committed 10740K, reserved 1048576K
}
2017-08-01T00:14:30.293+0000: 4982.321: Total time for which application threads were stopped: 0.0234830 seconds, Stopping threads took: 0.0000468 seconds
2017-08-01T00:15:46.302+0000: 5058.329: Total time for which application threads were stopped: 0.0001361 seconds, Stopping threads took: 0.0000368 seconds
2017-08-01T00:15:47.302+0000: 5059.330: Total time for which application threads were stopped: 0.0001482 seconds, Stopping threads took: 0.0000388 seconds
{Heap before GC invocations=82 (full 3):
 par new generation   total 153344K, used 142532K [0x0000000080000000, 0x000000008a660000, 0x000000008a660000)
  eden space 136320K, 100% used [0x0000000080000000, 0x0000000088520000, 0x0000000088520000)
  from space 17024K,  36% used [0x0000000088520000, 0x0000000088b31328, 0x00000000895c0000)
  to   space 17024K,   0% used [0x00000000895c0000, 0x00000000895c0000, 0x000000008a660000)
 concurrent mark-sweep generation total 1926784K, used 176908K [0x000000008a660000, 0x0000000100000000, 0x0000000100000000)
 Metaspace       used 83756K, capacity 89167K, committed 89556K, reserved 1128448K
  class space    used 10271K, capacity 10642K, committed 10740K, reserved 1048576K
2017-08-01T00:15:57.400+0000: 5069.428: [GC (Allocation Failure) Before GC:
Statistics for BinaryTreeDictionary:
------------------------------------
Total Free Space: 223813499
Max   Chunk Size: 223813499
Number of Blocks: 1
Av.  Block  Size: 223813499
Tree      Height: 1
2017-08-01T00:15:57.401+0000: 5069.428: [ParNew
Desired survivor size 8716288 bytes, new threshold 6 (max 6)
- age   1:    1231336 bytes,    1231336 total
- age   2:     776888 bytes,    2008224 total
- age   3:     654384 bytes,    2662608 total
- age   4:     667976 bytes,    3330584 total
- age   5:     511008 bytes,    3841592 total
- age   6:     558880 bytes,    4400472 total
: 142532K->6313K(153344K), 0.0223956 secs] 319441K->183718K(2080128K)After GC:
Statistics for BinaryTreeDictionary:
------------------------------------
Total Free Space: 223750555
Max   Chunk Size: 223750555
Number of Blocks: 1
Av.  Block  Size: 223750555
Tree      Height: 1
, 0.0224987 secs] [Times: user=0.06 sys=0.00, real=0.03 secs] 
Heap after GC invocations=83 (full 3):
 par new generation   total 153344K, used 6313K [0x0000000080000000, 0x000000008a660000, 0x000000008a660000)
  eden space 136320K,   0% used [0x0000000080000000, 0x0000000080000000, 0x0000000088520000)
  from space 17024K,  37% used [0x00000000895c0000, 0x0000000089bea498, 0x000000008a660000)
  to   space 17024K,   0% used [0x0000000088520000, 0x0000000088520000, 0x00000000895c0000)
 concurrent mark-sweep generation total 1926784K, used 177404K [0x000000008a660000, 0x0000000100000000, 0x0000000100000000)
 Metaspace       used 83756K, capacity 89167K, committed 89556K, reserved 1128448K
  class space    used 10271K, capacity 10642K, committed 10740K, reserved 1048576K
}
2017-08-01T00:15:57.423+0000: 5069.451: Total time for which application threads were stopped: 0.0227503 seconds, Stopping threads took: 0.0000643 seconds
2017-08-01T00:16:22.429+0000: 5094.457: Total time for which application threads were stopped: 0.0001760 seconds, Stopping threads took: 0.0000546 seconds
2017-08-01T00:16:24.430+0000: 5096.457: Total time for which application threads were stopped: 0.0001822 seconds, Stopping threads took: 0.0000685 seconds
2017-08-01T00:16:31.431+0000: 5103.458: Total time for which application threads were stopped: 0.0001352 seconds, Stopping threads took: 0.0000421 seconds
2017-08-01T00:17:25.439+0000: 5157.467: Total time for which application threads were stopped: 0.0001353 seconds, Stopping threads took: 0.0000414 seconds
{Heap before GC invocations=83 (full 3):
 par new generation   total 153344K, used 142633K [0x0000000080000000, 0x000000008a660000, 0x000000008a660000)
  eden space 136320K, 100% used [0x0000000080000000, 0x0000000088520000, 0x0000000088520000)
  from space 17024K,  37% used [0x00000000895c0000, 0x0000000089bea498, 0x000000008a660000)
  to   space 17024K,   0% used [0x0000000088520000, 0x0000000088520000, 0x00000000895c0000)
 concurrent mark-sweep generation total 1926784K, used 177404K [0x000000008a660000, 0x0000000100000000, 0x0000000100000000)
 Metaspace       used 83761K, capacity 89167K, committed 89556K, reserved 1128448K
  class space    used 10271K, capacity 10642K, committed 10740K, reserved 1048576K
2017-08-01T00:17:30.928+0000: 5162.956: [GC (Allocation Failure) Before GC:
Statistics for BinaryTreeDictionary:
------------------------------------
Total Free Space: 223750555
Max   Chunk Size: 223750555
Number of Blocks: 1
Av.  Block  Size: 223750555
Tree      Height: 1
2017-08-01T00:17:30.928+0000: 5162.956: [ParNew
Desired survivor size 8716288 bytes, new threshold 6 (max 6)
- age   1:    1305128 bytes,    1305128 total
- age   2:     708592 bytes,    2013720 total
- age   3:     706528 bytes,    2720248 total
- age   4:     627720 bytes,    3347968 total
- age   5:     649912 bytes,    3997880 total
- age   6:     500152 bytes,    4498032 total
: 142633K->6408K(153344K), 0.0228715 secs] 320038K->184363K(2080128K)After GC:
Statistics for BinaryTreeDictionary:
------------------------------------
Total Free Space: 223683760
Max   Chunk Size: 223683760
Number of Blocks: 1
Av.  Block  Size: 223683760
Tree      Height: 1
, 0.0229586 secs] [Times: user=0.05 sys=0.00, real=0.03 secs] 
Heap after GC invocations=84 (full 3):
 par new generation   total 153344K, used 6408K [0x0000000080000000, 0x000000008a660000, 0x000000008a660000)
  eden space 136320K,   0% used [0x0000000080000000, 0x0000000080000000, 0x0000000088520000)
  from space 17024K,  37% used [0x0000000088520000, 0x0000000088b62350, 0x00000000895c0000)
  to   space 17024K,   0% used [0x00000000895c0000, 0x00000000895c0000, 0x000000008a660000)
 concurrent mark-sweep generation total 1926784K, used 177954K [0x000000008a660000, 0x0000000100000000, 0x0000000100000000)
 Metaspace       used 83761K, capacity 89167K, committed 89556K, reserved 1128448K
  class space    used 10271K, capacity 10642K, committed 10740K, reserved 1048576K
}
2017-08-01T00:17:30.951+0000: 5162.979: Total time for which application threads were stopped: 0.0231907 seconds, Stopping threads took: 0.0000438 seconds
2017-08-01T00:17:46.961+0000: 5178.989: Total time for which application threads were stopped: 0.0001383 seconds, Stopping threads took: 0.0000430 seconds
2017-08-01T00:18:08.968+0000: 5200.996: Total time for which application threads were stopped: 0.0001366 seconds, Stopping threads took: 0.0000418 seconds
2017-08-01T00:18:40.972+0000: 5232.999: Total time for which application threads were stopped: 0.0001552 seconds, Stopping threads took: 0.0000400 seconds
{Heap before GC invocations=84 (full 3):
 par new generation   total 153344K, used 142728K [0x0000000080000000, 0x000000008a660000, 0x000000008a660000)
  eden space 136320K, 100% used [0x0000000080000000, 0x0000000088520000, 0x0000000088520000)
  from space 17024K,  37% used [0x0000000088520000, 0x0000000088b62350, 0x00000000895c0000)
  to   space 17024K,   0% used [0x00000000895c0000, 0x00000000895c0000, 0x000000008a660000)
 concurrent mark-sweep generation total 1926784K, used 177954K [0x000000008a660000, 0x0000000100000000, 0x0000000100000000)
 Metaspace       used 83765K, capacity 89167K, committed 89556K, reserved 1128448K
  class space    used 10271K, capacity 10642K, committed 10740K, reserved 1048576K
2017-08-01T00:18:56.401+0000: 5248.428: [GC (Allocation Failure) Before GC:
Statistics for BinaryTreeDictionary:
------------------------------------
Total Free Space: 223683760
Max   Chunk Size: 223683760
Number of Blocks: 1
Av.  Block  Size: 223683760
Tree      Height: 1
2017-08-01T00:18:56.401+0000: 5248.428: [ParNew
Desired survivor size 8716288 bytes, new threshold 6 (max 6)
- age   1:    1329792 bytes,    1329792 total
- age   2:     764864 bytes,    2094656 total
- age   3:     649336 bytes,    2743992 total
- age   4:     677352 bytes,    3421344 total
- age   5:     613008 bytes,    4034352 total
- age   6:     639952 bytes,    4674304 total
: 142728K->6537K(153344K), 0.0254381 secs] 320683K->184984K(2080128K)After GC:
Statistics for BinaryTreeDictionary:
------------------------------------
Total Free Space: 223619013
Max   Chunk Size: 223619013
Number of Blocks: 1
Av.  Block  Size: 223619013
Tree      Height: 1
, 0.0255238 secs] [Times: user=0.05 sys=0.00, real=0.02 secs] 
Heap after GC invocations=85 (full 3):
 par new generation   total 153344K, used 6537K [0x0000000080000000, 0x000000008a660000, 0x000000008a660000)
  eden space 136320K,   0% used [0x0000000080000000, 0x0000000080000000, 0x0000000088520000)
  from space 17024K,  38% used [0x00000000895c0000, 0x0000000089c22600, 0x000000008a660000)
  to   space 17024K,   0% used [0x0000000088520000, 0x0000000088520000, 0x00000000895c0000)
 concurrent mark-sweep generation total 1926784K, used 178447K [0x000000008a660000, 0x0000000100000000, 0x0000000100000000)
 Metaspace       used 83765K, capacity 89167K, committed 89556K, reserved 1128448K
  class space    used 10271K, capacity 10642K, committed 10740K, reserved 1048576K
}
2017-08-01T00:18:56.426+0000: 5248.454: Total time for which application threads were stopped: 0.0257806 seconds, Stopping threads took: 0.0000761 seconds
2017-08-01T00:19:38.430+0000: 5290.458: Total time for which application threads were stopped: 0.0001325 seconds, Stopping threads took: 0.0000392 seconds
2017-08-01T00:19:57.433+0000: 5309.460: Total time for which application threads were stopped: 0.0001347 seconds, Stopping threads took: 0.0000419 seconds
2017-08-01T00:20:02.433+0000: 5314.461: Total time for which application threads were stopped: 0.0001431 seconds, Stopping threads took: 0.0000383 seconds
2017-08-01T00:20:24.436+0000: 5336.464: Total time for which application threads were stopped: 0.0001843 seconds, Stopping threads took: 0.0000892 seconds
{Heap before GC invocations=85 (full 3):
 par new generation   total 153344K, used 142857K [0x0000000080000000, 0x000000008a660000, 0x000000008a660000)
  eden space 136320K, 100% used [0x0000000080000000, 0x0000000088520000, 0x0000000088520000)
  from space 17024K,  38% used [0x00000000895c0000, 0x0000000089c22600, 0x000000008a660000)
  to   space 17024K,   0% used [0x0000000088520000, 0x0000000088520000, 0x00000000895c0000)
 concurrent mark-sweep generation total 1926784K, used 178447K [0x000000008a660000, 0x0000000100000000, 0x0000000100000000)
 Metaspace       used 83765K, capacity 89167K, committed 89556K, reserved 1128448K
  class space    used 10271K, capacity 10642K, committed 10740K, reserved 1048576K
2017-08-01T00:20:30.525+0000: 5342.553: [GC (Allocation Failure) Before GC:
Statistics for BinaryTreeDictionary:
------------------------------------
Total Free Space: 223619013
Max   Chunk Size: 223619013
Number of Blocks: 1
Av.  Block  Size: 223619013
Tree      Height: 1
2017-08-01T00:20:30.525+0000: 5342.553: [ParNew
Desired survivor size 8716288 bytes, new threshold 6 (max 6)
- age   1:    1357512 bytes,    1357512 total
- age   2:     721888 bytes,    2079400 total
- age   3:     696392 bytes,    2775792 total
- age   4:     622304 bytes,    3398096 total
- age   5:     659816 bytes,    4057912 total
- age   6:     602432 bytes,    4660344 total
: 142857K->6766K(153344K), 0.0246398 secs] 321304K->185843K(2080128K)After GC:
Statistics for BinaryTreeDictionary:
------------------------------------
Total Free Space: 223540340
Max   Chunk Size: 223540340
Number of Blocks: 1
Av.  Block  Size: 223540340
Tree      Height: 1
, 0.0247360 secs] [Times: user=0.06 sys=0.00, real=0.02 secs] 
Heap after GC invocations=86 (full 3):
 par new generation   total 153344K, used 6766K [0x0000000080000000, 0x000000008a660000, 0x000000008a660000)
  eden space 136320K,   0% used [0x0000000080000000, 0x0000000080000000, 0x0000000088520000)
  from space 17024K,  39% used [0x0000000088520000, 0x0000000088bbb950, 0x00000000895c0000)
  to   space 17024K,   0% used [0x00000000895c0000, 0x00000000895c0000, 0x000000008a660000)
 concurrent mark-sweep generation total 1926784K, used 179076K [0x000000008a660000, 0x0000000100000000, 0x0000000100000000)
 Metaspace       used 83765K, capacity 89167K, committed 89556K, reserved 1128448K
  class space    used 10271K, capacity 10642K, committed 10740K, reserved 1048576K
}
2017-08-01T00:20:30.550+0000: 5342.578: Total time for which application threads were stopped: 0.0249645 seconds, Stopping threads took: 0.0000407 seconds
2017-08-01T00:20:36.551+0000: 5348.578: Total time for which application threads were stopped: 0.0001476 seconds, Stopping threads took: 0.0000406 seconds
2017-08-01T00:21:17.555+0000: 5389.583: Total time for which application threads were stopped: 0.0001385 seconds, Stopping threads took: 0.0000437 seconds
2017-08-01T00:21:26.556+0000: 5398.584: Total time for which application threads were stopped: 0.0001403 seconds, Stopping threads took: 0.0000423 seconds
2017-08-01T00:21:29.557+0000: 5401.585: Total time for which application threads were stopped: 0.0001370 seconds, Stopping threads took: 0.0000440 seconds
{Heap before GC invocations=86 (full 3):
 par new generation   total 153344K, used 143086K [0x0000000080000000, 0x000000008a660000, 0x000000008a660000)
  eden space 136320K, 100% used [0x0000000080000000, 0x0000000088520000, 0x0000000088520000)
  from space 17024K,  39% used [0x0000000088520000, 0x0000000088bbb950, 0x00000000895c0000)
  to   space 17024K,   0% used [0x00000000895c0000, 0x00000000895c0000, 0x000000008a660000)
 concurrent mark-sweep generation total 1926784K, used 179076K [0x000000008a660000, 0x0000000100000000, 0x0000000100000000)
 Metaspace       used 83767K, capacity 89167K, committed 89556K, reserved 1128448K
  class space    used 10271K, capacity 10642K, committed 10740K, reserved 1048576K
2017-08-01T00:21:55.783+0000: 5427.810: [GC (Allocation Failure) Before GC:
Statistics for BinaryTreeDictionary:
------------------------------------
Total Free Space: 223540340
Max   Chunk Size: 223540340
Number of Blocks: 1
Av.  Block  Size: 223540340
Tree      Height: 1
2017-08-01T00:21:55.783+0000: 5427.810: [ParNew
Desired survivor size 8716288 bytes, new threshold 6 (max 6)
- age   1:    1374656 bytes,    1374656 total
- age   2:     787240 bytes,    2161896 total
- age   3:     663632 bytes,    2825528 total
- age   4:     665832 bytes,    3491360 total
- age   5:     607896 bytes,    4099256 total
- age   6:     649592 bytes,    4748848 total
: 143086K->6804K(153344K), 0.0231741 secs] 322163K->186474K(2080128K)After GC:
Statistics for BinaryTreeDictionary:
------------------------------------
Total Free Space: 223465954
Max   Chunk Size: 223465954
Number of Blocks: 1
Av.  Block  Size: 223465954
Tree      Height: 1
, 0.0232617 secs] [Times: user=0.06 sys=0.00, real=0.02 secs] 
Heap after GC invocations=87 (full 3):
 par new generation   total 153344K, used 6804K [0x0000000080000000, 0x000000008a660000, 0x000000008a660000)
  eden space 136320K,   0% used [0x0000000080000000, 0x0000000080000000, 0x0000000088520000)
  from space 17024K,  39% used [0x00000000895c0000, 0x0000000089c653b0, 0x000000008a660000)
  to   space 17024K,   0% used [0x0000000088520000, 0x0000000088520000, 0x00000000895c0000)
 concurrent mark-sweep generation total 1926784K, used 179669K [0x000000008a660000, 0x0000000100000000, 0x0000000100000000)
 Metaspace       used 83767K, capacity 89167K, committed 89556K, reserved 1128448K
  class space    used 10271K, capacity 10642K, committed 10740K, reserved 1048576K
}
2017-08-01T00:21:55.806+0000: 5427.834: Total time for which application threads were stopped: 0.0235156 seconds, Stopping threads took: 0.0000621 seconds
2017-08-01T00:22:23.809+0000: 5455.837: Total time for which application threads were stopped: 0.0001406 seconds, Stopping threads took: 0.0000411 seconds
2017-08-01T00:22:44.813+0000: 5476.840: Total time for which application threads were stopped: 0.0001547 seconds, Stopping threads took: 0.0000438 seconds
2017-08-01T00:22:57.814+0000: 5489.842: Total time for which application threads were stopped: 0.0001423 seconds, Stopping threads took: 0.0000438 seconds
2017-08-01T00:23:23.817+0000: 5515.845: Total time for which application threads were stopped: 0.0001512 seconds, Stopping threads took: 0.0000565 seconds
2017-08-01T00:23:26.818+0000: 5518.846: Total time for which application threads were stopped: 0.0001557 seconds, Stopping threads took: 0.0000430 seconds
{Heap before GC invocations=87 (full 3):
 par new generation   total 153344K, used 143124K [0x0000000080000000, 0x000000008a660000, 0x000000008a660000)
  eden space 136320K, 100% used [0x0000000080000000, 0x0000000088520000, 0x0000000088520000)
  from space 17024K,  39% used [0x00000000895c0000, 0x0000000089c653b0, 0x000000008a660000)
  to   space 17024K,   0% used [0x0000000088520000, 0x0000000088520000, 0x00000000895c0000)
 concurrent mark-sweep generation total 1926784K, used 179669K [0x000000008a660000, 0x0000000100000000, 0x0000000100000000)
 Metaspace       used 83770K, capacity 89167K, committed 89556K, reserved 1128448K
  class space    used 10271K, capacity 10642K, committed 10740K, reserved 1048576K
2017-08-01T00:23:30.932+0000: 5522.959: [GC (Allocation Failure) Before GC:
Statistics for BinaryTreeDictionary:
------------------------------------
Total Free Space: 223465954
Max   Chunk Size: 223465954
Number of Blocks: 1
Av.  Block  Size: 223465954
Tree      Height: 1
2017-08-01T00:23:30.932+0000: 5522.960: [ParNew
Desired survivor size 8716288 bytes, new threshold 6 (max 6)
- age   1:    1254160 bytes,    1254160 total
- age   2:     722624 bytes,    1976784 total
- age   3:     718040 bytes,    2694824 total
- age   4:     637560 bytes,    3332384 total
- age   5:     650936 bytes,    3983320 total
- age   6:     598040 bytes,    4581360 total
: 143124K->6915K(153344K), 0.0383314 secs] 322794K->187225K(2080128K)After GC:
Statistics for BinaryTreeDictionary:
------------------------------------
Total Free Space: 223385389
Max   Chunk Size: 223385389
Number of Blocks: 1
Av.  Block  Size: 223385389
Tree      Height: 1
, 0.0384339 secs] [Times: user=0.05 sys=0.00, real=0.03 secs] 
Heap after GC invocations=88 (full 3):
 par new generation   total 153344K, used 6915K [0x0000000080000000, 0x000000008a660000, 0x000000008a660000)
  eden space 136320K,   0% used [0x0000000080000000, 0x0000000080000000, 0x0000000088520000)
  from space 17024K,  40% used [0x0000000088520000, 0x0000000088be0d00, 0x00000000895c0000)
  to   space 17024K,   0% used [0x00000000895c0000, 0x00000000895c0000, 0x000000008a660000)
 concurrent mark-sweep generation total 1926784K, used 180310K [0x000000008a660000, 0x0000000100000000, 0x0000000100000000)
 Metaspace       used 83770K, capacity 89167K, committed 89556K, reserved 1128448K
  class space    used 10271K, capacity 10642K, committed 10740K, reserved 1048576K
}
2017-08-01T00:23:30.970+0000: 5522.998: Total time for which application threads were stopped: 0.0387037 seconds, Stopping threads took: 0.0000342 seconds
2017-08-01T00:23:33.971+0000: 5525.998: Total time for which application threads were stopped: 0.0002231 seconds, Stopping threads took: 0.0000642 seconds
{Heap before GC invocations=88 (full 3):
 par new generation   total 153344K, used 143235K [0x0000000080000000, 0x000000008a660000, 0x000000008a660000)
  eden space 136320K, 100% used [0x0000000080000000, 0x0000000088520000, 0x0000000088520000)
  from space 17024K,  40% used [0x0000000088520000, 0x0000000088be0d00, 0x00000000895c0000)
  to   space 17024K,   0% used [0x00000000895c0000, 0x00000000895c0000, 0x000000008a660000)
 concurrent mark-sweep generation total 1926784K, used 180310K [0x000000008a660000, 0x0000000100000000, 0x0000000100000000)
 Metaspace       used 83772K, capacity 89167K, committed 89556K, reserved 1128448K
  class space    used 10271K, capacity 10642K, committed 10740K, reserved 1048576K
2017-08-01T00:24:59.485+0000: 5611.513: [GC (Allocation Failure) Before GC:
Statistics for BinaryTreeDictionary:
------------------------------------
Total Free Space: 223385389
Max   Chunk Size: 223385389
Number of Blocks: 1
Av.  Block  Size: 223385389
Tree      Height: 1
2017-08-01T00:24:59.485+0000: 5611.513: [ParNew
Desired survivor size 8716288 bytes, new threshold 6 (max 6)
- age   1:    1376456 bytes,    1376456 total
- age   2:     716592 bytes,    2093048 total
- age   3:     660600 bytes,    2753648 total
- age   4:     689560 bytes,    3443208 total
- age   5:     619832 bytes,    4063040 total
- age   6:     639608 bytes,    4702648 total
: 143235K->6755K(153344K), 0.0252367 secs] 323545K->187652K(2080128K)After GC:
Statistics for BinaryTreeDictionary:
------------------------------------
Total Free Space: 223309131
Max   Chunk Size: 223309131
Number of Blocks: 1
Av.  Block  Size: 223309131
Tree      Height: 1
, 0.0253149 secs] [Times: user=0.06 sys=0.00, real=0.02 secs] 
Heap after GC invocations=89 (full 3):
 par new generation   total 153344K, used 6755K [0x0000000080000000, 0x000000008a660000, 0x000000008a660000)
  eden space 136320K,   0% used [0x0000000080000000, 0x0000000080000000, 0x0000000088520000)
  from space 17024K,  39% used [0x00000000895c0000, 0x0000000089c58f80, 0x000000008a660000)
  to   space 17024K,   0% used [0x0000000088520000, 0x0000000088520000, 0x00000000895c0000)
 concurrent mark-sweep generation total 1926784K, used 180896K [0x000000008a660000, 0x0000000100000000, 0x0000000100000000)
 Metaspace       used 83772K, capacity 89167K, committed 89556K, reserved 1128448K
  class space    used 10271K, capacity 10642K, committed 10740K, reserved 1048576K
}
2017-08-01T00:24:59.510+0000: 5611.538: Total time for which application threads were stopped: 0.0255811 seconds, Stopping threads took: 0.0000832 seconds
2017-08-01T00:25:41.525+0000: 5653.552: Total time for which application threads were stopped: 0.0001594 seconds, Stopping threads took: 0.0000387 seconds
{Heap before GC invocations=89 (full 3):
 par new generation   total 153344K, used 143075K [0x0000000080000000, 0x000000008a660000, 0x000000008a660000)
  eden space 136320K, 100% used [0x0000000080000000, 0x0000000088520000, 0x0000000088520000)
  from space 17024K,  39% used [0x00000000895c0000, 0x0000000089c58f80, 0x000000008a660000)
  to   space 17024K,   0% used [0x0000000088520000, 0x0000000088520000, 0x00000000895c0000)
 concurrent mark-sweep generation total 1926784K, used 180896K [0x000000008a660000, 0x0000000100000000, 0x0000000100000000)
 Metaspace       used 83775K, capacity 89167K, committed 89556K, reserved 1128448K
  class space    used 10271K, capacity 10642K, committed 10740K, reserved 1048576K
2017-08-01T00:26:30.931+0000: 5702.958: [GC (Allocation Failure) Before GC:
Statistics for BinaryTreeDictionary:
------------------------------------
Total Free Space: 223309131
Max   Chunk Size: 223309131
Number of Blocks: 1
Av.  Block  Size: 223309131
Tree      Height: 1
2017-08-01T00:26:30.931+0000: 5702.959: [ParNew
Desired survivor size 8716288 bytes, new threshold 6 (max 6)
- age   1:    1271320 bytes,    1271320 total
- age   2:     791080 bytes,    2062400 total
- age   3:     657896 bytes,    2720296 total
- age   4:     632536 bytes,    3352832 total
- age   5:     673240 bytes,    4026072 total
- age   6:     609720 bytes,    4635792 total
: 143075K->6850K(153344K), 0.0369294 secs] 323972K->188377K(2080128K)After GC:
Statistics for BinaryTreeDictionary:
------------------------------------
Total Free Space: 223228943
Max   Chunk Size: 223228943
Number of Blocks: 1
Av.  Block  Size: 223228943
Tree      Height: 1
, 0.0370381 secs] [Times: user=0.07 sys=0.00, real=0.03 secs] 
Heap after GC invocations=90 (full 3):
 par new generation   total 153344K, used 6850K [0x0000000080000000, 0x000000008a660000, 0x000000008a660000)
  eden space 136320K,   0% used [0x0000000080000000, 0x0000000080000000, 0x0000000088520000)
  from space 17024K,  40% used [0x0000000088520000, 0x0000000088bd0b40, 0x00000000895c0000)
  to   space 17024K,   0% used [0x00000000895c0000, 0x00000000895c0000, 0x000000008a660000)
 concurrent mark-sweep generation total 1926784K, used 181526K [0x000000008a660000, 0x0000000100000000, 0x0000000100000000)
 Metaspace       used 83775K, capacity 89167K, committed 89556K, reserved 1128448K
  class space    used 10271K, capacity 10642K, committed 10740K, reserved 1048576K
}
2017-08-01T00:26:30.968+0000: 5702.996: Total time for which application threads were stopped: 0.0373065 seconds, Stopping threads took: 0.0000341 seconds
2017-08-01T00:27:30.974+0000: 5763.002: Total time for which application threads were stopped: 0.0001211 seconds, Stopping threads took: 0.0000377 seconds
2017-08-01T00:27:40.975+0000: 5773.003: Total time for which application threads were stopped: 0.0001716 seconds, Stopping threads took: 0.0000561 seconds
2017-08-01T00:27:57.977+0000: 5790.005: Total time for which application threads were stopped: 0.0001953 seconds, Stopping threads took: 0.0000923 seconds
{Heap before GC invocations=90 (full 3):
 par new generation   total 153344K, used 143170K [0x0000000080000000, 0x000000008a660000, 0x000000008a660000)
  eden space 136320K, 100% used [0x0000000080000000, 0x0000000088520000, 0x0000000088520000)
  from space 17024K,  40% used [0x0000000088520000, 0x0000000088bd0b40, 0x00000000895c0000)
  to   space 17024K,   0% used [0x00000000895c0000, 0x00000000895c0000, 0x000000008a660000)
 concurrent mark-sweep generation total 1926784K, used 181526K [0x000000008a660000, 0x0000000100000000, 0x0000000100000000)
 Metaspace       used 83801K, capacity 89231K, committed 89556K, reserved 1128448K
  class space    used 10271K, capacity 10642K, committed 10740K, reserved 1048576K
2017-08-01T00:28:03.380+0000: 5795.408: [GC (Allocation Failure) Before GC:
Statistics for BinaryTreeDictionary:
------------------------------------
Total Free Space: 223228943
Max   Chunk Size: 223228943
Number of Blocks: 1
Av.  Block  Size: 223228943
Tree      Height: 1
2017-08-01T00:28:03.380+0000: 5795.408: [ParNew
Desired survivor size 8716288 bytes, new threshold 6 (max 6)
- age   1:    1249424 bytes,    1249424 total
- age   2:     737712 bytes,    1987136 total
- age   3:     727936 bytes,    2715072 total
- age   4:     629456 bytes,    3344528 total
- age   5:     617944 bytes,    3962472 total
- age   6:     661784 bytes,    4624256 total
: 143170K->6800K(153344K), 0.0226961 secs] 324697K->188927K(2080128K)After GC:
Statistics for BinaryTreeDictionary:
------------------------------------
Total Free Space: 223150162
Max   Chunk Size: 223150162
Number of Blocks: 1
Av.  Block  Size: 223150162
Tree      Height: 1
, 0.0228006 secs] [Times: user=0.06 sys=0.00, real=0.03 secs] 
Heap after GC invocations=91 (full 3):
 par new generation   total 153344K, used 6800K [0x0000000080000000, 0x000000008a660000, 0x000000008a660000)
  eden space 136320K,   0% used [0x0000000080000000, 0x0000000080000000, 0x0000000088520000)
  from space 17024K,  39% used [0x00000000895c0000, 0x0000000089c643b0, 0x000000008a660000)
  to   space 17024K,   0% used [0x0000000088520000, 0x0000000088520000, 0x00000000895c0000)
 concurrent mark-sweep generation total 1926784K, used 182127K [0x000000008a660000, 0x0000000100000000, 0x0000000100000000)
 Metaspace       used 83801K, capacity 89231K, committed 89556K, reserved 1128448K
  class space    used 10271K, capacity 10642K, committed 10740K, reserved 1048576K
}
2017-08-01T00:28:03.403+0000: 5795.431: Total time for which application threads were stopped: 0.0230680 seconds, Stopping threads took: 0.0000658 seconds
2017-08-01T00:28:09.404+0000: 5801.432: Total time for which application threads were stopped: 0.0001545 seconds, Stopping threads took: 0.0000389 seconds
2017-08-01T00:28:24.406+0000: 5816.434: Total time for which application threads were stopped: 0.0001595 seconds, Stopping threads took: 0.0000395 seconds
2017-08-01T00:28:55.410+0000: 5847.437: Total time for which application threads were stopped: 0.0001736 seconds, Stopping threads took: 0.0000575 seconds
2017-08-01T00:29:04.416+0000: 5856.444: Total time for which application threads were stopped: 0.0001451 seconds, Stopping threads took: 0.0000374 seconds
2017-08-01T00:29:24.418+0000: 5876.446: Total time for which application threads were stopped: 0.0001394 seconds, Stopping threads took: 0.0000431 seconds
{Heap before GC invocations=91 (full 3):
 par new generation   total 153344K, used 143120K [0x0000000080000000, 0x000000008a660000, 0x000000008a660000)
  eden space 136320K, 100% used [0x0000000080000000, 0x0000000088520000, 0x0000000088520000)
  from space 17024K,  39% used [0x00000000895c0000, 0x0000000089c643b0, 0x000000008a660000)
  to   space 17024K,   0% used [0x0000000088520000, 0x0000000088520000, 0x00000000895c0000)
 concurrent mark-sweep generation total 1926784K, used 182127K [0x000000008a660000, 0x0000000100000000, 0x0000000100000000)
 Metaspace       used 83806K, capacity 89231K, committed 89556K, reserved 1128448K
  class space    used 10271K, capacity 10642K, committed 10740K, reserved 1048576K
2017-08-01T00:29:30.946+0000: 5882.974: [GC (Allocation Failure) Before GC:
Statistics for BinaryTreeDictionary:
------------------------------------
Total Free Space: 223150162
Max   Chunk Size: 223150162
Number of Blocks: 1
Av.  Block  Size: 223150162
Tree      Height: 1
2017-08-01T00:29:30.947+0000: 5882.974: [ParNew
Desired survivor size 8716288 bytes, new threshold 6 (max 6)
- age   1:    1293744 bytes,    1293744 total
- age   2:     726064 bytes,    2019808 total
- age   3:     676848 bytes,    2696656 total
- age   4:     698352 bytes,    3395008 total
- age   5:     615128 bytes,    4010136 total
- age   6:     605872 bytes,    4616008 total
: 143120K->6774K(153344K), 0.0233110 secs] 325247K->189550K(2080128K)After GC:
Statistics for BinaryTreeDictionary:
------------------------------------
Total Free Space: 223070247
Max   Chunk Size: 223070247
Number of Blocks: 1
Av.  Block  Size: 223070247
Tree      Height: 1
, 0.0234185 secs] [Times: user=0.06 sys=0.00, real=0.02 secs] 
Heap after GC invocations=92 (full 3):
 par new generation   total 153344K, used 6774K [0x0000000080000000, 0x000000008a660000, 0x000000008a660000)
  eden space 136320K,   0% used [0x0000000080000000, 0x0000000080000000, 0x0000000088520000)
  from space 17024K,  39% used [0x0000000088520000, 0x0000000088bbdaf0, 0x00000000895c0000)
  to   space 17024K,   0% used [0x00000000895c0000, 0x00000000895c0000, 0x000000008a660000)
 concurrent mark-sweep generation total 1926784K, used 182775K [0x000000008a660000, 0x0000000100000000, 0x0000000100000000)
 Metaspace       used 83806K, capacity 89231K, committed 89556K, reserved 1128448K
  class space    used 10271K, capacity 10642K, committed 10740K, reserved 1048576K
}
2017-08-01T00:29:30.970+0000: 5882.998: Total time for which application threads were stopped: 0.0353710 seconds, Stopping threads took: 0.0117602 seconds
2017-08-01T00:30:39.978+0000: 5952.006: Total time for which application threads were stopped: 0.0001515 seconds, Stopping threads took: 0.0000400 seconds
{Heap before GC invocations=92 (full 3):
 par new generation   total 153344K, used 143094K [0x0000000080000000, 0x000000008a660000, 0x000000008a660000)
  eden space 136320K, 100% used [0x0000000080000000, 0x0000000088520000, 0x0000000088520000)
  from space 17024K,  39% used [0x0000000088520000, 0x0000000088bbdaf0, 0x00000000895c0000)
  to   space 17024K,   0% used [0x00000000895c0000, 0x00000000895c0000, 0x000000008a660000)
 concurrent mark-sweep generation total 1926784K, used 182775K [0x000000008a660000, 0x0000000100000000, 0x0000000100000000)
 Metaspace       used 83806K, capacity 89231K, committed 89556K, reserved 1128448K
  class space    used 10271K, capacity 10642K, committed 10740K, reserved 1048576K
2017-08-01T00:31:02.232+0000: 5974.259: [GC (Allocation Failure) Before GC:
Statistics for BinaryTreeDictionary:
------------------------------------
Total Free Space: 223070247
Max   Chunk Size: 223070247
Number of Blocks: 1
Av.  Block  Size: 223070247
Tree      Height: 1
2017-08-01T00:31:02.232+0000: 5974.260: [ParNew
Desired survivor size 8716288 bytes, new threshold 6 (max 6)
- age   1:    1297816 bytes,    1297816 total
- age   2:     749472 bytes,    2047288 total
- age   3:     658288 bytes,    2705576 total
- age   4:     648288 bytes,    3353864 total
- age   5:     681168 bytes,    4035032 total
- age   6:     603776 bytes,    4638808 total
: 143094K->6760K(153344K), 0.0227595 secs] 325870K->190131K(2080128K)After GC:
Statistics for BinaryTreeDictionary:
------------------------------------
Total Free Space: 222992881
Max   Chunk Size: 222992881
Number of Blocks: 1
Av.  Block  Size: 222992881
Tree      Height: 1
, 0.0228444 secs] [Times: user=0.06 sys=0.00, real=0.02 secs] 
Heap after GC invocations=93 (full 3):
 par new generation   total 153344K, used 6760K [0x0000000080000000, 0x000000008a660000, 0x000000008a660000)
  eden space 136320K,   0% used [0x0000000080000000, 0x0000000080000000, 0x0000000088520000)
  from space 17024K,  39% used [0x00000000895c0000, 0x0000000089c5a298, 0x000000008a660000)
  to   space 17024K,   0% used [0x0000000088520000, 0x0000000088520000, 0x00000000895c0000)
 concurrent mark-sweep generation total 1926784K, used 183371K [0x000000008a660000, 0x0000000100000000, 0x0000000100000000)
 Metaspace       used 83806K, capacity 89231K, committed 89556K, reserved 1128448K
  class space    used 10271K, capacity 10642K, committed 10740K, reserved 1048576K
}
2017-08-01T00:31:02.255+0000: 5974.282: Total time for which application threads were stopped: 0.0230824 seconds, Stopping threads took: 0.0000615 seconds
{Heap before GC invocations=93 (full 3):
 par new generation   total 153344K, used 143080K [0x0000000080000000, 0x000000008a660000, 0x000000008a660000)
  eden space 136320K, 100% used [0x0000000080000000, 0x0000000088520000, 0x0000000088520000)
  from space 17024K,  39% used [0x00000000895c0000, 0x0000000089c5a298, 0x000000008a660000)
  to   space 17024K,   0% used [0x0000000088520000, 0x0000000088520000, 0x00000000895c0000)
 concurrent mark-sweep generation total 1926784K, used 183371K [0x000000008a660000, 0x0000000100000000, 0x0000000100000000)
 Metaspace       used 83806K, capacity 89231K, committed 89556K, reserved 1128448K
  class space    used 10271K, capacity 10642K, committed 10740K, reserved 1048576K
2017-08-01T00:32:30.937+0000: 6062.965: [GC (Allocation Failure) Before GC:
Statistics for BinaryTreeDictionary:
------------------------------------
Total Free Space: 222992881
Max   Chunk Size: 222992881
Number of Blocks: 1
Av.  Block  Size: 222992881
Tree      Height: 1
2017-08-01T00:32:30.937+0000: 6062.965: [ParNew
Desired survivor size 8716288 bytes, new threshold 6 (max 6)
- age   1:    1264568 bytes,    1264568 total
- age   2:     763584 bytes,    2028152 total
- age   3:     690128 bytes,    2718280 total
- age   4:     630960 bytes,    3349240 total
- age   5:     632272 bytes,    3981512 total
- age   6:     668032 bytes,    4649544 total
: 143080K->6781K(153344K), 0.0361001 secs] 326451K->190745K(2080128K)After GC:
Statistics for BinaryTreeDictionary:
------------------------------------
Total Free Space: 222916608
Max   Chunk Size: 222916608
Number of Blocks: 1
Av.  Block  Size: 222916608
Tree      Height: 1
, 0.0361985 secs] [Times: user=0.06 sys=0.00, real=0.04 secs] 
Heap after GC invocations=94 (full 3):
 par new generation   total 153344K, used 6781K [0x0000000080000000, 0x000000008a660000, 0x000000008a660000)
  eden space 136320K,   0% used [0x0000000080000000, 0x0000000080000000, 0x0000000088520000)
  from space 17024K,  39% used [0x0000000088520000, 0x0000000088bbf4a8, 0x00000000895c0000)
  to   space 17024K,   0% used [0x00000000895c0000, 0x00000000895c0000, 0x000000008a660000)
 concurrent mark-sweep generation total 1926784K, used 183964K [0x000000008a660000, 0x0000000100000000, 0x0000000100000000)
 Metaspace       used 83806K, capacity 89231K, committed 89556K, reserved 1128448K
  class space    used 10271K, capacity 10642K, committed 10740K, reserved 1048576K
}
2017-08-01T00:32:30.973+0000: 6063.001: Total time for which application threads were stopped: 0.0364628 seconds, Stopping threads took: 0.0000435 seconds
{Heap before GC invocations=94 (full 3):
 par new generation   total 153344K, used 143101K [0x0000000080000000, 0x000000008a660000, 0x000000008a660000)
  eden space 136320K, 100% used [0x0000000080000000, 0x0000000088520000, 0x0000000088520000)
  from space 17024K,  39% used [0x0000000088520000, 0x0000000088bbf4a8, 0x00000000895c0000)
  to   space 17024K,   0% used [0x00000000895c0000, 0x00000000895c0000, 0x000000008a660000)
 concurrent mark-sweep generation total 1926784K, used 183964K [0x000000008a660000, 0x0000000100000000, 0x0000000100000000)
 Metaspace       used 83806K, capacity 89231K, committed 89556K, reserved 1128448K
  class space    used 10271K, capacity 10642K, committed 10740K, reserved 1048576K
2017-08-01T00:34:03.948+0000: 6155.976: [GC (Allocation Failure) Before GC:
Statistics for BinaryTreeDictionary:
------------------------------------
Total Free Space: 222916608
Max   Chunk Size: 222916608
Number of Blocks: 1
Av.  Block  Size: 222916608
Tree      Height: 1
2017-08-01T00:34:03.949+0000: 6155.976: [ParNew
Desired survivor size 8716288 bytes, new threshold 6 (max 6)
- age   1:    1331448 bytes,    1331448 total
- age   2:     719968 bytes,    2051416 total
- age   3:     698400 bytes,    2749816 total
- age   4:     662440 bytes,    3412256 total
- age   5:     615400 bytes,    4027656 total
- age   6:     622712 bytes,    4650368 total
: 143101K->6799K(153344K), 0.0232203 secs] 327065K->191420K(2080128K)After GC:
Statistics for BinaryTreeDictionary:
------------------------------------
Total Free Space: 222833962
Max   Chunk Size: 222833962
Number of Blocks: 1
Av.  Block  Size: 222833962
Tree      Height: 1
, 0.0233109 secs] [Times: user=0.06 sys=0.00, real=0.03 secs] 
Heap after GC invocations=95 (full 3):
 par new generation   total 153344K, used 6799K [0x0000000080000000, 0x000000008a660000, 0x000000008a660000)
  eden space 136320K,   0% used [0x0000000080000000, 0x0000000080000000, 0x0000000088520000)
  from space 17024K,  39% used [0x00000000895c0000, 0x0000000089c63c68, 0x000000008a660000)
  to   space 17024K,   0% used [0x0000000088520000, 0x0000000088520000, 0x00000000895c0000)
 concurrent mark-sweep generation total 1926784K, used 184620K [0x000000008a660000, 0x0000000100000000, 0x0000000100000000)
 Metaspace       used 83806K, capacity 89231K, committed 89556K, reserved 1128448K
  class space    used 10271K, capacity 10642K, committed 10740K, reserved 1048576K
}
2017-08-01T00:34:03.972+0000: 6156.000: Total time for which application threads were stopped: 0.0235712 seconds, Stopping threads took: 0.0000555 seconds
{Heap before GC invocations=95 (full 3):
 par new generation   total 153344K, used 143119K [0x0000000080000000, 0x000000008a660000, 0x000000008a660000)
  eden space 136320K, 100% used [0x0000000080000000, 0x0000000088520000, 0x0000000088520000)
  from space 17024K,  39% used [0x00000000895c0000, 0x0000000089c63c68, 0x000000008a660000)
  to   space 17024K,   0% used [0x0000000088520000, 0x0000000088520000, 0x00000000895c0000)
 concurrent mark-sweep generation total 1926784K, used 184620K [0x000000008a660000, 0x0000000100000000, 0x0000000100000000)
 Metaspace       used 83808K, capacity 89231K, committed 89556K, reserved 1128448K
  class space    used 10271K, capacity 10642K, committed 10740K, reserved 1048576K
2017-08-01T00:35:30.935+0000: 6242.963: [GC (Allocation Failure) Before GC:
Statistics for BinaryTreeDictionary:
------------------------------------
Total Free Space: 222833962
Max   Chunk Size: 222833962
Number of Blocks: 1
Av.  Block  Size: 222833962
Tree      Height: 1
2017-08-01T00:35:30.935+0000: 6242.963: [ParNew
Desired survivor size 8716288 bytes, new threshold 6 (max 6)
- age   1:    1293400 bytes,    1293400 total
- age   2:     738616 bytes,    2032016 total
- age   3:     662600 bytes,    2694616 total
- age   4:     666952 bytes,    3361568 total
- age   5:     645984 bytes,    4007552 total
- age   6:     605464 bytes,    4613016 total
: 143119K->4539K(153344K), 0.0376027 secs] 327740K->189771K(2080128K)After GC:
Statistics for BinaryTreeDictionary:
------------------------------------
Total Free Space: 222753592
Max   Chunk Size: 222753592
Number of Blocks: 1
Av.  Block  Size: 222753592
Tree      Height: 1
, 0.0376956 secs] [Times: user=0.06 sys=0.00, real=0.04 secs] 
Heap after GC invocations=96 (full 3):
 par new generation   total 153344K, used 4539K [0x0000000080000000, 0x000000008a660000, 0x000000008a660000)
  eden space 136320K,   0% used [0x0000000080000000, 0x0000000080000000, 0x0000000088520000)
  from space 17024K,  26% used [0x0000000088520000, 0x000000008898edf8, 0x00000000895c0000)
  to   space 17024K,   0% used [0x00000000895c0000, 0x00000000895c0000, 0x000000008a660000)
 concurrent mark-sweep generation total 1926784K, used 185232K [0x000000008a660000, 0x0000000100000000, 0x0000000100000000)
 Metaspace       used 83808K, capacity 89231K, committed 89556K, reserved 1128448K
  class space    used 10271K, capacity 10642K, committed 10740K, reserved 1048576K
}
2017-08-01T00:35:30.973+0000: 6243.000: Total time for which application threads were stopped: 0.0379598 seconds, Stopping threads took: 0.0000348 seconds
2017-08-01T00:36:30.979+0000: 6303.007: Total time for which application threads were stopped: 0.0001360 seconds, Stopping threads took: 0.0000384 seconds
{Heap before GC invocations=96 (full 3):
 par new generation   total 153344K, used 140859K [0x0000000080000000, 0x000000008a660000, 0x000000008a660000)
  eden space 136320K, 100% used [0x0000000080000000, 0x0000000088520000, 0x0000000088520000)
  from space 17024K,  26% used [0x0000000088520000, 0x000000008898edf8, 0x00000000895c0000)
  to   space 17024K,   0% used [0x00000000895c0000, 0x00000000895c0000, 0x000000008a660000)
 concurrent mark-sweep generation total 1926784K, used 185232K [0x000000008a660000, 0x0000000100000000, 0x0000000100000000)
 Metaspace       used 83808K, capacity 89231K, committed 89556K, reserved 1128448K
  class space    used 10271K, capacity 10642K, committed 10740K, reserved 1048576K
2017-08-01T00:37:02.212+0000: 6334.240: [GC (Allocation Failure) Before GC:
Statistics for BinaryTreeDictionary:
------------------------------------
Total Free Space: 222753592
Max   Chunk Size: 222753592
Number of Blocks: 1
Av.  Block  Size: 222753592
Tree      Height: 1
2017-08-01T00:37:02.212+0000: 6334.240: [ParNew
Desired survivor size 8716288 bytes, new threshold 6 (max 6)
- age   1:    1448064 bytes,    1448064 total
- age   2:     743240 bytes,    2191304 total
- age   3:     668560 bytes,    2859864 total
- age   4:     634584 bytes,    3494448 total
- age   5:     650304 bytes,    4144752 total
- age   6:     636192 bytes,    4780944 total
: 140859K->6764K(153344K), 0.0248960 secs] 326091K->192592K(2080128K)After GC:
Statistics for BinaryTreeDictionary:
------------------------------------
Total Free Space: 222677956
Max   Chunk Size: 222677956
Number of Blocks: 1
Av.  Block  Size: 222677956
Tree      Height: 1
, 0.0249913 secs] [Times: user=0.06 sys=0.00, real=0.02 secs] 
Heap after GC invocations=97 (full 3):
 par new generation   total 153344K, used 6764K [0x0000000080000000, 0x000000008a660000, 0x000000008a660000)
  eden space 136320K,   0% used [0x0000000080000000, 0x0000000080000000, 0x0000000088520000)
  from space 17024K,  39% used [0x00000000895c0000, 0x0000000089c5b1f8, 0x000000008a660000)
  to   space 17024K,   0% used [0x0000000088520000, 0x0000000088520000, 0x00000000895c0000)
 concurrent mark-sweep generation total 1926784K, used 185828K [0x000000008a660000, 0x0000000100000000, 0x0000000100000000)
 Metaspace       used 83808K, capacity 89231K, committed 89556K, reserved 1128448K
  class space    used 10271K, capacity 10642K, committed 10740K, reserved 1048576K
}
2017-08-01T00:37:02.237+0000: 6334.265: Total time for which application threads were stopped: 0.0252801 seconds, Stopping threads took: 0.0000932 seconds
{Heap before GC invocations=97 (full 3):
 par new generation   total 153344K, used 143084K [0x0000000080000000, 0x000000008a660000, 0x000000008a660000)
  eden space 136320K, 100% used [0x0000000080000000, 0x0000000088520000, 0x0000000088520000)
  from space 17024K,  39% used [0x00000000895c0000, 0x0000000089c5b1f8, 0x000000008a660000)
  to   space 17024K,   0% used [0x0000000088520000, 0x0000000088520000, 0x00000000895c0000)
 concurrent mark-sweep generation total 1926784K, used 185828K [0x000000008a660000, 0x0000000100000000, 0x0000000100000000)
 Metaspace       used 83808K, capacity 89231K, committed 89556K, reserved 1128448K
  class space    used 10271K, capacity 10642K, committed 10740K, reserved 1048576K
2017-08-01T00:38:30.939+0000: 6422.967: [GC (Allocation Failure) Before GC:
Statistics for BinaryTreeDictionary:
------------------------------------
Total Free Space: 222677956
Max   Chunk Size: 222677956
Number of Blocks: 1
Av.  Block  Size: 222677956
Tree      Height: 1
2017-08-01T00:38:30.939+0000: 6422.967: [ParNew
Desired survivor size 8716288 bytes, new threshold 6 (max 6)
- age   1:    1222720 bytes,    1222720 total
- age   2:     765408 bytes,    1988128 total
- age   3:     682192 bytes,    2670320 total
- age   4:     643576 bytes,    3313896 total
- age   5:     620440 bytes,    3934336 total
- age   6:     640784 bytes,    4575120 total
: 143084K->6938K(153344K), 0.0308347 secs] 328912K->193394K(2080128K)After GC:
Statistics for BinaryTreeDictionary:
------------------------------------
Total Free Space: 222597419
Max   Chunk Size: 222597419
Number of Blocks: 1
Av.  Block  Size: 222597419
Tree      Height: 1
, 0.0309519 secs] [Times: user=0.06 sys=0.00, real=0.03 secs] 
Heap after GC invocations=98 (full 3):
 par new generation   total 153344K, used 6938K [0x0000000080000000, 0x000000008a660000, 0x000000008a660000)
  eden space 136320K,   0% used [0x0000000080000000, 0x0000000080000000, 0x0000000088520000)
  from space 17024K,  40% used [0x0000000088520000, 0x0000000088be6928, 0x00000000895c0000)
  to   space 17024K,   0% used [0x00000000895c0000, 0x00000000895c0000, 0x000000008a660000)
 concurrent mark-sweep generation total 1926784K, used 186455K [0x000000008a660000, 0x0000000100000000, 0x0000000100000000)
 Metaspace       used 83808K, capacity 89231K, committed 89556K, reserved 1128448K
  class space    used 10271K, capacity 10642K, committed 10740K, reserved 1048576K
}
2017-08-01T00:38:30.970+0000: 6422.998: Total time for which application threads were stopped: 0.0312423 seconds, Stopping threads took: 0.0000335 seconds
2017-08-01T00:39:27.976+0000: 6480.004: Total time for which application threads were stopped: 0.0001827 seconds, Stopping threads took: 0.0000756 seconds
{Heap before GC invocations=98 (full 3):
 par new generation   total 153344K, used 143258K [0x0000000080000000, 0x000000008a660000, 0x000000008a660000)
  eden space 136320K, 100% used [0x0000000080000000, 0x0000000088520000, 0x0000000088520000)
  from space 17024K,  40% used [0x0000000088520000, 0x0000000088be6928, 0x00000000895c0000)
  to   space 17024K,   0% used [0x00000000895c0000, 0x00000000895c0000, 0x000000008a660000)
 concurrent mark-sweep generation total 1926784K, used 186455K [0x000000008a660000, 0x0000000100000000, 0x0000000100000000)
 Metaspace       used 83808K, capacity 89231K, committed 89556K, reserved 1128448K
  class space    used 10271K, capacity 10642K, committed 10740K, reserved 1048576K
2017-08-01T00:40:06.014+0000: 6518.042: [GC (Allocation Failure) Before GC:
Statistics for BinaryTreeDictionary:
------------------------------------
Total Free Space: 222597419
Max   Chunk Size: 222597419
Number of Blocks: 1
Av.  Block  Size: 222597419
Tree      Height: 1
2017-08-01T00:40:06.014+0000: 6518.042: [ParNew
Desired survivor size 8716288 bytes, new threshold 6 (max 6)
- age   1:    1329312 bytes,    1329312 total
- age   2:     677072 bytes,    2006384 total
- age   3:     697400 bytes,    2703784 total
- age   4:     654184 bytes,    3357968 total
- age   5:     629552 bytes,    3987520 total
- age   6:     609040 bytes,    4596560 total
: 143258K->6756K(153344K), 0.0254278 secs] 329714K->193842K(2080128K)After GC:
Statistics for BinaryTreeDictionary:
------------------------------------
Total Free Space: 222519258
Max   Chunk Size: 222519258
Number of Blocks: 1
Av.  Block  Size: 222519258
Tree      Height: 1
, 0.0255140 secs] [Times: user=0.06 sys=0.00, real=0.02 secs] 
Heap after GC invocations=99 (full 3):
 par new generation   total 153344K, used 6756K [0x0000000080000000, 0x000000008a660000, 0x000000008a660000)
  eden space 136320K,   0% used [0x0000000080000000, 0x0000000080000000, 0x0000000088520000)
  from space 17024K,  39% used [0x00000000895c0000, 0x0000000089c593a0, 0x000000008a660000)
  to   space 17024K,   0% used [0x0000000088520000, 0x0000000088520000, 0x00000000895c0000)
 concurrent mark-sweep generation total 1926784K, used 187085K [0x000000008a660000, 0x0000000100000000, 0x0000000100000000)
 Metaspace       used 83808K, capacity 89231K, committed 89556K, reserved 1128448K
  class space    used 10271K, capacity 10642K, committed 10740K, reserved 1048576K
}
2017-08-01T00:40:06.039+0000: 6518.067: Total time for which application threads were stopped: 0.0258092 seconds, Stopping threads took: 0.0000682 seconds
2017-08-01T00:40:38.043+0000: 6550.071: Total time for which application threads were stopped: 0.0001381 seconds, Stopping threads took: 0.0000423 seconds
2017-08-01T00:40:39.043+0000: 6551.071: Total time for which application threads were stopped: 0.0001339 seconds, Stopping threads took: 0.0000381 seconds
2017-08-01T00:41:28.054+0000: 6600.081: Total time for which application threads were stopped: 0.0001527 seconds, Stopping threads took: 0.0000405 seconds
{Heap before GC invocations=99 (full 3):
 par new generation   total 153344K, used 143076K [0x0000000080000000, 0x000000008a660000, 0x000000008a660000)
  eden space 136320K, 100% used [0x0000000080000000, 0x0000000088520000, 0x0000000088520000)
  from space 17024K,  39% used [0x00000000895c0000, 0x0000000089c593a0, 0x000000008a660000)
  to   space 17024K,   0% used [0x0000000088520000, 0x0000000088520000, 0x00000000895c0000)
 concurrent mark-sweep generation total 1926784K, used 187085K [0x000000008a660000, 0x0000000100000000, 0x0000000100000000)
 Metaspace       used 83809K, capacity 89231K, committed 89556K, reserved 1128448K
  class space    used 10271K, capacity 10642K, committed 10740K, reserved 1048576K
2017-08-01T00:41:34.904+0000: 6606.932: [GC (Allocation Failure) Before GC:
Statistics for BinaryTreeDictionary:
------------------------------------
Total Free Space: 222519258
Max   Chunk Size: 222519258
Number of Blocks: 1
Av.  Block  Size: 222519258
Tree      Height: 1
2017-08-01T00:41:34.904+0000: 6606.932: [ParNew
Desired survivor size 8716288 bytes, new threshold 6 (max 6)
- age   1:    1274576 bytes,    1274576 total
- age   2:     736488 bytes,    2011064 total
- age   3:     627856 bytes,    2638920 total
- age   4:     672680 bytes,    3311600 total
- age   5:     638800 bytes,    3950400 total
- age   6:     619136 bytes,    4569536 total
: 143076K->6733K(153344K), 0.0245648 secs] 330162K->194416K(2080128K)After GC:
Statistics for BinaryTreeDictionary:
------------------------------------
Total Free Space: 222443321
Max   Chunk Size: 222443321
Number of Blocks: 1
Av.  Block  Size: 222443321
Tree      Height: 1
, 0.0246728 secs] [Times: user=0.06 sys=0.00, real=0.02 secs] 
Heap after GC invocations=100 (full 3):
 par new generation   total 153344K, used 6733K [0x0000000080000000, 0x000000008a660000, 0x000000008a660000)
  eden space 136320K,   0% used [0x0000000080000000, 0x0000000080000000, 0x0000000088520000)
  from space 17024K,  39% used [0x0000000088520000, 0x0000000088bb3400, 0x00000000895c0000)
  to   space 17024K,   0% used [0x00000000895c0000, 0x00000000895c0000, 0x000000008a660000)
 concurrent mark-sweep generation total 1926784K, used 187683K [0x000000008a660000, 0x0000000100000000, 0x0000000100000000)
 Metaspace       used 83809K, capacity 89231K, committed 89556K, reserved 1128448K
  class space    used 10271K, capacity 10642K, committed 10740K, reserved 1048576K
}
2017-08-01T00:41:34.929+0000: 6606.956: Total time for which application threads were stopped: 0.0249421 seconds, Stopping threads took: 0.0000627 seconds
2017-08-01T00:42:23.943+0000: 6655.970: Total time for which application threads were stopped: 0.0001804 seconds, Stopping threads took: 0.0000838 seconds
2017-08-01T00:42:46.945+0000: 6678.973: Total time for which application threads were stopped: 0.0001625 seconds, Stopping threads took: 0.0000599 seconds
{Heap before GC invocations=100 (full 3):
 par new generation   total 153344K, used 143053K [0x0000000080000000, 0x000000008a660000, 0x000000008a660000)
  eden space 136320K, 100% used [0x0000000080000000, 0x0000000088520000, 0x0000000088520000)
  from space 17024K,  39% used [0x0000000088520000, 0x0000000088bb3400, 0x00000000895c0000)
  to   space 17024K,   0% used [0x00000000895c0000, 0x00000000895c0000, 0x000000008a660000)
 concurrent mark-sweep generation total 1926784K, used 187683K [0x000000008a660000, 0x0000000100000000, 0x0000000100000000)
 Metaspace       used 83810K, capacity 89231K, committed 89556K, reserved 1128448K
  class space    used 10271K, capacity 10642K, committed 10740K, reserved 1048576K
2017-08-01T00:43:11.094+0000: 6703.122: [GC (Allocation Failure) Before GC:
Statistics for BinaryTreeDictionary:
------------------------------------
Total Free Space: 222443321
Max   Chunk Size: 222443321
Number of Blocks: 1
Av.  Block  Size: 222443321
Tree      Height: 1
2017-08-01T00:43:11.094+0000: 6703.122: [ParNew
Desired survivor size 8716288 bytes, new threshold 6 (max 6)
- age   1:    1324264 bytes,    1324264 total
- age   2:     686872 bytes,    2011136 total
- age   3:     668360 bytes,    2679496 total
- age   4:     602824 bytes,    3282320 total
- age   5:     656416 bytes,    3938736 total
- age   6:     629016 bytes,    4567752 total
: 143053K->6699K(153344K), 0.0237973 secs] 330736K->194990K(2080128K)After GC:
Statistics for BinaryTreeDictionary:
------------------------------------
Total Free Space: 222363617
Max   Chunk Size: 222363617
Number of Blocks: 1
Av.  Block  Size: 222363617
Tree      Height: 1
, 0.0238897 secs] [Times: user=0.06 sys=0.00, real=0.02 secs] 
Heap after GC invocations=101 (full 3):
 par new generation   total 153344K, used 6699K [0x0000000080000000, 0x000000008a660000, 0x000000008a660000)
  eden space 136320K,   0% used [0x0000000080000000, 0x0000000080000000, 0x0000000088520000)
  from space 17024K,  39% used [0x00000000895c0000, 0x0000000089c4ae58, 0x000000008a660000)
  to   space 17024K,   0% used [0x0000000088520000, 0x0000000088520000, 0x00000000895c0000)
 concurrent mark-sweep generation total 1926784K, used 188291K [0x000000008a660000, 0x0000000100000000, 0x0000000100000000)
 Metaspace       used 83810K, capacity 89231K, committed 89556K, reserved 1128448K
  class space    used 10271K, capacity 10642K, committed 10740K, reserved 1048576K
}
2017-08-01T00:43:11.118+0000: 6703.146: Total time for which application threads were stopped: 0.0241530 seconds, Stopping threads took: 0.0000479 seconds
2017-08-01T00:43:48.382+0000: 6740.410: Total time for which application threads were stopped: 0.0001792 seconds, Stopping threads took: 0.0000561 seconds
2017-08-01T00:44:09.385+0000: 6761.413: Total time for which application threads were stopped: 0.0001664 seconds, Stopping threads took: 0.0000399 seconds
{Heap before GC invocations=101 (full 3):
 par new generation   total 153344K, used 143019K [0x0000000080000000, 0x000000008a660000, 0x000000008a660000)
  eden space 136320K, 100% used [0x0000000080000000, 0x0000000088520000, 0x0000000088520000)
  from space 17024K,  39% used [0x00000000895c0000, 0x0000000089c4ae58, 0x000000008a660000)
  to   space 17024K,   0% used [0x0000000088520000, 0x0000000088520000, 0x00000000895c0000)
 concurrent mark-sweep generation total 1926784K, used 188291K [0x000000008a660000, 0x0000000100000000, 0x0000000100000000)
 Metaspace       used 83811K, capacity 89231K, committed 89556K, reserved 1128448K
  class space    used 10271K, capacity 10642K, committed 10740K, reserved 1048576K
2017-08-01T00:44:36.086+0000: 6788.114: [GC (Allocation Failure) Before GC:
Statistics for BinaryTreeDictionary:
------------------------------------
Total Free Space: 222363617
Max   Chunk Size: 222363617
Number of Blocks: 1
Av.  Block  Size: 222363617
Tree      Height: 1
2017-08-01T00:44:36.086+0000: 6788.114: [ParNew
Desired survivor size 8716288 bytes, new threshold 6 (max 6)
- age   1:    1362288 bytes,    1362288 total
- age   2:     749648 bytes,    2111936 total
- age   3:     630736 bytes,    2742672 total
- age   4:     641632 bytes,    3384304 total
- age   5:     587808 bytes,    3972112 total
- age   6:     645392 bytes,    4617504 total
: 143019K->6686K(153344K), 0.0248287 secs] 331310K->195594K(2080128K)After GC:
Statistics for BinaryTreeDictionary:
------------------------------------
Total Free Space: 222287079
Max   Chunk Size: 222287079
Number of Blocks: 1
Av.  Block  Size: 222287079
Tree      Height: 1
, 0.0249116 secs] [Times: user=0.06 sys=0.00, real=0.03 secs] 
Heap after GC invocations=102 (full 3):
 par new generation   total 153344K, used 6686K [0x0000000080000000, 0x000000008a660000, 0x000000008a660000)
  eden space 136320K,   0% used [0x0000000080000000, 0x0000000080000000, 0x0000000088520000)
  from space 17024K,  39% used [0x0000000088520000, 0x0000000088ba78d8, 0x00000000895c0000)
  to   space 17024K,   0% used [0x00000000895c0000, 0x00000000895c0000, 0x000000008a660000)
 concurrent mark-sweep generation total 1926784K, used 188908K [0x000000008a660000, 0x0000000100000000, 0x0000000100000000)
 Metaspace       used 83811K, capacity 89231K, committed 89556K, reserved 1128448K
  class space    used 10271K, capacity 10642K, committed 10740K, reserved 1048576K
}
2017-08-01T00:44:36.111+0000: 6788.139: Total time for which application threads were stopped: 0.0251862 seconds, Stopping threads took: 0.0000655 seconds
{Heap before GC invocations=102 (full 3):
 par new generation   total 153344K, used 143006K [0x0000000080000000, 0x000000008a660000, 0x000000008a660000)
  eden space 136320K, 100% used [0x0000000080000000, 0x0000000088520000, 0x0000000088520000)
  from space 17024K,  39% used [0x0000000088520000, 0x0000000088ba78d8, 0x00000000895c0000)
  to   space 17024K,   0% used [0x00000000895c0000, 0x00000000895c0000, 0x000000008a660000)
 concurrent mark-sweep generation total 1926784K, used 188908K [0x000000008a660000, 0x0000000100000000, 0x0000000100000000)
 Metaspace       used 83812K, capacity 89231K, committed 89556K, reserved 1128448K
  class space    used 10271K, capacity 10642K, committed 10740K, reserved 1048576K
2017-08-01T00:46:10.343+0000: 6882.371: [GC (Allocation Failure) Before GC:
Statistics for BinaryTreeDictionary:
------------------------------------
Total Free Space: 222287079
Max   Chunk Size: 222287079
Number of Blocks: 1
Av.  Block  Size: 222287079
Tree      Height: 1
2017-08-01T00:46:10.343+0000: 6882.371: [ParNew
Desired survivor size 8716288 bytes, new threshold 6 (max 6)
- age   1:    1356680 bytes,    1356680 total
- age   2:     762528 bytes,    2119208 total
- age   3:     686000 bytes,    2805208 total
- age   4:     602752 bytes,    3407960 total
- age   5:     623824 bytes,    4031784 total
- age   6:     578296 bytes,    4610080 total
: 143006K->6741K(153344K), 0.0244574 secs] 331914K->196285K(2080128K)After GC:
Statistics for BinaryTreeDictionary:
------------------------------------
Total Free Space: 222203164
Max   Chunk Size: 222203164
Number of Blocks: 1
Av.  Block  Size: 222203164
Tree      Height: 1
, 0.0245709 secs] [Times: user=0.07 sys=0.00, real=0.02 secs] 
Heap after GC invocations=103 (full 3):
 par new generation   total 153344K, used 6741K [0x0000000080000000, 0x000000008a660000, 0x000000008a660000)
  eden space 136320K,   0% used [0x0000000080000000, 0x0000000080000000, 0x0000000088520000)
  from space 17024K,  39% used [0x00000000895c0000, 0x0000000089c554c8, 0x000000008a660000)
  to   space 17024K,   0% used [0x0000000088520000, 0x0000000088520000, 0x00000000895c0000)
 concurrent mark-sweep generation total 1926784K, used 189543K [0x000000008a660000, 0x0000000100000000, 0x0000000100000000)
 Metaspace       used 83812K, capacity 89231K, committed 89556K, reserved 1128448K
  class space    used 10271K, capacity 10642K, committed 10740K, reserved 1048576K
}
2017-08-01T00:46:10.368+0000: 6882.395: Total time for which application threads were stopped: 0.0248065 seconds, Stopping threads took: 0.0000428 seconds
2017-08-01T00:46:58.373+0000: 6930.401: Total time for which application threads were stopped: 0.0001629 seconds, Stopping threads took: 0.0000396 seconds
{Heap before GC invocations=103 (full 3):
 par new generation   total 153344K, used 143061K [0x0000000080000000, 0x000000008a660000, 0x000000008a660000)
  eden space 136320K, 100% used [0x0000000080000000, 0x0000000088520000, 0x0000000088520000)
  from space 17024K,  39% used [0x00000000895c0000, 0x0000000089c554c8, 0x000000008a660000)
  to   space 17024K,   0% used [0x0000000088520000, 0x0000000088520000, 0x00000000895c0000)
 concurrent mark-sweep generation total 1926784K, used 189543K [0x000000008a660000, 0x0000000100000000, 0x0000000100000000)
 Metaspace       used 83812K, capacity 89231K, committed 89556K, reserved 1128448K
  class space    used 10271K, capacity 10642K, committed 10740K, reserved 1048576K
2017-08-01T00:47:36.495+0000: 6968.523: [GC (Allocation Failure) Before GC:
Statistics for BinaryTreeDictionary:
------------------------------------
Total Free Space: 222203164
Max   Chunk Size: 222203164
Number of Blocks: 1
Av.  Block  Size: 222203164
Tree      Height: 1
2017-08-01T00:47:36.495+0000: 6968.523: [ParNew
Desired survivor size 8716288 bytes, new threshold 6 (max 6)
- age   1:    1245560 bytes,    1245560 total
- age   2:     768856 bytes,    2014416 total
- age   3:     708312 bytes,    2722728 total
- age   4:     660696 bytes,    3383424 total
- age   5:     588368 bytes,    3971792 total
- age   6:     613288 bytes,    4585080 total
: 143061K->6743K(153344K), 0.0232953 secs] 332605K->196855K(2080128K)After GC:
Statistics for BinaryTreeDictionary:
------------------------------------
Total Free Space: 222134405
Max   Chunk Size: 222134405
Number of Blocks: 1
Av.  Block  Size: 222134405
Tree      Height: 1
, 0.0233818 secs] [Times: user=0.06 sys=0.00, real=0.02 secs] 
Heap after GC invocations=104 (full 3):
 par new generation   total 153344K, used 6743K [0x0000000080000000, 0x000000008a660000, 0x000000008a660000)
  eden space 136320K,   0% used [0x0000000080000000, 0x0000000080000000, 0x0000000088520000)
  from space 17024K,  39% used [0x0000000088520000, 0x0000000088bb5eb0, 0x00000000895c0000)
  to   space 17024K,   0% used [0x00000000895c0000, 0x00000000895c0000, 0x000000008a660000)
 concurrent mark-sweep generation total 1926784K, used 190112K [0x000000008a660000, 0x0000000100000000, 0x0000000100000000)
 Metaspace       used 83812K, capacity 89231K, committed 89556K, reserved 1128448K
  class space    used 10271K, capacity 10642K, committed 10740K, reserved 1048576K
}
2017-08-01T00:47:36.519+0000: 6968.546: Total time for which application threads were stopped: 0.0236201 seconds, Stopping threads took: 0.0000389 seconds
2017-08-01T00:48:23.523+0000: 7015.551: Total time for which application threads were stopped: 0.0002693 seconds, Stopping threads took: 0.0001182 seconds
{Heap before GC invocations=104 (full 3):
 par new generation   total 153344K, used 143063K [0x0000000080000000, 0x000000008a660000, 0x000000008a660000)
  eden space 136320K, 100% used [0x0000000080000000, 0x0000000088520000, 0x0000000088520000)
  from space 17024K,  39% used [0x0000000088520000, 0x0000000088bb5eb0, 0x00000000895c0000)
  to   space 17024K,   0% used [0x00000000895c0000, 0x00000000895c0000, 0x000000008a660000)
 concurrent mark-sweep generation total 1926784K, used 190112K [0x000000008a660000, 0x0000000100000000, 0x0000000100000000)
 Metaspace       used 83813K, capacity 89231K, committed 89556K, reserved 1128448K
  class space    used 10271K, capacity 10642K, committed 10740K, reserved 1048576K
2017-08-01T00:49:13.239+0000: 7065.267: [GC (Allocation Failure) Before GC:
Statistics for BinaryTreeDictionary:
------------------------------------
Total Free Space: 222134405
Max   Chunk Size: 222134405
Number of Blocks: 1
Av.  Block  Size: 222134405
Tree      Height: 1
2017-08-01T00:49:13.239+0000: 7065.267: [ParNew
Desired survivor size 8716288 bytes, new threshold 6 (max 6)
- age   1:    1317184 bytes,    1317184 total
- age   2:     710616 bytes,    2027800 total
- age   3:     695280 bytes,    2723080 total
- age   4:     682576 bytes,    3405656 total
- age   5:     644200 bytes,    4049856 total
- age   6:     578384 bytes,    4628240 total
: 143063K->6719K(153344K), 0.0232907 secs] 333175K->197433K(2080128K)After GC:
Statistics for BinaryTreeDictionary:
------------------------------------
Total Free Space: 222056866
Max   Chunk Size: 222056866
Number of Blocks: 1
Av.  Block  Size: 222056866
Tree      Height: 1
, 0.0233856 secs] [Times: user=0.06 sys=0.00, real=0.03 secs] 
Heap after GC invocations=105 (full 3):
 par new generation   total 153344K, used 6719K [0x0000000080000000, 0x000000008a660000, 0x000000008a660000)
  eden space 136320K,   0% used [0x0000000080000000, 0x0000000080000000, 0x0000000088520000)
  from space 17024K,  39% used [0x00000000895c0000, 0x0000000089c4ff58, 0x000000008a660000)
  to   space 17024K,   0% used [0x0000000088520000, 0x0000000088520000, 0x00000000895c0000)
 concurrent mark-sweep generation total 1926784K, used 190714K [0x000000008a660000, 0x0000000100000000, 0x0000000100000000)
 Metaspace       used 83813K, capacity 89231K, committed 89556K, reserved 1128448K
  class space    used 10271K, capacity 10642K, committed 10740K, reserved 1048576K
}
2017-08-01T00:49:13.263+0000: 7065.291: Total time for which application threads were stopped: 0.0236812 seconds, Stopping threads took: 0.0000951 seconds
2017-08-01T00:49:41.266+0000: 7093.294: Total time for which application threads were stopped: 0.0001315 seconds, Stopping threads took: 0.0000390 seconds
{Heap before GC invocations=105 (full 3):
 par new generation   total 153344K, used 143039K [0x0000000080000000, 0x000000008a660000, 0x000000008a660000)
  eden space 136320K, 100% used [0x0000000080000000, 0x0000000088520000, 0x0000000088520000)
  from space 17024K,  39% used [0x00000000895c0000, 0x0000000089c4ff58, 0x000000008a660000)
  to   space 17024K,   0% used [0x0000000088520000, 0x0000000088520000, 0x00000000895c0000)
 concurrent mark-sweep generation total 1926784K, used 190714K [0x000000008a660000, 0x0000000100000000, 0x0000000100000000)
 Metaspace       used 83813K, capacity 89231K, committed 89556K, reserved 1128448K
  class space    used 10271K, capacity 10642K, committed 10740K, reserved 1048576K
2017-08-01T00:50:40.540+0000: 7152.568: [GC (Allocation Failure) Before GC:
Statistics for BinaryTreeDictionary:
------------------------------------
Total Free Space: 222056866
Max   Chunk Size: 222056866
Number of Blocks: 1
Av.  Block  Size: 222056866
Tree      Height: 1
2017-08-01T00:50:40.540+0000: 7152.568: [ParNew
Desired survivor size 8716288 bytes, new threshold 6 (max 6)
- age   1:    1237544 bytes,    1237544 total
- age   2:     771992 bytes,    2009536 total
- age   3:     654744 bytes,    2664280 total
- age   4:     669976 bytes,    3334256 total
- age   5:     668560 bytes,    4002816 total
- age   6:     633968 bytes,    4636784 total
: 143039K->6758K(153344K), 0.0233825 secs] 333753K->198041K(2080128K)After GC:
Statistics for BinaryTreeDictionary:
------------------------------------
Total Free Space: 221978908
Max   Chunk Size: 221978908
Number of Blocks: 1
Av.  Block  Size: 221978908
Tree      Height: 1
, 0.0234842 secs] [Times: user=0.06 sys=0.00, real=0.03 secs] 
Heap after GC invocations=106 (full 3):
 par new generation   total 153344K, used 6758K [0x0000000080000000, 0x000000008a660000, 0x000000008a660000)
  eden space 136320K,   0% used [0x0000000080000000, 0x0000000080000000, 0x0000000088520000)
  from space 17024K,  39% used [0x0000000088520000, 0x0000000088bb98c0, 0x00000000895c0000)
  to   space 17024K,   0% used [0x00000000895c0000, 0x00000000895c0000, 0x000000008a660000)
 concurrent mark-sweep generation total 1926784K, used 191283K [0x000000008a660000, 0x0000000100000000, 0x0000000100000000)
 Metaspace       used 83813K, capacity 89231K, committed 89556K, reserved 1128448K
  class space    used 10271K, capacity 10642K, committed 10740K, reserved 1048576K
}
2017-08-01T00:50:40.564+0000: 7152.591: Total time for which application threads were stopped: 0.0237703 seconds, Stopping threads took: 0.0000923 seconds
2017-08-01T00:51:23.569+0000: 7195.597: Total time for which application threads were stopped: 0.0001599 seconds, Stopping threads took: 0.0000665 seconds
2017-08-01T00:51:27.570+0000: 7199.597: Total time for which application threads were stopped: 0.0001294 seconds, Stopping threads took: 0.0000382 seconds
{Heap before GC invocations=106 (full 3):
 par new generation   total 153344K, used 143078K [0x0000000080000000, 0x000000008a660000, 0x000000008a660000)
  eden space 136320K, 100% used [0x0000000080000000, 0x0000000088520000, 0x0000000088520000)
  from space 17024K,  39% used [0x0000000088520000, 0x0000000088bb98c0, 0x00000000895c0000)
  to   space 17024K,   0% used [0x00000000895c0000, 0x00000000895c0000, 0x000000008a660000)
 concurrent mark-sweep generation total 1926784K, used 191283K [0x000000008a660000, 0x0000000100000000, 0x0000000100000000)
 Metaspace       used 83813K, capacity 89231K, committed 89556K, reserved 1128448K
  class space    used 10271K, capacity 10642K, committed 10740K, reserved 1048576K
2017-08-01T00:52:11.494+0000: 7243.521: [GC (Allocation Failure) Before GC:
Statistics for BinaryTreeDictionary:
------------------------------------
Total Free Space: 221978908
Max   Chunk Size: 221978908
Number of Blocks: 1
Av.  Block  Size: 221978908
Tree      Height: 1
2017-08-01T00:52:11.494+0000: 7243.521: [ParNew
Desired survivor size 8716288 bytes, new threshold 6 (max 6)
- age   1:    1526176 bytes,    1526176 total
- age   2:     671800 bytes,    2197976 total
- age   3:     692304 bytes,    2890280 total
- age   4:     624648 bytes,    3514928 total
- age   5:     653032 bytes,    4167960 total
- age   6:     654440 bytes,    4822400 total
: 143078K->6779K(153344K), 0.0249112 secs] 334361K->198686K(2080128K)After GC:
Statistics for BinaryTreeDictionary:
------------------------------------
Total Free Space: 221901764
Max   Chunk Size: 221901764
Number of Blocks: 1
Av.  Block  Size: 221901764
Tree      Height: 1
, 0.0250056 secs] [Times: user=0.06 sys=0.00, real=0.02 secs] 
Heap after GC invocations=107 (full 3):
 par new generation   total 153344K, used 6779K [0x0000000080000000, 0x000000008a660000, 0x000000008a660000)
  eden space 136320K,   0% used [0x0000000080000000, 0x0000000080000000, 0x0000000088520000)
  from space 17024K,  39% used [0x00000000895c0000, 0x0000000089c5ecf0, 0x000000008a660000)
  to   space 17024K,   0% used [0x0000000088520000, 0x0000000088520000, 0x00000000895c0000)
 concurrent mark-sweep generation total 1926784K, used 191906K [0x000000008a660000, 0x0000000100000000, 0x0000000100000000)
 Metaspace       used 83813K, capacity 89231K, committed 89556K, reserved 1128448K
  class space    used 10271K, capacity 10642K, committed 10740K, reserved 1048576K
}
2017-08-01T00:52:11.519+0000: 7243.546: Total time for which application threads were stopped: 0.0252469 seconds, Stopping threads took: 0.0000497 seconds
2017-08-01T00:52:27.523+0000: 7259.550: Total time for which application threads were stopped: 0.0001564 seconds, Stopping threads took: 0.0000551 seconds
{Heap before GC invocations=107 (full 3):
 par new generation   total 153344K, used 143099K [0x0000000080000000, 0x000000008a660000, 0x000000008a660000)
  eden space 136320K, 100% used [0x0000000080000000, 0x0000000088520000, 0x0000000088520000)
  from space 17024K,  39% used [0x00000000895c0000, 0x0000000089c5ecf0, 0x000000008a660000)
  to   space 17024K,   0% used [0x0000000088520000, 0x0000000088520000, 0x00000000895c0000)
 concurrent mark-sweep generation total 1926784K, used 191906K [0x000000008a660000, 0x0000000100000000, 0x0000000100000000)
 Metaspace       used 83817K, capacity 89231K, committed 89556K, reserved 1128448K
  class space    used 10271K, capacity 10642K, committed 10740K, reserved 1048576K
2017-08-01T00:53:38.120+0000: 7330.148: [GC (Allocation Failure) Before GC:
Statistics for BinaryTreeDictionary:
------------------------------------
Total Free Space: 221901764
Max   Chunk Size: 221901764
Number of Blocks: 1
Av.  Block  Size: 221901764
Tree      Height: 1
2017-08-01T00:53:38.120+0000: 7330.148: [ParNew
Desired survivor size 8716288 bytes, new threshold 6 (max 6)
- age   1:    1181048 bytes,    1181048 total
- age   2:     922560 bytes,    2103608 total
- age   3:     622712 bytes,    2726320 total
- age   4:     672280 bytes,    3398600 total
- age   5:     612072 bytes,    4010672 total
- age   6:     643880 bytes,    4654552 total
: 143099K->6987K(153344K), 0.0236750 secs] 335006K->199537K(2080128K)After GC:
Statistics for BinaryTreeDictionary:
------------------------------------
Total Free Space: 221818183
Max   Chunk Size: 221818183
Number of Blocks: 1
Av.  Block  Size: 221818183
Tree      Height: 1
, 0.0237531 secs] [Times: user=0.06 sys=0.00, real=0.03 secs] 
Heap after GC invocations=108 (full 3):
 par new generation   total 153344K, used 6987K [0x0000000080000000, 0x000000008a660000, 0x000000008a660000)
  eden space 136320K,   0% used [0x0000000080000000, 0x0000000080000000, 0x0000000088520000)
  from space 17024K,  41% used [0x0000000088520000, 0x0000000088bf2c40, 0x00000000895c0000)
  to   space 17024K,   0% used [0x00000000895c0000, 0x00000000895c0000, 0x000000008a660000)
 concurrent mark-sweep generation total 1926784K, used 192550K [0x000000008a660000, 0x0000000100000000, 0x0000000100000000)
 Metaspace       used 83817K, capacity 89231K, committed 89556K, reserved 1128448K
  class space    used 10271K, capacity 10642K, committed 10740K, reserved 1048576K
}
2017-08-01T00:53:38.144+0000: 7330.172: Total time for which application threads were stopped: 0.0240138 seconds, Stopping threads took: 0.0000657 seconds
{Heap before GC invocations=108 (full 3):
 par new generation   total 153344K, used 143307K [0x0000000080000000, 0x000000008a660000, 0x000000008a660000)
  eden space 136320K, 100% used [0x0000000080000000, 0x0000000088520000, 0x0000000088520000)
  from space 17024K,  41% used [0x0000000088520000, 0x0000000088bf2c40, 0x00000000895c0000)
  to   space 17024K,   0% used [0x00000000895c0000, 0x00000000895c0000, 0x000000008a660000)
 concurrent mark-sweep generation total 1926784K, used 192550K [0x000000008a660000, 0x0000000100000000, 0x0000000100000000)
 Metaspace       used 83819K, capacity 89231K, committed 89556K, reserved 1128448K
  class space    used 10271K, capacity 10642K, committed 10740K, reserved 1048576K
2017-08-01T00:55:14.073+0000: 7426.100: [GC (Allocation Failure) Before GC:
Statistics for BinaryTreeDictionary:
------------------------------------
Total Free Space: 221818183
Max   Chunk Size: 221818183
Number of Blocks: 1
Av.  Block  Size: 221818183
Tree      Height: 1
2017-08-01T00:55:14.073+0000: 7426.100: [ParNew
Desired survivor size 8716288 bytes, new threshold 6 (max 6)
- age   1:    1272480 bytes,    1272480 total
- age   2:     584960 bytes,    1857440 total
- age   3:     808752 bytes,    2666192 total
- age   4:     605688 bytes,    3271880 total
- age   5:     656064 bytes,    3927944 total
- age   6:     604168 bytes,    4532112 total
: 143307K->6857K(153344K), 0.0227683 secs] 335857K->200041K(2080128K)After GC:
Statistics for BinaryTreeDictionary:
------------------------------------
Total Free Space: 221739393
Max   Chunk Size: 221739393
Number of Blocks: 1
Av.  Block  Size: 221739393
Tree      Height: 1
, 0.0228579 secs] [Times: user=0.06 sys=0.00, real=0.02 secs] 
Heap after GC invocations=109 (full 3):
 par new generation   total 153344K, used 6857K [0x0000000080000000, 0x000000008a660000, 0x000000008a660000)
  eden space 136320K,   0% used [0x0000000080000000, 0x0000000080000000, 0x0000000088520000)
  from space 17024K,  40% used [0x00000000895c0000, 0x0000000089c72488, 0x000000008a660000)
  to   space 17024K,   0% used [0x0000000088520000, 0x0000000088520000, 0x00000000895c0000)
 concurrent mark-sweep generation total 1926784K, used 193184K [0x000000008a660000, 0x0000000100000000, 0x0000000100000000)
 Metaspace       used 83819K, capacity 89231K, committed 89556K, reserved 1128448K
  class space    used 10271K, capacity 10642K, committed 10740K, reserved 1048576K
}
2017-08-01T00:55:14.096+0000: 7426.123: Total time for which application threads were stopped: 0.0240184 seconds, Stopping threads took: 0.0009791 seconds
2017-08-01T00:55:27.097+0000: 7439.125: Total time for which application threads were stopped: 0.0001472 seconds, Stopping threads took: 0.0000605 seconds
2017-08-01T00:55:39.100+0000: 7451.127: Total time for which application threads were stopped: 0.0001521 seconds, Stopping threads took: 0.0000396 seconds
2017-08-01T00:55:40.100+0000: 7452.128: Total time for which application threads were stopped: 0.0001349 seconds, Stopping threads took: 0.0000405 seconds
2017-08-01T00:56:27.105+0000: 7499.132: Total time for which application threads were stopped: 0.0001210 seconds, Stopping threads took: 0.0000362 seconds
{Heap before GC invocations=109 (full 3):
 par new generation   total 153344K, used 143177K [0x0000000080000000, 0x000000008a660000, 0x000000008a660000)
  eden space 136320K, 100% used [0x0000000080000000, 0x0000000088520000, 0x0000000088520000)
  from space 17024K,  40% used [0x00000000895c0000, 0x0000000089c72488, 0x000000008a660000)
  to   space 17024K,   0% used [0x0000000088520000, 0x0000000088520000, 0x00000000895c0000)
 concurrent mark-sweep generation total 1926784K, used 193184K [0x000000008a660000, 0x0000000100000000, 0x0000000100000000)
 Metaspace       used 83824K, capacity 89231K, committed 89556K, reserved 1128448K
  class space    used 10271K, capacity 10642K, committed 10740K, reserved 1048576K
2017-08-01T00:56:44.097+0000: 7516.125: [GC (Allocation Failure) Before GC:
Statistics for BinaryTreeDictionary:
------------------------------------
Total Free Space: 221739393
Max   Chunk Size: 221739393
Number of Blocks: 1
Av.  Block  Size: 221739393
Tree      Height: 1
2017-08-01T00:56:44.097+0000: 7516.125: [ParNew
Desired survivor size 8716288 bytes, new threshold 6 (max 6)
- age   1:    1136240 bytes,    1136240 total
- age   2:     652160 bytes,    1788400 total
- age   3:     528552 bytes,    2316952 total
- age   4:     757256 bytes,    3074208 total
- age   5:     592968 bytes,    3667176 total
- age   6:     647856 bytes,    4315032 total
: 143177K->6687K(153344K), 0.0225954 secs] 336361K->200466K(2080128K)After GC:
Statistics for BinaryTreeDictionary:
------------------------------------
Total Free Space: 221660883
Max   Chunk Size: 221660883
Number of Blocks: 1
Av.  Block  Size: 221660883
Tree      Height: 1
, 0.0227057 secs] [Times: user=0.05 sys=0.00, real=0.02 secs] 
Heap after GC invocations=110 (full 3):
 par new generation   total 153344K, used 6687K [0x0000000080000000, 0x000000008a660000, 0x000000008a660000)
  eden space 136320K,   0% used [0x0000000080000000, 0x0000000080000000, 0x0000000088520000)
  from space 17024K,  39% used [0x0000000088520000, 0x0000000088ba7cd8, 0x00000000895c0000)
  to   space 17024K,   0% used [0x00000000895c0000, 0x00000000895c0000, 0x000000008a660000)
 concurrent mark-sweep generation total 1926784K, used 193779K [0x000000008a660000, 0x0000000100000000, 0x0000000100000000)
 Metaspace       used 83824K, capacity 89231K, committed 89556K, reserved 1128448K
  class space    used 10271K, capacity 10642K, committed 10740K, reserved 1048576K
}
2017-08-01T00:56:44.120+0000: 7516.147: Total time for which application threads were stopped: 0.0229571 seconds, Stopping threads took: 0.0000658 seconds
2017-08-01T00:57:27.132+0000: 7559.160: Total time for which application threads were stopped: 0.0001496 seconds, Stopping threads took: 0.0000396 seconds
2017-08-01T00:57:59.135+0000: 7591.163: Total time for which application threads were stopped: 0.0001599 seconds, Stopping threads took: 0.0000398 seconds
{Heap before GC invocations=110 (full 3):
 par new generation   total 153344K, used 143007K [0x0000000080000000, 0x000000008a660000, 0x000000008a660000)
  eden space 136320K, 100% used [0x0000000080000000, 0x0000000088520000, 0x0000000088520000)
  from space 17024K,  39% used [0x0000000088520000, 0x0000000088ba7cd8, 0x00000000895c0000)
  to   space 17024K,   0% used [0x00000000895c0000, 0x00000000895c0000, 0x000000008a660000)
 concurrent mark-sweep generation total 1926784K, used 193779K [0x000000008a660000, 0x0000000100000000, 0x0000000100000000)
 Metaspace       used 83840K, capacity 89231K, committed 89556K, reserved 1128448K
  class space    used 10271K, capacity 10642K, committed 10740K, reserved 1048576K
2017-08-01T00:58:21.776+0000: 7613.804: [GC (Allocation Failure) Before GC:
Statistics for BinaryTreeDictionary:
------------------------------------
Total Free Space: 221660883
Max   Chunk Size: 221660883
Number of Blocks: 1
Av.  Block  Size: 221660883
Tree      Height: 1
2017-08-01T00:58:21.776+0000: 7613.804: [ParNew
Desired survivor size 8716288 bytes, new threshold 6 (max 6)
- age   1:    1234104 bytes,    1234104 total
- age   2:     579656 bytes,    1813760 total
- age   3:     575312 bytes,    2389072 total
- age   4:     492808 bytes,    2881880 total
- age   5:     729528 bytes,    3611408 total
- age   6:     583944 bytes,    4195352 total
: 143007K->6408K(153344K), 0.0232669 secs] 336786K->200824K(2080128K)After GC:
Statistics for BinaryTreeDictionary:
------------------------------------
Total Free Space: 221581064
Max   Chunk Size: 221581064
Number of Blocks: 1
Av.  Block  Size: 221581064
Tree      Height: 1
, 0.0233461 secs] [Times: user=0.06 sys=0.00, real=0.02 secs] 
Heap after GC invocations=111 (full 3):
 par new generation   total 153344K, used 6408K [0x0000000080000000, 0x000000008a660000, 0x000000008a660000)
  eden space 136320K,   0% used [0x0000000080000000, 0x0000000080000000, 0x0000000088520000)
  from space 17024K,  37% used [0x00000000895c0000, 0x0000000089c02280, 0x000000008a660000)
  to   space 17024K,   0% used [0x0000000088520000, 0x0000000088520000, 0x00000000895c0000)
 concurrent mark-sweep generation total 1926784K, used 194415K [0x000000008a660000, 0x0000000100000000, 0x0000000100000000)
 Metaspace       used 83840K, capacity 89231K, committed 89556K, reserved 1128448K
  class space    used 10271K, capacity 10642K, committed 10740K, reserved 1048576K
}
2017-08-01T00:58:21.800+0000: 7613.828: Total time for which application threads were stopped: 0.0235886 seconds, Stopping threads took: 0.0000516 seconds
2017-08-01T00:58:27.801+0000: 7619.828: Total time for which application threads were stopped: 0.0001397 seconds, Stopping threads took: 0.0000424 seconds
2017-08-01T00:58:46.803+0000: 7638.830: Total time for which application threads were stopped: 0.0001972 seconds, Stopping threads took: 0.0000728 seconds
2017-08-01T00:58:57.804+0000: 7649.832: Total time for which application threads were stopped: 0.0001499 seconds, Stopping threads took: 0.0000389 seconds
2017-08-01T00:59:02.805+0000: 7654.832: Total time for which application threads were stopped: 0.0001400 seconds, Stopping threads took: 0.0000431 seconds
2017-08-01T00:59:27.807+0000: 7679.835: Total time for which application threads were stopped: 0.0001731 seconds, Stopping threads took: 0.0000577 seconds
{Heap before GC invocations=111 (full 3):
 par new generation   total 153344K, used 142728K [0x0000000080000000, 0x000000008a660000, 0x000000008a660000)
  eden space 136320K, 100% used [0x0000000080000000, 0x0000000088520000, 0x0000000088520000)
  from space 17024K,  37% used [0x00000000895c0000, 0x0000000089c02280, 0x000000008a660000)
  to   space 17024K,   0% used [0x0000000088520000, 0x0000000088520000, 0x00000000895c0000)
 concurrent mark-sweep generation total 1926784K, used 194415K [0x000000008a660000, 0x0000000100000000, 0x0000000100000000)
 Metaspace       used 83872K, capacity 89231K, committed 89556K, reserved 1128448K
  class space    used 10271K, capacity 10642K, committed 10740K, reserved 1048576K
2017-08-01T00:59:51.886+0000: 7703.913: [GC (Allocation Failure) Before GC:
Statistics for BinaryTreeDictionary:
------------------------------------
Total Free Space: 221581064
Max   Chunk Size: 221581064
Number of Blocks: 1
Av.  Block  Size: 221581064
Tree      Height: 1
2017-08-01T00:59:51.886+0000: 7703.913: [ParNew
Desired survivor size 8716288 bytes, new threshold 6 (max 6)
- age   1:    1196992 bytes,    1196992 total
- age   2:     622128 bytes,    1819120 total
- age   3:     520920 bytes,    2340040 total
- age   4:     538464 bytes,    2878504 total
- age   5:     472048 bytes,    3350552 total
- age   6:     717080 bytes,    4067632 total
: 142728K->6204K(153344K), 0.0228421 secs] 337144K->201195K(2080128K)After GC:
Statistics for BinaryTreeDictionary:
------------------------------------
Total Free Space: 221504781
Max   Chunk Size: 221504781
Number of Blocks: 1
Av.  Block  Size: 221504781
Tree      Height: 1
, 0.0229298 secs] [Times: user=0.05 sys=0.00, real=0.02 secs] 
Heap after GC invocations=112 (full 3):
 par new generation   total 153344K, used 6204K [0x0000000080000000, 0x000000008a660000, 0x000000008a660000)
  eden space 136320K,   0% used [0x0000000080000000, 0x0000000080000000, 0x0000000088520000)
  from space 17024K,  36% used [0x0000000088520000, 0x0000000088b2f2b8, 0x00000000895c0000)
  to   space 17024K,   0% used [0x00000000895c0000, 0x00000000895c0000, 0x000000008a660000)
 concurrent mark-sweep generation total 1926784K, used 194990K [0x000000008a660000, 0x0000000100000000, 0x0000000100000000)
 Metaspace       used 83872K, capacity 89231K, committed 89556K, reserved 1128448K
  class space    used 10271K, capacity 10642K, committed 10740K, reserved 1048576K
}
2017-08-01T00:59:51.909+0000: 7703.936: Total time for which application threads were stopped: 0.0231580 seconds, Stopping threads took: 0.0000470 seconds
2017-08-01T00:59:53.909+0000: 7705.937: Total time for which application threads were stopped: 0.0001672 seconds, Stopping threads took: 0.0000757 seconds
2017-08-01T00:59:58.910+0000: 7710.938: Total time for which application threads were stopped: 0.0001338 seconds, Stopping threads took: 0.0000405 seconds
2017-08-01T01:00:02.916+0000: 7714.944: Total time for which application threads were stopped: 0.0001387 seconds, Stopping threads took: 0.0000453 seconds
2017-08-01T01:00:23.919+0000: 7735.946: Total time for which application threads were stopped: 0.0001564 seconds, Stopping threads took: 0.0000421 seconds
2017-08-01T01:00:27.919+0000: 7739.947: Total time for which application threads were stopped: 0.0001550 seconds, Stopping threads took: 0.0000516 seconds
2017-08-01T01:00:46.921+0000: 7758.949: Total time for which application threads were stopped: 0.0001396 seconds, Stopping threads took: 0.0000497 seconds
2017-08-01T01:01:02.923+0000: 7774.951: Total time for which application threads were stopped: 0.0002299 seconds, Stopping threads took: 0.0000654 seconds
2017-08-01T01:01:23.925+0000: 7795.953: Total time for which application threads were stopped: 0.0001489 seconds, Stopping threads took: 0.0000534 seconds
2017-08-01T01:01:27.926+0000: 7799.954: Total time for which application threads were stopped: 0.0001660 seconds, Stopping threads took: 0.0000606 seconds
{Heap before GC invocations=112 (full 3):
 par new generation   total 153344K, used 142524K [0x0000000080000000, 0x000000008a660000, 0x000000008a660000)
  eden space 136320K, 100% used [0x0000000080000000, 0x0000000088520000, 0x0000000088520000)
  from space 17024K,  36% used [0x0000000088520000, 0x0000000088b2f2b8, 0x00000000895c0000)
  to   space 17024K,   0% used [0x00000000895c0000, 0x00000000895c0000, 0x000000008a660000)
 concurrent mark-sweep generation total 1926784K, used 194990K [0x000000008a660000, 0x0000000100000000, 0x0000000100000000)
 Metaspace       used 83908K, capacity 89295K, committed 89556K, reserved 1128448K
  class space    used 10271K, capacity 10642K, committed 10740K, reserved 1048576K
2017-08-01T01:01:28.371+0000: 7800.399: [GC (Allocation Failure) Before GC:
Statistics for BinaryTreeDictionary:
------------------------------------
Total Free Space: 221504781
Max   Chunk Size: 221504781
Number of Blocks: 1
Av.  Block  Size: 221504781
Tree      Height: 1
2017-08-01T01:01:28.371+0000: 7800.399: [ParNew
Desired survivor size 8716288 bytes, new threshold 6 (max 6)
- age   1:    1270336 bytes,    1270336 total
- age   2:     581752 bytes,    1852088 total
- age   3:     552304 bytes,    2404392 total
- age   4:     481792 bytes,    2886184 total
- age   5:     517320 bytes,    3403504 total
- age   6:     460056 bytes,    3863560 total
: 142524K->6015K(153344K), 0.0228980 secs] 337515K->201709K(2080128K)After GC:
Statistics for BinaryTreeDictionary:
------------------------------------
Total Free Space: 221416243
Max   Chunk Size: 221416243
Number of Blocks: 1
Av.  Block  Size: 221416243
Tree      Height: 1
, 0.0229814 secs] [Times: user=0.06 sys=0.00, real=0.02 secs] 
Heap after GC invocations=113 (full 3):
 par new generation   total 153344K, used 6015K [0x0000000080000000, 0x000000008a660000, 0x000000008a660000)
  eden space 136320K,   0% used [0x0000000080000000, 0x0000000080000000, 0x0000000088520000)
  from space 17024K,  35% used [0x00000000895c0000, 0x0000000089b9fff0, 0x000000008a660000)
  to   space 17024K,   0% used [0x0000000088520000, 0x0000000088520000, 0x00000000895c0000)
 concurrent mark-sweep generation total 1926784K, used 195693K [0x000000008a660000, 0x0000000100000000, 0x0000000100000000)
 Metaspace       used 83908K, capacity 89295K, committed 89556K, reserved 1128448K
  class space    used 10271K, capacity 10642K, committed 10740K, reserved 1048576K
}
2017-08-01T01:01:28.394+0000: 7800.422: Total time for which application threads were stopped: 0.0232394 seconds, Stopping threads took: 0.0000553 seconds
2017-08-01T01:01:57.397+0000: 7829.425: Total time for which application threads were stopped: 0.0001499 seconds, Stopping threads took: 0.0000406 seconds
2017-08-01T01:02:02.398+0000: 7834.426: Total time for which application threads were stopped: 0.0001242 seconds, Stopping threads took: 0.0000365 seconds
2017-08-01T01:02:41.405+0000: 7873.433: Total time for which application threads were stopped: 0.0001723 seconds, Stopping threads took: 0.0000518 seconds
{Heap before GC invocations=113 (full 3):
 par new generation   total 153344K, used 142335K [0x0000000080000000, 0x000000008a660000, 0x000000008a660000)
  eden space 136320K, 100% used [0x0000000080000000, 0x0000000088520000, 0x0000000088520000)
  from space 17024K,  35% used [0x00000000895c0000, 0x0000000089b9fff0, 0x000000008a660000)
  to   space 17024K,   0% used [0x0000000088520000, 0x0000000088520000, 0x00000000895c0000)
 concurrent mark-sweep generation total 1926784K, used 195693K [0x000000008a660000, 0x0000000100000000, 0x0000000100000000)
 Metaspace       used 83909K, capacity 89295K, committed 89556K, reserved 1128448K
  class space    used 10271K, capacity 10642K, committed 10740K, reserved 1048576K
2017-08-01T01:02:55.689+0000: 7887.717: [GC (Allocation Failure) Before GC:
Statistics for BinaryTreeDictionary:
------------------------------------
Total Free Space: 221416243
Max   Chunk Size: 221416243
Number of Blocks: 1
Av.  Block  Size: 221416243
Tree      Height: 1
2017-08-01T01:02:55.689+0000: 7887.717: [ParNew
Desired survivor size 8716288 bytes, new threshold 6 (max 6)
- age   1:    1170832 bytes,    1170832 total
- age   2:     660704 bytes,    1831536 total
- age   3:     523688 bytes,    2355224 total
- age   4:     517528 bytes,    2872752 total
- age   5:     464048 bytes,    3336800 total
- age   6:     506432 bytes,    3843232 total
: 142335K->5741K(153344K), 0.0218326 secs] 338029K->201886K(2080128K)After GC:
Statistics for BinaryTreeDictionary:
------------------------------------
Total Free Space: 221359044
Max   Chunk Size: 221359044
Number of Blocks: 1
Av.  Block  Size: 221359044
Tree      Height: 1
, 0.0219371 secs] [Times: user=0.05 sys=0.00, real=0.03 secs] 
Heap after GC invocations=114 (full 3):
 par new generation   total 153344K, used 5741K [0x0000000080000000, 0x000000008a660000, 0x000000008a660000)
  eden space 136320K,   0% used [0x0000000080000000, 0x0000000080000000, 0x0000000088520000)
  from space 17024K,  33% used [0x0000000088520000, 0x0000000088abb7d8, 0x00000000895c0000)
  to   space 17024K,   0% used [0x00000000895c0000, 0x00000000895c0000, 0x000000008a660000)
 concurrent mark-sweep generation total 1926784K, used 196144K [0x000000008a660000, 0x0000000100000000, 0x0000000100000000)
 Metaspace       used 83909K, capacity 89295K, committed 89556K, reserved 1128448K
  class space    used 10271K, capacity 10642K, committed 10740K, reserved 1048576K
}
2017-08-01T01:02:55.711+0000: 7887.739: Total time for which application threads were stopped: 0.0222188 seconds, Stopping threads took: 0.0000889 seconds
2017-08-01T01:02:57.712+0000: 7889.740: Total time for which application threads were stopped: 0.0001375 seconds, Stopping threads took: 0.0000417 seconds
{Heap before GC invocations=114 (full 3):
 par new generation   total 153344K, used 142061K [0x0000000080000000, 0x000000008a660000, 0x000000008a660000)
  eden space 136320K, 100% used [0x0000000080000000, 0x0000000088520000, 0x0000000088520000)
  from space 17024K,  33% used [0x0000000088520000, 0x0000000088abb7d8, 0x00000000895c0000)
  to   space 17024K,   0% used [0x00000000895c0000, 0x00000000895c0000, 0x000000008a660000)
 concurrent mark-sweep generation total 1926784K, used 196144K [0x000000008a660000, 0x0000000100000000, 0x0000000100000000)
 Metaspace       used 83910K, capacity 89295K, committed 89556K, reserved 1128448K
  class space    used 10271K, capacity 10642K, committed 10740K, reserved 1048576K
2017-08-01T01:04:30.927+0000: 7982.955: [GC (Allocation Failure) Before GC:
Statistics for BinaryTreeDictionary:
------------------------------------
Total Free Space: 221359044
Max   Chunk Size: 221359044
Number of Blocks: 1
Av.  Block  Size: 221359044
Tree      Height: 1
2017-08-01T01:04:30.927+0000: 7982.955: [ParNew
Desired survivor size 8716288 bytes, new threshold 6 (max 6)
- age   1:    1245008 bytes,    1245008 total
- age   2:     622344 bytes,    1867352 total
- age   3:     588240 bytes,    2455592 total
- age   4:     495176 bytes,    2950768 total
- age   5:     501832 bytes,    3452600 total
- age   6:     454872 bytes,    3907472 total
: 142061K->5654K(153344K), 0.0299257 secs] 338206K->202297K(2080128K)After GC:
Statistics for BinaryTreeDictionary:
------------------------------------
Total Free Space: 221292117
Max   Chunk Size: 221292117
Number of Blocks: 1
Av.  Block  Size: 221292117
Tree      Height: 1
, 0.0300228 secs] [Times: user=0.06 sys=0.00, real=0.03 secs] 
Heap after GC invocations=115 (full 3):
 par new generation   total 153344K, used 5654K [0x0000000080000000, 0x000000008a660000, 0x000000008a660000)
  eden space 136320K,   0% used [0x0000000080000000, 0x0000000080000000, 0x0000000088520000)
  from space 17024K,  33% used [0x00000000895c0000, 0x0000000089b45838, 0x000000008a660000)
  to   space 17024K,   0% used [0x0000000088520000, 0x0000000088520000, 0x00000000895c0000)
 concurrent mark-sweep generation total 1926784K, used 196643K [0x000000008a660000, 0x0000000100000000, 0x0000000100000000)
 Metaspace       used 83910K, capacity 89295K, committed 89556K, reserved 1128448K
  class space    used 10271K, capacity 10642K, committed 10740K, reserved 1048576K
}
2017-08-01T01:04:30.957+0000: 7982.985: Total time for which application threads were stopped: 0.0302803 seconds, Stopping threads took: 0.0000349 seconds
2017-08-01T01:05:02.961+0000: 8014.989: Total time for which application threads were stopped: 0.0001402 seconds, Stopping threads took: 0.0000429 seconds
{Heap before GC invocations=115 (full 3):
 par new generation   total 153344K, used 141974K [0x0000000080000000, 0x000000008a660000, 0x000000008a660000)
  eden space 136320K, 100% used [0x0000000080000000, 0x0000000088520000, 0x0000000088520000)
  from space 17024K,  33% used [0x00000000895c0000, 0x0000000089b45838, 0x000000008a660000)
  to   space 17024K,   0% used [0x0000000088520000, 0x0000000088520000, 0x00000000895c0000)
 concurrent mark-sweep generation total 1926784K, used 196643K [0x000000008a660000, 0x0000000100000000, 0x0000000100000000)
 Metaspace       used 83910K, capacity 89295K, committed 89556K, reserved 1128448K
  class space    used 10271K, capacity 10642K, committed 10740K, reserved 1048576K
2017-08-01T01:06:00.859+0000: 8072.887: [GC (Allocation Failure) Before GC:
Statistics for BinaryTreeDictionary:
------------------------------------
Total Free Space: 221292117
Max   Chunk Size: 221292117
Number of Blocks: 1
Av.  Block  Size: 221292117
Tree      Height: 1
2017-08-01T01:06:00.859+0000: 8072.887: [ParNew
Desired survivor size 8716288 bytes, new threshold 6 (max 6)
- age   1:    1314656 bytes,    1314656 total
- age   2:     709368 bytes,    2024024 total
- age   3:     565936 bytes,    2589960 total
- age   4:     560096 bytes,    3150056 total
- age   5:     481552 bytes,    3631608 total
- age   6:     492456 bytes,    4124064 total
: 141974K->5700K(153344K), 0.0232908 secs] 338617K->202792K(2080128K)After GC:
Statistics for BinaryTreeDictionary:
------------------------------------
Total Free Space: 221237737
Max   Chunk Size: 221237737
Number of Blocks: 1
Av.  Block  Size: 221237737
Tree      Height: 1
, 0.0233831 secs] [Times: user=0.06 sys=0.00, real=0.03 secs] 
Heap after GC invocations=116 (full 3):
 par new generation   total 153344K, used 5700K [0x0000000080000000, 0x000000008a660000, 0x000000008a660000)
  eden space 136320K,   0% used [0x0000000080000000, 0x0000000080000000, 0x0000000088520000)
  from space 17024K,  33% used [0x0000000088520000, 0x0000000088ab1180, 0x00000000895c0000)
  to   space 17024K,   0% used [0x00000000895c0000, 0x00000000895c0000, 0x000000008a660000)
 concurrent mark-sweep generation total 1926784K, used 197091K [0x000000008a660000, 0x0000000100000000, 0x0000000100000000)
 Metaspace       used 83910K, capacity 89295K, committed 89556K, reserved 1128448K
  class space    used 10271K, capacity 10642K, committed 10740K, reserved 1048576K
}
2017-08-01T01:06:00.883+0000: 8072.910: Total time for which application threads were stopped: 0.0236240 seconds, Stopping threads took: 0.0000359 seconds
2017-08-01T01:06:20.887+0000: 8092.914: Total time for which application threads were stopped: 0.0001662 seconds, Stopping threads took: 0.0000552 seconds
2017-08-01T01:06:31.888+0000: 8103.916: Total time for which application threads were stopped: 0.0001343 seconds, Stopping threads took: 0.0000401 seconds
{Heap before GC invocations=116 (full 3):
 par new generation   total 153344K, used 142020K [0x0000000080000000, 0x000000008a660000, 0x000000008a660000)
  eden space 136320K, 100% used [0x0000000080000000, 0x0000000088520000, 0x0000000088520000)
  from space 17024K,  33% used [0x0000000088520000, 0x0000000088ab1180, 0x00000000895c0000)
  to   space 17024K,   0% used [0x00000000895c0000, 0x00000000895c0000, 0x000000008a660000)
 concurrent mark-sweep generation total 1926784K, used 197091K [0x000000008a660000, 0x0000000100000000, 0x0000000100000000)
 Metaspace       used 83912K, capacity 89295K, committed 89556K, reserved 1128448K
  class space    used 10271K, capacity 10642K, committed 10740K, reserved 1048576K
2017-08-01T01:07:30.938+0000: 8162.966: [GC (Allocation Failure) Before GC:
Statistics for BinaryTreeDictionary:
------------------------------------
Total Free Space: 221237737
Max   Chunk Size: 221237737
Number of Blocks: 1
Av.  Block  Size: 221237737
Tree      Height: 1
2017-08-01T01:07:30.939+0000: 8162.966: [ParNew
Desired survivor size 8716288 bytes, new threshold 6 (max 6)
- age   1:    1239864 bytes,    1239864 total
- age   2:     706424 bytes,    1946288 total
- age   3:     647984 bytes,    2594272 total
- age   4:     535648 bytes,    3129920 total
- age   5:     542536 bytes,    3672456 total
- age   6:     472640 bytes,    4145096 total
: 142020K->5950K(153344K), 0.0377719 secs] 339112K->203526K(2080128K)After GC:
Statistics for BinaryTreeDictionary:
------------------------------------
Total Free Space: 221176505
Max   Chunk Size: 221176505
Number of Blocks: 1
Av.  Block  Size: 221176505
Tree      Height: 1
, 0.0378885 secs] [Times: user=0.04 sys=0.00, real=0.04 secs] 
Heap after GC invocations=117 (full 3):
 par new generation   total 153344K, used 5950K [0x0000000080000000, 0x000000008a660000, 0x000000008a660000)
  eden space 136320K,   0% used [0x0000000080000000, 0x0000000080000000, 0x0000000088520000)
  from space 17024K,  34% used [0x00000000895c0000, 0x0000000089b8fbc8, 0x000000008a660000)
  to   space 17024K,   0% used [0x0000000088520000, 0x0000000088520000, 0x00000000895c0000)
 concurrent mark-sweep generation total 1926784K, used 197575K [0x000000008a660000, 0x0000000100000000, 0x0000000100000000)
 Metaspace       used 83912K, capacity 89295K, committed 89556K, reserved 1128448K
  class space    used 10271K, capacity 10642K, committed 10740K, reserved 1048576K
}
2017-08-01T01:07:30.976+0000: 8163.004: Total time for which application threads were stopped: 0.0381506 seconds, Stopping threads took: 0.0000461 seconds
2017-08-01T01:08:53.990+0000: 8246.018: Total time for which application threads were stopped: 0.0001479 seconds, Stopping threads took: 0.0000376 seconds
2017-08-01T01:08:57.991+0000: 8250.018: Total time for which application threads were stopped: 0.0001710 seconds, Stopping threads took: 0.0000663 seconds
{Heap before GC invocations=117 (full 3):
 par new generation   total 153344K, used 142270K [0x0000000080000000, 0x000000008a660000, 0x000000008a660000)
  eden space 136320K, 100% used [0x0000000080000000, 0x0000000088520000, 0x0000000088520000)
  from space 17024K,  34% used [0x00000000895c0000, 0x0000000089b8fbc8, 0x000000008a660000)
  to   space 17024K,   0% used [0x0000000088520000, 0x0000000088520000, 0x00000000895c0000)
 concurrent mark-sweep generation total 1926784K, used 197575K [0x000000008a660000, 0x0000000100000000, 0x0000000100000000)
 Metaspace       used 83912K, capacity 89295K, committed 89556K, reserved 1128448K
  class space    used 10271K, capacity 10642K, committed 10740K, reserved 1048576K
2017-08-01T01:09:03.736+0000: 8255.764: [GC (Allocation Failure) Before GC:
Statistics for BinaryTreeDictionary:
------------------------------------
Total Free Space: 221176505
Max   Chunk Size: 221176505
Number of Blocks: 1
Av.  Block  Size: 221176505
Tree      Height: 1
2017-08-01T01:09:03.736+0000: 8255.764: [ParNew
Desired survivor size 8716288 bytes, new threshold 6 (max 6)
- age   1:    1305120 bytes,    1305120 total
- age   2:     711976 bytes,    2017096 total
- age   3:     642936 bytes,    2660032 total
- age   4:     618760 bytes,    3278792 total
- age   5:     522144 bytes,    3800936 total
- age   6:     531816 bytes,    4332752 total
: 142270K->6037K(153344K), 0.0222438 secs] 339846K->204077K(2080128K)After GC:
Statistics for BinaryTreeDictionary:
------------------------------------
Total Free Space: 221115525
Max   Chunk Size: 221115525
Number of Blocks: 1
Av.  Block  Size: 221115525
Tree      Height: 1
, 0.0223317 secs] [Times: user=0.06 sys=0.00, real=0.02 secs] 
Heap after GC invocations=118 (full 3):
 par new generation   total 153344K, used 6037K [0x0000000080000000, 0x000000008a660000, 0x000000008a660000)
  eden space 136320K,   0% used [0x0000000080000000, 0x0000000080000000, 0x0000000088520000)
  from space 17024K,  35% used [0x0000000088520000, 0x0000000088b05480, 0x00000000895c0000)
  to   space 17024K,   0% used [0x00000000895c0000, 0x00000000895c0000, 0x000000008a660000)
 concurrent mark-sweep generation total 1926784K, used 198040K [0x000000008a660000, 0x0000000100000000, 0x0000000100000000)
 Metaspace       used 83912K, capacity 89295K, committed 89556K, reserved 1128448K
  class space    used 10271K, capacity 10642K, committed 10740K, reserved 1048576K
}
2017-08-01T01:09:03.758+0000: 8255.786: Total time for which application threads were stopped: 0.0226044 seconds, Stopping threads took: 0.0000687 seconds
{Heap before GC invocations=118 (full 3):
 par new generation   total 153344K, used 142357K [0x0000000080000000, 0x000000008a660000, 0x000000008a660000)
  eden space 136320K, 100% used [0x0000000080000000, 0x0000000088520000, 0x0000000088520000)
  from space 17024K,  35% used [0x0000000088520000, 0x0000000088b05480, 0x00000000895c0000)
  to   space 17024K,   0% used [0x00000000895c0000, 0x00000000895c0000, 0x000000008a660000)
 concurrent mark-sweep generation total 1926784K, used 198040K [0x000000008a660000, 0x0000000100000000, 0x0000000100000000)
 Metaspace       used 83912K, capacity 89295K, committed 89556K, reserved 1128448K
  class space    used 10271K, capacity 10642K, committed 10740K, reserved 1048576K
2017-08-01T01:10:30.939+0000: 8342.966: [GC (Allocation Failure) Before GC:
Statistics for BinaryTreeDictionary:
------------------------------------
Total Free Space: 221115525
Max   Chunk Size: 221115525
Number of Blocks: 1
Av.  Block  Size: 221115525
Tree      Height: 1
2017-08-01T01:10:30.939+0000: 8342.966: [ParNew
Desired survivor size 8716288 bytes, new threshold 6 (max 6)
- age   1:    1252408 bytes,    1252408 total
- age   2:     766328 bytes,    2018736 total
- age   3:     654584 bytes,    2673320 total
- age   4:     618256 bytes,    3291576 total
- age   5:     603896 bytes,    3895472 total
- age   6:     512360 bytes,    4407832 total
: 142357K->6263K(153344K), 0.0372279 secs] 340397K->204825K(2080128K)After GC:
Statistics for BinaryTreeDictionary:
------------------------------------
Total Free Space: 221050160
Max   Chunk Size: 221050160
Number of Blocks: 1
Av.  Block  Size: 221050160
Tree      Height: 1
, 0.0373258 secs] [Times: user=0.07 sys=0.00, real=0.04 secs] 
Heap after GC invocations=119 (full 3):
 par new generation   total 153344K, used 6263K [0x0000000080000000, 0x000000008a660000, 0x000000008a660000)
  eden space 136320K,   0% used [0x0000000080000000, 0x0000000080000000, 0x0000000088520000)
  from space 17024K,  36% used [0x00000000895c0000, 0x0000000089bddd60, 0x000000008a660000)
  to   space 17024K,   0% used [0x0000000088520000, 0x0000000088520000, 0x00000000895c0000)
 concurrent mark-sweep generation total 1926784K, used 198562K [0x000000008a660000, 0x0000000100000000, 0x0000000100000000)
 Metaspace       used 83912K, capacity 89295K, committed 89556K, reserved 1128448K
  class space    used 10271K, capacity 10642K, committed 10740K, reserved 1048576K
}
2017-08-01T01:10:30.976+0000: 8343.004: Total time for which application threads were stopped: 0.0381549 seconds, Stopping threads took: 0.0005993 seconds
{Heap before GC invocations=119 (full 3):
 par new generation   total 153344K, used 142583K [0x0000000080000000, 0x000000008a660000, 0x000000008a660000)
  eden space 136320K, 100% used [0x0000000080000000, 0x0000000088520000, 0x0000000088520000)
  from space 17024K,  36% used [0x00000000895c0000, 0x0000000089bddd60, 0x000000008a660000)
  to   space 17024K,   0% used [0x0000000088520000, 0x0000000088520000, 0x00000000895c0000)
 concurrent mark-sweep generation total 1926784K, used 198562K [0x000000008a660000, 0x0000000100000000, 0x0000000100000000)
 Metaspace       used 83912K, capacity 89295K, committed 89556K, reserved 1128448K
  class space    used 10271K, capacity 10642K, committed 10740K, reserved 1048576K
2017-08-01T01:12:08.087+0000: 8440.115: [GC (Allocation Failure) Before GC:
Statistics for BinaryTreeDictionary:
------------------------------------
Total Free Space: 221050160
Max   Chunk Size: 221050160
Number of Blocks: 1
Av.  Block  Size: 221050160
Tree      Height: 1
2017-08-01T01:12:08.087+0000: 8440.115: [ParNew
Desired survivor size 8716288 bytes, new threshold 6 (max 6)
- age   1:    1336064 bytes,    1336064 total
- age   2:     725056 bytes,    2061120 total
- age   3:     703616 bytes,    2764736 total
- age   4:     626880 bytes,    3391616 total
- age   5:     601480 bytes,    3993096 total
- age   6:     594944 bytes,    4588040 total
: 142583K->6405K(153344K), 0.0242045 secs] 341145K->205471K(2080128K)After GC:
Statistics for BinaryTreeDictionary:
------------------------------------
Total Free Space: 220985930
Max   Chunk Size: 220985930
Number of Blocks: 1
Av.  Block  Size: 220985930
Tree      Height: 1
, 0.0242936 secs] [Times: user=0.06 sys=0.00, real=0.03 secs] 
Heap after GC invocations=120 (full 3):
 par new generation   total 153344K, used 6405K [0x0000000080000000, 0x000000008a660000, 0x000000008a660000)
  eden space 136320K,   0% used [0x0000000080000000, 0x0000000080000000, 0x0000000088520000)
  from space 17024K,  37% used [0x0000000088520000, 0x0000000088b61468, 0x00000000895c0000)
  to   space 17024K,   0% used [0x00000000895c0000, 0x00000000895c0000, 0x000000008a660000)
 concurrent mark-sweep generation total 1926784K, used 199066K [0x000000008a660000, 0x0000000100000000, 0x0000000100000000)
 Metaspace       used 83912K, capacity 89295K, committed 89556K, reserved 1128448K
  class space    used 10271K, capacity 10642K, committed 10740K, reserved 1048576K
}
2017-08-01T01:12:08.112+0000: 8440.139: Total time for which application threads were stopped: 0.0245365 seconds, Stopping threads took: 0.0000508 seconds
2017-08-01T01:12:09.112+0000: 8441.140: Total time for which application threads were stopped: 0.0001384 seconds, Stopping threads took: 0.0000482 seconds
{Heap before GC invocations=120 (full 3):
 par new generation   total 153344K, used 142725K [0x0000000080000000, 0x000000008a660000, 0x000000008a660000)
  eden space 136320K, 100% used [0x0000000080000000, 0x0000000088520000, 0x0000000088520000)
  from space 17024K,  37% used [0x0000000088520000, 0x0000000088b61468, 0x00000000895c0000)
  to   space 17024K,   0% used [0x00000000895c0000, 0x00000000895c0000, 0x000000008a660000)
 concurrent mark-sweep generation total 1926784K, used 199066K [0x000000008a660000, 0x0000000100000000, 0x0000000100000000)
 Metaspace       used 83912K, capacity 89295K, committed 89556K, reserved 1128448K
  class space    used 10271K, capacity 10642K, committed 10740K, reserved 1048576K
2017-08-01T01:13:38.375+0000: 8530.402: [GC (Allocation Failure) Before GC:
Statistics for BinaryTreeDictionary:
------------------------------------
Total Free Space: 220985930
Max   Chunk Size: 220985930
Number of Blocks: 1
Av.  Block  Size: 220985930
Tree      Height: 1
2017-08-01T01:13:38.375+0000: 8530.403: [ParNew
Desired survivor size 8716288 bytes, new threshold 6 (max 6)
- age   1:    1263352 bytes,    1263352 total
- age   2:     752568 bytes,    2015920 total
- age   3:     673256 bytes,    2689176 total
- age   4:     679560 bytes,    3368736 total
- age   5:     612968 bytes,    3981704 total
- age   6:     589416 bytes,    4571120 total
: 142725K->6635K(153344K), 0.0226150 secs] 341791K->206287K(2080128K)After GC:
Statistics for BinaryTreeDictionary:
------------------------------------
Total Free Space: 220908458
Max   Chunk Size: 220908458
Number of Blocks: 1
Av.  Block  Size: 220908458
Tree      Height: 1
, 0.0227026 secs] [Times: user=0.06 sys=0.00, real=0.02 secs] 
Heap after GC invocations=121 (full 3):
 par new generation   total 153344K, used 6635K [0x0000000080000000, 0x000000008a660000, 0x000000008a660000)
  eden space 136320K,   0% used [0x0000000080000000, 0x0000000080000000, 0x0000000088520000)
  from space 17024K,  38% used [0x00000000895c0000, 0x0000000089c3ae08, 0x000000008a660000)
  to   space 17024K,   0% used [0x0000000088520000, 0x0000000088520000, 0x00000000895c0000)
 concurrent mark-sweep generation total 1926784K, used 199651K [0x000000008a660000, 0x0000000100000000, 0x0000000100000000)
 Metaspace       used 83912K, capacity 89295K, committed 89556K, reserved 1128448K
  class space    used 10271K, capacity 10642K, committed 10740K, reserved 1048576K
}
2017-08-01T01:13:38.398+0000: 8530.425: Total time for which application threads were stopped: 0.0229949 seconds, Stopping threads took: 0.0000994 seconds
2017-08-01T01:14:52.407+0000: 8604.434: Total time for which application threads were stopped: 0.0001643 seconds, Stopping threads took: 0.0000552 seconds
{Heap before GC invocations=121 (full 3):
 par new generation   total 153344K, used 142955K [0x0000000080000000, 0x000000008a660000, 0x000000008a660000)
  eden space 136320K, 100% used [0x0000000080000000, 0x0000000088520000, 0x0000000088520000)
  from space 17024K,  38% used [0x00000000895c0000, 0x0000000089c3ae08, 0x000000008a660000)
  to   space 17024K,   0% used [0x0000000088520000, 0x0000000088520000, 0x00000000895c0000)
 concurrent mark-sweep generation total 1926784K, used 199651K [0x000000008a660000, 0x0000000100000000, 0x0000000100000000)
 Metaspace       used 83913K, capacity 89295K, committed 89556K, reserved 1128448K
  class space    used 10271K, capacity 10642K, committed 10740K, reserved 1048576K
2017-08-01T01:15:18.243+0000: 8630.271: [GC (Allocation Failure) Before GC:
Statistics for BinaryTreeDictionary:
------------------------------------
Total Free Space: 220908458
Max   Chunk Size: 220908458
Number of Blocks: 1
Av.  Block  Size: 220908458
Tree      Height: 1
2017-08-01T01:15:18.243+0000: 8630.271: [ParNew
Desired survivor size 8716288 bytes, new threshold 6 (max 6)
- age   1:    1322328 bytes,    1322328 total
- age   2:     694736 bytes,    2017064 total
- age   3:     690080 bytes,    2707144 total
- age   4:     644952 bytes,    3352096 total
- age   5:     663496 bytes,    4015592 total
- age   6:     600984 bytes,    4616576 total
: 142955K->8897K(153344K), 0.0270734 secs] 342607K->209130K(2080128K)After GC:
Statistics for BinaryTreeDictionary:
------------------------------------
Total Free Space: 220837828
Max   Chunk Size: 220837828
Number of Blocks: 1
Av.  Block  Size: 220837828
Tree      Height: 1
, 0.0271646 secs] [Times: user=0.06 sys=0.00, real=0.03 secs] 
Heap after GC invocations=122 (full 3):
 par new generation   total 153344K, used 8897K [0x0000000080000000, 0x000000008a660000, 0x000000008a660000)
  eden space 136320K,   0% used [0x0000000080000000, 0x0000000080000000, 0x0000000088520000)
  from space 17024K,  52% used [0x0000000088520000, 0x0000000088dd07f8, 0x00000000895c0000)
  to   space 17024K,   0% used [0x00000000895c0000, 0x00000000895c0000, 0x000000008a660000)
 concurrent mark-sweep generation total 1926784K, used 200232K [0x000000008a660000, 0x0000000100000000, 0x0000000100000000)
 Metaspace       used 83913K, capacity 89295K, committed 89556K, reserved 1128448K
  class space    used 10271K, capacity 10642K, committed 10740K, reserved 1048576K
}
2017-08-01T01:15:18.271+0000: 8630.298: Total time for which application threads were stopped: 0.0274080 seconds, Stopping threads took: 0.0000527 seconds
2017-08-01T01:15:24.271+0000: 8636.299: Total time for which application threads were stopped: 0.0001389 seconds, Stopping threads took: 0.0000437 seconds
2017-08-01T01:16:09.277+0000: 8681.304: Total time for which application threads were stopped: 0.0001523 seconds, Stopping threads took: 0.0000409 seconds
{Heap before GC invocations=122 (full 3):
 par new generation   total 153344K, used 145217K [0x0000000080000000, 0x000000008a660000, 0x000000008a660000)
  eden space 136320K, 100% used [0x0000000080000000, 0x0000000088520000, 0x0000000088520000)
  from space 17024K,  52% used [0x0000000088520000, 0x0000000088dd07f8, 0x00000000895c0000)
  to   space 17024K,   0% used [0x00000000895c0000, 0x00000000895c0000, 0x000000008a660000)
 concurrent mark-sweep generation total 1926784K, used 200232K [0x000000008a660000, 0x0000000100000000, 0x0000000100000000)
 Metaspace       used 83914K, capacity 89295K, committed 89556K, reserved 1128448K
  class space    used 10271K, capacity 10642K, committed 10740K, reserved 1048576K
2017-08-01T01:16:48.717+0000: 8720.745: [GC (Allocation Failure) Before GC:
Statistics for BinaryTreeDictionary:
------------------------------------
Total Free Space: 220837828
Max   Chunk Size: 220837828
Number of Blocks: 1
Av.  Block  Size: 220837828
Tree      Height: 1
2017-08-01T01:16:48.718+0000: 8720.745: [ParNew
Desired survivor size 8716288 bytes, new threshold 6 (max 6)
- age   1:    1275336 bytes,    1275336 total
- age   2:     730112 bytes,    2005448 total
- age   3:     647536 bytes,    2652984 total
- age   4:     665288 bytes,    3318272 total
- age   5:     629376 bytes,    3947648 total
- age   6:     651672 bytes,    4599320 total
: 145217K->5604K(153344K), 0.0229585 secs] 345450K->206426K(2080128K)After GC:
Statistics for BinaryTreeDictionary:
------------------------------------
Total Free Space: 220761202
Max   Chunk Size: 220761202
Number of Blocks: 1
Av.  Block  Size: 220761202
Tree      Height: 1
, 0.0230506 secs] [Times: user=0.06 sys=0.00, real=0.03 secs] 
Heap after GC invocations=123 (full 3):
 par new generation   total 153344K, used 5604K [0x0000000080000000, 0x000000008a660000, 0x000000008a660000)
  eden space 136320K,   0% used [0x0000000080000000, 0x0000000080000000, 0x0000000088520000)
  from space 17024K,  32% used [0x00000000895c0000, 0x0000000089b39208, 0x000000008a660000)
  to   space 17024K,   0% used [0x0000000088520000, 0x0000000088520000, 0x00000000895c0000)
 concurrent mark-sweep generation total 1926784K, used 200822K [0x000000008a660000, 0x0000000100000000, 0x0000000100000000)
 Metaspace       used 83914K, capacity 89295K, committed 89556K, reserved 1128448K
  class space    used 10271K, capacity 10642K, committed 10740K, reserved 1048576K
}
2017-08-01T01:16:48.741+0000: 8720.768: Total time for which application threads were stopped: 0.0233195 seconds, Stopping threads took: 0.0000913 seconds
2017-08-01T01:17:02.742+0000: 8734.770: Total time for which application threads were stopped: 0.0001498 seconds, Stopping threads took: 0.0000412 seconds
2017-08-01T01:17:23.745+0000: 8755.773: Total time for which application threads were stopped: 0.0001536 seconds, Stopping threads took: 0.0000396 seconds
{Heap before GC invocations=123 (full 3):
 par new generation   total 153344K, used 141924K [0x0000000080000000, 0x000000008a660000, 0x000000008a660000)
  eden space 136320K, 100% used [0x0000000080000000, 0x0000000088520000, 0x0000000088520000)
  from space 17024K,  32% used [0x00000000895c0000, 0x0000000089b39208, 0x000000008a660000)
  to   space 17024K,   0% used [0x0000000088520000, 0x0000000088520000, 0x00000000895c0000)
 concurrent mark-sweep generation total 1926784K, used 200822K [0x000000008a660000, 0x0000000100000000, 0x0000000100000000)
 Metaspace       used 83914K, capacity 89295K, committed 89556K, reserved 1128448K
  class space    used 10271K, capacity 10642K, committed 10740K, reserved 1048576K
2017-08-01T01:18:26.875+0000: 8818.903: [GC (Allocation Failure) Before GC:
Statistics for BinaryTreeDictionary:
------------------------------------
Total Free Space: 220761202
Max   Chunk Size: 220761202
Number of Blocks: 1
Av.  Block  Size: 220761202
Tree      Height: 1
2017-08-01T01:18:26.875+0000: 8818.903: [ParNew
Desired survivor size 8716288 bytes, new threshold 6 (max 6)
- age   1:    1294600 bytes,    1294600 total
- age   2:     693624 bytes,    1988224 total
- age   3:     668048 bytes,    2656272 total
- age   4:     623432 bytes,    3279704 total
- age   5:     647400 bytes,    3927104 total
- age   6:     616792 bytes,    4543896 total
: 141924K->8129K(153344K), 0.0230325 secs] 342746K->209590K(2080128K)After GC:
Statistics for BinaryTreeDictionary:
------------------------------------
Total Free Space: 220676618
Max   Chunk Size: 220676618
Number of Blocks: 1
Av.  Block  Size: 220676618
Tree      Height: 1
, 0.0231161 secs] [Times: user=0.06 sys=0.00, real=0.02 secs] 
Heap after GC invocations=124 (full 3):
 par new generation   total 153344K, used 8129K [0x0000000080000000, 0x000000008a660000, 0x000000008a660000)
  eden space 136320K,   0% used [0x0000000080000000, 0x0000000080000000, 0x0000000088520000)
  from space 17024K,  47% used [0x0000000088520000, 0x0000000088d10570, 0x00000000895c0000)
  to   space 17024K,   0% used [0x00000000895c0000, 0x00000000895c0000, 0x000000008a660000)
 concurrent mark-sweep generation total 1926784K, used 201461K [0x000000008a660000, 0x0000000100000000, 0x0000000100000000)
 Metaspace       used 83914K, capacity 89295K, committed 89556K, reserved 1128448K
  class space    used 10271K, capacity 10642K, committed 10740K, reserved 1048576K
}
2017-08-01T01:18:26.898+0000: 8818.926: Total time for which application threads were stopped: 0.0233741 seconds, Stopping threads took: 0.0000712 seconds
2017-08-01T01:19:27.905+0000: 8879.933: Total time for which application threads were stopped: 0.0001388 seconds, Stopping threads took: 0.0000402 seconds
{Heap before GC invocations=124 (full 3):
 par new generation   total 153344K, used 144449K [0x0000000080000000, 0x000000008a660000, 0x000000008a660000)
  eden space 136320K, 100% used [0x0000000080000000, 0x0000000088520000, 0x0000000088520000)
  from space 17024K,  47% used [0x0000000088520000, 0x0000000088d10570, 0x00000000895c0000)
  to   space 17024K,   0% used [0x00000000895c0000, 0x00000000895c0000, 0x000000008a660000)
 concurrent mark-sweep generation total 1926784K, used 201461K [0x000000008a660000, 0x0000000100000000, 0x0000000100000000)
 Metaspace       used 83915K, capacity 89295K, committed 89556K, reserved 1128448K
  class space    used 10271K, capacity 10642K, committed 10740K, reserved 1048576K
2017-08-01T01:19:57.331+0000: 8909.359: [GC (Allocation Failure) Before GC:
Statistics for BinaryTreeDictionary:
------------------------------------
Total Free Space: 220676618
Max   Chunk Size: 220676618
Number of Blocks: 1
Av.  Block  Size: 220676618
Tree      Height: 1
2017-08-01T01:19:57.331+0000: 8909.359: [ParNew
Desired survivor size 8716288 bytes, new threshold 6 (max 6)
- age   1:    1267632 bytes,    1267632 total
- age   2:     747880 bytes,    2015512 total
- age   3:     639624 bytes,    2655136 total
- age   4:     641304 bytes,    3296440 total
- age   5:     608368 bytes,    3904808 total
- age   6:     640168 bytes,    4544976 total
: 144449K->5359K(153344K), 0.0226429 secs] 345910K->207426K(2080128K)After GC:
Statistics for BinaryTreeDictionary:
------------------------------------
Total Free Space: 220600303
Max   Chunk Size: 220600303
Number of Blocks: 1
Av.  Block  Size: 220600303
Tree      Height: 1
, 0.0227299 secs] [Times: user=0.05 sys=0.00, real=0.02 secs] 
Heap after GC invocations=125 (full 3):
 par new generation   total 153344K, used 5359K [0x0000000080000000, 0x000000008a660000, 0x000000008a660000)
  eden space 136320K,   0% used [0x0000000080000000, 0x0000000080000000, 0x0000000088520000)
  from space 17024K,  31% used [0x00000000895c0000, 0x0000000089afbd18, 0x000000008a660000)
  to   space 17024K,   0% used [0x0000000088520000, 0x0000000088520000, 0x00000000895c0000)
 concurrent mark-sweep generation total 1926784K, used 202066K [0x000000008a660000, 0x0000000100000000, 0x0000000100000000)
 Metaspace       used 83915K, capacity 89295K, committed 89556K, reserved 1128448K
  class space    used 10271K, capacity 10642K, committed 10740K, reserved 1048576K
}
2017-08-01T01:19:57.354+0000: 8909.381: Total time for which application threads were stopped: 0.0229949 seconds, Stopping threads took: 0.0000462 seconds
{Heap before GC invocations=125 (full 3):
 par new generation   total 153344K, used 141679K [0x0000000080000000, 0x000000008a660000, 0x000000008a660000)
  eden space 136320K, 100% used [0x0000000080000000, 0x0000000088520000, 0x0000000088520000)
  from space 17024K,  31% used [0x00000000895c0000, 0x0000000089afbd18, 0x000000008a660000)
  to   space 17024K,   0% used [0x0000000088520000, 0x0000000088520000, 0x00000000895c0000)
 concurrent mark-sweep generation total 1926784K, used 202066K [0x000000008a660000, 0x0000000100000000, 0x0000000100000000)
 Metaspace       used 83915K, capacity 89295K, committed 89556K, reserved 1128448K
  class space    used 10271K, capacity 10642K, committed 10740K, reserved 1048576K
2017-08-01T01:21:30.940+0000: 9002.968: [GC (Allocation Failure) Before GC:
Statistics for BinaryTreeDictionary:
------------------------------------
Total Free Space: 220600303
Max   Chunk Size: 220600303
Number of Blocks: 1
Av.  Block  Size: 220600303
Tree      Height: 1
2017-08-01T01:21:30.940+0000: 9002.968: [ParNew
Desired survivor size 8716288 bytes, new threshold 6 (max 6)
- age   1:    1206872 bytes,    1206872 total
- age   2:     709136 bytes,    1916008 total
- age   3:     689520 bytes,    2605528 total
- age   4:     613592 bytes,    3219120 total
- age   5:     626504 bytes,    3845624 total
- age   6:     598944 bytes,    4444568 total
: 141679K->5994K(153344K), 0.0379019 secs] 343746K->208690K(2080128K)After GC:
Statistics for BinaryTreeDictionary:
------------------------------------
Total Free Space: 220522078
Max   Chunk Size: 220522078
Number of Blocks: 1
Av.  Block  Size: 220522078
Tree      Height: 1
, 0.0379923 secs] [Times: user=0.07 sys=0.00, real=0.04 secs] 
Heap after GC invocations=126 (full 3):
 par new generation   total 153344K, used 5994K [0x0000000080000000, 0x000000008a660000, 0x000000008a660000)
  eden space 136320K,   0% used [0x0000000080000000, 0x0000000080000000, 0x0000000088520000)
  from space 17024K,  35% used [0x0000000088520000, 0x0000000088afa9a0, 0x00000000895c0000)
  to   space 17024K,   0% used [0x00000000895c0000, 0x00000000895c0000, 0x000000008a660000)
 concurrent mark-sweep generation total 1926784K, used 202696K [0x000000008a660000, 0x0000000100000000, 0x0000000100000000)
 Metaspace       used 83915K, capacity 89295K, committed 89556K, reserved 1128448K
  class space    used 10271K, capacity 10642K, committed 10740K, reserved 1048576K
}
2017-08-01T01:21:30.978+0000: 9003.006: Total time for which application threads were stopped: 0.0382448 seconds, Stopping threads took: 0.0000327 seconds
{Heap before GC invocations=126 (full 3):
 par new generation   total 153344K, used 142314K [0x0000000080000000, 0x000000008a660000, 0x000000008a660000)
  eden space 136320K, 100% used [0x0000000080000000, 0x0000000088520000, 0x0000000088520000)
  from space 17024K,  35% used [0x0000000088520000, 0x0000000088afa9a0, 0x00000000895c0000)
  to   space 17024K,   0% used [0x00000000895c0000, 0x00000000895c0000, 0x000000008a660000)
 concurrent mark-sweep generation total 1926784K, used 202696K [0x000000008a660000, 0x0000000100000000, 0x0000000100000000)
 Metaspace       used 83915K, capacity 89295K, committed 89556K, reserved 1128448K
  class space    used 10271K, capacity 10642K, committed 10740K, reserved 1048576K
2017-08-01T01:23:09.343+0000: 9101.370: [GC (Allocation Failure) Before GC:
Statistics for BinaryTreeDictionary:
------------------------------------
Total Free Space: 220522078
Max   Chunk Size: 220522078
Number of Blocks: 1
Av.  Block  Size: 220522078
Tree      Height: 1
2017-08-01T01:23:09.343+0000: 9101.370: [ParNew
Desired survivor size 8716288 bytes, new threshold 6 (max 6)
- age   1:    1315856 bytes,    1315856 total
- age   2:     680264 bytes,    1996120 total
- age   3:     645296 bytes,    2641416 total
- age   4:     663744 bytes,    3305160 total
- age   5:     596240 bytes,    3901400 total
- age   6:     617048 bytes,    4518448 total
: 142314K->8497K(153344K), 0.0232638 secs] 345010K->211781K(2080128K)After GC:
Statistics for BinaryTreeDictionary:
------------------------------------
Total Free Space: 220445493
Max   Chunk Size: 220445493
Number of Blocks: 1
Av.  Block  Size: 220445493
Tree      Height: 1
, 0.0233585 secs] [Times: user=0.06 sys=0.00, real=0.02 secs] 
Heap after GC invocations=127 (full 3):
 par new generation   total 153344K, used 8497K [0x0000000080000000, 0x000000008a660000, 0x000000008a660000)
  eden space 136320K,   0% used [0x0000000080000000, 0x0000000080000000, 0x0000000088520000)
  from space 17024K,  49% used [0x00000000895c0000, 0x0000000089e0c7b8, 0x000000008a660000)
  to   space 17024K,   0% used [0x0000000088520000, 0x0000000088520000, 0x00000000895c0000)
 concurrent mark-sweep generation total 1926784K, used 203283K [0x000000008a660000, 0x0000000100000000, 0x0000000100000000)
 Metaspace       used 83915K, capacity 89295K, committed 89556K, reserved 1128448K
  class space    used 10271K, capacity 10642K, committed 10740K, reserved 1048576K
}
2017-08-01T01:23:09.366+0000: 9101.394: Total time for which application threads were stopped: 0.0236390 seconds, Stopping threads took: 0.0000522 seconds
{Heap before GC invocations=127 (full 3):
 par new generation   total 153344K, used 144817K [0x0000000080000000, 0x000000008a660000, 0x000000008a660000)
  eden space 136320K, 100% used [0x0000000080000000, 0x0000000088520000, 0x0000000088520000)
  from space 17024K,  49% used [0x00000000895c0000, 0x0000000089e0c7b8, 0x000000008a660000)
  to   space 17024K,   0% used [0x0000000088520000, 0x0000000088520000, 0x00000000895c0000)
 concurrent mark-sweep generation total 1926784K, used 203283K [0x000000008a660000, 0x0000000100000000, 0x0000000100000000)
 Metaspace       used 83917K, capacity 89295K, committed 89556K, reserved 1128448K
  class space    used 10271K, capacity 10642K, committed 10740K, reserved 1048576K
2017-08-01T01:24:38.460+0000: 9190.487: [GC (Allocation Failure) Before GC:
Statistics for BinaryTreeDictionary:
------------------------------------
Total Free Space: 220445493
Max   Chunk Size: 220445493
Number of Blocks: 1
Av.  Block  Size: 220445493
Tree      Height: 1
2017-08-01T01:24:38.460+0000: 9190.487: [ParNew
Desired survivor size 8716288 bytes, new threshold 6 (max 6)
- age   1:    1335072 bytes,    1335072 total
- age   2:     750888 bytes,    2085960 total
- age   3:     632104 bytes,    2718064 total
- age   4:     619384 bytes,    3337448 total
- age   5:     648480 bytes,    3985928 total
- age   6:     587008 bytes,    4572936 total
: 144817K->5432K(153344K), 0.0231515 secs] 348101K->209322K(2080128K)After GC:
Statistics for BinaryTreeDictionary:
------------------------------------
Total Free Space: 220369024
Max   Chunk Size: 220369024
Number of Blocks: 1
Av.  Block  Size: 220369024
Tree      Height: 1
, 0.0232370 secs] [Times: user=0.06 sys=0.00, real=0.03 secs] 
Heap after GC invocations=128 (full 3):
 par new generation   total 153344K, used 5432K [0x0000000080000000, 0x000000008a660000, 0x000000008a660000)
  eden space 136320K,   0% used [0x0000000080000000, 0x0000000080000000, 0x0000000088520000)
  from space 17024K,  31% used [0x0000000088520000, 0x0000000088a6e248, 0x00000000895c0000)
  to   space 17024K,   0% used [0x00000000895c0000, 0x00000000895c0000, 0x000000008a660000)
 concurrent mark-sweep generation total 1926784K, used 203889K [0x000000008a660000, 0x0000000100000000, 0x0000000100000000)
 Metaspace       used 83917K, capacity 89295K, committed 89556K, reserved 1128448K
  class space    used 10271K, capacity 10642K, committed 10740K, reserved 1048576K
}
2017-08-01T01:24:38.483+0000: 9190.511: Total time for which application threads were stopped: 0.0234633 seconds, Stopping threads took: 0.0000379 seconds
{Heap before GC invocations=128 (full 3):
 par new generation   total 153344K, used 141752K [0x0000000080000000, 0x000000008a660000, 0x000000008a660000)
  eden space 136320K, 100% used [0x0000000080000000, 0x0000000088520000, 0x0000000088520000)
  from space 17024K,  31% used [0x0000000088520000, 0x0000000088a6e248, 0x00000000895c0000)
  to   space 17024K,   0% used [0x00000000895c0000, 0x00000000895c0000, 0x000000008a660000)
 concurrent mark-sweep generation total 1926784K, used 203889K [0x000000008a660000, 0x0000000100000000, 0x0000000100000000)
 Metaspace       used 83917K, capacity 89295K, committed 89556K, reserved 1128448K
  class space    used 10271K, capacity 10642K, committed 10740K, reserved 1048576K
2017-08-01T01:26:17.299+0000: 9289.326: [GC (Allocation Failure) Before GC:
Statistics for BinaryTreeDictionary:
------------------------------------
Total Free Space: 220369024
Max   Chunk Size: 220369024
Number of Blocks: 1
Av.  Block  Size: 220369024
Tree      Height: 1
2017-08-01T01:26:17.299+0000: 9289.326: [ParNew
Desired survivor size 8716288 bytes, new threshold 6 (max 6)
- age   1:    1369656 bytes,    1369656 total
- age   2:     716632 bytes,    2086288 total
- age   3:     689936 bytes,    2776224 total
- age   4:     607224 bytes,    3383448 total
- age   5:     602112 bytes,    3985560 total
- age   6:     635392 bytes,    4620952 total
: 141752K->8048K(153344K), 0.0238522 secs] 345642K->212513K(2080128K)After GC:
Statistics for BinaryTreeDictionary:
------------------------------------
Total Free Space: 220294966
Max   Chunk Size: 220294966
Number of Blocks: 1
Av.  Block  Size: 220294966
Tree      Height: 1
, 0.0239413 secs] [Times: user=0.06 sys=0.00, real=0.03 secs] 
Heap after GC invocations=129 (full 3):
 par new generation   total 153344K, used 8048K [0x0000000080000000, 0x000000008a660000, 0x000000008a660000)
  eden space 136320K,   0% used [0x0000000080000000, 0x0000000080000000, 0x0000000088520000)
  from space 17024K,  47% used [0x00000000895c0000, 0x0000000089d9c0b8, 0x000000008a660000)
  to   space 17024K,   0% used [0x0000000088520000, 0x0000000088520000, 0x00000000895c0000)
 concurrent mark-sweep generation total 1926784K, used 204465K [0x000000008a660000, 0x0000000100000000, 0x0000000100000000)
 Metaspace       used 83917K, capacity 89295K, committed 89556K, reserved 1128448K
  class space    used 10271K, capacity 10642K, committed 10740K, reserved 1048576K
}
2017-08-01T01:26:17.323+0000: 9289.350: Total time for which application threads were stopped: 0.0242308 seconds, Stopping threads took: 0.0001024 seconds
2017-08-01T01:26:24.324+0000: 9296.351: Total time for which application threads were stopped: 0.0001394 seconds, Stopping threads took: 0.0000408 seconds
{Heap before GC invocations=129 (full 3):
 par new generation   total 153344K, used 144368K [0x0000000080000000, 0x000000008a660000, 0x000000008a660000)
  eden space 136320K, 100% used [0x0000000080000000, 0x0000000088520000, 0x0000000088520000)
  from space 17024K,  47% used [0x00000000895c0000, 0x0000000089d9c0b8, 0x000000008a660000)
  to   space 17024K,   0% used [0x0000000088520000, 0x0000000088520000, 0x00000000895c0000)
 concurrent mark-sweep generation total 1926784K, used 204465K [0x000000008a660000, 0x0000000100000000, 0x0000000100000000)
 Metaspace       used 83918K, capacity 89295K, committed 89556K, reserved 1128448K
  class space    used 10271K, capacity 10642K, committed 10740K, reserved 1048576K
2017-08-01T01:27:47.750+0000: 9379.778: [GC (Allocation Failure) Before GC:
Statistics for BinaryTreeDictionary:
------------------------------------
Total Free Space: 220294966
Max   Chunk Size: 220294966
Number of Blocks: 1
Av.  Block  Size: 220294966
Tree      Height: 1
2017-08-01T01:27:47.750+0000: 9379.778: [ParNew
Desired survivor size 8716288 bytes, new threshold 6 (max 6)
- age   1:    1289024 bytes,    1289024 total
- age   2:     767328 bytes,    2056352 total
- age   3:     665136 bytes,    2721488 total
- age   4:     663144 bytes,    3384632 total
- age   5:     593952 bytes,    3978584 total
- age   6:     591592 bytes,    4570176 total
: 144368K->5395K(153344K), 0.0231906 secs] 348833K->210485K(2080128K)After GC:
Statistics for BinaryTreeDictionary:
------------------------------------
Total Free Space: 220214437
Max   Chunk Size: 220214437
Number of Blocks: 1
Av.  Block  Size: 220214437
Tree      Height: 1
, 0.0232716 secs] [Times: user=0.06 sys=0.00, real=0.03 secs] 
Heap after GC invocations=130 (full 3):
 par new generation   total 153344K, used 5395K [0x0000000080000000, 0x000000008a660000, 0x000000008a660000)
  eden space 136320K,   0% used [0x0000000080000000, 0x0000000080000000, 0x0000000088520000)
  from space 17024K,  31% used [0x0000000088520000, 0x0000000088a64d80, 0x00000000895c0000)
  to   space 17024K,   0% used [0x00000000895c0000, 0x00000000895c0000, 0x000000008a660000)
 concurrent mark-sweep generation total 1926784K, used 205090K [0x000000008a660000, 0x0000000100000000, 0x0000000100000000)
 Metaspace       used 83918K, capacity 89295K, committed 89556K, reserved 1128448K
  class space    used 10271K, capacity 10642K, committed 10740K, reserved 1048576K
}
2017-08-01T01:27:47.774+0000: 9379.801: Total time for which application threads were stopped: 0.0240645 seconds, Stopping threads took: 0.0006098 seconds
{Heap before GC invocations=130 (full 3):
 par new generation   total 153344K, used 141715K [0x0000000080000000, 0x000000008a660000, 0x000000008a660000)
  eden space 136320K, 100% used [0x0000000080000000, 0x0000000088520000, 0x0000000088520000)
  from space 17024K,  31% used [0x0000000088520000, 0x0000000088a64d80, 0x00000000895c0000)
  to   space 17024K,   0% used [0x00000000895c0000, 0x00000000895c0000, 0x000000008a660000)
 concurrent mark-sweep generation total 1926784K, used 205090K [0x000000008a660000, 0x0000000100000000, 0x0000000100000000)
 Metaspace       used 83918K, capacity 89295K, committed 89556K, reserved 1128448K
  class space    used 10271K, capacity 10642K, committed 10740K, reserved 1048576K
2017-08-01T01:29:25.702+0000: 9477.730: [GC (Allocation Failure) Before GC:
Statistics for BinaryTreeDictionary:
------------------------------------
Total Free Space: 220214437
Max   Chunk Size: 220214437
Number of Blocks: 1
Av.  Block  Size: 220214437
Tree      Height: 1
2017-08-01T01:29:25.702+0000: 9477.730: [ParNew
Desired survivor size 8716288 bytes, new threshold 6 (max 6)
- age   1:    1382592 bytes,    1382592 total
- age   2:     695464 bytes,    2078056 total
- age   3:     705704 bytes,    2783760 total
- age   4:     637632 bytes,    3421392 total
- age   5:     648560 bytes,    4069952 total
- age   6:     582832 bytes,    4652784 total
: 141715K->8034K(153344K), 0.0232934 secs] 346805K->213704K(2080128K)After GC:
Statistics for BinaryTreeDictionary:
------------------------------------
Total Free Space: 220138876
Max   Chunk Size: 220138876
Number of Blocks: 1
Av.  Block  Size: 220138876
Tree      Height: 1
, 0.0233762 secs] [Times: user=0.06 sys=0.00, real=0.02 secs] 
Heap after GC invocations=131 (full 3):
 par new generation   total 153344K, used 8034K [0x0000000080000000, 0x000000008a660000, 0x000000008a660000)
  eden space 136320K,   0% used [0x0000000080000000, 0x0000000080000000, 0x0000000088520000)
  from space 17024K,  47% used [0x00000000895c0000, 0x0000000089d98a10, 0x000000008a660000)
  to   space 17024K,   0% used [0x0000000088520000, 0x0000000088520000, 0x00000000895c0000)
 concurrent mark-sweep generation total 1926784K, used 205670K [0x000000008a660000, 0x0000000100000000, 0x0000000100000000)
 Metaspace       used 83918K, capacity 89295K, committed 89556K, reserved 1128448K
  class space    used 10271K, capacity 10642K, committed 10740K, reserved 1048576K
}
2017-08-01T01:29:25.725+0000: 9477.753: Total time for which application threads were stopped: 0.0235993 seconds, Stopping threads took: 0.0000396 seconds
2017-08-01T01:30:23.732+0000: 9535.759: Total time for which application threads were stopped: 0.0002327 seconds, Stopping threads took: 0.0000646 seconds
{Heap before GC invocations=131 (full 3):
 par new generation   total 153344K, used 144354K [0x0000000080000000, 0x000000008a660000, 0x000000008a660000)
  eden space 136320K, 100% used [0x0000000080000000, 0x0000000088520000, 0x0000000088520000)
  from space 17024K,  47% used [0x00000000895c0000, 0x0000000089d98a10, 0x000000008a660000)
  to   space 17024K,   0% used [0x0000000088520000, 0x0000000088520000, 0x00000000895c0000)
 concurrent mark-sweep generation total 1926784K, used 205670K [0x000000008a660000, 0x0000000100000000, 0x0000000100000000)
 Metaspace       used 83918K, capacity 89295K, committed 89556K, reserved 1128448K
  class space    used 10271K, capacity 10642K, committed 10740K, reserved 1048576K
2017-08-01T01:30:55.996+0000: 9568.023: [GC (Allocation Failure) Before GC:
Statistics for BinaryTreeDictionary:
------------------------------------
Total Free Space: 220138876
Max   Chunk Size: 220138876
Number of Blocks: 1
Av.  Block  Size: 220138876
Tree      Height: 1
2017-08-01T01:30:55.996+0000: 9568.023: [ParNew
Desired survivor size 8716288 bytes, new threshold 6 (max 6)
- age   1:    1244888 bytes,    1244888 total
- age   2:     758736 bytes,    2003624 total
- age   3:     640840 bytes,    2644464 total
- age   4:     680520 bytes,    3324984 total
- age   5:     622264 bytes,    3947248 total
- age   6:     636448 bytes,    4583696 total
: 144354K->5415K(153344K), 0.0236443 secs] 350024K->211657K(2080128K)After GC:
Statistics for BinaryTreeDictionary:
------------------------------------
Total Free Space: 220065472
Max   Chunk Size: 220065472
Number of Blocks: 1
Av.  Block  Size: 220065472
Tree      Height: 1
, 0.0237355 secs] [Times: user=0.06 sys=0.00, real=0.02 secs] 
Heap after GC invocations=132 (full 3):
 par new generation   total 153344K, used 5415K [0x0000000080000000, 0x000000008a660000, 0x000000008a660000)
  eden space 136320K,   0% used [0x0000000080000000, 0x0000000080000000, 0x0000000088520000)
  from space 17024K,  31% used [0x0000000088520000, 0x0000000088a69d10, 0x00000000895c0000)
  to   space 17024K,   0% used [0x00000000895c0000, 0x00000000895c0000, 0x000000008a660000)
 concurrent mark-sweep generation total 1926784K, used 206241K [0x000000008a660000, 0x0000000100000000, 0x0000000100000000)
 Metaspace       used 83918K, capacity 89295K, committed 89556K, reserved 1128448K
  class space    used 10271K, capacity 10642K, committed 10740K, reserved 1048576K
}
2017-08-01T01:30:56.019+0000: 9568.047: Total time for which application threads were stopped: 0.0240261 seconds, Stopping threads took: 0.0000905 seconds
2017-08-01T01:31:58.026+0000: 9630.054: Total time for which application threads were stopped: 0.0001515 seconds, Stopping threads took: 0.0000389 seconds
2017-08-01T01:32:28.030+0000: 9660.058: Total time for which application threads were stopped: 0.0002182 seconds, Stopping threads took: 0.0000704 seconds
{Heap before GC invocations=132 (full 3):
 par new generation   total 153344K, used 141735K [0x0000000080000000, 0x000000008a660000, 0x000000008a660000)
  eden space 136320K, 100% used [0x0000000080000000, 0x0000000088520000, 0x0000000088520000)
  from space 17024K,  31% used [0x0000000088520000, 0x0000000088a69d10, 0x00000000895c0000)
  to   space 17024K,   0% used [0x00000000895c0000, 0x00000000895c0000, 0x000000008a660000)
 concurrent mark-sweep generation total 1926784K, used 206241K [0x000000008a660000, 0x0000000100000000, 0x0000000100000000)
 Metaspace       used 83919K, capacity 89359K, committed 89556K, reserved 1128448K
  class space    used 10271K, capacity 10642K, committed 10740K, reserved 1048576K
2017-08-01T01:32:30.932+0000: 9662.960: [GC (Allocation Failure) Before GC:
Statistics for BinaryTreeDictionary:
------------------------------------
Total Free Space: 220065472
Max   Chunk Size: 220065472
Number of Blocks: 1
Av.  Block  Size: 220065472
Tree      Height: 1
2017-08-01T01:32:30.932+0000: 9662.960: [ParNew
Desired survivor size 8716288 bytes, new threshold 6 (max 6)
- age   1:    1252472 bytes,    1252472 total
- age   2:     695664 bytes,    1948136 total
- age   3:     696712 bytes,    2644848 total
- age   4:     618304 bytes,    3263152 total
- age   5:     663360 bytes,    3926512 total
- age   6:     610936 bytes,    4537448 total
: 141735K->8058K(153344K), 0.0380324 secs] 347977K->214928K(2080128K)After GC:
Statistics for BinaryTreeDictionary:
------------------------------------
Total Free Space: 219988786
Max   Chunk Size: 219988786
Number of Blocks: 1
Av.  Block  Size: 219988786
Tree      Height: 1
, 0.0381319 secs] [Times: user=0.05 sys=0.00, real=0.03 secs] 
Heap after GC invocations=133 (full 3):
 par new generation   total 153344K, used 8058K [0x0000000080000000, 0x000000008a660000, 0x000000008a660000)
  eden space 136320K,   0% used [0x0000000080000000, 0x0000000080000000, 0x0000000088520000)
  from space 17024K,  47% used [0x00000000895c0000, 0x0000000089d9ebe8, 0x000000008a660000)
  to   space 17024K,   0% used [0x0000000088520000, 0x0000000088520000, 0x00000000895c0000)
 concurrent mark-sweep generation total 1926784K, used 206869K [0x000000008a660000, 0x0000000100000000, 0x0000000100000000)
 Metaspace       used 83919K, capacity 89359K, committed 89556K, reserved 1128448K
  class space    used 10271K, capacity 10642K, committed 10740K, reserved 1048576K
}
2017-08-01T01:32:30.970+0000: 9662.998: Total time for which application threads were stopped: 0.0383905 seconds, Stopping threads took: 0.0000321 seconds
2017-08-01T01:32:42.971+0000: 9674.999: Total time for which application threads were stopped: 0.0002194 seconds, Stopping threads took: 0.0000884 seconds
{Heap before GC invocations=133 (full 3):
 par new generation   total 153344K, used 144378K [0x0000000080000000, 0x000000008a660000, 0x000000008a660000)
  eden space 136320K, 100% used [0x0000000080000000, 0x0000000088520000, 0x0000000088520000)
  from space 17024K,  47% used [0x00000000895c0000, 0x0000000089d9ebe8, 0x000000008a660000)
  to   space 17024K,   0% used [0x0000000088520000, 0x0000000088520000, 0x00000000895c0000)
 concurrent mark-sweep generation total 1926784K, used 206869K [0x000000008a660000, 0x0000000100000000, 0x0000000100000000)
 Metaspace       used 83919K, capacity 89359K, committed 89556K, reserved 1128448K
  class space    used 10271K, capacity 10642K, committed 10740K, reserved 1048576K
2017-08-01T01:34:04.220+0000: 9756.248: [GC (Allocation Failure) Before GC:
Statistics for BinaryTreeDictionary:
------------------------------------
Total Free Space: 219988786
Max   Chunk Size: 219988786
Number of Blocks: 1
Av.  Block  Size: 219988786
Tree      Height: 1
2017-08-01T01:34:04.220+0000: 9756.248: [ParNew
Desired survivor size 8716288 bytes, new threshold 6 (max 6)
- age   1:    1336816 bytes,    1336816 total
- age   2:     715312 bytes,    2052128 total
- age   3:     633136 bytes,    2685264 total
- age   4:     672656 bytes,    3357920 total
- age   5:     604304 bytes,    3962224 total
- age   6:     653216 bytes,    4615440 total
: 144378K->5337K(153344K), 0.0233323 secs] 351248K->212809K(2080128K)After GC:
Statistics for BinaryTreeDictionary:
------------------------------------
Total Free Space: 219908814
Max   Chunk Size: 219908814
Number of Blocks: 1
Av.  Block  Size: 219908814
Tree      Height: 1
, 0.0234118 secs] [Times: user=0.05 sys=0.00, real=0.03 secs] 
Heap after GC invocations=134 (full 3):
 par new generation   total 153344K, used 5337K [0x0000000080000000, 0x000000008a660000, 0x000000008a660000)
  eden space 136320K,   0% used [0x0000000080000000, 0x0000000080000000, 0x0000000088520000)
  from space 17024K,  31% used [0x0000000088520000, 0x0000000088a56718, 0x00000000895c0000)
  to   space 17024K,   0% used [0x00000000895c0000, 0x00000000895c0000, 0x000000008a660000)
 concurrent mark-sweep generation total 1926784K, used 207471K [0x000000008a660000, 0x0000000100000000, 0x0000000100000000)
 Metaspace       used 83919K, capacity 89359K, committed 89556K, reserved 1128448K
  class space    used 10271K, capacity 10642K, committed 10740K, reserved 1048576K
}
2017-08-01T01:34:04.243+0000: 9756.271: Total time for which application threads were stopped: 0.0236904 seconds, Stopping threads took: 0.0000856 seconds
2017-08-01T01:34:09.244+0000: 9761.272: Total time for which application threads were stopped: 0.0001701 seconds, Stopping threads took: 0.0000571 seconds
2017-08-01T01:35:31.255+0000: 9843.283: Total time for which application threads were stopped: 0.0001669 seconds, Stopping threads took: 0.0000640 seconds
{Heap before GC invocations=134 (full 3):
 par new generation   total 153344K, used 141657K [0x0000000080000000, 0x000000008a660000, 0x000000008a660000)
  eden space 136320K, 100% used [0x0000000080000000, 0x0000000088520000, 0x0000000088520000)
  from space 17024K,  31% used [0x0000000088520000, 0x0000000088a56718, 0x00000000895c0000)
  to   space 17024K,   0% used [0x00000000895c0000, 0x00000000895c0000, 0x000000008a660000)
 concurrent mark-sweep generation total 1926784K, used 207471K [0x000000008a660000, 0x0000000100000000, 0x0000000100000000)
 Metaspace       used 83919K, capacity 89359K, committed 89556K, reserved 1128448K
  class space    used 10271K, capacity 10642K, committed 10740K, reserved 1048576K
2017-08-01T01:35:34.510+0000: 9846.538: [GC (Allocation Failure) Before GC:
Statistics for BinaryTreeDictionary:
------------------------------------
Total Free Space: 219908814
Max   Chunk Size: 219908814
Number of Blocks: 1
Av.  Block  Size: 219908814
Tree      Height: 1
2017-08-01T01:35:34.510+0000: 9846.538: [ParNew
Desired survivor size 8716288 bytes, new threshold 6 (max 6)
- age   1:    1286040 bytes,    1286040 total
- age   2:     728944 bytes,    2014984 total
- age   3:     657096 bytes,    2672080 total
- age   4:     608672 bytes,    3280752 total
- age   5:     655480 bytes,    3936232 total
- age   6:     598104 bytes,    4534336 total
: 141657K->6066K(153344K), 0.0233092 secs] 349129K->214180K(2080128K)After GC:
Statistics for BinaryTreeDictionary:
------------------------------------
Total Free Space: 219825649
Max   Chunk Size: 219825649
Number of Blocks: 1
Av.  Block  Size: 219825649
Tree      Height: 1
, 0.0234078 secs] [Times: user=0.06 sys=0.00, real=0.03 secs] 
Heap after GC invocations=135 (full 3):
 par new generation   total 153344K, used 6066K [0x0000000080000000, 0x000000008a660000, 0x000000008a660000)
  eden space 136320K,   0% used [0x0000000080000000, 0x0000000080000000, 0x0000000088520000)
  from space 17024K,  35% used [0x00000000895c0000, 0x0000000089bacbb0, 0x000000008a660000)
  to   space 17024K,   0% used [0x0000000088520000, 0x0000000088520000, 0x00000000895c0000)
 concurrent mark-sweep generation total 1926784K, used 208113K [0x000000008a660000, 0x0000000100000000, 0x0000000100000000)
 Metaspace       used 83919K, capacity 89359K, committed 89556K, reserved 1128448K
  class space    used 10271K, capacity 10642K, committed 10740K, reserved 1048576K
}
2017-08-01T01:35:34.533+0000: 9846.561: Total time for which application threads were stopped: 0.0236544 seconds, Stopping threads took: 0.0000375 seconds
{Heap before GC invocations=135 (full 3):
 par new generation   total 153344K, used 142386K [0x0000000080000000, 0x000000008a660000, 0x000000008a660000)
  eden space 136320K, 100% used [0x0000000080000000, 0x0000000088520000, 0x0000000088520000)
  from space 17024K,  35% used [0x00000000895c0000, 0x0000000089bacbb0, 0x000000008a660000)
  to   space 17024K,   0% used [0x0000000088520000, 0x0000000088520000, 0x00000000895c0000)
 concurrent mark-sweep generation total 1926784K, used 208113K [0x000000008a660000, 0x0000000100000000, 0x0000000100000000)
 Metaspace       used 83919K, capacity 89359K, committed 89556K, reserved 1128448K
  class space    used 10271K, capacity 10642K, committed 10740K, reserved 1048576K
2017-08-01T01:37:12.527+0000: 9944.555: [GC (Allocation Failure) Before GC:
Statistics for BinaryTreeDictionary:
------------------------------------
Total Free Space: 219825649
Max   Chunk Size: 219825649
Number of Blocks: 1
Av.  Block  Size: 219825649
Tree      Height: 1
2017-08-01T01:37:12.527+0000: 9944.555: [ParNew
Desired survivor size 8716288 bytes, new threshold 6 (max 6)
- age   1:    1312280 bytes,    1312280 total
- age   2:     702392 bytes,    2014672 total
- age   3:     667376 bytes,    2682048 total
- age   4:     629696 bytes,    3311744 total
- age   5:     595088 bytes,    3906832 total
- age   6:     642352 bytes,    4549184 total
: 142386K->6494K(153344K), 0.0226375 secs] 350500K->215194K(2080128K)After GC:
Statistics for BinaryTreeDictionary:
------------------------------------
Total Free Space: 219750352
Max   Chunk Size: 219750352
Number of Blocks: 1
Av.  Block  Size: 219750352
Tree      Height: 1
, 0.0227366 secs] [Times: user=0.06 sys=0.00, real=0.02 secs] 
Heap after GC invocations=136 (full 3):
 par new generation   total 153344K, used 6494K [0x0000000080000000, 0x000000008a660000, 0x000000008a660000)
  eden space 136320K,   0% used [0x0000000080000000, 0x0000000080000000, 0x0000000088520000)
  from space 17024K,  38% used [0x0000000088520000, 0x0000000088b77928, 0x00000000895c0000)
  to   space 17024K,   0% used [0x00000000895c0000, 0x00000000895c0000, 0x000000008a660000)
 concurrent mark-sweep generation total 1926784K, used 208700K [0x000000008a660000, 0x0000000100000000, 0x0000000100000000)
 Metaspace       used 83919K, capacity 89359K, committed 89556K, reserved 1128448K
  class space    used 10271K, capacity 10642K, committed 10740K, reserved 1048576K
}
2017-08-01T01:37:12.550+0000: 9944.578: Total time for which application threads were stopped: 0.0229850 seconds, Stopping threads took: 0.0000634 seconds
{Heap before GC invocations=136 (full 3):
 par new generation   total 153344K, used 142814K [0x0000000080000000, 0x000000008a660000, 0x000000008a660000)
  eden space 136320K, 100% used [0x0000000080000000, 0x0000000088520000, 0x0000000088520000)
  from space 17024K,  38% used [0x0000000088520000, 0x0000000088b77928, 0x00000000895c0000)
  to   space 17024K,   0% used [0x00000000895c0000, 0x00000000895c0000, 0x000000008a660000)
 concurrent mark-sweep generation total 1926784K, used 208700K [0x000000008a660000, 0x0000000100000000, 0x0000000100000000)
 Metaspace       used 83919K, capacity 89359K, committed 89556K, reserved 1128448K
  class space    used 10271K, capacity 10642K, committed 10740K, reserved 1048576K
2017-08-01T01:38:41.167+0000: 10033.194: [GC (Allocation Failure) Before GC:
Statistics for BinaryTreeDictionary:
------------------------------------
Total Free Space: 219750352
Max   Chunk Size: 219750352
Number of Blocks: 1
Av.  Block  Size: 219750352
Tree      Height: 1
2017-08-01T01:38:41.167+0000: 10033.194: [ParNew
Desired survivor size 8716288 bytes, new threshold 6 (max 6)
- age   1:    1268128 bytes,    1268128 total
- age   2:     758064 bytes,    2026192 total
- age   3:     650760 bytes,    2676952 total
- age   4:     643584 bytes,    3320536 total
- age   5:     616240 bytes,    3936776 total
- age   6:     585496 bytes,    4522272 total
: 142814K->6614K(153344K), 0.0241462 secs] 351514K->215945K(2080128K)After GC:
Statistics for BinaryTreeDictionary:
------------------------------------
Total Free Space: 219675219
Max   Chunk Size: 219675219
Number of Blocks: 1
Av.  Block  Size: 219675219
Tree      Height: 1
, 0.0242230 secs] [Times: user=0.06 sys=0.00, real=0.03 secs] 
Heap after GC invocations=137 (full 3):
 par new generation   total 153344K, used 6614K [0x0000000080000000, 0x000000008a660000, 0x000000008a660000)
  eden space 136320K,   0% used [0x0000000080000000, 0x0000000080000000, 0x0000000088520000)
  from space 17024K,  38% used [0x00000000895c0000, 0x0000000089c35a28, 0x000000008a660000)
  to   space 17024K,   0% used [0x0000000088520000, 0x0000000088520000, 0x00000000895c0000)
 concurrent mark-sweep generation total 1926784K, used 209331K [0x000000008a660000, 0x0000000100000000, 0x0000000100000000)
 Metaspace       used 83919K, capacity 89359K, committed 89556K, reserved 1128448K
  class space    used 10271K, capacity 10642K, committed 10740K, reserved 1048576K
}
2017-08-01T01:38:41.191+0000: 10033.219: Total time for which application threads were stopped: 0.0244652 seconds, Stopping threads took: 0.0000406 seconds
2017-08-01T01:39:39.198+0000: 10091.226: Total time for which application threads were stopped: 0.0001690 seconds, Stopping threads took: 0.0000726 seconds
{Heap before GC invocations=137 (full 3):
 par new generation   total 153344K, used 142934K [0x0000000080000000, 0x000000008a660000, 0x000000008a660000)
  eden space 136320K, 100% used [0x0000000080000000, 0x0000000088520000, 0x0000000088520000)
  from space 17024K,  38% used [0x00000000895c0000, 0x0000000089c35a28, 0x000000008a660000)
  to   space 17024K,   0% used [0x0000000088520000, 0x0000000088520000, 0x00000000895c0000)
 concurrent mark-sweep generation total 1926784K, used 209331K [0x000000008a660000, 0x0000000100000000, 0x0000000100000000)
 Metaspace       used 83919K, capacity 89359K, committed 89556K, reserved 1128448K
  class space    used 10271K, capacity 10642K, committed 10740K, reserved 1048576K
2017-08-01T01:40:22.908+0000: 10134.936: [GC (Allocation Failure) Before GC:
Statistics for BinaryTreeDictionary:
------------------------------------
Total Free Space: 219675219
Max   Chunk Size: 219675219
Number of Blocks: 1
Av.  Block  Size: 219675219
Tree      Height: 1
2017-08-01T01:40:22.908+0000: 10134.936: [ParNew
Desired survivor size 8716288 bytes, new threshold 6 (max 6)
- age   1:    1285104 bytes,    1285104 total
- age   2:     706608 bytes,    1991712 total
- age   3:     692848 bytes,    2684560 total
- age   4:     627624 bytes,    3312184 total
- age   5:     625912 bytes,    3938096 total
- age   6:     604656 bytes,    4542752 total
: 142934K->6619K(153344K), 0.0241256 secs] 352265K->216523K(2080128K)After GC:
Statistics for BinaryTreeDictionary:
------------------------------------
Total Free Space: 219598417
Max   Chunk Size: 219598417
Number of Blocks: 1
Av.  Block  Size: 219598417
Tree      Height: 1
, 0.0242304 secs] [Times: user=0.07 sys=0.00, real=0.03 secs] 
Heap after GC invocations=138 (full 3):
 par new generation   total 153344K, used 6619K [0x0000000080000000, 0x000000008a660000, 0x000000008a660000)
  eden space 136320K,   0% used [0x0000000080000000, 0x0000000080000000, 0x0000000088520000)
  from space 17024K,  38% used [0x0000000088520000, 0x0000000088b96c98, 0x00000000895c0000)
  to   space 17024K,   0% used [0x00000000895c0000, 0x00000000895c0000, 0x000000008a660000)
 concurrent mark-sweep generation total 1926784K, used 209904K [0x000000008a660000, 0x0000000100000000, 0x0000000100000000)
 Metaspace       used 83919K, capacity 89359K, committed 89556K, reserved 1128448K
  class space    used 10271K, capacity 10642K, committed 10740K, reserved 1048576K
}
2017-08-01T01:40:22.933+0000: 10134.960: Total time for which application threads were stopped: 0.0244714 seconds, Stopping threads took: 0.0000461 seconds
{Heap before GC invocations=138 (full 3):
 par new generation   total 153344K, used 142939K [0x0000000080000000, 0x000000008a660000, 0x000000008a660000)
  eden space 136320K, 100% used [0x0000000080000000, 0x0000000088520000, 0x0000000088520000)
  from space 17024K,  38% used [0x0000000088520000, 0x0000000088b96c98, 0x00000000895c0000)
  to   space 17024K,   0% used [0x00000000895c0000, 0x00000000895c0000, 0x000000008a660000)
 concurrent mark-sweep generation total 1926784K, used 209904K [0x000000008a660000, 0x0000000100000000, 0x0000000100000000)
 Metaspace       used 83925K, capacity 89359K, committed 89556K, reserved 1128448K
  class space    used 10271K, capacity 10642K, committed 10740K, reserved 1048576K
2017-08-01T01:41:51.068+0000: 10223.096: [GC (Allocation Failure) Before GC:
Statistics for BinaryTreeDictionary:
------------------------------------
Total Free Space: 219598417
Max   Chunk Size: 219598417
Number of Blocks: 1
Av.  Block  Size: 219598417
Tree      Height: 1
2017-08-01T01:41:51.068+0000: 10223.096: [ParNew
Desired survivor size 8716288 bytes, new threshold 6 (max 6)
- age   1:    1316728 bytes,    1316728 total
- age   2:     726816 bytes,    2043544 total
- age   3:     652360 bytes,    2695904 total
- age   4:     664448 bytes,    3360352 total
- age   5:     611520 bytes,    3971872 total
- age   6:     612888 bytes,    4584760 total
: 142939K->6637K(153344K), 0.0227601 secs] 352843K->217135K(2080128K)After GC:
Statistics for BinaryTreeDictionary:
------------------------------------
Total Free Space: 219521254
Max   Chunk Size: 219521254
Number of Blocks: 1
Av.  Block  Size: 219521254
Tree      Height: 1
, 0.0228394 secs] [Times: user=0.05 sys=0.00, real=0.03 secs] 
Heap after GC invocations=139 (full 3):
 par new generation   total 153344K, used 6637K [0x0000000080000000, 0x000000008a660000, 0x000000008a660000)
  eden space 136320K,   0% used [0x0000000080000000, 0x0000000080000000, 0x0000000088520000)
  from space 17024K,  38% used [0x00000000895c0000, 0x0000000089c3b788, 0x000000008a660000)
  to   space 17024K,   0% used [0x0000000088520000, 0x0000000088520000, 0x00000000895c0000)
 concurrent mark-sweep generation total 1926784K, used 210498K [0x000000008a660000, 0x0000000100000000, 0x0000000100000000)
 Metaspace       used 83925K, capacity 89359K, committed 89556K, reserved 1128448K
  class space    used 10271K, capacity 10642K, committed 10740K, reserved 1048576K
}
2017-08-01T01:41:51.091+0000: 10223.119: Total time for which application threads were stopped: 0.0231194 seconds, Stopping threads took: 0.0000774 seconds
{Heap before GC invocations=139 (full 3):
 par new generation   total 153344K, used 142957K [0x0000000080000000, 0x000000008a660000, 0x000000008a660000)
  eden space 136320K, 100% used [0x0000000080000000, 0x0000000088520000, 0x0000000088520000)
  from space 17024K,  38% used [0x00000000895c0000, 0x0000000089c3b788, 0x000000008a660000)
  to   space 17024K,   0% used [0x0000000088520000, 0x0000000088520000, 0x00000000895c0000)
 concurrent mark-sweep generation total 1926784K, used 210498K [0x000000008a660000, 0x0000000100000000, 0x0000000100000000)
 Metaspace       used 83927K, capacity 89359K, committed 89556K, reserved 1128448K
  class space    used 10271K, capacity 10642K, committed 10740K, reserved 1048576K
2017-08-01T01:43:29.361+0000: 10321.389: [GC (Allocation Failure) Before GC:
Statistics for BinaryTreeDictionary:
------------------------------------
Total Free Space: 219521254
Max   Chunk Size: 219521254
Number of Blocks: 1
Av.  Block  Size: 219521254
Tree      Height: 1
2017-08-01T01:43:29.361+0000: 10321.389: [ParNew
Desired survivor size 8716288 bytes, new threshold 6 (max 6)
- age   1:    1314400 bytes,    1314400 total
- age   2:     726864 bytes,    2041264 total
- age   3:     663608 bytes,    2704872 total
- age   4:     628232 bytes,    3333104 total
- age   5:     645952 bytes,    3979056 total
- age   6:     603528 bytes,    4582584 total
: 142957K->6693K(153344K), 0.0248722 secs] 353455K->217791K(2080128K)After GC:
Statistics for BinaryTreeDictionary:
------------------------------------
Total Free Space: 219444534
Max   Chunk Size: 219444534
Number of Blocks: 1
Av.  Block  Size: 219444534
Tree      Height: 1
, 0.0249497 secs] [Times: user=0.06 sys=0.00, real=0.02 secs] 
Heap after GC invocations=140 (full 3):
 par new generation   total 153344K, used 6693K [0x0000000080000000, 0x000000008a660000, 0x000000008a660000)
  eden space 136320K,   0% used [0x0000000080000000, 0x0000000080000000, 0x0000000088520000)
  from space 17024K,  39% used [0x0000000088520000, 0x0000000088ba9470, 0x00000000895c0000)
  to   space 17024K,   0% used [0x00000000895c0000, 0x00000000895c0000, 0x000000008a660000)
 concurrent mark-sweep generation total 1926784K, used 211097K [0x000000008a660000, 0x0000000100000000, 0x0000000100000000)
 Metaspace       used 83927K, capacity 89359K, committed 89556K, reserved 1128448K
  class space    used 10271K, capacity 10642K, committed 10740K, reserved 1048576K
}
2017-08-01T01:43:29.386+0000: 10321.414: Total time for which application threads were stopped: 0.0252004 seconds, Stopping threads took: 0.0000411 seconds
2017-08-01T01:44:09.390+0000: 10361.418: Total time for which application threads were stopped: 0.0001417 seconds, Stopping threads took: 0.0000422 seconds
{Heap before GC invocations=140 (full 3):
 par new generation   total 153344K, used 143013K [0x0000000080000000, 0x000000008a660000, 0x000000008a660000)
  eden space 136320K, 100% used [0x0000000080000000, 0x0000000088520000, 0x0000000088520000)
  from space 17024K,  39% used [0x0000000088520000, 0x0000000088ba9470, 0x00000000895c0000)
  to   space 17024K,   0% used [0x00000000895c0000, 0x00000000895c0000, 0x000000008a660000)
 concurrent mark-sweep generation total 1926784K, used 211097K [0x000000008a660000, 0x0000000100000000, 0x0000000100000000)
 Metaspace       used 83927K, capacity 89359K, committed 89556K, reserved 1128448K
  class space    used 10271K, capacity 10642K, committed 10740K, reserved 1048576K
2017-08-01T01:45:02.087+0000: 10414.115: [GC (Allocation Failure) Before GC:
Statistics for BinaryTreeDictionary:
------------------------------------
Total Free Space: 219444534
Max   Chunk Size: 219444534
Number of Blocks: 1
Av.  Block  Size: 219444534
Tree      Height: 1
2017-08-01T01:45:02.088+0000: 10414.115: [ParNew
Desired survivor size 8716288 bytes, new threshold 6 (max 6)
- age   1:    1220056 bytes,    1220056 total
- age   2:     748008 bytes,    1968064 total
- age   3:     675888 bytes,    2643952 total
- age   4:     639376 bytes,    3283328 total
- age   5:     616624 bytes,    3899952 total
- age   6:     636912 bytes,    4536864 total
: 143013K->6701K(153344K), 0.0244323 secs] 354111K->218392K(2080128K)After GC:
Statistics for BinaryTreeDictionary:
------------------------------------
Total Free Space: 219368693
Max   Chunk Size: 219368693
Number of Blocks: 1
Av.  Block  Size: 219368693
Tree      Height: 1
, 0.0245252 secs] [Times: user=0.06 sys=0.00, real=0.03 secs] 
Heap after GC invocations=141 (full 3):
 par new generation   total 153344K, used 6701K [0x0000000080000000, 0x000000008a660000, 0x000000008a660000)
  eden space 136320K,   0% used [0x0000000080000000, 0x0000000080000000, 0x0000000088520000)
  from space 17024K,  39% used [0x00000000895c0000, 0x0000000089c4b608, 0x000000008a660000)
  to   space 17024K,   0% used [0x0000000088520000, 0x0000000088520000, 0x00000000895c0000)
 concurrent mark-sweep generation total 1926784K, used 211691K [0x000000008a660000, 0x0000000100000000, 0x0000000100000000)
 Metaspace       used 83927K, capacity 89359K, committed 89556K, reserved 1128448K
  class space    used 10271K, capacity 10642K, committed 10740K, reserved 1048576K
}
2017-08-01T01:45:02.112+0000: 10414.140: Total time for which application threads were stopped: 0.0247816 seconds, Stopping threads took: 0.0000578 seconds
{Heap before GC invocations=141 (full 3):
 par new generation   total 153344K, used 143021K [0x0000000080000000, 0x000000008a660000, 0x000000008a660000)
  eden space 136320K, 100% used [0x0000000080000000, 0x0000000088520000, 0x0000000088520000)
  from space 17024K,  39% used [0x00000000895c0000, 0x0000000089c4b608, 0x000000008a660000)
  to   space 17024K,   0% used [0x0000000088520000, 0x0000000088520000, 0x00000000895c0000)
 concurrent mark-sweep generation total 1926784K, used 211691K [0x000000008a660000, 0x0000000100000000, 0x0000000100000000)
 Metaspace       used 83927K, capacity 89359K, committed 89556K, reserved 1128448K
  class space    used 10271K, capacity 10642K, committed 10740K, reserved 1048576K
2017-08-01T01:46:33.791+0000: 10505.819: [GC (Allocation Failure) Before GC:
Statistics for BinaryTreeDictionary:
------------------------------------
Total Free Space: 219368693
Max   Chunk Size: 219368693
Number of Blocks: 1
Av.  Block  Size: 219368693
Tree      Height: 1
2017-08-01T01:46:33.791+0000: 10505.819: [ParNew
Desired survivor size 8716288 bytes, new threshold 6 (max 6)
- age   1:    1288120 bytes,    1288120 total
- age   2:     653544 bytes,    1941664 total
- age   3:     687720 bytes,    2629384 total
- age   4:     651744 bytes,    3281128 total
- age   5:     622856 bytes,    3903984 total
- age   6:     607144 bytes,    4511128 total
: 143021K->6654K(153344K), 0.0229229 secs] 354712K->218972K(2080128K)After GC:
Statistics for BinaryTreeDictionary:
------------------------------------
Total Free Space: 219285953
Max   Chunk Size: 219285953
Number of Blocks: 1
Av.  Block  Size: 219285953
Tree      Height: 1
, 0.0230130 secs] [Times: user=0.06 sys=0.00, real=0.02 secs] 
Heap after GC invocations=142 (full 3):
 par new generation   total 153344K, used 6654K [0x0000000080000000, 0x000000008a660000, 0x000000008a660000)
  eden space 136320K,   0% used [0x0000000080000000, 0x0000000080000000, 0x0000000088520000)
  from space 17024K,  39% used [0x0000000088520000, 0x0000000088b9fa20, 0x00000000895c0000)
  to   space 17024K,   0% used [0x00000000895c0000, 0x00000000895c0000, 0x000000008a660000)
 concurrent mark-sweep generation total 1926784K, used 212317K [0x000000008a660000, 0x0000000100000000, 0x0000000100000000)
 Metaspace       used 83927K, capacity 89359K, committed 89556K, reserved 1128448K
  class space    used 10271K, capacity 10642K, committed 10740K, reserved 1048576K
}
2017-08-01T01:46:33.814+0000: 10505.842: Total time for which application threads were stopped: 0.0232900 seconds, Stopping threads took: 0.0000869 seconds
2017-08-01T01:47:57.834+0000: 10589.861: Total time for which application threads were stopped: 0.0001605 seconds, Stopping threads took: 0.0000432 seconds
2017-08-01T01:48:08.835+0000: 10600.863: Total time for which application threads were stopped: 0.0001387 seconds, Stopping threads took: 0.0000424 seconds
{Heap before GC invocations=142 (full 3):
 par new generation   total 153344K, used 142974K [0x0000000080000000, 0x000000008a660000, 0x000000008a660000)
  eden space 136320K, 100% used [0x0000000080000000, 0x0000000088520000, 0x0000000088520000)
  from space 17024K,  39% used [0x0000000088520000, 0x0000000088b9fa20, 0x00000000895c0000)
  to   space 17024K,   0% used [0x00000000895c0000, 0x00000000895c0000, 0x000000008a660000)
 concurrent mark-sweep generation total 1926784K, used 212317K [0x000000008a660000, 0x0000000100000000, 0x0000000100000000)
 Metaspace       used 83928K, capacity 89359K, committed 89556K, reserved 1128448K
  class space    used 10271K, capacity 10642K, committed 10740K, reserved 1048576K
2017-08-01T01:48:12.633+0000: 10604.661: [GC (Allocation Failure) Before GC:
Statistics for BinaryTreeDictionary:
------------------------------------
Total Free Space: 219285953
Max   Chunk Size: 219285953
Number of Blocks: 1
Av.  Block  Size: 219285953
Tree      Height: 1
2017-08-01T01:48:12.633+0000: 10604.661: [ParNew
Desired survivor size 8716288 bytes, new threshold 6 (max 6)
- age   1:    1373744 bytes,    1373744 total
- age   2:     701936 bytes,    2075680 total
- age   3:     593656 bytes,    2669336 total
- age   4:     661240 bytes,    3330576 total
- age   5:     632048 bytes,    3962624 total
- age   6:     609752 bytes,    4572376 total
: 142974K->6615K(153344K), 0.0243456 secs] 355292K->219527K(2080128K)After GC:
Statistics for BinaryTreeDictionary:
------------------------------------
Total Free Space: 219211060
Max   Chunk Size: 219211060
Number of Blocks: 1
Av.  Block  Size: 219211060
Tree      Height: 1
, 0.0244269 secs] [Times: user=0.06 sys=0.00, real=0.02 secs] 
Heap after GC invocations=143 (full 3):
 par new generation   total 153344K, used 6615K [0x0000000080000000, 0x000000008a660000, 0x000000008a660000)
  eden space 136320K,   0% used [0x0000000080000000, 0x0000000080000000, 0x0000000088520000)
  from space 17024K,  38% used [0x00000000895c0000, 0x0000000089c35e88, 0x000000008a660000)
  to   space 17024K,   0% used [0x0000000088520000, 0x0000000088520000, 0x00000000895c0000)
 concurrent mark-sweep generation total 1926784K, used 212912K [0x000000008a660000, 0x0000000100000000, 0x0000000100000000)
 Metaspace       used 83928K, capacity 89359K, committed 89556K, reserved 1128448K
  class space    used 10271K, capacity 10642K, committed 10740K, reserved 1048576K
}
2017-08-01T01:48:12.658+0000: 10604.686: Total time for which application threads were stopped: 0.0246879 seconds, Stopping threads took: 0.0000603 seconds
{Heap before GC invocations=143 (full 3):
 par new generation   total 153344K, used 142935K [0x0000000080000000, 0x000000008a660000, 0x000000008a660000)
  eden space 136320K, 100% used [0x0000000080000000, 0x0000000088520000, 0x0000000088520000)
  from space 17024K,  38% used [0x00000000895c0000, 0x0000000089c35e88, 0x000000008a660000)
  to   space 17024K,   0% used [0x0000000088520000, 0x0000000088520000, 0x00000000895c0000)
 concurrent mark-sweep generation total 1926784K, used 212912K [0x000000008a660000, 0x0000000100000000, 0x0000000100000000)
 Metaspace       used 83928K, capacity 89359K, committed 89556K, reserved 1128448K
  class space    used 10271K, capacity 10642K, committed 10740K, reserved 1048576K
2017-08-01T01:49:41.537+0000: 10693.564: [GC (Allocation Failure) Before GC:
Statistics for BinaryTreeDictionary:
------------------------------------
Total Free Space: 219211060
Max   Chunk Size: 219211060
Number of Blocks: 1
Av.  Block  Size: 219211060
Tree      Height: 1
2017-08-01T01:49:41.537+0000: 10693.564: [ParNew
Desired survivor size 8716288 bytes, new threshold 6 (max 6)
- age   1:    1273640 bytes,    1273640 total
- age   2:     768200 bytes,    2041840 total
- age   3:     652216 bytes,    2694056 total
- age   4:     571312 bytes,    3265368 total
- age   5:     645696 bytes,    3911064 total
- age   6:     621144 bytes,    4532208 total
: 142935K->6670K(153344K), 0.0251220 secs] 355847K->220180K(2080128K)After GC:
Statistics for BinaryTreeDictionary:
------------------------------------
Total Free Space: 219135193
Max   Chunk Size: 219135193
Number of Blocks: 1
Av.  Block  Size: 219135193
Tree      Height: 1
, 0.0252204 secs] [Times: user=0.06 sys=0.00, real=0.03 secs] 
Heap after GC invocations=144 (full 3):
 par new generation   total 153344K, used 6670K [0x0000000080000000, 0x000000008a660000, 0x000000008a660000)
  eden space 136320K,   0% used [0x0000000080000000, 0x0000000080000000, 0x0000000088520000)
  from space 17024K,  39% used [0x0000000088520000, 0x0000000088ba3938, 0x00000000895c0000)
  to   space 17024K,   0% used [0x00000000895c0000, 0x00000000895c0000, 0x000000008a660000)
 concurrent mark-sweep generation total 1926784K, used 213510K [0x000000008a660000, 0x0000000100000000, 0x0000000100000000)
 Metaspace       used 83928K, capacity 89359K, committed 89556K, reserved 1128448K
  class space    used 10271K, capacity 10642K, committed 10740K, reserved 1048576K
}
2017-08-01T01:49:41.562+0000: 10693.590: Total time for which application threads were stopped: 0.0254971 seconds, Stopping threads took: 0.0000788 seconds
2017-08-01T01:51:00.578+0000: 10772.606: Total time for which application threads were stopped: 0.0001619 seconds, Stopping threads took: 0.0000678 seconds
{Heap before GC invocations=144 (full 3):
 par new generation   total 153344K, used 142990K [0x0000000080000000, 0x000000008a660000, 0x000000008a660000)
  eden space 136320K, 100% used [0x0000000080000000, 0x0000000088520000, 0x0000000088520000)
  from space 17024K,  39% used [0x0000000088520000, 0x0000000088ba3938, 0x00000000895c0000)
  to   space 17024K,   0% used [0x00000000895c0000, 0x00000000895c0000, 0x000000008a660000)
 concurrent mark-sweep generation total 1926784K, used 213510K [0x000000008a660000, 0x0000000100000000, 0x0000000100000000)
 Metaspace       used 83928K, capacity 89359K, committed 89556K, reserved 1128448K
  class space    used 10271K, capacity 10642K, committed 10740K, reserved 1048576K
2017-08-01T01:51:22.182+0000: 10794.210: [GC (Allocation Failure) Before GC:
Statistics for BinaryTreeDictionary:
------------------------------------
Total Free Space: 219135193
Max   Chunk Size: 219135193
Number of Blocks: 1
Av.  Block  Size: 219135193
Tree      Height: 1
2017-08-01T01:51:22.182+0000: 10794.210: [ParNew
Desired survivor size 8716288 bytes, new threshold 6 (max 6)
- age   1:    1261584 bytes,    1261584 total
- age   2:     716032 bytes,    1977616 total
- age   3:     710088 bytes,    2687704 total
- age   4:     629616 bytes,    3317320 total
- age   5:     558184 bytes,    3875504 total
- age   6:     635792 bytes,    4511296 total
: 142990K->6643K(153344K), 0.0229748 secs] 356500K->220764K(2080128K)After GC:
Statistics for BinaryTreeDictionary:
------------------------------------
Total Free Space: 219056567
Max   Chunk Size: 219056567
Number of Blocks: 1
Av.  Block  Size: 219056567
Tree      Height: 1
, 0.0230714 secs] [Times: user=0.06 sys=0.00, real=0.02 secs] 
Heap after GC invocations=145 (full 3):
 par new generation   total 153344K, used 6643K [0x0000000080000000, 0x000000008a660000, 0x000000008a660000)
  eden space 136320K,   0% used [0x0000000080000000, 0x0000000080000000, 0x0000000088520000)
  from space 17024K,  39% used [0x00000000895c0000, 0x0000000089c3ce08, 0x000000008a660000)
  to   space 17024K,   0% used [0x0000000088520000, 0x0000000088520000, 0x00000000895c0000)
 concurrent mark-sweep generation total 1926784K, used 214121K [0x000000008a660000, 0x0000000100000000, 0x0000000100000000)
 Metaspace       used 83928K, capacity 89359K, committed 89556K, reserved 1128448K
  class space    used 10271K, capacity 10642K, committed 10740K, reserved 1048576K
}
2017-08-01T01:51:22.205+0000: 10794.233: Total time for which application threads were stopped: 0.0233546 seconds, Stopping threads took: 0.0000745 seconds
{Heap before GC invocations=145 (full 3):
 par new generation   total 153344K, used 142963K [0x0000000080000000, 0x000000008a660000, 0x000000008a660000)
  eden space 136320K, 100% used [0x0000000080000000, 0x0000000088520000, 0x0000000088520000)
  from space 17024K,  39% used [0x00000000895c0000, 0x0000000089c3ce08, 0x000000008a660000)
  to   space 17024K,   0% used [0x0000000088520000, 0x0000000088520000, 0x00000000895c0000)
 concurrent mark-sweep generation total 1926784K, used 214121K [0x000000008a660000, 0x0000000100000000, 0x0000000100000000)
 Metaspace       used 83928K, capacity 89359K, committed 89556K, reserved 1128448K
  class space    used 10271K, capacity 10642K, committed 10740K, reserved 1048576K
2017-08-01T01:52:51.901+0000: 10883.929: [GC (Allocation Failure) Before GC:
Statistics for BinaryTreeDictionary:
------------------------------------
Total Free Space: 219056567
Max   Chunk Size: 219056567
Number of Blocks: 1
Av.  Block  Size: 219056567
Tree      Height: 1
2017-08-01T01:52:51.901+0000: 10883.929: [ParNew
Desired survivor size 8716288 bytes, new threshold 6 (max 6)
- age   1:    1380792 bytes,    1380792 total
- age   2:     720960 bytes,    2101752 total
- age   3:     655808 bytes,    2757560 total
- age   4:     676080 bytes,    3433640 total
- age   5:     616024 bytes,    4049664 total
- age   6:     548480 bytes,    4598144 total
: 142963K->6610K(153344K), 0.0253241 secs] 357084K->221355K(2080128K)After GC:
Statistics for BinaryTreeDictionary:
------------------------------------
Total Free Space: 218976211
Max   Chunk Size: 218976211
Number of Blocks: 1
Av.  Block  Size: 218976211
Tree      Height: 1
, 0.0254113 secs] [Times: user=0.06 sys=0.00, real=0.02 secs] 
Heap after GC invocations=146 (full 3):
 par new generation   total 153344K, used 6610K [0x0000000080000000, 0x000000008a660000, 0x000000008a660000)
  eden space 136320K,   0% used [0x0000000080000000, 0x0000000080000000, 0x0000000088520000)
  from space 17024K,  38% used [0x0000000088520000, 0x0000000088b94868, 0x00000000895c0000)
  to   space 17024K,   0% used [0x00000000895c0000, 0x00000000895c0000, 0x000000008a660000)
 concurrent mark-sweep generation total 1926784K, used 214745K [0x000000008a660000, 0x0000000100000000, 0x0000000100000000)
 Metaspace       used 83928K, capacity 89359K, committed 89556K, reserved 1128448K
  class space    used 10271K, capacity 10642K, committed 10740K, reserved 1048576K
}
2017-08-01T01:52:51.927+0000: 10883.954: Total time for which application threads were stopped: 0.0256708 seconds, Stopping threads took: 0.0000693 seconds
{Heap before GC invocations=146 (full 3):
 par new generation   total 153344K, used 142930K [0x0000000080000000, 0x000000008a660000, 0x000000008a660000)
  eden space 136320K, 100% used [0x0000000080000000, 0x0000000088520000, 0x0000000088520000)
  from space 17024K,  38% used [0x0000000088520000, 0x0000000088b94868, 0x00000000895c0000)
  to   space 17024K,   0% used [0x00000000895c0000, 0x00000000895c0000, 0x000000008a660000)
 concurrent mark-sweep generation total 1926784K, used 214745K [0x000000008a660000, 0x0000000100000000, 0x0000000100000000)
 Metaspace       used 83928K, capacity 89359K, committed 89556K, reserved 1128448K
  class space    used 10271K, capacity 10642K, committed 10740K, reserved 1048576K
2017-08-01T01:54:28.154+0000: 10980.182: [GC (Allocation Failure) Before GC:
Statistics for BinaryTreeDictionary:
------------------------------------
Total Free Space: 218976211
Max   Chunk Size: 218976211
Number of Blocks: 1
Av.  Block  Size: 218976211
Tree      Height: 1
2017-08-01T01:54:28.154+0000: 10980.182: [ParNew
Desired survivor size 8716288 bytes, new threshold 6 (max 6)
- age   1:    1271528 bytes,    1271528 total
- age   2:     720896 bytes,    1992424 total
- age   3:     668744 bytes,    2661168 total
- age   4:     635480 bytes,    3296648 total
- age   5:     662728 bytes,    3959376 total
- age   6:     603344 bytes,    4562720 total
: 142930K->6700K(153344K), 0.0249127 secs] 357675K->221983K(2080128K)After GC:
Statistics for BinaryTreeDictionary:
------------------------------------
Total Free Space: 218906168
Max   Chunk Size: 218906168
Number of Blocks: 1
Av.  Block  Size: 218906168
Tree      Height: 1
, 0.0250258 secs] [Times: user=0.07 sys=0.00, real=0.02 secs] 
Heap after GC invocations=147 (full 3):
 par new generation   total 153344K, used 6700K [0x0000000080000000, 0x000000008a660000, 0x000000008a660000)
  eden space 136320K,   0% used [0x0000000080000000, 0x0000000080000000, 0x0000000088520000)
  from space 17024K,  39% used [0x00000000895c0000, 0x0000000089c4b068, 0x000000008a660000)
  to   space 17024K,   0% used [0x0000000088520000, 0x0000000088520000, 0x00000000895c0000)
 concurrent mark-sweep generation total 1926784K, used 215283K [0x000000008a660000, 0x0000000100000000, 0x0000000100000000)
 Metaspace       used 83928K, capacity 89359K, committed 89556K, reserved 1128448K
  class space    used 10271K, capacity 10642K, committed 10740K, reserved 1048576K
}
2017-08-01T01:54:28.179+0000: 10980.207: Total time for which application threads were stopped: 0.0252694 seconds, Stopping threads took: 0.0000468 seconds
{Heap before GC invocations=147 (full 3):
 par new generation   total 153344K, used 143020K [0x0000000080000000, 0x000000008a660000, 0x000000008a660000)
  eden space 136320K, 100% used [0x0000000080000000, 0x0000000088520000, 0x0000000088520000)
  from space 17024K,  39% used [0x00000000895c0000, 0x0000000089c4b068, 0x000000008a660000)
  to   space 17024K,   0% used [0x0000000088520000, 0x0000000088520000, 0x00000000895c0000)
 concurrent mark-sweep generation total 1926784K, used 215283K [0x000000008a660000, 0x0000000100000000, 0x0000000100000000)
 Metaspace       used 83928K, capacity 89359K, committed 89556K, reserved 1128448K
  class space    used 10271K, capacity 10642K, committed 10740K, reserved 1048576K
2017-08-01T01:55:59.496+0000: 11071.524: [GC (Allocation Failure) Before GC:
Statistics for BinaryTreeDictionary:
------------------------------------
Total Free Space: 218906168
Max   Chunk Size: 218906168
Number of Blocks: 1
Av.  Block  Size: 218906168
Tree      Height: 1
2017-08-01T01:55:59.496+0000: 11071.524: [ParNew
Desired survivor size 8716288 bytes, new threshold 6 (max 6)
- age   1:    1156296 bytes,    1156296 total
- age   2:     659960 bytes,    1816256 total
- age   3:     637456 bytes,    2453712 total
- age   4:     651480 bytes,    3105192 total
- age   5:     625104 bytes,    3730296 total
- age   6:     654184 bytes,    4384480 total
: 143020K->4459K(153344K), 0.0231735 secs] 358303K->220335K(2080128K)After GC:
Statistics for BinaryTreeDictionary:
------------------------------------
Total Free Space: 218831937
Max   Chunk Size: 218831937
Number of Blocks: 1
Av.  Block  Size: 218831937
Tree      Height: 1
, 0.0232593 secs] [Times: user=0.06 sys=0.00, real=0.02 secs] 
Heap after GC invocations=148 (full 3):
 par new generation   total 153344K, used 4459K [0x0000000080000000, 0x000000008a660000, 0x000000008a660000)
  eden space 136320K,   0% used [0x0000000080000000, 0x0000000080000000, 0x0000000088520000)
  from space 17024K,  26% used [0x0000000088520000, 0x000000008897ac80, 0x00000000895c0000)
  to   space 17024K,   0% used [0x00000000895c0000, 0x00000000895c0000, 0x000000008a660000)
 concurrent mark-sweep generation total 1926784K, used 215876K [0x000000008a660000, 0x0000000100000000, 0x0000000100000000)
 Metaspace       used 83928K, capacity 89359K, committed 89556K, reserved 1128448K
  class space    used 10271K, capacity 10642K, committed 10740K, reserved 1048576K
}
2017-08-01T01:55:59.520+0000: 11071.547: Total time for which application threads were stopped: 0.0235158 seconds, Stopping threads took: 0.0000493 seconds
{Heap before GC invocations=148 (full 3):
 par new generation   total 153344K, used 140779K [0x0000000080000000, 0x000000008a660000, 0x000000008a660000)
  eden space 136320K, 100% used [0x0000000080000000, 0x0000000088520000, 0x0000000088520000)
  from space 17024K,  26% used [0x0000000088520000, 0x000000008897ac80, 0x00000000895c0000)
  to   space 17024K,   0% used [0x00000000895c0000, 0x00000000895c0000, 0x000000008a660000)
 concurrent mark-sweep generation total 1926784K, used 215876K [0x000000008a660000, 0x0000000100000000, 0x0000000100000000)
 Metaspace       used 83928K, capacity 89359K, committed 89556K, reserved 1128448K
  class space    used 10271K, capacity 10642K, committed 10740K, reserved 1048576K
2017-08-01T01:57:31.016+0000: 11163.044: [GC (Allocation Failure) Before GC:
Statistics for BinaryTreeDictionary:
------------------------------------
Total Free Space: 218831937
Max   Chunk Size: 218831937
Number of Blocks: 1
Av.  Block  Size: 218831937
Tree      Height: 1
2017-08-01T01:57:31.016+0000: 11163.044: [ParNew
Desired survivor size 8716288 bytes, new threshold 6 (max 6)
- age   1:    1214560 bytes,    1214560 total
- age   2:     557280 bytes,    1771840 total
- age   3:     589720 bytes,    2361560 total
- age   4:     590480 bytes,    2952040 total
- age   5:     638184 bytes,    3590224 total
- age   6:     616400 bytes,    4206624 total
: 140779K->6482K(153344K), 0.0232045 secs] 356655K->223000K(2080128K)After GC:
Statistics for BinaryTreeDictionary:
------------------------------------
Total Free Space: 218753335
Max   Chunk Size: 218753335
Number of Blocks: 1
Av.  Block  Size: 218753335
Tree      Height: 1
, 0.0232935 secs] [Times: user=0.06 sys=0.00, real=0.02 secs] 
Heap after GC invocations=149 (full 3):
 par new generation   total 153344K, used 6482K [0x0000000080000000, 0x000000008a660000, 0x000000008a660000)
  eden space 136320K,   0% used [0x0000000080000000, 0x0000000080000000, 0x0000000088520000)
  from space 17024K,  38% used [0x00000000895c0000, 0x0000000089c148a8, 0x000000008a660000)
  to   space 17024K,   0% used [0x0000000088520000, 0x0000000088520000, 0x00000000895c0000)
 concurrent mark-sweep generation total 1926784K, used 216517K [0x000000008a660000, 0x0000000100000000, 0x0000000100000000)
 Metaspace       used 83928K, capacity 89359K, committed 89556K, reserved 1128448K
  class space    used 10271K, capacity 10642K, committed 10740K, reserved 1048576K
}
2017-08-01T01:57:31.039+0000: 11163.067: Total time for which application threads were stopped: 0.0235243 seconds, Stopping threads took: 0.0000499 seconds
{Heap before GC invocations=149 (full 3):
 par new generation   total 153344K, used 142802K [0x0000000080000000, 0x000000008a660000, 0x000000008a660000)
  eden space 136320K, 100% used [0x0000000080000000, 0x0000000088520000, 0x0000000088520000)
  from space 17024K,  38% used [0x00000000895c0000, 0x0000000089c148a8, 0x000000008a660000)
  to   space 17024K,   0% used [0x0000000088520000, 0x0000000088520000, 0x00000000895c0000)
 concurrent mark-sweep generation total 1926784K, used 216517K [0x000000008a660000, 0x0000000100000000, 0x0000000100000000)
 Metaspace       used 83928K, capacity 89359K, committed 89556K, reserved 1128448K
  class space    used 10271K, capacity 10642K, committed 10740K, reserved 1048576K
2017-08-01T01:59:07.324+0000: 11259.352: [GC (Allocation Failure) Before GC:
Statistics for BinaryTreeDictionary:
------------------------------------
Total Free Space: 218753335
Max   Chunk Size: 218753335
Number of Blocks: 1
Av.  Block  Size: 218753335
Tree      Height: 1
2017-08-01T01:59:07.324+0000: 11259.352: [ParNew
Desired survivor size 8716288 bytes, new threshold 6 (max 6)
- age   1:    1281328 bytes,    1281328 total
- age   2:     585576 bytes,    1866904 total
- age   3:     485976 bytes,    2352880 total
- age   4:     547368 bytes,    2900248 total
- age   5:     561840 bytes,    3462088 total
- age   6:     626312 bytes,    4088400 total
: 142802K->6237K(153344K), 0.0234731 secs] 359320K->223360K(2080128K)After GC:
Statistics for BinaryTreeDictionary:
------------------------------------
Total Free Space: 218675924
Max   Chunk Size: 218675924
Number of Blocks: 1
Av.  Block  Size: 218675924
Tree      Height: 1
, 0.0235624 secs] [Times: user=0.06 sys=0.00, real=0.02 secs] 
Heap after GC invocations=150 (full 3):
 par new generation   total 153344K, used 6237K [0x0000000080000000, 0x000000008a660000, 0x000000008a660000)
  eden space 136320K,   0% used [0x0000000080000000, 0x0000000080000000, 0x0000000088520000)
  from space 17024K,  36% used [0x0000000088520000, 0x0000000088b37760, 0x00000000895c0000)
  to   space 17024K,   0% used [0x00000000895c0000, 0x00000000895c0000, 0x000000008a660000)
 concurrent mark-sweep generation total 1926784K, used 217122K [0x000000008a660000, 0x0000000100000000, 0x0000000100000000)
 Metaspace       used 83928K, capacity 89359K, committed 89556K, reserved 1128448K
  class space    used 10271K, capacity 10642K, committed 10740K, reserved 1048576K
}
2017-08-01T01:59:07.348+0000: 11259.375: Total time for which application threads were stopped: 0.0238185 seconds, Stopping threads took: 0.0000635 seconds
2017-08-01T01:59:27.350+0000: 11279.377: Total time for which application threads were stopped: 0.0001701 seconds, Stopping threads took: 0.0000572 seconds
2017-08-01T01:59:35.351+0000: 11287.379: Total time for which application threads were stopped: 0.0001344 seconds, Stopping threads took: 0.0000386 seconds
2017-08-01T01:59:42.352+0000: 11294.380: Total time for which application threads were stopped: 0.0001503 seconds, Stopping threads took: 0.0000379 seconds
2017-08-01T02:00:30.365+0000: 11342.393: Total time for which application threads were stopped: 0.0001459 seconds, Stopping threads took: 0.0000369 seconds
2017-08-01T02:00:32.366+0000: 11344.393: Total time for which application threads were stopped: 0.0001375 seconds, Stopping threads took: 0.0000389 seconds
{Heap before GC invocations=150 (full 3):
 par new generation   total 153344K, used 142557K [0x0000000080000000, 0x000000008a660000, 0x000000008a660000)
  eden space 136320K, 100% used [0x0000000080000000, 0x0000000088520000, 0x0000000088520000)
  from space 17024K,  36% used [0x0000000088520000, 0x0000000088b37760, 0x00000000895c0000)
  to   space 17024K,   0% used [0x00000000895c0000, 0x00000000895c0000, 0x000000008a660000)
 concurrent mark-sweep generation total 1926784K, used 217122K [0x000000008a660000, 0x0000000100000000, 0x0000000100000000)
 Metaspace       used 83929K, capacity 89359K, committed 89556K, reserved 1128448K
  class space    used 10271K, capacity 10642K, committed 10740K, reserved 1048576K
2017-08-01T02:00:38.894+0000: 11350.921: [GC (Allocation Failure) Before GC:
Statistics for BinaryTreeDictionary:
------------------------------------
Total Free Space: 218675924
Max   Chunk Size: 218675924
Number of Blocks: 1
Av.  Block  Size: 218675924
Tree      Height: 1
2017-08-01T02:00:38.894+0000: 11350.921: [ParNew
Desired survivor size 8716288 bytes, new threshold 6 (max 6)
- age   1:    1112536 bytes,    1112536 total
- age   2:     672368 bytes,    1784904 total
- age   3:     525432 bytes,    2310336 total
- age   4:     455544 bytes,    2765880 total
- age   5:     525712 bytes,    3291592 total
- age   6:     549680 bytes,    3841272 total
: 142557K->6045K(153344K), 0.0231701 secs] 359680K->223783K(2080128K)After GC:
Statistics for BinaryTreeDictionary:
------------------------------------
Total Free Space: 218596306
Max   Chunk Size: 218596306
Number of Blocks: 1
Av.  Block  Size: 218596306
Tree      Height: 1
, 0.0232720 secs] [Times: user=0.06 sys=0.00, real=0.02 secs] 
Heap after GC invocations=151 (full 3):
 par new generation   total 153344K, used 6045K [0x0000000080000000, 0x000000008a660000, 0x000000008a660000)
  eden space 136320K,   0% used [0x0000000080000000, 0x0000000080000000, 0x0000000088520000)
  from space 17024K,  35% used [0x00000000895c0000, 0x0000000089ba7410, 0x000000008a660000)
  to   space 17024K,   0% used [0x0000000088520000, 0x0000000088520000, 0x00000000895c0000)
 concurrent mark-sweep generation total 1926784K, used 217738K [0x000000008a660000, 0x0000000100000000, 0x0000000100000000)
 Metaspace       used 83929K, capacity 89359K, committed 89556K, reserved 1128448K
  class space    used 10271K, capacity 10642K, committed 10740K, reserved 1048576K
}
2017-08-01T02:00:38.917+0000: 11350.945: Total time for which application threads were stopped: 0.0235234 seconds, Stopping threads took: 0.0000392 seconds
2017-08-01T02:01:27.922+0000: 11399.950: Total time for which application threads were stopped: 0.0001807 seconds, Stopping threads took: 0.0000697 seconds
2017-08-01T02:01:41.924+0000: 11413.951: Total time for which application threads were stopped: 0.0001500 seconds, Stopping threads took: 0.0000385 seconds
{Heap before GC invocations=151 (full 3):
 par new generation   total 153344K, used 142365K [0x0000000080000000, 0x000000008a660000, 0x000000008a660000)
  eden space 136320K, 100% used [0x0000000080000000, 0x0000000088520000, 0x0000000088520000)
  from space 17024K,  35% used [0x00000000895c0000, 0x0000000089ba7410, 0x000000008a660000)
  to   space 17024K,   0% used [0x0000000088520000, 0x0000000088520000, 0x00000000895c0000)
 concurrent mark-sweep generation total 1926784K, used 217738K [0x000000008a660000, 0x0000000100000000, 0x0000000100000000)
 Metaspace       used 83932K, capacity 89359K, committed 89556K, reserved 1128448K
  class space    used 10271K, capacity 10642K, committed 10740K, reserved 1048576K
2017-08-01T02:02:18.277+0000: 11450.304: [GC (Allocation Failure) Before GC:
Statistics for BinaryTreeDictionary:
------------------------------------
Total Free Space: 218596306
Max   Chunk Size: 218596306
Number of Blocks: 1
Av.  Block  Size: 218596306
Tree      Height: 1
2017-08-01T02:02:18.277+0000: 11450.305: [ParNew
Desired survivor size 8716288 bytes, new threshold 6 (max 6)
- age   1:    1259032 bytes,    1259032 total
- age   2:     555728 bytes,    1814760 total
- age   3:     599520 bytes,    2414280 total
- age   4:     489448 bytes,    2903728 total
- age   5:     433912 bytes,    3337640 total
- age   6:     508808 bytes,    3846448 total
: 142365K->5727K(153344K), 0.0230350 secs] 360103K->224002K(2080128K)After GC:
Statistics for BinaryTreeDictionary:
------------------------------------
Total Free Space: 218522942
Max   Chunk Size: 218522942
Number of Blocks: 1
Av.  Block  Size: 218522942
Tree      Height: 1
, 0.0231184 secs] [Times: user=0.06 sys=0.00, real=0.02 secs] 
Heap after GC invocations=152 (full 3):
 par new generation   total 153344K, used 5727K [0x0000000080000000, 0x000000008a660000, 0x000000008a660000)
  eden space 136320K,   0% used [0x0000000080000000, 0x0000000080000000, 0x0000000088520000)
  from space 17024K,  33% used [0x0000000088520000, 0x0000000088ab7e10, 0x00000000895c0000)
  to   space 17024K,   0% used [0x00000000895c0000, 0x00000000895c0000, 0x000000008a660000)
 concurrent mark-sweep generation total 1926784K, used 218275K [0x000000008a660000, 0x0000000100000000, 0x0000000100000000)
 Metaspace       used 83932K, capacity 89359K, committed 89556K, reserved 1128448K
  class space    used 10271K, capacity 10642K, committed 10740K, reserved 1048576K
}
2017-08-01T02:02:18.300+0000: 11450.328: Total time for which application threads were stopped: 0.0233752 seconds, Stopping threads took: 0.0000689 seconds
2017-08-01T02:02:24.301+0000: 11456.328: Total time for which application threads were stopped: 0.0001674 seconds, Stopping threads took: 0.0000395 seconds
2017-08-01T02:02:27.301+0000: 11459.329: Total time for which application threads were stopped: 0.0002188 seconds, Stopping threads took: 0.0000625 seconds
2017-08-01T02:03:24.308+0000: 11516.336: Total time for which application threads were stopped: 0.0001514 seconds, Stopping threads took: 0.0000377 seconds
2017-08-01T02:03:27.308+0000: 11519.336: Total time for which application threads were stopped: 0.0001583 seconds, Stopping threads took: 0.0000419 seconds
{Heap before GC invocations=152 (full 3):
 par new generation   total 153344K, used 142047K [0x0000000080000000, 0x000000008a660000, 0x000000008a660000)
  eden space 136320K, 100% used [0x0000000080000000, 0x0000000088520000, 0x0000000088520000)
  from space 17024K,  33% used [0x0000000088520000, 0x0000000088ab7e10, 0x00000000895c0000)
  to   space 17024K,   0% used [0x00000000895c0000, 0x00000000895c0000, 0x000000008a660000)
 concurrent mark-sweep generation total 1926784K, used 218275K [0x000000008a660000, 0x0000000100000000, 0x0000000100000000)
 Metaspace       used 83975K, capacity 89423K, committed 89812K, reserved 1128448K
  class space    used 10271K, capacity 10642K, committed 10740K, reserved 1048576K
2017-08-01T02:03:48.507+0000: 11540.534: [GC (Allocation Failure) Before GC:
Statistics for BinaryTreeDictionary:
------------------------------------
Total Free Space: 218522942
Max   Chunk Size: 218522942
Number of Blocks: 1
Av.  Block  Size: 218522942
Tree      Height: 1
2017-08-01T02:03:48.507+0000: 11540.534: [ParNew
Desired survivor size 8716288 bytes, new threshold 6 (max 6)
- age   1:    1214832 bytes,    1214832 total
- age   2:     648120 bytes,    1862952 total
- age   3:     500888 bytes,    2363840 total
- age   4:     564632 bytes,    2928472 total
- age   5:     472864 bytes,    3401336 total
- age   6:     423168 bytes,    3824504 total
: 142047K->5650K(153344K), 0.0228416 secs] 360322K->224425K(2080128K)After GC:
Statistics for BinaryTreeDictionary:
------------------------------------
Total Free Space: 218462560
Max   Chunk Size: 218462560
Number of Blocks: 1
Av.  Block  Size: 218462560
Tree      Height: 1
, 0.0229297 secs] [Times: user=0.05 sys=0.00, real=0.02 secs] 
Heap after GC invocations=153 (full 3):
 par new generation   total 153344K, used 5650K [0x0000000080000000, 0x000000008a660000, 0x000000008a660000)
  eden space 136320K,   0% used [0x0000000080000000, 0x0000000080000000, 0x0000000088520000)
  from space 17024K,  33% used [0x00000000895c0000, 0x0000000089b44b88, 0x000000008a660000)
  to   space 17024K,   0% used [0x0000000088520000, 0x0000000088520000, 0x00000000895c0000)
 concurrent mark-sweep generation total 1926784K, used 218774K [0x000000008a660000, 0x0000000100000000, 0x0000000100000000)
 Metaspace       used 83975K, capacity 89423K, committed 89812K, reserved 1128448K
  class space    used 10271K, capacity 10642K, committed 10740K, reserved 1048576K
}
2017-08-01T02:03:48.530+0000: 11540.557: Total time for which application threads were stopped: 0.0232402 seconds, Stopping threads took: 0.0001145 seconds
2017-08-01T02:03:57.531+0000: 11549.559: Total time for which application threads were stopped: 0.0001533 seconds, Stopping threads took: 0.0000559 seconds
2017-08-01T02:04:09.533+0000: 11561.561: Total time for which application threads were stopped: 0.0001317 seconds, Stopping threads took: 0.0000370 seconds
2017-08-01T02:04:20.534+0000: 11572.562: Total time for which application threads were stopped: 0.0002552 seconds, Stopping threads took: 0.0000624 seconds
2017-08-01T02:04:27.535+0000: 11579.563: Total time for which application threads were stopped: 0.0001500 seconds, Stopping threads took: 0.0000540 seconds
2017-08-01T02:04:34.536+0000: 11586.564: Total time for which application threads were stopped: 0.0001545 seconds, Stopping threads took: 0.0000376 seconds
2017-08-01T02:04:41.537+0000: 11593.565: Total time for which application threads were stopped: 0.0001622 seconds, Stopping threads took: 0.0000650 seconds
{Heap before GC invocations=153 (full 3):
 par new generation   total 153344K, used 141970K [0x0000000080000000, 0x000000008a660000, 0x000000008a660000)
  eden space 136320K, 100% used [0x0000000080000000, 0x0000000088520000, 0x0000000088520000)
  from space 17024K,  33% used [0x00000000895c0000, 0x0000000089b44b88, 0x000000008a660000)
  to   space 17024K,   0% used [0x0000000088520000, 0x0000000088520000, 0x00000000895c0000)
 concurrent mark-sweep generation total 1926784K, used 218774K [0x000000008a660000, 0x0000000100000000, 0x0000000100000000)
 Metaspace       used 83986K, capacity 89423K, committed 89812K, reserved 1128448K
  class space    used 10272K, capacity 10642K, committed 10740K, reserved 1048576K
2017-08-01T02:05:30.583+0000: 11642.610: [GC (Allocation Failure) Before GC:
Statistics for BinaryTreeDictionary:
------------------------------------
Total Free Space: 218462560
Max   Chunk Size: 218462560
Number of Blocks: 1
Av.  Block  Size: 218462560
Tree      Height: 1
2017-08-01T02:05:30.583+0000: 11642.610: [ParNew
Desired survivor size 8716288 bytes, new threshold 6 (max 6)
- age   1:    1193400 bytes,    1193400 total
- age   2:     598624 bytes,    1792024 total
- age   3:     576136 bytes,    2368160 total
- age   4:     474816 bytes,    2842976 total
- age   5:     547504 bytes,    3390480 total
- age   6:     464208 bytes,    3854688 total
: 141970K->5611K(153344K), 0.0220152 secs] 360745K->224801K(2080128K)After GC:
Statistics for BinaryTreeDictionary:
------------------------------------
Total Free Space: 218408256
Max   Chunk Size: 218408256
Number of Blocks: 1
Av.  Block  Size: 218408256
Tree      Height: 1
, 0.0221013 secs] [Times: user=0.05 sys=0.00, real=0.02 secs] 
Heap after GC invocations=154 (full 3):
 par new generation   total 153344K, used 5611K [0x0000000080000000, 0x000000008a660000, 0x000000008a660000)
  eden space 136320K,   0% used [0x0000000080000000, 0x0000000080000000, 0x0000000088520000)
  from space 17024K,  32% used [0x0000000088520000, 0x0000000088a9ac80, 0x00000000895c0000)
  to   space 17024K,   0% used [0x00000000895c0000, 0x00000000895c0000, 0x000000008a660000)
 concurrent mark-sweep generation total 1926784K, used 219190K [0x000000008a660000, 0x0000000100000000, 0x0000000100000000)
 Metaspace       used 83986K, capacity 89423K, committed 89812K, reserved 1128448K
  class space    used 10272K, capacity 10642K, committed 10740K, reserved 1048576K
}
2017-08-01T02:05:30.605+0000: 11642.633: Total time for which application threads were stopped: 0.0223630 seconds, Stopping threads took: 0.0000501 seconds
2017-08-01T02:05:58.608+0000: 11670.636: Total time for which application threads were stopped: 0.0001717 seconds, Stopping threads took: 0.0000526 seconds
{Heap before GC invocations=154 (full 3):
 par new generation   total 153344K, used 141931K [0x0000000080000000, 0x000000008a660000, 0x000000008a660000)
  eden space 136320K, 100% used [0x0000000080000000, 0x0000000088520000, 0x0000000088520000)
  from space 17024K,  32% used [0x0000000088520000, 0x0000000088a9ac80, 0x00000000895c0000)
  to   space 17024K,   0% used [0x00000000895c0000, 0x00000000895c0000, 0x000000008a660000)
 concurrent mark-sweep generation total 1926784K, used 219190K [0x000000008a660000, 0x0000000100000000, 0x0000000100000000)
 Metaspace       used 83986K, capacity 89423K, committed 89812K, reserved 1128448K
  class space    used 10272K, capacity 10642K, committed 10740K, reserved 1048576K
2017-08-01T02:07:04.273+0000: 11736.300: [GC (Allocation Failure) Before GC:
Statistics for BinaryTreeDictionary:
------------------------------------
Total Free Space: 218408256
Max   Chunk Size: 218408256
Number of Blocks: 1
Av.  Block  Size: 218408256
Tree      Height: 1
2017-08-01T02:07:04.273+0000: 11736.300: [ParNew
Desired survivor size 8716288 bytes, new threshold 6 (max 6)
- age   1:    1133336 bytes,    1133336 total
- age   2:     603096 bytes,    1736432 total
- age   3:     543976 bytes,    2280408 total
- age   4:     548824 bytes,    2829232 total
- age   5:     460528 bytes,    3289760 total
- age   6:     536488 bytes,    3826248 total
: 141931K->5630K(153344K), 0.0217473 secs] 361121K->225277K(2080128K)After GC:
Statistics for BinaryTreeDictionary:
------------------------------------
Total Free Space: 218349855
Max   Chunk Size: 218349855
Number of Blocks: 1
Av.  Block  Size: 218349855
Tree      Height: 1
, 0.0218403 secs] [Times: user=0.05 sys=0.00, real=0.02 secs] 
Heap after GC invocations=155 (full 3):
 par new generation   total 153344K, used 5630K [0x0000000080000000, 0x000000008a660000, 0x000000008a660000)
  eden space 136320K,   0% used [0x0000000080000000, 0x0000000080000000, 0x0000000088520000)
  from space 17024K,  33% used [0x00000000895c0000, 0x0000000089b3faf8, 0x000000008a660000)
  to   space 17024K,   0% used [0x0000000088520000, 0x0000000088520000, 0x00000000895c0000)
 concurrent mark-sweep generation total 1926784K, used 219646K [0x000000008a660000, 0x0000000100000000, 0x0000000100000000)
 Metaspace       used 83986K, capacity 89423K, committed 89812K, reserved 1128448K
  class space    used 10272K, capacity 10642K, committed 10740K, reserved 1048576K
}
2017-08-01T02:07:04.295+0000: 11736.322: Total time for which application threads were stopped: 0.0221225 seconds, Stopping threads took: 0.0000710 seconds
{Heap before GC invocations=155 (full 3):
 par new generation   total 153344K, used 141950K [0x0000000080000000, 0x000000008a660000, 0x000000008a660000)
  eden space 136320K, 100% used [0x0000000080000000, 0x0000000088520000, 0x0000000088520000)
  from space 17024K,  33% used [0x00000000895c0000, 0x0000000089b3faf8, 0x000000008a660000)
  to   space 17024K,   0% used [0x0000000088520000, 0x0000000088520000, 0x00000000895c0000)
 concurrent mark-sweep generation total 1926784K, used 219646K [0x000000008a660000, 0x0000000100000000, 0x0000000100000000)
 Metaspace       used 83986K, capacity 89423K, committed 89812K, reserved 1128448K
  class space    used 10272K, capacity 10642K, committed 10740K, reserved 1048576K
2017-08-01T02:08:35.055+0000: 11827.083: [GC (Allocation Failure) Before GC:
Statistics for BinaryTreeDictionary:
------------------------------------
Total Free Space: 218349855
Max   Chunk Size: 218349855
Number of Blocks: 1
Av.  Block  Size: 218349855
Tree      Height: 1
2017-08-01T02:08:35.055+0000: 11827.083: [ParNew
Desired survivor size 8716288 bytes, new threshold 6 (max 6)
- age   1:    1235744 bytes,    1235744 total
- age   2:     578624 bytes,    1814368 total
- age   3:     541888 bytes,    2356256 total
- age   4:     518168 bytes,    2874424 total
- age   5:     529232 bytes,    3403656 total
- age   6:     451752 bytes,    3855408 total
: 141950K->7469K(153344K), 0.0238599 secs] 361597K->227643K(2080128K)After GC:
Statistics for BinaryTreeDictionary:
------------------------------------
Total Free Space: 218283582
Max   Chunk Size: 218283582
Number of Blocks: 1
Av.  Block  Size: 218283582
Tree      Height: 1
, 0.0239562 secs] [Times: user=0.05 sys=0.00, real=0.02 secs] 
Heap after GC invocations=156 (full 3):
 par new generation   total 153344K, used 7469K [0x0000000080000000, 0x000000008a660000, 0x000000008a660000)
  eden space 136320K,   0% used [0x0000000080000000, 0x0000000080000000, 0x0000000088520000)
  from space 17024K,  43% used [0x0000000088520000, 0x0000000088c6b720, 0x00000000895c0000)
  to   space 17024K,   0% used [0x00000000895c0000, 0x00000000895c0000, 0x000000008a660000)
 concurrent mark-sweep generation total 1926784K, used 220173K [0x000000008a660000, 0x0000000100000000, 0x0000000100000000)
 Metaspace       used 83986K, capacity 89423K, committed 89812K, reserved 1128448K
  class space    used 10272K, capacity 10642K, committed 10740K, reserved 1048576K
}
2017-08-01T02:08:35.079+0000: 11827.107: Total time for which application threads were stopped: 0.0241723 seconds, Stopping threads took: 0.0000379 seconds
{Heap before GC invocations=156 (full 3):
 par new generation   total 153344K, used 143789K [0x0000000080000000, 0x000000008a660000, 0x000000008a660000)
  eden space 136320K, 100% used [0x0000000080000000, 0x0000000088520000, 0x0000000088520000)
  from space 17024K,  43% used [0x0000000088520000, 0x0000000088c6b720, 0x00000000895c0000)
  to   space 17024K,   0% used [0x00000000895c0000, 0x00000000895c0000, 0x000000008a660000)
 concurrent mark-sweep generation total 1926784K, used 220173K [0x000000008a660000, 0x0000000100000000, 0x0000000100000000)
 Metaspace       used 83986K, capacity 89423K, committed 89812K, reserved 1128448K
  class space    used 10272K, capacity 10642K, committed 10740K, reserved 1048576K
2017-08-01T02:10:14.463+0000: 11926.491: [GC (Allocation Failure) Before GC:
Statistics for BinaryTreeDictionary:
------------------------------------
Total Free Space: 218283582
Max   Chunk Size: 218283582
Number of Blocks: 1
Av.  Block  Size: 218283582
Tree      Height: 1
2017-08-01T02:10:14.463+0000: 11926.491: [ParNew
Desired survivor size 8716288 bytes, new threshold 6 (max 6)
- age   1:    1335168 bytes,    1335168 total
- age   2:     650168 bytes,    1985336 total
- age   3:     519904 bytes,    2505240 total
- age   4:     517632 bytes,    3022872 total
- age   5:     502424 bytes,    3525296 total
- age   6:     516784 bytes,    4042080 total
: 143789K->4692K(153344K), 0.0225985 secs] 363963K->225309K(2080128K)After GC:
Statistics for BinaryTreeDictionary:
------------------------------------
Total Free Space: 218222912
Max   Chunk Size: 218222912
Number of Blocks: 1
Av.  Block  Size: 218222912
Tree      Height: 1
, 0.0227143 secs] [Times: user=0.06 sys=0.00, real=0.02 secs] 
Heap after GC invocations=157 (full 3):
 par new generation   total 153344K, used 4692K [0x0000000080000000, 0x000000008a660000, 0x000000008a660000)
  eden space 136320K,   0% used [0x0000000080000000, 0x0000000080000000, 0x0000000088520000)
  from space 17024K,  27% used [0x00000000895c0000, 0x0000000089a55280, 0x000000008a660000)
  to   space 17024K,   0% used [0x0000000088520000, 0x0000000088520000, 0x00000000895c0000)
 concurrent mark-sweep generation total 1926784K, used 220616K [0x000000008a660000, 0x0000000100000000, 0x0000000100000000)
 Metaspace       used 83986K, capacity 89423K, committed 89812K, reserved 1128448K
  class space    used 10272K, capacity 10642K, committed 10740K, reserved 1048576K
}
2017-08-01T02:10:14.486+0000: 11926.513: Total time for which application threads were stopped: 0.0229913 seconds, Stopping threads took: 0.0000674 seconds
{Heap before GC invocations=157 (full 3):
 par new generation   total 153344K, used 141012K [0x0000000080000000, 0x000000008a660000, 0x000000008a660000)
  eden space 136320K, 100% used [0x0000000080000000, 0x0000000088520000, 0x0000000088520000)
  from space 17024K,  27% used [0x00000000895c0000, 0x0000000089a55280, 0x000000008a660000)
  to   space 17024K,   0% used [0x0000000088520000, 0x0000000088520000, 0x00000000895c0000)
 concurrent mark-sweep generation total 1926784K, used 220616K [0x000000008a660000, 0x0000000100000000, 0x0000000100000000)
 Metaspace       used 83988K, capacity 89423K, committed 89812K, reserved 1128448K
  class space    used 10272K, capacity 10642K, committed 10740K, reserved 1048576K
2017-08-01T02:11:45.007+0000: 12017.035: [GC (Allocation Failure) Before GC:
Statistics for BinaryTreeDictionary:
------------------------------------
Total Free Space: 218222912
Max   Chunk Size: 218222912
Number of Blocks: 1
Av.  Block  Size: 218222912
Tree      Height: 1
2017-08-01T02:11:45.007+0000: 12017.035: [ParNew
Desired survivor size 8716288 bytes, new threshold 6 (max 6)
- age   1:    1252272 bytes,    1252272 total
- age   2:     733688 bytes,    1985960 total
- age   3:     598112 bytes,    2584072 total
- age   4:     500096 bytes,    3084168 total
- age   5:     499768 bytes,    3583936 total
- age   6:     491240 bytes,    4075176 total
: 141012K->7081K(153344K), 0.0217290 secs] 361629K->228206K(2080128K)After GC:
Statistics for BinaryTreeDictionary:
------------------------------------
Total Free Space: 218163413
Max   Chunk Size: 218163413
Number of Blocks: 1
Av.  Block  Size: 218163413
Tree      Height: 1
, 0.0218129 secs] [Times: user=0.06 sys=0.00, real=0.02 secs] 
Heap after GC invocations=158 (full 3):
 par new generation   total 153344K, used 7081K [0x0000000080000000, 0x000000008a660000, 0x000000008a660000)
  eden space 136320K,   0% used [0x0000000080000000, 0x0000000080000000, 0x0000000088520000)
  from space 17024K,  41% used [0x0000000088520000, 0x0000000088c0a670, 0x00000000895c0000)
  to   space 17024K,   0% used [0x00000000895c0000, 0x00000000895c0000, 0x000000008a660000)
 concurrent mark-sweep generation total 1926784K, used 221124K [0x000000008a660000, 0x0000000100000000, 0x0000000100000000)
 Metaspace       used 83988K, capacity 89423K, committed 89812K, reserved 1128448K
  class space    used 10272K, capacity 10642K, committed 10740K, reserved 1048576K
}
2017-08-01T02:11:45.029+0000: 12017.057: Total time for which application threads were stopped: 0.0220894 seconds, Stopping threads took: 0.0000803 seconds
2017-08-01T02:12:31.034+0000: 12063.061: Total time for which application threads were stopped: 0.0001366 seconds, Stopping threads took: 0.0000415 seconds
{Heap before GC invocations=158 (full 3):
 par new generation   total 153344K, used 143401K [0x0000000080000000, 0x000000008a660000, 0x000000008a660000)
  eden space 136320K, 100% used [0x0000000080000000, 0x0000000088520000, 0x0000000088520000)
  from space 17024K,  41% used [0x0000000088520000, 0x0000000088c0a670, 0x00000000895c0000)
  to   space 17024K,   0% used [0x00000000895c0000, 0x00000000895c0000, 0x000000008a660000)
 concurrent mark-sweep generation total 1926784K, used 221124K [0x000000008a660000, 0x0000000100000000, 0x0000000100000000)
 Metaspace       used 83988K, capacity 89423K, committed 89812K, reserved 1128448K
  class space    used 10272K, capacity 10642K, committed 10740K, reserved 1048576K
2017-08-01T02:13:24.880+0000: 12116.908: [GC (Allocation Failure) Before GC:
Statistics for BinaryTreeDictionary:
------------------------------------
Total Free Space: 218163413
Max   Chunk Size: 218163413
Number of Blocks: 1
Av.  Block  Size: 218163413
Tree      Height: 1
2017-08-01T02:13:24.881+0000: 12116.908: [ParNew
Desired survivor size 8716288 bytes, new threshold 6 (max 6)
- age   1:    1376856 bytes,    1376856 total
- age   2:     679736 bytes,    2056592 total
- age   3:     671816 bytes,    2728408 total
- age   4:     573976 bytes,    3302384 total
- age   5:     486336 bytes,    3788720 total
- age   6:     487088 bytes,    4275808 total
: 143401K->4756K(153344K), 0.0228439 secs] 364526K->226364K(2080128K)After GC:
Statistics for BinaryTreeDictionary:
------------------------------------
Total Free Space: 218099493
Max   Chunk Size: 218099493
Number of Blocks: 1
Av.  Block  Size: 218099493
Tree      Height: 1
, 0.0229493 secs] [Times: user=0.05 sys=0.00, real=0.03 secs] 
Heap after GC invocations=159 (full 3):
 par new generation   total 153344K, used 4756K [0x0000000080000000, 0x000000008a660000, 0x000000008a660000)
  eden space 136320K,   0% used [0x0000000080000000, 0x0000000080000000, 0x0000000088520000)
  from space 17024K,  27% used [0x00000000895c0000, 0x0000000089a65280, 0x000000008a660000)
  to   space 17024K,   0% used [0x0000000088520000, 0x0000000088520000, 0x00000000895c0000)
 concurrent mark-sweep generation total 1926784K, used 221607K [0x000000008a660000, 0x0000000100000000, 0x0000000100000000)
 Metaspace       used 83988K, capacity 89423K, committed 89812K, reserved 1128448K
  class space    used 10272K, capacity 10642K, committed 10740K, reserved 1048576K
}
2017-08-01T02:13:24.903+0000: 12116.931: Total time for which application threads were stopped: 0.0231859 seconds, Stopping threads took: 0.0000442 seconds
{Heap before GC invocations=159 (full 3):
 par new generation   total 153344K, used 141076K [0x0000000080000000, 0x000000008a660000, 0x000000008a660000)
  eden space 136320K, 100% used [0x0000000080000000, 0x0000000088520000, 0x0000000088520000)
  from space 17024K,  27% used [0x00000000895c0000, 0x0000000089a65280, 0x000000008a660000)
  to   space 17024K,   0% used [0x0000000088520000, 0x0000000088520000, 0x00000000895c0000)
 concurrent mark-sweep generation total 1926784K, used 221607K [0x000000008a660000, 0x0000000100000000, 0x0000000100000000)
 Metaspace       used 83988K, capacity 89423K, committed 89812K, reserved 1128448K
  class space    used 10272K, capacity 10642K, committed 10740K, reserved 1048576K
2017-08-01T02:14:54.193+0000: 12206.221: [GC (Allocation Failure) Before GC:
Statistics for BinaryTreeDictionary:
------------------------------------
Total Free Space: 218099493
Max   Chunk Size: 218099493
Number of Blocks: 1
Av.  Block  Size: 218099493
Tree      Height: 1
2017-08-01T02:14:54.193+0000: 12206.221: [ParNew
Desired survivor size 8716288 bytes, new threshold 6 (max 6)
- age   1:    1230280 bytes,    1230280 total
- age   2:     717104 bytes,    1947384 total
- age   3:     630096 bytes,    2577480 total
- age   4:     646416 bytes,    3223896 total
- age   5:     559640 bytes,    3783536 total
- age   6:     476176 bytes,    4259712 total
: 141076K->7439K(153344K), 0.0221883 secs] 362684K->229525K(2080128K)After GC:
Statistics for BinaryTreeDictionary:
------------------------------------
Total Free Space: 218037767
Max   Chunk Size: 218037767
Number of Blocks: 1
Av.  Block  Size: 218037767
Tree      Height: 1
, 0.0222874 secs] [Times: user=0.06 sys=0.00, real=0.02 secs] 
Heap after GC invocations=160 (full 3):
 par new generation   total 153344K, used 7439K [0x0000000080000000, 0x000000008a660000, 0x000000008a660000)
  eden space 136320K,   0% used [0x0000000080000000, 0x0000000080000000, 0x0000000088520000)
  from space 17024K,  43% used [0x0000000088520000, 0x0000000088c63f38, 0x00000000895c0000)
  to   space 17024K,   0% used [0x00000000895c0000, 0x00000000895c0000, 0x000000008a660000)
 concurrent mark-sweep generation total 1926784K, used 222085K [0x000000008a660000, 0x0000000100000000, 0x0000000100000000)
 Metaspace       used 83988K, capacity 89423K, committed 89812K, reserved 1128448K
  class space    used 10272K, capacity 10642K, committed 10740K, reserved 1048576K
}
2017-08-01T02:14:54.215+0000: 12206.243: Total time for which application threads were stopped: 0.0225215 seconds, Stopping threads took: 0.0000452 seconds
2017-08-01T02:16:09.226+0000: 12281.253: Total time for which application threads were stopped: 0.0001709 seconds, Stopping threads took: 0.0000419 seconds
{Heap before GC invocations=160 (full 3):
 par new generation   total 153344K, used 143759K [0x0000000080000000, 0x000000008a660000, 0x000000008a660000)
  eden space 136320K, 100% used [0x0000000080000000, 0x0000000088520000, 0x0000000088520000)
  from space 17024K,  43% used [0x0000000088520000, 0x0000000088c63f38, 0x00000000895c0000)
  to   space 17024K,   0% used [0x00000000895c0000, 0x00000000895c0000, 0x000000008a660000)
 concurrent mark-sweep generation total 1926784K, used 222085K [0x000000008a660000, 0x0000000100000000, 0x0000000100000000)
 Metaspace       used 83988K, capacity 89423K, committed 89812K, reserved 1128448K
  class space    used 10272K, capacity 10642K, committed 10740K, reserved 1048576K
2017-08-01T02:16:30.929+0000: 12302.957: [GC (Allocation Failure) Before GC:
Statistics for BinaryTreeDictionary:
------------------------------------
Total Free Space: 218037767
Max   Chunk Size: 218037767
Number of Blocks: 1
Av.  Block  Size: 218037767
Tree      Height: 1
2017-08-01T02:16:30.929+0000: 12302.957: [ParNew
Desired survivor size 8716288 bytes, new threshold 6 (max 6)
- age   1:    1290744 bytes,    1290744 total
- age   2:     698936 bytes,    1989680 total
- age   3:     659688 bytes,    2649368 total
- age   4:     605424 bytes,    3254792 total
- age   5:     629400 bytes,    3884192 total
- age   6:     549776 bytes,    4433968 total
: 143759K->4981K(153344K), 0.0373727 secs] 365845K->227534K(2080128K)After GC:
Statistics for BinaryTreeDictionary:
------------------------------------
Total Free Space: 217978447
Max   Chunk Size: 217978447
Number of Blocks: 1
Av.  Block  Size: 217978447
Tree      Height: 1
, 0.0374735 secs] [Times: user=0.05 sys=0.00, real=0.04 secs] 
Heap after GC invocations=161 (full 3):
 par new generation   total 153344K, used 4981K [0x0000000080000000, 0x000000008a660000, 0x000000008a660000)
  eden space 136320K,   0% used [0x0000000080000000, 0x0000000080000000, 0x0000000088520000)
  from space 17024K,  29% used [0x00000000895c0000, 0x0000000089a9d438, 0x000000008a660000)
  to   space 17024K,   0% used [0x0000000088520000, 0x0000000088520000, 0x00000000895c0000)
 concurrent mark-sweep generation total 1926784K, used 222553K [0x000000008a660000, 0x0000000100000000, 0x0000000100000000)
 Metaspace       used 83988K, capacity 89423K, committed 89812K, reserved 1128448K
  class space    used 10272K, capacity 10642K, committed 10740K, reserved 1048576K
}
2017-08-01T02:16:30.967+0000: 12302.995: Total time for which application threads were stopped: 0.0377382 seconds, Stopping threads took: 0.0000336 seconds
{Heap before GC invocations=161 (full 3):
 par new generation   total 153344K, used 141301K [0x0000000080000000, 0x000000008a660000, 0x000000008a660000)
  eden space 136320K, 100% used [0x0000000080000000, 0x0000000088520000, 0x0000000088520000)
  from space 17024K,  29% used [0x00000000895c0000, 0x0000000089a9d438, 0x000000008a660000)
  to   space 17024K,   0% used [0x0000000088520000, 0x0000000088520000, 0x00000000895c0000)
 concurrent mark-sweep generation total 1926784K, used 222553K [0x000000008a660000, 0x0000000100000000, 0x0000000100000000)
 Metaspace       used 83988K, capacity 89423K, committed 89812K, reserved 1128448K
  class space    used 10272K, capacity 10642K, committed 10740K, reserved 1048576K
2017-08-01T02:18:06.358+0000: 12398.386: [GC (Allocation Failure) Before GC:
Statistics for BinaryTreeDictionary:
------------------------------------
Total Free Space: 217978447
Max   Chunk Size: 217978447
Number of Blocks: 1
Av.  Block  Size: 217978447
Tree      Height: 1
2017-08-01T02:18:06.358+0000: 12398.386: [ParNew
Desired survivor size 8716288 bytes, new threshold 6 (max 6)
- age   1:    1256072 bytes,    1256072 total
- age   2:     739704 bytes,    1995776 total
- age   3:     641216 bytes,    2636992 total
- age   4:     635192 bytes,    3272184 total
- age   5:     591904 bytes,    3864088 total
- age   6:     618304 bytes,    4482392 total
: 141301K->7729K(153344K), 0.0233038 secs] 363854K->230821K(2080128K)After GC:
Statistics for BinaryTreeDictionary:
------------------------------------
Total Free Space: 217909993
Max   Chunk Size: 217909993
Number of Blocks: 1
Av.  Block  Size: 217909993
Tree      Height: 1
, 0.0233940 secs] [Times: user=0.06 sys=0.00, real=0.03 secs] 
Heap after GC invocations=162 (full 3):
 par new generation   total 153344K, used 7729K [0x0000000080000000, 0x000000008a660000, 0x000000008a660000)
  eden space 136320K,   0% used [0x0000000080000000, 0x0000000080000000, 0x0000000088520000)
  from space 17024K,  45% used [0x0000000088520000, 0x0000000088cac550, 0x00000000895c0000)
  to   space 17024K,   0% used [0x00000000895c0000, 0x00000000895c0000, 0x000000008a660000)
 concurrent mark-sweep generation total 1926784K, used 223092K [0x000000008a660000, 0x0000000100000000, 0x0000000100000000)
 Metaspace       used 83988K, capacity 89423K, committed 89812K, reserved 1128448K
  class space    used 10272K, capacity 10642K, committed 10740K, reserved 1048576K
}
2017-08-01T02:18:06.381+0000: 12398.409: Total time for which application threads were stopped: 0.0236763 seconds, Stopping threads took: 0.0000826 seconds
2017-08-01T02:18:24.383+0000: 12416.411: Total time for which application threads were stopped: 0.0001520 seconds, Stopping threads took: 0.0000396 seconds
{Heap before GC invocations=162 (full 3):
 par new generation   total 153344K, used 144049K [0x0000000080000000, 0x000000008a660000, 0x000000008a660000)
  eden space 136320K, 100% used [0x0000000080000000, 0x0000000088520000, 0x0000000088520000)
  from space 17024K,  45% used [0x0000000088520000, 0x0000000088cac550, 0x00000000895c0000)
  to   space 17024K,   0% used [0x00000000895c0000, 0x00000000895c0000, 0x000000008a660000)
 concurrent mark-sweep generation total 1926784K, used 223092K [0x000000008a660000, 0x0000000100000000, 0x0000000100000000)
 Metaspace       used 83988K, capacity 89423K, committed 89812K, reserved 1128448K
  class space    used 10272K, capacity 10642K, committed 10740K, reserved 1048576K
2017-08-01T02:19:37.771+0000: 12489.799: [GC (Allocation Failure) Before GC:
Statistics for BinaryTreeDictionary:
------------------------------------
Total Free Space: 217909993
Max   Chunk Size: 217909993
Number of Blocks: 1
Av.  Block  Size: 217909993
Tree      Height: 1
2017-08-01T02:19:37.772+0000: 12489.799: [ParNew
Desired survivor size 8716288 bytes, new threshold 6 (max 6)
- age   1:    1262504 bytes,    1262504 total
- age   2:     680792 bytes,    1943296 total
- age   3:     681680 bytes,    2624976 total
- age   4:     618104 bytes,    3243080 total
- age   5:     618544 bytes,    3861624 total
- age   6:     581592 bytes,    4443216 total
: 144049K->5214K(153344K), 0.0243120 secs] 367141K->228913K(2080128K)After GC:
Statistics for BinaryTreeDictionary:
------------------------------------
Total Free Space: 217834922
Max   Chunk Size: 217834922
Number of Blocks: 1
Av.  Block  Size: 217834922
Tree      Height: 1
, 0.0244036 secs] [Times: user=0.06 sys=0.00, real=0.02 secs] 
Heap after GC invocations=163 (full 3):
 par new generation   total 153344K, used 5214K [0x0000000080000000, 0x000000008a660000, 0x000000008a660000)
  eden space 136320K,   0% used [0x0000000080000000, 0x0000000080000000, 0x0000000088520000)
  from space 17024K,  30% used [0x00000000895c0000, 0x0000000089ad7af8, 0x000000008a660000)
  to   space 17024K,   0% used [0x0000000088520000, 0x0000000088520000, 0x00000000895c0000)
 concurrent mark-sweep generation total 1926784K, used 223698K [0x000000008a660000, 0x0000000100000000, 0x0000000100000000)
 Metaspace       used 83988K, capacity 89423K, committed 89812K, reserved 1128448K
  class space    used 10272K, capacity 10642K, committed 10740K, reserved 1048576K
}
2017-08-01T02:19:37.796+0000: 12489.824: Total time for which application threads were stopped: 0.0246857 seconds, Stopping threads took: 0.0000658 seconds
2017-08-01T02:20:08.800+0000: 12520.828: Total time for which application threads were stopped: 0.0001662 seconds, Stopping threads took: 0.0000725 seconds
{Heap before GC invocations=163 (full 3):
 par new generation   total 153344K, used 141534K [0x0000000080000000, 0x000000008a660000, 0x000000008a660000)
  eden space 136320K, 100% used [0x0000000080000000, 0x0000000088520000, 0x0000000088520000)
  from space 17024K,  30% used [0x00000000895c0000, 0x0000000089ad7af8, 0x000000008a660000)
  to   space 17024K,   0% used [0x0000000088520000, 0x0000000088520000, 0x00000000895c0000)
 concurrent mark-sweep generation total 1926784K, used 223698K [0x000000008a660000, 0x0000000100000000, 0x0000000100000000)
 Metaspace       used 83988K, capacity 89423K, committed 89812K, reserved 1128448K
  class space    used 10272K, capacity 10642K, committed 10740K, reserved 1048576K
2017-08-01T02:21:15.420+0000: 12587.447: [GC (Allocation Failure) Before GC:
Statistics for BinaryTreeDictionary:
------------------------------------
Total Free Space: 217834922
Max   Chunk Size: 217834922
Number of Blocks: 1
Av.  Block  Size: 217834922
Tree      Height: 1
2017-08-01T02:21:15.420+0000: 12587.448: [ParNew
Desired survivor size 8716288 bytes, new threshold 6 (max 6)
- age   1:    1403224 bytes,    1403224 total
- age   2:     673000 bytes,    2076224 total
- age   3:     621624 bytes,    2697848 total
- age   4:     655488 bytes,    3353336 total
- age   5:     602808 bytes,    3956144 total
- age   6:     607504 bytes,    4563648 total
: 141534K->7803K(153344K), 0.0246809 secs] 365233K->232071K(2080128K)After GC:
Statistics for BinaryTreeDictionary:
------------------------------------
Total Free Space: 217757734
Max   Chunk Size: 217757734
Number of Blocks: 1
Av.  Block  Size: 217757734
Tree      Height: 1
, 0.0247958 secs] [Times: user=0.06 sys=0.00, real=0.03 secs] 
Heap after GC invocations=164 (full 3):
 par new generation   total 153344K, used 7803K [0x0000000080000000, 0x000000008a660000, 0x000000008a660000)
  eden space 136320K,   0% used [0x0000000080000000, 0x0000000080000000, 0x0000000088520000)
  from space 17024K,  45% used [0x0000000088520000, 0x0000000088cbec20, 0x00000000895c0000)
  to   space 17024K,   0% used [0x00000000895c0000, 0x00000000895c0000, 0x000000008a660000)
 concurrent mark-sweep generation total 1926784K, used 224268K [0x000000008a660000, 0x0000000100000000, 0x0000000100000000)
 Metaspace       used 83988K, capacity 89423K, committed 89812K, reserved 1128448K
  class space    used 10272K, capacity 10642K, committed 10740K, reserved 1048576K
}
2017-08-01T02:21:15.445+0000: 12587.472: Total time for which application threads were stopped: 0.0250417 seconds, Stopping threads took: 0.0000409 seconds
{Heap before GC invocations=164 (full 3):
 par new generation   total 153344K, used 144123K [0x0000000080000000, 0x000000008a660000, 0x000000008a660000)
  eden space 136320K, 100% used [0x0000000080000000, 0x0000000088520000, 0x0000000088520000)
  from space 17024K,  45% used [0x0000000088520000, 0x0000000088cbec20, 0x00000000895c0000)
  to   space 17024K,   0% used [0x00000000895c0000, 0x00000000895c0000, 0x000000008a660000)
 concurrent mark-sweep generation total 1926784K, used 224268K [0x000000008a660000, 0x0000000100000000, 0x0000000100000000)
 Metaspace       used 83988K, capacity 89423K, committed 89812K, reserved 1128448K
  class space    used 10272K, capacity 10642K, committed 10740K, reserved 1048576K
2017-08-01T02:22:46.784+0000: 12678.812: [GC (Allocation Failure) Before GC:
Statistics for BinaryTreeDictionary:
------------------------------------
Total Free Space: 217757734
Max   Chunk Size: 217757734
Number of Blocks: 1
Av.  Block  Size: 217757734
Tree      Height: 1
2017-08-01T02:22:46.784+0000: 12678.812: [ParNew
Desired survivor size 8716288 bytes, new threshold 6 (max 6)
- age   1:    1284984 bytes,    1284984 total
- age   2:     754400 bytes,    2039384 total
- age   3:     616424 bytes,    2655808 total
- age   4:     595232 bytes,    3251040 total
- age   5:     637392 bytes,    3888432 total
- age   6:     590984 bytes,    4479416 total
: 144123K->5292K(153344K), 0.0233091 secs] 368391K->230157K(2080128K)After GC:
Statistics for BinaryTreeDictionary:
------------------------------------
Total Free Space: 217681564
Max   Chunk Size: 217681564
Number of Blocks: 1
Av.  Block  Size: 217681564
Tree      Height: 1
, 0.0233928 secs] [Times: user=0.06 sys=0.00, real=0.02 secs] 
Heap after GC invocations=165 (full 3):
 par new generation   total 153344K, used 5292K [0x0000000080000000, 0x000000008a660000, 0x000000008a660000)
  eden space 136320K,   0% used [0x0000000080000000, 0x0000000080000000, 0x0000000088520000)
  from space 17024K,  31% used [0x00000000895c0000, 0x0000000089aeb198, 0x000000008a660000)
  to   space 17024K,   0% used [0x0000000088520000, 0x0000000088520000, 0x00000000895c0000)
 concurrent mark-sweep generation total 1926784K, used 224865K [0x000000008a660000, 0x0000000100000000, 0x0000000100000000)
 Metaspace       used 83988K, capacity 89423K, committed 89812K, reserved 1128448K
  class space    used 10272K, capacity 10642K, committed 10740K, reserved 1048576K
}
2017-08-01T02:22:46.807+0000: 12678.835: Total time for which application threads were stopped: 0.0236118 seconds, Stopping threads took: 0.0000389 seconds
{Heap before GC invocations=165 (full 3):
 par new generation   total 153344K, used 141612K [0x0000000080000000, 0x000000008a660000, 0x000000008a660000)
  eden space 136320K, 100% used [0x0000000080000000, 0x0000000088520000, 0x0000000088520000)
  from space 17024K,  31% used [0x00000000895c0000, 0x0000000089aeb198, 0x000000008a660000)
  to   space 17024K,   0% used [0x0000000088520000, 0x0000000088520000, 0x00000000895c0000)
 concurrent mark-sweep generation total 1926784K, used 224865K [0x000000008a660000, 0x0000000100000000, 0x0000000100000000)
 Metaspace       used 83988K, capacity 89423K, committed 89812K, reserved 1128448K
  class space    used 10272K, capacity 10642K, committed 10740K, reserved 1048576K
2017-08-01T02:24:26.430+0000: 12778.458: [GC (Allocation Failure) Before GC:
Statistics for BinaryTreeDictionary:
------------------------------------
Total Free Space: 217681564
Max   Chunk Size: 217681564
Number of Blocks: 1
Av.  Block  Size: 217681564
Tree      Height: 1
2017-08-01T02:24:26.430+0000: 12778.458: [ParNew
Desired survivor size 8716288 bytes, new threshold 6 (max 6)
- age   1:    1400984 bytes,    1400984 total
- age   2:     686416 bytes,    2087400 total
- age   3:     696688 bytes,    2784088 total
- age   4:     595128 bytes,    3379216 total
- age   5:     580664 bytes,    3959880 total
- age   6:     623744 bytes,    4583624 total
: 141612K->7875K(153344K), 0.0257203 secs] 366477K->233317K(2080128K)After GC:
Statistics for BinaryTreeDictionary:
------------------------------------
Total Free Space: 217611771
Max   Chunk Size: 217611771
Number of Blocks: 1
Av.  Block  Size: 217611771
Tree      Height: 1
, 0.0258136 secs] [Times: user=0.06 sys=0.00, real=0.03 secs] 
Heap after GC invocations=166 (full 3):
 par new generation   total 153344K, used 7875K [0x0000000080000000, 0x000000008a660000, 0x000000008a660000)
  eden space 136320K,   0% used [0x0000000080000000, 0x0000000080000000, 0x0000000088520000)
  from space 17024K,  46% used [0x0000000088520000, 0x0000000088cd0f10, 0x00000000895c0000)
  to   space 17024K,   0% used [0x00000000895c0000, 0x00000000895c0000, 0x000000008a660000)
 concurrent mark-sweep generation total 1926784K, used 225441K [0x000000008a660000, 0x0000000100000000, 0x0000000100000000)
 Metaspace       used 83988K, capacity 89423K, committed 89812K, reserved 1128448K
  class space    used 10272K, capacity 10642K, committed 10740K, reserved 1048576K
}
2017-08-01T02:24:26.456+0000: 12778.484: Total time for which application threads were stopped: 0.0260564 seconds, Stopping threads took: 0.0000519 seconds
{Heap before GC invocations=166 (full 3):
 par new generation   total 153344K, used 144195K [0x0000000080000000, 0x000000008a660000, 0x000000008a660000)
  eden space 136320K, 100% used [0x0000000080000000, 0x0000000088520000, 0x0000000088520000)
  from space 17024K,  46% used [0x0000000088520000, 0x0000000088cd0f10, 0x00000000895c0000)
  to   space 17024K,   0% used [0x00000000895c0000, 0x00000000895c0000, 0x000000008a660000)
 concurrent mark-sweep generation total 1926784K, used 225441K [0x000000008a660000, 0x0000000100000000, 0x0000000100000000)
 Metaspace       used 83988K, capacity 89423K, committed 89812K, reserved 1128448K
  class space    used 10272K, capacity 10642K, committed 10740K, reserved 1048576K
2017-08-01T02:25:58.964+0000: 12870.992: [GC (Allocation Failure) Before GC:
Statistics for BinaryTreeDictionary:
------------------------------------
Total Free Space: 217611771
Max   Chunk Size: 217611771
Number of Blocks: 1
Av.  Block  Size: 217611771
Tree      Height: 1
2017-08-01T02:25:58.964+0000: 12870.992: [ParNew
Desired survivor size 8716288 bytes, new threshold 6 (max 6)
- age   1:    1246664 bytes,    1246664 total
- age   2:     780528 bytes,    2027192 total
- age   3:     632840 bytes,    2660032 total
- age   4:     670376 bytes,    3330408 total
- age   5:     578752 bytes,    3909160 total
- age   6:     568928 bytes,    4478088 total
: 144195K->5325K(153344K), 0.0239172 secs] 369637K->231379K(2080128K)After GC:
Statistics for BinaryTreeDictionary:
------------------------------------
Total Free Space: 217531821
Max   Chunk Size: 217531821
Number of Blocks: 1
Av.  Block  Size: 217531821
Tree      Height: 1
, 0.0239954 secs] [Times: user=0.06 sys=0.00, real=0.02 secs] 
Heap after GC invocations=167 (full 3):
 par new generation   total 153344K, used 5325K [0x0000000080000000, 0x000000008a660000, 0x000000008a660000)
  eden space 136320K,   0% used [0x0000000080000000, 0x0000000080000000, 0x0000000088520000)
  from space 17024K,  31% used [0x00000000895c0000, 0x0000000089af3430, 0x000000008a660000)
  to   space 17024K,   0% used [0x0000000088520000, 0x0000000088520000, 0x00000000895c0000)
 concurrent mark-sweep generation total 1926784K, used 226054K [0x000000008a660000, 0x0000000100000000, 0x0000000100000000)
 Metaspace       used 83988K, capacity 89423K, committed 89812K, reserved 1128448K
  class space    used 10272K, capacity 10642K, committed 10740K, reserved 1048576K
}
2017-08-01T02:25:58.988+0000: 12871.016: Total time for which application threads were stopped: 0.0242440 seconds, Stopping threads took: 0.0000520 seconds
{Heap before GC invocations=167 (full 3):
 par new generation   total 153344K, used 141645K [0x0000000080000000, 0x000000008a660000, 0x000000008a660000)
  eden space 136320K, 100% used [0x0000000080000000, 0x0000000088520000, 0x0000000088520000)
  from space 17024K,  31% used [0x00000000895c0000, 0x0000000089af3430, 0x000000008a660000)
  to   space 17024K,   0% used [0x0000000088520000, 0x0000000088520000, 0x00000000895c0000)
 concurrent mark-sweep generation total 1926784K, used 226054K [0x000000008a660000, 0x0000000100000000, 0x0000000100000000)
 Metaspace       used 83988K, capacity 89423K, committed 89812K, reserved 1128448K
  class space    used 10272K, capacity 10642K, committed 10740K, reserved 1048576K
2017-08-01T02:27:30.935+0000: 12962.962: [GC (Allocation Failure) Before GC:
Statistics for BinaryTreeDictionary:
------------------------------------
Total Free Space: 217531821
Max   Chunk Size: 217531821
Number of Blocks: 1
Av.  Block  Size: 217531821
Tree      Height: 1
2017-08-01T02:27:30.935+0000: 12962.963: [ParNew
Desired survivor size 8716288 bytes, new threshold 6 (max 6)
- age   1:    1277176 bytes,    1277176 total
- age   2:     692112 bytes,    1969288 total
- age   3:     718240 bytes,    2687528 total
- age   4:     605584 bytes,    3293112 total
- age   5:     655856 bytes,    3948968 total
- age   6:     566632 bytes,    4515600 total
: 141645K->5913K(153344K), 0.0377701 secs] 367699K->232526K(2080128K)After GC:
Statistics for BinaryTreeDictionary:
------------------------------------
Total Free Space: 217459160
Max   Chunk Size: 217459160
Number of Blocks: 1
Av.  Block  Size: 217459160
Tree      Height: 1
, 0.0378700 secs] [Times: user=0.06 sys=0.00, real=0.04 secs] 
Heap after GC invocations=168 (full 3):
 par new generation   total 153344K, used 5913K [0x0000000080000000, 0x000000008a660000, 0x000000008a660000)
  eden space 136320K,   0% used [0x0000000080000000, 0x0000000080000000, 0x0000000088520000)
  from space 17024K,  34% used [0x0000000088520000, 0x0000000088ae6770, 0x00000000895c0000)
  to   space 17024K,   0% used [0x00000000895c0000, 0x00000000895c0000, 0x000000008a660000)
 concurrent mark-sweep generation total 1926784K, used 226613K [0x000000008a660000, 0x0000000100000000, 0x0000000100000000)
 Metaspace       used 83988K, capacity 89423K, committed 89812K, reserved 1128448K
  class space    used 10272K, capacity 10642K, committed 10740K, reserved 1048576K
}
2017-08-01T02:27:30.973+0000: 12963.000: Total time for which application threads were stopped: 0.0381506 seconds, Stopping threads took: 0.0000445 seconds
2017-08-01T02:28:27.984+0000: 13020.011: Total time for which application threads were stopped: 0.0001715 seconds, Stopping threads took: 0.0000724 seconds
{Heap before GC invocations=168 (full 3):
 par new generation   total 153344K, used 142233K [0x0000000080000000, 0x000000008a660000, 0x000000008a660000)
  eden space 136320K, 100% used [0x0000000080000000, 0x0000000088520000, 0x0000000088520000)
  from space 17024K,  34% used [0x0000000088520000, 0x0000000088ae6770, 0x00000000895c0000)
  to   space 17024K,   0% used [0x00000000895c0000, 0x00000000895c0000, 0x000000008a660000)
 concurrent mark-sweep generation total 1926784K, used 226613K [0x000000008a660000, 0x0000000100000000, 0x0000000100000000)
 Metaspace       used 83988K, capacity 89423K, committed 89812K, reserved 1128448K
  class space    used 10272K, capacity 10642K, committed 10740K, reserved 1048576K
2017-08-01T02:29:08.105+0000: 13060.133: [GC (Allocation Failure) Before GC:
Statistics for BinaryTreeDictionary:
------------------------------------
Total Free Space: 217459160
Max   Chunk Size: 217459160
Number of Blocks: 1
Av.  Block  Size: 217459160
Tree      Height: 1
2017-08-01T02:29:08.105+0000: 13060.133: [ParNew
Desired survivor size 8716288 bytes, new threshold 6 (max 6)
- age   1:    1253416 bytes,    1253416 total
- age   2:     750392 bytes,    2003808 total
- age   3:     639408 bytes,    2643216 total
- age   4:     690048 bytes,    3333264 total
- age   5:     591216 bytes,    3924480 total
- age   6:     643016 bytes,    4567496 total
: 142233K->6435K(153344K), 0.0230705 secs] 368846K->233604K(2080128K)After GC:
Statistics for BinaryTreeDictionary:
------------------------------------
Total Free Space: 217386181
Max   Chunk Size: 217386181
Number of Blocks: 1
Av.  Block  Size: 217386181
Tree      Height: 1
, 0.0231797 secs] [Times: user=0.06 sys=0.00, real=0.02 secs] 
Heap after GC invocations=169 (full 3):
 par new generation   total 153344K, used 6435K [0x0000000080000000, 0x000000008a660000, 0x000000008a660000)
  eden space 136320K,   0% used [0x0000000080000000, 0x0000000080000000, 0x0000000088520000)
  from space 17024K,  37% used [0x00000000895c0000, 0x0000000089c08c68, 0x000000008a660000)
  to   space 17024K,   0% used [0x0000000088520000, 0x0000000088520000, 0x00000000895c0000)
 concurrent mark-sweep generation total 1926784K, used 227169K [0x000000008a660000, 0x0000000100000000, 0x0000000100000000)
 Metaspace       used 83988K, capacity 89423K, committed 89812K, reserved 1128448K
  class space    used 10272K, capacity 10642K, committed 10740K, reserved 1048576K
}
2017-08-01T02:29:08.128+0000: 13060.156: Total time for which application threads were stopped: 0.0234089 seconds, Stopping threads took: 0.0000403 seconds
2017-08-01T02:30:24.136+0000: 13136.164: Total time for which application threads were stopped: 0.0001532 seconds, Stopping threads took: 0.0000573 seconds
{Heap before GC invocations=169 (full 3):
 par new generation   total 153344K, used 142755K [0x0000000080000000, 0x000000008a660000, 0x000000008a660000)
  eden space 136320K, 100% used [0x0000000080000000, 0x0000000088520000, 0x0000000088520000)
  from space 17024K,  37% used [0x00000000895c0000, 0x0000000089c08c68, 0x000000008a660000)
  to   space 17024K,   0% used [0x0000000088520000, 0x0000000088520000, 0x00000000895c0000)
 concurrent mark-sweep generation total 1926784K, used 227169K [0x000000008a660000, 0x0000000100000000, 0x0000000100000000)
 Metaspace       used 83988K, capacity 89423K, committed 89812K, reserved 1128448K
  class space    used 10272K, capacity 10642K, committed 10740K, reserved 1048576K
2017-08-01T02:30:38.378+0000: 13150.406: [GC (Allocation Failure) Before GC:
Statistics for BinaryTreeDictionary:
------------------------------------
Total Free Space: 217386181
Max   Chunk Size: 217386181
Number of Blocks: 1
Av.  Block  Size: 217386181
Tree      Height: 1
2017-08-01T02:30:38.378+0000: 13150.406: [ParNew
Desired survivor size 8716288 bytes, new threshold 6 (max 6)
- age   1:    1233992 bytes,    1233992 total
- age   2:     732904 bytes,    1966896 total
- age   3:     691560 bytes,    2658456 total
- age   4:     619288 bytes,    3277744 total
- age   5:     674320 bytes,    3952064 total
- age   6:     582488 bytes,    4534552 total
: 142755K->6620K(153344K), 0.0245578 secs] 369924K->234421K(2080128K)After GC:
Statistics for BinaryTreeDictionary:
------------------------------------
Total Free Space: 217308819
Max   Chunk Size: 217308819
Number of Blocks: 1
Av.  Block  Size: 217308819
Tree      Height: 1
, 0.0246435 secs] [Times: user=0.07 sys=0.00, real=0.03 secs] 
Heap after GC invocations=170 (full 3):
 par new generation   total 153344K, used 6620K [0x0000000080000000, 0x000000008a660000, 0x000000008a660000)
  eden space 136320K,   0% used [0x0000000080000000, 0x0000000080000000, 0x0000000088520000)
  from space 17024K,  38% used [0x0000000088520000, 0x0000000088b971c0, 0x00000000895c0000)
  to   space 17024K,   0% used [0x00000000895c0000, 0x00000000895c0000, 0x000000008a660000)
 concurrent mark-sweep generation total 1926784K, used 227800K [0x000000008a660000, 0x0000000100000000, 0x0000000100000000)
 Metaspace       used 83988K, capacity 89423K, committed 89812K, reserved 1128448K
  class space    used 10272K, capacity 10642K, committed 10740K, reserved 1048576K
}
2017-08-01T02:30:38.403+0000: 13150.430: Total time for which application threads were stopped: 0.0249176 seconds, Stopping threads took: 0.0000779 seconds
{Heap before GC invocations=170 (full 3):
 par new generation   total 153344K, used 142940K [0x0000000080000000, 0x000000008a660000, 0x000000008a660000)
  eden space 136320K, 100% used [0x0000000080000000, 0x0000000088520000, 0x0000000088520000)
  from space 17024K,  38% used [0x0000000088520000, 0x0000000088b971c0, 0x00000000895c0000)
  to   space 17024K,   0% used [0x00000000895c0000, 0x00000000895c0000, 0x000000008a660000)
 concurrent mark-sweep generation total 1926784K, used 227800K [0x000000008a660000, 0x0000000100000000, 0x0000000100000000)
 Metaspace       used 83988K, capacity 89423K, committed 89812K, reserved 1128448K
  class space    used 10272K, capacity 10642K, committed 10740K, reserved 1048576K
2017-08-01T02:32:17.573+0000: 13249.601: [GC (Allocation Failure) Before GC:
Statistics for BinaryTreeDictionary:
------------------------------------
Total Free Space: 217308819
Max   Chunk Size: 217308819
Number of Blocks: 1
Av.  Block  Size: 217308819
Tree      Height: 1
2017-08-01T02:32:17.573+0000: 13249.601: [ParNew
Desired survivor size 8716288 bytes, new threshold 6 (max 6)
- age   1:    1349200 bytes,    1349200 total
- age   2:     700584 bytes,    2049784 total
- age   3:     671840 bytes,    2721624 total
- age   4:     664648 bytes,    3386272 total
- age   5:     602696 bytes,    3988968 total
- age   6:     660912 bytes,    4649880 total
: 142940K->8839K(153344K), 0.0235285 secs] 370741K->237212K(2080128K)After GC:
Statistics for BinaryTreeDictionary:
------------------------------------
Total Free Space: 217235320
Max   Chunk Size: 217235320
Number of Blocks: 1
Av.  Block  Size: 217235320
Tree      Height: 1
, 0.0236214 secs] [Times: user=0.06 sys=0.00, real=0.02 secs] 
Heap after GC invocations=171 (full 3):
 par new generation   total 153344K, used 8839K [0x0000000080000000, 0x000000008a660000, 0x000000008a660000)
  eden space 136320K,   0% used [0x0000000080000000, 0x0000000080000000, 0x0000000088520000)
  from space 17024K,  51% used [0x00000000895c0000, 0x0000000089e61d98, 0x000000008a660000)
  to   space 17024K,   0% used [0x0000000088520000, 0x0000000088520000, 0x00000000895c0000)
 concurrent mark-sweep generation total 1926784K, used 228372K [0x000000008a660000, 0x0000000100000000, 0x0000000100000000)
 Metaspace       used 83988K, capacity 89423K, committed 89812K, reserved 1128448K
  class space    used 10272K, capacity 10642K, committed 10740K, reserved 1048576K
}
2017-08-01T02:32:17.597+0000: 13249.624: Total time for which application threads were stopped: 0.0238559 seconds, Stopping threads took: 0.0000435 seconds
2017-08-01T02:33:23.609+0000: 13315.637: Total time for which application threads were stopped: 0.0001373 seconds, Stopping threads took: 0.0000402 seconds
{Heap before GC invocations=171 (full 3):
 par new generation   total 153344K, used 145159K [0x0000000080000000, 0x000000008a660000, 0x000000008a660000)
  eden space 136320K, 100% used [0x0000000080000000, 0x0000000088520000, 0x0000000088520000)
  from space 17024K,  51% used [0x00000000895c0000, 0x0000000089e61d98, 0x000000008a660000)
  to   space 17024K,   0% used [0x0000000088520000, 0x0000000088520000, 0x00000000895c0000)
 concurrent mark-sweep generation total 1926784K, used 228372K [0x000000008a660000, 0x0000000100000000, 0x0000000100000000)
 Metaspace       used 83988K, capacity 89423K, committed 89812K, reserved 1128448K
  class space    used 10272K, capacity 10642K, committed 10740K, reserved 1048576K
2017-08-01T02:33:46.999+0000: 13339.026: [GC (Allocation Failure) Before GC:
Statistics for BinaryTreeDictionary:
------------------------------------
Total Free Space: 217235320
Max   Chunk Size: 217235320
Number of Blocks: 1
Av.  Block  Size: 217235320
Tree      Height: 1
2017-08-01T02:33:46.999+0000: 13339.026: [ParNew
Desired survivor size 8716288 bytes, new threshold 6 (max 6)
- age   1:    1285272 bytes,    1285272 total
- age   2:     778408 bytes,    2063680 total
- age   3:     649896 bytes,    2713576 total
- age   4:     647264 bytes,    3360840 total
- age   5:     648784 bytes,    4009624 total
- age   6:     593216 bytes,    4602840 total
: 145159K->5613K(153344K), 0.0234097 secs] 373532K->234634K(2080128K)After GC:
Statistics for BinaryTreeDictionary:
------------------------------------
Total Free Space: 217155430
Max   Chunk Size: 217155430
Number of Blocks: 1
Av.  Block  Size: 217155430
Tree      Height: 1
, 0.0234986 secs] [Times: user=0.06 sys=0.00, real=0.03 secs] 
Heap after GC invocations=172 (full 3):
 par new generation   total 153344K, used 5613K [0x0000000080000000, 0x000000008a660000, 0x000000008a660000)
  eden space 136320K,   0% used [0x0000000080000000, 0x0000000080000000, 0x0000000088520000)
  from space 17024K,  32% used [0x0000000088520000, 0x0000000088a9b7d8, 0x00000000895c0000)
  to   space 17024K,   0% used [0x00000000895c0000, 0x00000000895c0000, 0x000000008a660000)
 concurrent mark-sweep generation total 1926784K, used 229020K [0x000000008a660000, 0x0000000100000000, 0x0000000100000000)
 Metaspace       used 83988K, capacity 89423K, committed 89812K, reserved 1128448K
  class space    used 10272K, capacity 10642K, committed 10740K, reserved 1048576K
}
2017-08-01T02:33:47.022+0000: 13339.050: Total time for which application threads were stopped: 0.0237559 seconds, Stopping threads took: 0.0000630 seconds
2017-08-01T02:33:58.029+0000: 13350.056: Total time for which application threads were stopped: 0.0001723 seconds, Stopping threads took: 0.0000739 seconds
{Heap before GC invocations=172 (full 3):
 par new generation   total 153344K, used 141933K [0x0000000080000000, 0x000000008a660000, 0x000000008a660000)
  eden space 136320K, 100% used [0x0000000080000000, 0x0000000088520000, 0x0000000088520000)
  from space 17024K,  32% used [0x0000000088520000, 0x0000000088a9b7d8, 0x00000000895c0000)
  to   space 17024K,   0% used [0x00000000895c0000, 0x00000000895c0000, 0x000000008a660000)
 concurrent mark-sweep generation total 1926784K, used 229020K [0x000000008a660000, 0x0000000100000000, 0x0000000100000000)
 Metaspace       used 83988K, capacity 89423K, committed 89812K, reserved 1128448K
  class space    used 10272K, capacity 10642K, committed 10740K, reserved 1048576K
2017-08-01T02:35:22.327+0000: 13434.355: [GC (Allocation Failure) Before GC:
Statistics for BinaryTreeDictionary:
------------------------------------
Total Free Space: 217155430
Max   Chunk Size: 217155430
Number of Blocks: 1
Av.  Block  Size: 217155430
Tree      Height: 1
2017-08-01T02:35:22.327+0000: 13434.355: [ParNew
Desired survivor size 8716288 bytes, new threshold 6 (max 6)
- age   1:    1369712 bytes,    1369712 total
- age   2:     706264 bytes,    2075976 total
- age   3:     718216 bytes,    2794192 total
- age   4:     626528 bytes,    3420720 total
- age   5:     628936 bytes,    4049656 total
- age   6:     636408 bytes,    4686064 total
: 141933K->8137K(153344K), 0.0237855 secs] 370954K->237739K(2080128K)After GC:
Statistics for BinaryTreeDictionary:
------------------------------------
Total Free Space: 217076812
Max   Chunk Size: 217076812
Number of Blocks: 1
Av.  Block  Size: 217076812
Tree      Height: 1
, 0.0238683 secs] [Times: user=0.06 sys=0.00, real=0.03 secs] 
Heap after GC invocations=173 (full 3):
 par new generation   total 153344K, used 8137K [0x0000000080000000, 0x000000008a660000, 0x000000008a660000)
  eden space 136320K,   0% used [0x0000000080000000, 0x0000000080000000, 0x0000000088520000)
  from space 17024K,  47% used [0x00000000895c0000, 0x0000000089db2410, 0x000000008a660000)
  to   space 17024K,   0% used [0x0000000088520000, 0x0000000088520000, 0x00000000895c0000)
 concurrent mark-sweep generation total 1926784K, used 229602K [0x000000008a660000, 0x0000000100000000, 0x0000000100000000)
 Metaspace       used 83988K, capacity 89423K, committed 89812K, reserved 1128448K
  class space    used 10272K, capacity 10642K, committed 10740K, reserved 1048576K
}
2017-08-01T02:35:22.351+0000: 13434.379: Total time for which application threads were stopped: 0.0241102 seconds, Stopping threads took: 0.0000613 seconds
2017-08-01T02:35:42.362+0000: 13454.389: Total time for which application threads were stopped: 0.0001374 seconds, Stopping threads took: 0.0000394 seconds
2017-08-01T02:35:54.363+0000: 13466.391: Total time for which application threads were stopped: 0.0001321 seconds, Stopping threads took: 0.0000377 seconds
2017-08-01T02:36:09.365+0000: 13481.393: Total time for which application threads were stopped: 0.0002059 seconds, Stopping threads took: 0.0000785 seconds
2017-08-01T02:36:24.367+0000: 13496.395: Total time for which application threads were stopped: 0.0001418 seconds, Stopping threads took: 0.0000418 seconds
{Heap before GC invocations=173 (full 3):
 par new generation   total 153344K, used 144457K [0x0000000080000000, 0x000000008a660000, 0x000000008a660000)
  eden space 136320K, 100% used [0x0000000080000000, 0x0000000088520000, 0x0000000088520000)
  from space 17024K,  47% used [0x00000000895c0000, 0x0000000089db2410, 0x000000008a660000)
  to   space 17024K,   0% used [0x0000000088520000, 0x0000000088520000, 0x00000000895c0000)
 concurrent mark-sweep generation total 1926784K, used 229602K [0x000000008a660000, 0x0000000100000000, 0x0000000100000000)
 Metaspace       used 83993K, capacity 89423K, committed 89812K, reserved 1128448K
  class space    used 10272K, capacity 10642K, committed 10740K, reserved 1048576K
2017-08-01T02:36:54.451+0000: 13526.479: [GC (Allocation Failure) Before GC:
Statistics for BinaryTreeDictionary:
------------------------------------
Total Free Space: 217076812
Max   Chunk Size: 217076812
Number of Blocks: 1
Av.  Block  Size: 217076812
Tree      Height: 1
2017-08-01T02:36:54.451+0000: 13526.479: [ParNew
Desired survivor size 8716288 bytes, new threshold 6 (max 6)
- age   1:    1258760 bytes,    1258760 total
- age   2:     796272 bytes,    2055032 total
- age   3:     652776 bytes,    2707808 total
- age   4:     692640 bytes,    3400448 total
- age   5:     611144 bytes,    4011592 total
- age   6:     617176 bytes,    4628768 total
: 144457K->5465K(153344K), 0.0261906 secs] 374059K->235694K(2080128K)After GC:
Statistics for BinaryTreeDictionary:
------------------------------------
Total Free Space: 216996505
Max   Chunk Size: 216996505
Number of Blocks: 1
Av.  Block  Size: 216996505
Tree      Height: 1
, 0.0262822 secs] [Times: user=0.05 sys=0.00, real=0.02 secs] 
Heap after GC invocations=174 (full 3):
 par new generation   total 153344K, used 5465K [0x0000000080000000, 0x000000008a660000, 0x000000008a660000)
  eden space 136320K,   0% used [0x0000000080000000, 0x0000000080000000, 0x0000000088520000)
  from space 17024K,  32% used [0x0000000088520000, 0x0000000088a767c0, 0x00000000895c0000)
  to   space 17024K,   0% used [0x00000000895c0000, 0x00000000895c0000, 0x000000008a660000)
 concurrent mark-sweep generation total 1926784K, used 230228K [0x000000008a660000, 0x0000000100000000, 0x0000000100000000)
 Metaspace       used 83993K, capacity 89423K, committed 89812K, reserved 1128448K
  class space    used 10272K, capacity 10642K, committed 10740K, reserved 1048576K
}
2017-08-01T02:36:54.477+0000: 13526.505: Total time for which application threads were stopped: 0.0265156 seconds, Stopping threads took: 0.0000587 seconds
{Heap before GC invocations=174 (full 3):
 par new generation   total 153344K, used 141785K [0x0000000080000000, 0x000000008a660000, 0x000000008a660000)
  eden space 136320K, 100% used [0x0000000080000000, 0x0000000088520000, 0x0000000088520000)
  from space 17024K,  32% used [0x0000000088520000, 0x0000000088a767c0, 0x00000000895c0000)
  to   space 17024K,   0% used [0x00000000895c0000, 0x00000000895c0000, 0x000000008a660000)
 concurrent mark-sweep generation total 1926784K, used 230228K [0x000000008a660000, 0x0000000100000000, 0x0000000100000000)
 Metaspace       used 83994K, capacity 89423K, committed 89812K, reserved 1128448K
  class space    used 10272K, capacity 10642K, committed 10740K, reserved 1048576K
2017-08-01T02:38:30.929+0000: 13622.956: [GC (Allocation Failure) Before GC:
Statistics for BinaryTreeDictionary:
------------------------------------
Total Free Space: 216996505
Max   Chunk Size: 216996505
Number of Blocks: 1
Av.  Block  Size: 216996505
Tree      Height: 1
2017-08-01T02:38:30.929+0000: 13622.956: [ParNew
Desired survivor size 8716288 bytes, new threshold 6 (max 6)
- age   1:    1285832 bytes,    1285832 total
- age   2:     677856 bytes,    1963688 total
- age   3:     732840 bytes,    2696528 total
- age   4:     627688 bytes,    3324216 total
- age   5:     676152 bytes,    4000368 total
- age   6:     600280 bytes,    4600648 total
: 141785K->6106K(153344K), 0.0338286 secs] 372014K->236939K(2080128K)After GC:
Statistics for BinaryTreeDictionary:
------------------------------------
Total Free Space: 216919571
Max   Chunk Size: 216919571
Number of Blocks: 1
Av.  Block  Size: 216919571
Tree      Height: 1
, 0.0339297 secs] [Times: user=0.07 sys=0.00, real=0.04 secs] 
Heap after GC invocations=175 (full 3):
 par new generation   total 153344K, used 6106K [0x0000000080000000, 0x000000008a660000, 0x000000008a660000)
  eden space 136320K,   0% used [0x0000000080000000, 0x0000000080000000, 0x0000000088520000)
  from space 17024K,  35% used [0x00000000895c0000, 0x0000000089bb6a68, 0x000000008a660000)
  to   space 17024K,   0% used [0x0000000088520000, 0x0000000088520000, 0x00000000895c0000)
 concurrent mark-sweep generation total 1926784K, used 230833K [0x000000008a660000, 0x0000000100000000, 0x0000000100000000)
 Metaspace       used 83994K, capacity 89423K, committed 89812K, reserved 1128448K
  class space    used 10272K, capacity 10642K, committed 10740K, reserved 1048576K
}
2017-08-01T02:38:30.963+0000: 13622.990: Total time for which application threads were stopped: 0.0341774 seconds, Stopping threads took: 0.0000333 seconds
{Heap before GC invocations=175 (full 3):
 par new generation   total 153344K, used 142426K [0x0000000080000000, 0x000000008a660000, 0x000000008a660000)
  eden space 136320K, 100% used [0x0000000080000000, 0x0000000088520000, 0x0000000088520000)
  from space 17024K,  35% used [0x00000000895c0000, 0x0000000089bb6a68, 0x000000008a660000)
  to   space 17024K,   0% used [0x0000000088520000, 0x0000000088520000, 0x00000000895c0000)
 concurrent mark-sweep generation total 1926784K, used 230833K [0x000000008a660000, 0x0000000100000000, 0x0000000100000000)
 Metaspace       used 83994K, capacity 89423K, committed 89812K, reserved 1128448K
  class space    used 10272K, capacity 10642K, committed 10740K, reserved 1048576K
2017-08-01T02:40:02.663+0000: 13714.691: [GC (Allocation Failure) Before GC:
Statistics for BinaryTreeDictionary:
------------------------------------
Total Free Space: 216919571
Max   Chunk Size: 216919571
Number of Blocks: 1
Av.  Block  Size: 216919571
Tree      Height: 1
2017-08-01T02:40:02.663+0000: 13714.691: [ParNew
Desired survivor size 8716288 bytes, new threshold 6 (max 6)
- age   1:    1320600 bytes,    1320600 total
- age   2:     756600 bytes,    2077200 total
- age   3:     624488 bytes,    2701688 total
- age   4:     705840 bytes,    3407528 total
- age   5:     611736 bytes,    4019264 total
- age   6:     665424 bytes,    4684688 total
: 142426K->8762K(153344K), 0.0234388 secs] 373259K->240183K(2080128K)After GC:
Statistics for BinaryTreeDictionary:
------------------------------------
Total Free Space: 216846205
Max   Chunk Size: 216846205
Number of Blocks: 1
Av.  Block  Size: 216846205
Tree      Height: 1
, 0.0235194 secs] [Times: user=0.06 sys=0.00, real=0.02 secs] 
Heap after GC invocations=176 (full 3):
 par new generation   total 153344K, used 8762K [0x0000000080000000, 0x000000008a660000, 0x000000008a660000)
  eden space 136320K,   0% used [0x0000000080000000, 0x0000000080000000, 0x0000000088520000)
  from space 17024K,  51% used [0x0000000088520000, 0x0000000088dae8c0, 0x00000000895c0000)
  to   space 17024K,   0% used [0x00000000895c0000, 0x00000000895c0000, 0x000000008a660000)
 concurrent mark-sweep generation total 1926784K, used 231421K [0x000000008a660000, 0x0000000100000000, 0x0000000100000000)
 Metaspace       used 83994K, capacity 89423K, committed 89812K, reserved 1128448K
  class space    used 10272K, capacity 10642K, committed 10740K, reserved 1048576K
}
2017-08-01T02:40:02.687+0000: 13714.715: Total time for which application threads were stopped: 0.0238070 seconds, Stopping threads took: 0.0000998 seconds
{Heap before GC invocations=176 (full 3):
 par new generation   total 153344K, used 145079K [0x0000000080000000, 0x000000008a660000, 0x000000008a660000)
  eden space 136320K,  99% used [0x0000000080000000, 0x000000008851f688, 0x0000000088520000)
  from space 17024K,  51% used [0x0000000088520000, 0x0000000088dae8c0, 0x00000000895c0000)
  to   space 17024K,   0% used [0x00000000895c0000, 0x00000000895c0000, 0x000000008a660000)
 concurrent mark-sweep generation total 1926784K, used 231421K [0x000000008a660000, 0x0000000100000000, 0x0000000100000000)
 Metaspace       used 83994K, capacity 89423K, committed 89812K, reserved 1128448K
  class space    used 10272K, capacity 10642K, committed 10740K, reserved 1048576K
2017-08-01T02:41:32.226+0000: 13804.253: [GC (Allocation Failure) Before GC:
Statistics for BinaryTreeDictionary:
------------------------------------
Total Free Space: 216846205
Max   Chunk Size: 216846205
Number of Blocks: 1
Av.  Block  Size: 216846205
Tree      Height: 1
2017-08-01T02:41:32.226+0000: 13804.253: [ParNew
Desired survivor size 8716288 bytes, new threshold 6 (max 6)
- age   1:    1234080 bytes,    1234080 total
- age   2:     731464 bytes,    1965544 total
- age   3:     698440 bytes,    2663984 total
- age   4:     599248 bytes,    3263232 total
- age   5:     690024 bytes,    3953256 total
- age   6:     601768 bytes,    4555024 total
: 145079K->5621K(153344K), 0.0253088 secs] 376501K->237697K(2080128K)After GC:
Statistics for BinaryTreeDictionary:
------------------------------------
Total Free Space: 216759286
Max   Chunk Size: 216759286
Number of Blocks: 1
Av.  Block  Size: 216759286
Tree      Height: 1
, 0.0253984 secs] [Times: user=0.06 sys=0.00, real=0.03 secs] 
Heap after GC invocations=177 (full 3):
 par new generation   total 153344K, used 5621K [0x0000000080000000, 0x000000008a660000, 0x000000008a660000)
  eden space 136320K,   0% used [0x0000000080000000, 0x0000000080000000, 0x0000000088520000)
  from space 17024K,  33% used [0x00000000895c0000, 0x0000000089b3d518, 0x000000008a660000)
  to   space 17024K,   0% used [0x0000000088520000, 0x0000000088520000, 0x00000000895c0000)
 concurrent mark-sweep generation total 1926784K, used 232075K [0x000000008a660000, 0x0000000100000000, 0x0000000100000000)
 Metaspace       used 83994K, capacity 89423K, committed 89812K, reserved 1128448K
  class space    used 10272K, capacity 10642K, committed 10740K, reserved 1048576K
}
2017-08-01T02:41:32.251+0000: 13804.279: Total time for which application threads were stopped: 0.0256605 seconds, Stopping threads took: 0.0000709 seconds
{Heap before GC invocations=177 (full 3):
 par new generation   total 153344K, used 141941K [0x0000000080000000, 0x000000008a660000, 0x000000008a660000)
  eden space 136320K, 100% used [0x0000000080000000, 0x0000000088520000, 0x0000000088520000)
  from space 17024K,  33% used [0x00000000895c0000, 0x0000000089b3d518, 0x000000008a660000)
  to   space 17024K,   0% used [0x0000000088520000, 0x0000000088520000, 0x00000000895c0000)
 concurrent mark-sweep generation total 1926784K, used 232075K [0x000000008a660000, 0x0000000100000000, 0x0000000100000000)
 Metaspace       used 83994K, capacity 89423K, committed 89812K, reserved 1128448K
  class space    used 10272K, capacity 10642K, committed 10740K, reserved 1048576K
2017-08-01T02:43:09.120+0000: 13901.147: [GC (Allocation Failure) Before GC:
Statistics for BinaryTreeDictionary:
------------------------------------
Total Free Space: 216759286
Max   Chunk Size: 216759286
Number of Blocks: 1
Av.  Block  Size: 216759286
Tree      Height: 1
2017-08-01T02:43:09.120+0000: 13901.147: [ParNew
Desired survivor size 8716288 bytes, new threshold 6 (max 6)
- age   1:    1295704 bytes,    1295704 total
- age   2:     706544 bytes,    2002248 total
- age   3:     673360 bytes,    2675608 total
- age   4:     670200 bytes,    3345808 total
- age   5:     582544 bytes,    3928352 total
- age   6:     676784 bytes,    4605136 total
: 141941K->8069K(153344K), 0.0229272 secs] 374017K->240735K(2080128K)After GC:
Statistics for BinaryTreeDictionary:
------------------------------------
Total Free Space: 216682628
Max   Chunk Size: 216682628
Number of Blocks: 1
Av.  Block  Size: 216682628
Tree      Height: 1
, 0.0230240 secs] [Times: user=0.06 sys=0.00, real=0.03 secs] 
Heap after GC invocations=178 (full 3):
 par new generation   total 153344K, used 8069K [0x0000000080000000, 0x000000008a660000, 0x000000008a660000)
  eden space 136320K,   0% used [0x0000000080000000, 0x0000000080000000, 0x0000000088520000)
  from space 17024K,  47% used [0x0000000088520000, 0x0000000088d01418, 0x00000000895c0000)
  to   space 17024K,   0% used [0x00000000895c0000, 0x00000000895c0000, 0x000000008a660000)
 concurrent mark-sweep generation total 1926784K, used 232666K [0x000000008a660000, 0x0000000100000000, 0x0000000100000000)
 Metaspace       used 83994K, capacity 89423K, committed 89812K, reserved 1128448K
  class space    used 10272K, capacity 10642K, committed 10740K, reserved 1048576K
}
2017-08-01T02:43:09.143+0000: 13901.171: Total time for which application threads were stopped: 0.0232709 seconds, Stopping threads took: 0.0000414 seconds
{Heap before GC invocations=178 (full 3):
 par new generation   total 153344K, used 144389K [0x0000000080000000, 0x000000008a660000, 0x000000008a660000)
  eden space 136320K, 100% used [0x0000000080000000, 0x0000000088520000, 0x0000000088520000)
  from space 17024K,  47% used [0x0000000088520000, 0x0000000088d01418, 0x00000000895c0000)
  to   space 17024K,   0% used [0x00000000895c0000, 0x00000000895c0000, 0x000000008a660000)
 concurrent mark-sweep generation total 1926784K, used 232666K [0x000000008a660000, 0x0000000100000000, 0x0000000100000000)
 Metaspace       used 83994K, capacity 89423K, committed 89812K, reserved 1128448K
  class space    used 10272K, capacity 10642K, committed 10740K, reserved 1048576K
2017-08-01T02:44:39.776+0000: 13991.804: [GC (Allocation Failure) Before GC:
Statistics for BinaryTreeDictionary:
------------------------------------
Total Free Space: 216682628
Max   Chunk Size: 216682628
Number of Blocks: 1
Av.  Block  Size: 216682628
Tree      Height: 1
2017-08-01T02:44:39.776+0000: 13991.804: [ParNew
Desired survivor size 8716288 bytes, new threshold 6 (max 6)
- age   1:    1301216 bytes,    1301216 total
- age   2:     765208 bytes,    2066424 total
- age   3:     655272 bytes,    2721696 total
- age   4:     647672 bytes,    3369368 total
- age   5:     652952 bytes,    4022320 total
- age   6:     571936 bytes,    4594256 total
: 144389K->5389K(153344K), 0.0233732 secs] 377055K->238720K(2080128K)After GC:
Statistics for BinaryTreeDictionary:
------------------------------------
Total Free Space: 216600652
Max   Chunk Size: 216600652
Number of Blocks: 1
Av.  Block  Size: 216600652
Tree      Height: 1
, 0.0234496 secs] [Times: user=0.06 sys=0.00, real=0.02 secs] 
Heap after GC invocations=179 (full 3):
 par new generation   total 153344K, used 5389K [0x0000000080000000, 0x000000008a660000, 0x000000008a660000)
  eden space 136320K,   0% used [0x0000000080000000, 0x0000000080000000, 0x0000000088520000)
  from space 17024K,  31% used [0x00000000895c0000, 0x0000000089b03508, 0x000000008a660000)
  to   space 17024K,   0% used [0x0000000088520000, 0x0000000088520000, 0x00000000895c0000)
 concurrent mark-sweep generation total 1926784K, used 233330K [0x000000008a660000, 0x0000000100000000, 0x0000000100000000)
 Metaspace       used 83994K, capacity 89423K, committed 89812K, reserved 1128448K
  class space    used 10272K, capacity 10642K, committed 10740K, reserved 1048576K
}
2017-08-01T02:44:39.799+0000: 13991.827: Total time for which application threads were stopped: 0.0237199 seconds, Stopping threads took: 0.0000825 seconds
2017-08-01T02:46:09.819+0000: 14081.847: Total time for which application threads were stopped: 0.0001414 seconds, Stopping threads took: 0.0000445 seconds
{Heap before GC invocations=179 (full 3):
 par new generation   total 153344K, used 141709K [0x0000000080000000, 0x000000008a660000, 0x000000008a660000)
  eden space 136320K, 100% used [0x0000000080000000, 0x0000000088520000, 0x0000000088520000)
  from space 17024K,  31% used [0x00000000895c0000, 0x0000000089b03508, 0x000000008a660000)
  to   space 17024K,   0% used [0x0000000088520000, 0x0000000088520000, 0x00000000895c0000)
 concurrent mark-sweep generation total 1926784K, used 233330K [0x000000008a660000, 0x0000000100000000, 0x0000000100000000)
 Metaspace       used 83994K, capacity 89423K, committed 89812K, reserved 1128448K
  class space    used 10272K, capacity 10642K, committed 10740K, reserved 1048576K
2017-08-01T02:46:20.573+0000: 14092.600: [GC (Allocation Failure) Before GC:
Statistics for BinaryTreeDictionary:
------------------------------------
Total Free Space: 216600652
Max   Chunk Size: 216600652
Number of Blocks: 1
Av.  Block  Size: 216600652
Tree      Height: 1
2017-08-01T02:46:20.573+0000: 14092.600: [ParNew
Desired survivor size 8716288 bytes, new threshold 6 (max 6)
- age   1:    1319104 bytes,    1319104 total
- age   2:     723280 bytes,    2042384 total
- age   3:     701264 bytes,    2743648 total
- age   4:     630624 bytes,    3374272 total
- age   5:     634800 bytes,    4009072 total
- age   6:     642456 bytes,    4651528 total
: 141709K->8068K(153344K), 0.0242830 secs] 375040K->241958K(2080128K)After GC:
Statistics for BinaryTreeDictionary:
------------------------------------
Total Free Space: 216528548
Max   Chunk Size: 216528548
Number of Blocks: 1
Av.  Block  Size: 216528548
Tree      Height: 1
, 0.0243803 secs] [Times: user=0.06 sys=0.00, real=0.02 secs] 
Heap after GC invocations=180 (full 3):
 par new generation   total 153344K, used 8068K [0x0000000080000000, 0x000000008a660000, 0x000000008a660000)
  eden space 136320K,   0% used [0x0000000080000000, 0x0000000080000000, 0x0000000088520000)
  from space 17024K,  47% used [0x0000000088520000, 0x0000000088d01238, 0x00000000895c0000)
  to   space 17024K,   0% used [0x00000000895c0000, 0x00000000895c0000, 0x000000008a660000)
 concurrent mark-sweep generation total 1926784K, used 233890K [0x000000008a660000, 0x0000000100000000, 0x0000000100000000)
 Metaspace       used 83994K, capacity 89423K, committed 89812K, reserved 1128448K
  class space    used 10272K, capacity 10642K, committed 10740K, reserved 1048576K
}
2017-08-01T02:46:20.597+0000: 14092.625: Total time for which application threads were stopped: 0.0246321 seconds, Stopping threads took: 0.0000456 seconds
2017-08-01T02:46:42.599+0000: 14114.627: Total time for which application threads were stopped: 0.0001614 seconds, Stopping threads took: 0.0000395 seconds
{Heap before GC invocations=180 (full 3):
 par new generation   total 153344K, used 144388K [0x0000000080000000, 0x000000008a660000, 0x000000008a660000)
  eden space 136320K, 100% used [0x0000000080000000, 0x0000000088520000, 0x0000000088520000)
  from space 17024K,  47% used [0x0000000088520000, 0x0000000088d01238, 0x00000000895c0000)
  to   space 17024K,   0% used [0x00000000895c0000, 0x00000000895c0000, 0x000000008a660000)
 concurrent mark-sweep generation total 1926784K, used 233890K [0x000000008a660000, 0x0000000100000000, 0x0000000100000000)
 Metaspace       used 83994K, capacity 89423K, committed 89812K, reserved 1128448K
  class space    used 10272K, capacity 10642K, committed 10740K, reserved 1048576K
2017-08-01T02:47:50.660+0000: 14182.687: [GC (Allocation Failure) Before GC:
Statistics for BinaryTreeDictionary:
------------------------------------
Total Free Space: 216528548
Max   Chunk Size: 216528548
Number of Blocks: 1
Av.  Block  Size: 216528548
Tree      Height: 1
2017-08-01T02:47:50.660+0000: 14182.687: [ParNew
Desired survivor size 8716288 bytes, new threshold 6 (max 6)
- age   1:    1212672 bytes,    1212672 total
- age   2:     725552 bytes,    1938224 total
- age   3:     669864 bytes,    2608088 total
- age   4:     676640 bytes,    3284728 total
- age   5:     617176 bytes,    3901904 total
- age   6:     624632 bytes,    4526536 total
: 144388K->5422K(153344K), 0.0225786 secs] 378278K->239941K(2080128K)After GC:
Statistics for BinaryTreeDictionary:
------------------------------------
Total Free Space: 216448958
Max   Chunk Size: 216448958
Number of Blocks: 1
Av.  Block  Size: 216448958
Tree      Height: 1
, 0.0226839 secs] [Times: user=0.06 sys=0.00, real=0.03 secs] 
Heap after GC invocations=181 (full 3):
 par new generation   total 153344K, used 5422K [0x0000000080000000, 0x000000008a660000, 0x000000008a660000)
  eden space 136320K,   0% used [0x0000000080000000, 0x0000000080000000, 0x0000000088520000)
  from space 17024K,  31% used [0x00000000895c0000, 0x0000000089b0b990, 0x000000008a660000)
  to   space 17024K,   0% used [0x0000000088520000, 0x0000000088520000, 0x00000000895c0000)
 concurrent mark-sweep generation total 1926784K, used 234519K [0x000000008a660000, 0x0000000100000000, 0x0000000100000000)
 Metaspace       used 83994K, capacity 89423K, committed 89812K, reserved 1128448K
  class space    used 10272K, capacity 10642K, committed 10740K, reserved 1048576K
}
2017-08-01T02:47:50.682+0000: 14182.710: Total time for which application threads were stopped: 0.0229286 seconds, Stopping threads took: 0.0000393 seconds
{Heap before GC invocations=181 (full 3):
 par new generation   total 153344K, used 141742K [0x0000000080000000, 0x000000008a660000, 0x000000008a660000)
  eden space 136320K, 100% used [0x0000000080000000, 0x0000000088520000, 0x0000000088520000)
  from space 17024K,  31% used [0x00000000895c0000, 0x0000000089b0b990, 0x000000008a660000)
  to   space 17024K,   0% used [0x0000000088520000, 0x0000000088520000, 0x00000000895c0000)
 concurrent mark-sweep generation total 1926784K, used 234519K [0x000000008a660000, 0x0000000100000000, 0x0000000100000000)
 Metaspace       used 83994K, capacity 89423K, committed 89812K, reserved 1128448K
  class space    used 10272K, capacity 10642K, committed 10740K, reserved 1048576K
2017-08-01T02:49:30.436+0000: 14282.463: [GC (Allocation Failure) Before GC:
Statistics for BinaryTreeDictionary:
------------------------------------
Total Free Space: 216448958
Max   Chunk Size: 216448958
Number of Blocks: 1
Av.  Block  Size: 216448958
Tree      Height: 1
2017-08-01T02:49:30.436+0000: 14282.463: [ParNew
Desired survivor size 8716288 bytes, new threshold 6 (max 6)
- age   1:    1305288 bytes,    1305288 total
- age   2:     688472 bytes,    1993760 total
- age   3:     667864 bytes,    2661624 total
- age   4:     646240 bytes,    3307864 total
- age   5:     658688 bytes,    3966552 total
- age   6:     605776 bytes,    4572328 total
: 141742K->7977K(153344K), 0.0232628 secs] 376261K->243109K(2080128K)After GC:
Statistics for BinaryTreeDictionary:
------------------------------------
Total Free Space: 216370312
Max   Chunk Size: 216370312
Number of Blocks: 1
Av.  Block  Size: 216370312
Tree      Height: 1
, 0.0233460 secs] [Times: user=0.06 sys=0.00, real=0.02 secs] 
Heap after GC invocations=182 (full 3):
 par new generation   total 153344K, used 7977K [0x0000000080000000, 0x000000008a660000, 0x000000008a660000)
  eden space 136320K,   0% used [0x0000000080000000, 0x0000000080000000, 0x0000000088520000)
  from space 17024K,  46% used [0x0000000088520000, 0x0000000088cea6b0, 0x00000000895c0000)
  to   space 17024K,   0% used [0x00000000895c0000, 0x00000000895c0000, 0x000000008a660000)
 concurrent mark-sweep generation total 1926784K, used 235131K [0x000000008a660000, 0x0000000100000000, 0x0000000100000000)
 Metaspace       used 83994K, capacity 89423K, committed 89812K, reserved 1128448K
  class space    used 10272K, capacity 10642K, committed 10740K, reserved 1048576K
}
2017-08-01T02:49:30.459+0000: 14282.487: Total time for which application threads were stopped: 0.0236000 seconds, Stopping threads took: 0.0000612 seconds
2017-08-01T02:50:31.469+0000: 14343.496: Total time for which application threads were stopped: 0.0001560 seconds, Stopping threads took: 0.0000387 seconds
2017-08-01T02:50:57.472+0000: 14369.500: Total time for which application threads were stopped: 0.0001482 seconds, Stopping threads took: 0.0000403 seconds
{Heap before GC invocations=182 (full 3):
 par new generation   total 153344K, used 144297K [0x0000000080000000, 0x000000008a660000, 0x000000008a660000)
  eden space 136320K, 100% used [0x0000000080000000, 0x0000000088520000, 0x0000000088520000)
  from space 17024K,  46% used [0x0000000088520000, 0x0000000088cea6b0, 0x00000000895c0000)
  to   space 17024K,   0% used [0x00000000895c0000, 0x00000000895c0000, 0x000000008a660000)
 concurrent mark-sweep generation total 1926784K, used 235131K [0x000000008a660000, 0x0000000100000000, 0x0000000100000000)
 Metaspace       used 84002K, capacity 89423K, committed 89812K, reserved 1128448K
  class space    used 10272K, capacity 10642K, committed 10740K, reserved 1048576K
2017-08-01T02:51:03.312+0000: 14375.340: [GC (Allocation Failure) Before GC:
Statistics for BinaryTreeDictionary:
------------------------------------
Total Free Space: 216370312
Max   Chunk Size: 216370312
Number of Blocks: 1
Av.  Block  Size: 216370312
Tree      Height: 1
2017-08-01T02:51:03.312+0000: 14375.340: [ParNew
Desired survivor size 8716288 bytes, new threshold 6 (max 6)
- age   1:    1260928 bytes,    1260928 total
- age   2:     745088 bytes,    2006016 total
- age   3:     634936 bytes,    2640952 total
- age   4:     646896 bytes,    3287848 total
- age   5:     631408 bytes,    3919256 total
- age   6:     646432 bytes,    4565688 total
: 144297K->5342K(153344K), 0.0251050 secs] 379429K->241068K(2080128K)After GC:
Statistics for BinaryTreeDictionary:
------------------------------------
Total Free Space: 216293292
Max   Chunk Size: 216293292
Number of Blocks: 1
Av.  Block  Size: 216293292
Tree      Height: 1
, 0.0251958 secs] [Times: user=0.07 sys=0.00, real=0.02 secs] 
Heap after GC invocations=183 (full 3):
 par new generation   total 153344K, used 5342K [0x0000000080000000, 0x000000008a660000, 0x000000008a660000)
  eden space 136320K,   0% used [0x0000000080000000, 0x0000000080000000, 0x0000000088520000)
  from space 17024K,  31% used [0x00000000895c0000, 0x0000000089af7958, 0x000000008a660000)
  to   space 17024K,   0% used [0x0000000088520000, 0x0000000088520000, 0x00000000895c0000)
 concurrent mark-sweep generation total 1926784K, used 235726K [0x000000008a660000, 0x0000000100000000, 0x0000000100000000)
 Metaspace       used 84002K, capacity 89423K, committed 89812K, reserved 1128448K
  class space    used 10272K, capacity 10642K, committed 10740K, reserved 1048576K
}
2017-08-01T02:51:03.338+0000: 14375.365: Total time for which application threads were stopped: 0.0254664 seconds, Stopping threads took: 0.0000870 seconds
2017-08-01T02:51:31.341+0000: 14403.369: Total time for which application threads were stopped: 0.0001525 seconds, Stopping threads took: 0.0000386 seconds
2017-08-01T02:52:09.348+0000: 14441.375: Total time for which application threads were stopped: 0.0001578 seconds, Stopping threads took: 0.0000348 seconds
{Heap before GC invocations=183 (full 3):
 par new generation   total 153344K, used 141662K [0x0000000080000000, 0x000000008a660000, 0x000000008a660000)
  eden space 136320K, 100% used [0x0000000080000000, 0x0000000088520000, 0x0000000088520000)
  from space 17024K,  31% used [0x00000000895c0000, 0x0000000089af7958, 0x000000008a660000)
  to   space 17024K,   0% used [0x0000000088520000, 0x0000000088520000, 0x00000000895c0000)
 concurrent mark-sweep generation total 1926784K, used 235726K [0x000000008a660000, 0x0000000100000000, 0x0000000100000000)
 Metaspace       used 84002K, capacity 89423K, committed 89812K, reserved 1128448K
  class space    used 10272K, capacity 10642K, committed 10740K, reserved 1048576K
2017-08-01T02:52:35.934+0000: 14467.961: [GC (Allocation Failure) Before GC:
Statistics for BinaryTreeDictionary:
------------------------------------
Total Free Space: 216293292
Max   Chunk Size: 216293292
Number of Blocks: 1
Av.  Block  Size: 216293292
Tree      Height: 1
2017-08-01T02:52:35.934+0000: 14467.962: [ParNew
Desired survivor size 8716288 bytes, new threshold 6 (max 6)
- age   1:    1338672 bytes,    1338672 total
- age   2:     660112 bytes,    1998784 total
- age   3:     677264 bytes,    2676048 total
- age   4:     604208 bytes,    3280256 total
- age   5:     629400 bytes,    3909656 total
- age   6:     619800 bytes,    4529456 total
: 141662K->8013K(153344K), 0.0231109 secs] 377388K->244375K(2080128K)After GC:
Statistics for BinaryTreeDictionary:
------------------------------------
Total Free Space: 216209710
Max   Chunk Size: 216209710
Number of Blocks: 1
Av.  Block  Size: 216209710
Tree      Height: 1
, 0.0232080 secs] [Times: user=0.06 sys=0.00, real=0.02 secs] 
Heap after GC invocations=184 (full 3):
 par new generation   total 153344K, used 8013K [0x0000000080000000, 0x000000008a660000, 0x000000008a660000)
  eden space 136320K,   0% used [0x0000000080000000, 0x0000000080000000, 0x0000000088520000)
  from space 17024K,  47% used [0x0000000088520000, 0x0000000088cf34d0, 0x00000000895c0000)
  to   space 17024K,   0% used [0x00000000895c0000, 0x00000000895c0000, 0x000000008a660000)
 concurrent mark-sweep generation total 1926784K, used 236361K [0x000000008a660000, 0x0000000100000000, 0x0000000100000000)
 Metaspace       used 84002K, capacity 89423K, committed 89812K, reserved 1128448K
  class space    used 10272K, capacity 10642K, committed 10740K, reserved 1048576K
}
2017-08-01T02:52:35.957+0000: 14467.985: Total time for which application threads were stopped: 0.0240384 seconds, Stopping threads took: 0.0006433 seconds
{Heap before GC invocations=184 (full 3):
 par new generation   total 153344K, used 144333K [0x0000000080000000, 0x000000008a660000, 0x000000008a660000)
  eden space 136320K, 100% used [0x0000000080000000, 0x0000000088520000, 0x0000000088520000)
  from space 17024K,  47% used [0x0000000088520000, 0x0000000088cf34d0, 0x00000000895c0000)
  to   space 17024K,   0% used [0x00000000895c0000, 0x00000000895c0000, 0x000000008a660000)
 concurrent mark-sweep generation total 1926784K, used 236361K [0x000000008a660000, 0x0000000100000000, 0x0000000100000000)
 Metaspace       used 84002K, capacity 89423K, committed 89812K, reserved 1128448K
  class space    used 10272K, capacity 10642K, committed 10740K, reserved 1048576K
2017-08-01T02:54:16.333+0000: 14568.360: [GC (Allocation Failure) Before GC:
Statistics for BinaryTreeDictionary:
------------------------------------
Total Free Space: 216209710
Max   Chunk Size: 216209710
Number of Blocks: 1
Av.  Block  Size: 216209710
Tree      Height: 1
2017-08-01T02:54:16.333+0000: 14568.361: [ParNew
Desired survivor size 8716288 bytes, new threshold 6 (max 6)
- age   1:    1285776 bytes,    1285776 total
- age   2:     726336 bytes,    2012112 total
- age   3:     604480 bytes,    2616592 total
- age   4:     657704 bytes,    3274296 total
- age   5:     593184 bytes,    3867480 total
- age   6:     619904 bytes,    4487384 total
: 144333K->5321K(153344K), 0.0234615 secs] 380695K->242292K(2080128K)After GC:
Statistics for BinaryTreeDictionary:
------------------------------------
Total Free Space: 216132335
Max   Chunk Size: 216132335
Number of Blocks: 1
Av.  Block  Size: 216132335
Tree      Height: 1
, 0.0235557 secs] [Times: user=0.06 sys=0.00, real=0.02 secs] 
Heap after GC invocations=185 (full 3):
 par new generation   total 153344K, used 5321K [0x0000000080000000, 0x000000008a660000, 0x000000008a660000)
  eden space 136320K,   0% used [0x0000000080000000, 0x0000000080000000, 0x0000000088520000)
  from space 17024K,  31% used [0x00000000895c0000, 0x0000000089af27e8, 0x000000008a660000)
  to   space 17024K,   0% used [0x0000000088520000, 0x0000000088520000, 0x00000000895c0000)
 concurrent mark-sweep generation total 1926784K, used 236970K [0x000000008a660000, 0x0000000100000000, 0x0000000100000000)
 Metaspace       used 84002K, capacity 89423K, committed 89812K, reserved 1128448K
  class space    used 10272K, capacity 10642K, committed 10740K, reserved 1048576K
}
2017-08-01T02:54:16.356+0000: 14568.384: Total time for which application threads were stopped: 0.0238312 seconds, Stopping threads took: 0.0000625 seconds
2017-08-01T02:54:54.361+0000: 14606.389: Total time for which application threads were stopped: 0.0001491 seconds, Stopping threads took: 0.0000382 seconds
{Heap before GC invocations=185 (full 3):
 par new generation   total 153344K, used 141641K [0x0000000080000000, 0x000000008a660000, 0x000000008a660000)
  eden space 136320K, 100% used [0x0000000080000000, 0x0000000088520000, 0x0000000088520000)
  from space 17024K,  31% used [0x00000000895c0000, 0x0000000089af27e8, 0x000000008a660000)
  to   space 17024K,   0% used [0x0000000088520000, 0x0000000088520000, 0x00000000895c0000)
 concurrent mark-sweep generation total 1926784K, used 236970K [0x000000008a660000, 0x0000000100000000, 0x0000000100000000)
 Metaspace       used 84002K, capacity 89423K, committed 89812K, reserved 1128448K
  class space    used 10272K, capacity 10642K, committed 10740K, reserved 1048576K
2017-08-01T02:55:45.465+0000: 14657.493: [GC (Allocation Failure) Before GC:
Statistics for BinaryTreeDictionary:
------------------------------------
Total Free Space: 216132335
Max   Chunk Size: 216132335
Number of Blocks: 1
Av.  Block  Size: 216132335
Tree      Height: 1
2017-08-01T02:55:45.466+0000: 14657.493: [ParNew
Desired survivor size 8716288 bytes, new threshold 6 (max 6)
- age   1:    1204600 bytes,    1204600 total
- age   2:     617192 bytes,    1821792 total
- age   3:     634872 bytes,    2456664 total
- age   4:     587392 bytes,    3044056 total
- age   5:     645040 bytes,    3689096 total
- age   6:     582824 bytes,    4271920 total
: 141641K->5921K(153344K), 0.0235441 secs] 378612K->243500K(2080128K)After GC:
Statistics for BinaryTreeDictionary:
------------------------------------
Total Free Space: 216056749
Max   Chunk Size: 216056749
Number of Blocks: 1
Av.  Block  Size: 216056749
Tree      Height: 1
, 0.0236497 secs] [Times: user=0.06 sys=0.00, real=0.02 secs] 
Heap after GC invocations=186 (full 3):
 par new generation   total 153344K, used 5921K [0x0000000080000000, 0x000000008a660000, 0x000000008a660000)
  eden space 136320K,   0% used [0x0000000080000000, 0x0000000080000000, 0x0000000088520000)
  from space 17024K,  34% used [0x0000000088520000, 0x0000000088ae8668, 0x00000000895c0000)
  to   space 17024K,   0% used [0x00000000895c0000, 0x00000000895c0000, 0x000000008a660000)
 concurrent mark-sweep generation total 1926784K, used 237578K [0x000000008a660000, 0x0000000100000000, 0x0000000100000000)
 Metaspace       used 84002K, capacity 89423K, committed 89812K, reserved 1128448K
  class space    used 10272K, capacity 10642K, committed 10740K, reserved 1048576K
}
2017-08-01T02:55:45.489+0000: 14657.517: Total time for which application threads were stopped: 0.0239063 seconds, Stopping threads took: 0.0000667 seconds
{Heap before GC invocations=186 (full 3):
 par new generation   total 153344K, used 142241K [0x0000000080000000, 0x000000008a660000, 0x000000008a660000)
  eden space 136320K, 100% used [0x0000000080000000, 0x0000000088520000, 0x0000000088520000)
  from space 17024K,  34% used [0x0000000088520000, 0x0000000088ae8668, 0x00000000895c0000)
  to   space 17024K,   0% used [0x00000000895c0000, 0x00000000895c0000, 0x000000008a660000)
 concurrent mark-sweep generation total 1926784K, used 237578K [0x000000008a660000, 0x0000000100000000, 0x0000000100000000)
 Metaspace       used 84002K, capacity 89423K, committed 89812K, reserved 1128448K
  class space    used 10272K, capacity 10642K, committed 10740K, reserved 1048576K
2017-08-01T02:57:25.127+0000: 14757.155: [GC (Allocation Failure) Before GC:
Statistics for BinaryTreeDictionary:
------------------------------------
Total Free Space: 216056749
Max   Chunk Size: 216056749
Number of Blocks: 1
Av.  Block  Size: 216056749
Tree      Height: 1
2017-08-01T02:57:25.127+0000: 14757.155: [ParNew
Desired survivor size 8716288 bytes, new threshold 6 (max 6)
- age   1:    1262320 bytes,    1262320 total
- age   2:     601848 bytes,    1864168 total
- age   3:     552416 bytes,    2416584 total
- age   4:     584632 bytes,    3001216 total
- age   5:     575488 bytes,    3576704 total
- age   6:     633696 bytes,    4210400 total
: 142241K->6170K(153344K), 0.0228463 secs] 379820K->244321K(2080128K)After GC:
Statistics for BinaryTreeDictionary:
------------------------------------
Total Free Space: 215980601
Max   Chunk Size: 215980601
Number of Blocks: 1
Av.  Block  Size: 215980601
Tree      Height: 1
, 0.0229404 secs] [Times: user=0.06 sys=0.00, real=0.02 secs] 
Heap after GC invocations=187 (full 3):
 par new generation   total 153344K, used 6170K [0x0000000080000000, 0x000000008a660000, 0x000000008a660000)
  eden space 136320K,   0% used [0x0000000080000000, 0x0000000080000000, 0x0000000088520000)
  from space 17024K,  36% used [0x00000000895c0000, 0x0000000089bc6870, 0x000000008a660000)
  to   space 17024K,   0% used [0x0000000088520000, 0x0000000088520000, 0x00000000895c0000)
 concurrent mark-sweep generation total 1926784K, used 238151K [0x000000008a660000, 0x0000000100000000, 0x0000000100000000)
 Metaspace       used 84002K, capacity 89423K, committed 89812K, reserved 1128448K
  class space    used 10272K, capacity 10642K, committed 10740K, reserved 1048576K
}
2017-08-01T02:57:25.150+0000: 14757.178: Total time for which application threads were stopped: 0.0231934 seconds, Stopping threads took: 0.0000629 seconds
2017-08-01T02:58:25.156+0000: 14817.184: Total time for which application threads were stopped: 0.0002417 seconds, Stopping threads took: 0.0001383 seconds
{Heap before GC invocations=187 (full 3):
 par new generation   total 153344K, used 142490K [0x0000000080000000, 0x000000008a660000, 0x000000008a660000)
  eden space 136320K, 100% used [0x0000000080000000, 0x0000000088520000, 0x0000000088520000)
  from space 17024K,  36% used [0x00000000895c0000, 0x0000000089bc6870, 0x000000008a660000)
  to   space 17024K,   0% used [0x0000000088520000, 0x0000000088520000, 0x00000000895c0000)
 concurrent mark-sweep generation total 1926784K, used 238151K [0x000000008a660000, 0x0000000100000000, 0x0000000100000000)
 Metaspace       used 84002K, capacity 89423K, committed 89812K, reserved 1128448K
  class space    used 10272K, capacity 10642K, committed 10740K, reserved 1048576K
2017-08-01T02:58:57.640+0000: 14849.668: [GC (Allocation Failure) Before GC:
Statistics for BinaryTreeDictionary:
------------------------------------
Total Free Space: 215980601
Max   Chunk Size: 215980601
Number of Blocks: 1
Av.  Block  Size: 215980601
Tree      Height: 1
2017-08-01T02:58:57.641+0000: 14849.668: [ParNew
Desired survivor size 8716288 bytes, new threshold 6 (max 6)
- age   1:    1156624 bytes,    1156624 total
- age   2:     627008 bytes,    1783632 total
- age   3:     543920 bytes,    2327552 total
- age   4:     522024 bytes,    2849576 total
- age   5:     560224 bytes,    3409800 total
- age   6:     567352 bytes,    3977152 total
: 142490K->6161K(153344K), 0.0236452 secs] 380641K->244934K(2080128K)After GC:
Statistics for BinaryTreeDictionary:
------------------------------------
Total Free Space: 215900088
Max   Chunk Size: 215900088
Number of Blocks: 1
Av.  Block  Size: 215900088
Tree      Height: 1
, 0.0237318 secs] [Times: user=0.06 sys=0.00, real=0.03 secs] 
Heap after GC invocations=188 (full 3):
 par new generation   total 153344K, used 6161K [0x0000000080000000, 0x000000008a660000, 0x000000008a660000)
  eden space 136320K,   0% used [0x0000000080000000, 0x0000000080000000, 0x0000000088520000)
  from space 17024K,  36% used [0x0000000088520000, 0x0000000088b24758, 0x00000000895c0000)
  to   space 17024K,   0% used [0x00000000895c0000, 0x00000000895c0000, 0x000000008a660000)
 concurrent mark-sweep generation total 1926784K, used 238773K [0x000000008a660000, 0x0000000100000000, 0x0000000100000000)
 Metaspace       used 84002K, capacity 89423K, committed 89812K, reserved 1128448K
  class space    used 10272K, capacity 10642K, committed 10740K, reserved 1048576K
}
2017-08-01T02:58:57.664+0000: 14849.692: Total time for which application threads were stopped: 0.0239808 seconds, Stopping threads took: 0.0000417 seconds
{Heap before GC invocations=188 (full 3):
 par new generation   total 153344K, used 142481K [0x0000000080000000, 0x000000008a660000, 0x000000008a660000)
  eden space 136320K, 100% used [0x0000000080000000, 0x0000000088520000, 0x0000000088520000)
  from space 17024K,  36% used [0x0000000088520000, 0x0000000088b24758, 0x00000000895c0000)
  to   space 17024K,   0% used [0x00000000895c0000, 0x00000000895c0000, 0x000000008a660000)
 concurrent mark-sweep generation total 1926784K, used 238773K [0x000000008a660000, 0x0000000100000000, 0x0000000100000000)
 Metaspace       used 84002K, capacity 89423K, committed 89812K, reserved 1128448K
  class space    used 10272K, capacity 10642K, committed 10740K, reserved 1048576K
2017-08-01T03:00:30.937+0000: 14942.964: [GC (Allocation Failure) Before GC:
Statistics for BinaryTreeDictionary:
------------------------------------
Total Free Space: 215900088
Max   Chunk Size: 215900088
Number of Blocks: 1
Av.  Block  Size: 215900088
Tree      Height: 1
2017-08-01T03:00:30.937+0000: 14942.964: [ParNew
Desired survivor size 8716288 bytes, new threshold 6 (max 6)
- age   1:    1142360 bytes,    1142360 total
- age   2:     542904 bytes,    1685264 total
- age   3:     554368 bytes,    2239632 total
- age   4:     514880 bytes,    2754512 total
- age   5:     497688 bytes,    3252200 total
- age   6:     548640 bytes,    3800840 total
: 142481K->5904K(153344K), 0.0329751 secs] 381254K->245234K(2080128K)After GC:
Statistics for BinaryTreeDictionary:
------------------------------------
Total Free Space: 215833147
Max   Chunk Size: 215833147
Number of Blocks: 1
Av.  Block  Size: 215833147
Tree      Height: 1
, 0.0330830 secs] [Times: user=0.05 sys=0.00, real=0.03 secs] 
Heap after GC invocations=189 (full 3):
 par new generation   total 153344K, used 5904K [0x0000000080000000, 0x000000008a660000, 0x000000008a660000)
  eden space 136320K,   0% used [0x0000000080000000, 0x0000000080000000, 0x0000000088520000)
  from space 17024K,  34% used [0x00000000895c0000, 0x0000000089b842d0, 0x000000008a660000)
  to   space 17024K,   0% used [0x0000000088520000, 0x0000000088520000, 0x00000000895c0000)
 concurrent mark-sweep generation total 1926784K, used 239329K [0x000000008a660000, 0x0000000100000000, 0x0000000100000000)
 Metaspace       used 84002K, capacity 89423K, committed 89812K, reserved 1128448K
  class space    used 10272K, capacity 10642K, committed 10740K, reserved 1048576K
}
2017-08-01T03:00:30.970+0000: 14942.997: Total time for which application threads were stopped: 0.0333595 seconds, Stopping threads took: 0.0000429 seconds
{Heap before GC invocations=189 (full 3):
 par new generation   total 153344K, used 142224K [0x0000000080000000, 0x000000008a660000, 0x000000008a660000)
  eden space 136320K, 100% used [0x0000000080000000, 0x0000000088520000, 0x0000000088520000)
  from space 17024K,  34% used [0x00000000895c0000, 0x0000000089b842d0, 0x000000008a660000)
  to   space 17024K,   0% used [0x0000000088520000, 0x0000000088520000, 0x00000000895c0000)
 concurrent mark-sweep generation total 1926784K, used 239329K [0x000000008a660000, 0x0000000100000000, 0x0000000100000000)
 Metaspace       used 84002K, capacity 89423K, committed 89812K, reserved 1128448K
  class space    used 10272K, capacity 10642K, committed 10740K, reserved 1048576K
2017-08-01T03:02:08.958+0000: 15040.985: [GC (Allocation Failure) Before GC:
Statistics for BinaryTreeDictionary:
------------------------------------
Total Free Space: 215833147
Max   Chunk Size: 215833147
Number of Blocks: 1
Av.  Block  Size: 215833147
Tree      Height: 1
2017-08-01T03:02:08.958+0000: 15040.985: [ParNew
Desired survivor size 8716288 bytes, new threshold 6 (max 6)
- age   1:    1254800 bytes,    1254800 total
- age   2:     573552 bytes,    1828352 total
- age   3:     479088 bytes,    2307440 total
- age   4:     522456 bytes,    2829896 total
- age   5:     487448 bytes,    3317344 total
- age   6:     483192 bytes,    3800536 total
: 142224K->5647K(153344K), 0.0231726 secs] 381554K->245514K(2080128K)After GC:
Statistics for BinaryTreeDictionary:
------------------------------------
Total Free Space: 215762765
Max   Chunk Size: 215762765
Number of Blocks: 1
Av.  Block  Size: 215762765
Tree      Height: 1
, 0.0232810 secs] [Times: user=0.06 sys=0.00, real=0.03 secs] 
Heap after GC invocations=190 (full 3):
 par new generation   total 153344K, used 5647K [0x0000000080000000, 0x000000008a660000, 0x000000008a660000)
  eden space 136320K,   0% used [0x0000000080000000, 0x0000000080000000, 0x0000000088520000)
  from space 17024K,  33% used [0x0000000088520000, 0x0000000088aa3df8, 0x00000000895c0000)
  to   space 17024K,   0% used [0x00000000895c0000, 0x00000000895c0000, 0x000000008a660000)
 concurrent mark-sweep generation total 1926784K, used 239867K [0x000000008a660000, 0x0000000100000000, 0x0000000100000000)
 Metaspace       used 84002K, capacity 89423K, committed 89812K, reserved 1128448K
  class space    used 10272K, capacity 10642K, committed 10740K, reserved 1048576K
}
2017-08-01T03:02:08.981+0000: 15041.009: Total time for which application threads were stopped: 0.0235712 seconds, Stopping threads took: 0.0000848 seconds
{Heap before GC invocations=190 (full 3):
 par new generation   total 153344K, used 141967K [0x0000000080000000, 0x000000008a660000, 0x000000008a660000)
  eden space 136320K, 100% used [0x0000000080000000, 0x0000000088520000, 0x0000000088520000)
  from space 17024K,  33% used [0x0000000088520000, 0x0000000088aa3df8, 0x00000000895c0000)
  to   space 17024K,   0% used [0x00000000895c0000, 0x00000000895c0000, 0x000000008a660000)
 concurrent mark-sweep generation total 1926784K, used 239867K [0x000000008a660000, 0x0000000100000000, 0x0000000100000000)
 Metaspace       used 84002K, capacity 89423K, committed 89812K, reserved 1128448K
  class space    used 10272K, capacity 10642K, committed 10740K, reserved 1048576K
2017-08-01T03:03:39.500+0000: 15131.528: [GC (Allocation Failure) Before GC:
Statistics for BinaryTreeDictionary:
------------------------------------
Total Free Space: 215762765
Max   Chunk Size: 215762765
Number of Blocks: 1
Av.  Block  Size: 215762765
Tree      Height: 1
2017-08-01T03:03:39.500+0000: 15131.528: [ParNew
Desired survivor size 8716288 bytes, new threshold 6 (max 6)
- age   1:    1173128 bytes,    1173128 total
- age   2:     630672 bytes,    1803800 total
- age   3:     509112 bytes,    2312912 total
- age   4:     451192 bytes,    2764104 total
- age   5:     497480 bytes,    3261584 total
- age   6:     473768 bytes,    3735352 total
: 141967K->5580K(153344K), 0.0220869 secs] 381834K->245922K(2080128K)After GC:
Statistics for BinaryTreeDictionary:
------------------------------------
Total Free Space: 215702538
Max   Chunk Size: 215702538
Number of Blocks: 1
Av.  Block  Size: 215702538
Tree      Height: 1
, 0.0221709 secs] [Times: user=0.05 sys=0.00, real=0.03 secs] 
Heap after GC invocations=191 (full 3):
 par new generation   total 153344K, used 5580K [0x0000000080000000, 0x000000008a660000, 0x000000008a660000)
  eden space 136320K,   0% used [0x0000000080000000, 0x0000000080000000, 0x0000000088520000)
  from space 17024K,  32% used [0x00000000895c0000, 0x0000000089b33320, 0x000000008a660000)
  to   space 17024K,   0% used [0x0000000088520000, 0x0000000088520000, 0x00000000895c0000)
 concurrent mark-sweep generation total 1926784K, used 240341K [0x000000008a660000, 0x0000000100000000, 0x0000000100000000)
 Metaspace       used 84002K, capacity 89423K, committed 89812K, reserved 1128448K
  class space    used 10272K, capacity 10642K, committed 10740K, reserved 1048576K
}
2017-08-01T03:03:39.522+0000: 15131.550: Total time for which application threads were stopped: 0.0224119 seconds, Stopping threads took: 0.0000628 seconds
{Heap before GC invocations=191 (full 3):
 par new generation   total 153344K, used 141900K [0x0000000080000000, 0x000000008a660000, 0x000000008a660000)
  eden space 136320K, 100% used [0x0000000080000000, 0x0000000088520000, 0x0000000088520000)
  from space 17024K,  32% used [0x00000000895c0000, 0x0000000089b33320, 0x000000008a660000)
  to   space 17024K,   0% used [0x0000000088520000, 0x0000000088520000, 0x00000000895c0000)
 concurrent mark-sweep generation total 1926784K, used 240341K [0x000000008a660000, 0x0000000100000000, 0x0000000100000000)
 Metaspace       used 84002K, capacity 89423K, committed 89812K, reserved 1128448K
  class space    used 10272K, capacity 10642K, committed 10740K, reserved 1048576K
2017-08-01T03:05:17.695+0000: 15229.723: [GC (Allocation Failure) Before GC:
Statistics for BinaryTreeDictionary:
------------------------------------
Total Free Space: 215702538
Max   Chunk Size: 215702538
Number of Blocks: 1
Av.  Block  Size: 215702538
Tree      Height: 1
2017-08-01T03:05:17.695+0000: 15229.723: [ParNew
Desired survivor size 8716288 bytes, new threshold 6 (max 6)
- age   1:    1215976 bytes,    1215976 total
- age   2:     573944 bytes,    1789920 total
- age   3:     560480 bytes,    2350400 total
- age   4:     483336 bytes,    2833736 total
- age   5:     432736 bytes,    3266472 total
- age   6:     483720 bytes,    3750192 total
: 141900K->5494K(153344K), 0.0217389 secs] 382242K->246300K(2080128K)After GC:
Statistics for BinaryTreeDictionary:
------------------------------------
Total Free Space: 215642071
Max   Chunk Size: 215642071
Number of Blocks: 1
Av.  Block  Size: 215642071
Tree      Height: 1
, 0.0218351 secs] [Times: user=0.05 sys=0.00, real=0.02 secs] 
Heap after GC invocations=192 (full 3):
 par new generation   total 153344K, used 5494K [0x0000000080000000, 0x000000008a660000, 0x000000008a660000)
  eden space 136320K,   0% used [0x0000000080000000, 0x0000000080000000, 0x0000000088520000)
  from space 17024K,  32% used [0x0000000088520000, 0x0000000088a7dbf0, 0x00000000895c0000)
  to   space 17024K,   0% used [0x00000000895c0000, 0x00000000895c0000, 0x000000008a660000)
 concurrent mark-sweep generation total 1926784K, used 240805K [0x000000008a660000, 0x0000000100000000, 0x0000000100000000)
 Metaspace       used 84002K, capacity 89423K, committed 89812K, reserved 1128448K
  class space    used 10272K, capacity 10642K, committed 10740K, reserved 1048576K
}
2017-08-01T03:05:17.717+0000: 15229.745: Total time for which application threads were stopped: 0.0220944 seconds, Stopping threads took: 0.0000563 seconds
2017-08-01T03:05:27.719+0000: 15239.746: Total time for which application threads were stopped: 0.0001471 seconds, Stopping threads took: 0.0000416 seconds
2017-08-01T03:06:12.723+0000: 15284.751: Total time for which application threads were stopped: 0.0001508 seconds, Stopping threads took: 0.0000549 seconds
2017-08-01T03:06:27.725+0000: 15299.753: Total time for which application threads were stopped: 0.0001533 seconds, Stopping threads took: 0.0000396 seconds
{Heap before GC invocations=192 (full 3):
 par new generation   total 153344K, used 141814K [0x0000000080000000, 0x000000008a660000, 0x000000008a660000)
  eden space 136320K, 100% used [0x0000000080000000, 0x0000000088520000, 0x0000000088520000)
  from space 17024K,  32% used [0x0000000088520000, 0x0000000088a7dbf0, 0x00000000895c0000)
  to   space 17024K,   0% used [0x00000000895c0000, 0x00000000895c0000, 0x000000008a660000)
 concurrent mark-sweep generation total 1926784K, used 240805K [0x000000008a660000, 0x0000000100000000, 0x0000000100000000)
 Metaspace       used 84083K, capacity 89487K, committed 89812K, reserved 1128448K
  class space    used 10272K, capacity 10642K, committed 10740K, reserved 1048576K
2017-08-01T03:06:49.164+0000: 15321.192: [GC (Allocation Failure) Before GC:
Statistics for BinaryTreeDictionary:
------------------------------------
Total Free Space: 215642071
Max   Chunk Size: 215642071
Number of Blocks: 1
Av.  Block  Size: 215642071
Tree      Height: 1
2017-08-01T03:06:49.164+0000: 15321.192: [ParNew
Desired survivor size 8716288 bytes, new threshold 6 (max 6)
- age   1:    1226272 bytes,    1226272 total
- age   2:     656024 bytes,    1882296 total
- age   3:     513512 bytes,    2395808 total
- age   4:     533752 bytes,    2929560 total
- age   5:     467656 bytes,    3397216 total
- age   6:     424384 bytes,    3821600 total
: 141814K->5487K(153344K), 0.0224930 secs] 382620K->246767K(2080128K)After GC:
Statistics for BinaryTreeDictionary:
------------------------------------
Total Free Space: 215584547
Max   Chunk Size: 215584547
Number of Blocks: 1
Av.  Block  Size: 215584547
Tree      Height: 1
, 0.0225812 secs] [Times: user=0.06 sys=0.00, real=0.02 secs] 
Heap after GC invocations=193 (full 3):
 par new generation   total 153344K, used 5487K [0x0000000080000000, 0x000000008a660000, 0x000000008a660000)
  eden space 136320K,   0% used [0x0000000080000000, 0x0000000080000000, 0x0000000088520000)
  from space 17024K,  32% used [0x00000000895c0000, 0x0000000089b1bd70, 0x000000008a660000)
  to   space 17024K,   0% used [0x0000000088520000, 0x0000000088520000, 0x00000000895c0000)
 concurrent mark-sweep generation total 1926784K, used 241280K [0x000000008a660000, 0x0000000100000000, 0x0000000100000000)
 Metaspace       used 84083K, capacity 89487K, committed 89812K, reserved 1128448K
  class space    used 10272K, capacity 10642K, committed 10740K, reserved 1048576K
}
2017-08-01T03:06:49.186+0000: 15321.214: Total time for which application threads were stopped: 0.0228786 seconds, Stopping threads took: 0.0001033 seconds
2017-08-01T03:07:24.190+0000: 15356.218: Total time for which application threads were stopped: 0.0002895 seconds, Stopping threads took: 0.0000726 seconds
2017-08-01T03:07:31.191+0000: 15363.219: Total time for which application threads were stopped: 0.0001837 seconds, Stopping threads took: 0.0000786 seconds
2017-08-01T03:07:58.196+0000: 15390.223: Total time for which application threads were stopped: 0.0001426 seconds, Stopping threads took: 0.0000489 seconds
2017-08-01T03:08:09.197+0000: 15401.225: Total time for which application threads were stopped: 0.0001554 seconds, Stopping threads took: 0.0000389 seconds
{Heap before GC invocations=193 (full 3):
 par new generation   total 153344K, used 141807K [0x0000000080000000, 0x000000008a660000, 0x000000008a660000)
  eden space 136320K, 100% used [0x0000000080000000, 0x0000000088520000, 0x0000000088520000)
  from space 17024K,  32% used [0x00000000895c0000, 0x0000000089b1bd70, 0x000000008a660000)
  to   space 17024K,   0% used [0x0000000088520000, 0x0000000088520000, 0x00000000895c0000)
 concurrent mark-sweep generation total 1926784K, used 241280K [0x000000008a660000, 0x0000000100000000, 0x0000000100000000)
 Metaspace       used 84120K, capacity 89487K, committed 89812K, reserved 1128448K
  class space    used 10272K, capacity 10642K, committed 10740K, reserved 1048576K
2017-08-01T03:08:26.609+0000: 15418.637: [GC (Allocation Failure) Before GC:
Statistics for BinaryTreeDictionary:
------------------------------------
Total Free Space: 215584547
Max   Chunk Size: 215584547
Number of Blocks: 1
Av.  Block  Size: 215584547
Tree      Height: 1
2017-08-01T03:08:26.609+0000: 15418.637: [ParNew
Desired survivor size 8716288 bytes, new threshold 6 (max 6)
- age   1:    1305592 bytes,    1305592 total
- age   2:     582112 bytes,    1887704 total
- age   3:     585584 bytes,    2473288 total
- age   4:     487760 bytes,    2961048 total
- age   5:     515080 bytes,    3476128 total
- age   6:     456856 bytes,    3932984 total
: 141807K->5566K(153344K), 0.0224157 secs] 383087K->247262K(2080128K)After GC:
Statistics for BinaryTreeDictionary:
------------------------------------
Total Free Space: 215531226
Max   Chunk Size: 215531226
Number of Blocks: 1
Av.  Block  Size: 215531226
Tree      Height: 1
, 0.0224957 secs] [Times: user=0.06 sys=0.00, real=0.03 secs] 
Heap after GC invocations=194 (full 3):
 par new generation   total 153344K, used 5566K [0x0000000080000000, 0x000000008a660000, 0x000000008a660000)
  eden space 136320K,   0% used [0x0000000080000000, 0x0000000080000000, 0x0000000088520000)
  from space 17024K,  32% used [0x0000000088520000, 0x0000000088a8f980, 0x00000000895c0000)
  to   space 17024K,   0% used [0x00000000895c0000, 0x00000000895c0000, 0x000000008a660000)
 concurrent mark-sweep generation total 1926784K, used 241695K [0x000000008a660000, 0x0000000100000000, 0x0000000100000000)
 Metaspace       used 84120K, capacity 89487K, committed 89812K, reserved 1128448K
  class space    used 10272K, capacity 10642K, committed 10740K, reserved 1048576K
}
2017-08-01T03:08:26.632+0000: 15418.659: Total time for which application threads were stopped: 0.0227503 seconds, Stopping threads took: 0.0000626 seconds
2017-08-01T03:08:27.632+0000: 15419.660: Total time for which application threads were stopped: 0.0001374 seconds, Stopping threads took: 0.0000398 seconds
2017-08-01T03:08:40.633+0000: 15432.661: Total time for which application threads were stopped: 0.0001501 seconds, Stopping threads took: 0.0000549 seconds
{Heap before GC invocations=194 (full 3):
 par new generation   total 153344K, used 141886K [0x0000000080000000, 0x000000008a660000, 0x000000008a660000)
  eden space 136320K, 100% used [0x0000000080000000, 0x0000000088520000, 0x0000000088520000)
  from space 17024K,  32% used [0x0000000088520000, 0x0000000088a8f980, 0x00000000895c0000)
  to   space 17024K,   0% used [0x00000000895c0000, 0x00000000895c0000, 0x000000008a660000)
 concurrent mark-sweep generation total 1926784K, used 241695K [0x000000008a660000, 0x0000000100000000, 0x0000000100000000)
 Metaspace       used 84148K, capacity 89551K, committed 89812K, reserved 1128448K
  class space    used 10272K, capacity 10642K, committed 10740K, reserved 1048576K
2017-08-01T03:09:56.899+0000: 15508.927: [GC (Allocation Failure) Before GC:
Statistics for BinaryTreeDictionary:
------------------------------------
Total Free Space: 215531226
Max   Chunk Size: 215531226
Number of Blocks: 1
Av.  Block  Size: 215531226
Tree      Height: 1
2017-08-01T03:09:56.899+0000: 15508.927: [ParNew
Desired survivor size 8716288 bytes, new threshold 6 (max 6)
- age   1:    1302672 bytes,    1302672 total
- age   2:     653616 bytes,    1956288 total
- age   3:     521400 bytes,    2477688 total
- age   4:     556472 bytes,    3034160 total
- age   5:     470560 bytes,    3504720 total
- age   6:     503808 bytes,    4008528 total
: 141886K->5705K(153344K), 0.0230653 secs] 383582K->247850K(2080128K)After GC:
Statistics for BinaryTreeDictionary:
------------------------------------
Total Free Space: 215471138
Max   Chunk Size: 215471138
Number of Blocks: 1
Av.  Block  Size: 215471138
Tree      Height: 1
, 0.0231608 secs] [Times: user=0.05 sys=0.00, real=0.03 secs] 
Heap after GC invocations=195 (full 3):
 par new generation   total 153344K, used 5705K [0x0000000080000000, 0x000000008a660000, 0x000000008a660000)
  eden space 136320K,   0% used [0x0000000080000000, 0x0000000080000000, 0x0000000088520000)
  from space 17024K,  33% used [0x00000000895c0000, 0x0000000089b52788, 0x000000008a660000)
  to   space 17024K,   0% used [0x0000000088520000, 0x0000000088520000, 0x00000000895c0000)
 concurrent mark-sweep generation total 1926784K, used 242145K [0x000000008a660000, 0x0000000100000000, 0x0000000100000000)
 Metaspace       used 84148K, capacity 89551K, committed 89812K, reserved 1128448K
  class space    used 10272K, capacity 10642K, committed 10740K, reserved 1048576K
}
2017-08-01T03:09:56.922+0000: 15508.950: Total time for which application threads were stopped: 0.0233982 seconds, Stopping threads took: 0.0000369 seconds
{Heap before GC invocations=195 (full 3):
 par new generation   total 153344K, used 142025K [0x0000000080000000, 0x000000008a660000, 0x000000008a660000)
  eden space 136320K, 100% used [0x0000000080000000, 0x0000000088520000, 0x0000000088520000)
  from space 17024K,  33% used [0x00000000895c0000, 0x0000000089b52788, 0x000000008a660000)
  to   space 17024K,   0% used [0x0000000088520000, 0x0000000088520000, 0x00000000895c0000)
 concurrent mark-sweep generation total 1926784K, used 242145K [0x000000008a660000, 0x0000000100000000, 0x0000000100000000)
 Metaspace       used 84148K, capacity 89551K, committed 89812K, reserved 1128448K
  class space    used 10272K, capacity 10642K, committed 10740K, reserved 1048576K
2017-08-01T03:11:30.931+0000: 15602.958: [GC (Allocation Failure) Before GC:
Statistics for BinaryTreeDictionary:
------------------------------------
Total Free Space: 215471138
Max   Chunk Size: 215471138
Number of Blocks: 1
Av.  Block  Size: 215471138
Tree      Height: 1
2017-08-01T03:11:30.931+0000: 15602.959: [ParNew
Desired survivor size 8716288 bytes, new threshold 6 (max 6)
- age   1:    1216016 bytes,    1216016 total
- age   2:     586320 bytes,    1802336 total
- age   3:     578240 bytes,    2380576 total
- age   4:     496224 bytes,    2876800 total
- age   5:     539144 bytes,    3415944 total
- age   6:     458728 bytes,    3874672 total
: 142025K->3888K(153344K), 0.0320908 secs] 384170K->246526K(2080128K)After GC:
Statistics for BinaryTreeDictionary:
------------------------------------
Total Free Space: 215410762
Max   Chunk Size: 215410762
Number of Blocks: 1
Av.  Block  Size: 215410762
Tree      Height: 1
, 0.0322104 secs] [Times: user=0.06 sys=0.00, real=0.03 secs] 
Heap after GC invocations=196 (full 3):
 par new generation   total 153344K, used 3888K [0x0000000080000000, 0x000000008a660000, 0x000000008a660000)
  eden space 136320K,   0% used [0x0000000080000000, 0x0000000080000000, 0x0000000088520000)
  from space 17024K,  22% used [0x0000000088520000, 0x00000000888ec290, 0x00000000895c0000)
  to   space 17024K,   0% used [0x00000000895c0000, 0x00000000895c0000, 0x000000008a660000)
 concurrent mark-sweep generation total 1926784K, used 242638K [0x000000008a660000, 0x0000000100000000, 0x0000000100000000)
 Metaspace       used 84148K, capacity 89551K, committed 89812K, reserved 1128448K
  class space    used 10272K, capacity 10642K, committed 10740K, reserved 1048576K
}
2017-08-01T03:11:30.963+0000: 15602.991: Total time for which application threads were stopped: 0.0324746 seconds, Stopping threads took: 0.0000324 seconds
{Heap before GC invocations=196 (full 3):
 par new generation   total 153344K, used 140208K [0x0000000080000000, 0x000000008a660000, 0x000000008a660000)
  eden space 136320K, 100% used [0x0000000080000000, 0x0000000088520000, 0x0000000088520000)
  from space 17024K,  22% used [0x0000000088520000, 0x00000000888ec290, 0x00000000895c0000)
  to   space 17024K,   0% used [0x00000000895c0000, 0x00000000895c0000, 0x000000008a660000)
 concurrent mark-sweep generation total 1926784K, used 242638K [0x000000008a660000, 0x0000000100000000, 0x0000000100000000)
 Metaspace       used 84148K, capacity 89551K, committed 89812K, reserved 1128448K
  class space    used 10272K, capacity 10642K, committed 10740K, reserved 1048576K
2017-08-01T03:13:04.500+0000: 15696.528: [GC (Allocation Failure) Before GC:
Statistics for BinaryTreeDictionary:
------------------------------------
Total Free Space: 215410762
Max   Chunk Size: 215410762
Number of Blocks: 1
Av.  Block  Size: 215410762
Tree      Height: 1
2017-08-01T03:13:04.500+0000: 15696.528: [ParNew
Desired survivor size 8716288 bytes, new threshold 6 (max 6)
- age   1:    1140440 bytes,    1140440 total
- age   2:     647776 bytes,    1788216 total
- age   3:     524344 bytes,    2312560 total
- age   4:     552408 bytes,    2864968 total
- age   5:     481160 bytes,    3346128 total
- age   6:     527480 bytes,    3873608 total
: 140208K->5708K(153344K), 0.0223646 secs] 382846K->248796K(2080128K)After GC:
Statistics for BinaryTreeDictionary:
------------------------------------
Total Free Space: 215351708
Max   Chunk Size: 215351708
Number of Blocks: 1
Av.  Block  Size: 215351708
Tree      Height: 1
, 0.0224584 secs] [Times: user=0.06 sys=0.00, real=0.03 secs] 
Heap after GC invocations=197 (full 3):
 par new generation   total 153344K, used 5708K [0x0000000080000000, 0x000000008a660000, 0x000000008a660000)
  eden space 136320K,   0% used [0x0000000080000000, 0x0000000080000000, 0x0000000088520000)
  from space 17024K,  33% used [0x00000000895c0000, 0x0000000089b53090, 0x000000008a660000)
  to   space 17024K,   0% used [0x0000000088520000, 0x0000000088520000, 0x00000000895c0000)
 concurrent mark-sweep generation total 1926784K, used 243088K [0x000000008a660000, 0x0000000100000000, 0x0000000100000000)
 Metaspace       used 84148K, capacity 89551K, committed 89812K, reserved 1128448K
  class space    used 10272K, capacity 10642K, committed 10740K, reserved 1048576K
}
2017-08-01T03:13:04.523+0000: 15696.550: Total time for which application threads were stopped: 0.0227023 seconds, Stopping threads took: 0.0000384 seconds
2017-08-01T03:14:06.727+0000: 15758.755: Total time for which application threads were stopped: 0.0001839 seconds, Stopping threads took: 0.0000822 seconds
{Heap before GC invocations=197 (full 3):
 par new generation   total 153344K, used 142028K [0x0000000080000000, 0x000000008a660000, 0x000000008a660000)
  eden space 136320K, 100% used [0x0000000080000000, 0x0000000088520000, 0x0000000088520000)
  from space 17024K,  33% used [0x00000000895c0000, 0x0000000089b53090, 0x000000008a660000)
  to   space 17024K,   0% used [0x0000000088520000, 0x0000000088520000, 0x00000000895c0000)
 concurrent mark-sweep generation total 1926784K, used 243088K [0x000000008a660000, 0x0000000100000000, 0x0000000100000000)
 Metaspace       used 84148K, capacity 89551K, committed 89812K, reserved 1128448K
  class space    used 10272K, capacity 10642K, committed 10740K, reserved 1048576K
2017-08-01T03:14:36.875+0000: 15788.903: [GC (Allocation Failure) Before GC:
Statistics for BinaryTreeDictionary:
------------------------------------
Total Free Space: 215351708
Max   Chunk Size: 215351708
Number of Blocks: 1
Av.  Block  Size: 215351708
Tree      Height: 1
2017-08-01T03:14:36.875+0000: 15788.903: [ParNew
Desired survivor size 8716288 bytes, new threshold 6 (max 6)
- age   1:    1192760 bytes,    1192760 total
- age   2:     586336 bytes,    1779096 total
- age   3:     575752 bytes,    2354848 total
- age   4:     501904 bytes,    2856752 total
- age   5:     535920 bytes,    3392672 total
- age   6:     471928 bytes,    3864600 total
: 142028K->5677K(153344K), 0.0226573 secs] 385116K->249284K(2080128K)After GC:
Statistics for BinaryTreeDictionary:
------------------------------------
Total Free Space: 215283344
Max   Chunk Size: 215283344
Number of Blocks: 1
Av.  Block  Size: 215283344
Tree      Height: 1
, 0.0227367 secs] [Times: user=0.06 sys=0.00, real=0.02 secs] 
Heap after GC invocations=198 (full 3):
 par new generation   total 153344K, used 5677K [0x0000000080000000, 0x000000008a660000, 0x000000008a660000)
  eden space 136320K,   0% used [0x0000000080000000, 0x0000000080000000, 0x0000000088520000)
  from space 17024K,  33% used [0x0000000088520000, 0x0000000088aab4c0, 0x00000000895c0000)
  to   space 17024K,   0% used [0x00000000895c0000, 0x00000000895c0000, 0x000000008a660000)
 concurrent mark-sweep generation total 1926784K, used 243607K [0x000000008a660000, 0x0000000100000000, 0x0000000100000000)
 Metaspace       used 84148K, capacity 89551K, committed 89812K, reserved 1128448K
  class space    used 10272K, capacity 10642K, committed 10740K, reserved 1048576K
}
2017-08-01T03:14:36.898+0000: 15788.925: Total time for which application threads were stopped: 0.0229797 seconds, Stopping threads took: 0.0000604 seconds
{Heap before GC invocations=198 (full 3):
 par new generation   total 153344K, used 141997K [0x0000000080000000, 0x000000008a660000, 0x000000008a660000)
  eden space 136320K, 100% used [0x0000000080000000, 0x0000000088520000, 0x0000000088520000)
  from space 17024K,  33% used [0x0000000088520000, 0x0000000088aab4c0, 0x00000000895c0000)
  to   space 17024K,   0% used [0x00000000895c0000, 0x00000000895c0000, 0x000000008a660000)
 concurrent mark-sweep generation total 1926784K, used 243607K [0x000000008a660000, 0x0000000100000000, 0x0000000100000000)
 Metaspace       used 84148K, capacity 89551K, committed 89812K, reserved 1128448K
  class space    used 10272K, capacity 10642K, committed 10740K, reserved 1048576K
2017-08-01T03:16:15.782+0000: 15887.810: [GC (Allocation Failure) Before GC:
Statistics for BinaryTreeDictionary:
------------------------------------
Total Free Space: 215283344
Max   Chunk Size: 215283344
Number of Blocks: 1
Av.  Block  Size: 215283344
Tree      Height: 1
2017-08-01T03:16:15.783+0000: 15887.810: [ParNew
Desired survivor size 8716288 bytes, new threshold 6 (max 6)
- age   1:    1365384 bytes,    1365384 total
- age   2:     591608 bytes,    1956992 total
- age   3:     519656 bytes,    2476648 total
- age   4:     547688 bytes,    3024336 total
- age   5:     482792 bytes,    3507128 total
- age   6:     523200 bytes,    4030328 total
: 141997K->5661K(153344K), 0.0228446 secs] 385604K->249730K(2080128K)After GC:
Statistics for BinaryTreeDictionary:
------------------------------------
Total Free Space: 215223662
Max   Chunk Size: 215223662
Number of Blocks: 1
Av.  Block  Size: 215223662
Tree      Height: 1
, 0.0229536 secs] [Times: user=0.06 sys=0.00, real=0.02 secs] 
Heap after GC invocations=199 (full 3):
 par new generation   total 153344K, used 5661K [0x0000000080000000, 0x000000008a660000, 0x000000008a660000)
  eden space 136320K,   0% used [0x0000000080000000, 0x0000000080000000, 0x0000000088520000)
  from space 17024K,  33% used [0x00000000895c0000, 0x0000000089b47400, 0x000000008a660000)
  to   space 17024K,   0% used [0x0000000088520000, 0x0000000088520000, 0x00000000895c0000)
 concurrent mark-sweep generation total 1926784K, used 244069K [0x000000008a660000, 0x0000000100000000, 0x0000000100000000)
 Metaspace       used 84148K, capacity 89551K, committed 89812K, reserved 1128448K
  class space    used 10272K, capacity 10642K, committed 10740K, reserved 1048576K
}
2017-08-01T03:16:15.806+0000: 15887.833: Total time for which application threads were stopped: 0.0232037 seconds, Stopping threads took: 0.0000595 seconds
2017-08-01T03:17:27.817+0000: 15959.845: Total time for which application threads were stopped: 0.0001585 seconds, Stopping threads took: 0.0000624 seconds
{Heap before GC invocations=199 (full 3):
 par new generation   total 153344K, used 141981K [0x0000000080000000, 0x000000008a660000, 0x000000008a660000)
  eden space 136320K, 100% used [0x0000000080000000, 0x0000000088520000, 0x0000000088520000)
  from space 17024K,  33% used [0x00000000895c0000, 0x0000000089b47400, 0x000000008a660000)
  to   space 17024K,   0% used [0x0000000088520000, 0x0000000088520000, 0x00000000895c0000)
 concurrent mark-sweep generation total 1926784K, used 244069K [0x000000008a660000, 0x0000000100000000, 0x0000000100000000)
 Metaspace       used 84148K, capacity 89551K, committed 89812K, reserved 1128448K
  class space    used 10272K, capacity 10642K, committed 10740K, reserved 1048576K
2017-08-01T03:17:46.933+0000: 15978.960: [GC (Allocation Failure) Before GC:
Statistics for BinaryTreeDictionary:
------------------------------------
Total Free Space: 215223662
Max   Chunk Size: 215223662
Number of Blocks: 1
Av.  Block  Size: 215223662
Tree      Height: 1
2017-08-01T03:17:46.933+0000: 15978.960: [ParNew
Desired survivor size 8716288 bytes, new threshold 6 (max 6)
- age   1:    1240368 bytes,    1240368 total
- age   2:     727672 bytes,    1968040 total
- age   3:     542376 bytes,    2510416 total
- age   4:     500112 bytes,    3010528 total
- age   5:     530056 bytes,    3540584 total
- age   6:     473368 bytes,    4013952 total
: 141981K->5836K(153344K), 0.0229307 secs] 386050K->250420K(2080128K)After GC:
Statistics for BinaryTreeDictionary:
------------------------------------
Total Free Space: 215159060
Max   Chunk Size: 215159060
Number of Blocks: 1
Av.  Block  Size: 215159060
Tree      Height: 1
, 0.0230158 secs] [Times: user=0.06 sys=0.00, real=0.02 secs] 
Heap after GC invocations=200 (full 3):
 par new generation   total 153344K, used 5836K [0x0000000080000000, 0x000000008a660000, 0x000000008a660000)
  eden space 136320K,   0% used [0x0000000080000000, 0x0000000080000000, 0x0000000088520000)
  from space 17024K,  34% used [0x0000000088520000, 0x0000000088ad31c0, 0x00000000895c0000)
  to   space 17024K,   0% used [0x00000000895c0000, 0x00000000895c0000, 0x000000008a660000)
 concurrent mark-sweep generation total 1926784K, used 244583K [0x000000008a660000, 0x0000000100000000, 0x0000000100000000)
 Metaspace       used 84148K, capacity 89551K, committed 89812K, reserved 1128448K
  class space    used 10272K, capacity 10642K, committed 10740K, reserved 1048576K
}
2017-08-01T03:17:46.956+0000: 15978.983: Total time for which application threads were stopped: 0.0232476 seconds, Stopping threads took: 0.0000453 seconds
2017-08-01T03:18:08.958+0000: 16000.986: Total time for which application threads were stopped: 0.0001432 seconds, Stopping threads took: 0.0000429 seconds
{Heap before GC invocations=200 (full 3):
 par new generation   total 153344K, used 142156K [0x0000000080000000, 0x000000008a660000, 0x000000008a660000)
  eden space 136320K, 100% used [0x0000000080000000, 0x0000000088520000, 0x0000000088520000)
  from space 17024K,  34% used [0x0000000088520000, 0x0000000088ad31c0, 0x00000000895c0000)
  to   space 17024K,   0% used [0x00000000895c0000, 0x00000000895c0000, 0x000000008a660000)
 concurrent mark-sweep generation total 1926784K, used 244583K [0x000000008a660000, 0x0000000100000000, 0x0000000100000000)
 Metaspace       used 84148K, capacity 89551K, committed 89812K, reserved 1128448K
  class space    used 10272K, capacity 10642K, committed 10740K, reserved 1048576K
2017-08-01T03:19:27.415+0000: 16079.442: [GC (Allocation Failure) Before GC:
Statistics for BinaryTreeDictionary:
------------------------------------
Total Free Space: 215159060
Max   Chunk Size: 215159060
Number of Blocks: 1
Av.  Block  Size: 215159060
Tree      Height: 1
2017-08-01T03:19:27.415+0000: 16079.442: [ParNew
Desired survivor size 8716288 bytes, new threshold 6 (max 6)
- age   1:    1340552 bytes,    1340552 total
- age   2:     678416 bytes,    2018968 total
- age   3:     661840 bytes,    2680808 total
- age   4:     520448 bytes,    3201256 total
- age   5:     483880 bytes,    3685136 total
- age   6:     518040 bytes,    4203176 total
: 142156K->7815K(153344K), 0.0229941 secs] 386740K->252865K(2080128K)After GC:
Statistics for BinaryTreeDictionary:
------------------------------------
Total Free Space: 215100179
Max   Chunk Size: 215100179
Number of Blocks: 1
Av.  Block  Size: 215100179
Tree      Height: 1
, 0.0230831 secs] [Times: user=0.06 sys=0.00, real=0.02 secs] 
Heap after GC invocations=201 (full 3):
 par new generation   total 153344K, used 7815K [0x0000000080000000, 0x000000008a660000, 0x000000008a660000)
  eden space 136320K,   0% used [0x0000000080000000, 0x0000000080000000, 0x0000000088520000)
  from space 17024K,  45% used [0x00000000895c0000, 0x0000000089d61dc8, 0x000000008a660000)
  to   space 17024K,   0% used [0x0000000088520000, 0x0000000088520000, 0x00000000895c0000)
 concurrent mark-sweep generation total 1926784K, used 245050K [0x000000008a660000, 0x0000000100000000, 0x0000000100000000)
 Metaspace       used 84148K, capacity 89551K, committed 89812K, reserved 1128448K
  class space    used 10272K, capacity 10642K, committed 10740K, reserved 1048576K
}
2017-08-01T03:19:27.438+0000: 16079.466: Total time for which application threads were stopped: 0.0233439 seconds, Stopping threads took: 0.0000768 seconds
{Heap before GC invocations=201 (full 3):
 par new generation   total 153344K, used 144135K [0x0000000080000000, 0x000000008a660000, 0x000000008a660000)
  eden space 136320K, 100% used [0x0000000080000000, 0x0000000088520000, 0x0000000088520000)
  from space 17024K,  45% used [0x00000000895c0000, 0x0000000089d61dc8, 0x000000008a660000)
  to   space 17024K,   0% used [0x0000000088520000, 0x0000000088520000, 0x00000000895c0000)
 concurrent mark-sweep generation total 1926784K, used 245050K [0x000000008a660000, 0x0000000100000000, 0x0000000100000000)
 Metaspace       used 84148K, capacity 89551K, committed 89812K, reserved 1128448K
  class space    used 10272K, capacity 10642K, committed 10740K, reserved 1048576K
2017-08-01T03:20:56.847+0000: 16168.875: [GC (Allocation Failure) Before GC:
Statistics for BinaryTreeDictionary:
------------------------------------
Total Free Space: 215100179
Max   Chunk Size: 215100179
Number of Blocks: 1
Av.  Block  Size: 215100179
Tree      Height: 1
2017-08-01T03:20:56.847+0000: 16168.875: [ParNew
Desired survivor size 8716288 bytes, new threshold 6 (max 6)
- age   1:    1257872 bytes,    1257872 total
- age   2:     747192 bytes,    2005064 total
- age   3:     625880 bytes,    2630944 total
- age   4:     640600 bytes,    3271544 total
- age   5:     506664 bytes,    3778208 total
- age   6:     474496 bytes,    4252704 total
: 144135K->5030K(153344K), 0.0225381 secs] 389185K->250586K(2080128K)After GC:
Statistics for BinaryTreeDictionary:
------------------------------------
Total Free Space: 215032156
Max   Chunk Size: 215032156
Number of Blocks: 1
Av.  Block  Size: 215032156
Tree      Height: 1
, 0.0226235 secs] [Times: user=0.06 sys=0.00, real=0.02 secs] 
Heap after GC invocations=202 (full 3):
 par new generation   total 153344K, used 5030K [0x0000000080000000, 0x000000008a660000, 0x000000008a660000)
  eden space 136320K,   0% used [0x0000000080000000, 0x0000000080000000, 0x0000000088520000)
  from space 17024K,  29% used [0x0000000088520000, 0x0000000088a09b08, 0x00000000895c0000)
  to   space 17024K,   0% used [0x00000000895c0000, 0x00000000895c0000, 0x000000008a660000)
 concurrent mark-sweep generation total 1926784K, used 245555K [0x000000008a660000, 0x0000000100000000, 0x0000000100000000)
 Metaspace       used 84148K, capacity 89551K, committed 89812K, reserved 1128448K
  class space    used 10272K, capacity 10642K, committed 10740K, reserved 1048576K
}
2017-08-01T03:20:56.870+0000: 16168.897: Total time for which application threads were stopped: 0.0228759 seconds, Stopping threads took: 0.0000650 seconds
2017-08-01T03:22:27.881+0000: 16259.908: Total time for which application threads were stopped: 0.0001748 seconds, Stopping threads took: 0.0000677 seconds
{Heap before GC invocations=202 (full 3):
 par new generation   total 153344K, used 141350K [0x0000000080000000, 0x000000008a660000, 0x000000008a660000)
  eden space 136320K, 100% used [0x0000000080000000, 0x0000000088520000, 0x0000000088520000)
  from space 17024K,  29% used [0x0000000088520000, 0x0000000088a09b08, 0x00000000895c0000)
  to   space 17024K,   0% used [0x00000000895c0000, 0x00000000895c0000, 0x000000008a660000)
 concurrent mark-sweep generation total 1926784K, used 245555K [0x000000008a660000, 0x0000000100000000, 0x0000000100000000)
 Metaspace       used 84148K, capacity 89551K, committed 89812K, reserved 1128448K
  class space    used 10272K, capacity 10642K, committed 10740K, reserved 1048576K
2017-08-01T03:22:30.938+0000: 16262.965: [GC (Allocation Failure) Before GC:
Statistics for BinaryTreeDictionary:
------------------------------------
Total Free Space: 215032156
Max   Chunk Size: 215032156
Number of Blocks: 1
Av.  Block  Size: 215032156
Tree      Height: 1
2017-08-01T03:22:30.938+0000: 16262.966: [ParNew
Desired survivor size 8716288 bytes, new threshold 6 (max 6)
- age   1:    1186232 bytes,    1186232 total
- age   2:     702080 bytes,    1888312 total
- age   3:     686312 bytes,    2574624 total
- age   4:     607328 bytes,    3181952 total
- age   5:     623240 bytes,    3805192 total
- age   6:     496632 bytes,    4301824 total
: 141350K->7477K(153344K), 0.0347967 secs] 386906K->253499K(2080128K)After GC:
Statistics for BinaryTreeDictionary:
------------------------------------
Total Free Space: 214973120
Max   Chunk Size: 214973120
Number of Blocks: 1
Av.  Block  Size: 214973120
Tree      Height: 1
, 0.0349096 secs] [Times: user=0.06 sys=0.00, real=0.04 secs] 
Heap after GC invocations=203 (full 3):
 par new generation   total 153344K, used 7477K [0x0000000080000000, 0x000000008a660000, 0x000000008a660000)
  eden space 136320K,   0% used [0x0000000080000000, 0x0000000080000000, 0x0000000088520000)
  from space 17024K,  43% used [0x00000000895c0000, 0x0000000089d0d7d0, 0x000000008a660000)
  to   space 17024K,   0% used [0x0000000088520000, 0x0000000088520000, 0x00000000895c0000)
 concurrent mark-sweep generation total 1926784K, used 246021K [0x000000008a660000, 0x0000000100000000, 0x0000000100000000)
 Metaspace       used 84148K, capacity 89551K, committed 89812K, reserved 1128448K
  class space    used 10272K, capacity 10642K, committed 10740K, reserved 1048576K
}
2017-08-01T03:22:30.973+0000: 16263.000: Total time for which application threads were stopped: 0.0351631 seconds, Stopping threads took: 0.0000321 seconds
2017-08-01T03:23:57.987+0000: 16350.015: Total time for which application threads were stopped: 0.0001737 seconds, Stopping threads took: 0.0000646 seconds
2017-08-01T03:24:08.989+0000: 16361.016: Total time for which application threads were stopped: 0.0001472 seconds, Stopping threads took: 0.0000566 seconds
{Heap before GC invocations=203 (full 3):
 par new generation   total 153344K, used 143797K [0x0000000080000000, 0x000000008a660000, 0x000000008a660000)
  eden space 136320K, 100% used [0x0000000080000000, 0x0000000088520000, 0x0000000088520000)
  from space 17024K,  43% used [0x00000000895c0000, 0x0000000089d0d7d0, 0x000000008a660000)
  to   space 17024K,   0% used [0x0000000088520000, 0x0000000088520000, 0x00000000895c0000)
 concurrent mark-sweep generation total 1926784K, used 246021K [0x000000008a660000, 0x0000000100000000, 0x0000000100000000)
 Metaspace       used 84151K, capacity 89551K, committed 89812K, reserved 1128448K
  class space    used 10272K, capacity 10642K, committed 10740K, reserved 1048576K
2017-08-01T03:24:12.460+0000: 16364.488: [GC (Allocation Failure) Before GC:
Statistics for BinaryTreeDictionary:
------------------------------------
Total Free Space: 214973120
Max   Chunk Size: 214973120
Number of Blocks: 1
Av.  Block  Size: 214973120
Tree      Height: 1
2017-08-01T03:24:12.460+0000: 16364.488: [ParNew
Desired survivor size 8716288 bytes, new threshold 6 (max 6)
- age   1:    1223704 bytes,    1223704 total
- age   2:     651072 bytes,    1874776 total
- age   3:     638104 bytes,    2512880 total
- age   4:     664448 bytes,    3177328 total
- age   5:     592224 bytes,    3769552 total
- age   6:     610800 bytes,    4380352 total
: 143797K->5021K(153344K), 0.0224480 secs] 389819K->251530K(2080128K)After GC:
Statistics for BinaryTreeDictionary:
------------------------------------
Total Free Space: 214910210
Max   Chunk Size: 214910210
Number of Blocks: 1
Av.  Block  Size: 214910210
Tree      Height: 1
, 0.0225543 secs] [Times: user=0.05 sys=0.00, real=0.03 secs] 
Heap after GC invocations=204 (full 3):
 par new generation   total 153344K, used 5021K [0x0000000080000000, 0x000000008a660000, 0x000000008a660000)
  eden space 136320K,   0% used [0x0000000080000000, 0x0000000080000000, 0x0000000088520000)
  from space 17024K,  29% used [0x0000000088520000, 0x0000000088a07540, 0x00000000895c0000)
  to   space 17024K,   0% used [0x00000000895c0000, 0x00000000895c0000, 0x000000008a660000)
 concurrent mark-sweep generation total 1926784K, used 246508K [0x000000008a660000, 0x0000000100000000, 0x0000000100000000)
 Metaspace       used 84151K, capacity 89551K, committed 89812K, reserved 1128448K
  class space    used 10272K, capacity 10642K, committed 10740K, reserved 1048576K
}
2017-08-01T03:24:12.483+0000: 16364.511: Total time for which application threads were stopped: 0.0228410 seconds, Stopping threads took: 0.0000722 seconds
{Heap before GC invocations=204 (full 3):
 par new generation   total 153344K, used 141341K [0x0000000080000000, 0x000000008a660000, 0x000000008a660000)
  eden space 136320K, 100% used [0x0000000080000000, 0x0000000088520000, 0x0000000088520000)
  from space 17024K,  29% used [0x0000000088520000, 0x0000000088a07540, 0x00000000895c0000)
  to   space 17024K,   0% used [0x00000000895c0000, 0x00000000895c0000, 0x000000008a660000)
 concurrent mark-sweep generation total 1926784K, used 246508K [0x000000008a660000, 0x0000000100000000, 0x0000000100000000)
 Metaspace       used 84151K, capacity 89551K, committed 89812K, reserved 1128448K
  class space    used 10272K, capacity 10642K, committed 10740K, reserved 1048576K
2017-08-01T03:25:44.278+0000: 16456.306: [GC (Allocation Failure) Before GC:
Statistics for BinaryTreeDictionary:
------------------------------------
Total Free Space: 214910210
Max   Chunk Size: 214910210
Number of Blocks: 1
Av.  Block  Size: 214910210
Tree      Height: 1
2017-08-01T03:25:44.278+0000: 16456.306: [ParNew
Desired survivor size 8716288 bytes, new threshold 6 (max 6)
- age   1:    1209056 bytes,    1209056 total
- age   2:     693032 bytes,    1902088 total
- age   3:     599640 bytes,    2501728 total
- age   4:     618736 bytes,    3120464 total
- age   5:     648136 bytes,    3768600 total
- age   6:     583288 bytes,    4351888 total
: 141341K->5747K(153344K), 0.0244868 secs] 387850K->252859K(2080128K)After GC:
Statistics for BinaryTreeDictionary:
------------------------------------
Total Free Space: 214835467
Max   Chunk Size: 214835467
Number of Blocks: 1
Av.  Block  Size: 214835467
Tree      Height: 1
, 0.0245738 secs] [Times: user=0.07 sys=0.00, real=0.03 secs] 
Heap after GC invocations=205 (full 3):
 par new generation   total 153344K, used 5747K [0x0000000080000000, 0x000000008a660000, 0x000000008a660000)
  eden space 136320K,   0% used [0x0000000080000000, 0x0000000080000000, 0x0000000088520000)
  from space 17024K,  33% used [0x00000000895c0000, 0x0000000089b5cf38, 0x000000008a660000)
  to   space 17024K,   0% used [0x0000000088520000, 0x0000000088520000, 0x00000000895c0000)
 concurrent mark-sweep generation total 1926784K, used 247111K [0x000000008a660000, 0x0000000100000000, 0x0000000100000000)
 Metaspace       used 84151K, capacity 89551K, committed 89812K, reserved 1128448K
  class space    used 10272K, capacity 10642K, committed 10740K, reserved 1048576K
}
2017-08-01T03:25:44.303+0000: 16456.330: Total time for which application threads were stopped: 0.0248075 seconds, Stopping threads took: 0.0000533 seconds
{Heap before GC invocations=205 (full 3):
 par new generation   total 153344K, used 142067K [0x0000000080000000, 0x000000008a660000, 0x000000008a660000)
  eden space 136320K, 100% used [0x0000000080000000, 0x0000000088520000, 0x0000000088520000)
  from space 17024K,  33% used [0x00000000895c0000, 0x0000000089b5cf38, 0x000000008a660000)
  to   space 17024K,   0% used [0x0000000088520000, 0x0000000088520000, 0x00000000895c0000)
 concurrent mark-sweep generation total 1926784K, used 247111K [0x000000008a660000, 0x0000000100000000, 0x0000000100000000)
 Metaspace       used 84151K, capacity 89551K, committed 89812K, reserved 1128448K
  class space    used 10272K, capacity 10642K, committed 10740K, reserved 1048576K
2017-08-01T03:27:25.874+0000: 16557.902: [GC (Allocation Failure) Before GC:
Statistics for BinaryTreeDictionary:
------------------------------------
Total Free Space: 214835467
Max   Chunk Size: 214835467
Number of Blocks: 1
Av.  Block  Size: 214835467
Tree      Height: 1
2017-08-01T03:27:25.874+0000: 16557.902: [ParNew
Desired survivor size 8716288 bytes, new threshold 6 (max 6)
- age   1:    1272928 bytes,    1272928 total
- age   2:     634632 bytes,    1907560 total
- age   3:     630904 bytes,    2538464 total
- age   4:     580256 bytes,    3118720 total
- age   5:     597288 bytes,    3716008 total
- age   6:     635800 bytes,    4351808 total
: 142067K->6214K(153344K), 0.0245689 secs] 389179K->253898K(2080128K)After GC:
Statistics for BinaryTreeDictionary:
------------------------------------
Total Free Space: 214762086
Max   Chunk Size: 214762086
Number of Blocks: 1
Av.  Block  Size: 214762086
Tree      Height: 1
, 0.0246446 secs] [Times: user=0.07 sys=0.00, real=0.02 secs] 
Heap after GC invocations=206 (full 3):
 par new generation   total 153344K, used 6214K [0x0000000080000000, 0x000000008a660000, 0x000000008a660000)
  eden space 136320K,   0% used [0x0000000080000000, 0x0000000080000000, 0x0000000088520000)
  from space 17024K,  36% used [0x0000000088520000, 0x0000000088b319a0, 0x00000000895c0000)
  to   space 17024K,   0% used [0x00000000895c0000, 0x00000000895c0000, 0x000000008a660000)
 concurrent mark-sweep generation total 1926784K, used 247684K [0x000000008a660000, 0x0000000100000000, 0x0000000100000000)
 Metaspace       used 84151K, capacity 89551K, committed 89812K, reserved 1128448K
  class space    used 10272K, capacity 10642K, committed 10740K, reserved 1048576K
}
2017-08-01T03:27:25.899+0000: 16557.927: Total time for which application threads were stopped: 0.0249081 seconds, Stopping threads took: 0.0000622 seconds
{Heap before GC invocations=206 (full 3):
 par new generation   total 153344K, used 142534K [0x0000000080000000, 0x000000008a660000, 0x000000008a660000)
  eden space 136320K, 100% used [0x0000000080000000, 0x0000000088520000, 0x0000000088520000)
  from space 17024K,  36% used [0x0000000088520000, 0x0000000088b319a0, 0x00000000895c0000)
  to   space 17024K,   0% used [0x00000000895c0000, 0x00000000895c0000, 0x000000008a660000)
 concurrent mark-sweep generation total 1926784K, used 247684K [0x000000008a660000, 0x0000000100000000, 0x0000000100000000)
 Metaspace       used 84151K, capacity 89551K, committed 89812K, reserved 1128448K
  class space    used 10272K, capacity 10642K, committed 10740K, reserved 1048576K
2017-08-01T03:28:58.964+0000: 16650.991: [GC (Allocation Failure) Before GC:
Statistics for BinaryTreeDictionary:
------------------------------------
Total Free Space: 214762086
Max   Chunk Size: 214762086
Number of Blocks: 1
Av.  Block  Size: 214762086
Tree      Height: 1
2017-08-01T03:28:58.964+0000: 16650.991: [ParNew
Desired survivor size 8716288 bytes, new threshold 6 (max 6)
- age   1:    1264160 bytes,    1264160 total
- age   2:     716088 bytes,    1980248 total
- age   3:     586056 bytes,    2566304 total
- age   4:     612832 bytes,    3179136 total
- age   5:     564072 bytes,    3743208 total
- age   6:     586480 bytes,    4329688 total
: 142534K->6327K(153344K), 0.0234794 secs] 390218K->254634K(2080128K)After GC:
Statistics for BinaryTreeDictionary:
------------------------------------
Total Free Space: 214684044
Max   Chunk Size: 214684044
Number of Blocks: 1
Av.  Block  Size: 214684044
Tree      Height: 1
, 0.0235745 secs] [Times: user=0.05 sys=0.00, real=0.02 secs] 
Heap after GC invocations=207 (full 3):
 par new generation   total 153344K, used 6327K [0x0000000080000000, 0x000000008a660000, 0x000000008a660000)
  eden space 136320K,   0% used [0x0000000080000000, 0x0000000080000000, 0x0000000088520000)
  from space 17024K,  37% used [0x00000000895c0000, 0x0000000089bedf00, 0x000000008a660000)
  to   space 17024K,   0% used [0x0000000088520000, 0x0000000088520000, 0x00000000895c0000)
 concurrent mark-sweep generation total 1926784K, used 248306K [0x000000008a660000, 0x0000000100000000, 0x0000000100000000)
 Metaspace       used 84151K, capacity 89551K, committed 89812K, reserved 1128448K
  class space    used 10272K, capacity 10642K, committed 10740K, reserved 1048576K
}
2017-08-01T03:28:58.987+0000: 16651.015: Total time for which application threads were stopped: 0.0238329 seconds, Stopping threads took: 0.0000749 seconds
{Heap before GC invocations=207 (full 3):
 par new generation   total 153344K, used 142647K [0x0000000080000000, 0x000000008a660000, 0x000000008a660000)
  eden space 136320K, 100% used [0x0000000080000000, 0x0000000088520000, 0x0000000088520000)
  from space 17024K,  37% used [0x00000000895c0000, 0x0000000089bedf00, 0x000000008a660000)
  to   space 17024K,   0% used [0x0000000088520000, 0x0000000088520000, 0x00000000895c0000)
 concurrent mark-sweep generation total 1926784K, used 248306K [0x000000008a660000, 0x0000000100000000, 0x0000000100000000)
 Metaspace       used 84151K, capacity 89551K, committed 89812K, reserved 1128448K
  class space    used 10272K, capacity 10642K, committed 10740K, reserved 1048576K
2017-08-01T03:30:33.188+0000: 16745.215: [GC (Allocation Failure) Before GC:
Statistics for BinaryTreeDictionary:
------------------------------------
Total Free Space: 214684044
Max   Chunk Size: 214684044
Number of Blocks: 1
Av.  Block  Size: 214684044
Tree      Height: 1
2017-08-01T03:30:33.188+0000: 16745.215: [ParNew
Desired survivor size 8716288 bytes, new threshold 6 (max 6)
- age   1:    1282816 bytes,    1282816 total
- age   2:     668552 bytes,    1951368 total
- age   3:     652248 bytes,    2603616 total
- age   4:     567400 bytes,    3171016 total
- age   5:     593512 bytes,    3764528 total
- age   6:     554520 bytes,    4319048 total
: 142647K->6333K(153344K), 0.0227327 secs] 390954K->255212K(2080128K)After GC:
Statistics for BinaryTreeDictionary:
------------------------------------
Total Free Space: 214609640
Max   Chunk Size: 214609640
Number of Blocks: 1
Av.  Block  Size: 214609640
Tree      Height: 1
, 0.0228193 secs] [Times: user=0.06 sys=0.00, real=0.03 secs] 
Heap after GC invocations=208 (full 3):
 par new generation   total 153344K, used 6333K [0x0000000080000000, 0x000000008a660000, 0x000000008a660000)
  eden space 136320K,   0% used [0x0000000080000000, 0x0000000080000000, 0x0000000088520000)
  from space 17024K,  37% used [0x0000000088520000, 0x0000000088b4f6a8, 0x00000000895c0000)
  to   space 17024K,   0% used [0x00000000895c0000, 0x00000000895c0000, 0x000000008a660000)
 concurrent mark-sweep generation total 1926784K, used 248879K [0x000000008a660000, 0x0000000100000000, 0x0000000100000000)
 Metaspace       used 84151K, capacity 89551K, committed 89812K, reserved 1128448K
  class space    used 10272K, capacity 10642K, committed 10740K, reserved 1048576K
}
2017-08-01T03:30:33.211+0000: 16745.238: Total time for which application threads were stopped: 0.0231373 seconds, Stopping threads took: 0.0001267 seconds
2017-08-01T03:31:31.225+0000: 16803.252: Total time for which application threads were stopped: 0.0001751 seconds, Stopping threads took: 0.0000659 seconds
{Heap before GC invocations=208 (full 3):
 par new generation   total 153344K, used 142653K [0x0000000080000000, 0x000000008a660000, 0x000000008a660000)
  eden space 136320K, 100% used [0x0000000080000000, 0x0000000088520000, 0x0000000088520000)
  from space 17024K,  37% used [0x0000000088520000, 0x0000000088b4f6a8, 0x00000000895c0000)
  to   space 17024K,   0% used [0x00000000895c0000, 0x00000000895c0000, 0x000000008a660000)
 concurrent mark-sweep generation total 1926784K, used 248879K [0x000000008a660000, 0x0000000100000000, 0x0000000100000000)
 Metaspace       used 84151K, capacity 89551K, committed 89812K, reserved 1128448K
  class space    used 10272K, capacity 10642K, committed 10740K, reserved 1048576K
2017-08-01T03:32:13.446+0000: 16845.473: [GC (Allocation Failure) Before GC:
Statistics for BinaryTreeDictionary:
------------------------------------
Total Free Space: 214609640
Max   Chunk Size: 214609640
Number of Blocks: 1
Av.  Block  Size: 214609640
Tree      Height: 1
2017-08-01T03:32:13.446+0000: 16845.473: [ParNew
Desired survivor size 8716288 bytes, new threshold 6 (max 6)
- age   1:    1346640 bytes,    1346640 total
- age   2:     670552 bytes,    2017192 total
- age   3:     605752 bytes,    2622944 total
- age   4:     627992 bytes,    3250936 total
- age   5:     551680 bytes,    3802616 total
- age   6:     581096 bytes,    4383712 total
: 142653K->6324K(153344K), 0.0247124 secs] 391532K->255745K(2080128K)After GC:
Statistics for BinaryTreeDictionary:
------------------------------------
Total Free Space: 214541168
Max   Chunk Size: 214541168
Number of Blocks: 1
Av.  Block  Size: 214541168
Tree      Height: 1
, 0.0248055 secs] [Times: user=0.06 sys=0.00, real=0.02 secs] 
Heap after GC invocations=209 (full 3):
 par new generation   total 153344K, used 6324K [0x0000000080000000, 0x000000008a660000, 0x000000008a660000)
  eden space 136320K,   0% used [0x0000000080000000, 0x0000000080000000, 0x0000000088520000)
  from space 17024K,  37% used [0x00000000895c0000, 0x0000000089bed0e0, 0x000000008a660000)
  to   space 17024K,   0% used [0x0000000088520000, 0x0000000088520000, 0x00000000895c0000)
 concurrent mark-sweep generation total 1926784K, used 249421K [0x000000008a660000, 0x0000000100000000, 0x0000000100000000)
 Metaspace       used 84151K, capacity 89551K, committed 89812K, reserved 1128448K
  class space    used 10272K, capacity 10642K, committed 10740K, reserved 1048576K
}
2017-08-01T03:32:13.471+0000: 16845.498: Total time for which application threads were stopped: 0.0251109 seconds, Stopping threads took: 0.0000690 seconds
{Heap before GC invocations=209 (full 3):
 par new generation   total 153344K, used 142644K [0x0000000080000000, 0x000000008a660000, 0x000000008a660000)
  eden space 136320K, 100% used [0x0000000080000000, 0x0000000088520000, 0x0000000088520000)
  from space 17024K,  37% used [0x00000000895c0000, 0x0000000089bed0e0, 0x000000008a660000)
  to   space 17024K,   0% used [0x0000000088520000, 0x0000000088520000, 0x00000000895c0000)
 concurrent mark-sweep generation total 1926784K, used 249421K [0x000000008a660000, 0x0000000100000000, 0x0000000100000000)
 Metaspace       used 84151K, capacity 89551K, committed 89812K, reserved 1128448K
  class space    used 10272K, capacity 10642K, committed 10740K, reserved 1048576K
2017-08-01T03:33:46.297+0000: 16938.325: [GC (Allocation Failure) Before GC:
Statistics for BinaryTreeDictionary:
------------------------------------
Total Free Space: 214541168
Max   Chunk Size: 214541168
Number of Blocks: 1
Av.  Block  Size: 214541168
Tree      Height: 1
2017-08-01T03:33:46.298+0000: 16938.325: [ParNew
Desired survivor size 8716288 bytes, new threshold 6 (max 6)
- age   1:    1193600 bytes,    1193600 total
- age   2:     752984 bytes,    1946584 total
- age   3:     620344 bytes,    2566928 total
- age   4:     585144 bytes,    3152072 total
- age   5:     611856 bytes,    3763928 total
- age   6:     543432 bytes,    4307360 total
: 142644K->6390K(153344K), 0.0241064 secs] 392065K->256383K(2080128K)After GC:
Statistics for BinaryTreeDictionary:
------------------------------------
Total Free Space: 214465903
Max   Chunk Size: 214465903
Number of Blocks: 1
Av.  Block  Size: 214465903
Tree      Height: 1
, 0.0242135 secs] [Times: user=0.06 sys=0.00, real=0.03 secs] 
Heap after GC invocations=210 (full 3):
 par new generation   total 153344K, used 6390K [0x0000000080000000, 0x000000008a660000, 0x000000008a660000)
  eden space 136320K,   0% used [0x0000000080000000, 0x0000000080000000, 0x0000000088520000)
  from space 17024K,  37% used [0x0000000088520000, 0x0000000088b5d9e0, 0x00000000895c0000)
  to   space 17024K,   0% used [0x00000000895c0000, 0x00000000895c0000, 0x000000008a660000)
 concurrent mark-sweep generation total 1926784K, used 249992K [0x000000008a660000, 0x0000000100000000, 0x0000000100000000)
 Metaspace       used 84151K, capacity 89551K, committed 89812K, reserved 1128448K
  class space    used 10272K, capacity 10642K, committed 10740K, reserved 1048576K
}
2017-08-01T03:33:46.322+0000: 16938.349: Total time for which application threads were stopped: 0.0244665 seconds, Stopping threads took: 0.0000571 seconds
{Heap before GC invocations=210 (full 3):
 par new generation   total 153344K, used 142710K [0x0000000080000000, 0x000000008a660000, 0x000000008a660000)
  eden space 136320K, 100% used [0x0000000080000000, 0x0000000088520000, 0x0000000088520000)
  from space 17024K,  37% used [0x0000000088520000, 0x0000000088b5d9e0, 0x00000000895c0000)
  to   space 17024K,   0% used [0x00000000895c0000, 0x00000000895c0000, 0x000000008a660000)
 concurrent mark-sweep generation total 1926784K, used 249992K [0x000000008a660000, 0x0000000100000000, 0x0000000100000000)
 Metaspace       used 84151K, capacity 89551K, committed 89812K, reserved 1128448K
  class space    used 10272K, capacity 10642K, committed 10740K, reserved 1048576K
2017-08-01T03:35:27.057+0000: 17039.085: [GC (Allocation Failure) Before GC:
Statistics for BinaryTreeDictionary:
------------------------------------
Total Free Space: 214465903
Max   Chunk Size: 214465903
Number of Blocks: 1
Av.  Block  Size: 214465903
Tree      Height: 1
2017-08-01T03:35:27.057+0000: 17039.085: [ParNew
Desired survivor size 8716288 bytes, new threshold 6 (max 6)
- age   1:    1306392 bytes,    1306392 total
- age   2:     672360 bytes,    1978752 total
- age   3:     694536 bytes,    2673288 total
- age   4:     597512 bytes,    3270800 total
- age   5:     570016 bytes,    3840816 total
- age   6:     600624 bytes,    4441440 total
: 142710K->6325K(153344K), 0.0301492 secs] 392703K->256848K(2080128K)After GC:
Statistics for BinaryTreeDictionary:
------------------------------------
Total Free Space: 214398144
Max   Chunk Size: 214398144
Number of Blocks: 1
Av.  Block  Size: 214398144
Tree      Height: 1
, 0.0302302 secs] [Times: user=0.05 sys=0.00, real=0.03 secs] 
Heap after GC invocations=211 (full 3):
 par new generation   total 153344K, used 6325K [0x0000000080000000, 0x000000008a660000, 0x000000008a660000)
  eden space 136320K,   0% used [0x0000000080000000, 0x0000000080000000, 0x0000000088520000)
  from space 17024K,  37% used [0x00000000895c0000, 0x0000000089bed718, 0x000000008a660000)
  to   space 17024K,   0% used [0x0000000088520000, 0x0000000088520000, 0x00000000895c0000)
 concurrent mark-sweep generation total 1926784K, used 250522K [0x000000008a660000, 0x0000000100000000, 0x0000000100000000)
 Metaspace       used 84151K, capacity 89551K, committed 89812K, reserved 1128448K
  class space    used 10272K, capacity 10642K, committed 10740K, reserved 1048576K
}
2017-08-01T03:35:27.087+0000: 17039.115: Total time for which application threads were stopped: 0.0304718 seconds, Stopping threads took: 0.0000646 seconds
{Heap before GC invocations=211 (full 3):
 par new generation   total 153344K, used 142645K [0x0000000080000000, 0x000000008a660000, 0x000000008a660000)
  eden space 136320K, 100% used [0x0000000080000000, 0x0000000088520000, 0x0000000088520000)
  from space 17024K,  37% used [0x00000000895c0000, 0x0000000089bed718, 0x000000008a660000)
  to   space 17024K,   0% used [0x0000000088520000, 0x0000000088520000, 0x00000000895c0000)
 concurrent mark-sweep generation total 1926784K, used 250522K [0x000000008a660000, 0x0000000100000000, 0x0000000100000000)
 Metaspace       used 84151K, capacity 89551K, committed 89812K, reserved 1128448K
  class space    used 10272K, capacity 10642K, committed 10740K, reserved 1048576K
2017-08-01T03:36:57.606+0000: 17129.633: [GC (Allocation Failure) Before GC:
Statistics for BinaryTreeDictionary:
------------------------------------
Total Free Space: 214398144
Max   Chunk Size: 214398144
Number of Blocks: 1
Av.  Block  Size: 214398144
Tree      Height: 1
2017-08-01T03:36:57.606+0000: 17129.633: [ParNew
Desired survivor size 8716288 bytes, new threshold 6 (max 6)
- age   1:    1257256 bytes,    1257256 total
- age   2:     754512 bytes,    2011768 total
- age   3:     618816 bytes,    2630584 total
- age   4:     671160 bytes,    3301744 total
- age   5:     584280 bytes,    3886024 total
- age   6:     560872 bytes,    4446896 total
: 142645K->6453K(153344K), 0.0233276 secs] 393168K->257564K(2080128K)After GC:
Statistics for BinaryTreeDictionary:
------------------------------------
Total Free Space: 214323465
Max   Chunk Size: 214323465
Number of Blocks: 1
Av.  Block  Size: 214323465
Tree      Height: 1
, 0.0234055 secs] [Times: user=0.06 sys=0.00, real=0.02 secs] 
Heap after GC invocations=212 (full 3):
 par new generation   total 153344K, used 6453K [0x0000000080000000, 0x000000008a660000, 0x000000008a660000)
  eden space 136320K,   0% used [0x0000000080000000, 0x0000000080000000, 0x0000000088520000)
  from space 17024K,  37% used [0x0000000088520000, 0x0000000088b6d7c8, 0x00000000895c0000)
  to   space 17024K,   0% used [0x00000000895c0000, 0x00000000895c0000, 0x000000008a660000)
 concurrent mark-sweep generation total 1926784K, used 251110K [0x000000008a660000, 0x0000000100000000, 0x0000000100000000)
 Metaspace       used 84151K, capacity 89551K, committed 89812K, reserved 1128448K
  class space    used 10272K, capacity 10642K, committed 10740K, reserved 1048576K
}
2017-08-01T03:36:57.629+0000: 17129.657: Total time for which application threads were stopped: 0.0236771 seconds, Stopping threads took: 0.0000849 seconds
{Heap before GC invocations=212 (full 3):
 par new generation   total 153344K, used 142773K [0x0000000080000000, 0x000000008a660000, 0x000000008a660000)
  eden space 136320K, 100% used [0x0000000080000000, 0x0000000088520000, 0x0000000088520000)
  from space 17024K,  37% used [0x0000000088520000, 0x0000000088b6d7c8, 0x00000000895c0000)
  to   space 17024K,   0% used [0x00000000895c0000, 0x00000000895c0000, 0x000000008a660000)
 concurrent mark-sweep generation total 1926784K, used 251110K [0x000000008a660000, 0x0000000100000000, 0x0000000100000000)
 Metaspace       used 84151K, capacity 89551K, committed 89812K, reserved 1128448K
  class space    used 10272K, capacity 10642K, committed 10740K, reserved 1048576K
2017-08-01T03:38:33.321+0000: 17225.349: [GC (Allocation Failure) Before GC:
Statistics for BinaryTreeDictionary:
------------------------------------
Total Free Space: 214323465
Max   Chunk Size: 214323465
Number of Blocks: 1
Av.  Block  Size: 214323465
Tree      Height: 1
2017-08-01T03:38:33.321+0000: 17225.349: [ParNew
Desired survivor size 8716288 bytes, new threshold 6 (max 6)
- age   1:    1327344 bytes,    1327344 total
- age   2:     702920 bytes,    2030264 total
- age   3:     696800 bytes,    2727064 total
- age   4:     596728 bytes,    3323792 total
- age   5:     655544 bytes,    3979336 total
- age   6:     576408 bytes,    4555744 total
: 142773K->6494K(153344K), 0.0232179 secs] 393884K->258154K(2080128K)After GC:
Statistics for BinaryTreeDictionary:
------------------------------------
Total Free Space: 214256128
Max   Chunk Size: 214256128
Number of Blocks: 1
Av.  Block  Size: 214256128
Tree      Height: 1
, 0.0233111 secs] [Times: user=0.05 sys=0.00, real=0.02 secs] 
Heap after GC invocations=213 (full 3):
 par new generation   total 153344K, used 6494K [0x0000000080000000, 0x000000008a660000, 0x000000008a660000)
  eden space 136320K,   0% used [0x0000000080000000, 0x0000000080000000, 0x0000000088520000)
  from space 17024K,  38% used [0x00000000895c0000, 0x0000000089c17a78, 0x000000008a660000)
  to   space 17024K,   0% used [0x0000000088520000, 0x0000000088520000, 0x00000000895c0000)
 concurrent mark-sweep generation total 1926784K, used 251659K [0x000000008a660000, 0x0000000100000000, 0x0000000100000000)
 Metaspace       used 84151K, capacity 89551K, committed 89812K, reserved 1128448K
  class space    used 10272K, capacity 10642K, committed 10740K, reserved 1048576K
}
2017-08-01T03:38:33.345+0000: 17225.372: Total time for which application threads were stopped: 0.0241354 seconds, Stopping threads took: 0.0006280 seconds
2017-08-01T03:38:41.346+0000: 17233.374: Total time for which application threads were stopped: 0.0001439 seconds, Stopping threads took: 0.0000399 seconds
2017-08-01T03:39:22.350+0000: 17274.378: Total time for which application threads were stopped: 0.0001305 seconds, Stopping threads took: 0.0000388 seconds
2017-08-01T03:39:34.351+0000: 17286.379: Total time for which application threads were stopped: 0.0001615 seconds, Stopping threads took: 0.0000635 seconds
{Heap before GC invocations=213 (full 3):
 par new generation   total 153344K, used 142814K [0x0000000080000000, 0x000000008a660000, 0x000000008a660000)
  eden space 136320K, 100% used [0x0000000080000000, 0x0000000088520000, 0x0000000088520000)
  from space 17024K,  38% used [0x00000000895c0000, 0x0000000089c17a78, 0x000000008a660000)
  to   space 17024K,   0% used [0x0000000088520000, 0x0000000088520000, 0x00000000895c0000)
 concurrent mark-sweep generation total 1926784K, used 251659K [0x000000008a660000, 0x0000000100000000, 0x0000000100000000)
 Metaspace       used 84151K, capacity 89551K, committed 89812K, reserved 1128448K
  class space    used 10272K, capacity 10642K, committed 10740K, reserved 1048576K
2017-08-01T03:40:15.418+0000: 17327.446: [GC (Allocation Failure) Before GC:
Statistics for BinaryTreeDictionary:
------------------------------------
Total Free Space: 214256128
Max   Chunk Size: 214256128
Number of Blocks: 1
Av.  Block  Size: 214256128
Tree      Height: 1
2017-08-01T03:40:15.418+0000: 17327.446: [ParNew
Desired survivor size 8716288 bytes, new threshold 6 (max 6)
- age   1:    1306232 bytes,    1306232 total
- age   2:     652472 bytes,    1958704 total
- age   3:     643168 bytes,    2601872 total
- age   4:     673712 bytes,    3275584 total
- age   5:     583992 bytes,    3859576 total
- age   6:     643784 bytes,    4503360 total
: 142814K->6624K(153344K), 0.0236513 secs] 394474K->258847K(2080128K)After GC:
Statistics for BinaryTreeDictionary:
------------------------------------
Total Free Space: 214181473
Max   Chunk Size: 214181473
Number of Blocks: 1
Av.  Block  Size: 214181473
Tree      Height: 1
, 0.0237406 secs] [Times: user=0.06 sys=0.00, real=0.03 secs] 
Heap after GC invocations=214 (full 3):
 par new generation   total 153344K, used 6624K [0x0000000080000000, 0x000000008a660000, 0x000000008a660000)
  eden space 136320K,   0% used [0x0000000080000000, 0x0000000080000000, 0x0000000088520000)
  from space 17024K,  38% used [0x0000000088520000, 0x0000000088b981b0, 0x00000000895c0000)
  to   space 17024K,   0% used [0x00000000895c0000, 0x00000000895c0000, 0x000000008a660000)
 concurrent mark-sweep generation total 1926784K, used 252223K [0x000000008a660000, 0x0000000100000000, 0x0000000100000000)
 Metaspace       used 84151K, capacity 89551K, committed 89812K, reserved 1128448K
  class space    used 10272K, capacity 10642K, committed 10740K, reserved 1048576K
}
2017-08-01T03:40:15.442+0000: 17327.470: Total time for which application threads were stopped: 0.0240107 seconds, Stopping threads took: 0.0000459 seconds
{Heap before GC invocations=214 (full 3):
 par new generation   total 153344K, used 142944K [0x0000000080000000, 0x000000008a660000, 0x000000008a660000)
  eden space 136320K, 100% used [0x0000000080000000, 0x0000000088520000, 0x0000000088520000)
  from space 17024K,  38% used [0x0000000088520000, 0x0000000088b981b0, 0x00000000895c0000)
  to   space 17024K,   0% used [0x00000000895c0000, 0x00000000895c0000, 0x000000008a660000)
 concurrent mark-sweep generation total 1926784K, used 252223K [0x000000008a660000, 0x0000000100000000, 0x0000000100000000)
 Metaspace       used 84151K, capacity 89551K, committed 89812K, reserved 1128448K
  class space    used 10272K, capacity 10642K, committed 10740K, reserved 1048576K
2017-08-01T03:41:45.043+0000: 17417.071: [GC (Allocation Failure) Before GC:
Statistics for BinaryTreeDictionary:
------------------------------------
Total Free Space: 214181473
Max   Chunk Size: 214181473
Number of Blocks: 1
Av.  Block  Size: 214181473
Tree      Height: 1
2017-08-01T03:41:45.043+0000: 17417.071: [ParNew
Desired survivor size 8716288 bytes, new threshold 6 (max 6)
- age   1:    1232672 bytes,    1232672 total
- age   2:     710392 bytes,    1943064 total
- age   3:     607688 bytes,    2550752 total
- age   4:     618440 bytes,    3169192 total
- age   5:     654952 bytes,    3824144 total
- age   6:     574128 bytes,    4398272 total
: 142944K->6596K(153344K), 0.0253072 secs] 395167K->259448K(2080128K)After GC:
Statistics for BinaryTreeDictionary:
------------------------------------
Total Free Space: 214102754
Max   Chunk Size: 214102754
Number of Blocks: 1
Av.  Block  Size: 214102754
Tree      Height: 1
, 0.0254102 secs] [Times: user=0.07 sys=0.00, real=0.02 secs] 
Heap after GC invocations=215 (full 3):
 par new generation   total 153344K, used 6596K [0x0000000080000000, 0x000000008a660000, 0x000000008a660000)
  eden space 136320K,   0% used [0x0000000080000000, 0x0000000080000000, 0x0000000088520000)
  from space 17024K,  38% used [0x00000000895c0000, 0x0000000089c31088, 0x000000008a660000)
  to   space 17024K,   0% used [0x0000000088520000, 0x0000000088520000, 0x00000000895c0000)
 concurrent mark-sweep generation total 1926784K, used 252852K [0x000000008a660000, 0x0000000100000000, 0x0000000100000000)
 Metaspace       used 84151K, capacity 89551K, committed 89812K, reserved 1128448K
  class space    used 10272K, capacity 10642K, committed 10740K, reserved 1048576K
}
2017-08-01T03:41:45.069+0000: 17417.096: Total time for which application threads were stopped: 0.0256506 seconds, Stopping threads took: 0.0000514 seconds
2017-08-01T03:42:41.913+0000: 17473.940: Total time for which application threads were stopped: 0.0001793 seconds, Stopping threads took: 0.0000453 seconds
{Heap before GC invocations=215 (full 3):
 par new generation   total 153344K, used 142916K [0x0000000080000000, 0x000000008a660000, 0x000000008a660000)
  eden space 136320K, 100% used [0x0000000080000000, 0x0000000088520000, 0x0000000088520000)
  from space 17024K,  38% used [0x00000000895c0000, 0x0000000089c31088, 0x000000008a660000)
  to   space 17024K,   0% used [0x0000000088520000, 0x0000000088520000, 0x00000000895c0000)
 concurrent mark-sweep generation total 1926784K, used 252852K [0x000000008a660000, 0x0000000100000000, 0x0000000100000000)
 Metaspace       used 84152K, capacity 89551K, committed 89812K, reserved 1128448K
  class space    used 10272K, capacity 10642K, committed 10740K, reserved 1048576K
2017-08-01T03:43:23.413+0000: 17515.440: [GC (Allocation Failure) Before GC:
Statistics for BinaryTreeDictionary:
------------------------------------
Total Free Space: 214102754
Max   Chunk Size: 214102754
Number of Blocks: 1
Av.  Block  Size: 214102754
Tree      Height: 1
2017-08-01T03:43:23.413+0000: 17515.441: [ParNew
Desired survivor size 8716288 bytes, new threshold 6 (max 6)
- age   1:    1345672 bytes,    1345672 total
- age   2:     701528 bytes,    2047200 total
- age   3:     644088 bytes,    2691288 total
- age   4:     582376 bytes,    3273664 total
- age   5:     602696 bytes,    3876360 total
- age   6:     642600 bytes,    4518960 total
: 142916K->8631K(153344K), 0.0235383 secs] 395768K->262046K(2080128K)After GC:
Statistics for BinaryTreeDictionary:
------------------------------------
Total Free Space: 214029999
Max   Chunk Size: 214029999
Number of Blocks: 1
Av.  Block  Size: 214029999
Tree      Height: 1
, 0.0236305 secs] [Times: user=0.06 sys=0.00, real=0.02 secs] 
Heap after GC invocations=216 (full 3):
 par new generation   total 153344K, used 8631K [0x0000000080000000, 0x000000008a660000, 0x000000008a660000)
  eden space 136320K,   0% used [0x0000000080000000, 0x0000000080000000, 0x0000000088520000)
  from space 17024K,  50% used [0x0000000088520000, 0x0000000088d8df18, 0x00000000895c0000)
  to   space 17024K,   0% used [0x00000000895c0000, 0x00000000895c0000, 0x000000008a660000)
 concurrent mark-sweep generation total 1926784K, used 253415K [0x000000008a660000, 0x0000000100000000, 0x0000000100000000)
 Metaspace       used 84152K, capacity 89551K, committed 89812K, reserved 1128448K
  class space    used 10272K, capacity 10642K, committed 10740K, reserved 1048576K
}
2017-08-01T03:43:23.436+0000: 17515.464: Total time for which application threads were stopped: 0.0238550 seconds, Stopping threads took: 0.0000394 seconds
{Heap before GC invocations=216 (full 3):
 par new generation   total 153344K, used 144951K [0x0000000080000000, 0x000000008a660000, 0x000000008a660000)
  eden space 136320K, 100% used [0x0000000080000000, 0x0000000088520000, 0x0000000088520000)
  from space 17024K,  50% used [0x0000000088520000, 0x0000000088d8df18, 0x00000000895c0000)
  to   space 17024K,   0% used [0x00000000895c0000, 0x00000000895c0000, 0x000000008a660000)
 concurrent mark-sweep generation total 1926784K, used 253415K [0x000000008a660000, 0x0000000100000000, 0x0000000100000000)
 Metaspace       used 84152K, capacity 89551K, committed 89812K, reserved 1128448K
  class space    used 10272K, capacity 10642K, committed 10740K, reserved 1048576K
2017-08-01T03:44:55.716+0000: 17607.744: [GC (Allocation Failure) Before GC:
Statistics for BinaryTreeDictionary:
------------------------------------
Total Free Space: 214029999
Max   Chunk Size: 214029999
Number of Blocks: 1
Av.  Block  Size: 214029999
Tree      Height: 1
2017-08-01T03:44:55.716+0000: 17607.744: [ParNew
Desired survivor size 8716288 bytes, new threshold 6 (max 6)
- age   1:    1238016 bytes,    1238016 total
- age   2:     778048 bytes,    2016064 total
- age   3:     648840 bytes,    2664904 total
- age   4:     625224 bytes,    3290128 total
- age   5:     567560 bytes,    3857688 total
- age   6:     592424 bytes,    4450112 total
: 144951K->5466K(153344K), 0.0230503 secs] 398366K->259512K(2080128K)After GC:
Statistics for BinaryTreeDictionary:
------------------------------------
Total Free Space: 213949486
Max   Chunk Size: 213949486
Number of Blocks: 1
Av.  Block  Size: 213949486
Tree      Height: 1
, 0.0231377 secs] [Times: user=0.06 sys=0.00, real=0.02 secs] 
Heap after GC invocations=217 (full 3):
 par new generation   total 153344K, used 5466K [0x0000000080000000, 0x000000008a660000, 0x000000008a660000)
  eden space 136320K,   0% used [0x0000000080000000, 0x0000000080000000, 0x0000000088520000)
  from space 17024K,  32% used [0x00000000895c0000, 0x0000000089b16b50, 0x000000008a660000)
  to   space 17024K,   0% used [0x0000000088520000, 0x0000000088520000, 0x00000000895c0000)
 concurrent mark-sweep generation total 1926784K, used 254046K [0x000000008a660000, 0x0000000100000000, 0x0000000100000000)
 Metaspace       used 84152K, capacity 89551K, committed 89812K, reserved 1128448K
  class space    used 10272K, capacity 10642K, committed 10740K, reserved 1048576K
}
2017-08-01T03:44:55.739+0000: 17607.767: Total time for which application threads were stopped: 0.0233987 seconds, Stopping threads took: 0.0000697 seconds
{Heap before GC invocations=217 (full 3):
 par new generation   total 153344K, used 141786K [0x0000000080000000, 0x000000008a660000, 0x000000008a660000)
  eden space 136320K, 100% used [0x0000000080000000, 0x0000000088520000, 0x0000000088520000)
  from space 17024K,  32% used [0x00000000895c0000, 0x0000000089b16b50, 0x000000008a660000)
  to   space 17024K,   0% used [0x0000000088520000, 0x0000000088520000, 0x00000000895c0000)
 concurrent mark-sweep generation total 1926784K, used 254046K [0x000000008a660000, 0x0000000100000000, 0x0000000100000000)
 Metaspace       used 84153K, capacity 89551K, committed 89812K, reserved 1128448K
  class space    used 10272K, capacity 10642K, committed 10740K, reserved 1048576K
2017-08-01T03:46:30.938+0000: 17702.966: [GC (Allocation Failure) Before GC:
Statistics for BinaryTreeDictionary:
------------------------------------
Total Free Space: 213949486
Max   Chunk Size: 213949486
Number of Blocks: 1
Av.  Block  Size: 213949486
Tree      Height: 1
2017-08-01T03:46:30.938+0000: 17702.966: [ParNew
Desired survivor size 8716288 bytes, new threshold 6 (max 6)
- age   1:    1252112 bytes,    1252112 total
- age   2:     654696 bytes,    1906808 total
- age   3:     711152 bytes,    2617960 total
- age   4:     628512 bytes,    3246472 total
- age   5:     610000 bytes,    3856472 total
- age   6:     558880 bytes,    4415352 total
: 141786K->5910K(153344K), 0.0376212 secs] 395832K->260534K(2080128K)After GC:
Statistics for BinaryTreeDictionary:
------------------------------------
Total Free Space: 213876580
Max   Chunk Size: 213876580
Number of Blocks: 1
Av.  Block  Size: 213876580
Tree      Height: 1
, 0.0377168 secs] [Times: user=0.07 sys=0.00, real=0.04 secs] 
Heap after GC invocations=218 (full 3):
 par new generation   total 153344K, used 5910K [0x0000000080000000, 0x000000008a660000, 0x000000008a660000)
  eden space 136320K,   0% used [0x0000000080000000, 0x0000000080000000, 0x0000000088520000)
  from space 17024K,  34% used [0x0000000088520000, 0x0000000088ae58b8, 0x00000000895c0000)
  to   space 17024K,   0% used [0x00000000895c0000, 0x00000000895c0000, 0x000000008a660000)
 concurrent mark-sweep generation total 1926784K, used 254624K [0x000000008a660000, 0x0000000100000000, 0x0000000100000000)
 Metaspace       used 84153K, capacity 89551K, committed 89812K, reserved 1128448K
  class space    used 10272K, capacity 10642K, committed 10740K, reserved 1048576K
}
2017-08-01T03:46:30.976+0000: 17703.003: Total time for which application threads were stopped: 0.0379880 seconds, Stopping threads took: 0.0000533 seconds
{Heap before GC invocations=218 (full 3):
 par new generation   total 153344K, used 142230K [0x0000000080000000, 0x000000008a660000, 0x000000008a660000)
  eden space 136320K, 100% used [0x0000000080000000, 0x0000000088520000, 0x0000000088520000)
  from space 17024K,  34% used [0x0000000088520000, 0x0000000088ae58b8, 0x00000000895c0000)
  to   space 17024K,   0% used [0x00000000895c0000, 0x00000000895c0000, 0x000000008a660000)
 concurrent mark-sweep generation total 1926784K, used 254624K [0x000000008a660000, 0x0000000100000000, 0x0000000100000000)
 Metaspace       used 84154K, capacity 89551K, committed 89812K, reserved 1128448K
  class space    used 10272K, capacity 10642K, committed 10740K, reserved 1048576K
2017-08-01T03:48:05.294+0000: 17797.321: [GC (Allocation Failure) Before GC:
Statistics for BinaryTreeDictionary:
------------------------------------
Total Free Space: 213876580
Max   Chunk Size: 213876580
Number of Blocks: 1
Av.  Block  Size: 213876580
Tree      Height: 1
2017-08-01T03:48:05.294+0000: 17797.321: [ParNew
Desired survivor size 8716288 bytes, new threshold 6 (max 6)
- age   1:    1267584 bytes,    1267584 total
- age   2:     713976 bytes,    1981560 total
- age   3:     596400 bytes,    2577960 total
- age   4:     689224 bytes,    3267184 total
- age   5:     611968 bytes,    3879152 total
- age   6:     601904 bytes,    4481056 total
: 142230K->6323K(153344K), 0.0249585 secs] 396854K->261494K(2080128K)After GC:
Statistics for BinaryTreeDictionary:
------------------------------------
Total Free Space: 213803575
Max   Chunk Size: 213803575
Number of Blocks: 1
Av.  Block  Size: 213803575
Tree      Height: 1
, 0.0250448 secs] [Times: user=0.06 sys=0.00, real=0.02 secs] 
Heap after GC invocations=219 (full 3):
 par new generation   total 153344K, used 6323K [0x0000000080000000, 0x000000008a660000, 0x000000008a660000)
  eden space 136320K,   0% used [0x0000000080000000, 0x0000000080000000, 0x0000000088520000)
  from space 17024K,  37% used [0x00000000895c0000, 0x0000000089becc30, 0x000000008a660000)
  to   space 17024K,   0% used [0x0000000088520000, 0x0000000088520000, 0x00000000895c0000)
 concurrent mark-sweep generation total 1926784K, used 255171K [0x000000008a660000, 0x0000000100000000, 0x0000000100000000)
 Metaspace       used 84154K, capacity 89551K, committed 89812K, reserved 1128448K
  class space    used 10272K, capacity 10642K, committed 10740K, reserved 1048576K
}
2017-08-01T03:48:05.319+0000: 17797.347: Total time for which application threads were stopped: 0.0252672 seconds, Stopping threads took: 0.0000490 seconds
{Heap before GC invocations=219 (full 3):
 par new generation   total 153344K, used 142643K [0x0000000080000000, 0x000000008a660000, 0x000000008a660000)
  eden space 136320K, 100% used [0x0000000080000000, 0x0000000088520000, 0x0000000088520000)
  from space 17024K,  37% used [0x00000000895c0000, 0x0000000089becc30, 0x000000008a660000)
  to   space 17024K,   0% used [0x0000000088520000, 0x0000000088520000, 0x00000000895c0000)
 concurrent mark-sweep generation total 1926784K, used 255171K [0x000000008a660000, 0x0000000100000000, 0x0000000100000000)
 Metaspace       used 84154K, capacity 89551K, committed 89812K, reserved 1128448K
  class space    used 10272K, capacity 10642K, committed 10740K, reserved 1048576K
2017-08-01T03:49:36.628+0000: 17888.656: [GC (Allocation Failure) Before GC:
Statistics for BinaryTreeDictionary:
------------------------------------
Total Free Space: 213803575
Max   Chunk Size: 213803575
Number of Blocks: 1
Av.  Block  Size: 213803575
Tree      Height: 1
2017-08-01T03:49:36.628+0000: 17888.656: [ParNew
Desired survivor size 8716288 bytes, new threshold 6 (max 6)
- age   1:    1257264 bytes,    1257264 total
- age   2:     696664 bytes,    1953928 total
- age   3:     654776 bytes,    2608704 total
- age   4:     577912 bytes,    3186616 total
- age   5:     673592 bytes,    3860208 total
- age   6:     600456 bytes,    4460664 total
: 142643K->6498K(153344K), 0.0234712 secs] 397814K->262258K(2080128K)After GC:
Statistics for BinaryTreeDictionary:
------------------------------------
Total Free Space: 213727708
Max   Chunk Size: 213727708
Number of Blocks: 1
Av.  Block  Size: 213727708
Tree      Height: 1
, 0.0235574 secs] [Times: user=0.06 sys=0.00, real=0.03 secs] 
Heap after GC invocations=220 (full 3):
 par new generation   total 153344K, used 6498K [0x0000000080000000, 0x000000008a660000, 0x000000008a660000)
  eden space 136320K,   0% used [0x0000000080000000, 0x0000000080000000, 0x0000000088520000)
  from space 17024K,  38% used [0x0000000088520000, 0x0000000088b78870, 0x00000000895c0000)
  to   space 17024K,   0% used [0x00000000895c0000, 0x00000000895c0000, 0x000000008a660000)
 concurrent mark-sweep generation total 1926784K, used 255760K [0x000000008a660000, 0x0000000100000000, 0x0000000100000000)
 Metaspace       used 84154K, capacity 89551K, committed 89812K, reserved 1128448K
  class space    used 10272K, capacity 10642K, committed 10740K, reserved 1048576K
}
2017-08-01T03:49:36.652+0000: 17888.680: Total time for which application threads were stopped: 0.0238136 seconds, Stopping threads took: 0.0000633 seconds
2017-08-01T03:50:40.659+0000: 17952.687: Total time for which application threads were stopped: 0.0001448 seconds, Stopping threads took: 0.0000434 seconds
{Heap before GC invocations=220 (full 3):
 par new generation   total 153344K, used 142818K [0x0000000080000000, 0x000000008a660000, 0x000000008a660000)
  eden space 136320K, 100% used [0x0000000080000000, 0x0000000088520000, 0x0000000088520000)
  from space 17024K,  38% used [0x0000000088520000, 0x0000000088b78870, 0x00000000895c0000)
  to   space 17024K,   0% used [0x00000000895c0000, 0x00000000895c0000, 0x000000008a660000)
 concurrent mark-sweep generation total 1926784K, used 255760K [0x000000008a660000, 0x0000000100000000, 0x0000000100000000)
 Metaspace       used 84154K, capacity 89551K, committed 89812K, reserved 1128448K
  class space    used 10272K, capacity 10642K, committed 10740K, reserved 1048576K
2017-08-01T03:51:16.797+0000: 17988.825: [GC (Allocation Failure) Before GC:
Statistics for BinaryTreeDictionary:
------------------------------------
Total Free Space: 213727708
Max   Chunk Size: 213727708
Number of Blocks: 1
Av.  Block  Size: 213727708
Tree      Height: 1
2017-08-01T03:51:16.797+0000: 17988.825: [ParNew
Desired survivor size 8716288 bytes, new threshold 6 (max 6)
- age   1:    1314088 bytes,    1314088 total
- age   2:     674144 bytes,    1988232 total
- age   3:     638928 bytes,    2627160 total
- age   4:     632304 bytes,    3259464 total
- age   5:     562848 bytes,    3822312 total
- age   6:     660056 bytes,    4482368 total
: 142818K->6521K(153344K), 0.0243884 secs] 398578K->262869K(2080128K)After GC:
Statistics for BinaryTreeDictionary:
------------------------------------
Total Free Space: 213655049
Max   Chunk Size: 213655049
Number of Blocks: 1
Av.  Block  Size: 213655049
Tree      Height: 1
, 0.0244871 secs] [Times: user=0.07 sys=0.00, real=0.03 secs] 
Heap after GC invocations=221 (full 3):
 par new generation   total 153344K, used 6521K [0x0000000080000000, 0x000000008a660000, 0x000000008a660000)
  eden space 136320K,   0% used [0x0000000080000000, 0x0000000080000000, 0x0000000088520000)
  from space 17024K,  38% used [0x00000000895c0000, 0x0000000089c1e568, 0x000000008a660000)
  to   space 17024K,   0% used [0x0000000088520000, 0x0000000088520000, 0x00000000895c0000)
 concurrent mark-sweep generation total 1926784K, used 256347K [0x000000008a660000, 0x0000000100000000, 0x0000000100000000)
 Metaspace       used 84154K, capacity 89551K, committed 89812K, reserved 1128448K
  class space    used 10272K, capacity 10642K, committed 10740K, reserved 1048576K
}
2017-08-01T03:51:16.821+0000: 17988.849: Total time for which application threads were stopped: 0.0247634 seconds, Stopping threads took: 0.0000662 seconds
{Heap before GC invocations=221 (full 3):
 par new generation   total 153344K, used 142841K [0x0000000080000000, 0x000000008a660000, 0x000000008a660000)
  eden space 136320K, 100% used [0x0000000080000000, 0x0000000088520000, 0x0000000088520000)
  from space 17024K,  38% used [0x00000000895c0000, 0x0000000089c1e568, 0x000000008a660000)
  to   space 17024K,   0% used [0x0000000088520000, 0x0000000088520000, 0x00000000895c0000)
 concurrent mark-sweep generation total 1926784K, used 256347K [0x000000008a660000, 0x0000000100000000, 0x0000000100000000)
 Metaspace       used 84154K, capacity 89551K, committed 89812K, reserved 1128448K
  class space    used 10272K, capacity 10642K, committed 10740K, reserved 1048576K
2017-08-01T03:52:50.817+0000: 18082.845: [GC (Allocation Failure) Before GC:
Statistics for BinaryTreeDictionary:
------------------------------------
Total Free Space: 213655049
Max   Chunk Size: 213655049
Number of Blocks: 1
Av.  Block  Size: 213655049
Tree      Height: 1
2017-08-01T03:52:50.817+0000: 18082.845: [ParNew
Desired survivor size 8716288 bytes, new threshold 6 (max 6)
- age   1:    1373048 bytes,    1373048 total
- age   2:     733888 bytes,    2106936 total
- age   3:     614576 bytes,    2721512 total
- age   4:     612424 bytes,    3333936 total
- age   5:     616488 bytes,    3950424 total
- age   6:     552896 bytes,    4503320 total
: 142841K->6548K(153344K), 0.0247715 secs] 399189K->263543K(2080128K)After GC:
Statistics for BinaryTreeDictionary:
------------------------------------
Total Free Space: 213569740
Max   Chunk Size: 213569740
Number of Blocks: 1
Av.  Block  Size: 213569740
Tree      Height: 1
, 0.0248630 secs] [Times: user=0.07 sys=0.00, real=0.03 secs] 
Heap after GC invocations=222 (full 3):
 par new generation   total 153344K, used 6548K [0x0000000080000000, 0x000000008a660000, 0x000000008a660000)
  eden space 136320K,   0% used [0x0000000080000000, 0x0000000080000000, 0x0000000088520000)
  from space 17024K,  38% used [0x0000000088520000, 0x0000000088b85180, 0x00000000895c0000)
  to   space 17024K,   0% used [0x00000000895c0000, 0x00000000895c0000, 0x000000008a660000)
 concurrent mark-sweep generation total 1926784K, used 256995K [0x000000008a660000, 0x0000000100000000, 0x0000000100000000)
 Metaspace       used 84154K, capacity 89551K, committed 89812K, reserved 1128448K
  class space    used 10272K, capacity 10642K, committed 10740K, reserved 1048576K
}
2017-08-01T03:52:50.842+0000: 18082.870: Total time for which application threads were stopped: 0.0251413 seconds, Stopping threads took: 0.0000872 seconds
2017-08-01T03:53:00.844+0000: 18092.871: Total time for which application threads were stopped: 0.0001668 seconds, Stopping threads took: 0.0000388 seconds
{Heap before GC invocations=222 (full 3):
 par new generation   total 153344K, used 142868K [0x0000000080000000, 0x000000008a660000, 0x000000008a660000)
  eden space 136320K, 100% used [0x0000000080000000, 0x0000000088520000, 0x0000000088520000)
  from space 17024K,  38% used [0x0000000088520000, 0x0000000088b85180, 0x00000000895c0000)
  to   space 17024K,   0% used [0x00000000895c0000, 0x00000000895c0000, 0x000000008a660000)
 concurrent mark-sweep generation total 1926784K, used 256995K [0x000000008a660000, 0x0000000100000000, 0x0000000100000000)
 Metaspace       used 84154K, capacity 89551K, committed 89812K, reserved 1128448K
  class space    used 10272K, capacity 10642K, committed 10740K, reserved 1048576K
2017-08-01T03:54:30.928+0000: 18182.955: [GC (Allocation Failure) Before GC:
Statistics for BinaryTreeDictionary:
------------------------------------
Total Free Space: 213569740
Max   Chunk Size: 213569740
Number of Blocks: 1
Av.  Block  Size: 213569740
Tree      Height: 1
2017-08-01T03:54:30.928+0000: 18182.955: [ParNew
Desired survivor size 8716288 bytes, new threshold 6 (max 6)
- age   1:    1206824 bytes,    1206824 total
- age   2:     716448 bytes,    1923272 total
- age   3:     677360 bytes,    2600632 total
- age   4:     593888 bytes,    3194520 total
- age   5:     601304 bytes,    3795824 total
- age   6:     605088 bytes,    4400912 total
: 142868K->6580K(153344K), 0.0331531 secs] 399863K->264116K(2080128K)After GC:
Statistics for BinaryTreeDictionary:
------------------------------------
Total Free Space: 213501099
Max   Chunk Size: 213501099
Number of Blocks: 1
Av.  Block  Size: 213501099
Tree      Height: 1
, 0.0332477 secs] [Times: user=0.06 sys=0.00, real=0.04 secs] 
Heap after GC invocations=223 (full 3):
 par new generation   total 153344K, used 6580K [0x0000000080000000, 0x000000008a660000, 0x000000008a660000)
  eden space 136320K,   0% used [0x0000000080000000, 0x0000000080000000, 0x0000000088520000)
  from space 17024K,  38% used [0x00000000895c0000, 0x0000000089c2d118, 0x000000008a660000)
  to   space 17024K,   0% used [0x0000000088520000, 0x0000000088520000, 0x00000000895c0000)
 concurrent mark-sweep generation total 1926784K, used 257535K [0x000000008a660000, 0x0000000100000000, 0x0000000100000000)
 Metaspace       used 84154K, capacity 89551K, committed 89812K, reserved 1128448K
  class space    used 10272K, capacity 10642K, committed 10740K, reserved 1048576K
}
2017-08-01T03:54:30.961+0000: 18182.989: Total time for which application threads were stopped: 0.0335296 seconds, Stopping threads took: 0.0000423 seconds
{Heap before GC invocations=223 (full 3):
 par new generation   total 153344K, used 142900K [0x0000000080000000, 0x000000008a660000, 0x000000008a660000)
  eden space 136320K, 100% used [0x0000000080000000, 0x0000000088520000, 0x0000000088520000)
  from space 17024K,  38% used [0x00000000895c0000, 0x0000000089c2d118, 0x000000008a660000)
  to   space 17024K,   0% used [0x0000000088520000, 0x0000000088520000, 0x00000000895c0000)
 concurrent mark-sweep generation total 1926784K, used 257535K [0x000000008a660000, 0x0000000100000000, 0x0000000100000000)
 Metaspace       used 84154K, capacity 89551K, committed 89812K, reserved 1128448K
  class space    used 10272K, capacity 10642K, committed 10740K, reserved 1048576K
2017-08-01T03:56:08.033+0000: 18280.061: [GC (Allocation Failure) Before GC:
Statistics for BinaryTreeDictionary:
------------------------------------
Total Free Space: 213501099
Max   Chunk Size: 213501099
Number of Blocks: 1
Av.  Block  Size: 213501099
Tree      Height: 1
2017-08-01T03:56:08.033+0000: 18280.061: [ParNew
Desired survivor size 8716288 bytes, new threshold 6 (max 6)
- age   1:    1161752 bytes,    1161752 total
- age   2:     588320 bytes,    1750072 total
- age   3:     631104 bytes,    2381176 total
- age   4:     656296 bytes,    3037472 total
- age   5:     583376 bytes,    3620848 total
- age   6:     592424 bytes,    4213272 total
: 142900K->4320K(153344K), 0.0227136 secs] 400436K->262449K(2080128K)After GC:
Statistics for BinaryTreeDictionary:
------------------------------------
Total Free Space: 213425786
Max   Chunk Size: 213425786
Number of Blocks: 1
Av.  Block  Size: 213425786
Tree      Height: 1
, 0.0228062 secs] [Times: user=0.06 sys=0.00, real=0.02 secs] 
Heap after GC invocations=224 (full 3):
 par new generation   total 153344K, used 4320K [0x0000000080000000, 0x000000008a660000, 0x000000008a660000)
  eden space 136320K,   0% used [0x0000000080000000, 0x0000000080000000, 0x0000000088520000)
  from space 17024K,  25% used [0x0000000088520000, 0x0000000088958368, 0x00000000895c0000)
  to   space 17024K,   0% used [0x00000000895c0000, 0x00000000895c0000, 0x000000008a660000)
 concurrent mark-sweep generation total 1926784K, used 258129K [0x000000008a660000, 0x0000000100000000, 0x0000000100000000)
 Metaspace       used 84154K, capacity 89551K, committed 89812K, reserved 1128448K
  class space    used 10272K, capacity 10642K, committed 10740K, reserved 1048576K
}
2017-08-01T03:56:08.056+0000: 18280.084: Total time for which application threads were stopped: 0.0230494 seconds, Stopping threads took: 0.0000719 seconds
2017-08-01T03:56:09.056+0000: 18281.084: Total time for which application threads were stopped: 0.0001370 seconds, Stopping threads took: 0.0000391 seconds
{Heap before GC invocations=224 (full 3):
 par new generation   total 153344K, used 140640K [0x0000000080000000, 0x000000008a660000, 0x000000008a660000)
  eden space 136320K, 100% used [0x0000000080000000, 0x0000000088520000, 0x0000000088520000)
  from space 17024K,  25% used [0x0000000088520000, 0x0000000088958368, 0x00000000895c0000)
  to   space 17024K,   0% used [0x00000000895c0000, 0x00000000895c0000, 0x000000008a660000)
 concurrent mark-sweep generation total 1926784K, used 258129K [0x000000008a660000, 0x0000000100000000, 0x0000000100000000)
 Metaspace       used 84154K, capacity 89551K, committed 89812K, reserved 1128448K
  class space    used 10272K, capacity 10642K, committed 10740K, reserved 1048576K
2017-08-01T03:57:37.533+0000: 18369.560: [GC (Allocation Failure) Before GC:
Statistics for BinaryTreeDictionary:
------------------------------------
Total Free Space: 213425786
Max   Chunk Size: 213425786
Number of Blocks: 1
Av.  Block  Size: 213425786
Tree      Height: 1
2017-08-01T03:57:37.533+0000: 18369.560: [ParNew
Desired survivor size 8716288 bytes, new threshold 6 (max 6)
- age   1:    1198056 bytes,    1198056 total
- age   2:     545832 bytes,    1743888 total
- age   3:     523416 bytes,    2267304 total
- age   4:     580824 bytes,    2848128 total
- age   5:     645648 bytes,    3493776 total
- age   6:     573640 bytes,    4067416 total
: 140640K->6240K(153344K), 0.0236097 secs] 398769K->264950K(2080128K)After GC:
Statistics for BinaryTreeDictionary:
------------------------------------
Total Free Space: 213350112
Max   Chunk Size: 213350112
Number of Blocks: 1
Av.  Block  Size: 213350112
Tree      Height: 1
, 0.0236975 secs] [Times: user=0.06 sys=0.00, real=0.02 secs] 
Heap after GC invocations=225 (full 3):
 par new generation   total 153344K, used 6240K [0x0000000080000000, 0x000000008a660000, 0x000000008a660000)
  eden space 136320K,   0% used [0x0000000080000000, 0x0000000080000000, 0x0000000088520000)
  from space 17024K,  36% used [0x00000000895c0000, 0x0000000089bd83c0, 0x000000008a660000)
  to   space 17024K,   0% used [0x0000000088520000, 0x0000000088520000, 0x00000000895c0000)
 concurrent mark-sweep generation total 1926784K, used 258709K [0x000000008a660000, 0x0000000100000000, 0x0000000100000000)
 Metaspace       used 84154K, capacity 89551K, committed 89812K, reserved 1128448K
  class space    used 10272K, capacity 10642K, committed 10740K, reserved 1048576K
}
2017-08-01T03:57:37.556+0000: 18369.584: Total time for which application threads were stopped: 0.0239757 seconds, Stopping threads took: 0.0000778 seconds
{Heap before GC invocations=225 (full 3):
 par new generation   total 153344K, used 142560K [0x0000000080000000, 0x000000008a660000, 0x000000008a660000)
  eden space 136320K, 100% used [0x0000000080000000, 0x0000000088520000, 0x0000000088520000)
  from space 17024K,  36% used [0x00000000895c0000, 0x0000000089bd83c0, 0x000000008a660000)
  to   space 17024K,   0% used [0x0000000088520000, 0x0000000088520000, 0x00000000895c0000)
 concurrent mark-sweep generation total 1926784K, used 258709K [0x000000008a660000, 0x0000000100000000, 0x0000000100000000)
 Metaspace       used 84154K, capacity 89551K, committed 89812K, reserved 1128448K
  class space    used 10272K, capacity 10642K, committed 10740K, reserved 1048576K
2017-08-01T03:59:17.259+0000: 18469.287: [GC (Allocation Failure) Before GC:
Statistics for BinaryTreeDictionary:
------------------------------------
Total Free Space: 213350112
Max   Chunk Size: 213350112
Number of Blocks: 1
Av.  Block  Size: 213350112
Tree      Height: 1
2017-08-01T03:59:17.259+0000: 18469.287: [ParNew
Desired survivor size 8716288 bytes, new threshold 6 (max 6)
- age   1:    1278920 bytes,    1278920 total
- age   2:     596528 bytes,    1875448 total
- age   3:     477760 bytes,    2353208 total
- age   4:     492168 bytes,    2845376 total
- age   5:     552760 bytes,    3398136 total
- age   6:     634000 bytes,    4032136 total
: 142560K->6025K(153344K), 0.0262980 secs] 401270K->265297K(2080128K)After GC:
Statistics for BinaryTreeDictionary:
------------------------------------
Total Free Space: 213279724
Max   Chunk Size: 213279724
Number of Blocks: 1
Av.  Block  Size: 213279724
Tree      Height: 1
, 0.0263809 secs] [Times: user=0.05 sys=0.00, real=0.03 secs] 
Heap after GC invocations=226 (full 3):
 par new generation   total 153344K, used 6025K [0x0000000080000000, 0x000000008a660000, 0x000000008a660000)
  eden space 136320K,   0% used [0x0000000080000000, 0x0000000080000000, 0x0000000088520000)
  from space 17024K,  35% used [0x0000000088520000, 0x0000000088b024f8, 0x00000000895c0000)
  to   space 17024K,   0% used [0x00000000895c0000, 0x00000000895c0000, 0x000000008a660000)
 concurrent mark-sweep generation total 1926784K, used 259272K [0x000000008a660000, 0x0000000100000000, 0x0000000100000000)
 Metaspace       used 84154K, capacity 89551K, committed 89812K, reserved 1128448K
  class space    used 10272K, capacity 10642K, committed 10740K, reserved 1048576K
}
2017-08-01T03:59:17.286+0000: 18469.314: Total time for which application threads were stopped: 0.0266380 seconds, Stopping threads took: 0.0000612 seconds
{Heap before GC invocations=226 (full 3):
 par new generation   total 153344K, used 142345K [0x0000000080000000, 0x000000008a660000, 0x000000008a660000)
  eden space 136320K, 100% used [0x0000000080000000, 0x0000000088520000, 0x0000000088520000)
  from space 17024K,  35% used [0x0000000088520000, 0x0000000088b024f8, 0x00000000895c0000)
  to   space 17024K,   0% used [0x00000000895c0000, 0x00000000895c0000, 0x000000008a660000)
 concurrent mark-sweep generation total 1926784K, used 259272K [0x000000008a660000, 0x0000000100000000, 0x0000000100000000)
 Metaspace       used 84154K, capacity 89551K, committed 89812K, reserved 1128448K
  class space    used 10272K, capacity 10642K, committed 10740K, reserved 1048576K
2017-08-01T04:00:51.591+0000: 18563.619: [GC (Allocation Failure) Before GC:
Statistics for BinaryTreeDictionary:
------------------------------------
Total Free Space: 213279724
Max   Chunk Size: 213279724
Number of Blocks: 1
Av.  Block  Size: 213279724
Tree      Height: 1
2017-08-01T04:00:51.591+0000: 18563.619: [ParNew
Desired survivor size 8716288 bytes, new threshold 6 (max 6)
- age   1:    1199336 bytes,    1199336 total
- age   2:     620872 bytes,    1820208 total
- age   3:     538176 bytes,    2358384 total
- age   4:     450792 bytes,    2809176 total
- age   5:     469080 bytes,    3278256 total
- age   6:     540408 bytes,    3818664 total
: 142345K->5929K(153344K), 0.0230621 secs] 401617K->265824K(2080128K)After GC:
Statistics for BinaryTreeDictionary:
------------------------------------
Total Free Space: 213199888
Max   Chunk Size: 213199888
Number of Blocks: 1
Av.  Block  Size: 213199888
Tree      Height: 1
, 0.0231617 secs] [Times: user=0.06 sys=0.00, real=0.02 secs] 
Heap after GC invocations=227 (full 3):
 par new generation   total 153344K, used 5929K [0x0000000080000000, 0x000000008a660000, 0x000000008a660000)
  eden space 136320K,   0% used [0x0000000080000000, 0x0000000080000000, 0x0000000088520000)
  from space 17024K,  34% used [0x00000000895c0000, 0x0000000089b8a790, 0x000000008a660000)
  to   space 17024K,   0% used [0x0000000088520000, 0x0000000088520000, 0x00000000895c0000)
 concurrent mark-sweep generation total 1926784K, used 259894K [0x000000008a660000, 0x0000000100000000, 0x0000000100000000)
 Metaspace       used 84154K, capacity 89551K, committed 89812K, reserved 1128448K
  class space    used 10272K, capacity 10642K, committed 10740K, reserved 1048576K
}
2017-08-01T04:00:51.614+0000: 18563.642: Total time for which application threads were stopped: 0.0234365 seconds, Stopping threads took: 0.0000775 seconds
{Heap before GC invocations=227 (full 3):
 par new generation   total 153344K, used 142249K [0x0000000080000000, 0x000000008a660000, 0x000000008a660000)
  eden space 136320K, 100% used [0x0000000080000000, 0x0000000088520000, 0x0000000088520000)
  from space 17024K,  34% used [0x00000000895c0000, 0x0000000089b8a790, 0x000000008a660000)
  to   space 17024K,   0% used [0x0000000088520000, 0x0000000088520000, 0x00000000895c0000)
 concurrent mark-sweep generation total 1926784K, used 259894K [0x000000008a660000, 0x0000000100000000, 0x0000000100000000)
 Metaspace       used 84154K, capacity 89551K, committed 89812K, reserved 1128448K
  class space    used 10272K, capacity 10642K, committed 10740K, reserved 1048576K
2017-08-01T04:02:30.929+0000: 18662.957: [GC (Allocation Failure) Before GC:
Statistics for BinaryTreeDictionary:
------------------------------------
Total Free Space: 213199888
Max   Chunk Size: 213199888
Number of Blocks: 1
Av.  Block  Size: 213199888
Tree      Height: 1
2017-08-01T04:02:30.929+0000: 18662.957: [ParNew
Desired survivor size 8716288 bytes, new threshold 6 (max 6)
- age   1:    1180576 bytes,    1180576 total
- age   2:     543992 bytes,    1724568 total
- age   3:     548264 bytes,    2272832 total
- age   4:     504456 bytes,    2777288 total
- age   5:     429400 bytes,    3206688 total
- age   6:     455696 bytes,    3662384 total
: 142249K->5673K(153344K), 0.0352553 secs] 402144K->266093K(2080128K)After GC:
Statistics for BinaryTreeDictionary:
------------------------------------
Total Free Space: 213131773
Max   Chunk Size: 213131773
Number of Blocks: 1
Av.  Block  Size: 213131773
Tree      Height: 1
, 0.0353532 secs] [Times: user=0.07 sys=0.00, real=0.04 secs] 
Heap after GC invocations=228 (full 3):
 par new generation   total 153344K, used 5673K [0x0000000080000000, 0x000000008a660000, 0x000000008a660000)
  eden space 136320K,   0% used [0x0000000080000000, 0x0000000080000000, 0x0000000088520000)
  from space 17024K,  33% used [0x0000000088520000, 0x0000000088aaa4d8, 0x00000000895c0000)
  to   space 17024K,   0% used [0x00000000895c0000, 0x00000000895c0000, 0x000000008a660000)
 concurrent mark-sweep generation total 1926784K, used 260420K [0x000000008a660000, 0x0000000100000000, 0x0000000100000000)
 Metaspace       used 84154K, capacity 89551K, committed 89812K, reserved 1128448K
  class space    used 10272K, capacity 10642K, committed 10740K, reserved 1048576K
}
2017-08-01T04:02:30.964+0000: 18662.992: Total time for which application threads were stopped: 0.0356155 seconds, Stopping threads took: 0.0000324 seconds
{Heap before GC invocations=228 (full 3):
 par new generation   total 153344K, used 141993K [0x0000000080000000, 0x000000008a660000, 0x000000008a660000)
  eden space 136320K, 100% used [0x0000000080000000, 0x0000000088520000, 0x0000000088520000)
  from space 17024K,  33% used [0x0000000088520000, 0x0000000088aaa4d8, 0x00000000895c0000)
  to   space 17024K,   0% used [0x00000000895c0000, 0x00000000895c0000, 0x000000008a660000)
 concurrent mark-sweep generation total 1926784K, used 260420K [0x000000008a660000, 0x0000000100000000, 0x0000000100000000)
 Metaspace       used 84154K, capacity 89551K, committed 89812K, reserved 1128448K
  class space    used 10272K, capacity 10642K, committed 10740K, reserved 1048576K
2017-08-01T04:04:08.591+0000: 18760.618: [GC (Allocation Failure) Before GC:
Statistics for BinaryTreeDictionary:
------------------------------------
Total Free Space: 213131773
Max   Chunk Size: 213131773
Number of Blocks: 1
Av.  Block  Size: 213131773
Tree      Height: 1
2017-08-01T04:04:08.591+0000: 18760.618: [ParNew
Desired survivor size 8716288 bytes, new threshold 6 (max 6)
- age   1:    1166704 bytes,    1166704 total
- age   2:     629976 bytes,    1796680 total
- age   3:     493480 bytes,    2290160 total
- age   4:     524776 bytes,    2814936 total
- age   5:     485592 bytes,    3300528 total
- age   6:     419296 bytes,    3719824 total
: 141993K->5436K(153344K), 0.0220667 secs] 402413K->266303K(2080128K)After GC:
Statistics for BinaryTreeDictionary:
------------------------------------
Total Free Space: 213074409
Max   Chunk Size: 213074409
Number of Blocks: 1
Av.  Block  Size: 213074409
Tree      Height: 1
, 0.0221620 secs] [Times: user=0.06 sys=0.00, real=0.02 secs] 
Heap after GC invocations=229 (full 3):
 par new generation   total 153344K, used 5436K [0x0000000080000000, 0x000000008a660000, 0x000000008a660000)
  eden space 136320K,   0% used [0x0000000080000000, 0x0000000080000000, 0x0000000088520000)
  from space 17024K,  31% used [0x00000000895c0000, 0x0000000089b0f118, 0x000000008a660000)
  to   space 17024K,   0% used [0x0000000088520000, 0x0000000088520000, 0x00000000895c0000)
 concurrent mark-sweep generation total 1926784K, used 260867K [0x000000008a660000, 0x0000000100000000, 0x0000000100000000)
 Metaspace       used 84154K, capacity 89551K, committed 89812K, reserved 1128448K
  class space    used 10272K, capacity 10642K, committed 10740K, reserved 1048576K
}
2017-08-01T04:04:08.613+0000: 18760.641: Total time for which application threads were stopped: 0.0224086 seconds, Stopping threads took: 0.0000423 seconds
2017-08-01T04:05:38.625+0000: 18850.652: Total time for which application threads were stopped: 0.0001515 seconds, Stopping threads took: 0.0000388 seconds
{Heap before GC invocations=229 (full 3):
 par new generation   total 153344K, used 141756K [0x0000000080000000, 0x000000008a660000, 0x000000008a660000)
  eden space 136320K, 100% used [0x0000000080000000, 0x0000000088520000, 0x0000000088520000)
  from space 17024K,  31% used [0x00000000895c0000, 0x0000000089b0f118, 0x000000008a660000)
  to   space 17024K,   0% used [0x0000000088520000, 0x0000000088520000, 0x00000000895c0000)
 concurrent mark-sweep generation total 1926784K, used 260867K [0x000000008a660000, 0x0000000100000000, 0x0000000100000000)
 Metaspace       used 84154K, capacity 89551K, committed 89812K, reserved 1128448K
  class space    used 10272K, capacity 10642K, committed 10740K, reserved 1048576K
2017-08-01T04:05:44.947+0000: 18856.974: [GC (Allocation Failure) Before GC:
Statistics for BinaryTreeDictionary:
------------------------------------
Total Free Space: 213074409
Max   Chunk Size: 213074409
Number of Blocks: 1
Av.  Block  Size: 213074409
Tree      Height: 1
2017-08-01T04:05:44.947+0000: 18856.974: [ParNew
Desired survivor size 8716288 bytes, new threshold 6 (max 6)
- age   1:    1207952 bytes,    1207952 total
- age   2:     646328 bytes,    1854280 total
- age   3:     574656 bytes,    2428936 total
- age   4:     472480 bytes,    2901416 total
- age   5:     506648 bytes,    3408064 total
- age   6:     474832 bytes,    3882896 total
: 141756K->5440K(153344K), 0.0222616 secs] 402623K->266716K(2080128K)After GC:
Statistics for BinaryTreeDictionary:
------------------------------------
Total Free Space: 213023293
Max   Chunk Size: 213023293
Number of Blocks: 1
Av.  Block  Size: 213023293
Tree      Height: 1
, 0.0223523 secs] [Times: user=0.06 sys=0.00, real=0.02 secs] 
Heap after GC invocations=230 (full 3):
 par new generation   total 153344K, used 5440K [0x0000000080000000, 0x000000008a660000, 0x000000008a660000)
  eden space 136320K,   0% used [0x0000000080000000, 0x0000000080000000, 0x0000000088520000)
  from space 17024K,  31% used [0x0000000088520000, 0x0000000088a70038, 0x00000000895c0000)
  to   space 17024K,   0% used [0x00000000895c0000, 0x00000000895c0000, 0x000000008a660000)
 concurrent mark-sweep generation total 1926784K, used 261276K [0x000000008a660000, 0x0000000100000000, 0x0000000100000000)
 Metaspace       used 84154K, capacity 89551K, committed 89812K, reserved 1128448K
  class space    used 10272K, capacity 10642K, committed 10740K, reserved 1048576K
}
2017-08-01T04:05:44.969+0000: 18856.997: Total time for which application threads were stopped: 0.0225980 seconds, Stopping threads took: 0.0000381 seconds
{Heap before GC invocations=230 (full 3):
 par new generation   total 153344K, used 141760K [0x0000000080000000, 0x000000008a660000, 0x000000008a660000)
  eden space 136320K, 100% used [0x0000000080000000, 0x0000000088520000, 0x0000000088520000)
  from space 17024K,  31% used [0x0000000088520000, 0x0000000088a70038, 0x00000000895c0000)
  to   space 17024K,   0% used [0x00000000895c0000, 0x00000000895c0000, 0x000000008a660000)
 concurrent mark-sweep generation total 1926784K, used 261276K [0x000000008a660000, 0x0000000100000000, 0x0000000100000000)
 Metaspace       used 84154K, capacity 89551K, committed 89812K, reserved 1128448K
  class space    used 10272K, capacity 10642K, committed 10740K, reserved 1048576K
2017-08-01T04:07:26.973+0000: 18959.001: [GC (Allocation Failure) Before GC:
Statistics for BinaryTreeDictionary:
------------------------------------
Total Free Space: 213023293
Max   Chunk Size: 213023293
Number of Blocks: 1
Av.  Block  Size: 213023293
Tree      Height: 1
2017-08-01T04:07:26.973+0000: 18959.001: [ParNew
Desired survivor size 8716288 bytes, new threshold 6 (max 6)
- age   1:    1260240 bytes,    1260240 total
- age   2:     639432 bytes,    1899672 total
- age   3:     590024 bytes,    2489696 total
- age   4:     548976 bytes,    3038672 total
- age   5:     453320 bytes,    3491992 total
- age   6:     494464 bytes,    3986456 total
: 141760K->5621K(153344K), 0.0224496 secs] 403036K->267362K(2080128K)After GC:
Statistics for BinaryTreeDictionary:
------------------------------------
Total Free Space: 212963287
Max   Chunk Size: 212963287
Number of Blocks: 1
Av.  Block  Size: 212963287
Tree      Height: 1
, 0.0225306 secs] [Times: user=0.06 sys=0.00, real=0.02 secs] 
Heap after GC invocations=231 (full 3):
 par new generation   total 153344K, used 5621K [0x0000000080000000, 0x000000008a660000, 0x000000008a660000)
  eden space 136320K,   0% used [0x0000000080000000, 0x0000000080000000, 0x0000000088520000)
  from space 17024K,  33% used [0x00000000895c0000, 0x0000000089b3d5d8, 0x000000008a660000)
  to   space 17024K,   0% used [0x0000000088520000, 0x0000000088520000, 0x00000000895c0000)
 concurrent mark-sweep generation total 1926784K, used 261741K [0x000000008a660000, 0x0000000100000000, 0x0000000100000000)
 Metaspace       used 84154K, capacity 89551K, committed 89812K, reserved 1128448K
  class space    used 10272K, capacity 10642K, committed 10740K, reserved 1048576K
}
2017-08-01T04:07:26.995+0000: 18959.023: Total time for which application threads were stopped: 0.0227914 seconds, Stopping threads took: 0.0000535 seconds
{Heap before GC invocations=231 (full 3):
 par new generation   total 153344K, used 141941K [0x0000000080000000, 0x000000008a660000, 0x000000008a660000)
  eden space 136320K, 100% used [0x0000000080000000, 0x0000000088520000, 0x0000000088520000)
  from space 17024K,  33% used [0x00000000895c0000, 0x0000000089b3d5d8, 0x000000008a660000)
  to   space 17024K,   0% used [0x0000000088520000, 0x0000000088520000, 0x00000000895c0000)
 concurrent mark-sweep generation total 1926784K, used 261741K [0x000000008a660000, 0x0000000100000000, 0x0000000100000000)
 Metaspace       used 84154K, capacity 89551K, committed 89812K, reserved 1128448K
  class space    used 10272K, capacity 10642K, committed 10740K, reserved 1048576K
2017-08-01T04:08:59.908+0000: 19051.935: [GC (Allocation Failure) Before GC:
Statistics for BinaryTreeDictionary:
------------------------------------
Total Free Space: 212963287
Max   Chunk Size: 212963287
Number of Blocks: 1
Av.  Block  Size: 212963287
Tree      Height: 1
2017-08-01T04:08:59.908+0000: 19051.935: [ParNew
Desired survivor size 8716288 bytes, new threshold 6 (max 6)
- age   1:    1249840 bytes,    1249840 total
- age   2:     741296 bytes,    1991136 total
- age   3:     588408 bytes,    2579544 total
- age   4:     566232 bytes,    3145776 total
- age   5:     530672 bytes,    3676448 total
- age   6:     442936 bytes,    4119384 total
: 141941K->5778K(153344K), 0.0223004 secs] 403682K->268007K(2080128K)After GC:
Statistics for BinaryTreeDictionary:
------------------------------------
Total Free Space: 212901203
Max   Chunk Size: 212901203
Number of Blocks: 1
Av.  Block  Size: 212901203
Tree      Height: 1
, 0.0223996 secs] [Times: user=0.06 sys=0.00, real=0.02 secs] 
Heap after GC invocations=232 (full 3):
 par new generation   total 153344K, used 5778K [0x0000000080000000, 0x000000008a660000, 0x000000008a660000)
  eden space 136320K,   0% used [0x0000000080000000, 0x0000000080000000, 0x0000000088520000)
  from space 17024K,  33% used [0x0000000088520000, 0x0000000088ac4818, 0x00000000895c0000)
  to   space 17024K,   0% used [0x00000000895c0000, 0x00000000895c0000, 0x000000008a660000)
 concurrent mark-sweep generation total 1926784K, used 262229K [0x000000008a660000, 0x0000000100000000, 0x0000000100000000)
 Metaspace       used 84154K, capacity 89551K, committed 89812K, reserved 1128448K
  class space    used 10272K, capacity 10642K, committed 10740K, reserved 1048576K
}
2017-08-01T04:08:59.930+0000: 19051.958: Total time for which application threads were stopped: 0.0226514 seconds, Stopping threads took: 0.0000623 seconds
2017-08-01T04:10:20.944+0000: 19132.972: Total time for which application threads were stopped: 0.0001347 seconds, Stopping threads took: 0.0000396 seconds
2017-08-01T04:10:23.945+0000: 19135.972: Total time for which application threads were stopped: 0.0001781 seconds, Stopping threads took: 0.0000381 seconds
{Heap before GC invocations=232 (full 3):
 par new generation   total 153344K, used 142098K [0x0000000080000000, 0x000000008a660000, 0x000000008a660000)
  eden space 136320K, 100% used [0x0000000080000000, 0x0000000088520000, 0x0000000088520000)
  from space 17024K,  33% used [0x0000000088520000, 0x0000000088ac4818, 0x00000000895c0000)
  to   space 17024K,   0% used [0x00000000895c0000, 0x00000000895c0000, 0x000000008a660000)
 concurrent mark-sweep generation total 1926784K, used 262229K [0x000000008a660000, 0x0000000100000000, 0x0000000100000000)
 Metaspace       used 84156K, capacity 89551K, committed 89812K, reserved 1128448K
  class space    used 10272K, capacity 10642K, committed 10740K, reserved 1048576K
2017-08-01T04:10:34.440+0000: 19146.468: [GC (Allocation Failure) Before GC:
Statistics for BinaryTreeDictionary:
------------------------------------
Total Free Space: 212901203
Max   Chunk Size: 212901203
Number of Blocks: 1
Av.  Block  Size: 212901203
Tree      Height: 1
2017-08-01T04:10:34.440+0000: 19146.468: [ParNew
Desired survivor size 8716288 bytes, new threshold 6 (max 6)
- age   1:    1213552 bytes,    1213552 total
- age   2:     667992 bytes,    1881544 total
- age   3:     680096 bytes,    2561640 total
- age   4:     568592 bytes,    3130232 total
- age   5:     550016 bytes,    3680248 total
- age   6:     517064 bytes,    4197312 total
: 142098K->5965K(153344K), 0.0242272 secs] 404327K->268629K(2080128K)After GC:
Statistics for BinaryTreeDictionary:
------------------------------------
Total Free Space: 212843667
Max   Chunk Size: 212843667
Number of Blocks: 1
Av.  Block  Size: 212843667
Tree      Height: 1
, 0.0243256 secs] [Times: user=0.06 sys=0.00, real=0.03 secs] 
Heap after GC invocations=233 (full 3):
 par new generation   total 153344K, used 5965K [0x0000000080000000, 0x000000008a660000, 0x000000008a660000)
  eden space 136320K,   0% used [0x0000000080000000, 0x0000000080000000, 0x0000000088520000)
  from space 17024K,  35% used [0x00000000895c0000, 0x0000000089b93518, 0x000000008a660000)
  to   space 17024K,   0% used [0x0000000088520000, 0x0000000088520000, 0x00000000895c0000)
 concurrent mark-sweep generation total 1926784K, used 262664K [0x000000008a660000, 0x0000000100000000, 0x0000000100000000)
 Metaspace       used 84156K, capacity 89551K, committed 89812K, reserved 1128448K
  class space    used 10272K, capacity 10642K, committed 10740K, reserved 1048576K
}
2017-08-01T04:10:34.464+0000: 19146.492: Total time for which application threads were stopped: 0.0246294 seconds, Stopping threads took: 0.0001040 seconds
2017-08-01T04:12:09.477+0000: 19241.505: Total time for which application threads were stopped: 0.0001634 seconds, Stopping threads took: 0.0000597 seconds
{Heap before GC invocations=233 (full 3):
 par new generation   total 153344K, used 142285K [0x0000000080000000, 0x000000008a660000, 0x000000008a660000)
  eden space 136320K, 100% used [0x0000000080000000, 0x0000000088520000, 0x0000000088520000)
  from space 17024K,  35% used [0x00000000895c0000, 0x0000000089b93518, 0x000000008a660000)
  to   space 17024K,   0% used [0x0000000088520000, 0x0000000088520000, 0x00000000895c0000)
 concurrent mark-sweep generation total 1926784K, used 262664K [0x000000008a660000, 0x0000000100000000, 0x0000000100000000)
 Metaspace       used 84158K, capacity 89551K, committed 89812K, reserved 1128448K
  class space    used 10272K, capacity 10642K, committed 10740K, reserved 1048576K
2017-08-01T04:12:14.474+0000: 19246.502: [GC (Allocation Failure) Before GC:
Statistics for BinaryTreeDictionary:
------------------------------------
Total Free Space: 212843667
Max   Chunk Size: 212843667
Number of Blocks: 1
Av.  Block  Size: 212843667
Tree      Height: 1
2017-08-01T04:12:14.474+0000: 19246.502: [ParNew
Desired survivor size 8716288 bytes, new threshold 6 (max 6)
- age   1:    1302176 bytes,    1302176 total
- age   2:     649616 bytes,    1951792 total
- age   3:     608544 bytes,    2560336 total
- age   4:     655280 bytes,    3215616 total
- age   5:     549392 bytes,    3765008 total
- age   6:     536664 bytes,    4301672 total
: 142285K->8126K(153344K), 0.0220655 secs] 404949K->271298K(2080128K)After GC:
Statistics for BinaryTreeDictionary:
------------------------------------
Total Free Space: 212779287
Max   Chunk Size: 212779287
Number of Blocks: 1
Av.  Block  Size: 212779287
Tree      Height: 1
, 0.0221510 secs] [Times: user=0.05 sys=0.00, real=0.02 secs] 
Heap after GC invocations=234 (full 3):
 par new generation   total 153344K, used 8126K [0x0000000080000000, 0x000000008a660000, 0x000000008a660000)
  eden space 136320K,   0% used [0x0000000080000000, 0x0000000080000000, 0x0000000088520000)
  from space 17024K,  47% used [0x0000000088520000, 0x0000000088d0f850, 0x00000000895c0000)
  to   space 17024K,   0% used [0x00000000895c0000, 0x00000000895c0000, 0x000000008a660000)
 concurrent mark-sweep generation total 1926784K, used 263172K [0x000000008a660000, 0x0000000100000000, 0x0000000100000000)
 Metaspace       used 84158K, capacity 89551K, committed 89812K, reserved 1128448K
  class space    used 10272K, capacity 10642K, committed 10740K, reserved 1048576K
}
2017-08-01T04:12:14.496+0000: 19246.524: Total time for which application threads were stopped: 0.0223769 seconds, Stopping threads took: 0.0000458 seconds
2017-08-01T04:12:23.497+0000: 19255.525: Total time for which application threads were stopped: 0.0001642 seconds, Stopping threads took: 0.0000699 seconds
2017-08-01T04:12:41.499+0000: 19273.527: Total time for which application threads were stopped: 0.0001415 seconds, Stopping threads took: 0.0000425 seconds
2017-08-01T04:13:23.510+0000: 19315.537: Total time for which application threads were stopped: 0.0001388 seconds, Stopping threads took: 0.0000394 seconds
{Heap before GC invocations=234 (full 3):
 par new generation   total 153344K, used 144446K [0x0000000080000000, 0x000000008a660000, 0x000000008a660000)
  eden space 136320K, 100% used [0x0000000080000000, 0x0000000088520000, 0x0000000088520000)
  from space 17024K,  47% used [0x0000000088520000, 0x0000000088d0f850, 0x00000000895c0000)
  to   space 17024K,   0% used [0x00000000895c0000, 0x00000000895c0000, 0x000000008a660000)
 concurrent mark-sweep generation total 1926784K, used 263172K [0x000000008a660000, 0x0000000100000000, 0x0000000100000000)
 Metaspace       used 84158K, capacity 89551K, committed 89812K, reserved 1128448K
  class space    used 10272K, capacity 10642K, committed 10740K, reserved 1048576K
2017-08-01T04:13:46.854+0000: 19338.882: [GC (Allocation Failure) Before GC:
Statistics for BinaryTreeDictionary:
------------------------------------
Total Free Space: 212779287
Max   Chunk Size: 212779287
Number of Blocks: 1
Av.  Block  Size: 212779287
Tree      Height: 1
2017-08-01T04:13:46.854+0000: 19338.882: [ParNew
Desired survivor size 8716288 bytes, new threshold 6 (max 6)
- age   1:    1214304 bytes,    1214304 total
- age   2:     721128 bytes,    1935432 total
- age   3:     596768 bytes,    2532200 total
- age   4:     589536 bytes,    3121736 total
- age   5:     637568 bytes,    3759304 total
- age   6:     539184 bytes,    4298488 total
: 144446K->5180K(153344K), 0.0245824 secs] 407618K->268879K(2080128K)After GC:
Statistics for BinaryTreeDictionary:
------------------------------------
Total Free Space: 212711011
Max   Chunk Size: 212711011
Number of Blocks: 1
Av.  Block  Size: 212711011
Tree      Height: 1
, 0.0246789 secs] [Times: user=0.06 sys=0.00, real=0.02 secs] 
Heap after GC invocations=235 (full 3):
 par new generation   total 153344K, used 5180K [0x0000000080000000, 0x000000008a660000, 0x000000008a660000)
  eden space 136320K,   0% used [0x0000000080000000, 0x0000000080000000, 0x0000000088520000)
  from space 17024K,  30% used [0x00000000895c0000, 0x0000000089acf380, 0x000000008a660000)
  to   space 17024K,   0% used [0x0000000088520000, 0x0000000088520000, 0x00000000895c0000)
 concurrent mark-sweep generation total 1926784K, used 263698K [0x000000008a660000, 0x0000000100000000, 0x0000000100000000)
 Metaspace       used 84158K, capacity 89551K, committed 89812K, reserved 1128448K
  class space    used 10272K, capacity 10642K, committed 10740K, reserved 1048576K
}
2017-08-01T04:13:46.879+0000: 19338.907: Total time for which application threads were stopped: 0.0249537 seconds, Stopping threads took: 0.0000749 seconds
2017-08-01T04:14:42.885+0000: 19394.913: Total time for which application threads were stopped: 0.0002292 seconds, Stopping threads took: 0.0001192 seconds
{Heap before GC invocations=235 (full 3):
 par new generation   total 153344K, used 141500K [0x0000000080000000, 0x000000008a660000, 0x000000008a660000)
  eden space 136320K, 100% used [0x0000000080000000, 0x0000000088520000, 0x0000000088520000)
  from space 17024K,  30% used [0x00000000895c0000, 0x0000000089acf380, 0x000000008a660000)
  to   space 17024K,   0% used [0x0000000088520000, 0x0000000088520000, 0x00000000895c0000)
 concurrent mark-sweep generation total 1926784K, used 263698K [0x000000008a660000, 0x0000000100000000, 0x0000000100000000)
 Metaspace       used 84158K, capacity 89551K, committed 89812K, reserved 1128448K
  class space    used 10272K, capacity 10642K, committed 10740K, reserved 1048576K
2017-08-01T04:15:25.851+0000: 19437.879: [GC (Allocation Failure) Before GC:
Statistics for BinaryTreeDictionary:
------------------------------------
Total Free Space: 212711011
Max   Chunk Size: 212711011
Number of Blocks: 1
Av.  Block  Size: 212711011
Tree      Height: 1
2017-08-01T04:15:25.851+0000: 19437.879: [ParNew
Desired survivor size 8716288 bytes, new threshold 6 (max 6)
- age   1:    1281392 bytes,    1281392 total
- age   2:     672296 bytes,    1953688 total
- age   3:     658112 bytes,    2611800 total
- age   4:     575408 bytes,    3187208 total
- age   5:     572040 bytes,    3759248 total
- age   6:     624176 bytes,    4383424 total
: 141500K->7582K(153344K), 0.0228746 secs] 405199K->271807K(2080128K)After GC:
Statistics for BinaryTreeDictionary:
------------------------------------
Total Free Space: 212647177
Max   Chunk Size: 212647177
Number of Blocks: 1
Av.  Block  Size: 212647177
Tree      Height: 1
, 0.0229646 secs] [Times: user=0.06 sys=0.00, real=0.02 secs] 
Heap after GC invocations=236 (full 3):
 par new generation   total 153344K, used 7582K [0x0000000080000000, 0x000000008a660000, 0x000000008a660000)
  eden space 136320K,   0% used [0x0000000080000000, 0x0000000080000000, 0x0000000088520000)
  from space 17024K,  44% used [0x0000000088520000, 0x0000000088c87aa8, 0x00000000895c0000)
  to   space 17024K,   0% used [0x00000000895c0000, 0x00000000895c0000, 0x000000008a660000)
 concurrent mark-sweep generation total 1926784K, used 264225K [0x000000008a660000, 0x0000000100000000, 0x0000000100000000)
 Metaspace       used 84158K, capacity 89551K, committed 89812K, reserved 1128448K
  class space    used 10272K, capacity 10642K, committed 10740K, reserved 1048576K
}
2017-08-01T04:15:25.874+0000: 19437.902: Total time for which application threads were stopped: 0.0232246 seconds, Stopping threads took: 0.0000616 seconds
2017-08-01T04:16:31.887+0000: 19503.915: Total time for which application threads were stopped: 0.0001674 seconds, Stopping threads took: 0.0000651 seconds
{Heap before GC invocations=236 (full 3):
 par new generation   total 153344K, used 143902K [0x0000000080000000, 0x000000008a660000, 0x000000008a660000)
  eden space 136320K, 100% used [0x0000000080000000, 0x0000000088520000, 0x0000000088520000)
  from space 17024K,  44% used [0x0000000088520000, 0x0000000088c87aa8, 0x00000000895c0000)
  to   space 17024K,   0% used [0x00000000895c0000, 0x00000000895c0000, 0x000000008a660000)
 concurrent mark-sweep generation total 1926784K, used 264225K [0x000000008a660000, 0x0000000100000000, 0x0000000100000000)
 Metaspace       used 84158K, capacity 89551K, committed 89812K, reserved 1128448K
  class space    used 10272K, capacity 10642K, committed 10740K, reserved 1048576K
2017-08-01T04:16:58.707+0000: 19530.735: [GC (Allocation Failure) Before GC:
Statistics for BinaryTreeDictionary:
------------------------------------
Total Free Space: 212647177
Max   Chunk Size: 212647177
Number of Blocks: 1
Av.  Block  Size: 212647177
Tree      Height: 1
2017-08-01T04:16:58.707+0000: 19530.735: [ParNew
Desired survivor size 8716288 bytes, new threshold 6 (max 6)
- age   1:    1227416 bytes,    1227416 total
- age   2:     716416 bytes,    1943832 total
- age   3:     618016 bytes,    2561848 total
- age   4:     637256 bytes,    3199104 total
- age   5:     561048 bytes,    3760152 total
- age   6:     561048 bytes,    4321200 total
: 143902K->5105K(153344K), 0.0253210 secs] 408127K->269942K(2080128K)After GC:
Statistics for BinaryTreeDictionary:
------------------------------------
Total Free Space: 212567449
Max   Chunk Size: 212567449
Number of Blocks: 1
Av.  Block  Size: 212567449
Tree      Height: 1
, 0.0254189 secs] [Times: user=0.07 sys=0.00, real=0.03 secs] 
Heap after GC invocations=237 (full 3):
 par new generation   total 153344K, used 5105K [0x0000000080000000, 0x000000008a660000, 0x000000008a660000)
  eden space 136320K,   0% used [0x0000000080000000, 0x0000000080000000, 0x0000000088520000)
  from space 17024K,  29% used [0x00000000895c0000, 0x0000000089abc518, 0x000000008a660000)
  to   space 17024K,   0% used [0x0000000088520000, 0x0000000088520000, 0x00000000895c0000)
 concurrent mark-sweep generation total 1926784K, used 264837K [0x000000008a660000, 0x0000000100000000, 0x0000000100000000)
 Metaspace       used 84158K, capacity 89551K, committed 89812K, reserved 1128448K
  class space    used 10272K, capacity 10642K, committed 10740K, reserved 1048576K
}
2017-08-01T04:16:58.733+0000: 19530.760: Total time for which application threads were stopped: 0.0256507 seconds, Stopping threads took: 0.0000432 seconds
2017-08-01T04:17:26.741+0000: 19558.769: Total time for which application threads were stopped: 0.0001434 seconds, Stopping threads took: 0.0000375 seconds
{Heap before GC invocations=237 (full 3):
 par new generation   total 153344K, used 141425K [0x0000000080000000, 0x000000008a660000, 0x000000008a660000)
  eden space 136320K, 100% used [0x0000000080000000, 0x0000000088520000, 0x0000000088520000)
  from space 17024K,  29% used [0x00000000895c0000, 0x0000000089abc518, 0x000000008a660000)
  to   space 17024K,   0% used [0x0000000088520000, 0x0000000088520000, 0x00000000895c0000)
 concurrent mark-sweep generation total 1926784K, used 264837K [0x000000008a660000, 0x0000000100000000, 0x0000000100000000)
 Metaspace       used 84158K, capacity 89551K, committed 89812K, reserved 1128448K
  class space    used 10272K, capacity 10642K, committed 10740K, reserved 1048576K
2017-08-01T04:18:33.272+0000: 19625.300: [GC (Allocation Failure) Before GC:
Statistics for BinaryTreeDictionary:
------------------------------------
Total Free Space: 212567449
Max   Chunk Size: 212567449
Number of Blocks: 1
Av.  Block  Size: 212567449
Tree      Height: 1
2017-08-01T04:18:33.272+0000: 19625.300: [ParNew
Desired survivor size 8716288 bytes, new threshold 6 (max 6)
- age   1:    1196904 bytes,    1196904 total
- age   2:     661832 bytes,    1858736 total
- age   3:     655232 bytes,    2513968 total
- age   4:     598760 bytes,    3112728 total
- age   5:     620704 bytes,    3733432 total
- age   6:     550536 bytes,    4283968 total
: 141425K->5700K(153344K), 0.0248613 secs] 406262K->271088K(2080128K)After GC:
Statistics for BinaryTreeDictionary:
------------------------------------
Total Free Space: 212495279
Max   Chunk Size: 212495279
Number of Blocks: 1
Av.  Block  Size: 212495279
Tree      Height: 1
, 0.0249399 secs] [Times: user=0.06 sys=0.00, real=0.02 secs] 
Heap after GC invocations=238 (full 3):
 par new generation   total 153344K, used 5700K [0x0000000080000000, 0x000000008a660000, 0x000000008a660000)
  eden space 136320K,   0% used [0x0000000080000000, 0x0000000080000000, 0x0000000088520000)
  from space 17024K,  33% used [0x0000000088520000, 0x0000000088ab1248, 0x00000000895c0000)
  to   space 17024K,   0% used [0x00000000895c0000, 0x00000000895c0000, 0x000000008a660000)
 concurrent mark-sweep generation total 1926784K, used 265388K [0x000000008a660000, 0x0000000100000000, 0x0000000100000000)
 Metaspace       used 84158K, capacity 89551K, committed 89812K, reserved 1128448K
  class space    used 10272K, capacity 10642K, committed 10740K, reserved 1048576K
}
2017-08-01T04:18:33.297+0000: 19625.325: Total time for which application threads were stopped: 0.0251813 seconds, Stopping threads took: 0.0000524 seconds
{Heap before GC invocations=238 (full 3):
 par new generation   total 153344K, used 142020K [0x0000000080000000, 0x000000008a660000, 0x000000008a660000)
  eden space 136320K, 100% used [0x0000000080000000, 0x0000000088520000, 0x0000000088520000)
  from space 17024K,  33% used [0x0000000088520000, 0x0000000088ab1248, 0x00000000895c0000)
  to   space 17024K,   0% used [0x00000000895c0000, 0x00000000895c0000, 0x000000008a660000)
 concurrent mark-sweep generation total 1926784K, used 265388K [0x000000008a660000, 0x0000000100000000, 0x0000000100000000)
 Metaspace       used 84158K, capacity 89551K, committed 89812K, reserved 1128448K
  class space    used 10272K, capacity 10642K, committed 10740K, reserved 1048576K
2017-08-01T04:20:12.357+0000: 19724.385: [GC (Allocation Failure) Before GC:
Statistics for BinaryTreeDictionary:
------------------------------------
Total Free Space: 212495279
Max   Chunk Size: 212495279
Number of Blocks: 1
Av.  Block  Size: 212495279
Tree      Height: 1
2017-08-01T04:20:12.357+0000: 19724.385: [ParNew
Desired survivor size 8716288 bytes, new threshold 6 (max 6)
- age   1:    1348376 bytes,    1348376 total
- age   2:     628096 bytes,    1976472 total
- age   3:     593696 bytes,    2570168 total
- age   4:     630840 bytes,    3201008 total
- age   5:     583488 bytes,    3784496 total
- age   6:     608704 bytes,    4393200 total
: 142020K->6127K(153344K), 0.0236116 secs] 407408K->272054K(2080128K)After GC:
Statistics for BinaryTreeDictionary:
------------------------------------
Total Free Space: 212426229
Max   Chunk Size: 212426229
Number of Blocks: 1
Av.  Block  Size: 212426229
Tree      Height: 1
, 0.0237110 secs] [Times: user=0.06 sys=0.00, real=0.03 secs] 
Heap after GC invocations=239 (full 3):
 par new generation   total 153344K, used 6127K [0x0000000080000000, 0x000000008a660000, 0x000000008a660000)
  eden space 136320K,   0% used [0x0000000080000000, 0x0000000080000000, 0x0000000088520000)
  from space 17024K,  35% used [0x00000000895c0000, 0x0000000089bbbc50, 0x000000008a660000)
  to   space 17024K,   0% used [0x0000000088520000, 0x0000000088520000, 0x00000000895c0000)
 concurrent mark-sweep generation total 1926784K, used 265927K [0x000000008a660000, 0x0000000100000000, 0x0000000100000000)
 Metaspace       used 84158K, capacity 89551K, committed 89812K, reserved 1128448K
  class space    used 10272K, capacity 10642K, committed 10740K, reserved 1048576K
}
2017-08-01T04:20:12.381+0000: 19724.409: Total time for which application threads were stopped: 0.0239499 seconds, Stopping threads took: 0.0000528 seconds
2017-08-01T04:21:24.766+0000: 19796.794: Total time for which application threads were stopped: 0.0001797 seconds, Stopping threads took: 0.0000396 seconds
{Heap before GC invocations=239 (full 3):
 par new generation   total 153344K, used 142447K [0x0000000080000000, 0x000000008a660000, 0x000000008a660000)
  eden space 136320K, 100% used [0x0000000080000000, 0x0000000088520000, 0x0000000088520000)
  from space 17024K,  35% used [0x00000000895c0000, 0x0000000089bbbc50, 0x000000008a660000)
  to   space 17024K,   0% used [0x0000000088520000, 0x0000000088520000, 0x00000000895c0000)
 concurrent mark-sweep generation total 1926784K, used 265927K [0x000000008a660000, 0x0000000100000000, 0x0000000100000000)
 Metaspace       used 84158K, capacity 89551K, committed 89812K, reserved 1128448K
  class space    used 10272K, capacity 10642K, committed 10740K, reserved 1048576K
2017-08-01T04:21:47.406+0000: 19819.434: [GC (Allocation Failure) Before GC:
Statistics for BinaryTreeDictionary:
------------------------------------
Total Free Space: 212426229
Max   Chunk Size: 212426229
Number of Blocks: 1
Av.  Block  Size: 212426229
Tree      Height: 1
2017-08-01T04:21:47.406+0000: 19819.434: [ParNew
Desired survivor size 8716288 bytes, new threshold 6 (max 6)
- age   1:    1268608 bytes,    1268608 total
- age   2:     737960 bytes,    2006568 total
- age   3:     581088 bytes,    2587656 total
- age   4:     578304 bytes,    3165960 total
- age   5:     615256 bytes,    3781216 total
- age   6:     573416 bytes,    4354632 total
: 142447K->6352K(153344K), 0.0233748 secs] 408374K->272875K(2080128K)After GC:
Statistics for BinaryTreeDictionary:
------------------------------------
Total Free Space: 212350941
Max   Chunk Size: 212350941
Number of Blocks: 1
Av.  Block  Size: 212350941
Tree      Height: 1
, 0.0234564 secs] [Times: user=0.06 sys=0.00, real=0.02 secs] 
Heap after GC invocations=240 (full 3):
 par new generation   total 153344K, used 6352K [0x0000000080000000, 0x000000008a660000, 0x000000008a660000)
  eden space 136320K,   0% used [0x0000000080000000, 0x0000000080000000, 0x0000000088520000)
  from space 17024K,  37% used [0x0000000088520000, 0x0000000088b540c0, 0x00000000895c0000)
  to   space 17024K,   0% used [0x00000000895c0000, 0x00000000895c0000, 0x000000008a660000)
 concurrent mark-sweep generation total 1926784K, used 266523K [0x000000008a660000, 0x0000000100000000, 0x0000000100000000)
 Metaspace       used 84158K, capacity 89551K, committed 89812K, reserved 1128448K
  class space    used 10272K, capacity 10642K, committed 10740K, reserved 1048576K
}
2017-08-01T04:21:47.430+0000: 19819.458: Total time for which application threads were stopped: 0.0237529 seconds, Stopping threads took: 0.0000609 seconds
{Heap before GC invocations=240 (full 3):
 par new generation   total 153344K, used 142672K [0x0000000080000000, 0x000000008a660000, 0x000000008a660000)
  eden space 136320K, 100% used [0x0000000080000000, 0x0000000088520000, 0x0000000088520000)
  from space 17024K,  37% used [0x0000000088520000, 0x0000000088b540c0, 0x00000000895c0000)
  to   space 17024K,   0% used [0x00000000895c0000, 0x00000000895c0000, 0x000000008a660000)
 concurrent mark-sweep generation total 1926784K, used 266523K [0x000000008a660000, 0x0000000100000000, 0x0000000100000000)
 Metaspace       used 84158K, capacity 89551K, committed 89812K, reserved 1128448K
  class space    used 10272K, capacity 10642K, committed 10740K, reserved 1048576K
2017-08-01T04:23:28.248+0000: 19920.276: [GC (Allocation Failure) Before GC:
Statistics for BinaryTreeDictionary:
------------------------------------
Total Free Space: 212350941
Max   Chunk Size: 212350941
Number of Blocks: 1
Av.  Block  Size: 212350941
Tree      Height: 1
2017-08-01T04:23:28.248+0000: 19920.276: [ParNew
Desired survivor size 8716288 bytes, new threshold 6 (max 6)
- age   1:    1306976 bytes,    1306976 total
- age   2:     652280 bytes,    1959256 total
- age   3:     671264 bytes,    2630520 total
- age   4:     557952 bytes,    3188472 total
- age   5:     562592 bytes,    3751064 total
- age   6:     604552 bytes,    4355616 total
: 142672K->6367K(153344K), 0.0237973 secs] 409195K->273451K(2080128K)After GC:
Statistics for BinaryTreeDictionary:
------------------------------------
Total Free Space: 212277654
Max   Chunk Size: 212277654
Number of Blocks: 1
Av.  Block  Size: 212277654
Tree      Height: 1
, 0.0238757 secs] [Times: user=0.06 sys=0.00, real=0.03 secs] 
Heap after GC invocations=241 (full 3):
 par new generation   total 153344K, used 6367K [0x0000000080000000, 0x000000008a660000, 0x000000008a660000)
  eden space 136320K,   0% used [0x0000000080000000, 0x0000000080000000, 0x0000000088520000)
  from space 17024K,  37% used [0x00000000895c0000, 0x0000000089bf7f48, 0x000000008a660000)
  to   space 17024K,   0% used [0x0000000088520000, 0x0000000088520000, 0x00000000895c0000)
 concurrent mark-sweep generation total 1926784K, used 267083K [0x000000008a660000, 0x0000000100000000, 0x0000000100000000)
 Metaspace       used 84158K, capacity 89551K, committed 89812K, reserved 1128448K
  class space    used 10272K, capacity 10642K, committed 10740K, reserved 1048576K
}
2017-08-01T04:23:28.272+0000: 19920.300: Total time for which application threads were stopped: 0.0241078 seconds, Stopping threads took: 0.0000435 seconds
{Heap before GC invocations=241 (full 3):
 par new generation   total 153344K, used 142687K [0x0000000080000000, 0x000000008a660000, 0x000000008a660000)
  eden space 136320K, 100% used [0x0000000080000000, 0x0000000088520000, 0x0000000088520000)
  from space 17024K,  37% used [0x00000000895c0000, 0x0000000089bf7f48, 0x000000008a660000)
  to   space 17024K,   0% used [0x0000000088520000, 0x0000000088520000, 0x00000000895c0000)
 concurrent mark-sweep generation total 1926784K, used 267083K [0x000000008a660000, 0x0000000100000000, 0x0000000100000000)
 Metaspace       used 84158K, capacity 89551K, committed 89812K, reserved 1128448K
  class space    used 10272K, capacity 10642K, committed 10740K, reserved 1048576K
2017-08-01T04:25:04.165+0000: 20016.192: [GC (Allocation Failure) Before GC:
Statistics for BinaryTreeDictionary:
------------------------------------
Total Free Space: 212277654
Max   Chunk Size: 212277654
Number of Blocks: 1
Av.  Block  Size: 212277654
Tree      Height: 1
2017-08-01T04:25:04.165+0000: 20016.193: [ParNew
Desired survivor size 8716288 bytes, new threshold 6 (max 6)
- age   1:    1126568 bytes,    1126568 total
- age   2:     730944 bytes,    1857512 total
- age   3:     601960 bytes,    2459472 total
- age   4:     652680 bytes,    3112152 total
- age   5:     541768 bytes,    3653920 total
- age   6:     553416 bytes,    4207336 total
: 142687K->4251K(153344K), 0.0264296 secs] 409771K->271929K(2080128K)After GC:
Statistics for BinaryTreeDictionary:
------------------------------------
Total Free Space: 212203266
Max   Chunk Size: 212203266
Number of Blocks: 1
Av.  Block  Size: 212203266
Tree      Height: 1
, 0.0265450 secs] [Times: user=0.07 sys=0.00, real=0.03 secs] 
Heap after GC invocations=242 (full 3):
 par new generation   total 153344K, used 4251K [0x0000000080000000, 0x000000008a660000, 0x000000008a660000)
  eden space 136320K,   0% used [0x0000000080000000, 0x0000000080000000, 0x0000000088520000)
  from space 17024K,  24% used [0x0000000088520000, 0x0000000088946fe0, 0x00000000895c0000)
  to   space 17024K,   0% used [0x00000000895c0000, 0x00000000895c0000, 0x000000008a660000)
 concurrent mark-sweep generation total 1926784K, used 267677K [0x000000008a660000, 0x0000000100000000, 0x0000000100000000)
 Metaspace       used 84158K, capacity 89551K, committed 89812K, reserved 1128448K
  class space    used 10272K, capacity 10642K, committed 10740K, reserved 1048576K
}
2017-08-01T04:25:04.191+0000: 20016.219: Total time for which application threads were stopped: 0.0267881 seconds, Stopping threads took: 0.0000474 seconds
{Heap before GC invocations=242 (full 3):
 par new generation   total 153344K, used 140571K [0x0000000080000000, 0x000000008a660000, 0x000000008a660000)
  eden space 136320K, 100% used [0x0000000080000000, 0x0000000088520000, 0x0000000088520000)
  from space 17024K,  24% used [0x0000000088520000, 0x0000000088946fe0, 0x00000000895c0000)
  to   space 17024K,   0% used [0x00000000895c0000, 0x00000000895c0000, 0x000000008a660000)
 concurrent mark-sweep generation total 1926784K, used 267677K [0x000000008a660000, 0x0000000100000000, 0x0000000100000000)
 Metaspace       used 84158K, capacity 89551K, committed 89812K, reserved 1128448K
  class space    used 10272K, capacity 10642K, committed 10740K, reserved 1048576K
2017-08-01T04:26:38.964+0000: 20110.992: [GC (Allocation Failure) Before GC:
Statistics for BinaryTreeDictionary:
------------------------------------
Total Free Space: 212203266
Max   Chunk Size: 212203266
Number of Blocks: 1
Av.  Block  Size: 212203266
Tree      Height: 1
2017-08-01T04:26:38.964+0000: 20110.992: [ParNew
Desired survivor size 8716288 bytes, new threshold 6 (max 6)
- age   1:    1193536 bytes,    1193536 total
- age   2:     603328 bytes,    1796864 total
- age   3:     675576 bytes,    2472440 total
- age   4:     584656 bytes,    3057096 total
- age   5:     635776 bytes,    3692872 total
- age   6:     532928 bytes,    4225800 total
: 140571K->6209K(153344K), 0.0239556 secs] 408249K->274429K(2080128K)After GC:
Statistics for BinaryTreeDictionary:
------------------------------------
Total Free Space: 212132979
Max   Chunk Size: 212132979
Number of Blocks: 1
Av.  Block  Size: 212132979
Tree      Height: 1
, 0.0240347 secs] [Times: user=0.06 sys=0.00, real=0.02 secs] 
Heap after GC invocations=243 (full 3):
 par new generation   total 153344K, used 6209K [0x0000000080000000, 0x000000008a660000, 0x000000008a660000)
  eden space 136320K,   0% used [0x0000000080000000, 0x0000000080000000, 0x0000000088520000)
  from space 17024K,  36% used [0x00000000895c0000, 0x0000000089bd05e8, 0x000000008a660000)
  to   space 17024K,   0% used [0x0000000088520000, 0x0000000088520000, 0x00000000895c0000)
 concurrent mark-sweep generation total 1926784K, used 268220K [0x000000008a660000, 0x0000000100000000, 0x0000000100000000)
 Metaspace       used 84158K, capacity 89551K, committed 89812K, reserved 1128448K
  class space    used 10272K, capacity 10642K, committed 10740K, reserved 1048576K
}
2017-08-01T04:26:38.988+0000: 20111.016: Total time for which application threads were stopped: 0.0243207 seconds, Stopping threads took: 0.0001008 seconds
{Heap before GC invocations=243 (full 3):
 par new generation   total 153344K, used 142529K [0x0000000080000000, 0x000000008a660000, 0x000000008a660000)
  eden space 136320K, 100% used [0x0000000080000000, 0x0000000088520000, 0x0000000088520000)
  from space 17024K,  36% used [0x00000000895c0000, 0x0000000089bd05e8, 0x000000008a660000)
  to   space 17024K,   0% used [0x0000000088520000, 0x0000000088520000, 0x00000000895c0000)
 concurrent mark-sweep generation total 1926784K, used 268220K [0x000000008a660000, 0x0000000100000000, 0x0000000100000000)
 Metaspace       used 84158K, capacity 89551K, committed 89812K, reserved 1128448K
  class space    used 10272K, capacity 10642K, committed 10740K, reserved 1048576K
2017-08-01T04:28:23.415+0000: 20215.442: [GC (Allocation Failure) Before GC:
Statistics for BinaryTreeDictionary:
------------------------------------
Total Free Space: 212132979
Max   Chunk Size: 212132979
Number of Blocks: 1
Av.  Block  Size: 212132979
Tree      Height: 1
2017-08-01T04:28:23.415+0000: 20215.442: [ParNew
Desired survivor size 8716288 bytes, new threshold 6 (max 6)
- age   1:    1247200 bytes,    1247200 total
- age   2:     608760 bytes,    1855960 total
- age   3:     543616 bytes,    2399576 total
- age   4:     654664 bytes,    3054240 total
- age   5:     568480 bytes,    3622720 total
- age   6:     624032 bytes,    4246752 total
: 142529K->6191K(153344K), 0.0239313 secs] 410749K->274935K(2080128K)After GC:
Statistics for BinaryTreeDictionary:
------------------------------------
Total Free Space: 212067193
Max   Chunk Size: 212067193
Number of Blocks: 1
Av.  Block  Size: 212067193
Tree      Height: 1
, 0.0240201 secs] [Times: user=0.06 sys=0.00, real=0.02 secs] 
Heap after GC invocations=244 (full 3):
 par new generation   total 153344K, used 6191K [0x0000000080000000, 0x000000008a660000, 0x000000008a660000)
  eden space 136320K,   0% used [0x0000000080000000, 0x0000000080000000, 0x0000000088520000)
  from space 17024K,  36% used [0x0000000088520000, 0x0000000088b2bcc8, 0x00000000895c0000)
  to   space 17024K,   0% used [0x00000000895c0000, 0x00000000895c0000, 0x000000008a660000)
 concurrent mark-sweep generation total 1926784K, used 268744K [0x000000008a660000, 0x0000000100000000, 0x0000000100000000)
 Metaspace       used 84158K, capacity 89551K, committed 89812K, reserved 1128448K
  class space    used 10272K, capacity 10642K, committed 10740K, reserved 1048576K
}
2017-08-01T04:28:23.439+0000: 20215.467: Total time for which application threads were stopped: 0.0242757 seconds, Stopping threads took: 0.0000536 seconds
{Heap before GC invocations=244 (full 3):
 par new generation   total 153344K, used 142511K [0x0000000080000000, 0x000000008a660000, 0x000000008a660000)
  eden space 136320K, 100% used [0x0000000080000000, 0x0000000088520000, 0x0000000088520000)
  from space 17024K,  36% used [0x0000000088520000, 0x0000000088b2bcc8, 0x00000000895c0000)
  to   space 17024K,   0% used [0x00000000895c0000, 0x00000000895c0000, 0x000000008a660000)
 concurrent mark-sweep generation total 1926784K, used 268744K [0x000000008a660000, 0x0000000100000000, 0x0000000100000000)
 Metaspace       used 84158K, capacity 89551K, committed 89812K, reserved 1128448K
  class space    used 10272K, capacity 10642K, committed 10740K, reserved 1048576K
2017-08-01T04:29:59.109+0000: 20311.137: [GC (Allocation Failure) Before GC:
Statistics for BinaryTreeDictionary:
------------------------------------
Total Free Space: 212067193
Max   Chunk Size: 212067193
Number of Blocks: 1
Av.  Block  Size: 212067193
Tree      Height: 1
2017-08-01T04:29:59.109+0000: 20311.137: [ParNew
Desired survivor size 8716288 bytes, new threshold 6 (max 6)
- age   1:    1170016 bytes,    1170016 total
- age   2:     659648 bytes,    1829664 total
- age   3:     557832 bytes,    2387496 total
- age   4:     527888 bytes,    2915384 total
- age   5:     635648 bytes,    3551032 total
- age   6:     559064 bytes,    4110096 total
: 142511K->4142K(153344K), 0.0224828 secs] 411255K->273499K(2080128K)After GC:
Statistics for BinaryTreeDictionary:
------------------------------------
Total Free Space: 211986599
Max   Chunk Size: 211986599
Number of Blocks: 1
Av.  Block  Size: 211986599
Tree      Height: 1
, 0.0225680 secs] [Times: user=0.06 sys=0.00, real=0.03 secs] 
Heap after GC invocations=245 (full 3):
 par new generation   total 153344K, used 4142K [0x0000000080000000, 0x000000008a660000, 0x000000008a660000)
  eden space 136320K,   0% used [0x0000000080000000, 0x0000000080000000, 0x0000000088520000)
  from space 17024K,  24% used [0x00000000895c0000, 0x00000000899cb8f8, 0x000000008a660000)
  to   space 17024K,   0% used [0x0000000088520000, 0x0000000088520000, 0x00000000895c0000)
 concurrent mark-sweep generation total 1926784K, used 269357K [0x000000008a660000, 0x0000000100000000, 0x0000000100000000)
 Metaspace       used 84158K, capacity 89551K, committed 89812K, reserved 1128448K
  class space    used 10272K, capacity 10642K, committed 10740K, reserved 1048576K
}
2017-08-01T04:29:59.132+0000: 20311.160: Total time for which application threads were stopped: 0.0228592 seconds, Stopping threads took: 0.0000918 seconds
{Heap before GC invocations=245 (full 3):
 par new generation   total 153344K, used 140462K [0x0000000080000000, 0x000000008a660000, 0x000000008a660000)
  eden space 136320K, 100% used [0x0000000080000000, 0x0000000088520000, 0x0000000088520000)
  from space 17024K,  24% used [0x00000000895c0000, 0x00000000899cb8f8, 0x000000008a660000)
  to   space 17024K,   0% used [0x0000000088520000, 0x0000000088520000, 0x00000000895c0000)
 concurrent mark-sweep generation total 1926784K, used 269357K [0x000000008a660000, 0x0000000100000000, 0x0000000100000000)
 Metaspace       used 84158K, capacity 89551K, committed 89812K, reserved 1128448K
  class space    used 10272K, capacity 10642K, committed 10740K, reserved 1048576K
2017-08-01T04:31:33.971+0000: 20405.999: [GC (Allocation Failure) Before GC:
Statistics for BinaryTreeDictionary:
------------------------------------
Total Free Space: 211986599
Max   Chunk Size: 211986599
Number of Blocks: 1
Av.  Block  Size: 211986599
Tree      Height: 1
2017-08-01T04:31:33.971+0000: 20405.999: [ParNew
Desired survivor size 8716288 bytes, new threshold 6 (max 6)
- age   1:    1209344 bytes,    1209344 total
- age   2:     627192 bytes,    1836536 total
- age   3:     604840 bytes,    2441376 total
- age   4:     541592 bytes,    2982968 total
- age   5:     511944 bytes,    3494912 total
- age   6:     620328 bytes,    4115240 total
: 140462K->6061K(153344K), 0.0232831 secs] 409819K->275965K(2080128K)After GC:
Statistics for BinaryTreeDictionary:
------------------------------------
Total Free Space: 211916950
Max   Chunk Size: 211916950
Number of Blocks: 1
Av.  Block  Size: 211916950
Tree      Height: 1
, 0.0233887 secs] [Times: user=0.06 sys=0.00, real=0.02 secs] 
Heap after GC invocations=246 (full 3):
 par new generation   total 153344K, used 6061K [0x0000000080000000, 0x000000008a660000, 0x000000008a660000)
  eden space 136320K,   0% used [0x0000000080000000, 0x0000000080000000, 0x0000000088520000)
  from space 17024K,  35% used [0x0000000088520000, 0x0000000088b0b6b8, 0x00000000895c0000)
  to   space 17024K,   0% used [0x00000000895c0000, 0x00000000895c0000, 0x000000008a660000)
 concurrent mark-sweep generation total 1926784K, used 269903K [0x000000008a660000, 0x0000000100000000, 0x0000000100000000)
 Metaspace       used 84158K, capacity 89551K, committed 89812K, reserved 1128448K
  class space    used 10272K, capacity 10642K, committed 10740K, reserved 1048576K
}
2017-08-01T04:31:33.995+0000: 20406.022: Total time for which application threads were stopped: 0.0236180 seconds, Stopping threads took: 0.0000398 seconds
2017-08-01T04:32:39.002+0000: 20471.029: Total time for which application threads were stopped: 0.0001525 seconds, Stopping threads took: 0.0000557 seconds
{Heap before GC invocations=246 (full 3):
 par new generation   total 153344K, used 142381K [0x0000000080000000, 0x000000008a660000, 0x000000008a660000)
  eden space 136320K, 100% used [0x0000000080000000, 0x0000000088520000, 0x0000000088520000)
  from space 17024K,  35% used [0x0000000088520000, 0x0000000088b0b6b8, 0x00000000895c0000)
  to   space 17024K,   0% used [0x00000000895c0000, 0x00000000895c0000, 0x000000008a660000)
 concurrent mark-sweep generation total 1926784K, used 269903K [0x000000008a660000, 0x0000000100000000, 0x0000000100000000)
 Metaspace       used 84158K, capacity 89551K, committed 89812K, reserved 1128448K
  class space    used 10272K, capacity 10642K, committed 10740K, reserved 1048576K
2017-08-01T04:33:15.353+0000: 20507.381: [GC (Allocation Failure) Before GC:
Statistics for BinaryTreeDictionary:
------------------------------------
Total Free Space: 211916950
Max   Chunk Size: 211916950
Number of Blocks: 1
Av.  Block  Size: 211916950
Tree      Height: 1
2017-08-01T04:33:15.353+0000: 20507.381: [ParNew
Desired survivor size 8716288 bytes, new threshold 6 (max 6)
- age   1:    1305136 bytes,    1305136 total
- age   2:     654728 bytes,    1959864 total
- age   3:     575240 bytes,    2535104 total
- age   4:     581448 bytes,    3116552 total
- age   5:     525712 bytes,    3642264 total
- age   6:     500768 bytes,    4143032 total
: 142381K->6032K(153344K), 0.0249217 secs] 412285K->276542K(2080128K)After GC:
Statistics for BinaryTreeDictionary:
------------------------------------
Total Free Space: 211837016
Max   Chunk Size: 211837016
Number of Blocks: 1
Av.  Block  Size: 211837016
Tree      Height: 1
, 0.0250203 secs] [Times: user=0.06 sys=0.00, real=0.02 secs] 
Heap after GC invocations=247 (full 3):
 par new generation   total 153344K, used 6032K [0x0000000080000000, 0x000000008a660000, 0x000000008a660000)
  eden space 136320K,   0% used [0x0000000080000000, 0x0000000080000000, 0x0000000088520000)
  from space 17024K,  35% used [0x00000000895c0000, 0x0000000089ba4110, 0x000000008a660000)
  to   space 17024K,   0% used [0x0000000088520000, 0x0000000088520000, 0x00000000895c0000)
 concurrent mark-sweep generation total 1926784K, used 270510K [0x000000008a660000, 0x0000000100000000, 0x0000000100000000)
 Metaspace       used 84158K, capacity 89551K, committed 89812K, reserved 1128448K
  class space    used 10272K, capacity 10642K, committed 10740K, reserved 1048576K
}
2017-08-01T04:33:15.378+0000: 20507.406: Total time for which application threads were stopped: 0.0252734 seconds, Stopping threads took: 0.0000557 seconds
{Heap before GC invocations=247 (full 3):
 par new generation   total 153344K, used 142352K [0x0000000080000000, 0x000000008a660000, 0x000000008a660000)
  eden space 136320K, 100% used [0x0000000080000000, 0x0000000088520000, 0x0000000088520000)
  from space 17024K,  35% used [0x00000000895c0000, 0x0000000089ba4110, 0x000000008a660000)
  to   space 17024K,   0% used [0x0000000088520000, 0x0000000088520000, 0x00000000895c0000)
 concurrent mark-sweep generation total 1926784K, used 270510K [0x000000008a660000, 0x0000000100000000, 0x0000000100000000)
 Metaspace       used 84158K, capacity 89551K, committed 89812K, reserved 1128448K
  class space    used 10272K, capacity 10642K, committed 10740K, reserved 1048576K
2017-08-01T04:34:46.850+0000: 20598.878: [GC (Allocation Failure) Before GC:
Statistics for BinaryTreeDictionary:
------------------------------------
Total Free Space: 211837016
Max   Chunk Size: 211837016
Number of Blocks: 1
Av.  Block  Size: 211837016
Tree      Height: 1
2017-08-01T04:34:46.850+0000: 20598.878: [ParNew
Desired survivor size 8716288 bytes, new threshold 6 (max 6)
- age   1:    1300216 bytes,    1300216 total
- age   2:     724368 bytes,    2024584 total
- age   3:     603032 bytes,    2627616 total
- age   4:     553152 bytes,    3180768 total
- age   5:     564968 bytes,    3745736 total
- age   6:     514120 bytes,    4259856 total
: 142352K->6052K(153344K), 0.0231490 secs] 412862K->277054K(2080128K)After GC:
Statistics for BinaryTreeDictionary:
------------------------------------
Total Free Space: 211777346
Max   Chunk Size: 211777346
Number of Blocks: 1
Av.  Block  Size: 211777346
Tree      Height: 1
, 0.0232364 secs] [Times: user=0.06 sys=0.00, real=0.03 secs] 
Heap after GC invocations=248 (full 3):
 par new generation   total 153344K, used 6052K [0x0000000080000000, 0x000000008a660000, 0x000000008a660000)
  eden space 136320K,   0% used [0x0000000080000000, 0x0000000080000000, 0x0000000088520000)
  from space 17024K,  35% used [0x0000000088520000, 0x0000000088b09288, 0x00000000895c0000)
  to   space 17024K,   0% used [0x00000000895c0000, 0x00000000895c0000, 0x000000008a660000)
 concurrent mark-sweep generation total 1926784K, used 271001K [0x000000008a660000, 0x0000000100000000, 0x0000000100000000)
 Metaspace       used 84158K, capacity 89551K, committed 89812K, reserved 1128448K
  class space    used 10272K, capacity 10642K, committed 10740K, reserved 1048576K
}
2017-08-01T04:34:46.873+0000: 20598.901: Total time for which application threads were stopped: 0.0234809 seconds, Stopping threads took: 0.0000418 seconds
2017-08-01T04:35:53.886+0000: 20665.914: Total time for which application threads were stopped: 0.0001725 seconds, Stopping threads took: 0.0000674 seconds
{Heap before GC invocations=248 (full 3):
 par new generation   total 153344K, used 142372K [0x0000000080000000, 0x000000008a660000, 0x000000008a660000)
  eden space 136320K, 100% used [0x0000000080000000, 0x0000000088520000, 0x0000000088520000)
  from space 17024K,  35% used [0x0000000088520000, 0x0000000088b09288, 0x00000000895c0000)
  to   space 17024K,   0% used [0x00000000895c0000, 0x00000000895c0000, 0x000000008a660000)
 concurrent mark-sweep generation total 1926784K, used 271001K [0x000000008a660000, 0x0000000100000000, 0x0000000100000000)
 Metaspace       used 84158K, capacity 89551K, committed 89812K, reserved 1128448K
  class space    used 10272K, capacity 10642K, committed 10740K, reserved 1048576K
2017-08-01T04:36:25.745+0000: 20697.772: [GC (Allocation Failure) Before GC:
Statistics for BinaryTreeDictionary:
------------------------------------
Total Free Space: 211777346
Max   Chunk Size: 211777346
Number of Blocks: 1
Av.  Block  Size: 211777346
Tree      Height: 1
2017-08-01T04:36:25.745+0000: 20697.772: [ParNew
Desired survivor size 8716288 bytes, new threshold 6 (max 6)
- age   1:    1266248 bytes,    1266248 total
- age   2:     664720 bytes,    1930968 total
- age   3:     655568 bytes,    2586536 total
- age   4:     581272 bytes,    3167808 total
- age   5:     535232 bytes,    3703040 total
- age   6:     553192 bytes,    4256232 total
: 142372K->6189K(153344K), 0.0234243 secs] 413374K->277692K(2080128K)After GC:
Statistics for BinaryTreeDictionary:
------------------------------------
Total Free Space: 211714605
Max   Chunk Size: 211714605
Number of Blocks: 1
Av.  Block  Size: 211714605
Tree      Height: 1
, 0.0235184 secs] [Times: user=0.06 sys=0.00, real=0.02 secs] 
Heap after GC invocations=249 (full 3):
 par new generation   total 153344K, used 6189K [0x0000000080000000, 0x000000008a660000, 0x000000008a660000)
  eden space 136320K,   0% used [0x0000000080000000, 0x0000000080000000, 0x0000000088520000)
  from space 17024K,  36% used [0x00000000895c0000, 0x0000000089bcb4d8, 0x000000008a660000)
  to   space 17024K,   0% used [0x0000000088520000, 0x0000000088520000, 0x00000000895c0000)
 concurrent mark-sweep generation total 1926784K, used 271503K [0x000000008a660000, 0x0000000100000000, 0x0000000100000000)
 Metaspace       used 84158K, capacity 89551K, committed 89812K, reserved 1128448K
  class space    used 10272K, capacity 10642K, committed 10740K, reserved 1048576K
}
2017-08-01T04:36:25.768+0000: 20697.796: Total time for which application threads were stopped: 0.0237627 seconds, Stopping threads took: 0.0000433 seconds
{Heap before GC invocations=249 (full 3):
 par new generation   total 153344K, used 142509K [0x0000000080000000, 0x000000008a660000, 0x000000008a660000)
  eden space 136320K, 100% used [0x0000000080000000, 0x0000000088520000, 0x0000000088520000)
  from space 17024K,  36% used [0x00000000895c0000, 0x0000000089bcb4d8, 0x000000008a660000)
  to   space 17024K,   0% used [0x0000000088520000, 0x0000000088520000, 0x00000000895c0000)
 concurrent mark-sweep generation total 1926784K, used 271503K [0x000000008a660000, 0x0000000100000000, 0x0000000100000000)
 Metaspace       used 84158K, capacity 89551K, committed 89812K, reserved 1128448K
  class space    used 10272K, capacity 10642K, committed 10740K, reserved 1048576K
2017-08-01T04:37:59.035+0000: 20791.062: [GC (Allocation Failure) Before GC:
Statistics for BinaryTreeDictionary:
------------------------------------
Total Free Space: 211714605
Max   Chunk Size: 211714605
Number of Blocks: 1
Av.  Block  Size: 211714605
Tree      Height: 1
2017-08-01T04:37:59.035+0000: 20791.062: [ParNew
Desired survivor size 8716288 bytes, new threshold 6 (max 6)
- age   1:    1188312 bytes,    1188312 total
- age   2:     737088 bytes,    1925400 total
- age   3:     611592 bytes,    2536992 total
- age   4:     637248 bytes,    3174240 total
- age   5:     561864 bytes,    3736104 total
- age   6:     526208 bytes,    4262312 total
: 142509K->6216K(153344K), 0.0238126 secs] 414012K->278261K(2080128K)After GC:
Statistics for BinaryTreeDictionary:
------------------------------------
Total Free Space: 211643524
Max   Chunk Size: 211643524
Number of Blocks: 1
Av.  Block  Size: 211643524
Tree      Height: 1
, 0.0239147 secs] [Times: user=0.06 sys=0.00, real=0.02 secs] 
Heap after GC invocations=250 (full 3):
 par new generation   total 153344K, used 6216K [0x0000000080000000, 0x000000008a660000, 0x000000008a660000)
  eden space 136320K,   0% used [0x0000000080000000, 0x0000000080000000, 0x0000000088520000)
  from space 17024K,  36% used [0x0000000088520000, 0x0000000088b323d8, 0x00000000895c0000)
  to   space 17024K,   0% used [0x00000000895c0000, 0x00000000895c0000, 0x000000008a660000)
 concurrent mark-sweep generation total 1926784K, used 272044K [0x000000008a660000, 0x0000000100000000, 0x0000000100000000)
 Metaspace       used 84158K, capacity 89551K, committed 89812K, reserved 1128448K
  class space    used 10272K, capacity 10642K, committed 10740K, reserved 1048576K
}
2017-08-01T04:37:59.059+0000: 20791.086: Total time for which application threads were stopped: 0.0241551 seconds, Stopping threads took: 0.0000391 seconds
{Heap before GC invocations=250 (full 3):
 par new generation   total 153344K, used 142536K [0x0000000080000000, 0x000000008a660000, 0x000000008a660000)
  eden space 136320K, 100% used [0x0000000080000000, 0x0000000088520000, 0x0000000088520000)
  from space 17024K,  36% used [0x0000000088520000, 0x0000000088b323d8, 0x00000000895c0000)
  to   space 17024K,   0% used [0x00000000895c0000, 0x00000000895c0000, 0x000000008a660000)
 concurrent mark-sweep generation total 1926784K, used 272044K [0x000000008a660000, 0x0000000100000000, 0x0000000100000000)
 Metaspace       used 84158K, capacity 89551K, committed 89812K, reserved 1128448K
  class space    used 10272K, capacity 10642K, committed 10740K, reserved 1048576K
2017-08-01T04:39:33.033+0000: 20885.060: [GC (Allocation Failure) Before GC:
Statistics for BinaryTreeDictionary:
------------------------------------
Total Free Space: 211643524
Max   Chunk Size: 211643524
Number of Blocks: 1
Av.  Block  Size: 211643524
Tree      Height: 1
2017-08-01T04:39:33.033+0000: 20885.060: [ParNew
Desired survivor size 8716288 bytes, new threshold 6 (max 6)
- age   1:    1225912 bytes,    1225912 total
- age   2:     650568 bytes,    1876480 total
- age   3:     676648 bytes,    2553128 total
- age   4:     593056 bytes,    3146184 total
- age   5:     618216 bytes,    3764400 total
- age   6:     553024 bytes,    4317424 total
: 142536K->6231K(153344K), 0.0233481 secs] 414581K->278791K(2080128K)After GC:
Statistics for BinaryTreeDictionary:
------------------------------------
Total Free Space: 211577269
Max   Chunk Size: 211577269
Number of Blocks: 1
Av.  Block  Size: 211577269
Tree      Height: 1
, 0.0234439 secs] [Times: user=0.06 sys=0.00, real=0.02 secs] 
Heap after GC invocations=251 (full 3):
 par new generation   total 153344K, used 6231K [0x0000000080000000, 0x000000008a660000, 0x000000008a660000)
  eden space 136320K,   0% used [0x0000000080000000, 0x0000000080000000, 0x0000000088520000)
  from space 17024K,  36% used [0x00000000895c0000, 0x0000000089bd5fc8, 0x000000008a660000)
  to   space 17024K,   0% used [0x0000000088520000, 0x0000000088520000, 0x00000000895c0000)
 concurrent mark-sweep generation total 1926784K, used 272559K [0x000000008a660000, 0x0000000100000000, 0x0000000100000000)
 Metaspace       used 84158K, capacity 89551K, committed 89812K, reserved 1128448K
  class space    used 10272K, capacity 10642K, committed 10740K, reserved 1048576K
}
2017-08-01T04:39:33.056+0000: 20885.084: Total time for which application threads were stopped: 0.0237061 seconds, Stopping threads took: 0.0000582 seconds
{Heap before GC invocations=251 (full 3):
 par new generation   total 153344K, used 142551K [0x0000000080000000, 0x000000008a660000, 0x000000008a660000)
  eden space 136320K, 100% used [0x0000000080000000, 0x0000000088520000, 0x0000000088520000)
  from space 17024K,  36% used [0x00000000895c0000, 0x0000000089bd5fc8, 0x000000008a660000)
  to   space 17024K,   0% used [0x0000000088520000, 0x0000000088520000, 0x00000000895c0000)
 concurrent mark-sweep generation total 1926784K, used 272559K [0x000000008a660000, 0x0000000100000000, 0x0000000100000000)
 Metaspace       used 84158K, capacity 89551K, committed 89812K, reserved 1128448K
  class space    used 10272K, capacity 10642K, committed 10740K, reserved 1048576K
2017-08-01T04:41:17.192+0000: 20989.220: [GC (Allocation Failure) Before GC:
Statistics for BinaryTreeDictionary:
------------------------------------
Total Free Space: 211577269
Max   Chunk Size: 211577269
Number of Blocks: 1
Av.  Block  Size: 211577269
Tree      Height: 1
2017-08-01T04:41:17.192+0000: 20989.220: [ParNew
Desired survivor size 8716288 bytes, new threshold 6 (max 6)
- age   1:    1270680 bytes,    1270680 total
- age   2:     668384 bytes,    1939064 total
- age   3:     591264 bytes,    2530328 total
- age   4:     650808 bytes,    3181136 total
- age   5:     577472 bytes,    3758608 total
- age   6:     607160 bytes,    4365768 total
: 142551K->6297K(153344K), 0.0246077 secs] 415111K->279398K(2080128K)After GC:
Statistics for BinaryTreeDictionary:
------------------------------------
Total Free Space: 211510106
Max   Chunk Size: 211510106
Number of Blocks: 1
Av.  Block  Size: 211510106
Tree      Height: 1
, 0.0246871 secs] [Times: user=0.07 sys=0.00, real=0.02 secs] 
Heap after GC invocations=252 (full 3):
 par new generation   total 153344K, used 6297K [0x0000000080000000, 0x000000008a660000, 0x000000008a660000)
  eden space 136320K,   0% used [0x0000000080000000, 0x0000000080000000, 0x0000000088520000)
  from space 17024K,  36% used [0x0000000088520000, 0x0000000088b46668, 0x00000000895c0000)
  to   space 17024K,   0% used [0x00000000895c0000, 0x00000000895c0000, 0x000000008a660000)
 concurrent mark-sweep generation total 1926784K, used 273100K [0x000000008a660000, 0x0000000100000000, 0x0000000100000000)
 Metaspace       used 84158K, capacity 89551K, committed 89812K, reserved 1128448K
  class space    used 10272K, capacity 10642K, committed 10740K, reserved 1048576K
}
2017-08-01T04:41:17.217+0000: 20989.245: Total time for which application threads were stopped: 0.0249453 seconds, Stopping threads took: 0.0000723 seconds
{Heap before GC invocations=252 (full 3):
 par new generation   total 153344K, used 142617K [0x0000000080000000, 0x000000008a660000, 0x000000008a660000)
  eden space 136320K, 100% used [0x0000000080000000, 0x0000000088520000, 0x0000000088520000)
  from space 17024K,  36% used [0x0000000088520000, 0x0000000088b46668, 0x00000000895c0000)
  to   space 17024K,   0% used [0x00000000895c0000, 0x00000000895c0000, 0x000000008a660000)
 concurrent mark-sweep generation total 1926784K, used 273100K [0x000000008a660000, 0x0000000100000000, 0x0000000100000000)
 Metaspace       used 84158K, capacity 89551K, committed 89812K, reserved 1128448K
  class space    used 10272K, capacity 10642K, committed 10740K, reserved 1048576K
2017-08-01T04:42:48.791+0000: 21080.819: [GC (Allocation Failure) Before GC:
Statistics for BinaryTreeDictionary:
------------------------------------
Total Free Space: 211510106
Max   Chunk Size: 211510106
Number of Blocks: 1
Av.  Block  Size: 211510106
Tree      Height: 1
2017-08-01T04:42:48.791+0000: 21080.819: [ParNew
Desired survivor size 8716288 bytes, new threshold 6 (max 6)
- age   1:    1254928 bytes,    1254928 total
- age   2:     707672 bytes,    1962600 total
- age   3:     611768 bytes,    2574368 total
- age   4:     569752 bytes,    3144120 total
- age   5:     632360 bytes,    3776480 total
- age   6:     568408 bytes,    4344888 total
: 142617K->6363K(153344K), 0.0242236 secs] 415718K->280059K(2080128K)After GC:
Statistics for BinaryTreeDictionary:
------------------------------------
Total Free Space: 211434075
Max   Chunk Size: 211434075
Number of Blocks: 1
Av.  Block  Size: 211434075
Tree      Height: 1
, 0.0243114 secs] [Times: user=0.06 sys=0.00, real=0.02 secs] 
Heap after GC invocations=253 (full 3):
 par new generation   total 153344K, used 6363K [0x0000000080000000, 0x000000008a660000, 0x000000008a660000)
  eden space 136320K,   0% used [0x0000000080000000, 0x0000000080000000, 0x0000000088520000)
  from space 17024K,  37% used [0x00000000895c0000, 0x0000000089bf6c40, 0x000000008a660000)
  to   space 17024K,   0% used [0x0000000088520000, 0x0000000088520000, 0x00000000895c0000)
 concurrent mark-sweep generation total 1926784K, used 273696K [0x000000008a660000, 0x0000000100000000, 0x0000000100000000)
 Metaspace       used 84158K, capacity 89551K, committed 89812K, reserved 1128448K
  class space    used 10272K, capacity 10642K, committed 10740K, reserved 1048576K
}
2017-08-01T04:42:48.815+0000: 21080.843: Total time for which application threads were stopped: 0.0251646 seconds, Stopping threads took: 0.0006436 seconds
2017-08-01T04:44:08.825+0000: 21160.853: Total time for which application threads were stopped: 0.0001475 seconds, Stopping threads took: 0.0000449 seconds
{Heap before GC invocations=253 (full 3):
 par new generation   total 153344K, used 142683K [0x0000000080000000, 0x000000008a660000, 0x000000008a660000)
  eden space 136320K, 100% used [0x0000000080000000, 0x0000000088520000, 0x0000000088520000)
  from space 17024K,  37% used [0x00000000895c0000, 0x0000000089bf6c40, 0x000000008a660000)
  to   space 17024K,   0% used [0x0000000088520000, 0x0000000088520000, 0x00000000895c0000)
 concurrent mark-sweep generation total 1926784K, used 273696K [0x000000008a660000, 0x0000000100000000, 0x0000000100000000)
 Metaspace       used 84158K, capacity 89551K, committed 89812K, reserved 1128448K
  class space    used 10272K, capacity 10642K, committed 10740K, reserved 1048576K
2017-08-01T04:44:30.925+0000: 21182.953: [GC (Allocation Failure) Before GC:
Statistics for BinaryTreeDictionary:
------------------------------------
Total Free Space: 211434075
Max   Chunk Size: 211434075
Number of Blocks: 1
Av.  Block  Size: 211434075
Tree      Height: 1
2017-08-01T04:44:30.925+0000: 21182.953: [ParNew
Desired survivor size 8716288 bytes, new threshold 6 (max 6)
- age   1:    1232592 bytes,    1232592 total
- age   2:     698904 bytes,    1931496 total
- age   3:     643752 bytes,    2575248 total
- age   4:     592640 bytes,    3167888 total
- age   5:     554416 bytes,    3722304 total
- age   6:     620352 bytes,    4342656 total
: 142683K->6360K(153344K), 0.0284484 secs] 416379K->280613K(2080128K)After GC:
Statistics for BinaryTreeDictionary:
------------------------------------
Total Free Space: 211360833
Max   Chunk Size: 211360833
Number of Blocks: 1
Av.  Block  Size: 211360833
Tree      Height: 1
, 0.0285432 secs] [Times: user=0.06 sys=0.00, real=0.03 secs] 
Heap after GC invocations=254 (full 3):
 par new generation   total 153344K, used 6360K [0x0000000080000000, 0x000000008a660000, 0x000000008a660000)
  eden space 136320K,   0% used [0x0000000080000000, 0x0000000080000000, 0x0000000088520000)
  from space 17024K,  37% used [0x0000000088520000, 0x0000000088b562b8, 0x00000000895c0000)
  to   space 17024K,   0% used [0x00000000895c0000, 0x00000000895c0000, 0x000000008a660000)
 concurrent mark-sweep generation total 1926784K, used 274252K [0x000000008a660000, 0x0000000100000000, 0x0000000100000000)
 Metaspace       used 84158K, capacity 89551K, committed 89812K, reserved 1128448K
  class space    used 10272K, capacity 10642K, committed 10740K, reserved 1048576K
}
2017-08-01T04:44:30.954+0000: 21182.982: Total time for which application threads were stopped: 0.0288256 seconds, Stopping threads took: 0.0000429 seconds
{Heap before GC invocations=254 (full 3):
 par new generation   total 153344K, used 142680K [0x0000000080000000, 0x000000008a660000, 0x000000008a660000)
  eden space 136320K, 100% used [0x0000000080000000, 0x0000000088520000, 0x0000000088520000)
  from space 17024K,  37% used [0x0000000088520000, 0x0000000088b562b8, 0x00000000895c0000)
  to   space 17024K,   0% used [0x00000000895c0000, 0x00000000895c0000, 0x000000008a660000)
 concurrent mark-sweep generation total 1926784K, used 274252K [0x000000008a660000, 0x0000000100000000, 0x0000000100000000)
 Metaspace       used 84158K, capacity 89551K, committed 89812K, reserved 1128448K
  class space    used 10272K, capacity 10642K, committed 10740K, reserved 1048576K
2017-08-01T04:46:04.345+0000: 21276.372: [GC (Allocation Failure) Before GC:
Statistics for BinaryTreeDictionary:
------------------------------------
Total Free Space: 211360833
Max   Chunk Size: 211360833
Number of Blocks: 1
Av.  Block  Size: 211360833
Tree      Height: 1
2017-08-01T04:46:04.345+0000: 21276.372: [ParNew
Desired survivor size 8716288 bytes, new threshold 6 (max 6)
- age   1:    1270400 bytes,    1270400 total
- age   2:     694936 bytes,    1965336 total
- age   3:     637776 bytes,    2603112 total
- age   4:     621744 bytes,    3224856 total
- age   5:     573552 bytes,    3798408 total
- age   6:     544352 bytes,    4342760 total
: 142680K->6354K(153344K), 0.0241983 secs] 416933K->281215K(2080128K)After GC:
Statistics for BinaryTreeDictionary:
------------------------------------
Total Free Space: 211286772
Max   Chunk Size: 211286772
Number of Blocks: 1
Av.  Block  Size: 211286772
Tree      Height: 1
, 0.0242864 secs] [Times: user=0.05 sys=0.00, real=0.02 secs] 
Heap after GC invocations=255 (full 3):
 par new generation   total 153344K, used 6354K [0x0000000080000000, 0x000000008a660000, 0x000000008a660000)
  eden space 136320K,   0% used [0x0000000080000000, 0x0000000080000000, 0x0000000088520000)
  from space 17024K,  37% used [0x00000000895c0000, 0x0000000089bf48f0, 0x000000008a660000)
  to   space 17024K,   0% used [0x0000000088520000, 0x0000000088520000, 0x00000000895c0000)
 concurrent mark-sweep generation total 1926784K, used 274861K [0x000000008a660000, 0x0000000100000000, 0x0000000100000000)
 Metaspace       used 84158K, capacity 89551K, committed 89812K, reserved 1128448K
  class space    used 10272K, capacity 10642K, committed 10740K, reserved 1048576K
}
2017-08-01T04:46:04.369+0000: 21276.397: Total time for which application threads were stopped: 0.0245210 seconds, Stopping threads took: 0.0000518 seconds
2017-08-01T04:46:27.372+0000: 21299.399: Total time for which application threads were stopped: 0.0001728 seconds, Stopping threads took: 0.0000659 seconds
{Heap before GC invocations=255 (full 3):
 par new generation   total 153344K, used 142674K [0x0000000080000000, 0x000000008a660000, 0x000000008a660000)
  eden space 136320K, 100% used [0x0000000080000000, 0x0000000088520000, 0x0000000088520000)
  from space 17024K,  37% used [0x00000000895c0000, 0x0000000089bf48f0, 0x000000008a660000)
  to   space 17024K,   0% used [0x0000000088520000, 0x0000000088520000, 0x00000000895c0000)
 concurrent mark-sweep generation total 1926784K, used 274861K [0x000000008a660000, 0x0000000100000000, 0x0000000100000000)
 Metaspace       used 84158K, capacity 89551K, committed 89812K, reserved 1128448K
  class space    used 10272K, capacity 10642K, committed 10740K, reserved 1048576K
2017-08-01T04:47:39.907+0000: 21371.935: [GC (Allocation Failure) Before GC:
Statistics for BinaryTreeDictionary:
------------------------------------
Total Free Space: 211286772
Max   Chunk Size: 211286772
Number of Blocks: 1
Av.  Block  Size: 211286772
Tree      Height: 1
2017-08-01T04:47:39.907+0000: 21371.935: [ParNew
Desired survivor size 8716288 bytes, new threshold 6 (max 6)
- age   1:    1256256 bytes,    1256256 total
- age   2:     674864 bytes,    1931120 total
- age   3:     636712 bytes,    2567832 total
- age   4:     621424 bytes,    3189256 total
- age   5:     607960 bytes,    3797216 total
- age   6:     563824 bytes,    4361040 total
: 142674K->6354K(153344K), 0.0229154 secs] 417535K->281749K(2080128K)After GC:
Statistics for BinaryTreeDictionary:
------------------------------------
Total Free Space: 211214147
Max   Chunk Size: 211214147
Number of Blocks: 1
Av.  Block  Size: 211214147
Tree      Height: 1
, 0.0230028 secs] [Times: user=0.06 sys=0.00, real=0.02 secs] 
Heap after GC invocations=256 (full 3):
 par new generation   total 153344K, used 6354K [0x0000000080000000, 0x000000008a660000, 0x000000008a660000)
  eden space 136320K,   0% used [0x0000000080000000, 0x0000000080000000, 0x0000000088520000)
  from space 17024K,  37% used [0x0000000088520000, 0x0000000088b54b00, 0x00000000895c0000)
  to   space 17024K,   0% used [0x00000000895c0000, 0x00000000895c0000, 0x000000008a660000)
 concurrent mark-sweep generation total 1926784K, used 275394K [0x000000008a660000, 0x0000000100000000, 0x0000000100000000)
 Metaspace       used 84158K, capacity 89551K, committed 89812K, reserved 1128448K
  class space    used 10272K, capacity 10642K, committed 10740K, reserved 1048576K
}
2017-08-01T04:47:39.930+0000: 21371.958: Total time for which application threads were stopped: 0.0232712 seconds, Stopping threads took: 0.0000819 seconds
{Heap before GC invocations=256 (full 3):
 par new generation   total 153344K, used 142674K [0x0000000080000000, 0x000000008a660000, 0x000000008a660000)
  eden space 136320K, 100% used [0x0000000080000000, 0x0000000088520000, 0x0000000088520000)
  from space 17024K,  37% used [0x0000000088520000, 0x0000000088b54b00, 0x00000000895c0000)
  to   space 17024K,   0% used [0x00000000895c0000, 0x00000000895c0000, 0x000000008a660000)
 concurrent mark-sweep generation total 1926784K, used 275394K [0x000000008a660000, 0x0000000100000000, 0x0000000100000000)
 Metaspace       used 84158K, capacity 89551K, committed 89812K, reserved 1128448K
  class space    used 10272K, capacity 10642K, committed 10740K, reserved 1048576K
2017-08-01T04:49:20.923+0000: 21472.951: [GC (Allocation Failure) Before GC:
Statistics for BinaryTreeDictionary:
------------------------------------
Total Free Space: 211214147
Max   Chunk Size: 211214147
Number of Blocks: 1
Av.  Block  Size: 211214147
Tree      Height: 1
2017-08-01T04:49:20.923+0000: 21472.951: [ParNew
Desired survivor size 8716288 bytes, new threshold 6 (max 6)
- age   1:    1317848 bytes,    1317848 total
- age   2:     651120 bytes,    1968968 total
- age   3:     610128 bytes,    2579096 total
- age   4:     616896 bytes,    3195992 total
- age   5:     603232 bytes,    3799224 total
- age   6:     596288 bytes,    4395512 total
: 142674K->6375K(153344K), 0.0240870 secs] 418069K->282323K(2080128K)After GC:
Statistics for BinaryTreeDictionary:
------------------------------------
Total Free Space: 211142982
Max   Chunk Size: 211142982
Number of Blocks: 1
Av.  Block  Size: 211142982
Tree      Height: 1
, 0.0241759 secs] [Times: user=0.06 sys=0.00, real=0.02 secs] 
Heap after GC invocations=257 (full 3):
 par new generation   total 153344K, used 6375K [0x0000000080000000, 0x000000008a660000, 0x000000008a660000)
  eden space 136320K,   0% used [0x0000000080000000, 0x0000000080000000, 0x0000000088520000)
  from space 17024K,  37% used [0x00000000895c0000, 0x0000000089bf9d90, 0x000000008a660000)
  to   space 17024K,   0% used [0x0000000088520000, 0x0000000088520000, 0x00000000895c0000)
 concurrent mark-sweep generation total 1926784K, used 275948K [0x000000008a660000, 0x0000000100000000, 0x0000000100000000)
 Metaspace       used 84158K, capacity 89551K, committed 89812K, reserved 1128448K
  class space    used 10272K, capacity 10642K, committed 10740K, reserved 1048576K
}
2017-08-01T04:49:20.947+0000: 21472.975: Total time for which application threads were stopped: 0.0244329 seconds, Stopping threads took: 0.0000604 seconds
{Heap before GC invocations=257 (full 3):
 par new generation   total 153344K, used 142695K [0x0000000080000000, 0x000000008a660000, 0x000000008a660000)
  eden space 136320K, 100% used [0x0000000080000000, 0x0000000088520000, 0x0000000088520000)
  from space 17024K,  37% used [0x00000000895c0000, 0x0000000089bf9d90, 0x000000008a660000)
  to   space 17024K,   0% used [0x0000000088520000, 0x0000000088520000, 0x00000000895c0000)
 concurrent mark-sweep generation total 1926784K, used 275948K [0x000000008a660000, 0x0000000100000000, 0x0000000100000000)
 Metaspace       used 84158K, capacity 89551K, committed 89812K, reserved 1128448K
  class space    used 10272K, capacity 10642K, committed 10740K, reserved 1048576K
2017-08-01T04:50:54.557+0000: 21566.584: [GC (Allocation Failure) Before GC:
Statistics for BinaryTreeDictionary:
------------------------------------
Total Free Space: 211142982
Max   Chunk Size: 211142982
Number of Blocks: 1
Av.  Block  Size: 211142982
Tree      Height: 1
2017-08-01T04:50:54.557+0000: 21566.584: [ParNew
Desired survivor size 8716288 bytes, new threshold 6 (max 6)
- age   1:    1240680 bytes,    1240680 total
- age   2:     733200 bytes,    1973880 total
- age   3:     601232 bytes,    2575112 total
- age   4:     589984 bytes,    3165096 total
- age   5:     601992 bytes,    3767088 total
- age   6:     593576 bytes,    4360664 total
: 142695K->6416K(153344K), 0.0226983 secs] 418643K->282946K(2080128K)After GC:
Statistics for BinaryTreeDictionary:
------------------------------------
Total Free Space: 211068111
Max   Chunk Size: 211068111
Number of Blocks: 1
Av.  Block  Size: 211068111
Tree      Height: 1
, 0.0228052 secs] [Times: user=0.06 sys=0.00, real=0.02 secs] 
Heap after GC invocations=258 (full 3):
 par new generation   total 153344K, used 6416K [0x0000000080000000, 0x000000008a660000, 0x000000008a660000)
  eden space 136320K,   0% used [0x0000000080000000, 0x0000000080000000, 0x0000000088520000)
  from space 17024K,  37% used [0x0000000088520000, 0x0000000088b640f0, 0x00000000895c0000)
  to   space 17024K,   0% used [0x00000000895c0000, 0x00000000895c0000, 0x000000008a660000)
 concurrent mark-sweep generation total 1926784K, used 276530K [0x000000008a660000, 0x0000000100000000, 0x0000000100000000)
 Metaspace       used 84158K, capacity 89551K, committed 89812K, reserved 1128448K
  class space    used 10272K, capacity 10642K, committed 10740K, reserved 1048576K
}
2017-08-01T04:50:54.580+0000: 21566.607: Total time for which application threads were stopped: 0.0230630 seconds, Stopping threads took: 0.0000563 seconds
2017-08-01T04:52:02.587+0000: 21634.615: Total time for which application threads were stopped: 0.0007620 seconds, Stopping threads took: 0.0006610 seconds
2017-08-01T04:52:04.588+0000: 21636.615: Total time for which application threads were stopped: 0.0001519 seconds, Stopping threads took: 0.0000384 seconds
2017-08-01T04:52:06.588+0000: 21638.616: Total time for which application threads were stopped: 0.0001348 seconds, Stopping threads took: 0.0000374 seconds
{Heap before GC invocations=258 (full 3):
 par new generation   total 153344K, used 142736K [0x0000000080000000, 0x000000008a660000, 0x000000008a660000)
  eden space 136320K, 100% used [0x0000000080000000, 0x0000000088520000, 0x0000000088520000)
  from space 17024K,  37% used [0x0000000088520000, 0x0000000088b640f0, 0x00000000895c0000)
  to   space 17024K,   0% used [0x00000000895c0000, 0x00000000895c0000, 0x000000008a660000)
 concurrent mark-sweep generation total 1926784K, used 276530K [0x000000008a660000, 0x0000000100000000, 0x0000000100000000)
 Metaspace       used 84158K, capacity 89551K, committed 89812K, reserved 1128448K
  class space    used 10272K, capacity 10642K, committed 10740K, reserved 1048576K
2017-08-01T04:52:30.932+0000: 21662.959: [GC (Allocation Failure) Before GC:
Statistics for BinaryTreeDictionary:
------------------------------------
Total Free Space: 211068111
Max   Chunk Size: 211068111
Number of Blocks: 1
Av.  Block  Size: 211068111
Tree      Height: 1
2017-08-01T04:52:30.932+0000: 21662.960: [ParNew
Desired survivor size 8716288 bytes, new threshold 6 (max 6)
- age   1:    1374640 bytes,    1374640 total
- age   2:     658792 bytes,    2033432 total
- age   3:     660816 bytes,    2694248 total
- age   4:     574488 bytes,    3268736 total
- age   5:     570688 bytes,    3839424 total
- age   6:     590264 bytes,    4429688 total
: 142736K->8515K(153344K), 0.0376002 secs] 419266K->285625K(2080128K)After GC:
Statistics for BinaryTreeDictionary:
------------------------------------
Total Free Space: 210994555
Max   Chunk Size: 210994555
Number of Blocks: 1
Av.  Block  Size: 210994555
Tree      Height: 1
, 0.0377045 secs] [Times: user=0.06 sys=0.00, real=0.03 secs] 
Heap after GC invocations=259 (full 3):
 par new generation   total 153344K, used 8515K [0x0000000080000000, 0x000000008a660000, 0x000000008a660000)
  eden space 136320K,   0% used [0x0000000080000000, 0x0000000080000000, 0x0000000088520000)
  from space 17024K,  50% used [0x00000000895c0000, 0x0000000089e10c80, 0x000000008a660000)
  to   space 17024K,   0% used [0x0000000088520000, 0x0000000088520000, 0x00000000895c0000)
 concurrent mark-sweep generation total 1926784K, used 277110K [0x000000008a660000, 0x0000000100000000, 0x0000000100000000)
 Metaspace       used 84158K, capacity 89551K, committed 89812K, reserved 1128448K
  class space    used 10272K, capacity 10642K, committed 10740K, reserved 1048576K
}
2017-08-01T04:52:30.970+0000: 21662.997: Total time for which application threads were stopped: 0.0379706 seconds, Stopping threads took: 0.0000335 seconds
2017-08-01T04:53:49.985+0000: 21742.013: Total time for which application threads were stopped: 0.0001386 seconds, Stopping threads took: 0.0000395 seconds
{Heap before GC invocations=259 (full 3):
 par new generation   total 153344K, used 144835K [0x0000000080000000, 0x000000008a660000, 0x000000008a660000)
  eden space 136320K, 100% used [0x0000000080000000, 0x0000000088520000, 0x0000000088520000)
  from space 17024K,  50% used [0x00000000895c0000, 0x0000000089e10c80, 0x000000008a660000)
  to   space 17024K,   0% used [0x0000000088520000, 0x0000000088520000, 0x00000000895c0000)
 concurrent mark-sweep generation total 1926784K, used 277110K [0x000000008a660000, 0x0000000100000000, 0x0000000100000000)
 Metaspace       used 84158K, capacity 89551K, committed 89812K, reserved 1128448K
  class space    used 10272K, capacity 10642K, committed 10740K, reserved 1048576K
2017-08-01T04:54:10.082+0000: 21762.110: [GC (Allocation Failure) Before GC:
Statistics for BinaryTreeDictionary:
------------------------------------
Total Free Space: 210994555
Max   Chunk Size: 210994555
Number of Blocks: 1
Av.  Block  Size: 210994555
Tree      Height: 1
2017-08-01T04:54:10.082+0000: 21762.110: [ParNew
Desired survivor size 8716288 bytes, new threshold 6 (max 6)
- age   1:    1161808 bytes,    1161808 total
- age   2:     767312 bytes,    1929120 total
- age   3:     600584 bytes,    2529704 total
- age   4:     641328 bytes,    3171032 total
- age   5:     564360 bytes,    3735392 total
- age   6:     561400 bytes,    4296792 total
: 144835K->5373K(153344K), 0.0250453 secs] 421945K->283062K(2080128K)After GC:
Statistics for BinaryTreeDictionary:
------------------------------------
Total Free Space: 210924570
Max   Chunk Size: 210924570
Number of Blocks: 1
Av.  Block  Size: 210924570
Tree      Height: 1
, 0.0251459 secs] [Times: user=0.06 sys=0.00, real=0.02 secs] 
Heap after GC invocations=260 (full 3):
 par new generation   total 153344K, used 5373K [0x0000000080000000, 0x000000008a660000, 0x000000008a660000)
  eden space 136320K,   0% used [0x0000000080000000, 0x0000000080000000, 0x0000000088520000)
  from space 17024K,  31% used [0x0000000088520000, 0x0000000088a5f688, 0x00000000895c0000)
  to   space 17024K,   0% used [0x00000000895c0000, 0x00000000895c0000, 0x000000008a660000)
 concurrent mark-sweep generation total 1926784K, used 277689K [0x000000008a660000, 0x0000000100000000, 0x0000000100000000)
 Metaspace       used 84158K, capacity 89551K, committed 89812K, reserved 1128448K
  class space    used 10272K, capacity 10642K, committed 10740K, reserved 1048576K
}
2017-08-01T04:54:10.107+0000: 21762.135: Total time for which application threads were stopped: 0.0254228 seconds, Stopping threads took: 0.0000634 seconds
{Heap before GC invocations=260 (full 3):
 par new generation   total 153344K, used 141693K [0x0000000080000000, 0x000000008a660000, 0x000000008a660000)
  eden space 136320K, 100% used [0x0000000080000000, 0x0000000088520000, 0x0000000088520000)
  from space 17024K,  31% used [0x0000000088520000, 0x0000000088a5f688, 0x00000000895c0000)
  to   space 17024K,   0% used [0x00000000895c0000, 0x00000000895c0000, 0x000000008a660000)
 concurrent mark-sweep generation total 1926784K, used 277689K [0x000000008a660000, 0x0000000100000000, 0x0000000100000000)
 Metaspace       used 84158K, capacity 89551K, committed 89812K, reserved 1128448K
  class space    used 10272K, capacity 10642K, committed 10740K, reserved 1048576K
2017-08-01T04:55:44.449+0000: 21856.477: [GC (Allocation Failure) Before GC:
Statistics for BinaryTreeDictionary:
------------------------------------
Total Free Space: 210924570
Max   Chunk Size: 210924570
Number of Blocks: 1
Av.  Block  Size: 210924570
Tree      Height: 1
2017-08-01T04:55:44.449+0000: 21856.477: [ParNew
Desired survivor size 8716288 bytes, new threshold 6 (max 6)
- age   1:    1149032 bytes,    1149032 total
- age   2:     551720 bytes,    1700752 total
- age   3:     680448 bytes,    2381200 total
- age   4:     583984 bytes,    2965184 total
- age   5:     629504 bytes,    3594688 total
- age   6:     555240 bytes,    4149928 total
: 141693K->5722K(153344K), 0.0232831 secs] 419382K->283964K(2080128K)After GC:
Statistics for BinaryTreeDictionary:
------------------------------------
Total Free Space: 210851859
Max   Chunk Size: 210851859
Number of Blocks: 1
Av.  Block  Size: 210851859
Tree      Height: 1
, 0.0233770 secs] [Times: user=0.05 sys=0.00, real=0.03 secs] 
Heap after GC invocations=261 (full 3):
 par new generation   total 153344K, used 5722K [0x0000000080000000, 0x000000008a660000, 0x000000008a660000)
  eden space 136320K,   0% used [0x0000000080000000, 0x0000000080000000, 0x0000000088520000)
  from space 17024K,  33% used [0x00000000895c0000, 0x0000000089b56ba0, 0x000000008a660000)
  to   space 17024K,   0% used [0x0000000088520000, 0x0000000088520000, 0x00000000895c0000)
 concurrent mark-sweep generation total 1926784K, used 278242K [0x000000008a660000, 0x0000000100000000, 0x0000000100000000)
 Metaspace       used 84158K, capacity 89551K, committed 89812K, reserved 1128448K
  class space    used 10272K, capacity 10642K, committed 10740K, reserved 1048576K
}
2017-08-01T04:55:44.473+0000: 21856.500: Total time for which application threads were stopped: 0.0236402 seconds, Stopping threads took: 0.0000676 seconds
{Heap before GC invocations=261 (full 3):
 par new generation   total 153344K, used 142042K [0x0000000080000000, 0x000000008a660000, 0x000000008a660000)
  eden space 136320K, 100% used [0x0000000080000000, 0x0000000088520000, 0x0000000088520000)
  from space 17024K,  33% used [0x00000000895c0000, 0x0000000089b56ba0, 0x000000008a660000)
  to   space 17024K,   0% used [0x0000000088520000, 0x0000000088520000, 0x00000000895c0000)
 concurrent mark-sweep generation total 1926784K, used 278242K [0x000000008a660000, 0x0000000100000000, 0x0000000100000000)
 Metaspace       used 84158K, capacity 89551K, committed 89812K, reserved 1128448K
  class space    used 10272K, capacity 10642K, committed 10740K, reserved 1048576K
2017-08-01T04:57:29.791+0000: 21961.819: [GC (Allocation Failure) Before GC:
Statistics for BinaryTreeDictionary:
------------------------------------
Total Free Space: 210851859
Max   Chunk Size: 210851859
Number of Blocks: 1
Av.  Block  Size: 210851859
Tree      Height: 1
2017-08-01T04:57:29.791+0000: 21961.819: [ParNew
Desired survivor size 8716288 bytes, new threshold 6 (max 6)
- age   1:    1172032 bytes,    1172032 total
- age   2:     551896 bytes,    1723928 total
- age   3:     491608 bytes,    2215536 total
- age   4:     635040 bytes,    2850576 total
- age   5:     573280 bytes,    3423856 total
- age   6:     618296 bytes,    4042152 total
: 142042K->5986K(153344K), 0.0264586 secs] 420284K->284771K(2080128K)After GC:
Statistics for BinaryTreeDictionary:
------------------------------------
Total Free Space: 210779757
Max   Chunk Size: 210779757
Number of Blocks: 1
Av.  Block  Size: 210779757
Tree      Height: 1
, 0.0265490 secs] [Times: user=0.06 sys=0.00, real=0.02 secs] 
Heap after GC invocations=262 (full 3):
 par new generation   total 153344K, used 5986K [0x0000000080000000, 0x000000008a660000, 0x000000008a660000)
  eden space 136320K,   0% used [0x0000000080000000, 0x0000000080000000, 0x0000000088520000)
  from space 17024K,  35% used [0x0000000088520000, 0x0000000088af8990, 0x00000000895c0000)
  to   space 17024K,   0% used [0x00000000895c0000, 0x00000000895c0000, 0x000000008a660000)
 concurrent mark-sweep generation total 1926784K, used 278784K [0x000000008a660000, 0x0000000100000000, 0x0000000100000000)
 Metaspace       used 84158K, capacity 89551K, committed 89812K, reserved 1128448K
  class space    used 10272K, capacity 10642K, committed 10740K, reserved 1048576K
}
2017-08-01T04:57:29.818+0000: 21961.845: Total time for which application threads were stopped: 0.0267889 seconds, Stopping threads took: 0.0000404 seconds
2017-08-01T04:58:13.287+0000: 22005.314: Total time for which application threads were stopped: 0.0001521 seconds, Stopping threads took: 0.0000545 seconds
{Heap before GC invocations=262 (full 3):
 par new generation   total 153344K, used 142306K [0x0000000080000000, 0x000000008a660000, 0x000000008a660000)
  eden space 136320K, 100% used [0x0000000080000000, 0x0000000088520000, 0x0000000088520000)
  from space 17024K,  35% used [0x0000000088520000, 0x0000000088af8990, 0x00000000895c0000)
  to   space 17024K,   0% used [0x00000000895c0000, 0x00000000895c0000, 0x000000008a660000)
 concurrent mark-sweep generation total 1926784K, used 278784K [0x000000008a660000, 0x0000000100000000, 0x0000000100000000)
 Metaspace       used 84158K, capacity 89551K, committed 89812K, reserved 1128448K
  class space    used 10272K, capacity 10642K, committed 10740K, reserved 1048576K
2017-08-01T04:59:04.806+0000: 22056.833: [GC (Allocation Failure) Before GC:
Statistics for BinaryTreeDictionary:
------------------------------------
Total Free Space: 210779757
Max   Chunk Size: 210779757
Number of Blocks: 1
Av.  Block  Size: 210779757
Tree      Height: 1
2017-08-01T04:59:04.806+0000: 22056.834: [ParNew
Desired survivor size 8716288 bytes, new threshold 6 (max 6)
- age   1:    1167392 bytes,    1167392 total
- age   2:     571472 bytes,    1738864 total
- age   3:     494464 bytes,    2233328 total
- age   4:     472064 bytes,    2705392 total
- age   5:     603856 bytes,    3309248 total
- age   6:     563168 bytes,    3872416 total
: 142306K->5930K(153344K), 0.0233549 secs] 421091K->285321K(2080128K)After GC:
Statistics for BinaryTreeDictionary:
------------------------------------
Total Free Space: 210706990
Max   Chunk Size: 210706990
Number of Blocks: 1
Av.  Block  Size: 210706990
Tree      Height: 1
, 0.0234370 secs] [Times: user=0.06 sys=0.00, real=0.02 secs] 
Heap after GC invocations=263 (full 3):
 par new generation   total 153344K, used 5930K [0x0000000080000000, 0x000000008a660000, 0x000000008a660000)
  eden space 136320K,   0% used [0x0000000080000000, 0x0000000080000000, 0x0000000088520000)
  from space 17024K,  34% used [0x00000000895c0000, 0x0000000089b8a820, 0x000000008a660000)
  to   space 17024K,   0% used [0x0000000088520000, 0x0000000088520000, 0x00000000895c0000)
 concurrent mark-sweep generation total 1926784K, used 279391K [0x000000008a660000, 0x0000000100000000, 0x0000000100000000)
 Metaspace       used 84158K, capacity 89551K, committed 89812K, reserved 1128448K
  class space    used 10272K, capacity 10642K, committed 10740K, reserved 1048576K
}
2017-08-01T04:59:04.829+0000: 22056.857: Total time for which application threads were stopped: 0.0236983 seconds, Stopping threads took: 0.0000726 seconds
2017-08-01T04:59:42.838+0000: 22094.866: Total time for which application threads were stopped: 0.0001394 seconds, Stopping threads took: 0.0000419 seconds
{Heap before GC invocations=263 (full 3):
 par new generation   total 153344K, used 142250K [0x0000000080000000, 0x000000008a660000, 0x000000008a660000)
  eden space 136320K, 100% used [0x0000000080000000, 0x0000000088520000, 0x0000000088520000)
  from space 17024K,  34% used [0x00000000895c0000, 0x0000000089b8a820, 0x000000008a660000)
  to   space 17024K,   0% used [0x0000000088520000, 0x0000000088520000, 0x00000000895c0000)
 concurrent mark-sweep generation total 1926784K, used 279391K [0x000000008a660000, 0x0000000100000000, 0x0000000100000000)
 Metaspace       used 84158K, capacity 89551K, committed 89812K, reserved 1128448K
  class space    used 10272K, capacity 10642K, committed 10740K, reserved 1048576K
2017-08-01T05:00:38.632+0000: 22150.659: [GC (Allocation Failure) Before GC:
Statistics for BinaryTreeDictionary:
------------------------------------
Total Free Space: 210706990
Max   Chunk Size: 210706990
Number of Blocks: 1
Av.  Block  Size: 210706990
Tree      Height: 1
2017-08-01T05:00:38.632+0000: 22150.659: [ParNew
Desired survivor size 8716288 bytes, new threshold 6 (max 6)
- age   1:    1112464 bytes,    1112464 total
- age   2:     562016 bytes,    1674480 total
- age   3:     508176 bytes,    2182656 total
- age   4:     471344 bytes,    2654000 total
- age   5:     447384 bytes,    3101384 total
- age   6:     587544 bytes,    3688928 total
: 142250K->5731K(153344K), 0.0226493 secs] 421641K->285675K(2080128K)After GC:
Statistics for BinaryTreeDictionary:
------------------------------------
Total Free Space: 210633078
Max   Chunk Size: 210633078
Number of Blocks: 1
Av.  Block  Size: 210633078
Tree      Height: 1
, 0.0227513 secs] [Times: user=0.06 sys=0.00, real=0.02 secs] 
Heap after GC invocations=264 (full 3):
 par new generation   total 153344K, used 5731K [0x0000000080000000, 0x000000008a660000, 0x000000008a660000)
  eden space 136320K,   0% used [0x0000000080000000, 0x0000000080000000, 0x0000000088520000)
  from space 17024K,  33% used [0x0000000088520000, 0x0000000088ab8dd8, 0x00000000895c0000)
  to   space 17024K,   0% used [0x00000000895c0000, 0x00000000895c0000, 0x000000008a660000)
 concurrent mark-sweep generation total 1926784K, used 279944K [0x000000008a660000, 0x0000000100000000, 0x0000000100000000)
 Metaspace       used 84158K, capacity 89551K, committed 89812K, reserved 1128448K
  class space    used 10272K, capacity 10642K, committed 10740K, reserved 1048576K
}
2017-08-01T05:00:38.655+0000: 22150.682: Total time for which application threads were stopped: 0.0230075 seconds, Stopping threads took: 0.0000518 seconds
{Heap before GC invocations=264 (full 3):
 par new generation   total 153344K, used 142051K [0x0000000080000000, 0x000000008a660000, 0x000000008a660000)
  eden space 136320K, 100% used [0x0000000080000000, 0x0000000088520000, 0x0000000088520000)
  from space 17024K,  33% used [0x0000000088520000, 0x0000000088ab8dd8, 0x00000000895c0000)
  to   space 17024K,   0% used [0x00000000895c0000, 0x00000000895c0000, 0x000000008a660000)
 concurrent mark-sweep generation total 1926784K, used 279944K [0x000000008a660000, 0x0000000100000000, 0x0000000100000000)
 Metaspace       used 84158K, capacity 89551K, committed 89812K, reserved 1128448K
  class space    used 10272K, capacity 10642K, committed 10740K, reserved 1048576K
2017-08-01T05:02:20.626+0000: 22252.654: [GC (Allocation Failure) Before GC:
Statistics for BinaryTreeDictionary:
------------------------------------
Total Free Space: 210633078
Max   Chunk Size: 210633078
Number of Blocks: 1
Av.  Block  Size: 210633078
Tree      Height: 1
2017-08-01T05:02:20.626+0000: 22252.654: [ParNew
Desired survivor size 8716288 bytes, new threshold 6 (max 6)
- age   1:    1211696 bytes,    1211696 total
- age   2:     547880 bytes,    1759576 total
- age   3:     496080 bytes,    2255656 total
- age   4:     481032 bytes,    2736688 total
- age   5:     446504 bytes,    3183192 total
- age   6:     429064 bytes,    3612256 total
: 142051K->5481K(153344K), 0.0229156 secs] 421995K->285999K(2080128K)After GC:
Statistics for BinaryTreeDictionary:
------------------------------------
Total Free Space: 210558078
Max   Chunk Size: 210558078
Number of Blocks: 1
Av.  Block  Size: 210558078
Tree      Height: 1
, 0.0230141 secs] [Times: user=0.06 sys=0.00, real=0.02 secs] 
Heap after GC invocations=265 (full 3):
 par new generation   total 153344K, used 5481K [0x0000000080000000, 0x000000008a660000, 0x000000008a660000)
  eden space 136320K,   0% used [0x0000000080000000, 0x0000000080000000, 0x0000000088520000)
  from space 17024K,  32% used [0x00000000895c0000, 0x0000000089b1a688, 0x000000008a660000)
  to   space 17024K,   0% used [0x0000000088520000, 0x0000000088520000, 0x00000000895c0000)
 concurrent mark-sweep generation total 1926784K, used 280517K [0x000000008a660000, 0x0000000100000000, 0x0000000100000000)
 Metaspace       used 84158K, capacity 89551K, committed 89812K, reserved 1128448K
  class space    used 10272K, capacity 10642K, committed 10740K, reserved 1048576K
}
2017-08-01T05:02:20.649+0000: 22252.677: Total time for which application threads were stopped: 0.0238284 seconds, Stopping threads took: 0.0006163 seconds
{Heap before GC invocations=265 (full 3):
 par new generation   total 153344K, used 141801K [0x0000000080000000, 0x000000008a660000, 0x000000008a660000)
  eden space 136320K, 100% used [0x0000000080000000, 0x0000000088520000, 0x0000000088520000)
  from space 17024K,  32% used [0x00000000895c0000, 0x0000000089b1a688, 0x000000008a660000)
  to   space 17024K,   0% used [0x0000000088520000, 0x0000000088520000, 0x00000000895c0000)
 concurrent mark-sweep generation total 1926784K, used 280517K [0x000000008a660000, 0x0000000100000000, 0x0000000100000000)
 Metaspace       used 84158K, capacity 89551K, committed 89812K, reserved 1128448K
  class space    used 10272K, capacity 10642K, committed 10740K, reserved 1048576K
2017-08-01T05:03:54.990+0000: 22347.018: [GC (Allocation Failure) Before GC:
Statistics for BinaryTreeDictionary:
------------------------------------
Total Free Space: 210558078
Max   Chunk Size: 210558078
Number of Blocks: 1
Av.  Block  Size: 210558078
Tree      Height: 1
2017-08-01T05:03:54.990+0000: 22347.018: [ParNew
Desired survivor size 8716288 bytes, new threshold 6 (max 6)
- age   1:    1107464 bytes,    1107464 total
- age   2:     611896 bytes,    1719360 total
- age   3:     488984 bytes,    2208344 total
- age   4:     476176 bytes,    2684520 total
- age   5:     466632 bytes,    3151152 total
- age   6:     436208 bytes,    3587360 total
: 141801K->5332K(153344K), 0.0214502 secs] 422319K->286269K(2080128K)After GC:
Statistics for BinaryTreeDictionary:
------------------------------------
Total Free Space: 210504685
Max   Chunk Size: 210504685
Number of Blocks: 1
Av.  Block  Size: 210504685
Tree      Height: 1
, 0.0215342 secs] [Times: user=0.05 sys=0.00, real=0.03 secs] 
Heap after GC invocations=266 (full 3):
 par new generation   total 153344K, used 5332K [0x0000000080000000, 0x000000008a660000, 0x000000008a660000)
  eden space 136320K,   0% used [0x0000000080000000, 0x0000000080000000, 0x0000000088520000)
  from space 17024K,  31% used [0x0000000088520000, 0x0000000088a55070, 0x00000000895c0000)
  to   space 17024K,   0% used [0x00000000895c0000, 0x00000000895c0000, 0x000000008a660000)
 concurrent mark-sweep generation total 1926784K, used 280936K [0x000000008a660000, 0x0000000100000000, 0x0000000100000000)
 Metaspace       used 84158K, capacity 89551K, committed 89812K, reserved 1128448K
  class space    used 10272K, capacity 10642K, committed 10740K, reserved 1048576K
}
2017-08-01T05:03:55.012+0000: 22347.039: Total time for which application threads were stopped: 0.0217955 seconds, Stopping threads took: 0.0000549 seconds
2017-08-01T05:04:08.013+0000: 22360.041: Total time for which application threads were stopped: 0.0001648 seconds, Stopping threads took: 0.0000672 seconds
{Heap before GC invocations=266 (full 3):
 par new generation   total 153344K, used 141652K [0x0000000080000000, 0x000000008a660000, 0x000000008a660000)
  eden space 136320K, 100% used [0x0000000080000000, 0x0000000088520000, 0x0000000088520000)
  from space 17024K,  31% used [0x0000000088520000, 0x0000000088a55070, 0x00000000895c0000)
  to   space 17024K,   0% used [0x00000000895c0000, 0x00000000895c0000, 0x000000008a660000)
 concurrent mark-sweep generation total 1926784K, used 280936K [0x000000008a660000, 0x0000000100000000, 0x0000000100000000)
 Metaspace       used 84158K, capacity 89551K, committed 89812K, reserved 1128448K
  class space    used 10272K, capacity 10642K, committed 10740K, reserved 1048576K
2017-08-01T05:05:30.932+0000: 22442.960: [GC (Allocation Failure) Before GC:
Statistics for BinaryTreeDictionary:
------------------------------------
Total Free Space: 210504685
Max   Chunk Size: 210504685
Number of Blocks: 1
Av.  Block  Size: 210504685
Tree      Height: 1
2017-08-01T05:05:30.932+0000: 22442.960: [ParNew
Desired survivor size 8716288 bytes, new threshold 6 (max 6)
- age   1:    1268424 bytes,    1268424 total
- age   2:     551960 bytes,    1820384 total
- age   3:     548320 bytes,    2368704 total
- age   4:     468704 bytes,    2837408 total
- age   5:     463424 bytes,    3300832 total
- age   6:     451648 bytes,    3752480 total
: 141652K->7021K(153344K), 0.0376179 secs] 422589K->288386K(2080128K)After GC:
Statistics for BinaryTreeDictionary:
------------------------------------
Total Free Space: 210451016
Max   Chunk Size: 210451016
Number of Blocks: 1
Av.  Block  Size: 210451016
Tree      Height: 1
, 0.0377218 secs] [Times: user=0.06 sys=0.00, real=0.03 secs] 
Heap after GC invocations=267 (full 3):
 par new generation   total 153344K, used 7021K [0x0000000080000000, 0x000000008a660000, 0x000000008a660000)
  eden space 136320K,   0% used [0x0000000080000000, 0x0000000080000000, 0x0000000088520000)
  from space 17024K,  41% used [0x00000000895c0000, 0x0000000089c9b400, 0x000000008a660000)
  to   space 17024K,   0% used [0x0000000088520000, 0x0000000088520000, 0x00000000895c0000)
 concurrent mark-sweep generation total 1926784K, used 281365K [0x000000008a660000, 0x0000000100000000, 0x0000000100000000)
 Metaspace       used 84158K, capacity 89551K, committed 89812K, reserved 1128448K
  class space    used 10272K, capacity 10642K, committed 10740K, reserved 1048576K
}
2017-08-01T05:05:30.970+0000: 22442.997: Total time for which application threads were stopped: 0.0379920 seconds, Stopping threads took: 0.0000341 seconds
{Heap before GC invocations=267 (full 3):
 par new generation   total 153344K, used 143341K [0x0000000080000000, 0x000000008a660000, 0x000000008a660000)
  eden space 136320K, 100% used [0x0000000080000000, 0x0000000088520000, 0x0000000088520000)
  from space 17024K,  41% used [0x00000000895c0000, 0x0000000089c9b400, 0x000000008a660000)
  to   space 17024K,   0% used [0x0000000088520000, 0x0000000088520000, 0x00000000895c0000)
 concurrent mark-sweep generation total 1926784K, used 281365K [0x000000008a660000, 0x0000000100000000, 0x0000000100000000)
 Metaspace       used 84158K, capacity 89551K, committed 89812K, reserved 1128448K
  class space    used 10272K, capacity 10642K, committed 10740K, reserved 1048576K
2017-08-01T05:07:06.650+0000: 22538.678: [GC (Allocation Failure) Before GC:
Statistics for BinaryTreeDictionary:
------------------------------------
Total Free Space: 210451016
Max   Chunk Size: 210451016
Number of Blocks: 1
Av.  Block  Size: 210451016
Tree      Height: 1
2017-08-01T05:07:06.650+0000: 22538.678: [ParNew
Desired survivor size 8716288 bytes, new threshold 6 (max 6)
- age   1:    1285880 bytes,    1285880 total
- age   2:     621688 bytes,    1907568 total
- age   3:     492576 bytes,    2400144 total
- age   4:     527512 bytes,    2927656 total
- age   5:     453088 bytes,    3380744 total
- age   6:     451544 bytes,    3832288 total
: 143341K->4503K(153344K), 0.0225742 secs] 424706K->286311K(2080128K)After GC:
Statistics for BinaryTreeDictionary:
------------------------------------
Total Free Space: 210395121
Max   Chunk Size: 210395121
Number of Blocks: 1
Av.  Block  Size: 210395121
Tree      Height: 1
, 0.0226695 secs] [Times: user=0.06 sys=0.00, real=0.03 secs] 
Heap after GC invocations=268 (full 3):
 par new generation   total 153344K, used 4503K [0x0000000080000000, 0x000000008a660000, 0x000000008a660000)
  eden space 136320K,   0% used [0x0000000080000000, 0x0000000080000000, 0x0000000088520000)
  from space 17024K,  26% used [0x0000000088520000, 0x0000000088985ea0, 0x00000000895c0000)
  to   space 17024K,   0% used [0x00000000895c0000, 0x00000000895c0000, 0x000000008a660000)
 concurrent mark-sweep generation total 1926784K, used 281807K [0x000000008a660000, 0x0000000100000000, 0x0000000100000000)
 Metaspace       used 84158K, capacity 89551K, committed 89812K, reserved 1128448K
  class space    used 10272K, capacity 10642K, committed 10740K, reserved 1048576K
}
2017-08-01T05:07:06.673+0000: 22538.700: Total time for which application threads were stopped: 0.0229289 seconds, Stopping threads took: 0.0000555 seconds
{Heap before GC invocations=268 (full 3):
 par new generation   total 153344K, used 140823K [0x0000000080000000, 0x000000008a660000, 0x000000008a660000)
  eden space 136320K, 100% used [0x0000000080000000, 0x0000000088520000, 0x0000000088520000)
  from space 17024K,  26% used [0x0000000088520000, 0x0000000088985ea0, 0x00000000895c0000)
  to   space 17024K,   0% used [0x00000000895c0000, 0x00000000895c0000, 0x000000008a660000)
 concurrent mark-sweep generation total 1926784K, used 281807K [0x000000008a660000, 0x0000000100000000, 0x0000000100000000)
 Metaspace       used 84158K, capacity 89551K, committed 89812K, reserved 1128448K
  class space    used 10272K, capacity 10642K, committed 10740K, reserved 1048576K
2017-08-01T05:08:40.052+0000: 22632.080: [GC (Allocation Failure) Before GC:
Statistics for BinaryTreeDictionary:
------------------------------------
Total Free Space: 210395121
Max   Chunk Size: 210395121
Number of Blocks: 1
Av.  Block  Size: 210395121
Tree      Height: 1
2017-08-01T05:08:40.052+0000: 22632.080: [ParNew
Desired survivor size 8716288 bytes, new threshold 6 (max 6)
- age   1:    1187976 bytes,    1187976 total
- age   2:     708872 bytes,    1896848 total
- age   3:     566224 bytes,    2463072 total
- age   4:     474136 bytes,    2937208 total
- age   5:     511984 bytes,    3449192 total
- age   6:     441552 bytes,    3890744 total
: 140823K->6728K(153344K), 0.0221388 secs] 422631K->288979K(2080128K)After GC:
Statistics for BinaryTreeDictionary:
------------------------------------
Total Free Space: 210337093
Max   Chunk Size: 210337093
Number of Blocks: 1
Av.  Block  Size: 210337093
Tree      Height: 1
, 0.0222292 secs] [Times: user=0.06 sys=0.00, real=0.02 secs] 
Heap after GC invocations=269 (full 3):
 par new generation   total 153344K, used 6728K [0x0000000080000000, 0x000000008a660000, 0x000000008a660000)
  eden space 136320K,   0% used [0x0000000080000000, 0x0000000080000000, 0x0000000088520000)
  from space 17024K,  39% used [0x00000000895c0000, 0x0000000089c521d8, 0x000000008a660000)
  to   space 17024K,   0% used [0x0000000088520000, 0x0000000088520000, 0x00000000895c0000)
 concurrent mark-sweep generation total 1926784K, used 282250K [0x000000008a660000, 0x0000000100000000, 0x0000000100000000)
 Metaspace       used 84158K, capacity 89551K, committed 89812K, reserved 1128448K
  class space    used 10272K, capacity 10642K, committed 10740K, reserved 1048576K
}
2017-08-01T05:08:40.074+0000: 22632.102: Total time for which application threads were stopped: 0.0224739 seconds, Stopping threads took: 0.0000543 seconds
{Heap before GC invocations=269 (full 3):
 par new generation   total 153344K, used 143048K [0x0000000080000000, 0x000000008a660000, 0x000000008a660000)
  eden space 136320K, 100% used [0x0000000080000000, 0x0000000088520000, 0x0000000088520000)
  from space 17024K,  39% used [0x00000000895c0000, 0x0000000089c521d8, 0x000000008a660000)
  to   space 17024K,   0% used [0x0000000088520000, 0x0000000088520000, 0x00000000895c0000)
 concurrent mark-sweep generation total 1926784K, used 282250K [0x000000008a660000, 0x0000000100000000, 0x0000000100000000)
 Metaspace       used 84158K, capacity 89551K, committed 89812K, reserved 1128448K
  class space    used 10272K, capacity 10642K, committed 10740K, reserved 1048576K
2017-08-01T05:10:24.496+0000: 22736.523: [GC (Allocation Failure) Before GC:
Statistics for BinaryTreeDictionary:
------------------------------------
Total Free Space: 210337093
Max   Chunk Size: 210337093
Number of Blocks: 1
Av.  Block  Size: 210337093
Tree      Height: 1
2017-08-01T05:10:24.496+0000: 22736.523: [ParNew
Desired survivor size 8716288 bytes, new threshold 6 (max 6)
- age   1:    1208000 bytes,    1208000 total
- age   2:     661560 bytes,    1869560 total
- age   3:     647280 bytes,    2516840 total
- age   4:     544520 bytes,    3061360 total
- age   5:     455712 bytes,    3517072 total
- age   6:     502912 bytes,    4019984 total
: 143048K->4533K(153344K), 0.0230379 secs] 425299K->287216K(2080128K)After GC:
Statistics for BinaryTreeDictionary:
------------------------------------
Total Free Space: 210283603
Max   Chunk Size: 210283603
Number of Blocks: 1
Av.  Block  Size: 210283603
Tree      Height: 1
, 0.0231289 secs] [Times: user=0.06 sys=0.00, real=0.02 secs] 
Heap after GC invocations=270 (full 3):
 par new generation   total 153344K, used 4533K [0x0000000080000000, 0x000000008a660000, 0x000000008a660000)
  eden space 136320K,   0% used [0x0000000080000000, 0x0000000080000000, 0x0000000088520000)
  from space 17024K,  26% used [0x0000000088520000, 0x000000008898d658, 0x00000000895c0000)
  to   space 17024K,   0% used [0x00000000895c0000, 0x00000000895c0000, 0x000000008a660000)
 concurrent mark-sweep generation total 1926784K, used 282682K [0x000000008a660000, 0x0000000100000000, 0x0000000100000000)
 Metaspace       used 84158K, capacity 89551K, committed 89812K, reserved 1128448K
  class space    used 10272K, capacity 10642K, committed 10740K, reserved 1048576K
}
2017-08-01T05:10:24.519+0000: 22736.547: Total time for which application threads were stopped: 0.0233877 seconds, Stopping threads took: 0.0000524 seconds
{Heap before GC invocations=270 (full 3):
 par new generation   total 153344K, used 140853K [0x0000000080000000, 0x000000008a660000, 0x000000008a660000)
  eden space 136320K, 100% used [0x0000000080000000, 0x0000000088520000, 0x0000000088520000)
  from space 17024K,  26% used [0x0000000088520000, 0x000000008898d658, 0x00000000895c0000)
  to   space 17024K,   0% used [0x00000000895c0000, 0x00000000895c0000, 0x000000008a660000)
 concurrent mark-sweep generation total 1926784K, used 282682K [0x000000008a660000, 0x0000000100000000, 0x0000000100000000)
 Metaspace       used 84158K, capacity 89551K, committed 89812K, reserved 1128448K
  class space    used 10272K, capacity 10642K, committed 10740K, reserved 1048576K
2017-08-01T05:11:59.088+0000: 22831.116: [GC (Allocation Failure) Before GC:
Statistics for BinaryTreeDictionary:
------------------------------------
Total Free Space: 210283603
Max   Chunk Size: 210283603
Number of Blocks: 1
Av.  Block  Size: 210283603
Tree      Height: 1
2017-08-01T05:11:59.088+0000: 22831.116: [ParNew
Desired survivor size 8716288 bytes, new threshold 6 (max 6)
- age   1:    1194704 bytes,    1194704 total
- age   2:     666440 bytes,    1861144 total
- age   3:     608904 bytes,    2470048 total
- age   4:     627592 bytes,    3097640 total
- age   5:     527944 bytes,    3625584 total
- age   6:     446536 bytes,    4072120 total
: 140853K->5260K(153344K), 0.0238594 secs] 423536K->288435K(2080128K)After GC:
Statistics for BinaryTreeDictionary:
------------------------------------
Total Free Space: 210218232
Max   Chunk Size: 210218232
Number of Blocks: 1
Av.  Block  Size: 210218232
Tree      Height: 1
, 0.0239538 secs] [Times: user=0.06 sys=0.00, real=0.03 secs] 
Heap after GC invocations=271 (full 3):
 par new generation   total 153344K, used 5260K [0x0000000080000000, 0x000000008a660000, 0x000000008a660000)
  eden space 136320K,   0% used [0x0000000080000000, 0x0000000080000000, 0x0000000088520000)
  from space 17024K,  30% used [0x00000000895c0000, 0x0000000089ae3028, 0x000000008a660000)
  to   space 17024K,   0% used [0x0000000088520000, 0x0000000088520000, 0x00000000895c0000)
 concurrent mark-sweep generation total 1926784K, used 283175K [0x000000008a660000, 0x0000000100000000, 0x0000000100000000)
 Metaspace       used 84158K, capacity 89551K, committed 89812K, reserved 1128448K
  class space    used 10272K, capacity 10642K, committed 10740K, reserved 1048576K
}
2017-08-01T05:11:59.112+0000: 22831.140: Total time for which application threads were stopped: 0.0247982 seconds, Stopping threads took: 0.0006503 seconds
{Heap before GC invocations=271 (full 3):
 par new generation   total 153344K, used 141580K [0x0000000080000000, 0x000000008a660000, 0x000000008a660000)
  eden space 136320K, 100% used [0x0000000080000000, 0x0000000088520000, 0x0000000088520000)
  from space 17024K,  30% used [0x00000000895c0000, 0x0000000089ae3028, 0x000000008a660000)
  to   space 17024K,   0% used [0x0000000088520000, 0x0000000088520000, 0x00000000895c0000)
 concurrent mark-sweep generation total 1926784K, used 283175K [0x000000008a660000, 0x0000000100000000, 0x0000000100000000)
 Metaspace       used 84158K, capacity 89551K, committed 89812K, reserved 1128448K
  class space    used 10272K, capacity 10642K, committed 10740K, reserved 1048576K
2017-08-01T05:13:31.667+0000: 22923.695: [GC (Allocation Failure) Before GC:
Statistics for BinaryTreeDictionary:
------------------------------------
Total Free Space: 210218232
Max   Chunk Size: 210218232
Number of Blocks: 1
Av.  Block  Size: 210218232
Tree      Height: 1
2017-08-01T05:13:31.667+0000: 22923.695: [ParNew
Desired survivor size 8716288 bytes, new threshold 6 (max 6)
- age   1:    1247792 bytes,    1247792 total
- age   2:     650304 bytes,    1898096 total
- age   3:     607784 bytes,    2505880 total
- age   4:     588896 bytes,    3094776 total
- age   5:     608960 bytes,    3703736 total
- age   6:     517608 bytes,    4221344 total
: 141580K->5783K(153344K), 0.0227650 secs] 424755K->289397K(2080128K)After GC:
Statistics for BinaryTreeDictionary:
------------------------------------
Total Free Space: 210162268
Max   Chunk Size: 210162268
Number of Blocks: 1
Av.  Block  Size: 210162268
Tree      Height: 1
, 0.0228473 secs] [Times: user=0.05 sys=0.00, real=0.02 secs] 
Heap after GC invocations=272 (full 3):
 par new generation   total 153344K, used 5783K [0x0000000080000000, 0x000000008a660000, 0x000000008a660000)
  eden space 136320K,   0% used [0x0000000080000000, 0x0000000080000000, 0x0000000088520000)
  from space 17024K,  33% used [0x0000000088520000, 0x0000000088ac5da8, 0x00000000895c0000)
  to   space 17024K,   0% used [0x00000000895c0000, 0x00000000895c0000, 0x000000008a660000)
 concurrent mark-sweep generation total 1926784K, used 283613K [0x000000008a660000, 0x0000000100000000, 0x0000000100000000)
 Metaspace       used 84158K, capacity 89551K, committed 89812K, reserved 1128448K
  class space    used 10272K, capacity 10642K, committed 10740K, reserved 1048576K
}
2017-08-01T05:13:31.690+0000: 22923.718: Total time for which application threads were stopped: 0.0231070 seconds, Stopping threads took: 0.0000610 seconds
{Heap before GC invocations=272 (full 3):
 par new generation   total 153344K, used 142103K [0x0000000080000000, 0x000000008a660000, 0x000000008a660000)
  eden space 136320K, 100% used [0x0000000080000000, 0x0000000088520000, 0x0000000088520000)
  from space 17024K,  33% used [0x0000000088520000, 0x0000000088ac5da8, 0x00000000895c0000)
  to   space 17024K,   0% used [0x00000000895c0000, 0x00000000895c0000, 0x000000008a660000)
 concurrent mark-sweep generation total 1926784K, used 283613K [0x000000008a660000, 0x0000000100000000, 0x0000000100000000)
 Metaspace       used 84162K, capacity 89551K, committed 89812K, reserved 1128448K
  class space    used 10272K, capacity 10642K, committed 10740K, reserved 1048576K
2017-08-01T05:15:13.068+0000: 23025.096: [GC (Allocation Failure) Before GC:
Statistics for BinaryTreeDictionary:
------------------------------------
Total Free Space: 210162268
Max   Chunk Size: 210162268
Number of Blocks: 1
Av.  Block  Size: 210162268
Tree      Height: 1
2017-08-01T05:15:13.068+0000: 23025.096: [ParNew
Desired survivor size 8716288 bytes, new threshold 6 (max 6)
- age   1:    1281144 bytes,    1281144 total
- age   2:     681552 bytes,    1962696 total
- age   3:     589608 bytes,    2552304 total
- age   4:     589568 bytes,    3141872 total
- age   5:     573488 bytes,    3715360 total
- age   6:     597096 bytes,    4312456 total
: 142103K->6079K(153344K), 0.0235186 secs] 425717K->290202K(2080128K)After GC:
Statistics for BinaryTreeDictionary:
------------------------------------
Total Free Space: 210096850
Max   Chunk Size: 210096850
Number of Blocks: 1
Av.  Block  Size: 210096850
Tree      Height: 1
, 0.0236092 secs] [Times: user=0.06 sys=0.00, real=0.03 secs] 
Heap after GC invocations=273 (full 3):
 par new generation   total 153344K, used 6079K [0x0000000080000000, 0x000000008a660000, 0x000000008a660000)
  eden space 136320K,   0% used [0x0000000080000000, 0x0000000080000000, 0x0000000088520000)
  from space 17024K,  35% used [0x00000000895c0000, 0x0000000089bafe58, 0x000000008a660000)
  to   space 17024K,   0% used [0x0000000088520000, 0x0000000088520000, 0x00000000895c0000)
 concurrent mark-sweep generation total 1926784K, used 284122K [0x000000008a660000, 0x0000000100000000, 0x0000000100000000)
 Metaspace       used 84162K, capacity 89551K, committed 89812K, reserved 1128448K
  class space    used 10272K, capacity 10642K, committed 10740K, reserved 1048576K
}
2017-08-01T05:15:13.092+0000: 23025.119: Total time for which application threads were stopped: 0.0238561 seconds, Stopping threads took: 0.0000371 seconds
2017-08-01T05:15:24.093+0000: 23036.121: Total time for which application threads were stopped: 0.0001394 seconds, Stopping threads took: 0.0000403 seconds
2017-08-01T05:15:31.094+0000: 23043.122: Total time for which application threads were stopped: 0.0001483 seconds, Stopping threads took: 0.0000383 seconds
2017-08-01T05:16:41.105+0000: 23113.132: Total time for which application threads were stopped: 0.0001740 seconds, Stopping threads took: 0.0000541 seconds
{Heap before GC invocations=273 (full 3):
 par new generation   total 153344K, used 142399K [0x0000000080000000, 0x000000008a660000, 0x000000008a660000)
  eden space 136320K, 100% used [0x0000000080000000, 0x0000000088520000, 0x0000000088520000)
  from space 17024K,  35% used [0x00000000895c0000, 0x0000000089bafe58, 0x000000008a660000)
  to   space 17024K,   0% used [0x0000000088520000, 0x0000000088520000, 0x00000000895c0000)
 concurrent mark-sweep generation total 1926784K, used 284122K [0x000000008a660000, 0x0000000100000000, 0x0000000100000000)
 Metaspace       used 84173K, capacity 89551K, committed 89812K, reserved 1128448K
  class space    used 10272K, capacity 10642K, committed 10740K, reserved 1048576K
2017-08-01T05:16:44.878+0000: 23116.905: [GC (Allocation Failure) Before GC:
Statistics for BinaryTreeDictionary:
------------------------------------
Total Free Space: 210096850
Max   Chunk Size: 210096850
Number of Blocks: 1
Av.  Block  Size: 210096850
Tree      Height: 1
2017-08-01T05:16:44.878+0000: 23116.905: [ParNew
Desired survivor size 8716288 bytes, new threshold 6 (max 6)
- age   1:    1255944 bytes,    1255944 total
- age   2:     705144 bytes,    1961088 total
- age   3:     632544 bytes,    2593632 total
- age   4:     572176 bytes,    3165808 total
- age   5:     573128 bytes,    3738936 total
- age   6:     566008 bytes,    4304944 total
: 142399K->6250K(153344K), 0.0253678 secs] 426522K->290959K(2080128K)After GC:
Statistics for BinaryTreeDictionary:
------------------------------------
Total Free Space: 210023631
Max   Chunk Size: 210023631
Number of Blocks: 1
Av.  Block  Size: 210023631
Tree      Height: 1
, 0.0254571 secs] [Times: user=0.06 sys=0.00, real=0.03 secs] 
Heap after GC invocations=274 (full 3):
 par new generation   total 153344K, used 6250K [0x0000000080000000, 0x000000008a660000, 0x000000008a660000)
  eden space 136320K,   0% used [0x0000000080000000, 0x0000000080000000, 0x0000000088520000)
  from space 17024K,  36% used [0x0000000088520000, 0x0000000088b3ab18, 0x00000000895c0000)
  to   space 17024K,   0% used [0x00000000895c0000, 0x00000000895c0000, 0x000000008a660000)
 concurrent mark-sweep generation total 1926784K, used 284708K [0x000000008a660000, 0x0000000100000000, 0x0000000100000000)
 Metaspace       used 84173K, capacity 89551K, committed 89812K, reserved 1128448K
  class space    used 10272K, capacity 10642K, committed 10740K, reserved 1048576K
}
2017-08-01T05:16:44.903+0000: 23116.931: Total time for which application threads were stopped: 0.0256951 seconds, Stopping threads took: 0.0000529 seconds
2017-08-01T05:17:23.908+0000: 23155.936: Total time for which application threads were stopped: 0.0001544 seconds, Stopping threads took: 0.0000556 seconds
{Heap before GC invocations=274 (full 3):
 par new generation   total 153344K, used 142570K [0x0000000080000000, 0x000000008a660000, 0x000000008a660000)
  eden space 136320K, 100% used [0x0000000080000000, 0x0000000088520000, 0x0000000088520000)
  from space 17024K,  36% used [0x0000000088520000, 0x0000000088b3ab18, 0x00000000895c0000)
  to   space 17024K,   0% used [0x00000000895c0000, 0x00000000895c0000, 0x000000008a660000)
 concurrent mark-sweep generation total 1926784K, used 284708K [0x000000008a660000, 0x0000000100000000, 0x0000000100000000)
 Metaspace       used 84173K, capacity 89551K, committed 89812K, reserved 1128448K
  class space    used 10272K, capacity 10642K, committed 10740K, reserved 1048576K
2017-08-01T05:18:28.481+0000: 23220.509: [GC (Allocation Failure) Before GC:
Statistics for BinaryTreeDictionary:
------------------------------------
Total Free Space: 210023631
Max   Chunk Size: 210023631
Number of Blocks: 1
Av.  Block  Size: 210023631
Tree      Height: 1
2017-08-01T05:18:28.481+0000: 23220.509: [ParNew
Desired survivor size 8716288 bytes, new threshold 6 (max 6)
- age   1:    1275520 bytes,    1275520 total
- age   2:     672952 bytes,    1948472 total
- age   3:     644320 bytes,    2592792 total
- age   4:     614672 bytes,    3207464 total
- age   5:     555824 bytes,    3763288 total
- age   6:     561800 bytes,    4325088 total
: 142570K->6288K(153344K), 0.0237336 secs] 427279K->291552K(2080128K)After GC:
Statistics for BinaryTreeDictionary:
------------------------------------
Total Free Space: 209952967
Max   Chunk Size: 209952967
Number of Blocks: 1
Av.  Block  Size: 209952967
Tree      Height: 1
, 0.0238140 secs] [Times: user=0.05 sys=0.00, real=0.02 secs] 
Heap after GC invocations=275 (full 3):
 par new generation   total 153344K, used 6288K [0x0000000080000000, 0x000000008a660000, 0x000000008a660000)
  eden space 136320K,   0% used [0x0000000080000000, 0x0000000080000000, 0x0000000088520000)
  from space 17024K,  36% used [0x00000000895c0000, 0x0000000089be43b8, 0x000000008a660000)
  to   space 17024K,   0% used [0x0000000088520000, 0x0000000088520000, 0x00000000895c0000)
 concurrent mark-sweep generation total 1926784K, used 285263K [0x000000008a660000, 0x0000000100000000, 0x0000000100000000)
 Metaspace       used 84173K, capacity 89551K, committed 89812K, reserved 1128448K
  class space    used 10272K, capacity 10642K, committed 10740K, reserved 1048576K
}
2017-08-01T05:18:28.505+0000: 23220.533: Total time for which application threads were stopped: 0.0240796 seconds, Stopping threads took: 0.0000762 seconds
{Heap before GC invocations=275 (full 3):
 par new generation   total 153344K, used 142608K [0x0000000080000000, 0x000000008a660000, 0x000000008a660000)
  eden space 136320K, 100% used [0x0000000080000000, 0x0000000088520000, 0x0000000088520000)
  from space 17024K,  36% used [0x00000000895c0000, 0x0000000089be43b8, 0x000000008a660000)
  to   space 17024K,   0% used [0x0000000088520000, 0x0000000088520000, 0x00000000895c0000)
 concurrent mark-sweep generation total 1926784K, used 285263K [0x000000008a660000, 0x0000000100000000, 0x0000000100000000)
 Metaspace       used 84173K, capacity 89551K, committed 89812K, reserved 1128448K
  class space    used 10272K, capacity 10642K, committed 10740K, reserved 1048576K
2017-08-01T05:20:00.992+0000: 23313.019: [GC (Allocation Failure) Before GC:
Statistics for BinaryTreeDictionary:
------------------------------------
Total Free Space: 209952967
Max   Chunk Size: 209952967
Number of Blocks: 1
Av.  Block  Size: 209952967
Tree      Height: 1
2017-08-01T05:20:00.992+0000: 23313.019: [ParNew
Desired survivor size 8716288 bytes, new threshold 6 (max 6)
- age   1:    1262808 bytes,    1262808 total
- age   2:     708856 bytes,    1971664 total
- age   3:     619360 bytes,    2591024 total
- age   4:     622160 bytes,    3213184 total
- age   5:     598384 bytes,    3811568 total
- age   6:     546568 bytes,    4358136 total
: 142608K->6316K(153344K), 0.0246157 secs] 427872K->292129K(2080128K)After GC:
Statistics for BinaryTreeDictionary:
------------------------------------
Total Free Space: 209878632
Max   Chunk Size: 209878632
Number of Blocks: 1
Av.  Block  Size: 209878632
Tree      Height: 1
, 0.0247039 secs] [Times: user=0.07 sys=0.00, real=0.02 secs] 
Heap after GC invocations=276 (full 3):
 par new generation   total 153344K, used 6316K [0x0000000080000000, 0x000000008a660000, 0x000000008a660000)
  eden space 136320K,   0% used [0x0000000080000000, 0x0000000080000000, 0x0000000088520000)
  from space 17024K,  37% used [0x0000000088520000, 0x0000000088b4b180, 0x00000000895c0000)
  to   space 17024K,   0% used [0x00000000895c0000, 0x00000000895c0000, 0x000000008a660000)
 concurrent mark-sweep generation total 1926784K, used 285812K [0x000000008a660000, 0x0000000100000000, 0x0000000100000000)
 Metaspace       used 84173K, capacity 89551K, committed 89812K, reserved 1128448K
  class space    used 10272K, capacity 10642K, committed 10740K, reserved 1048576K
}
2017-08-01T05:20:01.017+0000: 23313.044: Total time for which application threads were stopped: 0.0249513 seconds, Stopping threads took: 0.0000395 seconds
{Heap before GC invocations=276 (full 3):
 par new generation   total 153344K, used 142636K [0x0000000080000000, 0x000000008a660000, 0x000000008a660000)
  eden space 136320K, 100% used [0x0000000080000000, 0x0000000088520000, 0x0000000088520000)
  from space 17024K,  37% used [0x0000000088520000, 0x0000000088b4b180, 0x00000000895c0000)
  to   space 17024K,   0% used [0x00000000895c0000, 0x00000000895c0000, 0x000000008a660000)
 concurrent mark-sweep generation total 1926784K, used 285812K [0x000000008a660000, 0x0000000100000000, 0x0000000100000000)
 Metaspace       used 84173K, capacity 89551K, committed 89812K, reserved 1128448K
  class space    used 10272K, capacity 10642K, committed 10740K, reserved 1048576K
2017-08-01T05:21:35.635+0000: 23407.663: [GC (Allocation Failure) Before GC:
Statistics for BinaryTreeDictionary:
------------------------------------
Total Free Space: 209878632
Max   Chunk Size: 209878632
Number of Blocks: 1
Av.  Block  Size: 209878632
Tree      Height: 1
2017-08-01T05:21:35.635+0000: 23407.663: [ParNew
Desired survivor size 8716288 bytes, new threshold 6 (max 6)
- age   1:    1256824 bytes,    1256824 total
- age   2:     680848 bytes,    1937672 total
- age   3:     652288 bytes,    2589960 total
- age   4:     597192 bytes,    3187152 total
- age   5:     606680 bytes,    3793832 total
- age   6:     588496 bytes,    4382328 total
: 142636K->6362K(153344K), 0.0248248 secs] 428449K->292710K(2080128K)After GC:
Statistics for BinaryTreeDictionary:
------------------------------------
Total Free Space: 209815372
Max   Chunk Size: 209815372
Number of Blocks: 1
Av.  Block  Size: 209815372
Tree      Height: 1
, 0.0249030 secs] [Times: user=0.07 sys=0.00, real=0.02 secs] 
Heap after GC invocations=277 (full 3):
 par new generation   total 153344K, used 6362K [0x0000000080000000, 0x000000008a660000, 0x000000008a660000)
  eden space 136320K,   0% used [0x0000000080000000, 0x0000000080000000, 0x0000000088520000)
  from space 17024K,  37% used [0x00000000895c0000, 0x0000000089bf69b8, 0x000000008a660000)
  to   space 17024K,   0% used [0x0000000088520000, 0x0000000088520000, 0x00000000895c0000)
 concurrent mark-sweep generation total 1926784K, used 286347K [0x000000008a660000, 0x0000000100000000, 0x0000000100000000)
 Metaspace       used 84173K, capacity 89551K, committed 89812K, reserved 1128448K
  class space    used 10272K, capacity 10642K, committed 10740K, reserved 1048576K
}
2017-08-01T05:21:35.660+0000: 23407.687: Total time for which application threads were stopped: 0.0257189 seconds, Stopping threads took: 0.0006168 seconds
2017-08-01T05:22:39.668+0000: 23471.696: Total time for which application threads were stopped: 0.0001577 seconds, Stopping threads took: 0.0000386 seconds
{Heap before GC invocations=277 (full 3):
 par new generation   total 153344K, used 142682K [0x0000000080000000, 0x000000008a660000, 0x000000008a660000)
  eden space 136320K, 100% used [0x0000000080000000, 0x0000000088520000, 0x0000000088520000)
  from space 17024K,  37% used [0x00000000895c0000, 0x0000000089bf69b8, 0x000000008a660000)
  to   space 17024K,   0% used [0x0000000088520000, 0x0000000088520000, 0x00000000895c0000)
 concurrent mark-sweep generation total 1926784K, used 286347K [0x000000008a660000, 0x0000000100000000, 0x0000000100000000)
 Metaspace       used 84173K, capacity 89551K, committed 89812K, reserved 1128448K
  class space    used 10272K, capacity 10642K, committed 10740K, reserved 1048576K
2017-08-01T05:23:16.092+0000: 23508.120: [GC (Allocation Failure) Before GC:
Statistics for BinaryTreeDictionary:
------------------------------------
Total Free Space: 209815372
Max   Chunk Size: 209815372
Number of Blocks: 1
Av.  Block  Size: 209815372
Tree      Height: 1
2017-08-01T05:23:16.093+0000: 23508.120: [ParNew
Desired survivor size 8716288 bytes, new threshold 6 (max 6)
- age   1:    1245432 bytes,    1245432 total
- age   2:     644528 bytes,    1889960 total
- age   3:     621856 bytes,    2511816 total
- age   4:     628544 bytes,    3140360 total
- age   5:     580680 bytes,    3721040 total
- age   6:     594656 bytes,    4315696 total
: 142682K->6400K(153344K), 0.0227526 secs] 429030K->293323K(2080128K)After GC:
Statistics for BinaryTreeDictionary:
------------------------------------
Total Free Space: 209738334
Max   Chunk Size: 209738334
Number of Blocks: 1
Av.  Block  Size: 209738334
Tree      Height: 1
, 0.0228445 secs] [Times: user=0.06 sys=0.00, real=0.02 secs] 
Heap after GC invocations=278 (full 3):
 par new generation   total 153344K, used 6400K [0x0000000080000000, 0x000000008a660000, 0x000000008a660000)
  eden space 136320K,   0% used [0x0000000080000000, 0x0000000080000000, 0x0000000088520000)
  from space 17024K,  37% used [0x0000000088520000, 0x0000000088b60298, 0x00000000895c0000)
  to   space 17024K,   0% used [0x00000000895c0000, 0x00000000895c0000, 0x000000008a660000)
 concurrent mark-sweep generation total 1926784K, used 286922K [0x000000008a660000, 0x0000000100000000, 0x0000000100000000)
 Metaspace       used 84173K, capacity 89551K, committed 89812K, reserved 1128448K
  class space    used 10272K, capacity 10642K, committed 10740K, reserved 1048576K
}
2017-08-01T05:23:16.115+0000: 23508.143: Total time for which application threads were stopped: 0.0231164 seconds, Stopping threads took: 0.0000725 seconds
2017-08-01T05:24:24.128+0000: 23576.156: Total time for which application threads were stopped: 0.0001458 seconds, Stopping threads took: 0.0000450 seconds
{Heap before GC invocations=278 (full 3):
 par new generation   total 153344K, used 142720K [0x0000000080000000, 0x000000008a660000, 0x000000008a660000)
  eden space 136320K, 100% used [0x0000000080000000, 0x0000000088520000, 0x0000000088520000)
  from space 17024K,  37% used [0x0000000088520000, 0x0000000088b60298, 0x00000000895c0000)
  to   space 17024K,   0% used [0x00000000895c0000, 0x00000000895c0000, 0x000000008a660000)
 concurrent mark-sweep generation total 1926784K, used 286922K [0x000000008a660000, 0x0000000100000000, 0x0000000100000000)
 Metaspace       used 84173K, capacity 89551K, committed 89812K, reserved 1128448K
  class space    used 10272K, capacity 10642K, committed 10740K, reserved 1048576K
2017-08-01T05:24:48.530+0000: 23600.557: [GC (Allocation Failure) Before GC:
Statistics for BinaryTreeDictionary:
------------------------------------
Total Free Space: 209738334
Max   Chunk Size: 209738334
Number of Blocks: 1
Av.  Block  Size: 209738334
Tree      Height: 1
2017-08-01T05:24:48.530+0000: 23600.557: [ParNew
Desired survivor size 8716288 bytes, new threshold 6 (max 6)
- age   1:    1229792 bytes,    1229792 total
- age   2:     714832 bytes,    1944624 total
- age   3:     593088 bytes,    2537712 total
- age   4:     600832 bytes,    3138544 total
- age   5:     613672 bytes,    3752216 total
- age   6:     569360 bytes,    4321576 total
: 142720K->6334K(153344K), 0.0231025 secs] 429643K->293839K(2080128K)After GC:
Statistics for BinaryTreeDictionary:
------------------------------------
Total Free Space: 209662639
Max   Chunk Size: 209662639
Number of Blocks: 1
Av.  Block  Size: 209662639
Tree      Height: 1
, 0.0231966 secs] [Times: user=0.06 sys=0.00, real=0.03 secs] 
Heap after GC invocations=279 (full 3):
 par new generation   total 153344K, used 6334K [0x0000000080000000, 0x000000008a660000, 0x000000008a660000)
  eden space 136320K,   0% used [0x0000000080000000, 0x0000000080000000, 0x0000000088520000)
  from space 17024K,  37% used [0x00000000895c0000, 0x0000000089befbc8, 0x000000008a660000)
  to   space 17024K,   0% used [0x0000000088520000, 0x0000000088520000, 0x00000000895c0000)
 concurrent mark-sweep generation total 1926784K, used 287504K [0x000000008a660000, 0x0000000100000000, 0x0000000100000000)
 Metaspace       used 84173K, capacity 89551K, committed 89812K, reserved 1128448K
  class space    used 10272K, capacity 10642K, committed 10740K, reserved 1048576K
}
2017-08-01T05:24:48.553+0000: 23600.581: Total time for which application threads were stopped: 0.0234787 seconds, Stopping threads took: 0.0000914 seconds
{Heap before GC invocations=279 (full 3):
 par new generation   total 153344K, used 142654K [0x0000000080000000, 0x000000008a660000, 0x000000008a660000)
  eden space 136320K, 100% used [0x0000000080000000, 0x0000000088520000, 0x0000000088520000)
  from space 17024K,  37% used [0x00000000895c0000, 0x0000000089befbc8, 0x000000008a660000)
  to   space 17024K,   0% used [0x0000000088520000, 0x0000000088520000, 0x00000000895c0000)
 concurrent mark-sweep generation total 1926784K, used 287504K [0x000000008a660000, 0x0000000100000000, 0x0000000100000000)
 Metaspace       used 84173K, capacity 89551K, committed 89812K, reserved 1128448K
  class space    used 10272K, capacity 10642K, committed 10740K, reserved 1048576K
2017-08-01T05:26:30.926+0000: 23702.954: [GC (Allocation Failure) Before GC:
Statistics for BinaryTreeDictionary:
------------------------------------
Total Free Space: 209662639
Max   Chunk Size: 209662639
Number of Blocks: 1
Av.  Block  Size: 209662639
Tree      Height: 1
2017-08-01T05:26:30.926+0000: 23702.954: [ParNew
Desired survivor size 8716288 bytes, new threshold 6 (max 6)
- age   1:    1230064 bytes,    1230064 total
- age   2:     681976 bytes,    1912040 total
- age   3:     645728 bytes,    2557768 total
- age   4:     571384 bytes,    3129152 total
- age   5:     581120 bytes,    3710272 total
- age   6:     604264 bytes,    4314536 total
: 142654K->6327K(153344K), 0.0244322 secs] 430159K->294388K(2080128K)After GC:
Statistics for BinaryTreeDictionary:
------------------------------------
Total Free Space: 209595754
Max   Chunk Size: 209595754
Number of Blocks: 1
Av.  Block  Size: 209595754
Tree      Height: 1
, 0.0245173 secs] [Times: user=0.06 sys=0.00, real=0.03 secs] 
Heap after GC invocations=280 (full 3):
 par new generation   total 153344K, used 6327K [0x0000000080000000, 0x000000008a660000, 0x000000008a660000)
  eden space 136320K,   0% used [0x0000000080000000, 0x0000000080000000, 0x0000000088520000)
  from space 17024K,  37% used [0x0000000088520000, 0x0000000088b4df00, 0x00000000895c0000)
  to   space 17024K,   0% used [0x00000000895c0000, 0x00000000895c0000, 0x000000008a660000)
 concurrent mark-sweep generation total 1926784K, used 288060K [0x000000008a660000, 0x0000000100000000, 0x0000000100000000)
 Metaspace       used 84173K, capacity 89551K, committed 89812K, reserved 1128448K
  class space    used 10272K, capacity 10642K, committed 10740K, reserved 1048576K
}
2017-08-01T05:26:30.951+0000: 23702.979: Total time for which application threads were stopped: 0.0247633 seconds, Stopping threads took: 0.0000475 seconds
{Heap before GC invocations=280 (full 3):
 par new generation   total 153344K, used 142647K [0x0000000080000000, 0x000000008a660000, 0x000000008a660000)
  eden space 136320K, 100% used [0x0000000080000000, 0x0000000088520000, 0x0000000088520000)
  from space 17024K,  37% used [0x0000000088520000, 0x0000000088b4df00, 0x00000000895c0000)
  to   space 17024K,   0% used [0x00000000895c0000, 0x00000000895c0000, 0x000000008a660000)
 concurrent mark-sweep generation total 1926784K, used 288060K [0x000000008a660000, 0x0000000100000000, 0x0000000100000000)
 Metaspace       used 84173K, capacity 89551K, committed 89812K, reserved 1128448K
  class space    used 10272K, capacity 10642K, committed 10740K, reserved 1048576K
2017-08-01T05:28:03.521+0000: 23795.549: [GC (Allocation Failure) Before GC:
Statistics for BinaryTreeDictionary:
------------------------------------
Total Free Space: 209595754
Max   Chunk Size: 209595754
Number of Blocks: 1
Av.  Block  Size: 209595754
Tree      Height: 1
2017-08-01T05:28:03.522+0000: 23795.549: [ParNew
Desired survivor size 8716288 bytes, new threshold 6 (max 6)
- age   1:    1255336 bytes,    1255336 total
- age   2:     701104 bytes,    1956440 total
- age   3:     626816 bytes,    2583256 total
- age   4:     622536 bytes,    3205792 total
- age   5:     555864 bytes,    3761656 total
- age   6:     571752 bytes,    4333408 total
: 142647K->6315K(153344K), 0.0247762 secs] 430708K->294967K(2080128K)After GC:
Statistics for BinaryTreeDictionary:
------------------------------------
Total Free Space: 209518782
Max   Chunk Size: 209518782
Number of Blocks: 1
Av.  Block  Size: 209518782
Tree      Height: 1
, 0.0248714 secs] [Times: user=0.06 sys=0.00, real=0.02 secs] 
Heap after GC invocations=281 (full 3):
 par new generation   total 153344K, used 6315K [0x0000000080000000, 0x000000008a660000, 0x000000008a660000)
  eden space 136320K,   0% used [0x0000000080000000, 0x0000000080000000, 0x0000000088520000)
  from space 17024K,  37% used [0x00000000895c0000, 0x0000000089beac18, 0x000000008a660000)
  to   space 17024K,   0% used [0x0000000088520000, 0x0000000088520000, 0x00000000895c0000)
 concurrent mark-sweep generation total 1926784K, used 288652K [0x000000008a660000, 0x0000000100000000, 0x0000000100000000)
 Metaspace       used 84173K, capacity 89551K, committed 89812K, reserved 1128448K
  class space    used 10272K, capacity 10642K, committed 10740K, reserved 1048576K
}
2017-08-01T05:28:03.546+0000: 23795.574: Total time for which application threads were stopped: 0.0251408 seconds, Stopping threads took: 0.0000600 seconds
{Heap before GC invocations=281 (full 3):
 par new generation   total 153344K, used 142635K [0x0000000080000000, 0x000000008a660000, 0x000000008a660000)
  eden space 136320K, 100% used [0x0000000080000000, 0x0000000088520000, 0x0000000088520000)
  from space 17024K,  37% used [0x00000000895c0000, 0x0000000089beac18, 0x000000008a660000)
  to   space 17024K,   0% used [0x0000000088520000, 0x0000000088520000, 0x00000000895c0000)
 concurrent mark-sweep generation total 1926784K, used 288652K [0x000000008a660000, 0x0000000100000000, 0x0000000100000000)
 Metaspace       used 84173K, capacity 89551K, committed 89812K, reserved 1128448K
  class space    used 10272K, capacity 10642K, committed 10740K, reserved 1048576K
2017-08-01T05:29:35.124+0000: 23887.152: [GC (Allocation Failure) Before GC:
Statistics for BinaryTreeDictionary:
------------------------------------
Total Free Space: 209518782
Max   Chunk Size: 209518782
Number of Blocks: 1
Av.  Block  Size: 209518782
Tree      Height: 1
2017-08-01T05:29:35.124+0000: 23887.152: [ParNew
Desired survivor size 8716288 bytes, new threshold 6 (max 6)
- age   1:    1212408 bytes,    1212408 total
- age   2:     693688 bytes,    1906096 total
- age   3:     639056 bytes,    2545152 total
- age   4:     606224 bytes,    3151376 total
- age   5:     605248 bytes,    3756624 total
- age   6:     545440 bytes,    4302064 total
: 142635K->6334K(153344K), 0.0239573 secs] 431287K->295546K(2080128K)After GC:
Statistics for BinaryTreeDictionary:
------------------------------------
Total Free Space: 209448618
Max   Chunk Size: 209448618
Number of Blocks: 1
Av.  Block  Size: 209448618
Tree      Height: 1
, 0.0240629 secs] [Times: user=0.06 sys=0.00, real=0.02 secs] 
Heap after GC invocations=282 (full 3):
 par new generation   total 153344K, used 6334K [0x0000000080000000, 0x000000008a660000, 0x000000008a660000)
  eden space 136320K,   0% used [0x0000000080000000, 0x0000000080000000, 0x0000000088520000)
  from space 17024K,  37% used [0x0000000088520000, 0x0000000088b4f888, 0x00000000895c0000)
  to   space 17024K,   0% used [0x00000000895c0000, 0x00000000895c0000, 0x000000008a660000)
 concurrent mark-sweep generation total 1926784K, used 289212K [0x000000008a660000, 0x0000000100000000, 0x0000000100000000)
 Metaspace       used 84173K, capacity 89551K, committed 89812K, reserved 1128448K
  class space    used 10272K, capacity 10642K, committed 10740K, reserved 1048576K
}
2017-08-01T05:29:35.148+0000: 23887.176: Total time for which application threads were stopped: 0.0243316 seconds, Stopping threads took: 0.0000590 seconds
{Heap before GC invocations=282 (full 3):
 par new generation   total 153344K, used 142654K [0x0000000080000000, 0x000000008a660000, 0x000000008a660000)
  eden space 136320K, 100% used [0x0000000080000000, 0x0000000088520000, 0x0000000088520000)
  from space 17024K,  37% used [0x0000000088520000, 0x0000000088b4f888, 0x00000000895c0000)
  to   space 17024K,   0% used [0x00000000895c0000, 0x00000000895c0000, 0x000000008a660000)
 concurrent mark-sweep generation total 1926784K, used 289212K [0x000000008a660000, 0x0000000100000000, 0x0000000100000000)
 Metaspace       used 84173K, capacity 89551K, committed 89812K, reserved 1128448K
  class space    used 10272K, capacity 10642K, committed 10740K, reserved 1048576K
2017-08-01T05:31:16.433+0000: 23988.461: [GC (Allocation Failure) Before GC:
Statistics for BinaryTreeDictionary:
------------------------------------
Total Free Space: 209448618
Max   Chunk Size: 209448618
Number of Blocks: 1
Av.  Block  Size: 209448618
Tree      Height: 1
2017-08-01T05:31:16.433+0000: 23988.461: [ParNew
Desired survivor size 8716288 bytes, new threshold 6 (max 6)
- age   1:    1348504 bytes,    1348504 total
- age   2:     677752 bytes,    2026256 total
- age   3:     629160 bytes,    2655416 total
- age   4:     614936 bytes,    3270352 total
- age   5:     591752 bytes,    3862104 total
- age   6:     593568 bytes,    4455672 total
: 142654K->8403K(153344K), 0.0233874 secs] 431866K->298150K(2080128K)After GC:
Statistics for BinaryTreeDictionary:
------------------------------------
Total Free Space: 209378319
Max   Chunk Size: 209378319
Number of Blocks: 1
Av.  Block  Size: 209378319
Tree      Height: 1
, 0.0234685 secs] [Times: user=0.05 sys=0.00, real=0.02 secs] 
Heap after GC invocations=283 (full 3):
 par new generation   total 153344K, used 8403K [0x0000000080000000, 0x000000008a660000, 0x000000008a660000)
  eden space 136320K,   0% used [0x0000000080000000, 0x0000000080000000, 0x0000000088520000)
  from space 17024K,  49% used [0x00000000895c0000, 0x0000000089df4e40, 0x000000008a660000)
  to   space 17024K,   0% used [0x0000000088520000, 0x0000000088520000, 0x00000000895c0000)
 concurrent mark-sweep generation total 1926784K, used 289746K [0x000000008a660000, 0x0000000100000000, 0x0000000100000000)
 Metaspace       used 84173K, capacity 89551K, committed 89812K, reserved 1128448K
  class space    used 10272K, capacity 10642K, committed 10740K, reserved 1048576K
}
2017-08-01T05:31:16.456+0000: 23988.484: Total time for which application threads were stopped: 0.0237601 seconds, Stopping threads took: 0.0001003 seconds
{Heap before GC invocations=283 (full 3):
 par new generation   total 153344K, used 144723K [0x0000000080000000, 0x000000008a660000, 0x000000008a660000)
  eden space 136320K, 100% used [0x0000000080000000, 0x0000000088520000, 0x0000000088520000)
  from space 17024K,  49% used [0x00000000895c0000, 0x0000000089df4e40, 0x000000008a660000)
  to   space 17024K,   0% used [0x0000000088520000, 0x0000000088520000, 0x00000000895c0000)
 concurrent mark-sweep generation total 1926784K, used 289746K [0x000000008a660000, 0x0000000100000000, 0x0000000100000000)
 Metaspace       used 84173K, capacity 89551K, committed 89812K, reserved 1128448K
  class space    used 10272K, capacity 10642K, committed 10740K, reserved 1048576K
2017-08-01T05:32:48.803+0000: 24080.831: [GC (Allocation Failure) Before GC:
Statistics for BinaryTreeDictionary:
------------------------------------
Total Free Space: 209378319
Max   Chunk Size: 209378319
Number of Blocks: 1
Av.  Block  Size: 209378319
Tree      Height: 1
2017-08-01T05:32:48.803+0000: 24080.831: [ParNew
Desired survivor size 8716288 bytes, new threshold 6 (max 6)
- age   1:    1244112 bytes,    1244112 total
- age   2:     699640 bytes,    1943752 total
- age   3:     627424 bytes,    2571176 total
- age   4:     608520 bytes,    3179696 total
- age   5:     598584 bytes,    3778280 total
- age   6:     582272 bytes,    4360552 total
: 144723K->5362K(153344K), 0.0232677 secs] 434470K->295692K(2080128K)After GC:
Statistics for BinaryTreeDictionary:
------------------------------------
Total Free Space: 209303866
Max   Chunk Size: 209303866
Number of Blocks: 1
Av.  Block  Size: 209303866
Tree      Height: 1
, 0.0233515 secs] [Times: user=0.06 sys=0.00, real=0.02 secs] 
Heap after GC invocations=284 (full 3):
 par new generation   total 153344K, used 5362K [0x0000000080000000, 0x000000008a660000, 0x000000008a660000)
  eden space 136320K,   0% used [0x0000000080000000, 0x0000000080000000, 0x0000000088520000)
  from space 17024K,  31% used [0x0000000088520000, 0x0000000088a5cbf0, 0x00000000895c0000)
  to   space 17024K,   0% used [0x00000000895c0000, 0x00000000895c0000, 0x000000008a660000)
 concurrent mark-sweep generation total 1926784K, used 290329K [0x000000008a660000, 0x0000000100000000, 0x0000000100000000)
 Metaspace       used 84173K, capacity 89551K, committed 89812K, reserved 1128448K
  class space    used 10272K, capacity 10642K, committed 10740K, reserved 1048576K
}
2017-08-01T05:32:48.826+0000: 24080.854: Total time for which application threads were stopped: 0.0236176 seconds, Stopping threads took: 0.0000703 seconds
2017-08-01T05:33:27.830+0000: 24119.858: Total time for which application threads were stopped: 0.0001396 seconds, Stopping threads took: 0.0000422 seconds
{Heap before GC invocations=284 (full 3):
 par new generation   total 153344K, used 141682K [0x0000000080000000, 0x000000008a660000, 0x000000008a660000)
  eden space 136320K, 100% used [0x0000000080000000, 0x0000000088520000, 0x0000000088520000)
  from space 17024K,  31% used [0x0000000088520000, 0x0000000088a5cbf0, 0x00000000895c0000)
  to   space 17024K,   0% used [0x00000000895c0000, 0x00000000895c0000, 0x000000008a660000)
 concurrent mark-sweep generation total 1926784K, used 290329K [0x000000008a660000, 0x0000000100000000, 0x0000000100000000)
 Metaspace       used 84173K, capacity 89551K, committed 89812K, reserved 1128448K
  class space    used 10272K, capacity 10642K, committed 10740K, reserved 1048576K
2017-08-01T05:34:30.924+0000: 24182.952: [GC (Allocation Failure) Before GC:
Statistics for BinaryTreeDictionary:
------------------------------------
Total Free Space: 209303866
Max   Chunk Size: 209303866
Number of Blocks: 1
Av.  Block  Size: 209303866
Tree      Height: 1
2017-08-01T05:34:30.924+0000: 24182.952: [ParNew
Desired survivor size 8716288 bytes, new threshold 6 (max 6)
- age   1:    1225176 bytes,    1225176 total
- age   2:     667576 bytes,    1892752 total
- age   3:     642952 bytes,    2535704 total
- age   4:     601576 bytes,    3137280 total
- age   5:     587568 bytes,    3724848 total
- age   6:     585840 bytes,    4310688 total
: 141682K->7719K(153344K), 0.0229787 secs] 432012K->298618K(2080128K)After GC:
Statistics for BinaryTreeDictionary:
------------------------------------
Total Free Space: 209230276
Max   Chunk Size: 209230276
Number of Blocks: 1
Av.  Block  Size: 209230276
Tree      Height: 1
, 0.0230920 secs] [Times: user=0.06 sys=0.00, real=0.02 secs] 
Heap after GC invocations=285 (full 3):
 par new generation   total 153344K, used 7719K [0x0000000080000000, 0x000000008a660000, 0x000000008a660000)
  eden space 136320K,   0% used [0x0000000080000000, 0x0000000080000000, 0x0000000088520000)
  from space 17024K,  45% used [0x00000000895c0000, 0x0000000089d49d90, 0x000000008a660000)
  to   space 17024K,   0% used [0x0000000088520000, 0x0000000088520000, 0x00000000895c0000)
 concurrent mark-sweep generation total 1926784K, used 290899K [0x000000008a660000, 0x0000000100000000, 0x0000000100000000)
 Metaspace       used 84173K, capacity 89551K, committed 89812K, reserved 1128448K
  class space    used 10272K, capacity 10642K, committed 10740K, reserved 1048576K
}
2017-08-01T05:34:30.947+0000: 24182.975: Total time for which application threads were stopped: 0.0233362 seconds, Stopping threads took: 0.0000386 seconds
{Heap before GC invocations=285 (full 3):
 par new generation   total 153344K, used 144039K [0x0000000080000000, 0x000000008a660000, 0x000000008a660000)
  eden space 136320K, 100% used [0x0000000080000000, 0x0000000088520000, 0x0000000088520000)
  from space 17024K,  45% used [0x00000000895c0000, 0x0000000089d49d90, 0x000000008a660000)
  to   space 17024K,   0% used [0x0000000088520000, 0x0000000088520000, 0x00000000895c0000)
 concurrent mark-sweep generation total 1926784K, used 290899K [0x000000008a660000, 0x0000000100000000, 0x0000000100000000)
 Metaspace       used 84173K, capacity 89551K, committed 89812K, reserved 1128448K
  class space    used 10272K, capacity 10642K, committed 10740K, reserved 1048576K
2017-08-01T05:36:02.762+0000: 24274.790: [GC (Allocation Failure) Before GC:
Statistics for BinaryTreeDictionary:
------------------------------------
Total Free Space: 209230276
Max   Chunk Size: 209230276
Number of Blocks: 1
Av.  Block  Size: 209230276
Tree      Height: 1
2017-08-01T05:36:02.763+0000: 24274.790: [ParNew
Desired survivor size 8716288 bytes, new threshold 6 (max 6)
- age   1:    1233136 bytes,    1233136 total
- age   2:     698320 bytes,    1931456 total
- age   3:     611536 bytes,    2542992 total
- age   4:     622376 bytes,    3165368 total
- age   5:     587960 bytes,    3753328 total
- age   6:     575832 bytes,    4329160 total
: 144039K->5085K(153344K), 0.0242268 secs] 434938K->296557K(2080128K)After GC:
Statistics for BinaryTreeDictionary:
------------------------------------
Total Free Space: 209157565
Max   Chunk Size: 209157565
Number of Blocks: 1
Av.  Block  Size: 209157565
Tree      Height: 1
, 0.0243220 secs] [Times: user=0.05 sys=0.00, real=0.02 secs] 
Heap after GC invocations=286 (full 3):
 par new generation   total 153344K, used 5085K [0x0000000080000000, 0x000000008a660000, 0x000000008a660000)
  eden space 136320K,   0% used [0x0000000080000000, 0x0000000080000000, 0x0000000088520000)
  from space 17024K,  29% used [0x0000000088520000, 0x0000000088a17660, 0x00000000895c0000)
  to   space 17024K,   0% used [0x00000000895c0000, 0x00000000895c0000, 0x000000008a660000)
 concurrent mark-sweep generation total 1926784K, used 291472K [0x000000008a660000, 0x0000000100000000, 0x0000000100000000)
 Metaspace       used 84173K, capacity 89551K, committed 89812K, reserved 1128448K
  class space    used 10272K, capacity 10642K, committed 10740K, reserved 1048576K
}
2017-08-01T05:36:02.787+0000: 24274.815: Total time for which application threads were stopped: 0.0245680 seconds, Stopping threads took: 0.0000615 seconds
{Heap before GC invocations=286 (full 3):
 par new generation   total 153344K, used 141405K [0x0000000080000000, 0x000000008a660000, 0x000000008a660000)
  eden space 136320K, 100% used [0x0000000080000000, 0x0000000088520000, 0x0000000088520000)
  from space 17024K,  29% used [0x0000000088520000, 0x0000000088a17660, 0x00000000895c0000)
  to   space 17024K,   0% used [0x00000000895c0000, 0x00000000895c0000, 0x000000008a660000)
 concurrent mark-sweep generation total 1926784K, used 291472K [0x000000008a660000, 0x0000000100000000, 0x0000000100000000)
 Metaspace       used 84173K, capacity 89551K, committed 89812K, reserved 1128448K
  class space    used 10272K, capacity 10642K, committed 10740K, reserved 1048576K
2017-08-01T05:37:36.118+0000: 24368.146: [GC (Allocation Failure) Before GC:
Statistics for BinaryTreeDictionary:
------------------------------------
Total Free Space: 209157565
Max   Chunk Size: 209157565
Number of Blocks: 1
Av.  Block  Size: 209157565
Tree      Height: 1
2017-08-01T05:37:36.118+0000: 24368.146: [ParNew
Desired survivor size 8716288 bytes, new threshold 6 (max 6)
- age   1:    1177568 bytes,    1177568 total
- age   2:     678584 bytes,    1856152 total
- age   3:     635128 bytes,    2491280 total
- age   4:     594544 bytes,    3085824 total
- age   5:     605432 bytes,    3691256 total
- age   6:     576336 bytes,    4267592 total
: 141405K->5705K(153344K), 0.0246608 secs] 432877K->297743K(2080128K)After GC:
Statistics for BinaryTreeDictionary:
------------------------------------
Total Free Space: 209084000
Max   Chunk Size: 209084000
Number of Blocks: 1
Av.  Block  Size: 209084000
Tree      Height: 1
, 0.0247537 secs] [Times: user=0.06 sys=0.00, real=0.03 secs] 
Heap after GC invocations=287 (full 3):
 par new generation   total 153344K, used 5705K [0x0000000080000000, 0x000000008a660000, 0x000000008a660000)
  eden space 136320K,   0% used [0x0000000080000000, 0x0000000080000000, 0x0000000088520000)
  from space 17024K,  33% used [0x00000000895c0000, 0x0000000089b52668, 0x000000008a660000)
  to   space 17024K,   0% used [0x0000000088520000, 0x0000000088520000, 0x00000000895c0000)
 concurrent mark-sweep generation total 1926784K, used 292037K [0x000000008a660000, 0x0000000100000000, 0x0000000100000000)
 Metaspace       used 84173K, capacity 89551K, committed 89812K, reserved 1128448K
  class space    used 10272K, capacity 10642K, committed 10740K, reserved 1048576K
}
2017-08-01T05:37:36.143+0000: 24368.171: Total time for which application threads were stopped: 0.0250107 seconds, Stopping threads took: 0.0000665 seconds
{Heap before GC invocations=287 (full 3):
 par new generation   total 153344K, used 142025K [0x0000000080000000, 0x000000008a660000, 0x000000008a660000)
  eden space 136320K, 100% used [0x0000000080000000, 0x0000000088520000, 0x0000000088520000)
  from space 17024K,  33% used [0x00000000895c0000, 0x0000000089b52668, 0x000000008a660000)
  to   space 17024K,   0% used [0x0000000088520000, 0x0000000088520000, 0x00000000895c0000)
 concurrent mark-sweep generation total 1926784K, used 292037K [0x000000008a660000, 0x0000000100000000, 0x0000000100000000)
 Metaspace       used 84173K, capacity 89551K, committed 89812K, reserved 1128448K
  class space    used 10272K, capacity 10642K, committed 10740K, reserved 1048576K
2017-08-01T05:39:17.105+0000: 24469.133: [GC (Allocation Failure) Before GC:
Statistics for BinaryTreeDictionary:
------------------------------------
Total Free Space: 209084000
Max   Chunk Size: 209084000
Number of Blocks: 1
Av.  Block  Size: 209084000
Tree      Height: 1
2017-08-01T05:39:17.105+0000: 24469.133: [ParNew
Desired survivor size 8716288 bytes, new threshold 6 (max 6)
- age   1:    1291152 bytes,    1291152 total
- age   2:     641376 bytes,    1932528 total
- age   3:     619560 bytes,    2552088 total
- age   4:     611424 bytes,    3163512 total
- age   5:     574920 bytes,    3738432 total
- age   6:     592272 bytes,    4330704 total
: 142025K->6110K(153344K), 0.0247697 secs] 434063K->298713K(2080128K)After GC:
Statistics for BinaryTreeDictionary:
------------------------------------
Total Free Space: 209013526
Max   Chunk Size: 209013526
Number of Blocks: 1
Av.  Block  Size: 209013526
Tree      Height: 1
, 0.0248667 secs] [Times: user=0.06 sys=0.00, real=0.02 secs] 
Heap after GC invocations=288 (full 3):
 par new generation   total 153344K, used 6110K [0x0000000080000000, 0x000000008a660000, 0x000000008a660000)
  eden space 136320K,   0% used [0x0000000080000000, 0x0000000080000000, 0x0000000088520000)
  from space 17024K,  35% used [0x0000000088520000, 0x0000000088b17bc8, 0x00000000895c0000)
  to   space 17024K,   0% used [0x00000000895c0000, 0x00000000895c0000, 0x000000008a660000)
 concurrent mark-sweep generation total 1926784K, used 292602K [0x000000008a660000, 0x0000000100000000, 0x0000000100000000)
 Metaspace       used 84173K, capacity 89551K, committed 89812K, reserved 1128448K
  class space    used 10272K, capacity 10642K, committed 10740K, reserved 1048576K
}
2017-08-01T05:39:17.130+0000: 24469.158: Total time for which application threads were stopped: 0.0251269 seconds, Stopping threads took: 0.0000746 seconds
{Heap before GC invocations=288 (full 3):
 par new generation   total 153344K, used 142430K [0x0000000080000000, 0x000000008a660000, 0x000000008a660000)
  eden space 136320K, 100% used [0x0000000080000000, 0x0000000088520000, 0x0000000088520000)
  from space 17024K,  35% used [0x0000000088520000, 0x0000000088b17bc8, 0x00000000895c0000)
  to   space 17024K,   0% used [0x00000000895c0000, 0x00000000895c0000, 0x000000008a660000)
 concurrent mark-sweep generation total 1926784K, used 292602K [0x000000008a660000, 0x0000000100000000, 0x0000000100000000)
 Metaspace       used 84173K, capacity 89551K, committed 89812K, reserved 1128448K
  class space    used 10272K, capacity 10642K, committed 10740K, reserved 1048576K
2017-08-01T05:40:50.549+0000: 24562.576: [GC (Allocation Failure) Before GC:
Statistics for BinaryTreeDictionary:
------------------------------------
Total Free Space: 209013526
Max   Chunk Size: 209013526
Number of Blocks: 1
Av.  Block  Size: 209013526
Tree      Height: 1
2017-08-01T05:40:50.549+0000: 24562.576: [ParNew
Desired survivor size 8716288 bytes, new threshold 6 (max 6)
- age   1:    1247216 bytes,    1247216 total
- age   2:     715168 bytes,    1962384 total
- age   3:     593944 bytes,    2556328 total
- age   4:     596520 bytes,    3152848 total
- age   5:     596432 bytes,    3749280 total
- age   6:     563648 bytes,    4312928 total
: 142430K->8367K(153344K), 0.0229820 secs] 435033K->301551K(2080128K)After GC:
Statistics for BinaryTreeDictionary:
------------------------------------
Total Free Space: 208939908
Max   Chunk Size: 208939908
Number of Blocks: 1
Av.  Block  Size: 208939908
Tree      Height: 1
, 0.0230640 secs] [Times: user=0.06 sys=0.00, real=0.03 secs] 
Heap after GC invocations=289 (full 3):
 par new generation   total 153344K, used 8367K [0x0000000080000000, 0x000000008a660000, 0x000000008a660000)
  eden space 136320K,   0% used [0x0000000080000000, 0x0000000080000000, 0x0000000088520000)
  from space 17024K,  49% used [0x00000000895c0000, 0x0000000089debd10, 0x000000008a660000)
  to   space 17024K,   0% used [0x0000000088520000, 0x0000000088520000, 0x00000000895c0000)
 concurrent mark-sweep generation total 1926784K, used 293183K [0x000000008a660000, 0x0000000100000000, 0x0000000100000000)
 Metaspace       used 84173K, capacity 89551K, committed 89812K, reserved 1128448K
  class space    used 10272K, capacity 10642K, committed 10740K, reserved 1048576K
}
2017-08-01T05:40:50.572+0000: 24562.599: Total time for which application threads were stopped: 0.0233200 seconds, Stopping threads took: 0.0000789 seconds
{Heap before GC invocations=289 (full 3):
 par new generation   total 153344K, used 144687K [0x0000000080000000, 0x000000008a660000, 0x000000008a660000)
  eden space 136320K, 100% used [0x0000000080000000, 0x0000000088520000, 0x0000000088520000)
  from space 17024K,  49% used [0x00000000895c0000, 0x0000000089debd10, 0x000000008a660000)
  to   space 17024K,   0% used [0x0000000088520000, 0x0000000088520000, 0x00000000895c0000)
 concurrent mark-sweep generation total 1926784K, used 293183K [0x000000008a660000, 0x0000000100000000, 0x0000000100000000)
 Metaspace       used 84173K, capacity 89551K, committed 89812K, reserved 1128448K
  class space    used 10272K, capacity 10642K, committed 10740K, reserved 1048576K
2017-08-01T05:42:30.928+0000: 24662.955: [GC (Allocation Failure) Before GC:
Statistics for BinaryTreeDictionary:
------------------------------------
Total Free Space: 208939908
Max   Chunk Size: 208939908
Number of Blocks: 1
Av.  Block  Size: 208939908
Tree      Height: 1
2017-08-01T05:42:30.928+0000: 24662.956: [ParNew
Desired survivor size 8716288 bytes, new threshold 6 (max 6)
- age   1:    1230336 bytes,    1230336 total
- age   2:     673736 bytes,    1904072 total
- age   3:     649000 bytes,    2553072 total
- age   4:     573136 bytes,    3126208 total
- age   5:     581312 bytes,    3707520 total
- age   6:     586416 bytes,    4293936 total
: 144687K->5251K(153344K), 0.0287894 secs] 437871K->298987K(2080128K)After GC:
Statistics for BinaryTreeDictionary:
------------------------------------
Total Free Space: 208867318
Max   Chunk Size: 208867318
Number of Blocks: 1
Av.  Block  Size: 208867318
Tree      Height: 1
, 0.0288948 secs] [Times: user=0.06 sys=0.00, real=0.03 secs] 
Heap after GC invocations=290 (full 3):
 par new generation   total 153344K, used 5251K [0x0000000080000000, 0x000000008a660000, 0x000000008a660000)
  eden space 136320K,   0% used [0x0000000080000000, 0x0000000080000000, 0x0000000088520000)
  from space 17024K,  30% used [0x0000000088520000, 0x0000000088a40e60, 0x00000000895c0000)
  to   space 17024K,   0% used [0x00000000895c0000, 0x00000000895c0000, 0x000000008a660000)
 concurrent mark-sweep generation total 1926784K, used 293735K [0x000000008a660000, 0x0000000100000000, 0x0000000100000000)
 Metaspace       used 84173K, capacity 89551K, committed 89812K, reserved 1128448K
  class space    used 10272K, capacity 10642K, committed 10740K, reserved 1048576K
}
2017-08-01T05:42:30.957+0000: 24662.984: Total time for which application threads were stopped: 0.0291628 seconds, Stopping threads took: 0.0000330 seconds
2017-08-01T05:43:48.965+0000: 24740.993: Total time for which application threads were stopped: 0.0001857 seconds, Stopping threads took: 0.0000733 seconds
{Heap before GC invocations=290 (full 3):
 par new generation   total 153344K, used 141571K [0x0000000080000000, 0x000000008a660000, 0x000000008a660000)
  eden space 136320K, 100% used [0x0000000080000000, 0x0000000088520000, 0x0000000088520000)
  from space 17024K,  30% used [0x0000000088520000, 0x0000000088a40e60, 0x00000000895c0000)
  to   space 17024K,   0% used [0x00000000895c0000, 0x00000000895c0000, 0x000000008a660000)
 concurrent mark-sweep generation total 1926784K, used 293735K [0x000000008a660000, 0x0000000100000000, 0x0000000100000000)
 Metaspace       used 84173K, capacity 89551K, committed 89812K, reserved 1128448K
  class space    used 10272K, capacity 10642K, committed 10740K, reserved 1048576K
2017-08-01T05:44:04.775+0000: 24756.803: [GC (Allocation Failure) Before GC:
Statistics for BinaryTreeDictionary:
------------------------------------
Total Free Space: 208867318
Max   Chunk Size: 208867318
Number of Blocks: 1
Av.  Block  Size: 208867318
Tree      Height: 1
2017-08-01T05:44:04.775+0000: 24756.803: [ParNew
Desired survivor size 8716288 bytes, new threshold 6 (max 6)
- age   1:    1260576 bytes,    1260576 total
- age   2:     692216 bytes,    1952792 total
- age   3:     618744 bytes,    2571536 total
- age   4:     629960 bytes,    3201496 total
- age   5:     555952 bytes,    3757448 total
- age   6:     571808 bytes,    4329256 total
: 141571K->5696K(153344K), 0.0248109 secs] 435307K->300005K(2080128K)After GC:
Statistics for BinaryTreeDictionary:
------------------------------------
Total Free Space: 208794826
Max   Chunk Size: 208794826
Number of Blocks: 1
Av.  Block  Size: 208794826
Tree      Height: 1
, 0.0249060 secs] [Times: user=0.07 sys=0.00, real=0.02 secs] 
Heap after GC invocations=291 (full 3):
 par new generation   total 153344K, used 5696K [0x0000000080000000, 0x000000008a660000, 0x000000008a660000)
  eden space 136320K,   0% used [0x0000000080000000, 0x0000000080000000, 0x0000000088520000)
  from space 17024K,  33% used [0x00000000895c0000, 0x0000000089b50288, 0x000000008a660000)
  to   space 17024K,   0% used [0x0000000088520000, 0x0000000088520000, 0x00000000895c0000)
 concurrent mark-sweep generation total 1926784K, used 294308K [0x000000008a660000, 0x0000000100000000, 0x0000000100000000)
 Metaspace       used 84173K, capacity 89551K, committed 89812K, reserved 1128448K
  class space    used 10272K, capacity 10642K, committed 10740K, reserved 1048576K
}
2017-08-01T05:44:04.800+0000: 24756.828: Total time for which application threads were stopped: 0.0257091 seconds, Stopping threads took: 0.0006178 seconds
2017-08-01T05:44:23.804+0000: 24775.832: Total time for which application threads were stopped: 0.0001575 seconds, Stopping threads took: 0.0000516 seconds
2017-08-01T05:44:27.805+0000: 24779.832: Total time for which application threads were stopped: 0.0001415 seconds, Stopping threads took: 0.0000419 seconds
{Heap before GC invocations=291 (full 3):
 par new generation   total 153344K, used 142016K [0x0000000080000000, 0x000000008a660000, 0x000000008a660000)
  eden space 136320K, 100% used [0x0000000080000000, 0x0000000088520000, 0x0000000088520000)
  from space 17024K,  33% used [0x00000000895c0000, 0x0000000089b50288, 0x000000008a660000)
  to   space 17024K,   0% used [0x0000000088520000, 0x0000000088520000, 0x00000000895c0000)
 concurrent mark-sweep generation total 1926784K, used 294308K [0x000000008a660000, 0x0000000100000000, 0x0000000100000000)
 Metaspace       used 84173K, capacity 89551K, committed 89812K, reserved 1128448K
  class space    used 10272K, capacity 10642K, committed 10740K, reserved 1048576K
2017-08-01T05:45:39.639+0000: 24851.667: [GC (Allocation Failure) Before GC:
Statistics for BinaryTreeDictionary:
------------------------------------
Total Free Space: 208794826
Max   Chunk Size: 208794826
Number of Blocks: 1
Av.  Block  Size: 208794826
Tree      Height: 1
2017-08-01T05:45:39.640+0000: 24851.667: [ParNew
Desired survivor size 8716288 bytes, new threshold 6 (max 6)
- age   1:    1218200 bytes,    1218200 total
- age   2:     683768 bytes,    1901968 total
- age   3:     635072 bytes,    2537040 total
- age   4:     598640 bytes,    3135680 total
- age   5:     613712 bytes,    3749392 total
- age   6:     546432 bytes,    4295824 total
: 142016K->6175K(153344K), 0.0242219 secs] 436325K->301045K(2080128K)After GC:
Statistics for BinaryTreeDictionary:
------------------------------------
Total Free Space: 208722158
Max   Chunk Size: 208722158
Number of Blocks: 1
Av.  Block  Size: 208722158
Tree      Height: 1
, 0.0243219 secs] [Times: user=0.06 sys=0.00, real=0.03 secs] 
Heap after GC invocations=292 (full 3):
 par new generation   total 153344K, used 6175K [0x0000000080000000, 0x000000008a660000, 0x000000008a660000)
  eden space 136320K,   0% used [0x0000000080000000, 0x0000000080000000, 0x0000000088520000)
  from space 17024K,  36% used [0x0000000088520000, 0x0000000088b27d68, 0x00000000895c0000)
  to   space 17024K,   0% used [0x00000000895c0000, 0x00000000895c0000, 0x000000008a660000)
 concurrent mark-sweep generation total 1926784K, used 294869K [0x000000008a660000, 0x0000000100000000, 0x0000000100000000)
 Metaspace       used 84173K, capacity 89551K, committed 89812K, reserved 1128448K
  class space    used 10272K, capacity 10642K, committed 10740K, reserved 1048576K
}
2017-08-01T05:45:39.664+0000: 24851.692: Total time for which application threads were stopped: 0.0245864 seconds, Stopping threads took: 0.0000757 seconds
{Heap before GC invocations=292 (full 3):
 par new generation   total 153344K, used 142495K [0x0000000080000000, 0x000000008a660000, 0x000000008a660000)
  eden space 136320K, 100% used [0x0000000080000000, 0x0000000088520000, 0x0000000088520000)
  from space 17024K,  36% used [0x0000000088520000, 0x0000000088b27d68, 0x00000000895c0000)
  to   space 17024K,   0% used [0x00000000895c0000, 0x00000000895c0000, 0x000000008a660000)
 concurrent mark-sweep generation total 1926784K, used 294869K [0x000000008a660000, 0x0000000100000000, 0x0000000100000000)
 Metaspace       used 84173K, capacity 89551K, committed 89812K, reserved 1128448K
  class space    used 10272K, capacity 10642K, committed 10740K, reserved 1048576K
2017-08-01T05:47:23.343+0000: 24955.371: [GC (Allocation Failure) Before GC:
Statistics for BinaryTreeDictionary:
------------------------------------
Total Free Space: 208722158
Max   Chunk Size: 208722158
Number of Blocks: 1
Av.  Block  Size: 208722158
Tree      Height: 1
2017-08-01T05:47:23.343+0000: 24955.371: [ParNew
Desired survivor size 8716288 bytes, new threshold 6 (max 6)
- age   1:    1223688 bytes,    1223688 total
- age   2:     636712 bytes,    1860400 total
- age   3:     626096 bytes,    2486496 total
- age   4:     610776 bytes,    3097272 total
- age   5:     583512 bytes,    3680784 total
- age   6:     603784 bytes,    4284568 total
: 142495K->6259K(153344K), 0.0237067 secs] 437365K->301662K(2080128K)After GC:
Statistics for BinaryTreeDictionary:
------------------------------------
Total Free Space: 208653645
Max   Chunk Size: 208653645
Number of Blocks: 1
Av.  Block  Size: 208653645
Tree      Height: 1
, 0.0237927 secs] [Times: user=0.06 sys=0.00, real=0.02 secs] 
Heap after GC invocations=293 (full 3):
 par new generation   total 153344K, used 6259K [0x0000000080000000, 0x000000008a660000, 0x000000008a660000)
  eden space 136320K,   0% used [0x0000000080000000, 0x0000000080000000, 0x0000000088520000)
  from space 17024K,  36% used [0x00000000895c0000, 0x0000000089bdcd78, 0x000000008a660000)
  to   space 17024K,   0% used [0x0000000088520000, 0x0000000088520000, 0x00000000895c0000)
 concurrent mark-sweep generation total 1926784K, used 295402K [0x000000008a660000, 0x0000000100000000, 0x0000000100000000)
 Metaspace       used 84173K, capacity 89551K, committed 89812K, reserved 1128448K
  class space    used 10272K, capacity 10642K, committed 10740K, reserved 1048576K
}
2017-08-01T05:47:23.367+0000: 24955.395: Total time for which application threads were stopped: 0.0240482 seconds, Stopping threads took: 0.0000515 seconds
2017-08-01T05:47:24.367+0000: 24956.395: Total time for which application threads were stopped: 0.0001346 seconds, Stopping threads took: 0.0000385 seconds
2017-08-01T05:47:27.368+0000: 24959.395: Total time for which application threads were stopped: 0.0001514 seconds, Stopping threads took: 0.0000542 seconds
{Heap before GC invocations=293 (full 3):
 par new generation   total 153344K, used 142579K [0x0000000080000000, 0x000000008a660000, 0x000000008a660000)
  eden space 136320K, 100% used [0x0000000080000000, 0x0000000088520000, 0x0000000088520000)
  from space 17024K,  36% used [0x00000000895c0000, 0x0000000089bdcd78, 0x000000008a660000)
  to   space 17024K,   0% used [0x0000000088520000, 0x0000000088520000, 0x00000000895c0000)
 concurrent mark-sweep generation total 1926784K, used 295402K [0x000000008a660000, 0x0000000100000000, 0x0000000100000000)
 Metaspace       used 84173K, capacity 89551K, committed 89812K, reserved 1128448K
  class space    used 10272K, capacity 10642K, committed 10740K, reserved 1048576K
2017-08-01T05:49:00.694+0000: 25052.722: [GC (Allocation Failure) Before GC:
Statistics for BinaryTreeDictionary:
------------------------------------
Total Free Space: 208653645
Max   Chunk Size: 208653645
Number of Blocks: 1
Av.  Block  Size: 208653645
Tree      Height: 1
2017-08-01T05:49:00.694+0000: 25052.722: [ParNew
Desired survivor size 8716288 bytes, new threshold 6 (max 6)
- age   1:    1116136 bytes,    1116136 total
- age   2:     705840 bytes,    1821976 total
- age   3:     589408 bytes,    2411384 total
- age   4:     610256 bytes,    3021640 total
- age   5:     597184 bytes,    3618824 total
- age   6:     572840 bytes,    4191664 total
: 142579K->6265K(153344K), 0.0231251 secs] 437982K->302261K(2080128K)After GC:
Statistics for BinaryTreeDictionary:
------------------------------------
Total Free Space: 208580107
Max   Chunk Size: 208580107
Number of Blocks: 1
Av.  Block  Size: 208580107
Tree      Height: 1
, 0.0232324 secs] [Times: user=0.06 sys=0.00, real=0.02 secs] 
Heap after GC invocations=294 (full 3):
 par new generation   total 153344K, used 6265K [0x0000000080000000, 0x000000008a660000, 0x000000008a660000)
  eden space 136320K,   0% used [0x0000000080000000, 0x0000000080000000, 0x0000000088520000)
  from space 17024K,  36% used [0x0000000088520000, 0x0000000088b3e580, 0x00000000895c0000)
  to   space 17024K,   0% used [0x00000000895c0000, 0x00000000895c0000, 0x000000008a660000)
 concurrent mark-sweep generation total 1926784K, used 295996K [0x000000008a660000, 0x0000000100000000, 0x0000000100000000)
 Metaspace       used 84173K, capacity 89551K, committed 89812K, reserved 1128448K
  class space    used 10272K, capacity 10642K, committed 10740K, reserved 1048576K
}
2017-08-01T05:49:00.717+0000: 25052.745: Total time for which application threads were stopped: 0.0235038 seconds, Stopping threads took: 0.0000560 seconds
{Heap before GC invocations=294 (full 3):
 par new generation   total 153344K, used 142585K [0x0000000080000000, 0x000000008a660000, 0x000000008a660000)
  eden space 136320K, 100% used [0x0000000080000000, 0x0000000088520000, 0x0000000088520000)
  from space 17024K,  36% used [0x0000000088520000, 0x0000000088b3e580, 0x00000000895c0000)
  to   space 17024K,   0% used [0x00000000895c0000, 0x00000000895c0000, 0x000000008a660000)
 concurrent mark-sweep generation total 1926784K, used 295996K [0x000000008a660000, 0x0000000100000000, 0x0000000100000000)
 Metaspace       used 84173K, capacity 89551K, committed 89812K, reserved 1128448K
  class space    used 10272K, capacity 10642K, committed 10740K, reserved 1048576K
2017-08-01T05:50:33.505+0000: 25145.533: [GC (Allocation Failure) Before GC:
Statistics for BinaryTreeDictionary:
------------------------------------
Total Free Space: 208580107
Max   Chunk Size: 208580107
Number of Blocks: 1
Av.  Block  Size: 208580107
Tree      Height: 1
2017-08-01T05:50:33.506+0000: 25145.533: [ParNew
Desired survivor size 8716288 bytes, new threshold 6 (max 6)
- age   1:    1287672 bytes,    1287672 total
- age   2:     602608 bytes,    1890280 total
- age   3:     642944 bytes,    2533224 total
- age   4:     568488 bytes,    3101712 total
- age   5:     593536 bytes,    3695248 total
- age   6:     586344 bytes,    4281592 total
: 142585K->6165K(153344K), 0.0234388 secs] 438581K->302721K(2080128K)After GC:
Statistics for BinaryTreeDictionary:
------------------------------------
Total Free Space: 208506779
Max   Chunk Size: 208506779
Number of Blocks: 1
Av.  Block  Size: 208506779
Tree      Height: 1
, 0.0235351 secs] [Times: user=0.06 sys=0.00, real=0.02 secs] 
Heap after GC invocations=295 (full 3):
 par new generation   total 153344K, used 6165K [0x0000000080000000, 0x000000008a660000, 0x000000008a660000)
  eden space 136320K,   0% used [0x0000000080000000, 0x0000000080000000, 0x0000000088520000)
  from space 17024K,  36% used [0x00000000895c0000, 0x0000000089bc5568, 0x000000008a660000)
  to   space 17024K,   0% used [0x0000000088520000, 0x0000000088520000, 0x00000000895c0000)
 concurrent mark-sweep generation total 1926784K, used 296556K [0x000000008a660000, 0x0000000100000000, 0x0000000100000000)
 Metaspace       used 84173K, capacity 89551K, committed 89812K, reserved 1128448K
  class space    used 10272K, capacity 10642K, committed 10740K, reserved 1048576K
}
2017-08-01T05:50:33.529+0000: 25145.557: Total time for which application threads were stopped: 0.0237940 seconds, Stopping threads took: 0.0000767 seconds
{Heap before GC invocations=295 (full 3):
 par new generation   total 153344K, used 142485K [0x0000000080000000, 0x000000008a660000, 0x000000008a660000)
  eden space 136320K, 100% used [0x0000000080000000, 0x0000000088520000, 0x0000000088520000)
  from space 17024K,  36% used [0x00000000895c0000, 0x0000000089bc5568, 0x000000008a660000)
  to   space 17024K,   0% used [0x0000000088520000, 0x0000000088520000, 0x00000000895c0000)
 concurrent mark-sweep generation total 1926784K, used 296556K [0x000000008a660000, 0x0000000100000000, 0x0000000100000000)
 Metaspace       used 84173K, capacity 89551K, committed 89812K, reserved 1128448K
  class space    used 10272K, capacity 10642K, committed 10740K, reserved 1048576K
2017-08-01T05:52:16.444+0000: 25248.472: [GC (Allocation Failure) Before GC:
Statistics for BinaryTreeDictionary:
------------------------------------
Total Free Space: 208506779
Max   Chunk Size: 208506779
Number of Blocks: 1
Av.  Block  Size: 208506779
Tree      Height: 1
2017-08-01T05:52:16.444+0000: 25248.472: [ParNew
Desired survivor size 8716288 bytes, new threshold 6 (max 6)
- age   1:    1446416 bytes,    1446416 total
- age   2:     664840 bytes,    2111256 total
- age   3:     542064 bytes,    2653320 total
- age   4:     613408 bytes,    3266728 total
- age   5:     552224 bytes,    3818952 total
- age   6:     580112 bytes,    4399064 total
: 142485K->8316K(153344K), 0.0239035 secs] 439041K->305446K(2080128K)After GC:
Statistics for BinaryTreeDictionary:
------------------------------------
Total Free Space: 208431244
Max   Chunk Size: 208431244
Number of Blocks: 1
Av.  Block  Size: 208431244
Tree      Height: 1
, 0.0239902 secs] [Times: user=0.06 sys=0.00, real=0.02 secs] 
Heap after GC invocations=296 (full 3):
 par new generation   total 153344K, used 8316K [0x0000000080000000, 0x000000008a660000, 0x000000008a660000)
  eden space 136320K,   0% used [0x0000000080000000, 0x0000000080000000, 0x0000000088520000)
  from space 17024K,  48% used [0x0000000088520000, 0x0000000088d3f3b8, 0x00000000895c0000)
  to   space 17024K,   0% used [0x00000000895c0000, 0x00000000895c0000, 0x000000008a660000)
 concurrent mark-sweep generation total 1926784K, used 297129K [0x000000008a660000, 0x0000000100000000, 0x0000000100000000)
 Metaspace       used 84173K, capacity 89551K, committed 89812K, reserved 1128448K
  class space    used 10272K, capacity 10642K, committed 10740K, reserved 1048576K
}
2017-08-01T05:52:16.468+0000: 25248.496: Total time for which application threads were stopped: 0.0242703 seconds, Stopping threads took: 0.0000518 seconds
{Heap before GC invocations=296 (full 3):
 par new generation   total 153344K, used 144636K [0x0000000080000000, 0x000000008a660000, 0x000000008a660000)
  eden space 136320K, 100% used [0x0000000080000000, 0x0000000088520000, 0x0000000088520000)
  from space 17024K,  48% used [0x0000000088520000, 0x0000000088d3f3b8, 0x00000000895c0000)
  to   space 17024K,   0% used [0x00000000895c0000, 0x00000000895c0000, 0x000000008a660000)
 concurrent mark-sweep generation total 1926784K, used 297129K [0x000000008a660000, 0x0000000100000000, 0x0000000100000000)
 Metaspace       used 84173K, capacity 89551K, committed 89812K, reserved 1128448K
  class space    used 10272K, capacity 10642K, committed 10740K, reserved 1048576K
2017-08-01T05:53:49.890+0000: 25341.918: [GC (Allocation Failure) Before GC:
Statistics for BinaryTreeDictionary:
------------------------------------
Total Free Space: 208431244
Max   Chunk Size: 208431244
Number of Blocks: 1
Av.  Block  Size: 208431244
Tree      Height: 1
2017-08-01T05:53:49.890+0000: 25341.918: [ParNew
Desired survivor size 8716288 bytes, new threshold 6 (max 6)
- age   1:    1192872 bytes,    1192872 total
- age   2:     812568 bytes,    2005440 total
- age   3:     617872 bytes,    2623312 total
- age   4:     524248 bytes,    3147560 total
- age   5:     600168 bytes,    3747728 total
- age   6:     543608 bytes,    4291336 total
: 144636K->5299K(153344K), 0.0242432 secs] 441766K->302995K(2080128K)After GC:
Statistics for BinaryTreeDictionary:
------------------------------------
Total Free Space: 208361852
Max   Chunk Size: 208361852
Number of Blocks: 1
Av.  Block  Size: 208361852
Tree      Height: 1
, 0.0243218 secs] [Times: user=0.07 sys=0.00, real=0.03 secs] 
Heap after GC invocations=297 (full 3):
 par new generation   total 153344K, used 5299K [0x0000000080000000, 0x000000008a660000, 0x000000008a660000)
  eden space 136320K,   0% used [0x0000000080000000, 0x0000000080000000, 0x0000000088520000)
  from space 17024K,  31% used [0x00000000895c0000, 0x0000000089aecf88, 0x000000008a660000)
  to   space 17024K,   0% used [0x0000000088520000, 0x0000000088520000, 0x00000000895c0000)
 concurrent mark-sweep generation total 1926784K, used 297696K [0x000000008a660000, 0x0000000100000000, 0x0000000100000000)
 Metaspace       used 84173K, capacity 89551K, committed 89812K, reserved 1128448K
  class space    used 10272K, capacity 10642K, committed 10740K, reserved 1048576K
}
2017-08-01T05:53:49.915+0000: 25341.942: Total time for which application threads were stopped: 0.0252138 seconds, Stopping threads took: 0.0006942 seconds
{Heap before GC invocations=297 (full 3):
 par new generation   total 153344K, used 141619K [0x0000000080000000, 0x000000008a660000, 0x000000008a660000)
  eden space 136320K, 100% used [0x0000000080000000, 0x0000000088520000, 0x0000000088520000)
  from space 17024K,  31% used [0x00000000895c0000, 0x0000000089aecf88, 0x000000008a660000)
  to   space 17024K,   0% used [0x0000000088520000, 0x0000000088520000, 0x00000000895c0000)
 concurrent mark-sweep generation total 1926784K, used 297696K [0x000000008a660000, 0x0000000100000000, 0x0000000100000000)
 Metaspace       used 84173K, capacity 89551K, committed 89812K, reserved 1128448K
  class space    used 10272K, capacity 10642K, committed 10740K, reserved 1048576K
2017-08-01T05:55:30.926+0000: 25442.953: [GC (Allocation Failure) Before GC:
Statistics for BinaryTreeDictionary:
------------------------------------
Total Free Space: 208361852
Max   Chunk Size: 208361852
Number of Blocks: 1
Av.  Block  Size: 208361852
Tree      Height: 1
2017-08-01T05:55:30.926+0000: 25442.953: [ParNew
Desired survivor size 8716288 bytes, new threshold 6 (max 6)
- age   1:    1174232 bytes,    1174232 total
- age   2:     551240 bytes,    1725472 total
- age   3:     715136 bytes,    2440608 total
- age   4:     598192 bytes,    3038800 total
- age   5:     514120 bytes,    3552920 total
- age   6:     589888 bytes,    4142808 total
: 141619K->7601K(153344K), 0.0257418 secs] 439315K->305829K(2080128K)After GC:
Statistics for BinaryTreeDictionary:
------------------------------------
Total Free Space: 208295976
Max   Chunk Size: 208295976
Number of Blocks: 1
Av.  Block  Size: 208295976
Tree      Height: 1
, 0.0258379 secs] [Times: user=0.06 sys=0.00, real=0.03 secs] 
Heap after GC invocations=298 (full 3):
 par new generation   total 153344K, used 7601K [0x0000000080000000, 0x000000008a660000, 0x000000008a660000)
  eden space 136320K,   0% used [0x0000000080000000, 0x0000000080000000, 0x0000000088520000)
  from space 17024K,  44% used [0x0000000088520000, 0x0000000088c8c758, 0x00000000895c0000)
  to   space 17024K,   0% used [0x00000000895c0000, 0x00000000895c0000, 0x000000008a660000)
 concurrent mark-sweep generation total 1926784K, used 298227K [0x000000008a660000, 0x0000000100000000, 0x0000000100000000)
 Metaspace       used 84173K, capacity 89551K, committed 89812K, reserved 1128448K
  class space    used 10272K, capacity 10642K, committed 10740K, reserved 1048576K
}
2017-08-01T05:55:30.952+0000: 25442.979: Total time for which application threads were stopped: 0.0261343 seconds, Stopping threads took: 0.0000444 seconds
2017-08-01T05:55:58.955+0000: 25470.982: Total time for which application threads were stopped: 0.0001682 seconds, Stopping threads took: 0.0000418 seconds
2017-08-01T05:56:58.963+0000: 25530.991: Total time for which application threads were stopped: 0.0001626 seconds, Stopping threads took: 0.0000452 seconds
{Heap before GC invocations=298 (full 3):
 par new generation   total 153344K, used 143921K [0x0000000080000000, 0x000000008a660000, 0x000000008a660000)
  eden space 136320K, 100% used [0x0000000080000000, 0x0000000088520000, 0x0000000088520000)
  from space 17024K,  44% used [0x0000000088520000, 0x0000000088c8c758, 0x00000000895c0000)
  to   space 17024K,   0% used [0x00000000895c0000, 0x00000000895c0000, 0x000000008a660000)
 concurrent mark-sweep generation total 1926784K, used 298227K [0x000000008a660000, 0x0000000100000000, 0x0000000100000000)
 Metaspace       used 84173K, capacity 89551K, committed 89812K, reserved 1128448K
  class space    used 10272K, capacity 10642K, committed 10740K, reserved 1048576K
2017-08-01T05:57:06.318+0000: 25538.346: [GC (Allocation Failure) Before GC:
Statistics for BinaryTreeDictionary:
------------------------------------
Total Free Space: 208295976
Max   Chunk Size: 208295976
Number of Blocks: 1
Av.  Block  Size: 208295976
Tree      Height: 1
2017-08-01T05:57:06.318+0000: 25538.346: [ParNew
Desired survivor size 8716288 bytes, new threshold 6 (max 6)
- age   1:    1265512 bytes,    1265512 total
- age   2:     601992 bytes,    1867504 total
- age   3:     495376 bytes,    2362880 total
- age   4:     672248 bytes,    3035128 total
- age   5:     587896 bytes,    3623024 total
- age   6:     506680 bytes,    4129704 total
: 143921K->4933K(153344K), 0.0228472 secs] 442149K->303740K(2080128K)After GC:
Statistics for BinaryTreeDictionary:
------------------------------------
Total Free Space: 208221448
Max   Chunk Size: 208221448
Number of Blocks: 1
Av.  Block  Size: 208221448
Tree      Height: 1
, 0.0229405 secs] [Times: user=0.05 sys=0.00, real=0.03 secs] 
Heap after GC invocations=299 (full 3):
 par new generation   total 153344K, used 4933K [0x0000000080000000, 0x000000008a660000, 0x000000008a660000)
  eden space 136320K,   0% used [0x0000000080000000, 0x0000000080000000, 0x0000000088520000)
  from space 17024K,  28% used [0x00000000895c0000, 0x0000000089a917b0, 0x000000008a660000)
  to   space 17024K,   0% used [0x0000000088520000, 0x0000000088520000, 0x00000000895c0000)
 concurrent mark-sweep generation total 1926784K, used 298806K [0x000000008a660000, 0x0000000100000000, 0x0000000100000000)
 Metaspace       used 84173K, capacity 89551K, committed 89812K, reserved 1128448K
  class space    used 10272K, capacity 10642K, committed 10740K, reserved 1048576K
}
2017-08-01T05:57:06.341+0000: 25538.369: Total time for which application threads were stopped: 0.0232128 seconds, Stopping threads took: 0.0000654 seconds
2017-08-01T05:57:14.584+0000: 25546.612: Total time for which application threads were stopped: 0.0001563 seconds, Stopping threads took: 0.0000549 seconds
2017-08-01T05:57:15.524+0000: 25547.552: Total time for which application threads were stopped: 0.0001744 seconds, Stopping threads took: 0.0000671 seconds
2017-08-01T05:57:15.526+0000: 25547.554: Total time for which application threads were stopped: 0.0001354 seconds, Stopping threads took: 0.0000726 seconds
2017-08-01T05:57:15.527+0000: 25547.555: Total time for which application threads were stopped: 0.0001786 seconds, Stopping threads took: 0.0000600 seconds
2017-08-01T05:57:15.528+0000: 25547.555: Total time for which application threads were stopped: 0.0001893 seconds, Stopping threads took: 0.0000798 seconds
2017-08-01T05:57:15.529+0000: 25547.557: Total time for which application threads were stopped: 0.0001421 seconds, Stopping threads took: 0.0000504 seconds
2017-08-01T05:57:15.532+0000: 25547.560: Total time for which application threads were stopped: 0.0007661 seconds, Stopping threads took: 0.0006937 seconds
2017-08-01T05:57:15.532+0000: 25547.560: Total time for which application threads were stopped: 0.0001190 seconds, Stopping threads took: 0.0000532 seconds
2017-08-01T05:57:16.532+0000: 25548.560: Total time for which application threads were stopped: 0.0003826 seconds, Stopping threads took: 0.0000582 seconds
2017-08-01T05:57:16.532+0000: 25548.560: Total time for which application threads were stopped: 0.0001315 seconds, Stopping threads took: 0.0000647 seconds
2017-08-01T05:57:16.534+0000: 25548.561: Total time for which application threads were stopped: 0.0007965 seconds, Stopping threads took: 0.0007264 seconds
2017-08-01T05:57:16.534+0000: 25548.562: Total time for which application threads were stopped: 0.0001288 seconds, Stopping threads took: 0.0000533 seconds
2017-08-01T05:57:16.534+0000: 25548.562: Total time for which application threads were stopped: 0.0001146 seconds, Stopping threads took: 0.0000463 seconds
2017-08-01T05:57:16.536+0000: 25548.563: Total time for which application threads were stopped: 0.0001133 seconds, Stopping threads took: 0.0000302 seconds
2017-08-01T05:57:16.536+0000: 25548.564: Total time for which application threads were stopped: 0.0001029 seconds, Stopping threads took: 0.0000292 seconds
2017-08-01T05:57:16.538+0000: 25548.565: Total time for which application threads were stopped: 0.0008261 seconds, Stopping threads took: 0.0007553 seconds
2017-08-01T05:57:17.539+0000: 25549.567: Total time for which application threads were stopped: 0.0001766 seconds, Stopping threads took: 0.0000620 seconds
2017-08-01T05:57:18.542+0000: 25550.569: Total time for which application threads were stopped: 0.0009526 seconds, Stopping threads took: 0.0008113 seconds
2017-08-01T05:57:18.542+0000: 25550.570: Total time for which application threads were stopped: 0.0000947 seconds, Stopping threads took: 0.0000272 seconds
2017-08-01T05:57:18.542+0000: 25550.570: Total time for which application threads were stopped: 0.0001153 seconds, Stopping threads took: 0.0000269 seconds
2017-08-01T05:57:18.544+0000: 25550.572: Total time for which application threads were stopped: 0.0001210 seconds, Stopping threads took: 0.0000369 seconds
2017-08-01T05:57:18.544+0000: 25550.572: Total time for which application threads were stopped: 0.0001051 seconds, Stopping threads took: 0.0000358 seconds
2017-08-01T05:57:18.544+0000: 25550.572: Total time for which application threads were stopped: 0.0001388 seconds, Stopping threads took: 0.0000711 seconds
2017-08-01T05:57:21.545+0000: 25553.573: Total time for which application threads were stopped: 0.0001536 seconds, Stopping threads took: 0.0000402 seconds
2017-08-01T05:57:22.545+0000: 25554.573: Total time for which application threads were stopped: 0.0009673 seconds, Stopping threads took: 0.0008299 seconds
2017-08-01T05:57:22.545+0000: 25554.573: Total time for which application threads were stopped: 0.0003401 seconds, Stopping threads took: 0.0000219 seconds
2017-08-01T05:57:22.547+0000: 25554.574: Total time for which application threads were stopped: 0.0009348 seconds, Stopping threads took: 0.0008631 seconds
2017-08-01T05:57:22.547+0000: 25554.575: Total time for which application threads were stopped: 0.0001183 seconds, Stopping threads took: 0.0000465 seconds
2017-08-01T05:57:22.548+0000: 25554.576: Total time for which application threads were stopped: 0.0001010 seconds, Stopping threads took: 0.0000219 seconds
2017-08-01T05:57:22.549+0000: 25554.577: Total time for which application threads were stopped: 0.0010721 seconds, Stopping threads took: 0.0008211 seconds
2017-08-01T05:57:23.551+0000: 25555.578: Total time for which application threads were stopped: 0.0001886 seconds, Stopping threads took: 0.0000408 seconds
2017-08-01T05:57:30.551+0000: 25562.579: Total time for which application threads were stopped: 0.0001958 seconds, Stopping threads took: 0.0000601 seconds
2017-08-01T05:57:30.551+0000: 25562.579: Total time for which application threads were stopped: 0.0000825 seconds, Stopping threads took: 0.0000234 seconds
2017-08-01T05:57:30.551+0000: 25562.579: Total time for which application threads were stopped: 0.0000960 seconds, Stopping threads took: 0.0000227 seconds
2017-08-01T05:57:30.553+0000: 25562.581: Total time for which application threads were stopped: 0.0001413 seconds, Stopping threads took: 0.0000700 seconds
2017-08-01T05:57:30.554+0000: 25562.581: Total time for which application threads were stopped: 0.0001342 seconds, Stopping threads took: 0.0000460 seconds
2017-08-01T05:57:30.554+0000: 25562.582: Total time for which application threads were stopped: 0.0001167 seconds, Stopping threads took: 0.0000239 seconds
2017-08-01T05:57:30.554+0000: 25562.582: Total time for which application threads were stopped: 0.0001272 seconds, Stopping threads took: 0.0000535 seconds
2017-08-01T05:57:30.554+0000: 25562.582: Total time for which application threads were stopped: 0.0001198 seconds, Stopping threads took: 0.0000496 seconds
2017-08-01T05:57:31.555+0000: 25563.582: Total time for which application threads were stopped: 0.0001737 seconds, Stopping threads took: 0.0000382 seconds
2017-08-01T05:57:34.555+0000: 25566.583: Total time for which application threads were stopped: 0.0001780 seconds, Stopping threads took: 0.0000417 seconds
2017-08-01T05:57:35.555+0000: 25567.583: Total time for which application threads were stopped: 0.0001753 seconds, Stopping threads took: 0.0000394 seconds
2017-08-01T05:57:46.554+0000: 25578.582: Total time for which application threads were stopped: 0.0002124 seconds, Stopping threads took: 0.0000542 seconds
2017-08-01T05:57:46.555+0000: 25578.582: Total time for which application threads were stopped: 0.0000830 seconds, Stopping threads took: 0.0000228 seconds
2017-08-01T05:57:46.555+0000: 25578.583: Total time for which application threads were stopped: 0.0000797 seconds, Stopping threads took: 0.0000202 seconds
2017-08-01T05:57:46.556+0000: 25578.584: Total time for which application threads were stopped: 0.0001275 seconds, Stopping threads took: 0.0000532 seconds
2017-08-01T05:57:46.556+0000: 25578.584: Total time for which application threads were stopped: 0.0001145 seconds, Stopping threads took: 0.0000397 seconds
2017-08-01T05:57:46.557+0000: 25578.584: Total time for which application threads were stopped: 0.0000836 seconds, Stopping threads took: 0.0000237 seconds
2017-08-01T05:57:46.557+0000: 25578.585: Total time for which application threads were stopped: 0.0001097 seconds, Stopping threads took: 0.0000286 seconds
2017-08-01T05:57:46.558+0000: 25578.585: Total time for which application threads were stopped: 0.0001296 seconds, Stopping threads took: 0.0000589 seconds
2017-08-01T05:57:46.558+0000: 25578.586: Total time for which application threads were stopped: 0.0000857 seconds, Stopping threads took: 0.0000232 seconds
2017-08-01T05:57:47.558+0000: 25579.586: Total time for which application threads were stopped: 0.0001916 seconds, Stopping threads took: 0.0000435 seconds
2017-08-01T05:58:04.901+0000: 25596.928: Total time for which application threads were stopped: 0.0001972 seconds, Stopping threads took: 0.0000431 seconds
2017-08-01T05:58:04.901+0000: 25596.929: Total time for which application threads were stopped: 0.0001095 seconds, Stopping threads took: 0.0000530 seconds
2017-08-01T05:58:04.901+0000: 25596.929: Total time for which application threads were stopped: 0.0000974 seconds, Stopping threads took: 0.0000336 seconds
2017-08-01T05:58:16.556+0000: 25608.584: Total time for which application threads were stopped: 0.0001623 seconds, Stopping threads took: 0.0000339 seconds
2017-08-01T05:58:16.557+0000: 25608.584: Total time for which application threads were stopped: 0.0001065 seconds, Stopping threads took: 0.0000195 seconds
2017-08-01T05:58:16.557+0000: 25608.584: Total time for which application threads were stopped: 0.0000780 seconds, Stopping threads took: 0.0000195 seconds
2017-08-01T05:58:16.558+0000: 25608.586: Total time for which application threads were stopped: 0.0000833 seconds, Stopping threads took: 0.0000211 seconds
2017-08-01T05:58:16.558+0000: 25608.586: Total time for which application threads were stopped: 0.0001317 seconds, Stopping threads took: 0.0000635 seconds
2017-08-01T05:58:16.558+0000: 25608.586: Total time for which application threads were stopped: 0.0001254 seconds, Stopping threads took: 0.0000491 seconds
2017-08-01T05:58:16.562+0000: 25608.590: Total time for which application threads were stopped: 0.0001427 seconds, Stopping threads took: 0.0000591 seconds
2017-08-01T05:58:16.562+0000: 25608.590: Total time for which application threads were stopped: 0.0001545 seconds, Stopping threads took: 0.0000866 seconds
2017-08-01T05:58:16.566+0000: 25608.594: Total time for which application threads were stopped: 0.0001345 seconds, Stopping threads took: 0.0000483 seconds
2017-08-01T05:58:46.558+0000: 25638.586: Total time for which application threads were stopped: 0.0001990 seconds, Stopping threads took: 0.0000577 seconds
2017-08-01T05:58:46.561+0000: 25638.588: Total time for which application threads were stopped: 0.0001524 seconds, Stopping threads took: 0.0000438 seconds
2017-08-01T05:58:46.565+0000: 25638.592: Total time for which application threads were stopped: 0.0001169 seconds, Stopping threads took: 0.0000187 seconds
2017-08-01T05:58:46.565+0000: 25638.593: Total time for which application threads were stopped: 0.0001116 seconds, Stopping threads took: 0.0000440 seconds
2017-08-01T05:58:46.565+0000: 25638.593: Total time for which application threads were stopped: 0.0000971 seconds, Stopping threads took: 0.0000234 seconds
2017-08-01T05:58:46.565+0000: 25638.593: Total time for which application threads were stopped: 0.0000901 seconds, Stopping threads took: 0.0000251 seconds
2017-08-01T05:58:46.569+0000: 25638.596: Total time for which application threads were stopped: 0.0008638 seconds, Stopping threads took: 0.0007828 seconds
2017-08-01T05:58:46.569+0000: 25638.597: Total time for which application threads were stopped: 0.0001108 seconds, Stopping threads took: 0.0000393 seconds
2017-08-01T05:58:46.569+0000: 25638.597: Total time for which application threads were stopped: 0.0000768 seconds, Stopping threads took: 0.0000210 seconds
2017-08-01T05:58:46.569+0000: 25638.597: Total time for which application threads were stopped: 0.0001300 seconds, Stopping threads took: 0.0000249 seconds
2017-08-01T05:59:11.914+0000: 25663.942: Total time for which application threads were stopped: 0.0001871 seconds, Stopping threads took: 0.0000428 seconds
2017-08-01T05:59:11.914+0000: 25663.942: Total time for which application threads were stopped: 0.0001634 seconds, Stopping threads took: 0.0000639 seconds
2017-08-01T05:59:11.914+0000: 25663.942: Total time for which application threads were stopped: 0.0000833 seconds, Stopping threads took: 0.0000216 seconds
2017-08-01T05:59:11.922+0000: 25663.949: Total time for which application threads were stopped: 0.0001689 seconds, Stopping threads took: 0.0000375 seconds
2017-08-01T05:59:11.922+0000: 25663.949: Total time for which application threads were stopped: 0.0000839 seconds, Stopping threads took: 0.0000220 seconds
2017-08-01T05:59:11.922+0000: 25663.950: Total time for which application threads were stopped: 0.0001114 seconds, Stopping threads took: 0.0000367 seconds
2017-08-01T05:59:11.923+0000: 25663.950: Total time for which application threads were stopped: 0.0001804 seconds, Stopping threads took: 0.0001025 seconds
2017-08-01T05:59:11.923+0000: 25663.950: Total time for which application threads were stopped: 0.0001247 seconds, Stopping threads took: 0.0000281 seconds
2017-08-01T05:59:11.923+0000: 25663.951: Total time for which application threads were stopped: 0.0001209 seconds, Stopping threads took: 0.0000494 seconds
2017-08-01T05:59:12.923+0000: 25664.951: Total time for which application threads were stopped: 0.0001991 seconds, Stopping threads took: 0.0000397 seconds
2017-08-01T05:59:16.569+0000: 25668.597: Total time for which application threads were stopped: 0.0002096 seconds, Stopping threads took: 0.0000566 seconds
2017-08-01T05:59:16.570+0000: 25668.597: Total time for which application threads were stopped: 0.0001113 seconds, Stopping threads took: 0.0000442 seconds
2017-08-01T05:59:16.570+0000: 25668.598: Total time for which application threads were stopped: 0.0000756 seconds, Stopping threads took: 0.0000196 seconds
2017-08-01T05:59:18.571+0000: 25670.599: Total time for which application threads were stopped: 0.0002114 seconds, Stopping threads took: 0.0000706 seconds
2017-08-01T05:59:19.571+0000: 25671.599: Total time for which application threads were stopped: 0.0002088 seconds, Stopping threads took: 0.0000471 seconds
2017-08-01T05:59:20.572+0000: 25672.599: Total time for which application threads were stopped: 0.0002012 seconds, Stopping threads took: 0.0000598 seconds
2017-08-01T05:59:21.572+0000: 25673.600: Total time for which application threads were stopped: 0.0001685 seconds, Stopping threads took: 0.0000404 seconds
{Heap before GC invocations=299 (full 3):
 par new generation   total 153344K, used 141253K [0x0000000080000000, 0x000000008a660000, 0x000000008a660000)
  eden space 136320K, 100% used [0x0000000080000000, 0x0000000088520000, 0x0000000088520000)
  from space 17024K,  28% used [0x00000000895c0000, 0x0000000089a917b0, 0x000000008a660000)
  to   space 17024K,   0% used [0x0000000088520000, 0x0000000088520000, 0x00000000895c0000)
 concurrent mark-sweep generation total 1926784K, used 298806K [0x000000008a660000, 0x0000000100000000, 0x0000000100000000)
 Metaspace       used 84387K, capacity 89819K, committed 90068K, reserved 1128448K
  class space    used 10310K, capacity 10708K, committed 10740K, reserved 1048576K
2017-08-01T05:59:28.306+0000: 25680.334: [GC (Allocation Failure) Before GC:
Statistics for BinaryTreeDictionary:
------------------------------------
Total Free Space: 208221448
Max   Chunk Size: 208221448
Number of Blocks: 1
Av.  Block  Size: 208221448
Tree      Height: 1
2017-08-01T05:59:28.306+0000: 25680.334: [ParNew
Desired survivor size 8716288 bytes, new threshold 6 (max 6)
- age   1:    2645216 bytes,    2645216 total
- age   2:     584848 bytes,    3230064 total
- age   3:     534784 bytes,    3764848 total
- age   4:     475888 bytes,    4240736 total
- age   5:     644160 bytes,    4884896 total
- age   6:     579768 bytes,    5464664 total
: 141253K->7454K(153344K), 0.0267804 secs] 440060K->306758K(2080128K)After GC:
Statistics for BinaryTreeDictionary:
------------------------------------
Total Free Space: 208154608
Max   Chunk Size: 208154608
Number of Blocks: 1
Av.  Block  Size: 208154608
Tree      Height: 1
, 0.0268785 secs] [Times: user=0.07 sys=0.00, real=0.03 secs] 
Heap after GC invocations=300 (full 3):
 par new generation   total 153344K, used 7454K [0x0000000080000000, 0x000000008a660000, 0x000000008a660000)
  eden space 136320K,   0% used [0x0000000080000000, 0x0000000080000000, 0x0000000088520000)
  from space 17024K,  43% used [0x0000000088520000, 0x0000000088c67898, 0x00000000895c0000)
  to   space 17024K,   0% used [0x00000000895c0000, 0x00000000895c0000, 0x000000008a660000)
 concurrent mark-sweep generation total 1926784K, used 299304K [0x000000008a660000, 0x0000000100000000, 0x0000000100000000)
 Metaspace       used 84387K, capacity 89819K, committed 90068K, reserved 1128448K
  class space    used 10310K, capacity 10708K, committed 10740K, reserved 1048576K
}
2017-08-01T05:59:28.333+0000: 25680.361: Total time for which application threads were stopped: 0.0271523 seconds, Stopping threads took: 0.0000528 seconds
2017-08-01T05:59:30.334+0000: 25682.361: Total time for which application threads were stopped: 0.0001932 seconds, Stopping threads took: 0.0000464 seconds
2017-08-01T05:59:31.334+0000: 25683.362: Total time for which application threads were stopped: 0.0001641 seconds, Stopping threads took: 0.0000414 seconds
2017-08-01T05:59:33.334+0000: 25685.362: Total time for which application threads were stopped: 0.0001777 seconds, Stopping threads took: 0.0000419 seconds
2017-08-01T05:59:40.335+0000: 25692.363: Total time for which application threads were stopped: 0.0002052 seconds, Stopping threads took: 0.0000717 seconds
2017-08-01T05:59:42.064+0000: 25694.092: Total time for which application threads were stopped: 0.0001975 seconds, Stopping threads took: 0.0000428 seconds
2017-08-01T05:59:42.073+0000: 25694.101: Total time for which application threads were stopped: 0.0001344 seconds, Stopping threads took: 0.0000233 seconds
2017-08-01T05:59:42.073+0000: 25694.101: Total time for which application threads were stopped: 0.0000752 seconds, Stopping threads took: 0.0000200 seconds
2017-08-01T05:59:47.074+0000: 25699.102: Total time for which application threads were stopped: 0.0001743 seconds, Stopping threads took: 0.0000417 seconds
2017-08-01T06:00:12.077+0000: 25724.105: Total time for which application threads were stopped: 0.0002168 seconds, Stopping threads took: 0.0000876 seconds
2017-08-01T06:00:24.078+0000: 25736.106: Total time for which application threads were stopped: 0.0001860 seconds, Stopping threads took: 0.0000583 seconds
{Heap before GC invocations=300 (full 3):
 par new generation   total 153344K, used 143774K [0x0000000080000000, 0x000000008a660000, 0x000000008a660000)
  eden space 136320K, 100% used [0x0000000080000000, 0x0000000088520000, 0x0000000088520000)
  from space 17024K,  43% used [0x0000000088520000, 0x0000000088c67898, 0x00000000895c0000)
  to   space 17024K,   0% used [0x00000000895c0000, 0x00000000895c0000, 0x000000008a660000)
 concurrent mark-sweep generation total 1926784K, used 299304K [0x000000008a660000, 0x0000000100000000, 0x0000000100000000)
 Metaspace       used 84387K, capacity 89819K, committed 90068K, reserved 1128448K
  class space    used 10310K, capacity 10708K, committed 10740K, reserved 1048576K
2017-08-01T06:00:24.516+0000: 25736.544: [GC (Allocation Failure) Before GC:
Statistics for BinaryTreeDictionary:
------------------------------------
Total Free Space: 208154608
Max   Chunk Size: 208154608
Number of Blocks: 1
Av.  Block  Size: 208154608
Tree      Height: 1
2017-08-01T06:00:24.516+0000: 25736.544: [ParNew
Desired survivor size 8716288 bytes, new threshold 6 (max 6)
- age   1:    1212096 bytes,    1212096 total
- age   2:     852832 bytes,    2064928 total
- age   3:     486600 bytes,    2551528 total
- age   4:     504072 bytes,    3055600 total
- age   5:     444328 bytes,    3499928 total
- age   6:     624120 bytes,    4124048 total
: 143774K->4771K(153344K), 0.0237405 secs] 443078K->304641K(2080128K)After GC:
Statistics for BinaryTreeDictionary:
------------------------------------
Total Free Space: 208083304
Max   Chunk Size: 208083304
Number of Blocks: 1
Av.  Block  Size: 208083304
Tree      Height: 1
, 0.0238474 secs] [Times: user=0.06 sys=0.00, real=0.02 secs] 
Heap after GC invocations=301 (full 3):
 par new generation   total 153344K, used 4771K [0x0000000080000000, 0x000000008a660000, 0x000000008a660000)
  eden space 136320K,   0% used [0x0000000080000000, 0x0000000080000000, 0x0000000088520000)
  from space 17024K,  28% used [0x00000000895c0000, 0x0000000089a68c40, 0x000000008a660000)
  to   space 17024K,   0% used [0x0000000088520000, 0x0000000088520000, 0x00000000895c0000)
 concurrent mark-sweep generation total 1926784K, used 299870K [0x000000008a660000, 0x0000000100000000, 0x0000000100000000)
 Metaspace       used 84387K, capacity 89819K, committed 90068K, reserved 1128448K
  class space    used 10310K, capacity 10708K, committed 10740K, reserved 1048576K
}
2017-08-01T06:00:24.540+0000: 25736.568: Total time for which application threads were stopped: 0.0241069 seconds, Stopping threads took: 0.0000447 seconds
{Heap before GC invocations=301 (full 3):
 par new generation   total 153344K, used 141091K [0x0000000080000000, 0x000000008a660000, 0x000000008a660000)
  eden space 136320K, 100% used [0x0000000080000000, 0x0000000088520000, 0x0000000088520000)
  from space 17024K,  28% used [0x00000000895c0000, 0x0000000089a68c40, 0x000000008a660000)
  to   space 17024K,   0% used [0x0000000088520000, 0x0000000088520000, 0x00000000895c0000)
 concurrent mark-sweep generation total 1926784K, used 299870K [0x000000008a660000, 0x0000000100000000, 0x0000000100000000)
 Metaspace       used 84387K, capacity 89819K, committed 90068K, reserved 1128448K
  class space    used 10310K, capacity 10708K, committed 10740K, reserved 1048576K
2017-08-01T06:01:58.408+0000: 25830.435: [GC (Allocation Failure) Before GC:
Statistics for BinaryTreeDictionary:
------------------------------------
Total Free Space: 208083304
Max   Chunk Size: 208083304
Number of Blocks: 1
Av.  Block  Size: 208083304
Tree      Height: 1
2017-08-01T06:01:58.408+0000: 25830.435: [ParNew
Desired survivor size 8716288 bytes, new threshold 6 (max 6)
- age   1:    1151296 bytes,    1151296 total
- age   2:     698176 bytes,    1849472 total
- age   3:     759744 bytes,    2609216 total
- age   4:     466592 bytes,    3075808 total
- age   5:     478512 bytes,    3554320 total
- age   6:     433816 bytes,    3988136 total
: 141091K->6321K(153344K), 0.0235766 secs] 440961K->306802K(2080128K)After GC:
Statistics for BinaryTreeDictionary:
------------------------------------
Total Free Space: 208002994
Max   Chunk Size: 208002994
Number of Blocks: 1
Av.  Block  Size: 208002994
Tree      Height: 1
, 0.0236752 secs] [Times: user=0.06 sys=0.00, real=0.03 secs] 
Heap after GC invocations=302 (full 3):
 par new generation   total 153344K, used 6321K [0x0000000080000000, 0x000000008a660000, 0x000000008a660000)
  eden space 136320K,   0% used [0x0000000080000000, 0x0000000080000000, 0x0000000088520000)
  from space 17024K,  37% used [0x0000000088520000, 0x0000000088b4c520, 0x00000000895c0000)
  to   space 17024K,   0% used [0x00000000895c0000, 0x00000000895c0000, 0x000000008a660000)
 concurrent mark-sweep generation total 1926784K, used 300481K [0x000000008a660000, 0x0000000100000000, 0x0000000100000000)
 Metaspace       used 84387K, capacity 89819K, committed 90068K, reserved 1128448K
  class space    used 10310K, capacity 10708K, committed 10740K, reserved 1048576K
}
2017-08-01T06:01:58.431+0000: 25830.459: Total time for which application threads were stopped: 0.0239674 seconds, Stopping threads took: 0.0000535 seconds
2017-08-01T06:02:31.438+0000: 25863.466: Total time for which application threads were stopped: 0.0001933 seconds, Stopping threads took: 0.0000662 seconds
2017-08-01T06:03:27.445+0000: 25919.472: Total time for which application threads were stopped: 0.0001805 seconds, Stopping threads took: 0.0000638 seconds
{Heap before GC invocations=302 (full 3):
 par new generation   total 153344K, used 142641K [0x0000000080000000, 0x000000008a660000, 0x000000008a660000)
  eden space 136320K, 100% used [0x0000000080000000, 0x0000000088520000, 0x0000000088520000)
  from space 17024K,  37% used [0x0000000088520000, 0x0000000088b4c520, 0x00000000895c0000)
  to   space 17024K,   0% used [0x00000000895c0000, 0x00000000895c0000, 0x000000008a660000)
 concurrent mark-sweep generation total 1926784K, used 300481K [0x000000008a660000, 0x0000000100000000, 0x0000000100000000)
 Metaspace       used 84387K, capacity 89819K, committed 90068K, reserved 1128448K
  class space    used 10310K, capacity 10708K, committed 10740K, reserved 1048576K
2017-08-01T06:03:34.087+0000: 25926.115: [GC (Allocation Failure) Before GC:
Statistics for BinaryTreeDictionary:
------------------------------------
Total Free Space: 208002994
Max   Chunk Size: 208002994
Number of Blocks: 1
Av.  Block  Size: 208002994
Tree      Height: 1
2017-08-01T06:03:34.087+0000: 25926.115: [ParNew
Desired survivor size 8716288 bytes, new threshold 6 (max 6)
- age   1:    1180160 bytes,    1180160 total
- age   2:     548800 bytes,    1728960 total
- age   3:     634336 bytes,    2363296 total
- age   4:     727688 bytes,    3090984 total
- age   5:     448408 bytes,    3539392 total
- age   6:     466608 bytes,    4006000 total
: 142641K->5956K(153344K), 0.0224703 secs] 443122K->306864K(2080128K)After GC:
Statistics for BinaryTreeDictionary:
------------------------------------
Total Free Space: 207948526
Max   Chunk Size: 207948526
Number of Blocks: 1
Av.  Block  Size: 207948526
Tree      Height: 1
, 0.0225523 secs] [Times: user=0.06 sys=0.00, real=0.02 secs] 
Heap after GC invocations=303 (full 3):
 par new generation   total 153344K, used 5956K [0x0000000080000000, 0x000000008a660000, 0x000000008a660000)
  eden space 136320K,   0% used [0x0000000080000000, 0x0000000080000000, 0x0000000088520000)
  from space 17024K,  34% used [0x00000000895c0000, 0x0000000089b913c8, 0x000000008a660000)
  to   space 17024K,   0% used [0x0000000088520000, 0x0000000088520000, 0x00000000895c0000)
 concurrent mark-sweep generation total 1926784K, used 300907K [0x000000008a660000, 0x0000000100000000, 0x0000000100000000)
 Metaspace       used 84387K, capacity 89819K, committed 90068K, reserved 1128448K
  class space    used 10310K, capacity 10708K, committed 10740K, reserved 1048576K
}
2017-08-01T06:03:34.110+0000: 25926.138: Total time for which application threads were stopped: 0.0228244 seconds, Stopping threads took: 0.0000645 seconds
2017-08-01T06:04:42.117+0000: 25994.145: Total time for which application threads were stopped: 0.0001758 seconds, Stopping threads took: 0.0000535 seconds
2017-08-01T06:05:05.127+0000: 26017.154: Total time for which application threads were stopped: 0.0001681 seconds, Stopping threads took: 0.0000444 seconds
2017-08-01T06:05:07.127+0000: 26019.155: Total time for which application threads were stopped: 0.0001757 seconds, Stopping threads took: 0.0000415 seconds
2017-08-01T06:05:17.128+0000: 26029.156: Total time for which application threads were stopped: 0.0001858 seconds, Stopping threads took: 0.0000429 seconds
{Heap before GC invocations=303 (full 3):
 par new generation   total 153344K, used 142276K [0x0000000080000000, 0x000000008a660000, 0x000000008a660000)
  eden space 136320K, 100% used [0x0000000080000000, 0x0000000088520000, 0x0000000088520000)
  from space 17024K,  34% used [0x00000000895c0000, 0x0000000089b913c8, 0x000000008a660000)
  to   space 17024K,   0% used [0x0000000088520000, 0x0000000088520000, 0x00000000895c0000)
 concurrent mark-sweep generation total 1926784K, used 300907K [0x000000008a660000, 0x0000000100000000, 0x0000000100000000)
 Metaspace       used 84387K, capacity 89819K, committed 90068K, reserved 1128448K
  class space    used 10310K, capacity 10708K, committed 10740K, reserved 1048576K
2017-08-01T06:05:17.458+0000: 26029.485: [GC (Allocation Failure) Before GC:
Statistics for BinaryTreeDictionary:
------------------------------------
Total Free Space: 207948526
Max   Chunk Size: 207948526
Number of Blocks: 1
Av.  Block  Size: 207948526
Tree      Height: 1
2017-08-01T06:05:17.458+0000: 26029.485: [ParNew
Desired survivor size 8716288 bytes, new threshold 6 (max 6)
- age   1:    1180832 bytes,    1180832 total
- age   2:     570688 bytes,    1751520 total
- age   3:     489088 bytes,    2240608 total
- age   4:     606376 bytes,    2846984 total
- age   5:     706920 bytes,    3553904 total
- age   6:     439176 bytes,    3993080 total
: 142276K->5886K(153344K), 0.0230361 secs] 443184K->307253K(2080128K)After GC:
Statistics for BinaryTreeDictionary:
------------------------------------
Total Free Space: 207890160
Max   Chunk Size: 207890160
Number of Blocks: 1
Av.  Block  Size: 207890160
Tree      Height: 1
, 0.0231270 secs] [Times: user=0.06 sys=0.00, real=0.03 secs] 
Heap after GC invocations=304 (full 3):
 par new generation   total 153344K, used 5886K [0x0000000080000000, 0x000000008a660000, 0x000000008a660000)
  eden space 136320K,   0% used [0x0000000080000000, 0x0000000080000000, 0x0000000088520000)
  from space 17024K,  34% used [0x0000000088520000, 0x0000000088adf8f8, 0x00000000895c0000)
  to   space 17024K,   0% used [0x00000000895c0000, 0x00000000895c0000, 0x000000008a660000)
 concurrent mark-sweep generation total 1926784K, used 301367K [0x000000008a660000, 0x0000000100000000, 0x0000000100000000)
 Metaspace       used 84387K, capacity 89819K, committed 90068K, reserved 1128448K
  class space    used 10310K, capacity 10708K, committed 10740K, reserved 1048576K
}
2017-08-01T06:05:17.481+0000: 26029.508: Total time for which application threads were stopped: 0.0234145 seconds, Stopping threads took: 0.0000677 seconds
2017-08-01T06:05:23.482+0000: 26035.509: Total time for which application threads were stopped: 0.0001622 seconds, Stopping threads took: 0.0000412 seconds
{Heap before GC invocations=304 (full 3):
 par new generation   total 153344K, used 142206K [0x0000000080000000, 0x000000008a660000, 0x000000008a660000)
  eden space 136320K, 100% used [0x0000000080000000, 0x0000000088520000, 0x0000000088520000)
  from space 17024K,  34% used [0x0000000088520000, 0x0000000088adf8f8, 0x00000000895c0000)
  to   space 17024K,   0% used [0x00000000895c0000, 0x00000000895c0000, 0x000000008a660000)
 concurrent mark-sweep generation total 1926784K, used 301367K [0x000000008a660000, 0x0000000100000000, 0x0000000100000000)
 Metaspace       used 84387K, capacity 89819K, committed 90068K, reserved 1128448K
  class space    used 10310K, capacity 10708K, committed 10740K, reserved 1048576K
2017-08-01T06:06:51.232+0000: 26123.259: [GC (Allocation Failure) Before GC:
Statistics for BinaryTreeDictionary:
------------------------------------
Total Free Space: 207890160
Max   Chunk Size: 207890160
Number of Blocks: 1
Av.  Block  Size: 207890160
Tree      Height: 1
2017-08-01T06:06:51.232+0000: 26123.259: [ParNew
Desired survivor size 8716288 bytes, new threshold 6 (max 6)
- age   1:    1132336 bytes,    1132336 total
- age   2:     585224 bytes,    1717560 total
- age   3:     511480 bytes,    2229040 total
- age   4:     466712 bytes,    2695752 total
- age   5:     587880 bytes,    3283632 total
- age   6:     697808 bytes,    3981440 total
: 142206K->5851K(153344K), 0.0223624 secs] 443573K->307648K(2080128K)After GC:
Statistics for BinaryTreeDictionary:
------------------------------------
Total Free Space: 207835776
Max   Chunk Size: 207835776
Number of Blocks: 1
Av.  Block  Size: 207835776
Tree      Height: 1
, 0.0224615 secs] [Times: user=0.05 sys=0.00, real=0.02 secs] 
Heap after GC invocations=305 (full 3):
 par new generation   total 153344K, used 5851K [0x0000000080000000, 0x000000008a660000, 0x000000008a660000)
  eden space 136320K,   0% used [0x0000000080000000, 0x0000000080000000, 0x0000000088520000)
  from space 17024K,  34% used [0x00000000895c0000, 0x0000000089b76d60, 0x000000008a660000)
  to   space 17024K,   0% used [0x0000000088520000, 0x0000000088520000, 0x00000000895c0000)
 concurrent mark-sweep generation total 1926784K, used 301797K [0x000000008a660000, 0x0000000100000000, 0x0000000100000000)
 Metaspace       used 84387K, capacity 89819K, committed 90068K, reserved 1128448K
  class space    used 10310K, capacity 10708K, committed 10740K, reserved 1048576K
}
2017-08-01T06:06:51.254+0000: 26123.282: Total time for which application threads were stopped: 0.0227378 seconds, Stopping threads took: 0.0000461 seconds
2017-08-01T06:06:59.255+0000: 26131.283: Total time for which application threads were stopped: 0.0001579 seconds, Stopping threads took: 0.0000418 seconds
{Heap before GC invocations=305 (full 3):
 par new generation   total 153344K, used 142171K [0x0000000080000000, 0x000000008a660000, 0x000000008a660000)
  eden space 136320K, 100% used [0x0000000080000000, 0x0000000088520000, 0x0000000088520000)
  from space 17024K,  34% used [0x00000000895c0000, 0x0000000089b76d60, 0x000000008a660000)
  to   space 17024K,   0% used [0x0000000088520000, 0x0000000088520000, 0x00000000895c0000)
 concurrent mark-sweep generation total 1926784K, used 301797K [0x000000008a660000, 0x0000000100000000, 0x0000000100000000)
 Metaspace       used 84387K, capacity 89819K, committed 90068K, reserved 1128448K
  class space    used 10310K, capacity 10708K, committed 10740K, reserved 1048576K
2017-08-01T06:08:30.928+0000: 26222.955: [GC (Allocation Failure) Before GC:
Statistics for BinaryTreeDictionary:
------------------------------------
Total Free Space: 207835776
Max   Chunk Size: 207835776
Number of Blocks: 1
Av.  Block  Size: 207835776
Tree      Height: 1
2017-08-01T06:08:30.928+0000: 26222.956: [ParNew
Desired survivor size 8716288 bytes, new threshold 6 (max 6)
- age   1:    1208392 bytes,    1208392 total
- age   2:     567296 bytes,    1775688 total
- age   3:     511248 bytes,    2286936 total
- age   4:     490120 bytes,    2777056 total
- age   5:     449000 bytes,    3226056 total
- age   6:     574192 bytes,    3800248 total
: 142171K->5832K(153344K), 0.0346350 secs] 443968K->308313K(2080128K)After GC:
Statistics for BinaryTreeDictionary:
------------------------------------
Total Free Space: 207742050
Max   Chunk Size: 207742050
Number of Blocks: 1
Av.  Block  Size: 207742050
Tree      Height: 1
, 0.0347595 secs] [Times: user=0.06 sys=0.00, real=0.04 secs] 
Heap after GC invocations=306 (full 3):
 par new generation   total 153344K, used 5832K [0x0000000080000000, 0x000000008a660000, 0x000000008a660000)
  eden space 136320K,   0% used [0x0000000080000000, 0x0000000080000000, 0x0000000088520000)
  from space 17024K,  34% used [0x0000000088520000, 0x0000000088ad2260, 0x00000000895c0000)
  to   space 17024K,   0% used [0x00000000895c0000, 0x00000000895c0000, 0x000000008a660000)
 concurrent mark-sweep generation total 1926784K, used 302481K [0x000000008a660000, 0x0000000100000000, 0x0000000100000000)
 Metaspace       used 84387K, capacity 89819K, committed 90068K, reserved 1128448K
  class space    used 10310K, capacity 10708K, committed 10740K, reserved 1048576K
}
2017-08-01T06:08:30.963+0000: 26222.990: Total time for which application threads were stopped: 0.0350547 seconds, Stopping threads took: 0.0000443 seconds
2017-08-01T06:09:06.967+0000: 26258.995: Total time for which application threads were stopped: 0.0001789 seconds, Stopping threads took: 0.0000610 seconds
{Heap before GC invocations=306 (full 3):
 par new generation   total 153344K, used 142152K [0x0000000080000000, 0x000000008a660000, 0x000000008a660000)
  eden space 136320K, 100% used [0x0000000080000000, 0x0000000088520000, 0x0000000088520000)
  from space 17024K,  34% used [0x0000000088520000, 0x0000000088ad2260, 0x00000000895c0000)
  to   space 17024K,   0% used [0x00000000895c0000, 0x00000000895c0000, 0x000000008a660000)
 concurrent mark-sweep generation total 1926784K, used 302481K [0x000000008a660000, 0x0000000100000000, 0x0000000100000000)
 Metaspace       used 84387K, capacity 89819K, committed 90068K, reserved 1128448K
  class space    used 10310K, capacity 10708K, committed 10740K, reserved 1048576K
2017-08-01T06:10:06.304+0000: 26318.332: [GC (Allocation Failure) Before GC:
Statistics for BinaryTreeDictionary:
------------------------------------
Total Free Space: 207742050
Max   Chunk Size: 207742050
Number of Blocks: 1
Av.  Block  Size: 207742050
Tree      Height: 1
2017-08-01T06:10:06.304+0000: 26318.332: [ParNew
Desired survivor size 8716288 bytes, new threshold 6 (max 6)
- age   1:    1142904 bytes,    1142904 total
- age   2:     603776 bytes,    1746680 total
- age   3:     510568 bytes,    2257248 total
- age   4:     490512 bytes,    2747760 total
- age   5:     474008 bytes,    3221768 total
- age   6:     438840 bytes,    3660608 total
: 142152K->5627K(153344K), 0.0227684 secs] 444633K->308670K(2080128K)After GC:
Statistics for BinaryTreeDictionary:
------------------------------------
Total Free Space: 207674758
Max   Chunk Size: 207674758
Number of Blocks: 1
Av.  Block  Size: 207674758
Tree      Height: 1
, 0.0228760 secs] [Times: user=0.05 sys=0.00, real=0.02 secs] 
Heap after GC invocations=307 (full 3):
 par new generation   total 153344K, used 5627K [0x0000000080000000, 0x000000008a660000, 0x000000008a660000)
  eden space 136320K,   0% used [0x0000000080000000, 0x0000000080000000, 0x0000000088520000)
  from space 17024K,  33% used [0x00000000895c0000, 0x0000000089b3ec68, 0x000000008a660000)
  to   space 17024K,   0% used [0x0000000088520000, 0x0000000088520000, 0x00000000895c0000)
 concurrent mark-sweep generation total 1926784K, used 303043K [0x000000008a660000, 0x0000000100000000, 0x0000000100000000)
 Metaspace       used 84387K, capacity 89819K, committed 90068K, reserved 1128448K
  class space    used 10310K, capacity 10708K, committed 10740K, reserved 1048576K
}
2017-08-01T06:10:06.327+0000: 26318.355: Total time for which application threads were stopped: 0.0231826 seconds, Stopping threads took: 0.0000693 seconds
2017-08-01T06:10:12.328+0000: 26324.356: Total time for which application threads were stopped: 0.0001812 seconds, Stopping threads took: 0.0000422 seconds
{Heap before GC invocations=307 (full 3):
 par new generation   total 153344K, used 141947K [0x0000000080000000, 0x000000008a660000, 0x000000008a660000)
  eden space 136320K, 100% used [0x0000000080000000, 0x0000000088520000, 0x0000000088520000)
  from space 17024K,  33% used [0x00000000895c0000, 0x0000000089b3ec68, 0x000000008a660000)
  to   space 17024K,   0% used [0x0000000088520000, 0x0000000088520000, 0x00000000895c0000)
 concurrent mark-sweep generation total 1926784K, used 303043K [0x000000008a660000, 0x0000000100000000, 0x0000000100000000)
 Metaspace       used 84387K, capacity 89819K, committed 90068K, reserved 1128448K
  class space    used 10310K, capacity 10708K, committed 10740K, reserved 1048576K
2017-08-01T06:11:38.905+0000: 26410.933: [GC (Allocation Failure) Before GC:
Statistics for BinaryTreeDictionary:
------------------------------------
Total Free Space: 207674758
Max   Chunk Size: 207674758
Number of Blocks: 1
Av.  Block  Size: 207674758
Tree      Height: 1
2017-08-01T06:11:38.905+0000: 26410.933: [ParNew
Desired survivor size 8716288 bytes, new threshold 6 (max 6)
- age   1:    1150568 bytes,    1150568 total
- age   2:     578672 bytes,    1729240 total
- age   3:     540240 bytes,    2269480 total
- age   4:     491336 bytes,    2760816 total
- age   5:     474600 bytes,    3235416 total
- age   6:     464432 bytes,    3699848 total
: 141947K->5422K(153344K), 0.0245331 secs] 444990K->308897K(2080128K)After GC:
Statistics for BinaryTreeDictionary:
------------------------------------
Total Free Space: 207619777
Max   Chunk Size: 207619777
Number of Blocks: 1
Av.  Block  Size: 207619777
Tree      Height: 1
, 0.0246294 secs] [Times: user=0.06 sys=0.00, real=0.02 secs] 
Heap after GC invocations=308 (full 3):
 par new generation   total 153344K, used 5422K [0x0000000080000000, 0x000000008a660000, 0x000000008a660000)
  eden space 136320K,   0% used [0x0000000080000000, 0x0000000080000000, 0x0000000088520000)
  from space 17024K,  31% used [0x0000000088520000, 0x0000000088a6bad8, 0x00000000895c0000)
  to   space 17024K,   0% used [0x00000000895c0000, 0x00000000895c0000, 0x000000008a660000)
 concurrent mark-sweep generation total 1926784K, used 303474K [0x000000008a660000, 0x0000000100000000, 0x0000000100000000)
 Metaspace       used 84387K, capacity 89819K, committed 90068K, reserved 1128448K
  class space    used 10310K, capacity 10708K, committed 10740K, reserved 1048576K
}
2017-08-01T06:11:38.930+0000: 26410.957: Total time for which application threads were stopped: 0.0249444 seconds, Stopping threads took: 0.0000975 seconds
{Heap before GC invocations=308 (full 3):
 par new generation   total 153344K, used 141742K [0x0000000080000000, 0x000000008a660000, 0x000000008a660000)
  eden space 136320K, 100% used [0x0000000080000000, 0x0000000088520000, 0x0000000088520000)
  from space 17024K,  31% used [0x0000000088520000, 0x0000000088a6bad8, 0x00000000895c0000)
  to   space 17024K,   0% used [0x00000000895c0000, 0x00000000895c0000, 0x000000008a660000)
 concurrent mark-sweep generation total 1926784K, used 303474K [0x000000008a660000, 0x0000000100000000, 0x0000000100000000)
 Metaspace       used 84387K, capacity 89819K, committed 90068K, reserved 1128448K
  class space    used 10310K, capacity 10708K, committed 10740K, reserved 1048576K
2017-08-01T06:13:23.578+0000: 26515.606: [GC (Allocation Failure) Before GC:
Statistics for BinaryTreeDictionary:
------------------------------------
Total Free Space: 207619777
Max   Chunk Size: 207619777
Number of Blocks: 1
Av.  Block  Size: 207619777
Tree      Height: 1
2017-08-01T06:13:23.578+0000: 26515.606: [ParNew
Desired survivor size 8716288 bytes, new threshold 6 (max 6)
- age   1:    1166000 bytes,    1166000 total
- age   2:     567704 bytes,    1733704 total
- age   3:     507032 bytes,    2240736 total
- age   4:     517976 bytes,    2758712 total
- age   5:     473240 bytes,    3231952 total
- age   6:     464680 bytes,    3696632 total
: 141742K->5417K(153344K), 0.0233165 secs] 445217K->309346K(2080128K)After GC:
Statistics for BinaryTreeDictionary:
------------------------------------
Total Free Space: 207564877
Max   Chunk Size: 207564877
Number of Blocks: 1
Av.  Block  Size: 207564877
Tree      Height: 1
, 0.0234102 secs] [Times: user=0.06 sys=0.00, real=0.03 secs] 
Heap after GC invocations=309 (full 3):
 par new generation   total 153344K, used 5417K [0x0000000080000000, 0x000000008a660000, 0x000000008a660000)
  eden space 136320K,   0% used [0x0000000080000000, 0x0000000080000000, 0x0000000088520000)
  from space 17024K,  31% used [0x00000000895c0000, 0x0000000089b0a4b8, 0x000000008a660000)
  to   space 17024K,   0% used [0x0000000088520000, 0x0000000088520000, 0x00000000895c0000)
 concurrent mark-sweep generation total 1926784K, used 303928K [0x000000008a660000, 0x0000000100000000, 0x0000000100000000)
 Metaspace       used 84387K, capacity 89819K, committed 90068K, reserved 1128448K
  class space    used 10310K, capacity 10708K, committed 10740K, reserved 1048576K
}
2017-08-01T06:13:23.602+0000: 26515.630: Total time for which application threads were stopped: 0.0237219 seconds, Stopping threads took: 0.0000963 seconds
2017-08-01T06:14:35.254+0000: 26587.281: Total time for which application threads were stopped: 0.0002251 seconds, Stopping threads took: 0.0000868 seconds
2017-08-01T06:14:36.254+0000: 26588.282: Total time for which application threads were stopped: 0.0001900 seconds, Stopping threads took: 0.0000461 seconds
2017-08-01T06:14:36.293+0000: 26588.321: Total time for which application threads were stopped: 0.0002169 seconds, Stopping threads took: 0.0000668 seconds
2017-08-01T06:14:37.293+0000: 26589.321: Total time for which application threads were stopped: 0.0001814 seconds, Stopping threads took: 0.0000461 seconds
{Heap before GC invocations=309 (full 3):
 par new generation   total 153344K, used 141737K [0x0000000080000000, 0x000000008a660000, 0x000000008a660000)
  eden space 136320K, 100% used [0x0000000080000000, 0x0000000088520000, 0x0000000088520000)
  from space 17024K,  31% used [0x00000000895c0000, 0x0000000089b0a4b8, 0x000000008a660000)
  to   space 17024K,   0% used [0x0000000088520000, 0x0000000088520000, 0x00000000895c0000)
 concurrent mark-sweep generation total 1926784K, used 303928K [0x000000008a660000, 0x0000000100000000, 0x0000000100000000)
 Metaspace       used 84390K, capacity 89819K, committed 90068K, reserved 1128448K
  class space    used 10310K, capacity 10708K, committed 10740K, reserved 1048576K
2017-08-01T06:14:59.193+0000: 26611.221: [GC (Allocation Failure) Before GC:
Statistics for BinaryTreeDictionary:
------------------------------------
Total Free Space: 207564877
Max   Chunk Size: 207564877
Number of Blocks: 1
Av.  Block  Size: 207564877
Tree      Height: 1
2017-08-01T06:14:59.193+0000: 26611.221: [ParNew
Desired survivor size 8716288 bytes, new threshold 6 (max 6)
- age   1:    1136048 bytes,    1136048 total
- age   2:     567384 bytes,    1703432 total
- age   3:     506480 bytes,    2209912 total
- age   4:     485912 bytes,    2695824 total
- age   5:     502560 bytes,    3198384 total
- age   6:     460256 bytes,    3658640 total
: 141737K->5408K(153344K), 0.0221520 secs] 445666K->309792K(2080128K)After GC:
Statistics for BinaryTreeDictionary:
------------------------------------
Total Free Space: 207504325
Max   Chunk Size: 207504325
Number of Blocks: 1
Av.  Block  Size: 207504325
Tree      Height: 1
, 0.0222563 secs] [Times: user=0.06 sys=0.00, real=0.02 secs] 
Heap after GC invocations=310 (full 3):
 par new generation   total 153344K, used 5408K [0x0000000080000000, 0x000000008a660000, 0x000000008a660000)
  eden space 136320K,   0% used [0x0000000080000000, 0x0000000080000000, 0x0000000088520000)
  from space 17024K,  31% used [0x0000000088520000, 0x0000000088a68140, 0x00000000895c0000)
  to   space 17024K,   0% used [0x00000000895c0000, 0x00000000895c0000, 0x000000008a660000)
 concurrent mark-sweep generation total 1926784K, used 304384K [0x000000008a660000, 0x0000000100000000, 0x0000000100000000)
 Metaspace       used 84390K, capacity 89819K, committed 90068K, reserved 1128448K
  class space    used 10310K, capacity 10708K, committed 10740K, reserved 1048576K
}
2017-08-01T06:14:59.216+0000: 26611.243: Total time for which application threads were stopped: 0.0225056 seconds, Stopping threads took: 0.0000407 seconds
{Heap before GC invocations=310 (full 3):
 par new generation   total 153344K, used 141728K [0x0000000080000000, 0x000000008a660000, 0x000000008a660000)
  eden space 136320K, 100% used [0x0000000080000000, 0x0000000088520000, 0x0000000088520000)
  from space 17024K,  31% used [0x0000000088520000, 0x0000000088a68140, 0x00000000895c0000)
  to   space 17024K,   0% used [0x00000000895c0000, 0x00000000895c0000, 0x000000008a660000)
 concurrent mark-sweep generation total 1926784K, used 304384K [0x000000008a660000, 0x0000000100000000, 0x0000000100000000)
 Metaspace       used 84390K, capacity 89819K, committed 90068K, reserved 1128448K
  class space    used 10310K, capacity 10708K, committed 10740K, reserved 1048576K
2017-08-01T06:16:32.229+0000: 26704.257: [GC (Allocation Failure) Before GC:
Statistics for BinaryTreeDictionary:
------------------------------------
Total Free Space: 207504325
Max   Chunk Size: 207504325
Number of Blocks: 1
Av.  Block  Size: 207504325
Tree      Height: 1
2017-08-01T06:16:32.230+0000: 26704.257: [ParNew
Desired survivor size 8716288 bytes, new threshold 6 (max 6)
- age   1:    1220160 bytes,    1220160 total
- age   2:     536728 bytes,    1756888 total
- age   3:     505552 bytes,    2262440 total
- age   4:     483272 bytes,    2745712 total
- age   5:     468608 bytes,    3214320 total
- age   6:     490768 bytes,    3705088 total
: 141728K->5365K(153344K), 0.0234980 secs] 446112K->310198K(2080128K)After GC:
Statistics for BinaryTreeDictionary:
------------------------------------
Total Free Space: 207447265
Max   Chunk Size: 207447265
Number of Blocks: 1
Av.  Block  Size: 207447265
Tree      Height: 1
, 0.0236143 secs] [Times: user=0.06 sys=0.00, real=0.03 secs] 
Heap after GC invocations=311 (full 3):
 par new generation   total 153344K, used 5365K [0x0000000080000000, 0x000000008a660000, 0x000000008a660000)
  eden space 136320K,   0% used [0x0000000080000000, 0x0000000080000000, 0x0000000088520000)
  from space 17024K,  31% used [0x00000000895c0000, 0x0000000089afd798, 0x000000008a660000)
  to   space 17024K,   0% used [0x0000000088520000, 0x0000000088520000, 0x00000000895c0000)
 concurrent mark-sweep generation total 1926784K, used 304832K [0x000000008a660000, 0x0000000100000000, 0x0000000100000000)
 Metaspace       used 84390K, capacity 89819K, committed 90068K, reserved 1128448K
  class space    used 10310K, capacity 10708K, committed 10740K, reserved 1048576K
}
2017-08-01T06:16:32.253+0000: 26704.281: Total time for which application threads were stopped: 0.0239129 seconds, Stopping threads took: 0.0000766 seconds
{Heap before GC invocations=311 (full 3):
 par new generation   total 153344K, used 141685K [0x0000000080000000, 0x000000008a660000, 0x000000008a660000)
  eden space 136320K, 100% used [0x0000000080000000, 0x0000000088520000, 0x0000000088520000)
  from space 17024K,  31% used [0x00000000895c0000, 0x0000000089afd798, 0x000000008a660000)
  to   space 17024K,   0% used [0x0000000088520000, 0x0000000088520000, 0x00000000895c0000)
 concurrent mark-sweep generation total 1926784K, used 304832K [0x000000008a660000, 0x0000000100000000, 0x0000000100000000)
 Metaspace       used 84390K, capacity 89819K, committed 90068K, reserved 1128448K
  class space    used 10310K, capacity 10708K, committed 10740K, reserved 1048576K
2017-08-01T06:18:17.176+0000: 26809.204: [GC (Allocation Failure) Before GC:
Statistics for BinaryTreeDictionary:
------------------------------------
Total Free Space: 207447265
Max   Chunk Size: 207447265
Number of Blocks: 1
Av.  Block  Size: 207447265
Tree      Height: 1
2017-08-01T06:18:17.176+0000: 26809.204: [ParNew
Desired survivor size 8716288 bytes, new threshold 6 (max 6)
- age   1:    1172624 bytes,    1172624 total
- age   2:     577224 bytes,    1749848 total
- age   3:     473376 bytes,    2223224 total
- age   4:     484752 bytes,    2707976 total
- age   5:     465128 bytes,    3173104 total
- age   6:     458416 bytes,    3631520 total
: 141685K->5408K(153344K), 0.0224701 secs] 446518K->310720K(2080128K)After GC:
Statistics for BinaryTreeDictionary:
------------------------------------
Total Free Space: 207386209
Max   Chunk Size: 207386209
Number of Blocks: 1
Av.  Block  Size: 207386209
Tree      Height: 1
, 0.0225661 secs] [Times: user=0.06 sys=0.00, real=0.02 secs] 
Heap after GC invocations=312 (full 3):
 par new generation   total 153344K, used 5408K [0x0000000080000000, 0x000000008a660000, 0x000000008a660000)
  eden space 136320K,   0% used [0x0000000080000000, 0x0000000080000000, 0x0000000088520000)
  from space 17024K,  31% used [0x0000000088520000, 0x0000000088a68280, 0x00000000895c0000)
  to   space 17024K,   0% used [0x00000000895c0000, 0x00000000895c0000, 0x000000008a660000)
 concurrent mark-sweep generation total 1926784K, used 305312K [0x000000008a660000, 0x0000000100000000, 0x0000000100000000)
 Metaspace       used 84390K, capacity 89819K, committed 90068K, reserved 1128448K
  class space    used 10310K, capacity 10708K, committed 10740K, reserved 1048576K
}
2017-08-01T06:18:17.199+0000: 26809.226: Total time for which application threads were stopped: 0.0228605 seconds, Stopping threads took: 0.0000719 seconds
2017-08-01T06:19:24.207+0000: 26876.234: Total time for which application threads were stopped: 0.0002020 seconds, Stopping threads took: 0.0000670 seconds
{Heap before GC invocations=312 (full 3):
 par new generation   total 153344K, used 141728K [0x0000000080000000, 0x000000008a660000, 0x000000008a660000)
  eden space 136320K, 100% used [0x0000000080000000, 0x0000000088520000, 0x0000000088520000)
  from space 17024K,  31% used [0x0000000088520000, 0x0000000088a68280, 0x00000000895c0000)
  to   space 17024K,   0% used [0x00000000895c0000, 0x00000000895c0000, 0x000000008a660000)
 concurrent mark-sweep generation total 1926784K, used 305312K [0x000000008a660000, 0x0000000100000000, 0x0000000100000000)
 Metaspace       used 84390K, capacity 89819K, committed 90068K, reserved 1128448K
  class space    used 10310K, capacity 10708K, committed 10740K, reserved 1048576K
2017-08-01T06:19:52.160+0000: 26904.187: [GC (Allocation Failure) Before GC:
Statistics for BinaryTreeDictionary:
------------------------------------
Total Free Space: 207386209
Max   Chunk Size: 207386209
Number of Blocks: 1
Av.  Block  Size: 207386209
Tree      Height: 1
2017-08-01T06:19:52.160+0000: 26904.187: [ParNew
Desired survivor size 8716288 bytes, new threshold 6 (max 6)
- age   1:    1099536 bytes,    1099536 total
- age   2:     556720 bytes,    1656256 total
- age   3:     520920 bytes,    2177176 total
- age   4:     457208 bytes,    2634384 total
- age   5:     467264 bytes,    3101648 total
- age   6:     453680 bytes,    3555328 total
: 141728K->5334K(153344K), 0.0222666 secs] 447040K->311097K(2080128K)After GC:
Statistics for BinaryTreeDictionary:
------------------------------------
Total Free Space: 207328601
Max   Chunk Size: 207328601
Number of Blocks: 1
Av.  Block  Size: 207328601
Tree      Height: 1
, 0.0223668 secs] [Times: user=0.06 sys=0.00, real=0.03 secs] 
Heap after GC invocations=313 (full 3):
 par new generation   total 153344K, used 5334K [0x0000000080000000, 0x000000008a660000, 0x000000008a660000)
  eden space 136320K,   0% used [0x0000000080000000, 0x0000000080000000, 0x0000000088520000)
  from space 17024K,  31% used [0x00000000895c0000, 0x0000000089af5a38, 0x000000008a660000)
  to   space 17024K,   0% used [0x0000000088520000, 0x0000000088520000, 0x00000000895c0000)
 concurrent mark-sweep generation total 1926784K, used 305763K [0x000000008a660000, 0x0000000100000000, 0x0000000100000000)
 Metaspace       used 84390K, capacity 89819K, committed 90068K, reserved 1128448K
  class space    used 10310K, capacity 10708K, committed 10740K, reserved 1048576K
}
2017-08-01T06:19:52.182+0000: 26904.210: Total time for which application threads were stopped: 0.0226677 seconds, Stopping threads took: 0.0000788 seconds
2017-08-01T06:20:27.186+0000: 26939.213: Total time for which application threads were stopped: 0.0001839 seconds, Stopping threads took: 0.0000586 seconds
2017-08-01T06:21:24.193+0000: 26996.221: Total time for which application threads were stopped: 0.0001730 seconds, Stopping threads took: 0.0000586 seconds
{Heap before GC invocations=313 (full 3):
 par new generation   total 153344K, used 141654K [0x0000000080000000, 0x000000008a660000, 0x000000008a660000)
  eden space 136320K, 100% used [0x0000000080000000, 0x0000000088520000, 0x0000000088520000)
  from space 17024K,  31% used [0x00000000895c0000, 0x0000000089af5a38, 0x000000008a660000)
  to   space 17024K,   0% used [0x0000000088520000, 0x0000000088520000, 0x00000000895c0000)
 concurrent mark-sweep generation total 1926784K, used 305763K [0x000000008a660000, 0x0000000100000000, 0x0000000100000000)
 Metaspace       used 84390K, capacity 89819K, committed 90068K, reserved 1128448K
  class space    used 10310K, capacity 10708K, committed 10740K, reserved 1048576K
2017-08-01T06:21:30.936+0000: 27002.963: [GC (Allocation Failure) Before GC:
Statistics for BinaryTreeDictionary:
------------------------------------
Total Free Space: 207328601
Max   Chunk Size: 207328601
Number of Blocks: 1
Av.  Block  Size: 207328601
Tree      Height: 1
2017-08-01T06:21:30.936+0000: 27002.964: [ParNew
Desired survivor size 8716288 bytes, new threshold 6 (max 6)
- age   1:    1060408 bytes,    1060408 total
- age   2:     553176 bytes,    1613584 total
- age   3:     491280 bytes,    2104864 total
- age   4:     499376 bytes,    2604240 total
- age   5:     441200 bytes,    3045440 total
- age   6:     458384 bytes,    3503824 total
: 141654K->5234K(153344K), 0.0354353 secs] 447417K->311443K(2080128K)After GC:
Statistics for BinaryTreeDictionary:
------------------------------------
Total Free Space: 207269693
Max   Chunk Size: 207269693
Number of Blocks: 1
Av.  Block  Size: 207269693
Tree      Height: 1
, 0.0355515 secs] [Times: user=0.05 sys=0.00, real=0.04 secs] 
Heap after GC invocations=314 (full 3):
 par new generation   total 153344K, used 5234K [0x0000000080000000, 0x000000008a660000, 0x000000008a660000)
  eden space 136320K,   0% used [0x0000000080000000, 0x0000000080000000, 0x0000000088520000)
  from space 17024K,  30% used [0x0000000088520000, 0x0000000088a3cb88, 0x00000000895c0000)
  to   space 17024K,   0% used [0x00000000895c0000, 0x00000000895c0000, 0x000000008a660000)
 concurrent mark-sweep generation total 1926784K, used 306208K [0x000000008a660000, 0x0000000100000000, 0x0000000100000000)
 Metaspace       used 84390K, capacity 89819K, committed 90068K, reserved 1128448K
  class space    used 10310K, capacity 10708K, committed 10740K, reserved 1048576K
}
2017-08-01T06:21:30.971+0000: 27002.999: Total time for which application threads were stopped: 0.0368283 seconds, Stopping threads took: 0.0010201 seconds
2017-08-01T06:22:13.986+0000: 27046.014: Total time for which application threads were stopped: 0.0001744 seconds, Stopping threads took: 0.0000407 seconds
2017-08-01T06:22:14.987+0000: 27047.014: Total time for which application threads were stopped: 0.0001770 seconds, Stopping threads took: 0.0000455 seconds
2017-08-01T06:22:25.988+0000: 27058.016: Total time for which application threads were stopped: 0.0001860 seconds, Stopping threads took: 0.0000599 seconds
{Heap before GC invocations=314 (full 3):
 par new generation   total 153344K, used 141554K [0x0000000080000000, 0x000000008a660000, 0x000000008a660000)
  eden space 136320K, 100% used [0x0000000080000000, 0x0000000088520000, 0x0000000088520000)
  from space 17024K,  30% used [0x0000000088520000, 0x0000000088a3cb88, 0x00000000895c0000)
  to   space 17024K,   0% used [0x00000000895c0000, 0x00000000895c0000, 0x000000008a660000)
 concurrent mark-sweep generation total 1926784K, used 306208K [0x000000008a660000, 0x0000000100000000, 0x0000000100000000)
 Metaspace       used 84390K, capacity 89819K, committed 90068K, reserved 1128448K
  class space    used 10310K, capacity 10708K, committed 10740K, reserved 1048576K
2017-08-01T06:23:12.550+0000: 27104.578: [GC (Allocation Failure) Before GC:
Statistics for BinaryTreeDictionary:
------------------------------------
Total Free Space: 207269693
Max   Chunk Size: 207269693
Number of Blocks: 1
Av.  Block  Size: 207269693
Tree      Height: 1
2017-08-01T06:23:12.550+0000: 27104.578: [ParNew
Desired survivor size 8716288 bytes, new threshold 6 (max 6)
- age   1:    1205352 bytes,    1205352 total
- age   2:     497176 bytes,    1702528 total
- age   3:     484648 bytes,    2187176 total
- age   4:     464320 bytes,    2651496 total
- age   5:     485032 bytes,    3136528 total
- age   6:     426616 bytes,    3563144 total
: 141554K->5153K(153344K), 0.0222105 secs] 447763K->311810K(2080128K)After GC:
Statistics for BinaryTreeDictionary:
------------------------------------
Total Free Space: 207214931
Max   Chunk Size: 207214931
Number of Blocks: 1
Av.  Block  Size: 207214931
Tree      Height: 1
, 0.0223122 secs] [Times: user=0.05 sys=0.00, real=0.03 secs] 
Heap after GC invocations=315 (full 3):
 par new generation   total 153344K, used 5153K [0x0000000080000000, 0x000000008a660000, 0x000000008a660000)
  eden space 136320K,   0% used [0x0000000080000000, 0x0000000080000000, 0x0000000088520000)
  from space 17024K,  30% used [0x00000000895c0000, 0x0000000089ac84d0, 0x000000008a660000)
  to   space 17024K,   0% used [0x0000000088520000, 0x0000000088520000, 0x00000000895c0000)
 concurrent mark-sweep generation total 1926784K, used 306656K [0x000000008a660000, 0x0000000100000000, 0x0000000100000000)
 Metaspace       used 84390K, capacity 89819K, committed 90068K, reserved 1128448K
  class space    used 10310K, capacity 10708K, committed 10740K, reserved 1048576K
}
2017-08-01T06:23:12.573+0000: 27104.600: Total time for which application threads were stopped: 0.0225937 seconds, Stopping threads took: 0.0000682 seconds
{Heap before GC invocations=315 (full 3):
 par new generation   total 153344K, used 141473K [0x0000000080000000, 0x000000008a660000, 0x000000008a660000)
  eden space 136320K, 100% used [0x0000000080000000, 0x0000000088520000, 0x0000000088520000)
  from space 17024K,  30% used [0x00000000895c0000, 0x0000000089ac84d0, 0x000000008a660000)
  to   space 17024K,   0% used [0x0000000088520000, 0x0000000088520000, 0x00000000895c0000)
 concurrent mark-sweep generation total 1926784K, used 306656K [0x000000008a660000, 0x0000000100000000, 0x0000000100000000)
 Metaspace       used 84390K, capacity 89819K, committed 90068K, reserved 1128448K
  class space    used 10310K, capacity 10708K, committed 10740K, reserved 1048576K
2017-08-01T06:24:46.960+0000: 27198.988: [GC (Allocation Failure) Before GC:
Statistics for BinaryTreeDictionary:
------------------------------------
Total Free Space: 207214931
Max   Chunk Size: 207214931
Number of Blocks: 1
Av.  Block  Size: 207214931
Tree      Height: 1
2017-08-01T06:24:46.960+0000: 27198.988: [ParNew
Desired survivor size 8716288 bytes, new threshold 6 (max 6)
- age   1:    1146336 bytes,    1146336 total
- age   2:     588584 bytes,    1734920 total
- age   3:     442824 bytes,    2177744 total
- age   4:     463104 bytes,    2640848 total
- age   5:     448864 bytes,    3089712 total
- age   6:     473824 bytes,    3563536 total
: 141473K->5196K(153344K), 0.0218407 secs] 448130K->312270K(2080128K)After GC:
Statistics for BinaryTreeDictionary:
------------------------------------
Total Free Space: 207162418
Max   Chunk Size: 207162418
Number of Blocks: 1
Av.  Block  Size: 207162418
Tree      Height: 1
, 0.0219358 secs] [Times: user=0.05 sys=0.00, real=0.03 secs] 
Heap after GC invocations=316 (full 3):
 par new generation   total 153344K, used 5196K [0x0000000080000000, 0x000000008a660000, 0x000000008a660000)
  eden space 136320K,   0% used [0x0000000080000000, 0x0000000080000000, 0x0000000088520000)
  from space 17024K,  30% used [0x0000000088520000, 0x0000000088a33020, 0x00000000895c0000)
  to   space 17024K,   0% used [0x00000000895c0000, 0x00000000895c0000, 0x000000008a660000)
 concurrent mark-sweep generation total 1926784K, used 307074K [0x000000008a660000, 0x0000000100000000, 0x0000000100000000)
 Metaspace       used 84390K, capacity 89819K, committed 90068K, reserved 1128448K
  class space    used 10310K, capacity 10708K, committed 10740K, reserved 1048576K
}
2017-08-01T06:24:46.982+0000: 27199.010: Total time for which application threads were stopped: 0.0222355 seconds, Stopping threads took: 0.0000864 seconds
{Heap before GC invocations=316 (full 3):
 par new generation   total 153344K, used 141516K [0x0000000080000000, 0x000000008a660000, 0x000000008a660000)
  eden space 136320K, 100% used [0x0000000080000000, 0x0000000088520000, 0x0000000088520000)
  from space 17024K,  30% used [0x0000000088520000, 0x0000000088a33020, 0x00000000895c0000)
  to   space 17024K,   0% used [0x00000000895c0000, 0x00000000895c0000, 0x000000008a660000)
 concurrent mark-sweep generation total 1926784K, used 307074K [0x000000008a660000, 0x0000000100000000, 0x0000000100000000)
 Metaspace       used 84390K, capacity 89819K, committed 90068K, reserved 1128448K
  class space    used 10310K, capacity 10708K, committed 10740K, reserved 1048576K
2017-08-01T06:26:30.926+0000: 27302.953: [GC (Allocation Failure) Before GC:
Statistics for BinaryTreeDictionary:
------------------------------------
Total Free Space: 207162418
Max   Chunk Size: 207162418
Number of Blocks: 1
Av.  Block  Size: 207162418
Tree      Height: 1
2017-08-01T06:26:30.926+0000: 27302.953: [ParNew
Desired survivor size 8716288 bytes, new threshold 6 (max 6)
- age   1:    1157192 bytes,    1157192 total
- age   2:     533248 bytes,    1690440 total
- age   3:     514424 bytes,    2204864 total
- age   4:     424528 bytes,    2629392 total
- age   5:     445968 bytes,    3075360 total
- age   6:     437496 bytes,    3512856 total
: 141516K->5210K(153344K), 0.0224962 secs] 448590K->312747K(2080128K)After GC:
Statistics for BinaryTreeDictionary:
------------------------------------
Total Free Space: 207100880
Max   Chunk Size: 207100880
Number of Blocks: 1
Av.  Block  Size: 207100880
Tree      Height: 1
, 0.0225895 secs] [Times: user=0.05 sys=0.00, real=0.02 secs] 
Heap after GC invocations=317 (full 3):
 par new generation   total 153344K, used 5210K [0x0000000080000000, 0x000000008a660000, 0x000000008a660000)
  eden space 136320K,   0% used [0x0000000080000000, 0x0000000080000000, 0x0000000088520000)
  from space 17024K,  30% used [0x00000000895c0000, 0x0000000089ad6940, 0x000000008a660000)
  to   space 17024K,   0% used [0x0000000088520000, 0x0000000088520000, 0x00000000895c0000)
 concurrent mark-sweep generation total 1926784K, used 307537K [0x000000008a660000, 0x0000000100000000, 0x0000000100000000)
 Metaspace       used 84390K, capacity 89819K, committed 90068K, reserved 1128448K
  class space    used 10310K, capacity 10708K, committed 10740K, reserved 1048576K
}
2017-08-01T06:26:30.948+0000: 27302.976: Total time for which application threads were stopped: 0.0228740 seconds, Stopping threads took: 0.0000531 seconds
{Heap before GC invocations=317 (full 3):
 par new generation   total 153344K, used 141530K [0x0000000080000000, 0x000000008a660000, 0x000000008a660000)
  eden space 136320K, 100% used [0x0000000080000000, 0x0000000088520000, 0x0000000088520000)
  from space 17024K,  30% used [0x00000000895c0000, 0x0000000089ad6940, 0x000000008a660000)
  to   space 17024K,   0% used [0x0000000088520000, 0x0000000088520000, 0x00000000895c0000)
 concurrent mark-sweep generation total 1926784K, used 307537K [0x000000008a660000, 0x0000000100000000, 0x0000000100000000)
 Metaspace       used 84390K, capacity 89819K, committed 90068K, reserved 1128448K
  class space    used 10310K, capacity 10708K, committed 10740K, reserved 1048576K
2017-08-01T06:28:07.921+0000: 27399.949: [GC (Allocation Failure) Before GC:
Statistics for BinaryTreeDictionary:
------------------------------------
Total Free Space: 207100880
Max   Chunk Size: 207100880
Number of Blocks: 1
Av.  Block  Size: 207100880
Tree      Height: 1
2017-08-01T06:28:07.921+0000: 27399.949: [ParNew
Desired survivor size 8716288 bytes, new threshold 6 (max 6)
- age   1:    1115288 bytes,    1115288 total
- age   2:     591784 bytes,    1707072 total
- age   3:     474488 bytes,    2181560 total
- age   4:     494952 bytes,    2676512 total
- age   5:     412960 bytes,    3089472 total
- age   6:     434928 bytes,    3524400 total
: 141530K->5155K(153344K), 0.0221760 secs] 449067K->313122K(2080128K)After GC:
Statistics for BinaryTreeDictionary:
------------------------------------
Total Free Space: 207048888
Max   Chunk Size: 207048888
Number of Blocks: 1
Av.  Block  Size: 207048888
Tree      Height: 1
, 0.0222626 secs] [Times: user=0.06 sys=0.00, real=0.02 secs] 
Heap after GC invocations=318 (full 3):
 par new generation   total 153344K, used 5155K [0x0000000080000000, 0x000000008a660000, 0x000000008a660000)
  eden space 136320K,   0% used [0x0000000080000000, 0x0000000080000000, 0x0000000088520000)
  from space 17024K,  30% used [0x0000000088520000, 0x0000000088a28c70, 0x00000000895c0000)
  to   space 17024K,   0% used [0x00000000895c0000, 0x00000000895c0000, 0x000000008a660000)
 concurrent mark-sweep generation total 1926784K, used 307967K [0x000000008a660000, 0x0000000100000000, 0x0000000100000000)
 Metaspace       used 84390K, capacity 89819K, committed 90068K, reserved 1128448K
  class space    used 10310K, capacity 10708K, committed 10740K, reserved 1048576K
}
2017-08-01T06:28:07.943+0000: 27399.971: Total time for which application threads were stopped: 0.0225416 seconds, Stopping threads took: 0.0000551 seconds
2017-08-01T06:29:02.918+0000: 27454.945: Total time for which application threads were stopped: 0.0001919 seconds, Stopping threads took: 0.0000431 seconds
{Heap before GC invocations=318 (full 3):
 par new generation   total 153344K, used 141475K [0x0000000080000000, 0x000000008a660000, 0x000000008a660000)
  eden space 136320K, 100% used [0x0000000080000000, 0x0000000088520000, 0x0000000088520000)
  from space 17024K,  30% used [0x0000000088520000, 0x0000000088a28c70, 0x00000000895c0000)
  to   space 17024K,   0% used [0x00000000895c0000, 0x00000000895c0000, 0x000000008a660000)
 concurrent mark-sweep generation total 1926784K, used 307967K [0x000000008a660000, 0x0000000100000000, 0x0000000100000000)
 Metaspace       used 84390K, capacity 89819K, committed 90068K, reserved 1128448K
  class space    used 10310K, capacity 10708K, committed 10740K, reserved 1048576K
2017-08-01T06:29:42.937+0000: 27494.965: [GC (Allocation Failure) Before GC:
Statistics for BinaryTreeDictionary:
------------------------------------
Total Free Space: 207048888
Max   Chunk Size: 207048888
Number of Blocks: 1
Av.  Block  Size: 207048888
Tree      Height: 1
2017-08-01T06:29:42.937+0000: 27494.965: [ParNew
Desired survivor size 8716288 bytes, new threshold 6 (max 6)
- age   1:    1152336 bytes,    1152336 total
- age   2:     528272 bytes,    1680608 total
- age   3:     526080 bytes,    2206688 total
- age   4:     454688 bytes,    2661376 total
- age   5:     481464 bytes,    3142840 total
- age   6:     402000 bytes,    3544840 total
: 141475K->5155K(153344K), 0.0222344 secs] 449442K->313547K(2080128K)After GC:
Statistics for BinaryTreeDictionary:
------------------------------------
Total Free Space: 206993925
Max   Chunk Size: 206993925
Number of Blocks: 1
Av.  Block  Size: 206993925
Tree      Height: 1
, 0.0223220 secs] [Times: user=0.05 sys=0.00, real=0.02 secs] 
Heap after GC invocations=319 (full 3):
 par new generation   total 153344K, used 5155K [0x0000000080000000, 0x000000008a660000, 0x000000008a660000)
  eden space 136320K,   0% used [0x0000000080000000, 0x0000000080000000, 0x0000000088520000)
  from space 17024K,  30% used [0x00000000895c0000, 0x0000000089ac8c78, 0x000000008a660000)
  to   space 17024K,   0% used [0x0000000088520000, 0x0000000088520000, 0x00000000895c0000)
 concurrent mark-sweep generation total 1926784K, used 308392K [0x000000008a660000, 0x0000000100000000, 0x0000000100000000)
 Metaspace       used 84390K, capacity 89819K, committed 90068K, reserved 1128448K
  class space    used 10310K, capacity 10708K, committed 10740K, reserved 1048576K
}
2017-08-01T06:29:42.959+0000: 27494.987: Total time for which application threads were stopped: 0.0226207 seconds, Stopping threads took: 0.0000796 seconds
{Heap before GC invocations=319 (full 3):
 par new generation   total 153344K, used 141475K [0x0000000080000000, 0x000000008a660000, 0x000000008a660000)
  eden space 136320K, 100% used [0x0000000080000000, 0x0000000088520000, 0x0000000088520000)
  from space 17024K,  30% used [0x00000000895c0000, 0x0000000089ac8c78, 0x000000008a660000)
  to   space 17024K,   0% used [0x0000000088520000, 0x0000000088520000, 0x00000000895c0000)
 concurrent mark-sweep generation total 1926784K, used 308392K [0x000000008a660000, 0x0000000100000000, 0x0000000100000000)
 Metaspace       used 84390K, capacity 89819K, committed 90068K, reserved 1128448K
  class space    used 10310K, capacity 10708K, committed 10740K, reserved 1048576K
2017-08-01T06:31:26.963+0000: 27598.991: [GC (Allocation Failure) Before GC:
Statistics for BinaryTreeDictionary:
------------------------------------
Total Free Space: 206993925
Max   Chunk Size: 206993925
Number of Blocks: 1
Av.  Block  Size: 206993925
Tree      Height: 1
2017-08-01T06:31:26.963+0000: 27598.991: [ParNew
Desired survivor size 8716288 bytes, new threshold 6 (max 6)
- age   1:    1178424 bytes,    1178424 total
- age   2:     568248 bytes,    1746672 total
- age   3:     462936 bytes,    2209608 total
- age   4:     502728 bytes,    2712336 total
- age   5:     438544 bytes,    3150880 total
- age   6:     467536 bytes,    3618416 total
: 141475K->5179K(153344K), 0.0226990 secs] 449867K->313966K(2080128K)After GC:
Statistics for BinaryTreeDictionary:
------------------------------------
Total Free Space: 206939883
Max   Chunk Size: 206939883
Number of Blocks: 1
Av.  Block  Size: 206939883
Tree      Height: 1
, 0.0228041 secs] [Times: user=0.06 sys=0.00, real=0.02 secs] 
Heap after GC invocations=320 (full 3):
 par new generation   total 153344K, used 5179K [0x0000000080000000, 0x000000008a660000, 0x000000008a660000)
  eden space 136320K,   0% used [0x0000000080000000, 0x0000000080000000, 0x0000000088520000)
  from space 17024K,  30% used [0x0000000088520000, 0x0000000088a2ed50, 0x00000000895c0000)
  to   space 17024K,   0% used [0x00000000895c0000, 0x00000000895c0000, 0x000000008a660000)
 concurrent mark-sweep generation total 1926784K, used 308786K [0x000000008a660000, 0x0000000100000000, 0x0000000100000000)
 Metaspace       used 84390K, capacity 89819K, committed 90068K, reserved 1128448K
  class space    used 10310K, capacity 10708K, committed 10740K, reserved 1048576K
}
2017-08-01T06:31:26.986+0000: 27599.013: Total time for which application threads were stopped: 0.0230594 seconds, Stopping threads took: 0.0000419 seconds
2017-08-01T06:33:02.856+0000: 27694.884: Total time for which application threads were stopped: 0.0001953 seconds, Stopping threads took: 0.0000496 seconds
2017-08-01T06:33:04.734+0000: 27696.761: Total time for which application threads were stopped: 0.0001749 seconds, Stopping threads took: 0.0000397 seconds
2017-08-01T06:33:04.746+0000: 27696.774: Total time for which application threads were stopped: 0.0002395 seconds, Stopping threads took: 0.0000420 seconds
2017-08-01T06:33:04.760+0000: 27696.788: Total time for which application threads were stopped: 0.0022359 seconds, Stopping threads took: 0.0021138 seconds
2017-08-01T06:33:04.761+0000: 27696.788: Total time for which application threads were stopped: 0.0003419 seconds, Stopping threads took: 0.0000673 seconds
2017-08-01T06:33:04.772+0000: 27696.799: Total time for which application threads were stopped: 0.0001358 seconds, Stopping threads took: 0.0000445 seconds
2017-08-01T06:33:04.775+0000: 27696.803: Total time for which application threads were stopped: 0.0001212 seconds, Stopping threads took: 0.0000425 seconds
2017-08-01T06:33:04.776+0000: 27696.803: Total time for which application threads were stopped: 0.0001305 seconds, Stopping threads took: 0.0000466 seconds
2017-08-01T06:33:04.779+0000: 27696.806: Total time for which application threads were stopped: 0.0001341 seconds, Stopping threads took: 0.0000554 seconds
2017-08-01T06:33:04.781+0000: 27696.809: Total time for which application threads were stopped: 0.0001311 seconds, Stopping threads took: 0.0000495 seconds
2017-08-01T06:33:04.781+0000: 27696.809: Total time for which application threads were stopped: 0.0001173 seconds, Stopping threads took: 0.0000371 seconds
2017-08-01T06:33:04.781+0000: 27696.809: Total time for which application threads were stopped: 0.0001075 seconds, Stopping threads took: 0.0000387 seconds
{Heap before GC invocations=320 (full 3):
 par new generation   total 153344K, used 141499K [0x0000000080000000, 0x000000008a660000, 0x000000008a660000)
  eden space 136320K, 100% used [0x0000000080000000, 0x0000000088520000, 0x0000000088520000)
  from space 17024K,  30% used [0x0000000088520000, 0x0000000088a2ed50, 0x00000000895c0000)
  to   space 17024K,   0% used [0x00000000895c0000, 0x00000000895c0000, 0x000000008a660000)
 concurrent mark-sweep generation total 1926784K, used 308786K [0x000000008a660000, 0x0000000100000000, 0x0000000100000000)
 Metaspace       used 84417K, capacity 89819K, committed 90068K, reserved 1128448K
  class space    used 10312K, capacity 10708K, committed 10740K, reserved 1048576K
2017-08-01T06:33:04.788+0000: 27696.815: [GC (Allocation Failure) Before GC:
Statistics for BinaryTreeDictionary:
------------------------------------
Total Free Space: 206939883
Max   Chunk Size: 206939883
Number of Blocks: 1
Av.  Block  Size: 206939883
Tree      Height: 1
2017-08-01T06:33:04.788+0000: 27696.815: [ParNew
Desired survivor size 8716288 bytes, new threshold 6 (max 6)
- age   1:    1416576 bytes,    1416576 total
- age   2:     595280 bytes,    2011856 total
- age   3:     506224 bytes,    2518080 total
- age   4:     441056 bytes,    2959136 total
- age   5:     488384 bytes,    3447520 total
- age   6:     428896 bytes,    3876416 total
: 141499K->7024K(153344K), 0.0228674 secs] 450286K->316270K(2080128K)After GC:
Statistics for BinaryTreeDictionary:
------------------------------------
Total Free Space: 206883526
Max   Chunk Size: 206883526
Number of Blocks: 1
Av.  Block  Size: 206883526
Tree      Height: 1
, 0.0229681 secs] [Times: user=0.06 sys=0.00, real=0.03 secs] 
Heap after GC invocations=321 (full 3):
 par new generation   total 153344K, used 7024K [0x0000000080000000, 0x000000008a660000, 0x000000008a660000)
  eden space 136320K,   0% used [0x0000000080000000, 0x0000000080000000, 0x0000000088520000)
  from space 17024K,  41% used [0x00000000895c0000, 0x0000000089c9c2c8, 0x000000008a660000)
  to   space 17024K,   0% used [0x0000000088520000, 0x0000000088520000, 0x00000000895c0000)
 concurrent mark-sweep generation total 1926784K, used 309245K [0x000000008a660000, 0x0000000100000000, 0x0000000100000000)
 Metaspace       used 84417K, capacity 89819K, committed 90068K, reserved 1128448K
  class space    used 10312K, capacity 10708K, committed 10740K, reserved 1048576K
}
2017-08-01T06:33:04.811+0000: 27696.838: Total time for which application threads were stopped: 0.0231839 seconds, Stopping threads took: 0.0000371 seconds
2017-08-01T06:33:05.740+0000: 27697.767: Total time for which application threads were stopped: 0.0002442 seconds, Stopping threads took: 0.0000441 seconds
2017-08-01T06:33:05.741+0000: 27697.768: Total time for which application threads were stopped: 0.0000861 seconds, Stopping threads took: 0.0000255 seconds
2017-08-01T06:33:05.741+0000: 27697.769: Total time for which application threads were stopped: 0.0000829 seconds, Stopping threads took: 0.0000246 seconds
2017-08-01T06:33:05.756+0000: 27697.784: Total time for which application threads were stopped: 0.0001321 seconds, Stopping threads took: 0.0000306 seconds
2017-08-01T06:33:05.757+0000: 27697.784: Total time for which application threads were stopped: 0.0000800 seconds, Stopping threads took: 0.0000200 seconds
2017-08-01T06:33:05.757+0000: 27697.784: Total time for which application threads were stopped: 0.0000798 seconds, Stopping threads took: 0.0000215 seconds
2017-08-01T06:33:05.781+0000: 27697.809: Total time for which application threads were stopped: 0.0001266 seconds, Stopping threads took: 0.0000326 seconds
2017-08-01T06:33:05.781+0000: 27697.809: Total time for which application threads were stopped: 0.0000774 seconds, Stopping threads took: 0.0000201 seconds
2017-08-01T06:33:05.781+0000: 27697.809: Total time for which application threads were stopped: 0.0000835 seconds, Stopping threads took: 0.0000261 seconds
2017-08-01T06:33:07.750+0000: 27699.777: Total time for which application threads were stopped: 0.0002440 seconds, Stopping threads took: 0.0001061 seconds
2017-08-01T06:33:07.750+0000: 27699.778: Total time for which application threads were stopped: 0.0001271 seconds, Stopping threads took: 0.0000488 seconds
2017-08-01T06:33:07.750+0000: 27699.778: Total time for which application threads were stopped: 0.0000813 seconds, Stopping threads took: 0.0000217 seconds
2017-08-01T06:33:07.758+0000: 27699.785: Total time for which application threads were stopped: 0.0000895 seconds, Stopping threads took: 0.0000236 seconds
2017-08-01T06:33:07.758+0000: 27699.786: Total time for which application threads were stopped: 0.0001151 seconds, Stopping threads took: 0.0000569 seconds
2017-08-01T06:33:07.758+0000: 27699.786: Total time for which application threads were stopped: 0.0001085 seconds, Stopping threads took: 0.0000220 seconds
2017-08-01T06:33:07.784+0000: 27699.812: Total time for which application threads were stopped: 0.0001685 seconds, Stopping threads took: 0.0000371 seconds
2017-08-01T06:33:07.784+0000: 27699.812: Total time for which application threads were stopped: 0.0001099 seconds, Stopping threads took: 0.0000424 seconds
2017-08-01T06:33:07.784+0000: 27699.812: Total time for which application threads were stopped: 0.0000832 seconds, Stopping threads took: 0.0000246 seconds
2017-08-01T06:33:09.785+0000: 27701.812: Total time for which application threads were stopped: 0.0001771 seconds, Stopping threads took: 0.0000423 seconds
2017-08-01T06:33:10.776+0000: 27702.804: Total time for which application threads were stopped: 0.0002361 seconds, Stopping threads took: 0.0000792 seconds
2017-08-01T06:33:10.793+0000: 27702.821: Total time for which application threads were stopped: 0.0002529 seconds, Stopping threads took: 0.0001171 seconds
2017-08-01T06:33:10.793+0000: 27702.821: Total time for which application threads were stopped: 0.0001414 seconds, Stopping threads took: 0.0000493 seconds
2017-08-01T06:33:10.799+0000: 27702.827: Total time for which application threads were stopped: 0.0000871 seconds, Stopping threads took: 0.0000247 seconds
2017-08-01T06:33:10.800+0000: 27702.828: Total time for which application threads were stopped: 0.0001082 seconds, Stopping threads took: 0.0000242 seconds
2017-08-01T06:33:10.800+0000: 27702.828: Total time for which application threads were stopped: 0.0001074 seconds, Stopping threads took: 0.0000218 seconds
2017-08-01T06:33:10.802+0000: 27702.829: Total time for which application threads were stopped: 0.0000827 seconds, Stopping threads took: 0.0000214 seconds
2017-08-01T06:33:10.802+0000: 27702.830: Total time for which application threads were stopped: 0.0001066 seconds, Stopping threads took: 0.0000460 seconds
2017-08-01T06:33:10.802+0000: 27702.830: Total time for which application threads were stopped: 0.0000800 seconds, Stopping threads took: 0.0000226 seconds
2017-08-01T06:33:10.803+0000: 27702.830: Total time for which application threads were stopped: 0.0001574 seconds, Stopping threads took: 0.0000883 seconds
2017-08-01T06:33:10.803+0000: 27702.831: Total time for which application threads were stopped: 0.0001154 seconds, Stopping threads took: 0.0000323 seconds
2017-08-01T06:33:10.803+0000: 27702.831: Total time for which application threads were stopped: 0.0000813 seconds, Stopping threads took: 0.0000229 seconds
2017-08-01T06:33:10.803+0000: 27702.831: Total time for which application threads were stopped: 0.0001210 seconds, Stopping threads took: 0.0000481 seconds
2017-08-01T06:33:11.751+0000: 27703.779: Total time for which application threads were stopped: 0.0001693 seconds, Stopping threads took: 0.0000396 seconds
2017-08-01T06:33:11.752+0000: 27703.779: Total time for which application threads were stopped: 0.0000826 seconds, Stopping threads took: 0.0000213 seconds
2017-08-01T06:33:11.752+0000: 27703.780: Total time for which application threads were stopped: 0.0001054 seconds, Stopping threads took: 0.0000320 seconds
2017-08-01T06:33:11.759+0000: 27703.787: Total time for which application threads were stopped: 0.0003267 seconds, Stopping threads took: 0.0000221 seconds
2017-08-01T06:33:11.760+0000: 27703.787: Total time for which application threads were stopped: 0.0000838 seconds, Stopping threads took: 0.0000224 seconds
2017-08-01T06:33:11.760+0000: 27703.788: Total time for which application threads were stopped: 0.0000880 seconds, Stopping threads took: 0.0000292 seconds
2017-08-01T06:33:11.785+0000: 27703.813: Total time for which application threads were stopped: 0.0000835 seconds, Stopping threads took: 0.0000225 seconds
2017-08-01T06:33:11.785+0000: 27703.813: Total time for which application threads were stopped: 0.0001069 seconds, Stopping threads took: 0.0000195 seconds
2017-08-01T06:33:11.786+0000: 27703.813: Total time for which application threads were stopped: 0.0001953 seconds, Stopping threads took: 0.0000199 seconds
2017-08-01T06:33:12.786+0000: 27704.814: Total time for which application threads were stopped: 0.0001607 seconds, Stopping threads took: 0.0000369 seconds
2017-08-01T06:33:12.800+0000: 27704.827: Total time for which application threads were stopped: 0.0001744 seconds, Stopping threads took: 0.0000381 seconds
2017-08-01T06:33:13.800+0000: 27705.828: Total time for which application threads were stopped: 0.0001599 seconds, Stopping threads took: 0.0000403 seconds
2017-08-01T06:33:16.800+0000: 27708.828: Total time for which application threads were stopped: 0.0001875 seconds, Stopping threads took: 0.0000414 seconds
2017-08-01T06:33:18.795+0000: 27710.823: Total time for which application threads were stopped: 0.0002288 seconds, Stopping threads took: 0.0000968 seconds
2017-08-01T06:33:18.795+0000: 27710.823: Total time for which application threads were stopped: 0.0000828 seconds, Stopping threads took: 0.0000236 seconds
2017-08-01T06:33:18.802+0000: 27710.829: Total time for which application threads were stopped: 0.0001579 seconds, Stopping threads took: 0.0000738 seconds
2017-08-01T06:33:18.807+0000: 27710.835: Total time for which application threads were stopped: 0.0001466 seconds, Stopping threads took: 0.0000352 seconds
2017-08-01T06:33:18.809+0000: 27710.837: Total time for which application threads were stopped: 0.0002044 seconds, Stopping threads took: 0.0000343 seconds
2017-08-01T06:33:18.810+0000: 27710.837: Total time for which application threads were stopped: 0.0001380 seconds, Stopping threads took: 0.0000307 seconds
2017-08-01T06:33:18.810+0000: 27710.838: Total time for which application threads were stopped: 0.0001362 seconds, Stopping threads took: 0.0000293 seconds
2017-08-01T06:33:18.810+0000: 27710.838: Total time for which application threads were stopped: 0.0001525 seconds, Stopping threads took: 0.0000326 seconds
2017-08-01T06:33:18.811+0000: 27710.838: Total time for which application threads were stopped: 0.0001476 seconds, Stopping threads took: 0.0000293 seconds
2017-08-01T06:33:18.811+0000: 27710.838: Total time for which application threads were stopped: 0.0001457 seconds, Stopping threads took: 0.0000289 seconds
2017-08-01T06:33:18.811+0000: 27710.839: Total time for which application threads were stopped: 0.0001833 seconds, Stopping threads took: 0.0000326 seconds
2017-08-01T06:33:18.811+0000: 27710.839: Total time for which application threads were stopped: 0.0001440 seconds, Stopping threads took: 0.0000288 seconds
2017-08-01T06:33:18.812+0000: 27710.839: Total time for which application threads were stopped: 0.0001349 seconds, Stopping threads took: 0.0000300 seconds
2017-08-01T06:33:18.813+0000: 27710.840: Total time for which application threads were stopped: 0.0001701 seconds, Stopping threads took: 0.0000504 seconds
2017-08-01T06:33:18.821+0000: 27710.849: Total time for which application threads were stopped: 0.0001714 seconds, Stopping threads took: 0.0000803 seconds
2017-08-01T06:33:18.821+0000: 27710.849: Total time for which application threads were stopped: 0.0001242 seconds, Stopping threads took: 0.0000299 seconds
2017-08-01T06:33:18.822+0000: 27710.850: Total time for which application threads were stopped: 0.0000889 seconds, Stopping threads took: 0.0000232 seconds
2017-08-01T06:33:18.822+0000: 27710.850: Total time for which application threads were stopped: 0.0001671 seconds, Stopping threads took: 0.0000828 seconds
2017-08-01T06:33:18.822+0000: 27710.850: Total time for which application threads were stopped: 0.0003360 seconds, Stopping threads took: 0.0000223 seconds
2017-08-01T06:33:18.824+0000: 27710.852: Total time for which application threads were stopped: 0.0001381 seconds, Stopping threads took: 0.0000411 seconds
2017-08-01T06:33:18.825+0000: 27710.853: Total time for which application threads were stopped: 0.0001590 seconds, Stopping threads took: 0.0000685 seconds
2017-08-01T06:33:18.825+0000: 27710.853: Total time for which application threads were stopped: 0.0001157 seconds, Stopping threads took: 0.0000240 seconds
2017-08-01T06:33:18.826+0000: 27710.854: Total time for which application threads were stopped: 0.0001207 seconds, Stopping threads took: 0.0000335 seconds
2017-08-01T06:33:18.827+0000: 27710.855: Total time for which application threads were stopped: 0.0001469 seconds, Stopping threads took: 0.0000468 seconds
2017-08-01T06:33:18.843+0000: 27710.870: Total time for which application threads were stopped: 0.0002225 seconds, Stopping threads took: 0.0000835 seconds
2017-08-01T06:33:18.843+0000: 27710.871: Total time for which application threads were stopped: 0.0001546 seconds, Stopping threads took: 0.0000692 seconds
2017-08-01T06:33:19.753+0000: 27711.781: Total time for which application threads were stopped: 0.0002124 seconds, Stopping threads took: 0.0000414 seconds
2017-08-01T06:33:19.761+0000: 27711.788: Total time for which application threads were stopped: 0.0002103 seconds, Stopping threads took: 0.0001058 seconds
2017-08-01T06:33:19.787+0000: 27711.814: Total time for which application threads were stopped: 0.0002345 seconds, Stopping threads took: 0.0000683 seconds
2017-08-01T06:33:21.787+0000: 27713.815: Total time for which application threads were stopped: 0.0003708 seconds, Stopping threads took: 0.0000675 seconds
2017-08-01T06:33:22.788+0000: 27714.815: Total time for which application threads were stopped: 0.0001561 seconds, Stopping threads took: 0.0000390 seconds
2017-08-01T06:33:23.788+0000: 27715.816: Total time for which application threads were stopped: 0.0001638 seconds, Stopping threads took: 0.0000436 seconds
2017-08-01T06:33:24.784+0000: 27716.812: Total time for which application threads were stopped: 0.0001519 seconds, Stopping threads took: 0.0000392 seconds
2017-08-01T06:33:24.797+0000: 27716.824: Total time for which application threads were stopped: 0.0009342 seconds, Stopping threads took: 0.0007978 seconds
2017-08-01T06:33:24.798+0000: 27716.826: Total time for which application threads were stopped: 0.0001309 seconds, Stopping threads took: 0.0000361 seconds
2017-08-01T06:33:24.798+0000: 27716.826: Total time for which application threads were stopped: 0.0001123 seconds, Stopping threads took: 0.0000328 seconds
2017-08-01T06:33:24.809+0000: 27716.837: Total time for which application threads were stopped: 0.0001595 seconds, Stopping threads took: 0.0000805 seconds
2017-08-01T06:33:24.809+0000: 27716.837: Total time for which application threads were stopped: 0.0001248 seconds, Stopping threads took: 0.0000536 seconds
2017-08-01T06:33:24.809+0000: 27716.837: Total time for which application threads were stopped: 0.0000792 seconds, Stopping threads took: 0.0000206 seconds
2017-08-01T06:33:24.810+0000: 27716.838: Total time for which application threads were stopped: 0.0000860 seconds, Stopping threads took: 0.0000250 seconds
2017-08-01T06:33:24.812+0000: 27716.840: Total time for which application threads were stopped: 0.0000845 seconds, Stopping threads took: 0.0000218 seconds
2017-08-01T06:33:24.813+0000: 27716.840: Total time for which application threads were stopped: 0.0000851 seconds, Stopping threads took: 0.0000251 seconds
2017-08-01T06:33:24.813+0000: 27716.841: Total time for which application threads were stopped: 0.0001244 seconds, Stopping threads took: 0.0000557 seconds
2017-08-01T06:33:24.813+0000: 27716.841: Total time for which application threads were stopped: 0.0000774 seconds, Stopping threads took: 0.0000206 seconds
2017-08-01T06:33:24.813+0000: 27716.841: Total time for which application threads were stopped: 0.0001160 seconds, Stopping threads took: 0.0000480 seconds
2017-08-01T06:33:24.814+0000: 27716.841: Total time for which application threads were stopped: 0.0002328 seconds, Stopping threads took: 0.0000217 seconds
2017-08-01T06:33:24.814+0000: 27716.842: Total time for which application threads were stopped: 0.0001116 seconds, Stopping threads took: 0.0000410 seconds
2017-08-01T06:33:24.814+0000: 27716.842: Total time for which application threads were stopped: 0.0001085 seconds, Stopping threads took: 0.0000399 seconds
2017-08-01T06:33:24.815+0000: 27716.842: Total time for which application threads were stopped: 0.0001404 seconds, Stopping threads took: 0.0000327 seconds
2017-08-01T06:33:24.815+0000: 27716.842: Total time for which application threads were stopped: 0.0001178 seconds, Stopping threads took: 0.0000322 seconds
2017-08-01T06:33:24.815+0000: 27716.843: Total time for which application threads were stopped: 0.0001015 seconds, Stopping threads took: 0.0000241 seconds
2017-08-01T06:33:24.815+0000: 27716.843: Total time for which application threads were stopped: 0.0001235 seconds, Stopping threads took: 0.0000553 seconds
2017-08-01T06:33:24.816+0000: 27716.843: Total time for which application threads were stopped: 0.0001085 seconds, Stopping threads took: 0.0000324 seconds
2017-08-01T06:33:24.816+0000: 27716.844: Total time for which application threads were stopped: 0.0000938 seconds, Stopping threads took: 0.0000234 seconds
2017-08-01T06:33:24.816+0000: 27716.844: Total time for which application threads were stopped: 0.0001379 seconds, Stopping threads took: 0.0000541 seconds
2017-08-01T06:33:24.817+0000: 27716.844: Total time for which application threads were stopped: 0.0001405 seconds, Stopping threads took: 0.0000453 seconds
2017-08-01T06:33:24.817+0000: 27716.845: Total time for which application threads were stopped: 0.0001523 seconds, Stopping threads took: 0.0000724 seconds
2017-08-01T06:33:24.817+0000: 27716.845: Total time for which application threads were stopped: 0.0002033 seconds, Stopping threads took: 0.0000230 seconds
2017-08-01T06:33:24.831+0000: 27716.858: Total time for which application threads were stopped: 0.0001406 seconds, Stopping threads took: 0.0000560 seconds
2017-08-01T06:33:24.831+0000: 27716.859: Total time for which application threads were stopped: 0.0000809 seconds, Stopping threads took: 0.0000222 seconds
2017-08-01T06:33:24.831+0000: 27716.859: Total time for which application threads were stopped: 0.0001226 seconds, Stopping threads took: 0.0000290 seconds
2017-08-01T06:33:24.845+0000: 27716.873: Total time for which application threads were stopped: 0.0002158 seconds, Stopping threads took: 0.0001171 seconds
2017-08-01T06:33:24.845+0000: 27716.873: Total time for which application threads were stopped: 0.0001179 seconds, Stopping threads took: 0.0000490 seconds
2017-08-01T06:33:24.846+0000: 27716.873: Total time for which application threads were stopped: 0.0000833 seconds, Stopping threads took: 0.0000230 seconds
2017-08-01T06:33:24.846+0000: 27716.874: Total time for which application threads were stopped: 0.0001062 seconds, Stopping threads took: 0.0000321 seconds
2017-08-01T06:33:24.846+0000: 27716.874: Total time for which application threads were stopped: 0.0001378 seconds, Stopping threads took: 0.0000575 seconds
2017-08-01T06:33:24.846+0000: 27716.874: Total time for which application threads were stopped: 0.0001593 seconds, Stopping threads took: 0.0000826 seconds
2017-08-01T06:33:24.847+0000: 27716.874: Total time for which application threads were stopped: 0.0001238 seconds, Stopping threads took: 0.0000509 seconds
2017-08-01T06:33:24.848+0000: 27716.876: Total time for which application threads were stopped: 0.0001447 seconds, Stopping threads took: 0.0000620 seconds
2017-08-01T06:33:24.848+0000: 27716.876: Total time for which application threads were stopped: 0.0001401 seconds, Stopping threads took: 0.0000648 seconds
2017-08-01T06:33:24.848+0000: 27716.876: Total time for which application threads were stopped: 0.0001150 seconds, Stopping threads took: 0.0000302 seconds
2017-08-01T06:33:24.848+0000: 27716.876: Total time for which application threads were stopped: 0.0000884 seconds, Stopping threads took: 0.0000235 seconds
2017-08-01T06:33:24.849+0000: 27716.876: Total time for which application threads were stopped: 0.0001157 seconds, Stopping threads took: 0.0000427 seconds
2017-08-01T06:33:24.849+0000: 27716.877: Total time for which application threads were stopped: 0.0001370 seconds, Stopping threads took: 0.0000640 seconds
2017-08-01T06:33:24.850+0000: 27716.877: Total time for which application threads were stopped: 0.0001421 seconds, Stopping threads took: 0.0000474 seconds
2017-08-01T06:33:24.850+0000: 27716.877: Total time for which application threads were stopped: 0.0001124 seconds, Stopping threads took: 0.0000214 seconds
2017-08-01T06:33:24.905+0000: 27716.933: Total time for which application threads were stopped: 0.0023962 seconds, Stopping threads took: 0.0022062 seconds
2017-08-01T06:33:24.905+0000: 27716.933: Total time for which application threads were stopped: 0.0001407 seconds, Stopping threads took: 0.0000601 seconds
2017-08-01T06:33:24.906+0000: 27716.933: Total time for which application threads were stopped: 0.0001318 seconds, Stopping threads took: 0.0000543 seconds
2017-08-01T06:33:24.910+0000: 27716.938: Total time for which application threads were stopped: 0.0000922 seconds, Stopping threads took: 0.0000240 seconds
2017-08-01T06:33:24.956+0000: 27716.983: Total time for which application threads were stopped: 0.0021050 seconds, Stopping threads took: 0.0019454 seconds
2017-08-01T06:33:24.968+0000: 27716.996: Total time for which application threads were stopped: 0.0012695 seconds, Stopping threads took: 0.0011399 seconds
2017-08-01T06:33:24.999+0000: 27717.027: Total time for which application threads were stopped: 0.0028263 seconds, Stopping threads took: 0.0026699 seconds
2017-08-01T06:33:25.007+0000: 27717.035: Total time for which application threads were stopped: 0.0002228 seconds, Stopping threads took: 0.0000597 seconds
2017-08-01T06:33:25.007+0000: 27717.035: Total time for which application threads were stopped: 0.0001329 seconds, Stopping threads took: 0.0000529 seconds
2017-08-01T06:33:25.008+0000: 27717.036: Total time for which application threads were stopped: 0.0002006 seconds, Stopping threads took: 0.0001030 seconds
2017-08-01T06:33:25.008+0000: 27717.036: Total time for which application threads were stopped: 0.0000898 seconds, Stopping threads took: 0.0000200 seconds
2017-08-01T06:33:25.009+0000: 27717.036: Total time for which application threads were stopped: 0.0004524 seconds, Stopping threads took: 0.0000558 seconds
2017-08-01T06:33:25.009+0000: 27717.037: Total time for which application threads were stopped: 0.0001571 seconds, Stopping threads took: 0.0000593 seconds
2017-08-01T06:33:25.010+0000: 27717.037: Total time for which application threads were stopped: 0.0001668 seconds, Stopping threads took: 0.0000542 seconds
2017-08-01T06:33:25.010+0000: 27717.038: Total time for which application threads were stopped: 0.0001637 seconds, Stopping threads took: 0.0000743 seconds
2017-08-01T06:33:25.011+0000: 27717.038: Total time for which application threads were stopped: 0.0001485 seconds, Stopping threads took: 0.0000560 seconds
2017-08-01T06:33:25.011+0000: 27717.039: Total time for which application threads were stopped: 0.0001665 seconds, Stopping threads took: 0.0000757 seconds
2017-08-01T06:33:25.104+0000: 27717.132: Total time for which application threads were stopped: 0.0055681 seconds, Stopping threads took: 0.0054010 seconds
2017-08-01T06:33:25.105+0000: 27717.133: Total time for which application threads were stopped: 0.0001401 seconds, Stopping threads took: 0.0000610 seconds
2017-08-01T06:33:25.105+0000: 27717.133: Total time for which application threads were stopped: 0.0001390 seconds, Stopping threads took: 0.0000601 seconds
2017-08-01T06:33:25.106+0000: 27717.133: Total time for which application threads were stopped: 0.0001349 seconds, Stopping threads took: 0.0000570 seconds
2017-08-01T06:33:25.106+0000: 27717.134: Total time for which application threads were stopped: 0.0004097 seconds, Stopping threads took: 0.0000256 seconds
{Heap before GC invocations=321 (full 3):
 par new generation   total 153344K, used 143344K [0x0000000080000000, 0x000000008a660000, 0x000000008a660000)
  eden space 136320K, 100% used [0x0000000080000000, 0x0000000088520000, 0x0000000088520000)
  from space 17024K,  41% used [0x00000000895c0000, 0x0000000089c9c2c8, 0x000000008a660000)
  to   space 17024K,   0% used [0x0000000088520000, 0x0000000088520000, 0x00000000895c0000)
 concurrent mark-sweep generation total 1926784K, used 309245K [0x000000008a660000, 0x0000000100000000, 0x0000000100000000)
 Metaspace       used 84516K, capacity 89901K, committed 90068K, reserved 1128448K
  class space    used 10317K, capacity 10711K, committed 10740K, reserved 1048576K
2017-08-01T06:33:25.134+0000: 27717.162: [GC (Allocation Failure) Before GC:
Statistics for BinaryTreeDictionary:
------------------------------------
Total Free Space: 206883526
Max   Chunk Size: 206883526
Number of Blocks: 1
Av.  Block  Size: 206883526
Tree      Height: 1
2017-08-01T06:33:25.134+0000: 27717.162: [ParNew
Desired survivor size 8716288 bytes, new threshold 6 (max 6)
- age   1:    2799672 bytes,    2799672 total
- age   2:     960696 bytes,    3760368 total
- age   3:     531768 bytes,    4292136 total
- age   4:     424952 bytes,    4717088 total
- age   5:     408976 bytes,    5126064 total
- age   6:     434864 bytes,    5560928 total
: 143344K->6863K(153344K), 0.0350705 secs] 452590K->316494K(2080128K)After GC:
Statistics for BinaryTreeDictionary:
------------------------------------
Total Free Space: 206832837
Max   Chunk Size: 206832837
Number of Blocks: 1
Av.  Block  Size: 206832837
Tree      Height: 1
, 0.0351661 secs] [Times: user=0.09 sys=0.00, real=0.03 secs] 
Heap after GC invocations=322 (full 3):
 par new generation   total 153344K, used 6863K [0x0000000080000000, 0x000000008a660000, 0x000000008a660000)
  eden space 136320K,   0% used [0x0000000080000000, 0x0000000080000000, 0x0000000088520000)
  from space 17024K,  40% used [0x0000000088520000, 0x0000000088bd3c58, 0x00000000895c0000)
  to   space 17024K,   0% used [0x00000000895c0000, 0x00000000895c0000, 0x000000008a660000)
 concurrent mark-sweep generation total 1926784K, used 309631K [0x000000008a660000, 0x0000000100000000, 0x0000000100000000)
 Metaspace       used 84516K, capacity 89901K, committed 90068K, reserved 1128448K
  class space    used 10317K, capacity 10711K, committed 10740K, reserved 1048576K
}
2017-08-01T06:33:25.169+0000: 27717.197: Total time for which application threads were stopped: 0.0365787 seconds, Stopping threads took: 0.0011795 seconds
2017-08-01T06:33:26.170+0000: 27718.197: Total time for which application threads were stopped: 0.0001817 seconds, Stopping threads took: 0.0000430 seconds
2017-08-01T06:33:27.170+0000: 27719.198: Total time for which application threads were stopped: 0.0002048 seconds, Stopping threads took: 0.0000822 seconds
2017-08-01T06:33:28.170+0000: 27720.198: Total time for which application threads were stopped: 0.0001705 seconds, Stopping threads took: 0.0000401 seconds
2017-08-01T06:33:28.833+0000: 27720.860: Total time for which application threads were stopped: 0.0002013 seconds, Stopping threads took: 0.0000601 seconds
2017-08-01T06:33:28.834+0000: 27720.861: Total time for which application threads were stopped: 0.0001243 seconds, Stopping threads took: 0.0000453 seconds
2017-08-01T06:33:28.834+0000: 27720.862: Total time for which application threads were stopped: 0.0001119 seconds, Stopping threads took: 0.0000416 seconds
2017-08-01T06:33:28.835+0000: 27720.862: Total time for which application threads were stopped: 0.0001224 seconds, Stopping threads took: 0.0000366 seconds
2017-08-01T06:33:28.835+0000: 27720.863: Total time for which application threads were stopped: 0.0001133 seconds, Stopping threads took: 0.0000369 seconds
2017-08-01T06:33:28.836+0000: 27720.864: Total time for which application threads were stopped: 0.0001480 seconds, Stopping threads took: 0.0000717 seconds
2017-08-01T06:33:28.851+0000: 27720.878: Total time for which application threads were stopped: 0.0001172 seconds, Stopping threads took: 0.0000297 seconds
2017-08-01T06:33:28.851+0000: 27720.879: Total time for which application threads were stopped: 0.0001083 seconds, Stopping threads took: 0.0000386 seconds
2017-08-01T06:33:28.852+0000: 27720.880: Total time for which application threads were stopped: 0.0001063 seconds, Stopping threads took: 0.0000258 seconds
2017-08-01T06:33:28.853+0000: 27720.881: Total time for which application threads were stopped: 0.0001314 seconds, Stopping threads took: 0.0000341 seconds
2017-08-01T06:33:28.854+0000: 27720.882: Total time for which application threads were stopped: 0.0011531 seconds, Stopping threads took: 0.0010810 seconds
2017-08-01T06:33:28.860+0000: 27720.888: Total time for which application threads were stopped: 0.0001509 seconds, Stopping threads took: 0.0000785 seconds
2017-08-01T06:33:28.861+0000: 27720.889: Total time for which application threads were stopped: 0.0000983 seconds, Stopping threads took: 0.0000341 seconds
2017-08-01T06:33:29.861+0000: 27721.889: Total time for which application threads were stopped: 0.0001699 seconds, Stopping threads took: 0.0000471 seconds
2017-08-01T06:33:32.862+0000: 27724.889: Total time for which application threads were stopped: 0.0001989 seconds, Stopping threads took: 0.0000613 seconds
2017-08-01T06:33:34.150+0000: 27726.178: Total time for which application threads were stopped: 0.0004388 seconds, Stopping threads took: 0.0000409 seconds
2017-08-01T06:33:34.154+0000: 27726.182: Total time for which application threads were stopped: 0.0014704 seconds, Stopping threads took: 0.0000491 seconds
2017-08-01T06:33:34.812+0000: 27726.839: Total time for which application threads were stopped: 0.0002071 seconds, Stopping threads took: 0.0000552 seconds
2017-08-01T06:33:34.813+0000: 27726.841: Total time for which application threads were stopped: 0.0001441 seconds, Stopping threads took: 0.0000423 seconds
2017-08-01T06:33:34.814+0000: 27726.842: Total time for which application threads were stopped: 0.0001700 seconds, Stopping threads took: 0.0000794 seconds
2017-08-01T06:33:34.825+0000: 27726.853: Total time for which application threads were stopped: 0.0012293 seconds, Stopping threads took: 0.0011438 seconds
2017-08-01T06:33:34.825+0000: 27726.853: Total time for which application threads were stopped: 0.0002323 seconds, Stopping threads took: 0.0001585 seconds
2017-08-01T06:33:34.826+0000: 27726.854: Total time for which application threads were stopped: 0.0001254 seconds, Stopping threads took: 0.0000508 seconds
2017-08-01T06:33:34.826+0000: 27726.854: Total time for which application threads were stopped: 0.0000854 seconds, Stopping threads took: 0.0000248 seconds
2017-08-01T06:33:34.827+0000: 27726.854: Total time for which application threads were stopped: 0.0003433 seconds, Stopping threads took: 0.0000464 seconds
2017-08-01T06:33:34.829+0000: 27726.857: Total time for which application threads were stopped: 0.0001320 seconds, Stopping threads took: 0.0000413 seconds
2017-08-01T06:33:34.829+0000: 27726.857: Total time for which application threads were stopped: 0.0000853 seconds, Stopping threads took: 0.0000239 seconds
2017-08-01T06:33:34.833+0000: 27726.860: Total time for which application threads were stopped: 0.0001587 seconds, Stopping threads took: 0.0000846 seconds
2017-08-01T06:33:34.833+0000: 27726.861: Total time for which application threads were stopped: 0.0001285 seconds, Stopping threads took: 0.0000461 seconds
2017-08-01T06:33:34.834+0000: 27726.861: Total time for which application threads were stopped: 0.0000878 seconds, Stopping threads took: 0.0000237 seconds
2017-08-01T06:33:34.835+0000: 27726.863: Total time for which application threads were stopped: 0.0001107 seconds, Stopping threads took: 0.0000477 seconds
2017-08-01T06:33:34.838+0000: 27726.866: Total time for which application threads were stopped: 0.0001679 seconds, Stopping threads took: 0.0000323 seconds
2017-08-01T06:33:34.839+0000: 27726.867: Total time for which application threads were stopped: 0.0001609 seconds, Stopping threads took: 0.0000315 seconds
2017-08-01T06:33:34.840+0000: 27726.868: Total time for which application threads were stopped: 0.0001668 seconds, Stopping threads took: 0.0000327 seconds
2017-08-01T06:33:34.842+0000: 27726.870: Total time for which application threads were stopped: 0.0005865 seconds, Stopping threads took: 0.0000311 seconds
2017-08-01T06:33:34.848+0000: 27726.875: Total time for which application threads were stopped: 0.0001493 seconds, Stopping threads took: 0.0000723 seconds
2017-08-01T06:33:34.848+0000: 27726.876: Total time for which application threads were stopped: 0.0001294 seconds, Stopping threads took: 0.0000519 seconds
2017-08-01T06:33:34.868+0000: 27726.895: Total time for which application threads were stopped: 0.0002190 seconds, Stopping threads took: 0.0000638 seconds
2017-08-01T06:33:34.868+0000: 27726.896: Total time for which application threads were stopped: 0.0001308 seconds, Stopping threads took: 0.0000524 seconds
2017-08-01T06:33:34.869+0000: 27726.896: Total time for which application threads were stopped: 0.0001534 seconds, Stopping threads took: 0.0000509 seconds
2017-08-01T06:33:34.869+0000: 27726.897: Total time for which application threads were stopped: 0.0001495 seconds, Stopping threads took: 0.0000594 seconds
2017-08-01T06:33:34.872+0000: 27726.899: Total time for which application threads were stopped: 0.0001309 seconds, Stopping threads took: 0.0000248 seconds
2017-08-01T06:33:34.873+0000: 27726.900: Total time for which application threads were stopped: 0.0000907 seconds, Stopping threads took: 0.0000262 seconds
2017-08-01T06:33:34.873+0000: 27726.901: Total time for which application threads were stopped: 0.0001253 seconds, Stopping threads took: 0.0000485 seconds
2017-08-01T06:33:34.878+0000: 27726.906: Total time for which application threads were stopped: 0.0001110 seconds, Stopping threads took: 0.0000492 seconds
2017-08-01T06:33:34.879+0000: 27726.906: Total time for which application threads were stopped: 0.0001028 seconds, Stopping threads took: 0.0000249 seconds
2017-08-01T06:33:34.880+0000: 27726.907: Total time for which application threads were stopped: 0.0001280 seconds, Stopping threads took: 0.0000513 seconds
2017-08-01T06:33:34.880+0000: 27726.908: Total time for which application threads were stopped: 0.0001476 seconds, Stopping threads took: 0.0000601 seconds
2017-08-01T06:33:34.881+0000: 27726.909: Total time for which application threads were stopped: 0.0001337 seconds, Stopping threads took: 0.0000270 seconds
2017-08-01T06:33:34.882+0000: 27726.910: Total time for which application threads were stopped: 0.0001317 seconds, Stopping threads took: 0.0000553 seconds
2017-08-01T06:33:34.883+0000: 27726.911: Total time for which application threads were stopped: 0.0001276 seconds, Stopping threads took: 0.0000510 seconds
2017-08-01T06:33:34.884+0000: 27726.911: Total time for which application threads were stopped: 0.0001015 seconds, Stopping threads took: 0.0000249 seconds
2017-08-01T06:33:34.885+0000: 27726.913: Total time for which application threads were stopped: 0.0001289 seconds, Stopping threads took: 0.0000511 seconds
2017-08-01T06:33:34.886+0000: 27726.913: Total time for which application threads were stopped: 0.0001169 seconds, Stopping threads took: 0.0000290 seconds
2017-08-01T06:33:34.887+0000: 27726.914: Total time for which application threads were stopped: 0.0001033 seconds, Stopping threads took: 0.0000249 seconds
2017-08-01T06:33:34.888+0000: 27726.916: Total time for which application threads were stopped: 0.0002900 seconds, Stopping threads took: 0.0000324 seconds
2017-08-01T06:33:34.890+0000: 27726.917: Total time for which application threads were stopped: 0.0001264 seconds, Stopping threads took: 0.0000490 seconds
2017-08-01T06:33:34.890+0000: 27726.918: Total time for which application threads were stopped: 0.0001388 seconds, Stopping threads took: 0.0000333 seconds
2017-08-01T06:33:34.899+0000: 27726.927: Total time for which application threads were stopped: 0.0001500 seconds, Stopping threads took: 0.0000523 seconds
2017-08-01T06:33:34.900+0000: 27726.927: Total time for which application threads were stopped: 0.0001092 seconds, Stopping threads took: 0.0000332 seconds
2017-08-01T06:33:34.904+0000: 27726.932: Total time for which application threads were stopped: 0.0003492 seconds, Stopping threads took: 0.0000441 seconds
2017-08-01T06:33:35.755+0000: 27727.783: Total time for which application threads were stopped: 0.0002322 seconds, Stopping threads took: 0.0000407 seconds
2017-08-01T06:33:35.766+0000: 27727.793: Total time for which application threads were stopped: 0.0001812 seconds, Stopping threads took: 0.0000345 seconds
2017-08-01T06:33:35.789+0000: 27727.817: Total time for which application threads were stopped: 0.0001594 seconds, Stopping threads took: 0.0000387 seconds
2017-08-01T06:33:36.789+0000: 27728.817: Total time for which application threads were stopped: 0.0002082 seconds, Stopping threads took: 0.0000626 seconds
2017-08-01T06:33:38.790+0000: 27730.817: Total time for which application threads were stopped: 0.0001670 seconds, Stopping threads took: 0.0000456 seconds
2017-08-01T06:33:39.790+0000: 27731.818: Total time for which application threads were stopped: 0.0001678 seconds, Stopping threads took: 0.0000439 seconds
2017-08-01T06:33:40.791+0000: 27732.818: Total time for which application threads were stopped: 0.0001917 seconds, Stopping threads took: 0.0000447 seconds
2017-08-01T06:33:45.792+0000: 27737.820: Total time for which application threads were stopped: 0.0001947 seconds, Stopping threads took: 0.0000476 seconds
2017-08-01T06:33:49.793+0000: 27741.821: Total time for which application threads were stopped: 0.0002859 seconds, Stopping threads took: 0.0001071 seconds
2017-08-01T06:33:53.794+0000: 27745.821: Total time for which application threads were stopped: 0.0001879 seconds, Stopping threads took: 0.0000406 seconds
2017-08-01T06:33:54.455+0000: 27746.483: Total time for which application threads were stopped: 0.0001677 seconds, Stopping threads took: 0.0000439 seconds
2017-08-01T06:33:54.456+0000: 27746.483: Total time for which application threads were stopped: 0.0000773 seconds, Stopping threads took: 0.0000223 seconds
2017-08-01T06:33:55.456+0000: 27747.484: Total time for which application threads were stopped: 0.0001670 seconds, Stopping threads took: 0.0000407 seconds
2017-08-01T06:33:55.784+0000: 27747.812: Total time for which application threads were stopped: 0.0001680 seconds, Stopping threads took: 0.0000372 seconds
2017-08-01T06:33:56.785+0000: 27748.812: Total time for which application threads were stopped: 0.0001544 seconds, Stopping threads took: 0.0000413 seconds
2017-08-01T06:33:58.785+0000: 27750.813: Total time for which application threads were stopped: 0.0001582 seconds, Stopping threads took: 0.0000375 seconds
2017-08-01T06:33:59.786+0000: 27751.813: Total time for which application threads were stopped: 0.0001921 seconds, Stopping threads took: 0.0000324 seconds
2017-08-01T06:34:00.786+0000: 27752.814: Total time for which application threads were stopped: 0.0002058 seconds, Stopping threads took: 0.0000414 seconds
2017-08-01T06:34:02.786+0000: 27754.814: Total time for which application threads were stopped: 0.0001597 seconds, Stopping threads took: 0.0000421 seconds
2017-08-01T06:34:03.786+0000: 27755.814: Total time for which application threads were stopped: 0.0001759 seconds, Stopping threads took: 0.0000407 seconds
2017-08-01T06:34:04.787+0000: 27756.814: Total time for which application threads were stopped: 0.0001860 seconds, Stopping threads took: 0.0000437 seconds
2017-08-01T06:34:05.756+0000: 27757.784: Total time for which application threads were stopped: 0.0001981 seconds, Stopping threads took: 0.0000419 seconds
2017-08-01T06:34:05.757+0000: 27757.785: Total time for which application threads were stopped: 0.0001097 seconds, Stopping threads took: 0.0000236 seconds
2017-08-01T06:34:05.766+0000: 27757.794: Total time for which application threads were stopped: 0.0001105 seconds, Stopping threads took: 0.0000260 seconds
2017-08-01T06:34:05.767+0000: 27757.794: Total time for which application threads were stopped: 0.0000838 seconds, Stopping threads took: 0.0000243 seconds
2017-08-01T06:34:05.790+0000: 27757.818: Total time for which application threads were stopped: 0.0001878 seconds, Stopping threads took: 0.0000396 seconds
2017-08-01T06:34:05.792+0000: 27757.820: Total time for which application threads were stopped: 0.0000814 seconds, Stopping threads took: 0.0000234 seconds
2017-08-01T06:34:08.793+0000: 27760.820: Total time for which application threads were stopped: 0.0001869 seconds, Stopping threads took: 0.0000699 seconds
2017-08-01T06:34:09.793+0000: 27761.821: Total time for which application threads were stopped: 0.0001872 seconds, Stopping threads took: 0.0000453 seconds
2017-08-01T06:34:15.794+0000: 27767.821: Total time for which application threads were stopped: 0.0001641 seconds, Stopping threads took: 0.0000414 seconds
2017-08-01T06:34:16.794+0000: 27768.822: Total time for which application threads were stopped: 0.0001770 seconds, Stopping threads took: 0.0000607 seconds
2017-08-01T06:34:18.794+0000: 27770.822: Total time for which application threads were stopped: 0.0002182 seconds, Stopping threads took: 0.0000652 seconds
2017-08-01T06:34:19.795+0000: 27771.822: Total time for which application threads were stopped: 0.0001784 seconds, Stopping threads took: 0.0000448 seconds
2017-08-01T06:34:20.795+0000: 27772.823: Total time for which application threads were stopped: 0.0001896 seconds, Stopping threads took: 0.0000418 seconds
2017-08-01T06:34:23.796+0000: 27775.823: Total time for which application threads were stopped: 0.0001982 seconds, Stopping threads took: 0.0000412 seconds
2017-08-01T06:34:25.796+0000: 27777.824: Total time for which application threads were stopped: 0.0002151 seconds, Stopping threads took: 0.0000413 seconds
2017-08-01T06:34:26.796+0000: 27778.824: Total time for which application threads were stopped: 0.0001832 seconds, Stopping threads took: 0.0000552 seconds
2017-08-01T06:34:27.797+0000: 27779.824: Total time for which application threads were stopped: 0.0001879 seconds, Stopping threads took: 0.0000597 seconds
{Heap before GC invocations=322 (full 3):
 par new generation   total 153344K, used 143183K [0x0000000080000000, 0x000000008a660000, 0x000000008a660000)
  eden space 136320K, 100% used [0x0000000080000000, 0x0000000088520000, 0x0000000088520000)
  from space 17024K,  40% used [0x0000000088520000, 0x0000000088bd3c58, 0x00000000895c0000)
  to   space 17024K,   0% used [0x00000000895c0000, 0x00000000895c0000, 0x000000008a660000)
 concurrent mark-sweep generation total 1926784K, used 309631K [0x000000008a660000, 0x0000000100000000, 0x0000000100000000)
 Metaspace       used 84602K, capacity 89985K, committed 90068K, reserved 1128448K
  class space    used 10320K, capacity 10713K, committed 10740K, reserved 1048576K
2017-08-01T06:34:30.929+0000: 27782.957: [GC (Allocation Failure) Before GC:
Statistics for BinaryTreeDictionary:
------------------------------------
Total Free Space: 206832837
Max   Chunk Size: 206832837
Number of Blocks: 1
Av.  Block  Size: 206832837
Tree      Height: 1
2017-08-01T06:34:30.929+0000: 27782.957: [ParNew
Desired survivor size 8716288 bytes, new threshold 6 (max 6)
- age   1:     529984 bytes,     529984 total
- age   2:    2258760 bytes,    2788744 total
- age   3:     892248 bytes,    3680992 total
- age   4:     522072 bytes,    4203064 total
- age   5:     416344 bytes,    4619408 total
- age   6:     398920 bytes,    5018328 total
: 143183K->6974K(153344K), 0.0437049 secs] 452814K->317028K(2080128K)After GC:
Statistics for BinaryTreeDictionary:
------------------------------------
Total Free Space: 206779694
Max   Chunk Size: 206779694
Number of Blocks: 1
Av.  Block  Size: 206779694
Tree      Height: 1
, 0.0438063 secs] [Times: user=0.07 sys=0.00, real=0.05 secs] 
Heap after GC invocations=323 (full 3):
 par new generation   total 153344K, used 6974K [0x0000000080000000, 0x000000008a660000, 0x000000008a660000)
  eden space 136320K,   0% used [0x0000000080000000, 0x0000000080000000, 0x0000000088520000)
  from space 17024K,  40% used [0x00000000895c0000, 0x0000000089c8fbc8, 0x000000008a660000)
  to   space 17024K,   0% used [0x0000000088520000, 0x0000000088520000, 0x00000000895c0000)
 concurrent mark-sweep generation total 1926784K, used 310053K [0x000000008a660000, 0x0000000100000000, 0x0000000100000000)
 Metaspace       used 84602K, capacity 89985K, committed 90068K, reserved 1128448K
  class space    used 10320K, capacity 10713K, committed 10740K, reserved 1048576K
}
2017-08-01T06:34:30.973+0000: 27783.001: Total time for which application threads were stopped: 0.0441033 seconds, Stopping threads took: 0.0000371 seconds
2017-08-01T06:34:34.974+0000: 27787.001: Total time for which application threads were stopped: 0.0001971 seconds, Stopping threads took: 0.0000420 seconds
2017-08-01T06:34:35.759+0000: 27787.786: Total time for which application threads were stopped: 0.0002034 seconds, Stopping threads took: 0.0000649 seconds
2017-08-01T06:34:35.773+0000: 27787.801: Total time for which application threads were stopped: 0.0003288 seconds, Stopping threads took: 0.0000563 seconds
2017-08-01T06:34:35.773+0000: 27787.801: Total time for which application threads were stopped: 0.0000787 seconds, Stopping threads took: 0.0000214 seconds
2017-08-01T06:34:35.793+0000: 27787.820: Total time for which application threads were stopped: 0.0001445 seconds, Stopping threads took: 0.0000345 seconds
2017-08-01T06:34:36.793+0000: 27788.821: Total time for which application threads were stopped: 0.0001891 seconds, Stopping threads took: 0.0000554 seconds
2017-08-01T06:34:37.793+0000: 27789.821: Total time for which application threads were stopped: 0.0001641 seconds, Stopping threads took: 0.0000451 seconds
2017-08-01T06:34:42.794+0000: 27794.822: Total time for which application threads were stopped: 0.0001835 seconds, Stopping threads took: 0.0000431 seconds
2017-08-01T06:34:45.795+0000: 27797.822: Total time for which application threads were stopped: 0.0001971 seconds, Stopping threads took: 0.0000433 seconds
2017-08-01T06:34:48.795+0000: 27800.823: Total time for which application threads were stopped: 0.0001617 seconds, Stopping threads took: 0.0000429 seconds
2017-08-01T06:34:55.796+0000: 27807.824: Total time for which application threads were stopped: 0.0001521 seconds, Stopping threads took: 0.0000396 seconds
2017-08-01T06:35:03.797+0000: 27815.825: Total time for which application threads were stopped: 0.0003138 seconds, Stopping threads took: 0.0000703 seconds
2017-08-01T06:35:05.761+0000: 27817.788: Total time for which application threads were stopped: 0.0002186 seconds, Stopping threads took: 0.0000400 seconds
2017-08-01T06:35:05.774+0000: 27817.802: Total time for which application threads were stopped: 0.0001818 seconds, Stopping threads took: 0.0000805 seconds
2017-08-01T06:35:05.775+0000: 27817.802: Total time for which application threads were stopped: 0.0001142 seconds, Stopping threads took: 0.0000310 seconds
2017-08-01T06:35:05.794+0000: 27817.822: Total time for which application threads were stopped: 0.0001640 seconds, Stopping threads took: 0.0000369 seconds
2017-08-01T06:35:09.795+0000: 27821.823: Total time for which application threads were stopped: 0.0001778 seconds, Stopping threads took: 0.0000523 seconds
2017-08-01T06:35:15.796+0000: 27827.823: Total time for which application threads were stopped: 0.0001722 seconds, Stopping threads took: 0.0000411 seconds
2017-08-01T06:35:21.486+0000: 27833.514: Total time for which application threads were stopped: 0.0001878 seconds, Stopping threads took: 0.0000454 seconds
2017-08-01T06:35:21.489+0000: 27833.516: Total time for which application threads were stopped: 0.0001397 seconds, Stopping threads took: 0.0000489 seconds
2017-08-01T06:35:21.489+0000: 27833.517: Total time for which application threads were stopped: 0.0001033 seconds, Stopping threads took: 0.0000254 seconds
2017-08-01T06:35:21.580+0000: 27833.607: Total time for which application threads were stopped: 0.0001738 seconds, Stopping threads took: 0.0000437 seconds
2017-08-01T06:35:21.590+0000: 27833.618: Total time for which application threads were stopped: 0.0001587 seconds, Stopping threads took: 0.0000295 seconds
2017-08-01T06:35:21.590+0000: 27833.618: Total time for which application threads were stopped: 0.0000774 seconds, Stopping threads took: 0.0000212 seconds
2017-08-01T06:35:21.590+0000: 27833.618: Total time for which application threads were stopped: 0.0000925 seconds, Stopping threads took: 0.0000209 seconds
2017-08-01T06:35:21.590+0000: 27833.618: Total time for which application threads were stopped: 0.0000755 seconds, Stopping threads took: 0.0000203 seconds
2017-08-01T06:35:21.597+0000: 27833.625: Total time for which application threads were stopped: 0.0000988 seconds, Stopping threads took: 0.0000207 seconds
2017-08-01T06:35:21.597+0000: 27833.625: Total time for which application threads were stopped: 0.0000802 seconds, Stopping threads took: 0.0000227 seconds
2017-08-01T06:35:21.597+0000: 27833.625: Total time for which application threads were stopped: 0.0002481 seconds, Stopping threads took: 0.0000202 seconds
2017-08-01T06:35:21.598+0000: 27833.626: Total time for which application threads were stopped: 0.0000790 seconds, Stopping threads took: 0.0000206 seconds
2017-08-01T06:35:22.598+0000: 27834.626: Total time for which application threads were stopped: 0.0003035 seconds, Stopping threads took: 0.0000700 seconds
2017-08-01T06:35:23.598+0000: 27835.626: Total time for which application threads were stopped: 0.0002003 seconds, Stopping threads took: 0.0000432 seconds
2017-08-01T06:35:25.599+0000: 27837.627: Total time for which application threads were stopped: 0.0001858 seconds, Stopping threads took: 0.0000436 seconds
2017-08-01T06:35:26.599+0000: 27838.627: Total time for which application threads were stopped: 0.0001941 seconds, Stopping threads took: 0.0000520 seconds
2017-08-01T06:35:27.599+0000: 27839.627: Total time for which application threads were stopped: 0.0001819 seconds, Stopping threads took: 0.0000582 seconds
2017-08-01T06:35:35.059+0000: 27847.087: Total time for which application threads were stopped: 0.0002091 seconds, Stopping threads took: 0.0000670 seconds
{Heap before GC invocations=323 (full 3):
 par new generation   total 153344K, used 143294K [0x0000000080000000, 0x000000008a660000, 0x000000008a660000)
  eden space 136320K, 100% used [0x0000000080000000, 0x0000000088520000, 0x0000000088520000)
  from space 17024K,  40% used [0x00000000895c0000, 0x0000000089c8fbc8, 0x000000008a660000)
  to   space 17024K,   0% used [0x0000000088520000, 0x0000000088520000, 0x00000000895c0000)
 concurrent mark-sweep generation total 1926784K, used 310053K [0x000000008a660000, 0x0000000100000000, 0x0000000100000000)
 Metaspace       used 84613K, capacity 90049K, committed 90324K, reserved 1128448K
  class space    used 10320K, capacity 10713K, committed 10740K, reserved 1048576K
2017-08-01T06:35:35.070+0000: 27847.098: [GC (Allocation Failure) Before GC:
Statistics for BinaryTreeDictionary:
------------------------------------
Total Free Space: 206779694
Max   Chunk Size: 206779694
Number of Blocks: 1
Av.  Block  Size: 206779694
Tree      Height: 1
2017-08-01T06:35:35.070+0000: 27847.098: [ParNew
Desired survivor size 8716288 bytes, new threshold 6 (max 6)
- age   1:    1419272 bytes,    1419272 total
- age   2:     172936 bytes,    1592208 total
- age   3:    2249856 bytes,    3842064 total
- age   4:     881560 bytes,    4723624 total
- age   5:     517560 bytes,    5241184 total
- age   6:     410416 bytes,    5651600 total
: 143294K->7240K(153344K), 0.0297572 secs] 453348K->317685K(2080128K)After GC:
Statistics for BinaryTreeDictionary:
------------------------------------
Total Free Space: 206729956
Max   Chunk Size: 206729956
Number of Blocks: 1
Av.  Block  Size: 206729956
Tree      Height: 1
, 0.0298480 secs] [Times: user=0.08 sys=0.00, real=0.03 secs] 
Heap after GC invocations=324 (full 3):
 par new generation   total 153344K, used 7240K [0x0000000080000000, 0x000000008a660000, 0x000000008a660000)
  eden space 136320K,   0% used [0x0000000080000000, 0x0000000080000000, 0x0000000088520000)
  from space 17024K,  42% used [0x0000000088520000, 0x0000000088c320e8, 0x00000000895c0000)
  to   space 17024K,   0% used [0x00000000895c0000, 0x00000000895c0000, 0x000000008a660000)
 concurrent mark-sweep generation total 1926784K, used 310445K [0x000000008a660000, 0x0000000100000000, 0x0000000100000000)
 Metaspace       used 84613K, capacity 90049K, committed 90324K, reserved 1128448K
  class space    used 10320K, capacity 10713K, committed 10740K, reserved 1048576K
}
2017-08-01T06:35:35.100+0000: 27847.128: Total time for which application threads were stopped: 0.0301154 seconds, Stopping threads took: 0.0000503 seconds
2017-08-01T06:35:35.460+0000: 27847.487: Total time for which application threads were stopped: 0.0002433 seconds, Stopping threads took: 0.0000306 seconds
2017-08-01T06:35:35.774+0000: 27847.802: Total time for which application threads were stopped: 0.0013318 seconds, Stopping threads took: 0.0011409 seconds
2017-08-01T06:35:35.777+0000: 27847.805: Total time for which application threads were stopped: 0.0001683 seconds, Stopping threads took: 0.0000371 seconds
2017-08-01T06:35:35.797+0000: 27847.825: Total time for which application threads were stopped: 0.0002156 seconds, Stopping threads took: 0.0000545 seconds
{Heap before GC invocations=324 (full 3):
 par new generation   total 153344K, used 143560K [0x0000000080000000, 0x000000008a660000, 0x000000008a660000)
  eden space 136320K, 100% used [0x0000000080000000, 0x0000000088520000, 0x0000000088520000)
  from space 17024K,  42% used [0x0000000088520000, 0x0000000088c320e8, 0x00000000895c0000)
  to   space 17024K,   0% used [0x00000000895c0000, 0x00000000895c0000, 0x000000008a660000)
 concurrent mark-sweep generation total 1926784K, used 310445K [0x000000008a660000, 0x0000000100000000, 0x0000000100000000)
 Metaspace       used 84614K, capacity 90049K, committed 90324K, reserved 1128448K
  class space    used 10320K, capacity 10713K, committed 10740K, reserved 1048576K
2017-08-01T06:35:36.040+0000: 27848.067: [GC (Allocation Failure) Before GC:
Statistics for BinaryTreeDictionary:
------------------------------------
Total Free Space: 206729956
Max   Chunk Size: 206729956
Number of Blocks: 1
Av.  Block  Size: 206729956
Tree      Height: 1
2017-08-01T06:35:36.040+0000: 27848.067: [ParNew
Desired survivor size 8716288 bytes, new threshold 6 (max 6)
- age   1:    1488184 bytes,    1488184 total
- age   2:    1112936 bytes,    2601120 total
- age   3:     166408 bytes,    2767528 total
- age   4:    2245984 bytes,    5013512 total
- age   5:     874072 bytes,    5887584 total
- age   6:     514488 bytes,    6402072 total
: 143560K->8006K(153344K), 0.0379622 secs] 454005K->318859K(2080128K)After GC:
Statistics for BinaryTreeDictionary:
------------------------------------
Total Free Space: 206678376
Max   Chunk Size: 206678376
Number of Blocks: 1
Av.  Block  Size: 206678376
Tree      Height: 1
, 0.0380634 secs] [Times: user=0.09 sys=0.00, real=0.04 secs] 
Heap after GC invocations=325 (full 3):
 par new generation   total 153344K, used 8006K [0x0000000080000000, 0x000000008a660000, 0x000000008a660000)
  eden space 136320K,   0% used [0x0000000080000000, 0x0000000080000000, 0x0000000088520000)
  from space 17024K,  47% used [0x00000000895c0000, 0x0000000089d918d8, 0x000000008a660000)
  to   space 17024K,   0% used [0x0000000088520000, 0x0000000088520000, 0x00000000895c0000)
 concurrent mark-sweep generation total 1926784K, used 310853K [0x000000008a660000, 0x0000000100000000, 0x0000000100000000)
 Metaspace       used 84614K, capacity 90049K, committed 90324K, reserved 1128448K
  class space    used 10320K, capacity 10713K, committed 10740K, reserved 1048576K
}
2017-08-01T06:35:36.078+0000: 27848.106: Total time for which application threads were stopped: 0.0384283 seconds, Stopping threads took: 0.0000765 seconds
{Heap before GC invocations=325 (full 3):
 par new generation   total 153344K, used 144326K [0x0000000080000000, 0x000000008a660000, 0x000000008a660000)
  eden space 136320K, 100% used [0x0000000080000000, 0x0000000088520000, 0x0000000088520000)
  from space 17024K,  47% used [0x00000000895c0000, 0x0000000089d918d8, 0x000000008a660000)
  to   space 17024K,   0% used [0x0000000088520000, 0x0000000088520000, 0x00000000895c0000)
 concurrent mark-sweep generation total 1926784K, used 310853K [0x000000008a660000, 0x0000000100000000, 0x0000000100000000)
 Metaspace       used 84615K, capacity 90049K, committed 90324K, reserved 1128448K
  class space    used 10320K, capacity 10713K, committed 10740K, reserved 1048576K
2017-08-01T06:35:36.557+0000: 27848.585: [GC (Allocation Failure) Before GC:
Statistics for BinaryTreeDictionary:
------------------------------------
Total Free Space: 206678376
Max   Chunk Size: 206678376
Number of Blocks: 1
Av.  Block  Size: 206678376
Tree      Height: 1
2017-08-01T06:35:36.557+0000: 27848.585: [ParNew
Desired survivor size 8716288 bytes, new threshold 6 (max 6)
- age   1:     890392 bytes,     890392 total
- age   2:     677824 bytes,    1568216 total
- age   3:    1091208 bytes,    2659424 total
- age   4:     165456 bytes,    2824880 total
- age   5:    2244568 bytes,    5069448 total
- age   6:     867448 bytes,    5936896 total
: 144326K->6023K(153344K), 0.0389334 secs] 455179K->317387K(2080128K)After GC:
Statistics for BinaryTreeDictionary:
------------------------------------
Total Free Space: 206610646
Max   Chunk Size: 206610646
Number of Blocks: 1
Av.  Block  Size: 206610646
Tree      Height: 1
, 0.0390289 secs] [Times: user=0.07 sys=0.00, real=0.04 secs] 
Heap after GC invocations=326 (full 3):
 par new generation   total 153344K, used 6023K [0x0000000080000000, 0x000000008a660000, 0x000000008a660000)
  eden space 136320K,   0% used [0x0000000080000000, 0x0000000080000000, 0x0000000088520000)
  from space 17024K,  35% used [0x0000000088520000, 0x0000000088b01da8, 0x00000000895c0000)
  to   space 17024K,   0% used [0x00000000895c0000, 0x00000000895c0000, 0x000000008a660000)
 concurrent mark-sweep generation total 1926784K, used 311364K [0x000000008a660000, 0x0000000100000000, 0x0000000100000000)
 Metaspace       used 84615K, capacity 90049K, committed 90324K, reserved 1128448K
  class space    used 10320K, capacity 10713K, committed 10740K, reserved 1048576K
}
2017-08-01T06:35:36.596+0000: 27848.624: Total time for which application threads were stopped: 0.0393366 seconds, Stopping threads took: 0.0000817 seconds
{Heap before GC invocations=326 (full 3):
 par new generation   total 153344K, used 142343K [0x0000000080000000, 0x000000008a660000, 0x000000008a660000)
  eden space 136320K, 100% used [0x0000000080000000, 0x0000000088520000, 0x0000000088520000)
  from space 17024K,  35% used [0x0000000088520000, 0x0000000088b01da8, 0x00000000895c0000)
  to   space 17024K,   0% used [0x00000000895c0000, 0x00000000895c0000, 0x000000008a660000)
 concurrent mark-sweep generation total 1926784K, used 311364K [0x000000008a660000, 0x0000000100000000, 0x0000000100000000)
 Metaspace       used 84615K, capacity 90049K, committed 90324K, reserved 1128448K
  class space    used 10320K, capacity 10713K, committed 10740K, reserved 1048576K
2017-08-01T06:35:37.197+0000: 27849.225: [GC (Allocation Failure) Before GC:
Statistics for BinaryTreeDictionary:
------------------------------------
Total Free Space: 206610646
Max   Chunk Size: 206610646
Number of Blocks: 1
Av.  Block  Size: 206610646
Tree      Height: 1
2017-08-01T06:35:37.197+0000: 27849.225: [ParNew
Desired survivor size 8716288 bytes, new threshold 6 (max 6)
- age   1:    2832272 bytes,    2832272 total
- age   2:     109816 bytes,    2942088 total
- age   3:     652272 bytes,    3594360 total
- age   4:    1068568 bytes,    4662928 total
- age   5:     165280 bytes,    4828208 total
- age   6:    2243488 bytes,    7071696 total
: 142343K->11708K(153344K), 0.0354642 secs] 453707K->323941K(2080128K)After GC:
Statistics for BinaryTreeDictionary:
------------------------------------
Total Free Space: 206497688
Max   Chunk Size: 206497688
Number of Blocks: 1
Av.  Block  Size: 206497688
Tree      Height: 1
, 0.0356104 secs] [Times: user=0.08 sys=0.00, real=0.04 secs] 
Heap after GC invocations=327 (full 3):
 par new generation   total 153344K, used 11708K [0x0000000080000000, 0x000000008a660000, 0x000000008a660000)
  eden space 136320K,   0% used [0x0000000080000000, 0x0000000080000000, 0x0000000088520000)
  from space 17024K,  68% used [0x00000000895c0000, 0x000000008a12f088, 0x000000008a660000)
  to   space 17024K,   0% used [0x0000000088520000, 0x0000000088520000, 0x00000000895c0000)
 concurrent mark-sweep generation total 1926784K, used 312233K [0x000000008a660000, 0x0000000100000000, 0x0000000100000000)
 Metaspace       used 84615K, capacity 90049K, committed 90324K, reserved 1128448K
  class space    used 10320K, capacity 10713K, committed 10740K, reserved 1048576K
}
2017-08-01T06:35:37.233+0000: 27849.260: Total time for which application threads were stopped: 0.0359448 seconds, Stopping threads took: 0.0001050 seconds
{Heap before GC invocations=327 (full 3):
 par new generation   total 153344K, used 148028K [0x0000000080000000, 0x000000008a660000, 0x000000008a660000)
  eden space 136320K, 100% used [0x0000000080000000, 0x0000000088520000, 0x0000000088520000)
  from space 17024K,  68% used [0x00000000895c0000, 0x000000008a12f088, 0x000000008a660000)
  to   space 17024K,   0% used [0x0000000088520000, 0x0000000088520000, 0x00000000895c0000)
 concurrent mark-sweep generation total 1926784K, used 312233K [0x000000008a660000, 0x0000000100000000, 0x0000000100000000)
 Metaspace       used 84615K, capacity 90049K, committed 90324K, reserved 1128448K
  class space    used 10320K, capacity 10713K, committed 10740K, reserved 1048576K
2017-08-01T06:35:37.461+0000: 27849.488: [GC (Allocation Failure) Before GC:
Statistics for BinaryTreeDictionary:
------------------------------------
Total Free Space: 206497688
Max   Chunk Size: 206497688
Number of Blocks: 1
Av.  Block  Size: 206497688
Tree      Height: 1
2017-08-01T06:35:37.461+0000: 27849.488: [ParNew
Desired survivor size 8716288 bytes, new threshold 1 (max 6)
- age   1:   14294096 bytes,   14294096 total
- age   2:    1812872 bytes,   16106968 total
- age   3:      63232 bytes,   16170200 total
- age   4:     534320 bytes,   16704520 total
- age   5:     602568 bytes,   17307088 total
- age   6:     124256 bytes,   17431344 total
: 148028K->17024K(153344K), 0.0597024 secs] 460261K->332498K(2080128K)After GC:
Statistics for BinaryTreeDictionary:
------------------------------------
Total Free Space: 206082198
Max   Chunk Size: 206082198
Number of Blocks: 1
Av.  Block  Size: 206082198
Tree      Height: 1
, 0.0597922 secs] [Times: user=0.15 sys=0.00, real=0.05 secs] 
Heap after GC invocations=328 (full 3):
 par new generation   total 153344K, used 17024K [0x0000000080000000, 0x000000008a660000, 0x000000008a660000)
  eden space 136320K,   0% used [0x0000000080000000, 0x0000000080000000, 0x0000000088520000)
  from space 17024K, 100% used [0x0000000088520000, 0x00000000895c0000, 0x00000000895c0000)
  to   space 17024K,   0% used [0x00000000895c0000, 0x00000000895c0000, 0x000000008a660000)
 concurrent mark-sweep generation total 1926784K, used 315474K [0x000000008a660000, 0x0000000100000000, 0x0000000100000000)
 Metaspace       used 84615K, capacity 90049K, committed 90324K, reserved 1128448K
  class space    used 10320K, capacity 10713K, committed 10740K, reserved 1048576K
}
2017-08-01T06:35:37.520+0000: 27849.548: Total time for which application threads were stopped: 0.0601634 seconds, Stopping threads took: 0.0001048 seconds
{Heap before GC invocations=328 (full 3):
 par new generation   total 153344K, used 153344K [0x0000000080000000, 0x000000008a660000, 0x000000008a660000)
  eden space 136320K, 100% used [0x0000000080000000, 0x0000000088520000, 0x0000000088520000)
  from space 17024K, 100% used [0x0000000088520000, 0x00000000895c0000, 0x00000000895c0000)
  to   space 17024K,   0% used [0x00000000895c0000, 0x00000000895c0000, 0x000000008a660000)
 concurrent mark-sweep generation total 1926784K, used 315474K [0x000000008a660000, 0x0000000100000000, 0x0000000100000000)
 Metaspace       used 84617K, capacity 90049K, committed 90324K, reserved 1128448K
  class space    used 10320K, capacity 10713K, committed 10740K, reserved 1048576K
2017-08-01T06:35:37.801+0000: 27849.829: [GC (Allocation Failure) Before GC:
Statistics for BinaryTreeDictionary:
------------------------------------
Total Free Space: 206082198
Max   Chunk Size: 206082198
Number of Blocks: 1
Av.  Block  Size: 206082198
Tree      Height: 1
2017-08-01T06:35:37.801+0000: 27849.829: [ParNew
Desired survivor size 8716288 bytes, new threshold 1 (max 6)
- age   1:   10049936 bytes,   10049936 total
: 153344K->17024K(153344K), 0.0670349 secs] 468818K->343076K(2080128K)After GC:
Statistics for BinaryTreeDictionary:
------------------------------------
Total Free Space: 204721085
Max   Chunk Size: 204721085
Number of Blocks: 1
Av.  Block  Size: 204721085
Tree      Height: 1
, 0.0671340 secs] [Times: user=0.17 sys=0.00, real=0.06 secs] 
Heap after GC invocations=329 (full 3):
 par new generation   total 153344K, used 17024K [0x0000000080000000, 0x000000008a660000, 0x000000008a660000)
  eden space 136320K,   0% used [0x0000000080000000, 0x0000000080000000, 0x0000000088520000)
  from space 17024K, 100% used [0x00000000895c0000, 0x000000008a660000, 0x000000008a660000)
  to   space 17024K,   0% used [0x0000000088520000, 0x0000000088520000, 0x00000000895c0000)
 concurrent mark-sweep generation total 1926784K, used 326052K [0x000000008a660000, 0x0000000100000000, 0x0000000100000000)
 Metaspace       used 84617K, capacity 90049K, committed 90324K, reserved 1128448K
  class space    used 10320K, capacity 10713K, committed 10740K, reserved 1048576K
}
2017-08-01T06:35:37.868+0000: 27849.896: Total time for which application threads were stopped: 0.0674497 seconds, Stopping threads took: 0.0000830 seconds
{Heap before GC invocations=329 (full 3):
 par new generation   total 153344K, used 153344K [0x0000000080000000, 0x000000008a660000, 0x000000008a660000)
  eden space 136320K, 100% used [0x0000000080000000, 0x0000000088520000, 0x0000000088520000)
  from space 17024K, 100% used [0x00000000895c0000, 0x000000008a660000, 0x000000008a660000)
  to   space 17024K,   0% used [0x0000000088520000, 0x0000000088520000, 0x00000000895c0000)
 concurrent mark-sweep generation total 1926784K, used 326052K [0x000000008a660000, 0x0000000100000000, 0x0000000100000000)
 Metaspace       used 84617K, capacity 90049K, committed 90324K, reserved 1128448K
  class space    used 10320K, capacity 10713K, committed 10740K, reserved 1048576K
2017-08-01T06:35:38.569+0000: 27850.596: [GC (Allocation Failure) Before GC:
Statistics for BinaryTreeDictionary:
------------------------------------
Total Free Space: 204721085
Max   Chunk Size: 204721085
Number of Blocks: 1
Av.  Block  Size: 204721085
Tree      Height: 1
2017-08-01T06:35:38.569+0000: 27850.596: [ParNew
Desired survivor size 8716288 bytes, new threshold 6 (max 6)
- age   1:    4412784 bytes,    4412784 total
: 153344K->7125K(153344K), 0.0491067 secs] 479396K->342512K(2080128K)After GC:
Statistics for BinaryTreeDictionary:
------------------------------------
Total Free Space: 203516801
Max   Chunk Size: 203516801
Number of Blocks: 1
Av.  Block  Size: 203516801
Tree      Height: 1
, 0.0491893 secs] [Times: user=0.12 sys=0.00, real=0.05 secs] 
Heap after GC invocations=330 (full 3):
 par new generation   total 153344K, used 7125K [0x0000000080000000, 0x000000008a660000, 0x000000008a660000)
  eden space 136320K,   0% used [0x0000000080000000, 0x0000000080000000, 0x0000000088520000)
  from space 17024K,  41% used [0x0000000088520000, 0x0000000088c15688, 0x00000000895c0000)
  to   space 17024K,   0% used [0x00000000895c0000, 0x00000000895c0000, 0x000000008a660000)
 concurrent mark-sweep generation total 1926784K, used 335386K [0x000000008a660000, 0x0000000100000000, 0x0000000100000000)
 Metaspace       used 84617K, capacity 90049K, committed 90324K, reserved 1128448K
  class space    used 10320K, capacity 10713K, committed 10740K, reserved 1048576K
}
2017-08-01T06:35:38.618+0000: 27850.646: Total time for which application threads were stopped: 0.0495026 seconds, Stopping threads took: 0.0000847 seconds
2017-08-01T06:35:39.628+0000: 27851.655: Total time for which application threads were stopped: 0.0002266 seconds, Stopping threads took: 0.0000413 seconds
{Heap before GC invocations=330 (full 3):
 par new generation   total 153344K, used 143445K [0x0000000080000000, 0x000000008a660000, 0x000000008a660000)
  eden space 136320K, 100% used [0x0000000080000000, 0x0000000088520000, 0x0000000088520000)
  from space 17024K,  41% used [0x0000000088520000, 0x0000000088c15688, 0x00000000895c0000)
  to   space 17024K,   0% used [0x00000000895c0000, 0x00000000895c0000, 0x000000008a660000)
 concurrent mark-sweep generation total 1926784K, used 335386K [0x000000008a660000, 0x0000000100000000, 0x0000000100000000)
 Metaspace       used 84617K, capacity 90049K, committed 90324K, reserved 1128448K
  class space    used 10320K, capacity 10713K, committed 10740K, reserved 1048576K
2017-08-01T06:35:39.926+0000: 27851.954: [GC (Allocation Failure) Before GC:
Statistics for BinaryTreeDictionary:
------------------------------------
Total Free Space: 203516801
Max   Chunk Size: 203516801
Number of Blocks: 1
Av.  Block  Size: 203516801
Tree      Height: 1
2017-08-01T06:35:39.926+0000: 27851.954: [ParNew
Desired survivor size 8716288 bytes, new threshold 6 (max 6)
- age   1:    4701848 bytes,    4701848 total
- age   2:    1458624 bytes,    6160472 total
: 143445K->7520K(153344K), 0.0280662 secs] 478832K->342906K(2080128K)After GC:
Statistics for BinaryTreeDictionary:
------------------------------------
Total Free Space: 203516801
Max   Chunk Size: 203516801
Number of Blocks: 1
Av.  Block  Size: 203516801
Tree      Height: 1
, 0.0281684 secs] [Times: user=0.07 sys=0.00, real=0.03 secs] 
Heap after GC invocations=331 (full 3):
 par new generation   total 153344K, used 7520K [0x0000000080000000, 0x000000008a660000, 0x000000008a660000)
  eden space 136320K,   0% used [0x0000000080000000, 0x0000000080000000, 0x0000000088520000)
  from space 17024K,  44% used [0x00000000895c0000, 0x0000000089d18048, 0x000000008a660000)
  to   space 17024K,   0% used [0x0000000088520000, 0x0000000088520000, 0x00000000895c0000)
 concurrent mark-sweep generation total 1926784K, used 335386K [0x000000008a660000, 0x0000000100000000, 0x0000000100000000)
 Metaspace       used 84617K, capacity 90049K, committed 90324K, reserved 1128448K
  class space    used 10320K, capacity 10713K, committed 10740K, reserved 1048576K
}
2017-08-01T06:35:39.954+0000: 27851.982: Total time for which application threads were stopped: 0.0294257 seconds, Stopping threads took: 0.0010399 seconds
{Heap before GC invocations=331 (full 3):
 par new generation   total 153344K, used 143840K [0x0000000080000000, 0x000000008a660000, 0x000000008a660000)
  eden space 136320K, 100% used [0x0000000080000000, 0x0000000088520000, 0x0000000088520000)
  from space 17024K,  44% used [0x00000000895c0000, 0x0000000089d18048, 0x000000008a660000)
  to   space 17024K,   0% used [0x0000000088520000, 0x0000000088520000, 0x00000000895c0000)
 concurrent mark-sweep generation total 1926784K, used 335386K [0x000000008a660000, 0x0000000100000000, 0x0000000100000000)
 Metaspace       used 84617K, capacity 90049K, committed 90324K, reserved 1128448K
  class space    used 10320K, capacity 10713K, committed 10740K, reserved 1048576K
2017-08-01T06:35:40.933+0000: 27852.961: [GC (Allocation Failure) Before GC:
Statistics for BinaryTreeDictionary:
------------------------------------
Total Free Space: 203516801
Max   Chunk Size: 203516801
Number of Blocks: 1
Av.  Block  Size: 203516801
Tree      Height: 1
2017-08-01T06:35:40.934+0000: 27852.961: [ParNew
Desired survivor size 8716288 bytes, new threshold 6 (max 6)
- age   1:    2793936 bytes,    2793936 total
- age   2:    1334384 bytes,    4128320 total
- age   3:    1417072 bytes,    5545392 total
: 143840K->8648K(153344K), 0.0259297 secs] 479226K->344034K(2080128K)After GC:
Statistics for BinaryTreeDictionary:
------------------------------------
Total Free Space: 203516801
Max   Chunk Size: 203516801
Number of Blocks: 1
Av.  Block  Size: 203516801
Tree      Height: 1
, 0.0260681 secs] [Times: user=0.06 sys=0.00, real=0.02 secs] 
Heap after GC invocations=332 (full 3):
 par new generation   total 153344K, used 8648K [0x0000000080000000, 0x000000008a660000, 0x000000008a660000)
  eden space 136320K,   0% used [0x0000000080000000, 0x0000000080000000, 0x0000000088520000)
  from space 17024K,  50% used [0x0000000088520000, 0x0000000088d92060, 0x00000000895c0000)
  to   space 17024K,   0% used [0x00000000895c0000, 0x00000000895c0000, 0x000000008a660000)
 concurrent mark-sweep generation total 1926784K, used 335386K [0x000000008a660000, 0x0000000100000000, 0x0000000100000000)
 Metaspace       used 84617K, capacity 90049K, committed 90324K, reserved 1128448K
  class space    used 10320K, capacity 10713K, committed 10740K, reserved 1048576K
}
2017-08-01T06:35:40.960+0000: 27852.987: Total time for which application threads were stopped: 0.0263911 seconds, Stopping threads took: 0.0000524 seconds
{Heap before GC invocations=332 (full 3):
 par new generation   total 153344K, used 144968K [0x0000000080000000, 0x000000008a660000, 0x000000008a660000)
  eden space 136320K, 100% used [0x0000000080000000, 0x0000000088520000, 0x0000000088520000)
  from space 17024K,  50% used [0x0000000088520000, 0x0000000088d92060, 0x00000000895c0000)
  to   space 17024K,   0% used [0x00000000895c0000, 0x00000000895c0000, 0x000000008a660000)
 concurrent mark-sweep generation total 1926784K, used 335386K [0x000000008a660000, 0x0000000100000000, 0x0000000100000000)
 Metaspace       used 84617K, capacity 90049K, committed 90324K, reserved 1128448K
  class space    used 10320K, capacity 10713K, committed 10740K, reserved 1048576K
2017-08-01T06:35:41.682+0000: 27853.710: [GC (Allocation Failure) Before GC:
Statistics for BinaryTreeDictionary:
------------------------------------
Total Free Space: 203516801
Max   Chunk Size: 203516801
Number of Blocks: 1
Av.  Block  Size: 203516801
Tree      Height: 1
2017-08-01T06:35:41.682+0000: 27853.710: [ParNew
Desired survivor size 8716288 bytes, new threshold 6 (max 6)
- age   1:    1278384 bytes,    1278384 total
- age   2:    1153976 bytes,    2432360 total
- age   3:    1316560 bytes,    3748920 total
- age   4:    1357248 bytes,    5106168 total
: 144968K->8254K(153344K), 0.0214925 secs] 480354K->343640K(2080128K)After GC:
Statistics for BinaryTreeDictionary:
------------------------------------
Total Free Space: 203516801
Max   Chunk Size: 203516801
Number of Blocks: 1
Av.  Block  Size: 203516801
Tree      Height: 1
, 0.0215791 secs] [Times: user=0.06 sys=0.00, real=0.02 secs] 
Heap after GC invocations=333 (full 3):
 par new generation   total 153344K, used 8254K [0x0000000080000000, 0x000000008a660000, 0x000000008a660000)
  eden space 136320K,   0% used [0x0000000080000000, 0x0000000080000000, 0x0000000088520000)
  from space 17024K,  48% used [0x00000000895c0000, 0x0000000089dcf918, 0x000000008a660000)
  to   space 17024K,   0% used [0x0000000088520000, 0x0000000088520000, 0x00000000895c0000)
 concurrent mark-sweep generation total 1926784K, used 335386K [0x000000008a660000, 0x0000000100000000, 0x0000000100000000)
 Metaspace       used 84617K, capacity 90049K, committed 90324K, reserved 1128448K
  class space    used 10320K, capacity 10713K, committed 10740K, reserved 1048576K
}
2017-08-01T06:35:41.704+0000: 27853.731: Total time for which application threads were stopped: 0.0219214 seconds, Stopping threads took: 0.0000667 seconds
{Heap before GC invocations=333 (full 3):
 par new generation   total 153344K, used 144574K [0x0000000080000000, 0x000000008a660000, 0x000000008a660000)
  eden space 136320K, 100% used [0x0000000080000000, 0x0000000088520000, 0x0000000088520000)
  from space 17024K,  48% used [0x00000000895c0000, 0x0000000089dcf918, 0x000000008a660000)
  to   space 17024K,   0% used [0x0000000088520000, 0x0000000088520000, 0x00000000895c0000)
 concurrent mark-sweep generation total 1926784K, used 335386K [0x000000008a660000, 0x0000000100000000, 0x0000000100000000)
 Metaspace       used 84658K, capacity 90113K, committed 90324K, reserved 1128448K
  class space    used 10334K, capacity 10727K, committed 10740K, reserved 1048576K
2017-08-01T06:35:42.404+0000: 27854.431: [GC (Allocation Failure) Before GC:
Statistics for BinaryTreeDictionary:
------------------------------------
Total Free Space: 203516801
Max   Chunk Size: 203516801
Number of Blocks: 1
Av.  Block  Size: 203516801
Tree      Height: 1
2017-08-01T06:35:42.404+0000: 27854.431: [ParNew
Desired survivor size 8716288 bytes, new threshold 6 (max 6)
- age   1:    1410088 bytes,    1410088 total
- age   2:     301056 bytes,    1711144 total
- age   3:    1127328 bytes,    2838472 total
- age   4:    1294632 bytes,    4133104 total
- age   5:    1336496 bytes,    5469600 total
: 144574K->7678K(153344K), 0.0228352 secs] 479960K->343065K(2080128K)After GC:
Statistics for BinaryTreeDictionary:
------------------------------------
Total Free Space: 203516801
Max   Chunk Size: 203516801
Number of Blocks: 1
Av.  Block  Size: 203516801
Tree      Height: 1
, 0.0229354 secs] [Times: user=0.06 sys=0.00, real=0.02 secs] 
Heap after GC invocations=334 (full 3):
 par new generation   total 153344K, used 7678K [0x0000000080000000, 0x000000008a660000, 0x000000008a660000)
  eden space 136320K,   0% used [0x0000000080000000, 0x0000000080000000, 0x0000000088520000)
  from space 17024K,  45% used [0x0000000088520000, 0x0000000088c9fab8, 0x00000000895c0000)
  to   space 17024K,   0% used [0x00000000895c0000, 0x00000000895c0000, 0x000000008a660000)
 concurrent mark-sweep generation total 1926784K, used 335386K [0x000000008a660000, 0x0000000100000000, 0x0000000100000000)
 Metaspace       used 84658K, capacity 90113K, committed 90324K, reserved 1128448K
  class space    used 10334K, capacity 10727K, committed 10740K, reserved 1048576K
}
2017-08-01T06:35:42.427+0000: 27854.454: Total time for which application threads were stopped: 0.0232552 seconds, Stopping threads took: 0.0000910 seconds
{Heap before GC invocations=334 (full 3):
 par new generation   total 153344K, used 143998K [0x0000000080000000, 0x000000008a660000, 0x000000008a660000)
  eden space 136320K, 100% used [0x0000000080000000, 0x0000000088520000, 0x0000000088520000)
  from space 17024K,  45% used [0x0000000088520000, 0x0000000088c9fab8, 0x00000000895c0000)
  to   space 17024K,   0% used [0x00000000895c0000, 0x00000000895c0000, 0x000000008a660000)
 concurrent mark-sweep generation total 1926784K, used 335386K [0x000000008a660000, 0x0000000100000000, 0x0000000100000000)
 Metaspace       used 84658K, capacity 90113K, committed 90324K, reserved 1128448K
  class space    used 10334K, capacity 10727K, committed 10740K, reserved 1048576K
2017-08-01T06:35:43.231+0000: 27855.258: [GC (Allocation Failure) Before GC:
Statistics for BinaryTreeDictionary:
------------------------------------
Total Free Space: 203516801
Max   Chunk Size: 203516801
Number of Blocks: 1
Av.  Block  Size: 203516801
Tree      Height: 1
2017-08-01T06:35:43.231+0000: 27855.258: [ParNew
Desired survivor size 8716288 bytes, new threshold 6 (max 6)
- age   1:    1453960 bytes,    1453960 total
- age   2:     324624 bytes,    1778584 total
- age   3:     285808 bytes,    2064392 total
- age   4:    1111192 bytes,    3175584 total
- age   5:    1258760 bytes,    4434344 total
- age   6:    1231216 bytes,    5665560 total
: 143998K->7921K(153344K), 0.0235993 secs] 479385K->343308K(2080128K)After GC:
Statistics for BinaryTreeDictionary:
------------------------------------
Total Free Space: 203516801
Max   Chunk Size: 203516801
Number of Blocks: 1
Av.  Block  Size: 203516801
Tree      Height: 1
, 0.0236882 secs] [Times: user=0.06 sys=0.00, real=0.03 secs] 
Heap after GC invocations=335 (full 3):
 par new generation   total 153344K, used 7921K [0x0000000080000000, 0x000000008a660000, 0x000000008a660000)
  eden space 136320K,   0% used [0x0000000080000000, 0x0000000080000000, 0x0000000088520000)
  from space 17024K,  46% used [0x00000000895c0000, 0x0000000089d7c590, 0x000000008a660000)
  to   space 17024K,   0% used [0x0000000088520000, 0x0000000088520000, 0x00000000895c0000)
 concurrent mark-sweep generation total 1926784K, used 335386K [0x000000008a660000, 0x0000000100000000, 0x0000000100000000)
 Metaspace       used 84658K, capacity 90113K, committed 90324K, reserved 1128448K
  class space    used 10334K, capacity 10727K, committed 10740K, reserved 1048576K
}
2017-08-01T06:35:43.254+0000: 27855.282: Total time for which application threads were stopped: 0.0240074 seconds, Stopping threads took: 0.0000904 seconds
2017-08-01T06:35:43.635+0000: 27855.663: Total time for which application threads were stopped: 0.0002139 seconds, Stopping threads took: 0.0000593 seconds
2017-08-01T06:35:43.636+0000: 27855.664: Total time for which application threads were stopped: 0.0001344 seconds, Stopping threads took: 0.0000402 seconds
{Heap before GC invocations=335 (full 3):
 par new generation   total 153344K, used 144241K [0x0000000080000000, 0x000000008a660000, 0x000000008a660000)
  eden space 136320K, 100% used [0x0000000080000000, 0x0000000088520000, 0x0000000088520000)
  from space 17024K,  46% used [0x00000000895c0000, 0x0000000089d7c590, 0x000000008a660000)
  to   space 17024K,   0% used [0x0000000088520000, 0x0000000088520000, 0x00000000895c0000)
 concurrent mark-sweep generation total 1926784K, used 335386K [0x000000008a660000, 0x0000000100000000, 0x0000000100000000)
 Metaspace       used 84658K, capacity 90113K, committed 90324K, reserved 1128448K
  class space    used 10334K, capacity 10727K, committed 10740K, reserved 1048576K
2017-08-01T06:35:43.883+0000: 27855.910: [GC (Allocation Failure) Before GC:
Statistics for BinaryTreeDictionary:
------------------------------------
Total Free Space: 203516801
Max   Chunk Size: 203516801
Number of Blocks: 1
Av.  Block  Size: 203516801
Tree      Height: 1
2017-08-01T06:35:43.883+0000: 27855.910: [ParNew
Desired survivor size 8716288 bytes, new threshold 6 (max 6)
- age   1:    1330136 bytes,    1330136 total
- age   2:     279400 bytes,    1609536 total
- age   3:     312672 bytes,    1922208 total
- age   4:     279688 bytes,    2201896 total
- age   5:    1102160 bytes,    3304056 total
- age   6:    1180080 bytes,    4484136 total
: 144241K->5469K(153344K), 0.0334186 secs] 479628K->342042K(2080128K)After GC:
Statistics for BinaryTreeDictionary:
------------------------------------
Total Free Space: 203345207
Max   Chunk Size: 203345207
Number of Blocks: 1
Av.  Block  Size: 203345207
Tree      Height: 1
, 0.0335416 secs] [Times: user=0.09 sys=0.00, real=0.03 secs] 
Heap after GC invocations=336 (full 3):
 par new generation   total 153344K, used 5469K [0x0000000080000000, 0x000000008a660000, 0x000000008a660000)
  eden space 136320K,   0% used [0x0000000080000000, 0x0000000080000000, 0x0000000088520000)
  from space 17024K,  32% used [0x0000000088520000, 0x0000000088a77710, 0x00000000895c0000)
  to   space 17024K,   0% used [0x00000000895c0000, 0x00000000895c0000, 0x000000008a660000)
 concurrent mark-sweep generation total 1926784K, used 336572K [0x000000008a660000, 0x0000000100000000, 0x0000000100000000)
 Metaspace       used 84658K, capacity 90113K, committed 90324K, reserved 1128448K
  class space    used 10334K, capacity 10727K, committed 10740K, reserved 1048576K
}
2017-08-01T06:35:43.916+0000: 27855.944: Total time for which application threads were stopped: 0.0406808 seconds, Stopping threads took: 0.0068667 seconds
{Heap before GC invocations=336 (full 3):
 par new generation   total 153344K, used 141789K [0x0000000080000000, 0x000000008a660000, 0x000000008a660000)
  eden space 136320K, 100% used [0x0000000080000000, 0x0000000088520000, 0x0000000088520000)
  from space 17024K,  32% used [0x0000000088520000, 0x0000000088a77710, 0x00000000895c0000)
  to   space 17024K,   0% used [0x00000000895c0000, 0x00000000895c0000, 0x000000008a660000)
 concurrent mark-sweep generation total 1926784K, used 336572K [0x000000008a660000, 0x0000000100000000, 0x0000000100000000)
 Metaspace       used 84658K, capacity 90113K, committed 90324K, reserved 1128448K
  class space    used 10334K, capacity 10727K, committed 10740K, reserved 1048576K
2017-08-01T06:35:44.557+0000: 27856.585: [GC (Allocation Failure) Before GC:
Statistics for BinaryTreeDictionary:
------------------------------------
Total Free Space: 203345207
Max   Chunk Size: 203345207
Number of Blocks: 1
Av.  Block  Size: 203345207
Tree      Height: 1
2017-08-01T06:35:44.557+0000: 27856.585: [ParNew
Desired survivor size 8716288 bytes, new threshold 6 (max 6)
- age   1:    1192512 bytes,    1192512 total
- age   2:     265224 bytes,    1457736 total
- age   3:     267512 bytes,    1725248 total
- age   4:     304976 bytes,    2030224 total
- age   5:     276216 bytes,    2306440 total
- age   6:    1094456 bytes,    3400896 total
: 141789K->4651K(153344K), 0.0224278 secs] 478362K->342292K(2080128K)After GC:
Statistics for BinaryTreeDictionary:
------------------------------------
Total Free Space: 203219589
Max   Chunk Size: 203219589
Number of Blocks: 1
Av.  Block  Size: 203219589
Tree      Height: 1
, 0.0225383 secs] [Times: user=0.05 sys=0.00, real=0.02 secs] 
Heap after GC invocations=337 (full 3):
 par new generation   total 153344K, used 4651K [0x0000000080000000, 0x000000008a660000, 0x000000008a660000)
  eden space 136320K,   0% used [0x0000000080000000, 0x0000000080000000, 0x0000000088520000)
  from space 17024K,  27% used [0x00000000895c0000, 0x0000000089a4af38, 0x000000008a660000)
  to   space 17024K,   0% used [0x0000000088520000, 0x0000000088520000, 0x00000000895c0000)
 concurrent mark-sweep generation total 1926784K, used 337640K [0x000000008a660000, 0x0000000100000000, 0x0000000100000000)
 Metaspace       used 84658K, capacity 90113K, committed 90324K, reserved 1128448K
  class space    used 10334K, capacity 10727K, committed 10740K, reserved 1048576K
}
2017-08-01T06:35:44.580+0000: 27856.608: Total time for which application threads were stopped: 0.0228141 seconds, Stopping threads took: 0.0000444 seconds
{Heap before GC invocations=337 (full 3):
 par new generation   total 153344K, used 140971K [0x0000000080000000, 0x000000008a660000, 0x000000008a660000)
  eden space 136320K, 100% used [0x0000000080000000, 0x0000000088520000, 0x0000000088520000)
  from space 17024K,  27% used [0x00000000895c0000, 0x0000000089a4af38, 0x000000008a660000)
  to   space 17024K,   0% used [0x0000000088520000, 0x0000000088520000, 0x00000000895c0000)
 concurrent mark-sweep generation total 1926784K, used 337640K [0x000000008a660000, 0x0000000100000000, 0x0000000100000000)
 Metaspace       used 84658K, capacity 90113K, committed 90324K, reserved 1128448K
  class space    used 10334K, capacity 10727K, committed 10740K, reserved 1048576K
2017-08-01T06:35:45.301+0000: 27857.329: [GC (Allocation Failure) Before GC:
Statistics for BinaryTreeDictionary:
------------------------------------
Total Free Space: 203219589
Max   Chunk Size: 203219589
Number of Blocks: 1
Av.  Block  Size: 203219589
Tree      Height: 1
2017-08-01T06:35:45.301+0000: 27857.329: [ParNew
Desired survivor size 8716288 bytes, new threshold 6 (max 6)
- age   1:    1122856 bytes,    1122856 total
- age   2:     251624 bytes,    1374480 total
- age   3:     254112 bytes,    1628592 total
- age   4:     261576 bytes,    1890168 total
- age   5:     300712 bytes,    2190880 total
- age   6:     273536 bytes,    2464416 total
: 140971K->3653K(153344K), 0.0206815 secs] 478612K->342268K(2080128K)After GC:
Statistics for BinaryTreeDictionary:
------------------------------------
Total Free Space: 203106231
Max   Chunk Size: 203106231
Number of Blocks: 1
Av.  Block  Size: 203106231
Tree      Height: 1
, 0.0207652 secs] [Times: user=0.05 sys=0.00, real=0.02 secs] 
Heap after GC invocations=338 (full 3):
 par new generation   total 153344K, used 3653K [0x0000000080000000, 0x000000008a660000, 0x000000008a660000)
  eden space 136320K,   0% used [0x0000000080000000, 0x0000000080000000, 0x0000000088520000)
  from space 17024K,  21% used [0x0000000088520000, 0x00000000888b1718, 0x00000000895c0000)
  to   space 17024K,   0% used [0x00000000895c0000, 0x00000000895c0000, 0x000000008a660000)
 concurrent mark-sweep generation total 1926784K, used 338614K [0x000000008a660000, 0x0000000100000000, 0x0000000100000000)
 Metaspace       used 84658K, capacity 90113K, committed 90324K, reserved 1128448K
  class space    used 10334K, capacity 10727K, committed 10740K, reserved 1048576K
}
2017-08-01T06:35:45.322+0000: 27857.350: Total time for which application threads were stopped: 0.0210923 seconds, Stopping threads took: 0.0000688 seconds
{Heap before GC invocations=338 (full 3):
 par new generation   total 153344K, used 139973K [0x0000000080000000, 0x000000008a660000, 0x000000008a660000)
  eden space 136320K, 100% used [0x0000000080000000, 0x0000000088520000, 0x0000000088520000)
  from space 17024K,  21% used [0x0000000088520000, 0x00000000888b1718, 0x00000000895c0000)
  to   space 17024K,   0% used [0x00000000895c0000, 0x00000000895c0000, 0x000000008a660000)
 concurrent mark-sweep generation total 1926784K, used 338614K [0x000000008a660000, 0x0000000100000000, 0x0000000100000000)
 Metaspace       used 84658K, capacity 90113K, committed 90324K, reserved 1128448K
  class space    used 10334K, capacity 10727K, committed 10740K, reserved 1048576K
2017-08-01T06:35:46.060+0000: 27858.088: [GC (Allocation Failure) Before GC:
Statistics for BinaryTreeDictionary:
------------------------------------
Total Free Space: 203106231
Max   Chunk Size: 203106231
Number of Blocks: 1
Av.  Block  Size: 203106231
Tree      Height: 1
2017-08-01T06:35:46.060+0000: 27858.088: [ParNew
Desired survivor size 8716288 bytes, new threshold 6 (max 6)
- age   1:    1515016 bytes,    1515016 total
- age   2:     263184 bytes,    1778200 total
- age   3:     240160 bytes,    2018360 total
- age   4:     248520 bytes,    2266880 total
- age   5:     257792 bytes,    2524672 total
- age   6:     298152 bytes,    2822824 total
: 139973K->5436K(153344K), 0.0206328 secs] 478588K->344204K(2080128K)After GC:
Statistics for BinaryTreeDictionary:
------------------------------------
Total Free Space: 203090319
Max   Chunk Size: 203090319
Number of Blocks: 1
Av.  Block  Size: 203090319
Tree      Height: 1
, 0.0207279 secs] [Times: user=0.05 sys=0.00, real=0.03 secs] 
Heap after GC invocations=339 (full 3):
 par new generation   total 153344K, used 5436K [0x0000000080000000, 0x000000008a660000, 0x000000008a660000)
  eden space 136320K,   0% used [0x0000000080000000, 0x0000000080000000, 0x0000000088520000)
  from space 17024K,  31% used [0x00000000895c0000, 0x0000000089b0f350, 0x000000008a660000)
  to   space 17024K,   0% used [0x0000000088520000, 0x0000000088520000, 0x00000000895c0000)
 concurrent mark-sweep generation total 1926784K, used 338768K [0x000000008a660000, 0x0000000100000000, 0x0000000100000000)
 Metaspace       used 84658K, capacity 90113K, committed 90324K, reserved 1128448K
  class space    used 10334K, capacity 10727K, committed 10740K, reserved 1048576K
}
2017-08-01T06:35:46.081+0000: 27858.109: Total time for which application threads were stopped: 0.0210119 seconds, Stopping threads took: 0.0000541 seconds
{Heap before GC invocations=339 (full 3):
 par new generation   total 153344K, used 141756K [0x0000000080000000, 0x000000008a660000, 0x000000008a660000)
  eden space 136320K, 100% used [0x0000000080000000, 0x0000000088520000, 0x0000000088520000)
  from space 17024K,  31% used [0x00000000895c0000, 0x0000000089b0f350, 0x000000008a660000)
  to   space 17024K,   0% used [0x0000000088520000, 0x0000000088520000, 0x00000000895c0000)
 concurrent mark-sweep generation total 1926784K, used 338768K [0x000000008a660000, 0x0000000100000000, 0x0000000100000000)
 Metaspace       used 84658K, capacity 90113K, committed 90324K, reserved 1128448K
  class space    used 10334K, capacity 10727K, committed 10740K, reserved 1048576K
2017-08-01T06:35:46.689+0000: 27858.717: [GC (Allocation Failure) Before GC:
Statistics for BinaryTreeDictionary:
------------------------------------
Total Free Space: 203090319
Max   Chunk Size: 203090319
Number of Blocks: 1
Av.  Block  Size: 203090319
Tree      Height: 1
2017-08-01T06:35:46.689+0000: 27858.717: [ParNew
Desired survivor size 8716288 bytes, new threshold 6 (max 6)
- age   1:     979320 bytes,     979320 total
- age   2:     249576 bytes,    1228896 total
- age   3:     253808 bytes,    1482704 total
- age   4:     235072 bytes,    1717776 total
- age   5:     245184 bytes,    1962960 total
- age   6:     255608 bytes,    2218568 total
: 141756K->2570K(153344K), 0.0166032 secs] 480524K->341551K(2080128K)After GC:
Statistics for BinaryTreeDictionary:
------------------------------------
Total Free Space: 203059684
Max   Chunk Size: 203059684
Number of Blocks: 1
Av.  Block  Size: 203059684
Tree      Height: 1
, 0.0166963 secs] [Times: user=0.04 sys=0.00, real=0.02 secs] 
Heap after GC invocations=340 (full 3):
 par new generation   total 153344K, used 2570K [0x0000000080000000, 0x000000008a660000, 0x000000008a660000)
  eden space 136320K,   0% used [0x0000000080000000, 0x0000000080000000, 0x0000000088520000)
  from space 17024K,  15% used [0x0000000088520000, 0x00000000887a2878, 0x00000000895c0000)
  to   space 17024K,   0% used [0x00000000895c0000, 0x00000000895c0000, 0x000000008a660000)
 concurrent mark-sweep generation total 1926784K, used 338981K [0x000000008a660000, 0x0000000100000000, 0x0000000100000000)
 Metaspace       used 84658K, capacity 90113K, committed 90324K, reserved 1128448K
  class space    used 10334K, capacity 10727K, committed 10740K, reserved 1048576K
}
2017-08-01T06:35:46.706+0000: 27858.734: Total time for which application threads were stopped: 0.0170201 seconds, Stopping threads took: 0.0000868 seconds
{Heap before GC invocations=340 (full 3):
 par new generation   total 153344K, used 138890K [0x0000000080000000, 0x000000008a660000, 0x000000008a660000)
  eden space 136320K, 100% used [0x0000000080000000, 0x0000000088520000, 0x0000000088520000)
  from space 17024K,  15% used [0x0000000088520000, 0x00000000887a2878, 0x00000000895c0000)
  to   space 17024K,   0% used [0x00000000895c0000, 0x00000000895c0000, 0x000000008a660000)
 concurrent mark-sweep generation total 1926784K, used 338981K [0x000000008a660000, 0x0000000100000000, 0x0000000100000000)
 Metaspace       used 84658K, capacity 90113K, committed 90324K, reserved 1128448K
  class space    used 10334K, capacity 10727K, committed 10740K, reserved 1048576K
2017-08-01T06:35:47.188+0000: 27859.216: [GC (Allocation Failure) Before GC:
Statistics for BinaryTreeDictionary:
------------------------------------
Total Free Space: 203059684
Max   Chunk Size: 203059684
Number of Blocks: 1
Av.  Block  Size: 203059684
Tree      Height: 1
2017-08-01T06:35:47.188+0000: 27859.216: [ParNew
Desired survivor size 8716288 bytes, new threshold 6 (max 6)
- age   1:    1276712 bytes,    1276712 total
- age   2:     242352 bytes,    1519064 total
- age   3:     240368 bytes,    1759432 total
- age   4:     249456 bytes,    2008888 total
- age   5:     231864 bytes,    2240752 total
- age   6:     243448 bytes,    2484200 total
: 138890K->3079K(153344K), 0.0175201 secs] 477871K->342275K(2080128K)After GC:
Statistics for BinaryTreeDictionary:
------------------------------------
Total Free Space: 203036560
Max   Chunk Size: 203036560
Number of Blocks: 1
Av.  Block  Size: 203036560
Tree      Height: 1
, 0.0176009 secs] [Times: user=0.05 sys=0.00, real=0.02 secs] 
Heap after GC invocations=341 (full 3):
 par new generation   total 153344K, used 3079K [0x0000000080000000, 0x000000008a660000, 0x000000008a660000)
  eden space 136320K,   0% used [0x0000000080000000, 0x0000000080000000, 0x0000000088520000)
  from space 17024K,  18% used [0x00000000895c0000, 0x00000000898c1f38, 0x000000008a660000)
  to   space 17024K,   0% used [0x0000000088520000, 0x0000000088520000, 0x00000000895c0000)
 concurrent mark-sweep generation total 1926784K, used 339196K [0x000000008a660000, 0x0000000100000000, 0x0000000100000000)
 Metaspace       used 84658K, capacity 90113K, committed 90324K, reserved 1128448K
  class space    used 10334K, capacity 10727K, committed 10740K, reserved 1048576K
}
2017-08-01T06:35:47.206+0000: 27859.234: Total time for which application threads were stopped: 0.0178797 seconds, Stopping threads took: 0.0000407 seconds
{Heap before GC invocations=341 (full 3):
 par new generation   total 153344K, used 139399K [0x0000000080000000, 0x000000008a660000, 0x000000008a660000)
  eden space 136320K, 100% used [0x0000000080000000, 0x0000000088520000, 0x0000000088520000)
  from space 17024K,  18% used [0x00000000895c0000, 0x00000000898c1f38, 0x000000008a660000)
  to   space 17024K,   0% used [0x0000000088520000, 0x0000000088520000, 0x00000000895c0000)
 concurrent mark-sweep generation total 1926784K, used 339196K [0x000000008a660000, 0x0000000100000000, 0x0000000100000000)
 Metaspace       used 84658K, capacity 90113K, committed 90324K, reserved 1128448K
  class space    used 10334K, capacity 10727K, committed 10740K, reserved 1048576K
2017-08-01T06:35:47.693+0000: 27859.720: [GC (Allocation Failure) Before GC:
Statistics for BinaryTreeDictionary:
------------------------------------
Total Free Space: 203036560
Max   Chunk Size: 203036560
Number of Blocks: 1
Av.  Block  Size: 203036560
Tree      Height: 1
2017-08-01T06:35:47.693+0000: 27859.720: [ParNew
Desired survivor size 8716288 bytes, new threshold 6 (max 6)
- age   1:    1211712 bytes,    1211712 total
- age   2:     248776 bytes,    1460488 total
- age   3:     231848 bytes,    1692336 total
- age   4:     235848 bytes,    1928184 total
- age   5:     246760 bytes,    2174944 total
- age   6:     230888 bytes,    2405832 total
: 139399K->3499K(153344K), 0.0174834 secs] 478595K->342928K(2080128K)After GC:
Statistics for BinaryTreeDictionary:
------------------------------------
Total Free Space: 203009563
Max   Chunk Size: 203009563
Number of Blocks: 1
Av.  Block  Size: 203009563
Tree      Height: 1
, 0.0175776 secs] [Times: user=0.04 sys=0.00, real=0.01 secs] 
Heap after GC invocations=342 (full 3):
 par new generation   total 153344K, used 3499K [0x0000000080000000, 0x000000008a660000, 0x000000008a660000)
  eden space 136320K,   0% used [0x0000000080000000, 0x0000000080000000, 0x0000000088520000)
  from space 17024K,  20% used [0x0000000088520000, 0x000000008888acb8, 0x00000000895c0000)
  to   space 17024K,   0% used [0x00000000895c0000, 0x00000000895c0000, 0x000000008a660000)
 concurrent mark-sweep generation total 1926784K, used 339429K [0x000000008a660000, 0x0000000100000000, 0x0000000100000000)
 Metaspace       used 84658K, capacity 90113K, committed 90324K, reserved 1128448K
  class space    used 10334K, capacity 10727K, committed 10740K, reserved 1048576K
}
2017-08-01T06:35:47.710+0000: 27859.738: Total time for which application threads were stopped: 0.0178534 seconds, Stopping threads took: 0.0000486 seconds
{Heap before GC invocations=342 (full 3):
 par new generation   total 153344K, used 139819K [0x0000000080000000, 0x000000008a660000, 0x000000008a660000)
  eden space 136320K, 100% used [0x0000000080000000, 0x0000000088520000, 0x0000000088520000)
  from space 17024K,  20% used [0x0000000088520000, 0x000000008888acb8, 0x00000000895c0000)
  to   space 17024K,   0% used [0x00000000895c0000, 0x00000000895c0000, 0x000000008a660000)
 concurrent mark-sweep generation total 1926784K, used 339429K [0x000000008a660000, 0x0000000100000000, 0x0000000100000000)
 Metaspace       used 84658K, capacity 90113K, committed 90324K, reserved 1128448K
  class space    used 10334K, capacity 10727K, committed 10740K, reserved 1048576K
2017-08-01T06:35:48.247+0000: 27860.275: [GC (Allocation Failure) Before GC:
Statistics for BinaryTreeDictionary:
------------------------------------
Total Free Space: 203009563
Max   Chunk Size: 203009563
Number of Blocks: 1
Av.  Block  Size: 203009563
Tree      Height: 1
2017-08-01T06:35:48.247+0000: 27860.275: [ParNew
Desired survivor size 8716288 bytes, new threshold 6 (max 6)
- age   1:    1509448 bytes,    1509448 total
- age   2:     228936 bytes,    1738384 total
- age   3:     240864 bytes,    1979248 total
- age   4:     228424 bytes,    2207672 total
- age   5:     233648 bytes,    2441320 total
- age   6:     244576 bytes,    2685896 total
: 139819K->4690K(153344K), 0.0220010 secs] 479248K->344344K(2080128K)After GC:
Statistics for BinaryTreeDictionary:
------------------------------------
Total Free Space: 202982644
Max   Chunk Size: 202982644
Number of Blocks: 1
Av.  Block  Size: 202982644
Tree      Height: 1
, 0.0220983 secs] [Times: user=0.04 sys=0.00, real=0.02 secs] 
Heap after GC invocations=343 (full 3):
 par new generation   total 153344K, used 4690K [0x0000000080000000, 0x000000008a660000, 0x000000008a660000)
  eden space 136320K,   0% used [0x0000000080000000, 0x0000000080000000, 0x0000000088520000)
  from space 17024K,  27% used [0x00000000895c0000, 0x0000000089a54a08, 0x000000008a660000)
  to   space 17024K,   0% used [0x0000000088520000, 0x0000000088520000, 0x00000000895c0000)
 concurrent mark-sweep generation total 1926784K, used 339653K [0x000000008a660000, 0x0000000100000000, 0x0000000100000000)
 Metaspace       used 84658K, capacity 90113K, committed 90324K, reserved 1128448K
  class space    used 10334K, capacity 10727K, committed 10740K, reserved 1048576K
}
2017-08-01T06:35:48.269+0000: 27860.297: Total time for which application threads were stopped: 0.0224328 seconds, Stopping threads took: 0.0000982 seconds
{Heap before GC invocations=343 (full 3):
 par new generation   total 153344K, used 141010K [0x0000000080000000, 0x000000008a660000, 0x000000008a660000)
  eden space 136320K, 100% used [0x0000000080000000, 0x0000000088520000, 0x0000000088520000)
  from space 17024K,  27% used [0x00000000895c0000, 0x0000000089a54a08, 0x000000008a660000)
  to   space 17024K,   0% used [0x0000000088520000, 0x0000000088520000, 0x00000000895c0000)
 concurrent mark-sweep generation total 1926784K, used 339653K [0x000000008a660000, 0x0000000100000000, 0x0000000100000000)
 Metaspace       used 84658K, capacity 90113K, committed 90324K, reserved 1128448K
  class space    used 10334K, capacity 10727K, committed 10740K, reserved 1048576K
2017-08-01T06:35:48.732+0000: 27860.759: [GC (Allocation Failure) Before GC:
Statistics for BinaryTreeDictionary:
------------------------------------
Total Free Space: 202982644
Max   Chunk Size: 202982644
Number of Blocks: 1
Av.  Block  Size: 202982644
Tree      Height: 1
2017-08-01T06:35:48.732+0000: 27860.759: [ParNew
Desired survivor size 8716288 bytes, new threshold 6 (max 6)
- age   1:    1795904 bytes,    1795904 total
- age   2:     232784 bytes,    2028688 total
- age   3:     220688 bytes,    2249376 total
- age   4:     237240 bytes,    2486616 total
- age   5:     226760 bytes,    2713376 total
- age   6:     232008 bytes,    2945384 total
: 141010K->3924K(153344K), 0.0183461 secs] 480664K->343817K(2080128K)After GC:
Statistics for BinaryTreeDictionary:
------------------------------------
Total Free Space: 202950872
Max   Chunk Size: 202950872
Number of Blocks: 1
Av.  Block  Size: 202950872
Tree      Height: 1
, 0.0184317 secs] [Times: user=0.05 sys=0.00, real=0.01 secs] 
Heap after GC invocations=344 (full 3):
 par new generation   total 153344K, used 3924K [0x0000000080000000, 0x000000008a660000, 0x000000008a660000)
  eden space 136320K,   0% used [0x0000000080000000, 0x0000000080000000, 0x0000000088520000)
  from space 17024K,  23% used [0x0000000088520000, 0x00000000888f5338, 0x00000000895c0000)
  to   space 17024K,   0% used [0x00000000895c0000, 0x00000000895c0000, 0x000000008a660000)
 concurrent mark-sweep generation total 1926784K, used 339892K [0x000000008a660000, 0x0000000100000000, 0x0000000100000000)
 Metaspace       used 84658K, capacity 90113K, committed 90324K, reserved 1128448K
  class space    used 10334K, capacity 10727K, committed 10740K, reserved 1048576K
}
2017-08-01T06:35:48.750+0000: 27860.778: Total time for which application threads were stopped: 0.0187024 seconds, Stopping threads took: 0.0000598 seconds
{Heap before GC invocations=344 (full 3):
 par new generation   total 153344K, used 140244K [0x0000000080000000, 0x000000008a660000, 0x000000008a660000)
  eden space 136320K, 100% used [0x0000000080000000, 0x0000000088520000, 0x0000000088520000)
  from space 17024K,  23% used [0x0000000088520000, 0x00000000888f5338, 0x00000000895c0000)
  to   space 17024K,   0% used [0x00000000895c0000, 0x00000000895c0000, 0x000000008a660000)
 concurrent mark-sweep generation total 1926784K, used 339892K [0x000000008a660000, 0x0000000100000000, 0x0000000100000000)
 Metaspace       used 84658K, capacity 90113K, committed 90324K, reserved 1128448K
  class space    used 10334K, capacity 10727K, committed 10740K, reserved 1048576K
2017-08-01T06:35:49.235+0000: 27861.263: [GC (Allocation Failure) Before GC:
Statistics for BinaryTreeDictionary:
------------------------------------
Total Free Space: 202950872
Max   Chunk Size: 202950872
Number of Blocks: 1
Av.  Block  Size: 202950872
Tree      Height: 1
2017-08-01T06:35:49.235+0000: 27861.263: [ParNew
Desired survivor size 8716288 bytes, new threshold 6 (max 6)
- age   1:    1234592 bytes,    1234592 total
- age   2:     215896 bytes,    1450488 total
- age   3:     226976 bytes,    1677464 total
- age   4:     218160 bytes,    1895624 total
- age   5:     235576 bytes,    2131200 total
- age   6:     225576 bytes,    2356776 total
: 140244K->3824K(153344K), 0.0165560 secs] 480137K->343943K(2080128K)After GC:
Statistics for BinaryTreeDictionary:
------------------------------------
Total Free Space: 202923112
Max   Chunk Size: 202923112
Number of Blocks: 1
Av.  Block  Size: 202923112
Tree      Height: 1
, 0.0166659 secs] [Times: user=0.04 sys=0.00, real=0.02 secs] 
Heap after GC invocations=345 (full 3):
 par new generation   total 153344K, used 3824K [0x0000000080000000, 0x000000008a660000, 0x000000008a660000)
  eden space 136320K,   0% used [0x0000000080000000, 0x0000000080000000, 0x0000000088520000)
  from space 17024K,  22% used [0x00000000895c0000, 0x000000008997c250, 0x000000008a660000)
  to   space 17024K,   0% used [0x0000000088520000, 0x0000000088520000, 0x00000000895c0000)
 concurrent mark-sweep generation total 1926784K, used 340118K [0x000000008a660000, 0x0000000100000000, 0x0000000100000000)
 Metaspace       used 84658K, capacity 90113K, committed 90324K, reserved 1128448K
  class space    used 10334K, capacity 10727K, committed 10740K, reserved 1048576K
}
2017-08-01T06:35:49.252+0000: 27861.280: Total time for which application threads were stopped: 0.0169390 seconds, Stopping threads took: 0.0000703 seconds
2017-08-01T06:35:50.320+0000: 27862.347: Total time for which application threads were stopped: 0.0012160 seconds, Stopping threads took: 0.0010516 seconds
2017-08-01T06:35:50.322+0000: 27862.349: Total time for which application threads were stopped: 0.0001855 seconds, Stopping threads took: 0.0000899 seconds
2017-08-01T06:35:51.322+0000: 27863.349: Total time for which application threads were stopped: 0.0002042 seconds, Stopping threads took: 0.0000423 seconds
2017-08-01T06:35:51.325+0000: 27863.352: Total time for which application threads were stopped: 0.0000889 seconds, Stopping threads took: 0.0000216 seconds
2017-08-01T06:35:51.329+0000: 27863.356: Total time for which application threads were stopped: 0.0001492 seconds, Stopping threads took: 0.0000693 seconds
2017-08-01T06:35:51.331+0000: 27863.359: Total time for which application threads were stopped: 0.0000883 seconds, Stopping threads took: 0.0000225 seconds
2017-08-01T06:35:52.081+0000: 27864.109: Total time for which application threads were stopped: 0.0002094 seconds, Stopping threads took: 0.0000624 seconds
2017-08-01T06:35:53.330+0000: 27865.358: Total time for which application threads were stopped: 0.0001945 seconds, Stopping threads took: 0.0000596 seconds
2017-08-01T06:35:53.334+0000: 27865.362: Total time for which application threads were stopped: 0.0003425 seconds, Stopping threads took: 0.0000506 seconds
2017-08-01T06:35:54.335+0000: 27866.362: Total time for which application threads were stopped: 0.0001667 seconds, Stopping threads took: 0.0000486 seconds
2017-08-01T06:35:56.335+0000: 27868.363: Total time for which application threads were stopped: 0.0002160 seconds, Stopping threads took: 0.0000930 seconds
2017-08-01T06:35:56.336+0000: 27868.363: Total time for which application threads were stopped: 0.0001151 seconds, Stopping threads took: 0.0000425 seconds
2017-08-01T06:35:56.336+0000: 27868.364: Total time for which application threads were stopped: 0.0000806 seconds, Stopping threads took: 0.0000219 seconds
2017-08-01T06:35:56.359+0000: 27868.387: Total time for which application threads were stopped: 0.0002423 seconds, Stopping threads took: 0.0000629 seconds
2017-08-01T06:35:56.359+0000: 27868.387: Total time for which application threads were stopped: 0.0000905 seconds, Stopping threads took: 0.0000273 seconds
2017-08-01T06:35:56.360+0000: 27868.388: Total time for which application threads were stopped: 0.0001276 seconds, Stopping threads took: 0.0000532 seconds
2017-08-01T06:35:56.360+0000: 27868.388: Total time for which application threads were stopped: 0.0000816 seconds, Stopping threads took: 0.0000212 seconds
2017-08-01T06:35:56.360+0000: 27868.388: Total time for which application threads were stopped: 0.0000812 seconds, Stopping threads took: 0.0000217 seconds
2017-08-01T06:35:56.360+0000: 27868.388: Total time for which application threads were stopped: 0.0000972 seconds, Stopping threads took: 0.0000227 seconds
2017-08-01T06:35:56.361+0000: 27868.389: Total time for which application threads were stopped: 0.0001212 seconds, Stopping threads took: 0.0000491 seconds
2017-08-01T06:35:56.361+0000: 27868.389: Total time for which application threads were stopped: 0.0001256 seconds, Stopping threads took: 0.0000296 seconds
2017-08-01T06:35:56.361+0000: 27868.389: Total time for which application threads were stopped: 0.0000855 seconds, Stopping threads took: 0.0000247 seconds
2017-08-01T06:35:56.362+0000: 27868.389: Total time for which application threads were stopped: 0.0001143 seconds, Stopping threads took: 0.0000321 seconds
2017-08-01T06:35:56.362+0000: 27868.390: Total time for which application threads were stopped: 0.0000850 seconds, Stopping threads took: 0.0000262 seconds
2017-08-01T06:35:56.362+0000: 27868.390: Total time for which application threads were stopped: 0.0001435 seconds, Stopping threads took: 0.0000720 seconds
2017-08-01T06:35:56.362+0000: 27868.390: Total time for which application threads were stopped: 0.0001280 seconds, Stopping threads took: 0.0000298 seconds
2017-08-01T06:35:56.363+0000: 27868.390: Total time for which application threads were stopped: 0.0001364 seconds, Stopping threads took: 0.0000410 seconds
2017-08-01T06:35:56.363+0000: 27868.391: Total time for which application threads were stopped: 0.0001318 seconds, Stopping threads took: 0.0000317 seconds
2017-08-01T06:35:56.363+0000: 27868.391: Total time for which application threads were stopped: 0.0001255 seconds, Stopping threads took: 0.0000284 seconds
2017-08-01T06:35:56.363+0000: 27868.391: Total time for which application threads were stopped: 0.0001279 seconds, Stopping threads took: 0.0000312 seconds
2017-08-01T06:35:56.364+0000: 27868.392: Total time for which application threads were stopped: 0.0006172 seconds, Stopping threads took: 0.0000288 seconds
2017-08-01T06:35:57.332+0000: 27869.360: Total time for which application threads were stopped: 0.0001949 seconds, Stopping threads took: 0.0000408 seconds
2017-08-01T06:35:57.335+0000: 27869.363: Total time for which application threads were stopped: 0.0001164 seconds, Stopping threads took: 0.0000299 seconds
2017-08-01T06:35:58.359+0000: 27870.387: Total time for which application threads were stopped: 0.0001860 seconds, Stopping threads took: 0.0000460 seconds
2017-08-01T06:36:02.360+0000: 27874.387: Total time for which application threads were stopped: 0.0001662 seconds, Stopping threads took: 0.0000454 seconds
2017-08-01T06:36:05.334+0000: 27877.362: Total time for which application threads were stopped: 0.0001863 seconds, Stopping threads took: 0.0000384 seconds
2017-08-01T06:36:05.336+0000: 27877.364: Total time for which application threads were stopped: 0.0001193 seconds, Stopping threads took: 0.0000519 seconds
2017-08-01T06:36:05.341+0000: 27877.369: Total time for which application threads were stopped: 0.0000956 seconds, Stopping threads took: 0.0000256 seconds
2017-08-01T06:36:07.342+0000: 27879.370: Total time for which application threads were stopped: 0.0001829 seconds, Stopping threads took: 0.0000561 seconds
2017-08-01T06:36:08.381+0000: 27880.408: Total time for which application threads were stopped: 0.0001916 seconds, Stopping threads took: 0.0000418 seconds
2017-08-01T06:36:11.381+0000: 27883.409: Total time for which application threads were stopped: 0.0001474 seconds, Stopping threads took: 0.0000397 seconds
2017-08-01T06:36:12.382+0000: 27884.409: Total time for which application threads were stopped: 0.0001873 seconds, Stopping threads took: 0.0000441 seconds
2017-08-01T06:36:13.383+0000: 27885.411: Total time for which application threads were stopped: 0.0001843 seconds, Stopping threads took: 0.0000411 seconds
2017-08-01T06:36:16.384+0000: 27888.411: Total time for which application threads were stopped: 0.0001485 seconds, Stopping threads took: 0.0000354 seconds
2017-08-01T06:36:18.390+0000: 27890.418: Total time for which application threads were stopped: 0.0001895 seconds, Stopping threads took: 0.0000412 seconds
2017-08-01T06:36:21.336+0000: 27893.363: Total time for which application threads were stopped: 0.0002080 seconds, Stopping threads took: 0.0000409 seconds
2017-08-01T06:36:21.337+0000: 27893.365: Total time for which application threads were stopped: 0.0000963 seconds, Stopping threads took: 0.0000280 seconds
2017-08-01T06:36:21.343+0000: 27893.370: Total time for which application threads were stopped: 0.0001267 seconds, Stopping threads took: 0.0000408 seconds
2017-08-01T06:36:23.343+0000: 27895.371: Total time for which application threads were stopped: 0.0001769 seconds, Stopping threads took: 0.0000524 seconds
2017-08-01T06:36:23.401+0000: 27895.428: Total time for which application threads were stopped: 0.0001668 seconds, Stopping threads took: 0.0000444 seconds
2017-08-01T06:36:28.410+0000: 27900.438: Total time for which application threads were stopped: 0.0004113 seconds, Stopping threads took: 0.0000443 seconds
{Heap before GC invocations=345 (full 3):
 par new generation   total 153344K, used 140144K [0x0000000080000000, 0x000000008a660000, 0x000000008a660000)
  eden space 136320K, 100% used [0x0000000080000000, 0x0000000088520000, 0x0000000088520000)
  from space 17024K,  22% used [0x00000000895c0000, 0x000000008997c250, 0x000000008a660000)
  to   space 17024K,   0% used [0x0000000088520000, 0x0000000088520000, 0x00000000895c0000)
 concurrent mark-sweep generation total 1926784K, used 340118K [0x000000008a660000, 0x0000000100000000, 0x0000000100000000)
 Metaspace       used 84695K, capacity 90113K, committed 90324K, reserved 1128448K
  class space    used 10334K, capacity 10727K, committed 10740K, reserved 1048576K
2017-08-01T06:36:30.940+0000: 27902.968: [GC (Allocation Failure) Before GC:
Statistics for BinaryTreeDictionary:
------------------------------------
Total Free Space: 202923112
Max   Chunk Size: 202923112
Number of Blocks: 1
Av.  Block  Size: 202923112
Tree      Height: 1
2017-08-01T06:36:30.940+0000: 27902.968: [ParNew
Desired survivor size 8716288 bytes, new threshold 6 (max 6)
- age   1:    2569304 bytes,    2569304 total
- age   2:      59960 bytes,    2629264 total
- age   3:      49912 bytes,    2679176 total
- age   4:      58856 bytes,    2738032 total
- age   5:      53840 bytes,    2791872 total
- age   6:      67968 bytes,    2859840 total
: 140144K->3551K(153344K), 0.0321798 secs] 480263K->343732K(2080128K)After GC:
Statistics for BinaryTreeDictionary:
------------------------------------
Total Free Space: 202912672
Max   Chunk Size: 202912672
Number of Blocks: 1
Av.  Block  Size: 202912672
Tree      Height: 1
, 0.0322807 secs] [Times: user=0.04 sys=0.00, real=0.04 secs] 
Heap after GC invocations=346 (full 3):
 par new generation   total 153344K, used 3551K [0x0000000080000000, 0x000000008a660000, 0x000000008a660000)
  eden space 136320K,   0% used [0x0000000080000000, 0x0000000080000000, 0x0000000088520000)
  from space 17024K,  20% used [0x0000000088520000, 0x0000000088897dd8, 0x00000000895c0000)
  to   space 17024K,   0% used [0x00000000895c0000, 0x00000000895c0000, 0x000000008a660000)
 concurrent mark-sweep generation total 1926784K, used 340181K [0x000000008a660000, 0x0000000100000000, 0x0000000100000000)
 Metaspace       used 84695K, capacity 90113K, committed 90324K, reserved 1128448K
  class space    used 10334K, capacity 10727K, committed 10740K, reserved 1048576K
}
2017-08-01T06:36:30.973+0000: 27903.000: Total time for which application threads were stopped: 0.0325767 seconds, Stopping threads took: 0.0000392 seconds
2017-08-01T06:36:33.420+0000: 27905.447: Total time for which application threads were stopped: 0.0002043 seconds, Stopping threads took: 0.0000439 seconds
2017-08-01T06:36:38.432+0000: 27910.459: Total time for which application threads were stopped: 0.0002104 seconds, Stopping threads took: 0.0000572 seconds
2017-08-01T06:36:38.967+0000: 27910.994: Total time for which application threads were stopped: 0.0001734 seconds, Stopping threads took: 0.0000463 seconds
2017-08-01T06:36:39.949+0000: 27911.977: Total time for which application threads were stopped: 0.0002128 seconds, Stopping threads took: 0.0000713 seconds
2017-08-01T06:36:39.949+0000: 27911.977: Total time for which application threads were stopped: 0.0001284 seconds, Stopping threads took: 0.0000640 seconds
2017-08-01T06:36:41.407+0000: 27913.435: Total time for which application threads were stopped: 0.0001837 seconds, Stopping threads took: 0.0000515 seconds
2017-08-01T06:36:43.440+0000: 27915.468: Total time for which application threads were stopped: 0.0001846 seconds, Stopping threads took: 0.0000416 seconds
2017-08-01T06:36:48.450+0000: 27920.478: Total time for which application threads were stopped: 0.0001849 seconds, Stopping threads took: 0.0000409 seconds
2017-08-01T06:36:51.338+0000: 27923.366: Total time for which application threads were stopped: 0.0001782 seconds, Stopping threads took: 0.0000387 seconds
2017-08-01T06:36:51.338+0000: 27923.366: Total time for which application threads were stopped: 0.0000775 seconds, Stopping threads took: 0.0000221 seconds
2017-08-01T06:36:51.340+0000: 27923.368: Total time for which application threads were stopped: 0.0000800 seconds, Stopping threads took: 0.0000223 seconds
2017-08-01T06:36:51.343+0000: 27923.371: Total time for which application threads were stopped: 0.0001339 seconds, Stopping threads took: 0.0000648 seconds
2017-08-01T06:36:51.345+0000: 27923.372: Total time for which application threads were stopped: 0.0001213 seconds, Stopping threads took: 0.0000300 seconds
2017-08-01T06:36:52.345+0000: 27924.373: Total time for which application threads were stopped: 0.0001688 seconds, Stopping threads took: 0.0000521 seconds
2017-08-01T06:36:53.460+0000: 27925.488: Total time for which application threads were stopped: 0.0002085 seconds, Stopping threads took: 0.0000725 seconds
2017-08-01T06:37:03.480+0000: 27935.508: Total time for which application threads were stopped: 0.0001631 seconds, Stopping threads took: 0.0000435 seconds
2017-08-01T06:37:08.490+0000: 27940.518: Total time for which application threads were stopped: 0.0002016 seconds, Stopping threads took: 0.0000570 seconds
2017-08-01T06:37:11.491+0000: 27943.518: Total time for which application threads were stopped: 0.0001999 seconds, Stopping threads took: 0.0000445 seconds
2017-08-01T06:37:12.491+0000: 27944.518: Total time for which application threads were stopped: 0.0001858 seconds, Stopping threads took: 0.0000441 seconds
2017-08-01T06:37:13.524+0000: 27945.551: Total time for which application threads were stopped: 0.0001577 seconds, Stopping threads took: 0.0000464 seconds
2017-08-01T06:37:17.524+0000: 27949.552: Total time for which application threads were stopped: 0.0002368 seconds, Stopping threads took: 0.0000672 seconds
{Heap before GC invocations=346 (full 3):
 par new generation   total 153344K, used 139871K [0x0000000080000000, 0x000000008a660000, 0x000000008a660000)
  eden space 136320K, 100% used [0x0000000080000000, 0x0000000088520000, 0x0000000088520000)
  from space 17024K,  20% used [0x0000000088520000, 0x0000000088897dd8, 0x00000000895c0000)
  to   space 17024K,   0% used [0x00000000895c0000, 0x00000000895c0000, 0x000000008a660000)
 concurrent mark-sweep generation total 1926784K, used 340181K [0x000000008a660000, 0x0000000100000000, 0x0000000100000000)
 Metaspace       used 84705K, capacity 90113K, committed 90324K, reserved 1128448K
  class space    used 10334K, capacity 10727K, committed 10740K, reserved 1048576K
2017-08-01T06:37:17.547+0000: 27949.574: [GC (Allocation Failure) Before GC:
Statistics for BinaryTreeDictionary:
------------------------------------
Total Free Space: 202912672
Max   Chunk Size: 202912672
Number of Blocks: 1
Av.  Block  Size: 202912672
Tree      Height: 1
2017-08-01T06:37:17.547+0000: 27949.574: [ParNew
Desired survivor size 8716288 bytes, new threshold 6 (max 6)
- age   1:    2310224 bytes,    2310224 total
- age   2:    2427072 bytes,    4737296 total
- age   3:      58640 bytes,    4795936 total
- age   4:      49216 bytes,    4845152 total
- age   5:      57704 bytes,    4902856 total
- age   6:      52696 bytes,    4955552 total
: 139871K->5368K(153344K), 0.0207341 secs] 480052K->345615K(2080128K)After GC:
Statistics for BinaryTreeDictionary:
------------------------------------
Total Free Space: 202906894
Max   Chunk Size: 202906894
Number of Blocks: 1
Av.  Block  Size: 202906894
Tree      Height: 1
, 0.0208331 secs] [Times: user=0.05 sys=0.00, real=0.02 secs] 
Heap after GC invocations=347 (full 3):
 par new generation   total 153344K, used 5368K [0x0000000080000000, 0x000000008a660000, 0x000000008a660000)
  eden space 136320K,   0% used [0x0000000080000000, 0x0000000080000000, 0x0000000088520000)
  from space 17024K,  31% used [0x00000000895c0000, 0x0000000089afe2a8, 0x000000008a660000)
  to   space 17024K,   0% used [0x0000000088520000, 0x0000000088520000, 0x00000000895c0000)
 concurrent mark-sweep generation total 1926784K, used 340246K [0x000000008a660000, 0x0000000100000000, 0x0000000100000000)
 Metaspace       used 84705K, capacity 90113K, committed 90324K, reserved 1128448K
  class space    used 10334K, capacity 10727K, committed 10740K, reserved 1048576K
}
2017-08-01T06:37:17.568+0000: 27949.595: Total time for which application threads were stopped: 0.0211397 seconds, Stopping threads took: 0.0000590 seconds
2017-08-01T06:37:17.854+0000: 27949.882: Total time for which application threads were stopped: 0.0002085 seconds, Stopping threads took: 0.0000669 seconds
2017-08-01T06:37:17.857+0000: 27949.885: Total time for which application threads were stopped: 0.0001450 seconds, Stopping threads took: 0.0000619 seconds
2017-08-01T06:37:17.858+0000: 27949.886: Total time for which application threads were stopped: 0.0001380 seconds, Stopping threads took: 0.0000521 seconds
2017-08-01T06:37:18.859+0000: 27950.886: Total time for which application threads were stopped: 0.0002683 seconds, Stopping threads took: 0.0000673 seconds
2017-08-01T06:37:19.889+0000: 27951.916: Total time for which application threads were stopped: 0.0001696 seconds, Stopping threads took: 0.0000458 seconds
2017-08-01T06:37:20.889+0000: 27952.917: Total time for which application threads were stopped: 0.0001602 seconds, Stopping threads took: 0.0000405 seconds
2017-08-01T06:37:21.340+0000: 27953.367: Total time for which application threads were stopped: 0.0002203 seconds, Stopping threads took: 0.0000582 seconds
2017-08-01T06:37:21.341+0000: 27953.369: Total time for which application threads were stopped: 0.0001029 seconds, Stopping threads took: 0.0000218 seconds
2017-08-01T06:37:21.346+0000: 27953.373: Total time for which application threads were stopped: 0.0000791 seconds, Stopping threads took: 0.0000232 seconds
{Heap before GC invocations=347 (full 3):
 par new generation   total 153344K, used 141688K [0x0000000080000000, 0x000000008a660000, 0x000000008a660000)
  eden space 136320K, 100% used [0x0000000080000000, 0x0000000088520000, 0x0000000088520000)
  from space 17024K,  31% used [0x00000000895c0000, 0x0000000089afe2a8, 0x000000008a660000)
  to   space 17024K,   0% used [0x0000000088520000, 0x0000000088520000, 0x00000000895c0000)
 concurrent mark-sweep generation total 1926784K, used 340246K [0x000000008a660000, 0x0000000100000000, 0x0000000100000000)
 Metaspace       used 84709K, capacity 90119K, committed 90324K, reserved 1128448K
  class space    used 10334K, capacity 10728K, committed 10740K, reserved 1048576K
2017-08-01T06:37:21.587+0000: 27953.615: [GC (Allocation Failure) Before GC:
Statistics for BinaryTreeDictionary:
------------------------------------
Total Free Space: 202906894
Max   Chunk Size: 202906894
Number of Blocks: 1
Av.  Block  Size: 202906894
Tree      Height: 1
2017-08-01T06:37:21.587+0000: 27953.615: [ParNew
Desired survivor size 8716288 bytes, new threshold 6 (max 6)
- age   1:    1959520 bytes,    1959520 total
- age   2:    1459664 bytes,    3419184 total
- age   3:    2402448 bytes,    5821632 total
- age   4:      52888 bytes,    5874520 total
- age   5:      47696 bytes,    5922216 total
- age   6:      52360 bytes,    5974576 total
: 141688K->8589K(153344K), 0.0263579 secs] 481935K->348886K(2080128K)After GC:
Statistics for BinaryTreeDictionary:
------------------------------------
Total Free Space: 202903436
Max   Chunk Size: 202903436
Number of Blocks: 1
Av.  Block  Size: 202903436
Tree      Height: 1
, 0.0264628 secs] [Times: user=0.07 sys=0.00, real=0.03 secs] 
Heap after GC invocations=348 (full 3):
 par new generation   total 153344K, used 8589K [0x0000000080000000, 0x000000008a660000, 0x000000008a660000)
  eden space 136320K,   0% used [0x0000000080000000, 0x0000000080000000, 0x0000000088520000)
  from space 17024K,  50% used [0x0000000088520000, 0x0000000088d836c0, 0x00000000895c0000)
  to   space 17024K,   0% used [0x00000000895c0000, 0x00000000895c0000, 0x000000008a660000)
 concurrent mark-sweep generation total 1926784K, used 340296K [0x000000008a660000, 0x0000000100000000, 0x0000000100000000)
 Metaspace       used 84709K, capacity 90119K, committed 90324K, reserved 1128448K
  class space    used 10334K, capacity 10728K, committed 10740K, reserved 1048576K
}
2017-08-01T06:37:21.614+0000: 27953.641: Total time for which application threads were stopped: 0.0267427 seconds, Stopping threads took: 0.0000735 seconds
2017-08-01T06:37:22.614+0000: 27954.642: Total time for which application threads were stopped: 0.0001897 seconds, Stopping threads took: 0.0000427 seconds
2017-08-01T06:37:23.614+0000: 27955.642: Total time for which application threads were stopped: 0.0001828 seconds, Stopping threads took: 0.0000470 seconds
2017-08-01T06:37:24.615+0000: 27956.642: Total time for which application threads were stopped: 0.0001762 seconds, Stopping threads took: 0.0000429 seconds
2017-08-01T06:37:40.617+0000: 27972.644: Total time for which application threads were stopped: 0.0002086 seconds, Stopping threads took: 0.0000658 seconds
2017-08-01T06:37:47.978+0000: 27980.006: Total time for which application threads were stopped: 0.0001853 seconds, Stopping threads took: 0.0000460 seconds
2017-08-01T06:37:47.986+0000: 27980.013: Total time for which application threads were stopped: 0.0001284 seconds, Stopping threads took: 0.0000249 seconds
2017-08-01T06:37:47.988+0000: 27980.015: Total time for which application threads were stopped: 0.0001036 seconds, Stopping threads took: 0.0000345 seconds
{Heap before GC invocations=348 (full 3):
 par new generation   total 153344K, used 144909K [0x0000000080000000, 0x000000008a660000, 0x000000008a660000)
  eden space 136320K, 100% used [0x0000000080000000, 0x0000000088520000, 0x0000000088520000)
  from space 17024K,  50% used [0x0000000088520000, 0x0000000088d836c0, 0x00000000895c0000)
  to   space 17024K,   0% used [0x00000000895c0000, 0x00000000895c0000, 0x000000008a660000)
 concurrent mark-sweep generation total 1926784K, used 340296K [0x000000008a660000, 0x0000000100000000, 0x0000000100000000)
 Metaspace       used 84709K, capacity 90119K, committed 90324K, reserved 1128448K
  class space    used 10334K, capacity 10728K, committed 10740K, reserved 1048576K
2017-08-01T06:38:35.355+0000: 28027.382: [GC (Allocation Failure) Before GC:
Statistics for BinaryTreeDictionary:
------------------------------------
Total Free Space: 202903436
Max   Chunk Size: 202903436
Number of Blocks: 1
Av.  Block  Size: 202903436
Tree      Height: 1
2017-08-01T06:38:35.355+0000: 28027.383: [ParNew
Desired survivor size 8716288 bytes, new threshold 6 (max 6)
- age   1:    1177784 bytes,    1177784 total
- age   2:     509752 bytes,    1687536 total
- age   3:    1330944 bytes,    3018480 total
- age   4:    2357544 bytes,    5376024 total
- age   5:      50704 bytes,    5426728 total
- age   6:      46536 bytes,    5473264 total
: 144909K->5460K(153344K), 0.0241288 secs] 485206K->345805K(2080128K)After GC:
Statistics for BinaryTreeDictionary:
------------------------------------
Total Free Space: 202897464
Max   Chunk Size: 202897464
Number of Blocks: 1
Av.  Block  Size: 202897464
Tree      Height: 1
, 0.0242268 secs] [Times: user=0.06 sys=0.00, real=0.02 secs] 
Heap after GC invocations=349 (full 3):
 par new generation   total 153344K, used 5460K [0x0000000080000000, 0x000000008a660000, 0x000000008a660000)
  eden space 136320K,   0% used [0x0000000080000000, 0x0000000080000000, 0x0000000088520000)
  from space 17024K,  32% used [0x00000000895c0000, 0x0000000089b15020, 0x000000008a660000)
  to   space 17024K,   0% used [0x0000000088520000, 0x0000000088520000, 0x00000000895c0000)
 concurrent mark-sweep generation total 1926784K, used 340345K [0x000000008a660000, 0x0000000100000000, 0x0000000100000000)
 Metaspace       used 84709K, capacity 90119K, committed 90324K, reserved 1128448K
  class space    used 10334K, capacity 10728K, committed 10740K, reserved 1048576K
}
2017-08-01T06:38:35.379+0000: 28027.407: Total time for which application threads were stopped: 0.0244885 seconds, Stopping threads took: 0.0000395 seconds
2017-08-01T06:38:55.381+0000: 28047.409: Total time for which application threads were stopped: 0.0001584 seconds, Stopping threads took: 0.0000429 seconds
2017-08-01T06:39:39.386+0000: 28091.414: Total time for which application threads were stopped: 0.0001717 seconds, Stopping threads took: 0.0000571 seconds
2017-08-01T06:39:40.387+0000: 28092.414: Total time for which application threads were stopped: 0.0001821 seconds, Stopping threads took: 0.0000530 seconds
2017-08-01T06:39:53.388+0000: 28105.416: Total time for which application threads were stopped: 0.0001916 seconds, Stopping threads took: 0.0000422 seconds
2017-08-01T06:40:01.389+0000: 28113.417: Total time for which application threads were stopped: 0.0001652 seconds, Stopping threads took: 0.0000528 seconds
{Heap before GC invocations=349 (full 3):
 par new generation   total 153344K, used 141780K [0x0000000080000000, 0x000000008a660000, 0x000000008a660000)
  eden space 136320K, 100% used [0x0000000080000000, 0x0000000088520000, 0x0000000088520000)
  from space 17024K,  32% used [0x00000000895c0000, 0x0000000089b15020, 0x000000008a660000)
  to   space 17024K,   0% used [0x0000000088520000, 0x0000000088520000, 0x00000000895c0000)
 concurrent mark-sweep generation total 1926784K, used 340345K [0x000000008a660000, 0x0000000100000000, 0x0000000100000000)
 Metaspace       used 84709K, capacity 90119K, committed 90324K, reserved 1128448K
  class space    used 10334K, capacity 10728K, committed 10740K, reserved 1048576K
2017-08-01T06:40:20.338+0000: 28132.366: [GC (Allocation Failure) Before GC:
Statistics for BinaryTreeDictionary:
------------------------------------
Total Free Space: 202897464
Max   Chunk Size: 202897464
Number of Blocks: 1
Av.  Block  Size: 202897464
Tree      Height: 1
2017-08-01T06:40:20.338+0000: 28132.366: [ParNew
Desired survivor size 8716288 bytes, new threshold 6 (max 6)
- age   1:    1205880 bytes,    1205880 total
- age   2:     635088 bytes,    1840968 total
- age   3:     464368 bytes,    2305336 total
- age   4:    1324536 bytes,    3629872 total
- age   5:    2352912 bytes,    5982784 total
- age   6:      49144 bytes,    6031928 total
: 141780K->10741K(153344K), 0.0247082 secs] 482125K->351130K(2080128K)After GC:
Statistics for BinaryTreeDictionary:
------------------------------------
Total Free Space: 202892294
Max   Chunk Size: 202892294
Number of Blocks: 1
Av.  Block  Size: 202892294
Tree      Height: 1
, 0.0248255 secs] [Times: user=0.06 sys=0.00, real=0.03 secs] 
Heap after GC invocations=350 (full 3):
 par new generation   total 153344K, used 10741K [0x0000000080000000, 0x000000008a660000, 0x000000008a660000)
  eden space 136320K,   0% used [0x0000000080000000, 0x0000000080000000, 0x0000000088520000)
  from space 17024K,  63% used [0x0000000088520000, 0x0000000088f9d538, 0x00000000895c0000)
  to   space 17024K,   0% used [0x00000000895c0000, 0x00000000895c0000, 0x000000008a660000)
 concurrent mark-sweep generation total 1926784K, used 340389K [0x000000008a660000, 0x0000000100000000, 0x0000000100000000)
 Metaspace       used 84709K, capacity 90119K, committed 90324K, reserved 1128448K
  class space    used 10334K, capacity 10728K, committed 10740K, reserved 1048576K
}
2017-08-01T06:40:20.363+0000: 28132.391: Total time for which application threads were stopped: 0.0250757 seconds, Stopping threads took: 0.0000449 seconds
2017-08-01T06:41:43.381+0000: 28215.408: Total time for which application threads were stopped: 0.0001797 seconds, Stopping threads took: 0.0000434 seconds
{Heap before GC invocations=350 (full 3):
 par new generation   total 153344K, used 147061K [0x0000000080000000, 0x000000008a660000, 0x000000008a660000)
  eden space 136320K, 100% used [0x0000000080000000, 0x0000000088520000, 0x0000000088520000)
  from space 17024K,  63% used [0x0000000088520000, 0x0000000088f9d538, 0x00000000895c0000)
  to   space 17024K,   0% used [0x00000000895c0000, 0x00000000895c0000, 0x000000008a660000)
 concurrent mark-sweep generation total 1926784K, used 340389K [0x000000008a660000, 0x0000000100000000, 0x0000000100000000)
 Metaspace       used 84792K, capacity 90239K, committed 90324K, reserved 1128448K
  class space    used 10351K, capacity 10739K, committed 10740K, reserved 1048576K
2017-08-01T06:41:50.699+0000: 28222.726: [GC (Allocation Failure) Before GC:
Statistics for BinaryTreeDictionary:
------------------------------------
Total Free Space: 202892294
Max   Chunk Size: 202892294
Number of Blocks: 1
Av.  Block  Size: 202892294
Tree      Height: 1
2017-08-01T06:41:50.699+0000: 28222.726: [ParNew
Desired survivor size 8716288 bytes, new threshold 6 (max 6)
- age   1:    1370112 bytes,    1370112 total
- age   2:     674536 bytes,    2044648 total
- age   3:     581440 bytes,    2626088 total
- age   4:     450208 bytes,    3076296 total
- age   5:    1321088 bytes,    4397384 total
- age   6:    2351088 bytes,    6748472 total
: 147061K->7152K(153344K), 0.0262407 secs] 487450K->347589K(2080128K)After GC:
Statistics for BinaryTreeDictionary:
------------------------------------
Total Free Space: 202886404
Max   Chunk Size: 202886404
Number of Blocks: 1
Av.  Block  Size: 202886404
Tree      Height: 1
, 0.0263209 secs] [Times: user=0.07 sys=0.00, real=0.03 secs] 
Heap after GC invocations=351 (full 3):
 par new generation   total 153344K, used 7152K [0x0000000080000000, 0x000000008a660000, 0x000000008a660000)
  eden space 136320K,   0% used [0x0000000080000000, 0x0000000080000000, 0x0000000088520000)
  from space 17024K,  42% used [0x00000000895c0000, 0x0000000089cbc278, 0x000000008a660000)
  to   space 17024K,   0% used [0x0000000088520000, 0x0000000088520000, 0x00000000895c0000)
 concurrent mark-sweep generation total 1926784K, used 340436K [0x000000008a660000, 0x0000000100000000, 0x0000000100000000)
 Metaspace       used 84792K, capacity 90239K, committed 90324K, reserved 1128448K
  class space    used 10351K, capacity 10739K, committed 10740K, reserved 1048576K
}
2017-08-01T06:41:50.725+0000: 28222.753: Total time for which application threads were stopped: 0.0266050 seconds, Stopping threads took: 0.0000599 seconds
{Heap before GC invocations=351 (full 3):
 par new generation   total 153344K, used 143472K [0x0000000080000000, 0x000000008a660000, 0x000000008a660000)
  eden space 136320K, 100% used [0x0000000080000000, 0x0000000088520000, 0x0000000088520000)
  from space 17024K,  42% used [0x00000000895c0000, 0x0000000089cbc278, 0x000000008a660000)
  to   space 17024K,   0% used [0x0000000088520000, 0x0000000088520000, 0x00000000895c0000)
 concurrent mark-sweep generation total 1926784K, used 340436K [0x000000008a660000, 0x0000000100000000, 0x0000000100000000)
 Metaspace       used 84797K, capacity 90239K, committed 90324K, reserved 1128448K
  class space    used 10351K, capacity 10739K, committed 10740K, reserved 1048576K
2017-08-01T06:43:30.946+0000: 28322.973: [GC (Allocation Failure) Before GC:
Statistics for BinaryTreeDictionary:
------------------------------------
Total Free Space: 202886404
Max   Chunk Size: 202886404
Number of Blocks: 1
Av.  Block  Size: 202886404
Tree      Height: 1
2017-08-01T06:43:30.946+0000: 28322.974: [ParNew
Desired survivor size 8716288 bytes, new threshold 6 (max 6)
- age   1:    1218032 bytes,    1218032 total
- age   2:     720608 bytes,    1938640 total
- age   3:     613320 bytes,    2551960 total
- age   4:     560448 bytes,    3112408 total
- age   5:     442472 bytes,    3554880 total
- age   6:    1317232 bytes,    4872112 total
: 143472K->5794K(153344K), 0.0481651 secs] 483909K->348535K(2080128K)After GC:
Statistics for BinaryTreeDictionary:
------------------------------------
Total Free Space: 202583528
Max   Chunk Size: 202583528
Number of Blocks: 1
Av.  Block  Size: 202583528
Tree      Height: 1
, 0.0482820 secs] [Times: user=0.10 sys=0.00, real=0.05 secs] 
Heap after GC invocations=352 (full 3):
 par new generation   total 153344K, used 5794K [0x0000000080000000, 0x000000008a660000, 0x000000008a660000)
  eden space 136320K,   0% used [0x0000000080000000, 0x0000000080000000, 0x0000000088520000)
  from space 17024K,  34% used [0x0000000088520000, 0x0000000088ac8b50, 0x00000000895c0000)
  to   space 17024K,   0% used [0x00000000895c0000, 0x00000000895c0000, 0x000000008a660000)
 concurrent mark-sweep generation total 1926784K, used 342740K [0x000000008a660000, 0x0000000100000000, 0x0000000100000000)
 Metaspace       used 84797K, capacity 90239K, committed 90324K, reserved 1128448K
  class space    used 10351K, capacity 10739K, committed 10740K, reserved 1048576K
}
2017-08-01T06:43:30.994+0000: 28323.022: Total time for which application threads were stopped: 0.0485935 seconds, Stopping threads took: 0.0000540 seconds
2017-08-01T06:43:48.135+0000: 28340.163: Total time for which application threads were stopped: 0.0002021 seconds, Stopping threads took: 0.0000686 seconds
2017-08-01T06:44:48.189+0000: 28400.217: Total time for which application threads were stopped: 0.0001728 seconds, Stopping threads took: 0.0000409 seconds
{Heap before GC invocations=352 (full 3):
 par new generation   total 153344K, used 142114K [0x0000000080000000, 0x000000008a660000, 0x000000008a660000)
  eden space 136320K, 100% used [0x0000000080000000, 0x0000000088520000, 0x0000000088520000)
  from space 17024K,  34% used [0x0000000088520000, 0x0000000088ac8b50, 0x00000000895c0000)
  to   space 17024K,   0% used [0x00000000895c0000, 0x00000000895c0000, 0x000000008a660000)
 concurrent mark-sweep generation total 1926784K, used 342740K [0x000000008a660000, 0x0000000100000000, 0x0000000100000000)
 Metaspace       used 84797K, capacity 90239K, committed 90324K, reserved 1128448K
  class space    used 10351K, capacity 10739K, committed 10740K, reserved 1048576K
2017-08-01T06:45:07.990+0000: 28420.018: [GC (Allocation Failure) Before GC:
Statistics for BinaryTreeDictionary:
------------------------------------
Total Free Space: 202583528
Max   Chunk Size: 202583528
Number of Blocks: 1
Av.  Block  Size: 202583528
Tree      Height: 1
2017-08-01T06:45:07.990+0000: 28420.018: [ParNew
Desired survivor size 8716288 bytes, new threshold 6 (max 6)
- age   1:    1267568 bytes,    1267568 total
- age   2:     681544 bytes,    1949112 total
- age   3:     670304 bytes,    2619416 total
- age   4:     589952 bytes,    3209368 total
- age   5:     549688 bytes,    3759056 total
- age   6:     434408 bytes,    4193464 total
: 142114K->5016K(153344K), 0.0272752 secs] 484855K->349078K(2080128K)After GC:
Statistics for BinaryTreeDictionary:
------------------------------------
Total Free Space: 202428617
Max   Chunk Size: 202428617
Number of Blocks: 1
Av.  Block  Size: 202428617
Tree      Height: 1
, 0.0273801 secs] [Times: user=0.07 sys=0.00, real=0.03 secs] 
Heap after GC invocations=353 (full 3):
 par new generation   total 153344K, used 5016K [0x0000000080000000, 0x000000008a660000, 0x000000008a660000)
  eden space 136320K,   0% used [0x0000000080000000, 0x0000000080000000, 0x0000000088520000)
  from space 17024K,  29% used [0x00000000895c0000, 0x0000000089aa62c8, 0x000000008a660000)
  to   space 17024K,   0% used [0x0000000088520000, 0x0000000088520000, 0x00000000895c0000)
 concurrent mark-sweep generation total 1926784K, used 344061K [0x000000008a660000, 0x0000000100000000, 0x0000000100000000)
 Metaspace       used 84797K, capacity 90239K, committed 90324K, reserved 1128448K
  class space    used 10351K, capacity 10739K, committed 10740K, reserved 1048576K
}
2017-08-01T06:45:08.018+0000: 28420.045: Total time for which application threads were stopped: 0.0276987 seconds, Stopping threads took: 0.0000872 seconds
2017-08-01T06:45:48.239+0000: 28460.267: Total time for which application threads were stopped: 0.0002103 seconds, Stopping threads took: 0.0000857 seconds
2017-08-01T06:46:24.243+0000: 28496.271: Total time for which application threads were stopped: 0.0001843 seconds, Stopping threads took: 0.0000610 seconds
{Heap before GC invocations=353 (full 3):
 par new generation   total 153344K, used 141336K [0x0000000080000000, 0x000000008a660000, 0x000000008a660000)
  eden space 136320K, 100% used [0x0000000080000000, 0x0000000088520000, 0x0000000088520000)
  from space 17024K,  29% used [0x00000000895c0000, 0x0000000089aa62c8, 0x000000008a660000)
  to   space 17024K,   0% used [0x0000000088520000, 0x0000000088520000, 0x00000000895c0000)
 concurrent mark-sweep generation total 1926784K, used 344061K [0x000000008a660000, 0x0000000100000000, 0x0000000100000000)
 Metaspace       used 84797K, capacity 90239K, committed 90324K, reserved 1128448K
  class space    used 10351K, capacity 10739K, committed 10740K, reserved 1048576K
2017-08-01T06:46:42.454+0000: 28514.482: [GC (Allocation Failure) Before GC:
Statistics for BinaryTreeDictionary:
------------------------------------
Total Free Space: 202428617
Max   Chunk Size: 202428617
Number of Blocks: 1
Av.  Block  Size: 202428617
Tree      Height: 1
2017-08-01T06:46:42.454+0000: 28514.482: [ParNew
Desired survivor size 8716288 bytes, new threshold 6 (max 6)
- age   1:    1235448 bytes,    1235448 total
- age   2:     682528 bytes,    1917976 total
- age   3:     632016 bytes,    2549992 total
- age   4:     649864 bytes,    3199856 total
- age   5:     576696 bytes,    3776552 total
- age   6:     539960 bytes,    4316512 total
: 141336K->6480K(153344K), 0.0240104 secs] 485398K->350968K(2080128K)After GC:
Statistics for BinaryTreeDictionary:
------------------------------------
Total Free Space: 202367095
Max   Chunk Size: 202367095
Number of Blocks: 1
Av.  Block  Size: 202367095
Tree      Height: 1
, 0.0240965 secs] [Times: user=0.06 sys=0.00, real=0.02 secs] 
Heap after GC invocations=354 (full 3):
 par new generation   total 153344K, used 6480K [0x0000000080000000, 0x000000008a660000, 0x000000008a660000)
  eden space 136320K,   0% used [0x0000000080000000, 0x0000000080000000, 0x0000000088520000)
  from space 17024K,  38% used [0x0000000088520000, 0x0000000088b74320, 0x00000000895c0000)
  to   space 17024K,   0% used [0x00000000895c0000, 0x00000000895c0000, 0x000000008a660000)
 concurrent mark-sweep generation total 1926784K, used 344488K [0x000000008a660000, 0x0000000100000000, 0x0000000100000000)
 Metaspace       used 84797K, capacity 90239K, committed 90324K, reserved 1128448K
  class space    used 10351K, capacity 10739K, committed 10740K, reserved 1048576K
}
2017-08-01T06:46:42.478+0000: 28514.506: Total time for which application threads were stopped: 0.0243919 seconds, Stopping threads took: 0.0000680 seconds
2017-08-01T06:46:48.297+0000: 28520.325: Total time for which application threads were stopped: 0.0001644 seconds, Stopping threads took: 0.0000419 seconds
2017-08-01T06:47:48.330+0000: 28580.358: Total time for which application threads were stopped: 0.0002185 seconds, Stopping threads took: 0.0000731 seconds
2017-08-01T06:47:48.340+0000: 28580.368: Total time for which application threads were stopped: 0.0001233 seconds, Stopping threads took: 0.0000559 seconds
{Heap before GC invocations=354 (full 3):
 par new generation   total 153344K, used 142800K [0x0000000080000000, 0x000000008a660000, 0x000000008a660000)
  eden space 136320K, 100% used [0x0000000080000000, 0x0000000088520000, 0x0000000088520000)
  from space 17024K,  38% used [0x0000000088520000, 0x0000000088b74320, 0x00000000895c0000)
  to   space 17024K,   0% used [0x00000000895c0000, 0x00000000895c0000, 0x000000008a660000)
 concurrent mark-sweep generation total 1926784K, used 344488K [0x000000008a660000, 0x0000000100000000, 0x0000000100000000)
 Metaspace       used 84797K, capacity 90239K, committed 90324K, reserved 1128448K
  class space    used 10351K, capacity 10739K, committed 10740K, reserved 1048576K
2017-08-01T06:48:25.577+0000: 28617.605: [GC (Allocation Failure) Before GC:
Statistics for BinaryTreeDictionary:
------------------------------------
Total Free Space: 202367095
Max   Chunk Size: 202367095
Number of Blocks: 1
Av.  Block  Size: 202367095
Tree      Height: 1
2017-08-01T06:48:25.577+0000: 28617.605: [ParNew
Desired survivor size 8716288 bytes, new threshold 6 (max 6)
- age   1:    1343688 bytes,    1343688 total
- age   2:     653376 bytes,    1997064 total
- age   3:     626400 bytes,    2623464 total
- age   4:     609872 bytes,    3233336 total
- age   5:     634304 bytes,    3867640 total
- age   6:     564456 bytes,    4432096 total
: 142800K->6358K(153344K), 0.0241618 secs] 487288K->351374K(2080128K)After GC:
Statistics for BinaryTreeDictionary:
------------------------------------
Total Free Space: 202309705
Max   Chunk Size: 202309705
Number of Blocks: 1
Av.  Block  Size: 202309705
Tree      Height: 1
, 0.0242623 secs] [Times: user=0.06 sys=0.00, real=0.03 secs] 
Heap after GC invocations=355 (full 3):
 par new generation   total 153344K, used 6358K [0x0000000080000000, 0x000000008a660000, 0x000000008a660000)
  eden space 136320K,   0% used [0x0000000080000000, 0x0000000080000000, 0x0000000088520000)
  from space 17024K,  37% used [0x00000000895c0000, 0x0000000089bf5a40, 0x000000008a660000)
  to   space 17024K,   0% used [0x0000000088520000, 0x0000000088520000, 0x00000000895c0000)
 concurrent mark-sweep generation total 1926784K, used 345016K [0x000000008a660000, 0x0000000100000000, 0x0000000100000000)
 Metaspace       used 84797K, capacity 90239K, committed 90324K, reserved 1128448K
  class space    used 10351K, capacity 10739K, committed 10740K, reserved 1048576K
}
2017-08-01T06:48:25.602+0000: 28617.629: Total time for which application threads were stopped: 0.0245223 seconds, Stopping threads took: 0.0000428 seconds
2017-08-01T06:48:48.350+0000: 28640.378: Total time for which application threads were stopped: 0.0001956 seconds, Stopping threads took: 0.0000429 seconds
2017-08-01T06:48:48.370+0000: 28640.398: Total time for which application threads were stopped: 0.0001291 seconds, Stopping threads took: 0.0000292 seconds
2017-08-01T06:49:48.401+0000: 28700.429: Total time for which application threads were stopped: 0.0002027 seconds, Stopping threads took: 0.0000619 seconds
2017-08-01T06:49:48.401+0000: 28700.429: Total time for which application threads were stopped: 0.0000767 seconds, Stopping threads took: 0.0000230 seconds
2017-08-01T06:49:57.406+0000: 28709.434: Total time for which application threads were stopped: 0.0001705 seconds, Stopping threads took: 0.0000417 seconds
{Heap before GC invocations=355 (full 3):
 par new generation   total 153344K, used 142678K [0x0000000080000000, 0x000000008a660000, 0x000000008a660000)
  eden space 136320K, 100% used [0x0000000080000000, 0x0000000088520000, 0x0000000088520000)
  from space 17024K,  37% used [0x00000000895c0000, 0x0000000089bf5a40, 0x000000008a660000)
  to   space 17024K,   0% used [0x0000000088520000, 0x0000000088520000, 0x00000000895c0000)
 concurrent mark-sweep generation total 1926784K, used 345016K [0x000000008a660000, 0x0000000100000000, 0x0000000100000000)
 Metaspace       used 84797K, capacity 90239K, committed 90324K, reserved 1128448K
  class space    used 10351K, capacity 10739K, committed 10740K, reserved 1048576K
2017-08-01T06:49:59.525+0000: 28711.553: [GC (Allocation Failure) Before GC:
Statistics for BinaryTreeDictionary:
------------------------------------
Total Free Space: 202309705
Max   Chunk Size: 202309705
Number of Blocks: 1
Av.  Block  Size: 202309705
Tree      Height: 1
2017-08-01T06:49:59.525+0000: 28711.553: [ParNew
Desired survivor size 8716288 bytes, new threshold 6 (max 6)
- age   1:    1208416 bytes,    1208416 total
- age   2:     730032 bytes,    1938448 total
- age   3:     609608 bytes,    2548056 total
- age   4:     607040 bytes,    3155096 total
- age   5:     594760 bytes,    3749856 total
- age   6:     626656 bytes,    4376512 total
: 142678K->4305K(153344K), 0.0239998 secs] 487694K->349877K(2080128K)After GC:
Statistics for BinaryTreeDictionary:
------------------------------------
Total Free Space: 202234171
Max   Chunk Size: 202234171
Number of Blocks: 1
Av.  Block  Size: 202234171
Tree      Height: 1
, 0.0240969 secs] [Times: user=0.06 sys=0.00, real=0.02 secs] 
Heap after GC invocations=356 (full 3):
 par new generation   total 153344K, used 4305K [0x0000000080000000, 0x000000008a660000, 0x000000008a660000)
  eden space 136320K,   0% used [0x0000000080000000, 0x0000000080000000, 0x0000000088520000)
  from space 17024K,  25% used [0x0000000088520000, 0x0000000088954730, 0x00000000895c0000)
  to   space 17024K,   0% used [0x00000000895c0000, 0x00000000895c0000, 0x000000008a660000)
 concurrent mark-sweep generation total 1926784K, used 345571K [0x000000008a660000, 0x0000000100000000, 0x0000000100000000)
 Metaspace       used 84797K, capacity 90239K, committed 90324K, reserved 1128448K
  class space    used 10351K, capacity 10739K, committed 10740K, reserved 1048576K
}
2017-08-01T06:49:59.550+0000: 28711.577: Total time for which application threads were stopped: 0.0244074 seconds, Stopping threads took: 0.0000672 seconds
2017-08-01T06:50:03.550+0000: 28715.578: Total time for which application threads were stopped: 0.0003148 seconds, Stopping threads took: 0.0000712 seconds
2017-08-01T06:50:15.552+0000: 28727.579: Total time for which application threads were stopped: 0.0001725 seconds, Stopping threads took: 0.0000413 seconds
2017-08-01T06:50:48.458+0000: 28760.485: Total time for which application threads were stopped: 0.0001920 seconds, Stopping threads took: 0.0000405 seconds
2017-08-01T06:50:48.460+0000: 28760.488: Total time for which application threads were stopped: 0.0000827 seconds, Stopping threads took: 0.0000234 seconds
{Heap before GC invocations=356 (full 3):
 par new generation   total 153344K, used 140625K [0x0000000080000000, 0x000000008a660000, 0x000000008a660000)
  eden space 136320K, 100% used [0x0000000080000000, 0x0000000088520000, 0x0000000088520000)
  from space 17024K,  25% used [0x0000000088520000, 0x0000000088954730, 0x00000000895c0000)
  to   space 17024K,   0% used [0x00000000895c0000, 0x00000000895c0000, 0x000000008a660000)
 concurrent mark-sweep generation total 1926784K, used 345571K [0x000000008a660000, 0x0000000100000000, 0x0000000100000000)
 Metaspace       used 84797K, capacity 90239K, committed 90324K, reserved 1128448K
  class space    used 10351K, capacity 10739K, committed 10740K, reserved 1048576K
2017-08-01T06:51:34.769+0000: 28806.796: [GC (Allocation Failure) Before GC:
Statistics for BinaryTreeDictionary:
------------------------------------
Total Free Space: 202234171
Max   Chunk Size: 202234171
Number of Blocks: 1
Av.  Block  Size: 202234171
Tree      Height: 1
2017-08-01T06:51:34.769+0000: 28806.796: [ParNew
Desired survivor size 8716288 bytes, new threshold 6 (max 6)
- age   1:    1202336 bytes,    1202336 total
- age   2:     688000 bytes,    1890336 total
- age   3:     669032 bytes,    2559368 total
- age   4:     592696 bytes,    3152064 total
- age   5:     594464 bytes,    3746528 total
- age   6:     582984 bytes,    4329512 total
: 140625K->4282K(153344K), 0.0237870 secs] 486197K->350468K(2080128K)After GC:
Statistics for BinaryTreeDictionary:
------------------------------------
Total Free Space: 202135168
Max   Chunk Size: 202135168
Number of Blocks: 1
Av.  Block  Size: 202135168
Tree      Height: 1
, 0.0238819 secs] [Times: user=0.06 sys=0.00, real=0.03 secs] 
Heap after GC invocations=357 (full 3):
 par new generation   total 153344K, used 4282K [0x0000000080000000, 0x000000008a660000, 0x000000008a660000)
  eden space 136320K,   0% used [0x0000000080000000, 0x0000000080000000, 0x0000000088520000)
  from space 17024K,  25% used [0x00000000895c0000, 0x00000000899ee848, 0x000000008a660000)
  to   space 17024K,   0% used [0x0000000088520000, 0x0000000088520000, 0x00000000895c0000)
 concurrent mark-sweep generation total 1926784K, used 346186K [0x000000008a660000, 0x0000000100000000, 0x0000000100000000)
 Metaspace       used 84797K, capacity 90239K, committed 90324K, reserved 1128448K
  class space    used 10351K, capacity 10739K, committed 10740K, reserved 1048576K
}
2017-08-01T06:51:34.793+0000: 28806.820: Total time for which application threads were stopped: 0.0241664 seconds, Stopping threads took: 0.0000649 seconds
2017-08-01T06:51:48.496+0000: 28820.524: Total time for which application threads were stopped: 0.0002000 seconds, Stopping threads took: 0.0000413 seconds
2017-08-01T06:51:48.505+0000: 28820.533: Total time for which application threads were stopped: 0.0001382 seconds, Stopping threads took: 0.0000282 seconds
2017-08-01T06:52:08.523+0000: 28840.551: Total time for which application threads were stopped: 0.0009107 seconds, Stopping threads took: 0.0007863 seconds
2017-08-01T06:52:48.535+0000: 28880.562: Total time for which application threads were stopped: 0.0002027 seconds, Stopping threads took: 0.0000393 seconds
2017-08-01T06:52:48.565+0000: 28880.592: Total time for which application threads were stopped: 0.0001774 seconds, Stopping threads took: 0.0000388 seconds
{Heap before GC invocations=357 (full 3):
 par new generation   total 153344K, used 140602K [0x0000000080000000, 0x000000008a660000, 0x000000008a660000)
  eden space 136320K, 100% used [0x0000000080000000, 0x0000000088520000, 0x0000000088520000)
  from space 17024K,  25% used [0x00000000895c0000, 0x00000000899ee848, 0x000000008a660000)
  to   space 17024K,   0% used [0x0000000088520000, 0x0000000088520000, 0x00000000895c0000)
 concurrent mark-sweep generation total 1926784K, used 346186K [0x000000008a660000, 0x0000000100000000, 0x0000000100000000)
 Metaspace       used 84797K, capacity 90239K, committed 90324K, reserved 1128448K
  class space    used 10351K, capacity 10739K, committed 10740K, reserved 1048576K
2017-08-01T06:53:16.953+0000: 28908.981: [GC (Allocation Failure) Before GC:
Statistics for BinaryTreeDictionary:
------------------------------------
Total Free Space: 202135168
Max   Chunk Size: 202135168
Number of Blocks: 1
Av.  Block  Size: 202135168
Tree      Height: 1
2017-08-01T06:53:16.954+0000: 28908.981: [ParNew
Desired survivor size 8716288 bytes, new threshold 6 (max 6)
- age   1:    1361576 bytes,    1361576 total
- age   2:     627056 bytes,    1988632 total
- age   3:     616528 bytes,    2605160 total
- age   4:     639888 bytes,    3245048 total
- age   5:     574408 bytes,    3819456 total
- age   6:     580432 bytes,    4399888 total
: 140602K->6356K(153344K), 0.0249510 secs] 486788K->353112K(2080128K)After GC:
Statistics for BinaryTreeDictionary:
------------------------------------
Total Free Space: 202083661
Max   Chunk Size: 202083661
Number of Blocks: 1
Av.  Block  Size: 202083661
Tree      Height: 1
, 0.0250679 secs] [Times: user=0.06 sys=0.00, real=0.02 secs] 
Heap after GC invocations=358 (full 3):
 par new generation   total 153344K, used 6356K [0x0000000080000000, 0x000000008a660000, 0x000000008a660000)
  eden space 136320K,   0% used [0x0000000080000000, 0x0000000080000000, 0x0000000088520000)
  from space 17024K,  37% used [0x0000000088520000, 0x0000000088b55160, 0x00000000895c0000)
  to   space 17024K,   0% used [0x00000000895c0000, 0x00000000895c0000, 0x000000008a660000)
 concurrent mark-sweep generation total 1926784K, used 346756K [0x000000008a660000, 0x0000000100000000, 0x0000000100000000)
 Metaspace       used 84797K, capacity 90239K, committed 90324K, reserved 1128448K
  class space    used 10351K, capacity 10739K, committed 10740K, reserved 1048576K
}
2017-08-01T06:53:16.979+0000: 28909.006: Total time for which application threads were stopped: 0.0253803 seconds, Stopping threads took: 0.0001016 seconds
2017-08-01T06:53:48.583+0000: 28940.610: Total time for which application threads were stopped: 0.0001743 seconds, Stopping threads took: 0.0000425 seconds
2017-08-01T06:53:48.595+0000: 28940.623: Total time for which application threads were stopped: 0.0003745 seconds, Stopping threads took: 0.0000786 seconds
{Heap before GC invocations=358 (full 3):
 par new generation   total 153344K, used 142676K [0x0000000080000000, 0x000000008a660000, 0x000000008a660000)
  eden space 136320K, 100% used [0x0000000080000000, 0x0000000088520000, 0x0000000088520000)
  from space 17024K,  37% used [0x0000000088520000, 0x0000000088b55160, 0x00000000895c0000)
  to   space 17024K,   0% used [0x00000000895c0000, 0x00000000895c0000, 0x000000008a660000)
 concurrent mark-sweep generation total 1926784K, used 346756K [0x000000008a660000, 0x0000000100000000, 0x0000000100000000)
 Metaspace       used 84797K, capacity 90239K, committed 90324K, reserved 1128448K
  class space    used 10351K, capacity 10739K, committed 10740K, reserved 1048576K
2017-08-01T06:54:50.622+0000: 29002.649: [GC (Allocation Failure) Before GC:
Statistics for BinaryTreeDictionary:
------------------------------------
Total Free Space: 202083661
Max   Chunk Size: 202083661
Number of Blocks: 1
Av.  Block  Size: 202083661
Tree      Height: 1
2017-08-01T06:54:50.622+0000: 29002.649: [ParNew
Desired survivor size 8716288 bytes, new threshold 6 (max 6)
- age   1:    1158216 bytes,    1158216 total
- age   2:     717888 bytes,    1876104 total
- age   3:     579552 bytes,    2455656 total
- age   4:     598496 bytes,    3054152 total
- age   5:     631472 bytes,    3685624 total
- age   6:     567104 bytes,    4252728 total
: 142676K->6416K(153344K), 0.0254773 secs] 489432K->353742K(2080128K)After GC:
Statistics for BinaryTreeDictionary:
------------------------------------
Total Free Space: 202010274
Max   Chunk Size: 202010274
Number of Blocks: 1
Av.  Block  Size: 202010274
Tree      Height: 1
, 0.0255885 secs] [Times: user=0.06 sys=0.00, real=0.02 secs] 
Heap after GC invocations=359 (full 3):
 par new generation   total 153344K, used 6416K [0x0000000080000000, 0x000000008a660000, 0x000000008a660000)
  eden space 136320K,   0% used [0x0000000080000000, 0x0000000080000000, 0x0000000088520000)
  from space 17024K,  37% used [0x00000000895c0000, 0x0000000089c04078, 0x000000008a660000)
  to   space 17024K,   0% used [0x0000000088520000, 0x0000000088520000, 0x00000000895c0000)
 concurrent mark-sweep generation total 1926784K, used 347326K [0x000000008a660000, 0x0000000100000000, 0x0000000100000000)
 Metaspace       used 84797K, capacity 90239K, committed 90324K, reserved 1128448K
  class space    used 10351K, capacity 10739K, committed 10740K, reserved 1048576K
}
2017-08-01T06:54:50.647+0000: 29002.675: Total time for which application threads were stopped: 0.0258531 seconds, Stopping threads took: 0.0000585 seconds
2017-08-01T06:55:31.652+0000: 29043.679: Total time for which application threads were stopped: 0.0002853 seconds, Stopping threads took: 0.0000915 seconds
{Heap before GC invocations=359 (full 3):
 par new generation   total 153344K, used 142736K [0x0000000080000000, 0x000000008a660000, 0x000000008a660000)
  eden space 136320K, 100% used [0x0000000080000000, 0x0000000088520000, 0x0000000088520000)
  from space 17024K,  37% used [0x00000000895c0000, 0x0000000089c04078, 0x000000008a660000)
  to   space 17024K,   0% used [0x0000000088520000, 0x0000000088520000, 0x00000000895c0000)
 concurrent mark-sweep generation total 1926784K, used 347326K [0x000000008a660000, 0x0000000100000000, 0x0000000100000000)
 Metaspace       used 84797K, capacity 90239K, committed 90324K, reserved 1128448K
  class space    used 10351K, capacity 10739K, committed 10740K, reserved 1048576K
2017-08-01T06:56:30.929+0000: 29102.956: [GC (Allocation Failure) Before GC:
Statistics for BinaryTreeDictionary:
------------------------------------
Total Free Space: 202010274
Max   Chunk Size: 202010274
Number of Blocks: 1
Av.  Block  Size: 202010274
Tree      Height: 1
2017-08-01T06:56:30.929+0000: 29102.957: [ParNew
Desired survivor size 8716288 bytes, new threshold 6 (max 6)
- age   1:    1137352 bytes,    1137352 total
- age   2:     525816 bytes,    1663168 total
- age   3:     628216 bytes,    2291384 total
- age   4:     564056 bytes,    2855440 total
- age   5:     587232 bytes,    3442672 total
- age   6:     620312 bytes,    4062984 total
: 142736K->6271K(153344K), 0.0379808 secs] 490062K->354152K(2080128K)After GC:
Statistics for BinaryTreeDictionary:
------------------------------------
Total Free Space: 201936508
Max   Chunk Size: 201936508
Number of Blocks: 1
Av.  Block  Size: 201936508
Tree      Height: 1
, 0.0380868 secs] [Times: user=0.05 sys=0.00, real=0.04 secs] 
Heap after GC invocations=360 (full 3):
 par new generation   total 153344K, used 6271K [0x0000000080000000, 0x000000008a660000, 0x000000008a660000)
  eden space 136320K,   0% used [0x0000000080000000, 0x0000000080000000, 0x0000000088520000)
  from space 17024K,  36% used [0x0000000088520000, 0x0000000088b3ff88, 0x00000000895c0000)
  to   space 17024K,   0% used [0x00000000895c0000, 0x00000000895c0000, 0x000000008a660000)
 concurrent mark-sweep generation total 1926784K, used 347880K [0x000000008a660000, 0x0000000100000000, 0x0000000100000000)
 Metaspace       used 84797K, capacity 90239K, committed 90324K, reserved 1128448K
  class space    used 10351K, capacity 10739K, committed 10740K, reserved 1048576K
}
2017-08-01T06:56:30.967+0000: 29102.995: Total time for which application threads were stopped: 0.0383947 seconds, Stopping threads took: 0.0000583 seconds
{Heap before GC invocations=360 (full 3):
 par new generation   total 153344K, used 142591K [0x0000000080000000, 0x000000008a660000, 0x000000008a660000)
  eden space 136320K, 100% used [0x0000000080000000, 0x0000000088520000, 0x0000000088520000)
  from space 17024K,  36% used [0x0000000088520000, 0x0000000088b3ff88, 0x00000000895c0000)
  to   space 17024K,   0% used [0x00000000895c0000, 0x00000000895c0000, 0x000000008a660000)
 concurrent mark-sweep generation total 1926784K, used 347880K [0x000000008a660000, 0x0000000100000000, 0x0000000100000000)
 Metaspace       used 84797K, capacity 90239K, committed 90324K, reserved 1128448K
  class space    used 10351K, capacity 10739K, committed 10740K, reserved 1048576K
2017-08-01T06:58:06.194+0000: 29198.222: [GC (Allocation Failure) Before GC:
Statistics for BinaryTreeDictionary:
------------------------------------
Total Free Space: 201936508
Max   Chunk Size: 201936508
Number of Blocks: 1
Av.  Block  Size: 201936508
Tree      Height: 1
2017-08-01T06:58:06.194+0000: 29198.222: [ParNew
Desired survivor size 8716288 bytes, new threshold 6 (max 6)
- age   1:    1220792 bytes,    1220792 total
- age   2:     555464 bytes,    1776256 total
- age   3:     466400 bytes,    2242656 total
- age   4:     588208 bytes,    2830864 total
- age   5:     554256 bytes,    3385120 total
- age   6:     580088 bytes,    3965208 total
: 142591K->6025K(153344K), 0.0240013 secs] 490472K->354512K(2080128K)After GC:
Statistics for BinaryTreeDictionary:
------------------------------------
Total Free Space: 201860407
Max   Chunk Size: 201860407
Number of Blocks: 1
Av.  Block  Size: 201860407
Tree      Height: 1
, 0.0240917 secs] [Times: user=0.06 sys=0.00, real=0.02 secs] 
Heap after GC invocations=361 (full 3):
 par new generation   total 153344K, used 6025K [0x0000000080000000, 0x000000008a660000, 0x000000008a660000)
  eden space 136320K,   0% used [0x0000000080000000, 0x0000000080000000, 0x0000000088520000)
  from space 17024K,  35% used [0x00000000895c0000, 0x0000000089ba25e0, 0x000000008a660000)
  to   space 17024K,   0% used [0x0000000088520000, 0x0000000088520000, 0x00000000895c0000)
 concurrent mark-sweep generation total 1926784K, used 348487K [0x000000008a660000, 0x0000000100000000, 0x0000000100000000)
 Metaspace       used 84797K, capacity 90239K, committed 90324K, reserved 1128448K
  class space    used 10351K, capacity 10739K, committed 10740K, reserved 1048576K
}
2017-08-01T06:58:06.219+0000: 29198.246: Total time for which application threads were stopped: 0.0244009 seconds, Stopping threads took: 0.0000708 seconds
2017-08-01T06:58:31.222+0000: 29223.249: Total time for which application threads were stopped: 0.0002075 seconds, Stopping threads took: 0.0000657 seconds
2017-08-01T06:59:19.960+0000: 29271.987: Total time for which application threads were stopped: 0.0001743 seconds, Stopping threads took: 0.0000411 seconds
{Heap before GC invocations=361 (full 3):
 par new generation   total 153344K, used 142345K [0x0000000080000000, 0x000000008a660000, 0x000000008a660000)
  eden space 136320K, 100% used [0x0000000080000000, 0x0000000088520000, 0x0000000088520000)
  from space 17024K,  35% used [0x00000000895c0000, 0x0000000089ba25e0, 0x000000008a660000)
  to   space 17024K,   0% used [0x0000000088520000, 0x0000000088520000, 0x00000000895c0000)
 concurrent mark-sweep generation total 1926784K, used 348487K [0x000000008a660000, 0x0000000100000000, 0x0000000100000000)
 Metaspace       used 84797K, capacity 90239K, committed 90324K, reserved 1128448K
  class space    used 10351K, capacity 10739K, committed 10740K, reserved 1048576K
2017-08-01T06:59:37.598+0000: 29289.625: [GC (Allocation Failure) Before GC:
Statistics for BinaryTreeDictionary:
------------------------------------
Total Free Space: 201860407
Max   Chunk Size: 201860407
Number of Blocks: 1
Av.  Block  Size: 201860407
Tree      Height: 1
2017-08-01T06:59:37.598+0000: 29289.625: [ParNew
Desired survivor size 8716288 bytes, new threshold 6 (max 6)
- age   1:    1178656 bytes,    1178656 total
- age   2:     575368 bytes,    1754024 total
- age   3:     488264 bytes,    2242288 total
- age   4:     445360 bytes,    2687648 total
- age   5:     553096 bytes,    3240744 total
- age   6:     546144 bytes,    3786888 total
: 142345K->5856K(153344K), 0.0243488 secs] 490832K->354908K(2080128K)After GC:
Statistics for BinaryTreeDictionary:
------------------------------------
Total Free Space: 201787992
Max   Chunk Size: 201787992
Number of Blocks: 1
Av.  Block  Size: 201787992
Tree      Height: 1
, 0.0244359 secs] [Times: user=0.07 sys=0.00, real=0.03 secs] 
Heap after GC invocations=362 (full 3):
 par new generation   total 153344K, used 5856K [0x0000000080000000, 0x000000008a660000, 0x000000008a660000)
  eden space 136320K,   0% used [0x0000000080000000, 0x0000000080000000, 0x0000000088520000)
  from space 17024K,  34% used [0x0000000088520000, 0x0000000088ad8328, 0x00000000895c0000)
  to   space 17024K,   0% used [0x00000000895c0000, 0x00000000895c0000, 0x000000008a660000)
 concurrent mark-sweep generation total 1926784K, used 349051K [0x000000008a660000, 0x0000000100000000, 0x0000000100000000)
 Metaspace       used 84797K, capacity 90239K, committed 90324K, reserved 1128448K
  class space    used 10351K, capacity 10739K, committed 10740K, reserved 1048576K
}
2017-08-01T06:59:37.622+0000: 29289.650: Total time for which application threads were stopped: 0.0247299 seconds, Stopping threads took: 0.0000890 seconds
2017-08-01T07:00:24.635+0000: 29336.663: Total time for which application threads were stopped: 0.0001693 seconds, Stopping threads took: 0.0000412 seconds
2017-08-01T07:00:55.778+0000: 29367.806: Total time for which application threads were stopped: 0.0002089 seconds, Stopping threads took: 0.0000852 seconds
2017-08-01T07:00:55.779+0000: 29367.806: Total time for which application threads were stopped: 0.0000999 seconds, Stopping threads took: 0.0000370 seconds
2017-08-01T07:00:55.779+0000: 29367.806: Total time for which application threads were stopped: 0.0000742 seconds, Stopping threads took: 0.0000207 seconds
2017-08-01T07:00:55.779+0000: 29367.806: Total time for which application threads were stopped: 0.0000700 seconds, Stopping threads took: 0.0000182 seconds
2017-08-01T07:00:55.779+0000: 29367.807: Total time for which application threads were stopped: 0.0000725 seconds, Stopping threads took: 0.0000194 seconds
2017-08-01T07:00:55.779+0000: 29367.807: Total time for which application threads were stopped: 0.0001163 seconds, Stopping threads took: 0.0000457 seconds
2017-08-01T07:00:55.780+0000: 29367.808: Total time for which application threads were stopped: 0.0001367 seconds, Stopping threads took: 0.0000678 seconds
{Heap before GC invocations=362 (full 3):
 par new generation   total 153344K, used 142176K [0x0000000080000000, 0x000000008a660000, 0x000000008a660000)
  eden space 136320K, 100% used [0x0000000080000000, 0x0000000088520000, 0x0000000088520000)
  from space 17024K,  34% used [0x0000000088520000, 0x0000000088ad8328, 0x00000000895c0000)
  to   space 17024K,   0% used [0x00000000895c0000, 0x00000000895c0000, 0x000000008a660000)
 concurrent mark-sweep generation total 1926784K, used 349051K [0x000000008a660000, 0x0000000100000000, 0x0000000100000000)
 Metaspace       used 84798K, capacity 90239K, committed 90324K, reserved 1128448K
  class space    used 10351K, capacity 10739K, committed 10740K, reserved 1048576K
2017-08-01T07:01:18.375+0000: 29390.403: [GC (Allocation Failure) Before GC:
Statistics for BinaryTreeDictionary:
------------------------------------
Total Free Space: 201787992
Max   Chunk Size: 201787992
Number of Blocks: 1
Av.  Block  Size: 201787992
Tree      Height: 1
2017-08-01T07:01:18.375+0000: 29390.403: [ParNew
Desired survivor size 8716288 bytes, new threshold 6 (max 6)
- age   1:    1230808 bytes,    1230808 total
- age   2:     574744 bytes,    1805552 total
- age   3:     500264 bytes,    2305816 total
- age   4:     461504 bytes,    2767320 total
- age   5:     421016 bytes,    3188336 total
- age   6:     534784 bytes,    3723120 total
: 142176K->5620K(153344K), 0.0235975 secs] 491228K->355207K(2080128K)After GC:
Statistics for BinaryTreeDictionary:
------------------------------------
Total Free Space: 201718147
Max   Chunk Size: 201718147
Number of Blocks: 1
Av.  Block  Size: 201718147
Tree      Height: 1
, 0.0236927 secs] [Times: user=0.05 sys=0.00, real=0.02 secs] 
Heap after GC invocations=363 (full 3):
 par new generation   total 153344K, used 5620K [0x0000000080000000, 0x000000008a660000, 0x000000008a660000)
  eden space 136320K,   0% used [0x0000000080000000, 0x0000000080000000, 0x0000000088520000)
  from space 17024K,  33% used [0x00000000895c0000, 0x0000000089b3d370, 0x000000008a660000)
  to   space 17024K,   0% used [0x0000000088520000, 0x0000000088520000, 0x00000000895c0000)
 concurrent mark-sweep generation total 1926784K, used 349586K [0x000000008a660000, 0x0000000100000000, 0x0000000100000000)
 Metaspace       used 84798K, capacity 90239K, committed 90324K, reserved 1128448K
  class space    used 10351K, capacity 10739K, committed 10740K, reserved 1048576K
}
2017-08-01T07:01:18.399+0000: 29390.426: Total time for which application threads were stopped: 0.0239446 seconds, Stopping threads took: 0.0000522 seconds
2017-08-01T07:01:48.960+0000: 29420.988: Total time for which application threads were stopped: 0.0001993 seconds, Stopping threads took: 0.0000674 seconds
2017-08-01T07:01:48.990+0000: 29421.018: Total time for which application threads were stopped: 0.0001178 seconds, Stopping threads took: 0.0000306 seconds
2017-08-01T07:02:49.003+0000: 29481.030: Total time for which application threads were stopped: 0.0002046 seconds, Stopping threads took: 0.0000402 seconds
{Heap before GC invocations=363 (full 3):
 par new generation   total 153344K, used 141940K [0x0000000080000000, 0x000000008a660000, 0x000000008a660000)
  eden space 136320K, 100% used [0x0000000080000000, 0x0000000088520000, 0x0000000088520000)
  from space 17024K,  33% used [0x00000000895c0000, 0x0000000089b3d370, 0x000000008a660000)
  to   space 17024K,   0% used [0x0000000088520000, 0x0000000088520000, 0x00000000895c0000)
 concurrent mark-sweep generation total 1926784K, used 349586K [0x000000008a660000, 0x0000000100000000, 0x0000000100000000)
 Metaspace       used 84798K, capacity 90239K, committed 90324K, reserved 1128448K
  class space    used 10351K, capacity 10739K, committed 10740K, reserved 1048576K
2017-08-01T07:02:50.657+0000: 29482.684: [GC (Allocation Failure) Before GC:
Statistics for BinaryTreeDictionary:
------------------------------------
Total Free Space: 201718147
Max   Chunk Size: 201718147
Number of Blocks: 1
Av.  Block  Size: 201718147
Tree      Height: 1
2017-08-01T07:02:50.657+0000: 29482.684: [ParNew
Desired survivor size 8716288 bytes, new threshold 6 (max 6)
- age   1:    1163424 bytes,    1163424 total
- age   2:     620192 bytes,    1783616 total
- age   3:     514464 bytes,    2298080 total
- age   4:     478872 bytes,    2776952 total
- age   5:     437744 bytes,    3214696 total
- age   6:     406664 bytes,    3621360 total
: 141940K->5488K(153344K), 0.0238150 secs] 491527K->355597K(2080128K)After GC:
Statistics for BinaryTreeDictionary:
------------------------------------
Total Free Space: 201651713
Max   Chunk Size: 201651713
Number of Blocks: 1
Av.  Block  Size: 201651713
Tree      Height: 1
, 0.0239086 secs] [Times: user=0.06 sys=0.00, real=0.02 secs] 
Heap after GC invocations=364 (full 3):
 par new generation   total 153344K, used 5488K [0x0000000080000000, 0x000000008a660000, 0x000000008a660000)
  eden space 136320K,   0% used [0x0000000080000000, 0x0000000080000000, 0x0000000088520000)
  from space 17024K,  32% used [0x0000000088520000, 0x0000000088a7c338, 0x00000000895c0000)
  to   space 17024K,   0% used [0x00000000895c0000, 0x00000000895c0000, 0x000000008a660000)
 concurrent mark-sweep generation total 1926784K, used 350108K [0x000000008a660000, 0x0000000100000000, 0x0000000100000000)
 Metaspace       used 84798K, capacity 90239K, committed 90324K, reserved 1128448K
  class space    used 10351K, capacity 10739K, committed 10740K, reserved 1048576K
}
2017-08-01T07:02:50.680+0000: 29482.708: Total time for which application threads were stopped: 0.0241905 seconds, Stopping threads took: 0.0000476 seconds
2017-08-01T07:03:38.691+0000: 29530.719: Total time for which application threads were stopped: 0.0001750 seconds, Stopping threads took: 0.0000630 seconds
2017-08-01T07:03:49.026+0000: 29541.054: Total time for which application threads were stopped: 0.0001687 seconds, Stopping threads took: 0.0000397 seconds
2017-08-01T07:03:49.078+0000: 29541.106: Total time for which application threads were stopped: 0.0001881 seconds, Stopping threads took: 0.0000393 seconds
{Heap before GC invocations=364 (full 3):
 par new generation   total 153344K, used 141808K [0x0000000080000000, 0x000000008a660000, 0x000000008a660000)
  eden space 136320K, 100% used [0x0000000080000000, 0x0000000088520000, 0x0000000088520000)
  from space 17024K,  32% used [0x0000000088520000, 0x0000000088a7c338, 0x00000000895c0000)
  to   space 17024K,   0% used [0x00000000895c0000, 0x00000000895c0000, 0x000000008a660000)
 concurrent mark-sweep generation total 1926784K, used 350108K [0x000000008a660000, 0x0000000100000000, 0x0000000100000000)
 Metaspace       used 84798K, capacity 90239K, committed 90324K, reserved 1128448K
  class space    used 10351K, capacity 10739K, committed 10740K, reserved 1048576K
2017-08-01T07:04:30.927+0000: 29582.954: [GC (Allocation Failure) Before GC:
Statistics for BinaryTreeDictionary:
------------------------------------
Total Free Space: 201651713
Max   Chunk Size: 201651713
Number of Blocks: 1
Av.  Block  Size: 201651713
Tree      Height: 1
2017-08-01T07:04:30.927+0000: 29582.955: [ParNew
Desired survivor size 8716288 bytes, new threshold 6 (max 6)
- age   1:    1176104 bytes,    1176104 total
- age   2:     539976 bytes,    1716080 total
- age   3:     547496 bytes,    2263576 total
- age   4:     493600 bytes,    2757176 total
- age   5:     458848 bytes,    3216024 total
- age   6:     426480 bytes,    3642504 total
: 141808K->5346K(153344K), 0.0260135 secs] 491917K->355852K(2080128K)After GC:
Statistics for BinaryTreeDictionary:
------------------------------------
Total Free Space: 201599606
Max   Chunk Size: 201599606
Number of Blocks: 1
Av.  Block  Size: 201599606
Tree      Height: 1
, 0.0261330 secs] [Times: user=0.06 sys=0.00, real=0.03 secs] 
Heap after GC invocations=365 (full 3):
 par new generation   total 153344K, used 5346K [0x0000000080000000, 0x000000008a660000, 0x000000008a660000)
  eden space 136320K,   0% used [0x0000000080000000, 0x0000000080000000, 0x0000000088520000)
  from space 17024K,  31% used [0x00000000895c0000, 0x0000000089af8af0, 0x000000008a660000)
  to   space 17024K,   0% used [0x0000000088520000, 0x0000000088520000, 0x00000000895c0000)
 concurrent mark-sweep generation total 1926784K, used 350505K [0x000000008a660000, 0x0000000100000000, 0x0000000100000000)
 Metaspace       used 84798K, capacity 90239K, committed 90324K, reserved 1128448K
  class space    used 10351K, capacity 10739K, committed 10740K, reserved 1048576K
}
2017-08-01T07:04:30.953+0000: 29582.981: Total time for which application threads were stopped: 0.0264221 seconds, Stopping threads took: 0.0000387 seconds
2017-08-01T07:04:49.110+0000: 29601.138: Total time for which application threads were stopped: 0.0001981 seconds, Stopping threads took: 0.0000396 seconds
2017-08-01T07:05:49.120+0000: 29661.147: Total time for which application threads were stopped: 0.0002252 seconds, Stopping threads took: 0.0000590 seconds
{Heap before GC invocations=365 (full 3):
 par new generation   total 153344K, used 141666K [0x0000000080000000, 0x000000008a660000, 0x000000008a660000)
  eden space 136320K, 100% used [0x0000000080000000, 0x0000000088520000, 0x0000000088520000)
  from space 17024K,  31% used [0x00000000895c0000, 0x0000000089af8af0, 0x000000008a660000)
  to   space 17024K,   0% used [0x0000000088520000, 0x0000000088520000, 0x00000000895c0000)
 concurrent mark-sweep generation total 1926784K, used 350505K [0x000000008a660000, 0x0000000100000000, 0x0000000100000000)
 Metaspace       used 84798K, capacity 90239K, committed 90324K, reserved 1128448K
  class space    used 10351K, capacity 10739K, committed 10740K, reserved 1048576K
2017-08-01T07:06:06.203+0000: 29678.230: [GC (Allocation Failure) Before GC:
Statistics for BinaryTreeDictionary:
------------------------------------
Total Free Space: 201599606
Max   Chunk Size: 201599606
Number of Blocks: 1
Av.  Block  Size: 201599606
Tree      Height: 1
2017-08-01T07:06:06.203+0000: 29678.230: [ParNew
Desired survivor size 8716288 bytes, new threshold 6 (max 6)
- age   1:    1122208 bytes,    1122208 total
- age   2:     595208 bytes,    1717416 total
- age   3:     480376 bytes,    2197792 total
- age   4:     523928 bytes,    2721720 total
- age   5:     478584 bytes,    3200304 total
- age   6:     448016 bytes,    3648320 total
: 141666K->5332K(153344K), 0.0226282 secs] 492172K->356255K(2080128K)After GC:
Statistics for BinaryTreeDictionary:
------------------------------------
Total Free Space: 201548794
Max   Chunk Size: 201548794
Number of Blocks: 1
Av.  Block  Size: 201548794
Tree      Height: 1
, 0.0227117 secs] [Times: user=0.06 sys=0.00, real=0.02 secs] 
Heap after GC invocations=366 (full 3):
 par new generation   total 153344K, used 5332K [0x0000000080000000, 0x000000008a660000, 0x000000008a660000)
  eden space 136320K,   0% used [0x0000000080000000, 0x0000000080000000, 0x0000000088520000)
  from space 17024K,  31% used [0x0000000088520000, 0x0000000088a550f0, 0x00000000895c0000)
  to   space 17024K,   0% used [0x00000000895c0000, 0x00000000895c0000, 0x000000008a660000)
 concurrent mark-sweep generation total 1926784K, used 350923K [0x000000008a660000, 0x0000000100000000, 0x0000000100000000)
 Metaspace       used 84798K, capacity 90239K, committed 90324K, reserved 1128448K
  class space    used 10351K, capacity 10739K, committed 10740K, reserved 1048576K
}
2017-08-01T07:06:06.225+0000: 29678.253: Total time for which application threads were stopped: 0.0229944 seconds, Stopping threads took: 0.0000589 seconds
2017-08-01T07:06:49.160+0000: 29721.188: Total time for which application threads were stopped: 0.0002063 seconds, Stopping threads took: 0.0000430 seconds
2017-08-01T07:06:49.175+0000: 29721.203: Total time for which application threads were stopped: 0.0001781 seconds, Stopping threads took: 0.0000364 seconds
2017-08-01T07:07:17.185+0000: 29749.212: Total time for which application threads were stopped: 0.0001804 seconds, Stopping threads took: 0.0000460 seconds
2017-08-01T07:07:18.185+0000: 29750.213: Total time for which application threads were stopped: 0.0001621 seconds, Stopping threads took: 0.0000473 seconds
2017-08-01T07:07:24.186+0000: 29756.213: Total time for which application threads were stopped: 0.0001725 seconds, Stopping threads took: 0.0000422 seconds
{Heap before GC invocations=366 (full 3):
 par new generation   total 153344K, used 141652K [0x0000000080000000, 0x000000008a660000, 0x000000008a660000)
  eden space 136320K, 100% used [0x0000000080000000, 0x0000000088520000, 0x0000000088520000)
  from space 17024K,  31% used [0x0000000088520000, 0x0000000088a550f0, 0x00000000895c0000)
  to   space 17024K,   0% used [0x00000000895c0000, 0x00000000895c0000, 0x000000008a660000)
 concurrent mark-sweep generation total 1926784K, used 350923K [0x000000008a660000, 0x0000000100000000, 0x0000000100000000)
 Metaspace       used 84798K, capacity 90239K, committed 90324K, reserved 1128448K
  class space    used 10351K, capacity 10739K, committed 10740K, reserved 1048576K
2017-08-01T07:07:40.540+0000: 29772.568: [GC (Allocation Failure) Before GC:
Statistics for BinaryTreeDictionary:
------------------------------------
Total Free Space: 201548794
Max   Chunk Size: 201548794
Number of Blocks: 1
Av.  Block  Size: 201548794
Tree      Height: 1
2017-08-01T07:07:40.540+0000: 29772.568: [ParNew
Desired survivor size 8716288 bytes, new threshold 6 (max 6)
- age   1:    1173672 bytes,    1173672 total
- age   2:     519208 bytes,    1692880 total
- age   3:     530632 bytes,    2223512 total
- age   4:     459600 bytes,    2683112 total
- age   5:     507328 bytes,    3190440 total
- age   6:     468416 bytes,    3658856 total
: 141652K->5335K(153344K), 0.0226260 secs] 492575K->356698K(2080128K)After GC:
Statistics for BinaryTreeDictionary:
------------------------------------
Total Free Space: 201491492
Max   Chunk Size: 201491492
Number of Blocks: 1
Av.  Block  Size: 201491492
Tree      Height: 1
, 0.0227406 secs] [Times: user=0.05 sys=0.00, real=0.03 secs] 
Heap after GC invocations=367 (full 3):
 par new generation   total 153344K, used 5335K [0x0000000080000000, 0x000000008a660000, 0x000000008a660000)
  eden space 136320K,   0% used [0x0000000080000000, 0x0000000080000000, 0x0000000088520000)
  from space 17024K,  31% used [0x00000000895c0000, 0x0000000089af5f30, 0x000000008a660000)
  to   space 17024K,   0% used [0x0000000088520000, 0x0000000088520000, 0x00000000895c0000)
 concurrent mark-sweep generation total 1926784K, used 351362K [0x000000008a660000, 0x0000000100000000, 0x0000000100000000)
 Metaspace       used 84798K, capacity 90239K, committed 90324K, reserved 1128448K
  class space    used 10351K, capacity 10739K, committed 10740K, reserved 1048576K
}
2017-08-01T07:07:40.563+0000: 29772.591: Total time for which application threads were stopped: 0.0229908 seconds, Stopping threads took: 0.0000408 seconds
{Heap before GC invocations=367 (full 3):
 par new generation   total 153344K, used 141655K [0x0000000080000000, 0x000000008a660000, 0x000000008a660000)
  eden space 136320K, 100% used [0x0000000080000000, 0x0000000088520000, 0x0000000088520000)
  from space 17024K,  31% used [0x00000000895c0000, 0x0000000089af5f30, 0x000000008a660000)
  to   space 17024K,   0% used [0x0000000088520000, 0x0000000088520000, 0x00000000895c0000)
 concurrent mark-sweep generation total 1926784K, used 351362K [0x000000008a660000, 0x0000000100000000, 0x0000000100000000)
 Metaspace       used 84798K, capacity 90239K, committed 90324K, reserved 1128448K
  class space    used 10351K, capacity 10739K, committed 10740K, reserved 1048576K
2017-08-01T07:09:26.325+0000: 29878.353: [GC (Allocation Failure) Before GC:
Statistics for BinaryTreeDictionary:
------------------------------------
Total Free Space: 201491492
Max   Chunk Size: 201491492
Number of Blocks: 1
Av.  Block  Size: 201491492
Tree      Height: 1
2017-08-01T07:09:26.325+0000: 29878.353: [ParNew
Desired survivor size 8716288 bytes, new threshold 6 (max 6)
- age   1:    1136520 bytes,    1136520 total
- age   2:     553016 bytes,    1689536 total
- age   3:     449112 bytes,    2138648 total
- age   4:     509120 bytes,    2647768 total
- age   5:     443224 bytes,    3090992 total
- age   6:     494240 bytes,    3585232 total
: 141655K->5350K(153344K), 0.0227928 secs] 493018K->357172K(2080128K)After GC:
Statistics for BinaryTreeDictionary:
------------------------------------
Total Free Space: 201433209
Max   Chunk Size: 201433209
Number of Blocks: 1
Av.  Block  Size: 201433209
Tree      Height: 1
, 0.0228932 secs] [Times: user=0.06 sys=0.00, real=0.02 secs] 
Heap after GC invocations=368 (full 3):
 par new generation   total 153344K, used 5350K [0x0000000080000000, 0x000000008a660000, 0x000000008a660000)
  eden space 136320K,   0% used [0x0000000080000000, 0x0000000080000000, 0x0000000088520000)
  from space 17024K,  31% used [0x0000000088520000, 0x0000000088a59850, 0x00000000895c0000)
  to   space 17024K,   0% used [0x00000000895c0000, 0x00000000895c0000, 0x000000008a660000)
 concurrent mark-sweep generation total 1926784K, used 351822K [0x000000008a660000, 0x0000000100000000, 0x0000000100000000)
 Metaspace       used 84798K, capacity 90239K, committed 90324K, reserved 1128448K
  class space    used 10351K, capacity 10739K, committed 10740K, reserved 1048576K
}
2017-08-01T07:09:26.348+0000: 29878.376: Total time for which application threads were stopped: 0.0231939 seconds, Stopping threads took: 0.0000956 seconds
{Heap before GC invocations=368 (full 3):
 par new generation   total 153344K, used 141670K [0x0000000080000000, 0x000000008a660000, 0x000000008a660000)
  eden space 136320K, 100% used [0x0000000080000000, 0x0000000088520000, 0x0000000088520000)
  from space 17024K,  31% used [0x0000000088520000, 0x0000000088a59850, 0x00000000895c0000)
  to   space 17024K,   0% used [0x00000000895c0000, 0x00000000895c0000, 0x000000008a660000)
 concurrent mark-sweep generation total 1926784K, used 351822K [0x000000008a660000, 0x0000000100000000, 0x0000000100000000)
 Metaspace       used 84798K, capacity 90239K, committed 90324K, reserved 1128448K
  class space    used 10351K, capacity 10739K, committed 10740K, reserved 1048576K
2017-08-01T07:11:01.560+0000: 29973.588: [GC (Allocation Failure) Before GC:
Statistics for BinaryTreeDictionary:
------------------------------------
Total Free Space: 201433209
Max   Chunk Size: 201433209
Number of Blocks: 1
Av.  Block  Size: 201433209
Tree      Height: 1
2017-08-01T07:11:01.560+0000: 29973.588: [ParNew
Desired survivor size 8716288 bytes, new threshold 6 (max 6)
- age   1:    1188728 bytes,    1188728 total
- age   2:     544432 bytes,    1733160 total
- age   3:     499152 bytes,    2232312 total
- age   4:     427520 bytes,    2659832 total
- age   5:     492464 bytes,    3152296 total
- age   6:     431560 bytes,    3583856 total
: 141670K->5269K(153344K), 0.0232985 secs] 493492K->357575K(2080128K)After GC:
Statistics for BinaryTreeDictionary:
------------------------------------
Total Free Space: 201373946
Max   Chunk Size: 201373946
Number of Blocks: 1
Av.  Block  Size: 201373946
Tree      Height: 1
, 0.0234004 secs] [Times: user=0.05 sys=0.00, real=0.03 secs] 
Heap after GC invocations=369 (full 3):
 par new generation   total 153344K, used 5269K [0x0000000080000000, 0x000000008a660000, 0x000000008a660000)
  eden space 136320K,   0% used [0x0000000080000000, 0x0000000080000000, 0x0000000088520000)
  from space 17024K,  30% used [0x00000000895c0000, 0x0000000089ae5438, 0x000000008a660000)
  to   space 17024K,   0% used [0x0000000088520000, 0x0000000088520000, 0x00000000895c0000)
 concurrent mark-sweep generation total 1926784K, used 352306K [0x000000008a660000, 0x0000000100000000, 0x0000000100000000)
 Metaspace       used 84798K, capacity 90239K, committed 90324K, reserved 1128448K
  class space    used 10351K, capacity 10739K, committed 10740K, reserved 1048576K
}
2017-08-01T07:11:01.584+0000: 29973.611: Total time for which application threads were stopped: 0.0236864 seconds, Stopping threads took: 0.0000708 seconds
{Heap before GC invocations=369 (full 3):
 par new generation   total 153344K, used 141589K [0x0000000080000000, 0x000000008a660000, 0x000000008a660000)
  eden space 136320K, 100% used [0x0000000080000000, 0x0000000088520000, 0x0000000088520000)
  from space 17024K,  30% used [0x00000000895c0000, 0x0000000089ae5438, 0x000000008a660000)
  to   space 17024K,   0% used [0x0000000088520000, 0x0000000088520000, 0x00000000895c0000)
 concurrent mark-sweep generation total 1926784K, used 352306K [0x000000008a660000, 0x0000000100000000, 0x0000000100000000)
 Metaspace       used 84798K, capacity 90239K, committed 90324K, reserved 1128448K
  class space    used 10351K, capacity 10739K, committed 10740K, reserved 1048576K
2017-08-01T07:12:35.753+0000: 30067.780: [GC (Allocation Failure) Before GC:
Statistics for BinaryTreeDictionary:
------------------------------------
Total Free Space: 201373946
Max   Chunk Size: 201373946
Number of Blocks: 1
Av.  Block  Size: 201373946
Tree      Height: 1
2017-08-01T07:12:35.753+0000: 30067.780: [ParNew
Desired survivor size 8716288 bytes, new threshold 6 (max 6)
- age   1:    1185640 bytes,    1185640 total
- age   2:     568688 bytes,    1754328 total
- age   3:     484168 bytes,    2238496 total
- age   4:     483600 bytes,    2722096 total
- age   5:     410240 bytes,    3132336 total
- age   6:     480792 bytes,    3613128 total
: 141589K->5249K(153344K), 0.0229499 secs] 493895K->357977K(2080128K)After GC:
Statistics for BinaryTreeDictionary:
------------------------------------
Total Free Space: 201319606
Max   Chunk Size: 201319606
Number of Blocks: 1
Av.  Block  Size: 201319606
Tree      Height: 1
, 0.0230374 secs] [Times: user=0.06 sys=0.00, real=0.02 secs] 
Heap after GC invocations=370 (full 3):
 par new generation   total 153344K, used 5249K [0x0000000080000000, 0x000000008a660000, 0x000000008a660000)
  eden space 136320K,   0% used [0x0000000080000000, 0x0000000080000000, 0x0000000088520000)
  from space 17024K,  30% used [0x0000000088520000, 0x0000000088a40448, 0x00000000895c0000)
  to   space 17024K,   0% used [0x00000000895c0000, 0x00000000895c0000, 0x000000008a660000)
 concurrent mark-sweep generation total 1926784K, used 352727K [0x000000008a660000, 0x0000000100000000, 0x0000000100000000)
 Metaspace       used 84798K, capacity 90239K, committed 90324K, reserved 1128448K
  class space    used 10351K, capacity 10739K, committed 10740K, reserved 1048576K
}
2017-08-01T07:12:35.776+0000: 30067.804: Total time for which application threads were stopped: 0.0233061 seconds, Stopping threads took: 0.0000632 seconds
{Heap before GC invocations=370 (full 3):
 par new generation   total 153344K, used 141569K [0x0000000080000000, 0x000000008a660000, 0x000000008a660000)
  eden space 136320K, 100% used [0x0000000080000000, 0x0000000088520000, 0x0000000088520000)
  from space 17024K,  30% used [0x0000000088520000, 0x0000000088a40448, 0x00000000895c0000)
  to   space 17024K,   0% used [0x00000000895c0000, 0x00000000895c0000, 0x000000008a660000)
 concurrent mark-sweep generation total 1926784K, used 352727K [0x000000008a660000, 0x0000000100000000, 0x0000000100000000)
 Metaspace       used 84798K, capacity 90239K, committed 90324K, reserved 1128448K
  class space    used 10351K, capacity 10739K, committed 10740K, reserved 1048576K
2017-08-01T07:14:19.425+0000: 30171.453: [GC (Allocation Failure) Before GC:
Statistics for BinaryTreeDictionary:
------------------------------------
Total Free Space: 201319606
Max   Chunk Size: 201319606
Number of Blocks: 1
Av.  Block  Size: 201319606
Tree      Height: 1
2017-08-01T07:14:19.425+0000: 30171.453: [ParNew
Desired survivor size 8716288 bytes, new threshold 6 (max 6)
- age   1:    1271296 bytes,    1271296 total
- age   2:     646816 bytes,    1918112 total
- age   3:     516920 bytes,    2435032 total
- age   4:     460744 bytes,    2895776 total
- age   5:     466792 bytes,    3362568 total
- age   6:     400320 bytes,    3762888 total
: 141569K->5277K(153344K), 0.0240340 secs] 494297K->358477K(2080128K)After GC:
Statistics for BinaryTreeDictionary:
------------------------------------
Total Free Space: 201258637
Max   Chunk Size: 201258637
Number of Blocks: 1
Av.  Block  Size: 201258637
Tree      Height: 1
, 0.0241192 secs] [Times: user=0.06 sys=0.00, real=0.02 secs] 
Heap after GC invocations=371 (full 3):
 par new generation   total 153344K, used 5277K [0x0000000080000000, 0x000000008a660000, 0x000000008a660000)
  eden space 136320K,   0% used [0x0000000080000000, 0x0000000080000000, 0x0000000088520000)
  from space 17024K,  31% used [0x00000000895c0000, 0x0000000089ae77e0, 0x000000008a660000)
  to   space 17024K,   0% used [0x0000000088520000, 0x0000000088520000, 0x00000000895c0000)
 concurrent mark-sweep generation total 1926784K, used 353199K [0x000000008a660000, 0x0000000100000000, 0x0000000100000000)
 Metaspace       used 84798K, capacity 90239K, committed 90324K, reserved 1128448K
  class space    used 10351K, capacity 10739K, committed 10740K, reserved 1048576K
}
2017-08-01T07:14:19.449+0000: 30171.477: Total time for which application threads were stopped: 0.0244013 seconds, Stopping threads took: 0.0000738 seconds
2017-08-01T07:14:27.451+0000: 30179.478: Total time for which application threads were stopped: 0.0001761 seconds, Stopping threads took: 0.0000428 seconds
2017-08-01T07:14:42.453+0000: 30194.480: Total time for which application threads were stopped: 0.0007045 seconds, Stopping threads took: 0.0005781 seconds
{Heap before GC invocations=371 (full 3):
 par new generation   total 153344K, used 141597K [0x0000000080000000, 0x000000008a660000, 0x000000008a660000)
  eden space 136320K, 100% used [0x0000000080000000, 0x0000000088520000, 0x0000000088520000)
  from space 17024K,  31% used [0x00000000895c0000, 0x0000000089ae77e0, 0x000000008a660000)
  to   space 17024K,   0% used [0x0000000088520000, 0x0000000088520000, 0x00000000895c0000)
 concurrent mark-sweep generation total 1926784K, used 353199K [0x000000008a660000, 0x0000000100000000, 0x0000000100000000)
 Metaspace       used 84798K, capacity 90239K, committed 90324K, reserved 1128448K
  class space    used 10351K, capacity 10739K, committed 10740K, reserved 1048576K
2017-08-01T07:15:54.991+0000: 30267.019: [GC (Allocation Failure) Before GC:
Statistics for BinaryTreeDictionary:
------------------------------------
Total Free Space: 201258637
Max   Chunk Size: 201258637
Number of Blocks: 1
Av.  Block  Size: 201258637
Tree      Height: 1
2017-08-01T07:15:54.991+0000: 30267.019: [ParNew
Desired survivor size 8716288 bytes, new threshold 6 (max 6)
- age   1:    1185640 bytes,    1185640 total
- age   2:     710936 bytes,    1896576 total
- age   3:     596736 bytes,    2493312 total
- age   4:     500200 bytes,    2993512 total
- age   5:     442896 bytes,    3436408 total
- age   6:     457976 bytes,    3894384 total
: 141597K->5446K(153344K), 0.0231165 secs] 494797K->359039K(2080128K)After GC:
Statistics for BinaryTreeDictionary:
------------------------------------
Total Free Space: 201205590
Max   Chunk Size: 201205590
Number of Blocks: 1
Av.  Block  Size: 201205590
Tree      Height: 1
, 0.0232082 secs] [Times: user=0.06 sys=0.00, real=0.02 secs] 
Heap after GC invocations=372 (full 3):
 par new generation   total 153344K, used 5446K [0x0000000080000000, 0x000000008a660000, 0x000000008a660000)
  eden space 136320K,   0% used [0x0000000080000000, 0x0000000080000000, 0x0000000088520000)
  from space 17024K,  31% used [0x0000000088520000, 0x0000000088a71a60, 0x00000000895c0000)
  to   space 17024K,   0% used [0x00000000895c0000, 0x00000000895c0000, 0x000000008a660000)
 concurrent mark-sweep generation total 1926784K, used 353593K [0x000000008a660000, 0x0000000100000000, 0x0000000100000000)
 Metaspace       used 84798K, capacity 90239K, committed 90324K, reserved 1128448K
  class space    used 10351K, capacity 10739K, committed 10740K, reserved 1048576K
}
2017-08-01T07:15:55.014+0000: 30267.042: Total time for which application threads were stopped: 0.0234925 seconds, Stopping threads took: 0.0000724 seconds
{Heap before GC invocations=372 (full 3):
 par new generation   total 153344K, used 141766K [0x0000000080000000, 0x000000008a660000, 0x000000008a660000)
  eden space 136320K, 100% used [0x0000000080000000, 0x0000000088520000, 0x0000000088520000)
  from space 17024K,  31% used [0x0000000088520000, 0x0000000088a71a60, 0x00000000895c0000)
  to   space 17024K,   0% used [0x00000000895c0000, 0x00000000895c0000, 0x000000008a660000)
 concurrent mark-sweep generation total 1926784K, used 353593K [0x000000008a660000, 0x0000000100000000, 0x0000000100000000)
 Metaspace       used 84798K, capacity 90239K, committed 90324K, reserved 1128448K
  class space    used 10351K, capacity 10739K, committed 10740K, reserved 1048576K
2017-08-01T07:17:30.951+0000: 30362.979: [GC (Allocation Failure) Before GC:
Statistics for BinaryTreeDictionary:
------------------------------------
Total Free Space: 201205590
Max   Chunk Size: 201205590
Number of Blocks: 1
Av.  Block  Size: 201205590
Tree      Height: 1
2017-08-01T07:17:30.951+0000: 30362.979: [ParNew
Desired survivor size 8716288 bytes, new threshold 6 (max 6)
- age   1:    1212656 bytes,    1212656 total
- age   2:     644048 bytes,    1856704 total
- age   3:     653656 bytes,    2510360 total
- age   4:     578272 bytes,    3088632 total
- age   5:     482992 bytes,    3571624 total
- age   6:     430344 bytes,    4001968 total
: 141766K->7508K(153344K), 0.0228139 secs] 495359K->361548K(2080128K)After GC:
Statistics for BinaryTreeDictionary:
------------------------------------
Total Free Space: 201151162
Max   Chunk Size: 201151162
Number of Blocks: 1
Av.  Block  Size: 201151162
Tree      Height: 1
, 0.0229034 secs] [Times: user=0.06 sys=0.00, real=0.02 secs] 
Heap after GC invocations=373 (full 3):
 par new generation   total 153344K, used 7508K [0x0000000080000000, 0x000000008a660000, 0x000000008a660000)
  eden space 136320K,   0% used [0x0000000080000000, 0x0000000080000000, 0x0000000088520000)
  from space 17024K,  44% used [0x00000000895c0000, 0x0000000089d151e0, 0x000000008a660000)
  to   space 17024K,   0% used [0x0000000088520000, 0x0000000088520000, 0x00000000895c0000)
 concurrent mark-sweep generation total 1926784K, used 354039K [0x000000008a660000, 0x0000000100000000, 0x0000000100000000)
 Metaspace       used 84798K, capacity 90239K, committed 90324K, reserved 1128448K
  class space    used 10351K, capacity 10739K, committed 10740K, reserved 1048576K
}
2017-08-01T07:17:30.974+0000: 30363.002: Total time for which application threads were stopped: 0.0396105 seconds, Stopping threads took: 0.0164794 seconds
{Heap before GC invocations=373 (full 3):
 par new generation   total 153344K, used 143828K [0x0000000080000000, 0x000000008a660000, 0x000000008a660000)
  eden space 136320K, 100% used [0x0000000080000000, 0x0000000088520000, 0x0000000088520000)
  from space 17024K,  44% used [0x00000000895c0000, 0x0000000089d151e0, 0x000000008a660000)
  to   space 17024K,   0% used [0x0000000088520000, 0x0000000088520000, 0x00000000895c0000)
 concurrent mark-sweep generation total 1926784K, used 354039K [0x000000008a660000, 0x0000000100000000, 0x0000000100000000)
 Metaspace       used 84798K, capacity 90239K, committed 90324K, reserved 1128448K
  class space    used 10351K, capacity 10739K, committed 10740K, reserved 1048576K
2017-08-01T07:19:11.186+0000: 30463.213: [GC (Allocation Failure) Before GC:
Statistics for BinaryTreeDictionary:
------------------------------------
Total Free Space: 201151162
Max   Chunk Size: 201151162
Number of Blocks: 1
Av.  Block  Size: 201151162
Tree      Height: 1
2017-08-01T07:19:11.186+0000: 30463.213: [ParNew
Desired survivor size 8716288 bytes, new threshold 6 (max 6)
- age   1:    1296328 bytes,    1296328 total
- age   2:     677944 bytes,    1974272 total
- age   3:     588656 bytes,    2562928 total
- age   4:     633624 bytes,    3196552 total
- age   5:     561480 bytes,    3758032 total
- age   6:     469944 bytes,    4227976 total
: 143828K->6007K(153344K), 0.0252166 secs] 497868K->360468K(2080128K)After GC:
Statistics for BinaryTreeDictionary:
------------------------------------
Total Free Space: 201092792
Max   Chunk Size: 201092792
Number of Blocks: 1
Av.  Block  Size: 201092792
Tree      Height: 1
, 0.0252996 secs] [Times: user=0.06 sys=0.00, real=0.03 secs] 
Heap after GC invocations=374 (full 3):
 par new generation   total 153344K, used 6007K [0x0000000080000000, 0x000000008a660000, 0x000000008a660000)
  eden space 136320K,   0% used [0x0000000080000000, 0x0000000080000000, 0x0000000088520000)
  from space 17024K,  35% used [0x0000000088520000, 0x0000000088afdda8, 0x00000000895c0000)
  to   space 17024K,   0% used [0x00000000895c0000, 0x00000000895c0000, 0x000000008a660000)
 concurrent mark-sweep generation total 1926784K, used 354461K [0x000000008a660000, 0x0000000100000000, 0x0000000100000000)
 Metaspace       used 84798K, capacity 90239K, committed 90324K, reserved 1128448K
  class space    used 10351K, capacity 10739K, committed 10740K, reserved 1048576K
}
2017-08-01T07:19:11.211+0000: 30463.239: Total time for which application threads were stopped: 0.0255962 seconds, Stopping threads took: 0.0000971 seconds
{Heap before GC invocations=374 (full 3):
 par new generation   total 153344K, used 142327K [0x0000000080000000, 0x000000008a660000, 0x000000008a660000)
  eden space 136320K, 100% used [0x0000000080000000, 0x0000000088520000, 0x0000000088520000)
  from space 17024K,  35% used [0x0000000088520000, 0x0000000088afdda8, 0x00000000895c0000)
  to   space 17024K,   0% used [0x00000000895c0000, 0x00000000895c0000, 0x000000008a660000)
 concurrent mark-sweep generation total 1926784K, used 354461K [0x000000008a660000, 0x0000000100000000, 0x0000000100000000)
 Metaspace       used 84798K, capacity 90239K, committed 90324K, reserved 1128448K
  class space    used 10351K, capacity 10739K, committed 10740K, reserved 1048576K
2017-08-01T07:20:48.755+0000: 30560.783: [GC (Allocation Failure) Before GC:
Statistics for BinaryTreeDictionary:
------------------------------------
Total Free Space: 201092792
Max   Chunk Size: 201092792
Number of Blocks: 1
Av.  Block  Size: 201092792
Tree      Height: 1
2017-08-01T07:20:48.755+0000: 30560.783: [ParNew
Desired survivor size 8716288 bytes, new threshold 6 (max 6)
- age   1:    1134656 bytes,    1134656 total
- age   2:     715296 bytes,    1849952 total
- age   3:     629496 bytes,    2479448 total
- age   4:     572280 bytes,    3051728 total
- age   5:     617880 bytes,    3669608 total
- age   6:     553008 bytes,    4222616 total
: 142327K->7383K(153344K), 0.0239032 secs] 496788K->362304K(2080128K)After GC:
Statistics for BinaryTreeDictionary:
------------------------------------
Total Free Space: 201035431
Max   Chunk Size: 201035431
Number of Blocks: 1
Av.  Block  Size: 201035431
Tree      Height: 1
, 0.0239971 secs] [Times: user=0.06 sys=0.00, real=0.02 secs] 
Heap after GC invocations=375 (full 3):
 par new generation   total 153344K, used 7383K [0x0000000080000000, 0x000000008a660000, 0x000000008a660000)
  eden space 136320K,   0% used [0x0000000080000000, 0x0000000080000000, 0x0000000088520000)
  from space 17024K,  43% used [0x00000000895c0000, 0x0000000089cf5fe8, 0x000000008a660000)
  to   space 17024K,   0% used [0x0000000088520000, 0x0000000088520000, 0x00000000895c0000)
 concurrent mark-sweep generation total 1926784K, used 354920K [0x000000008a660000, 0x0000000100000000, 0x0000000100000000)
 Metaspace       used 84798K, capacity 90239K, committed 90324K, reserved 1128448K
  class space    used 10351K, capacity 10739K, committed 10740K, reserved 1048576K
}
2017-08-01T07:20:48.779+0000: 30560.807: Total time for which application threads were stopped: 0.0243311 seconds, Stopping threads took: 0.0001032 seconds
2017-08-01T07:22:20.790+0000: 30652.817: Total time for which application threads were stopped: 0.0002127 seconds, Stopping threads took: 0.0000782 seconds
{Heap before GC invocations=375 (full 3):
 par new generation   total 153344K, used 143703K [0x0000000080000000, 0x000000008a660000, 0x000000008a660000)
  eden space 136320K, 100% used [0x0000000080000000, 0x0000000088520000, 0x0000000088520000)
  from space 17024K,  43% used [0x00000000895c0000, 0x0000000089cf5fe8, 0x000000008a660000)
  to   space 17024K,   0% used [0x0000000088520000, 0x0000000088520000, 0x00000000895c0000)
 concurrent mark-sweep generation total 1926784K, used 354920K [0x000000008a660000, 0x0000000100000000, 0x0000000100000000)
 Metaspace       used 84800K, capacity 90239K, committed 90324K, reserved 1128448K
  class space    used 10351K, capacity 10739K, committed 10740K, reserved 1048576K
2017-08-01T07:22:27.666+0000: 30659.694: [GC (Allocation Failure) Before GC:
Statistics for BinaryTreeDictionary:
------------------------------------
Total Free Space: 201035431
Max   Chunk Size: 201035431
Number of Blocks: 1
Av.  Block  Size: 201035431
Tree      Height: 1
2017-08-01T07:22:27.666+0000: 30659.694: [ParNew
Desired survivor size 8716288 bytes, new threshold 6 (max 6)
- age   1:    1334896 bytes,    1334896 total
- age   2:     620232 bytes,    1955128 total
- age   3:     650064 bytes,    2605192 total
- age   4:     607160 bytes,    3212352 total
- age   5:     554560 bytes,    3766912 total
- age   6:     605320 bytes,    4372232 total
: 143703K->4938K(153344K), 0.0242929 secs] 498624K->360397K(2080128K)After GC:
Statistics for BinaryTreeDictionary:
------------------------------------
Total Free Space: 200969166
Max   Chunk Size: 200969166
Number of Blocks: 1
Av.  Block  Size: 200969166
Tree      Height: 1
, 0.0243847 secs] [Times: user=0.06 sys=0.00, real=0.02 secs] 
