Java HotSpot(TM) 64-Bit Server VM (25.141-b15) for linux-amd64 JRE (1.8.0_141-b15), built on Jul 12 2017 04:21:34 by "java_re" with gcc 4.3.0 20080428 (Red Hat 4.3.0-8)
Memory: 4k page, physical 3688652k(2299368k free), swap 0k(0k free)
CommandLine flags: -XX:+CMSClassUnloadingEnabled -XX:CMSInitiatingOccupancyFraction=70 -XX:+CMSParallelRemarkEnabled -XX:CMSWaitDuration=5000 -XX:GCLogFileSize=10485760 -XX:InitialHeapSize=2147483648 -XX:+ManagementServer -XX:MaxHeapSize=2147483648 -XX:MaxNewSize=174485504 -XX:MaxTenuringThreshold=6 -XX:NewSize=174485504 -XX:NumberOfGCLogFiles=10 -XX:OldPLABSize=16 -XX:OldSize=348971008 -XX:PrintFLSStatistics=1 -XX:+PrintGC -XX:+PrintGCApplicationStoppedTime -XX:+PrintGCDateStamps -XX:+PrintGCDetails -XX:+PrintGCTimeStamps -XX:+PrintHeapAtGC -XX:+PrintPromotionFailure -XX:+PrintTenuringDistribution -XX:+UseCMSInitiatingOccupancyOnly -XX:+UseCompressedClassPointers -XX:+UseCompressedOops -XX:+UseConcMarkSweepGC -XX:+UseGCLogFileRotation -XX:+UseParNewGC 
2017-07-31T22:50:48.689+0000: 0.262: Total time for which application threads were stopped: 0.0001150 seconds, Stopping threads took: 0.0000231 seconds
2017-07-31T22:50:48.778+0000: 0.351: Total time for which application threads were stopped: 0.0001630 seconds, Stopping threads took: 0.0000339 seconds
2017-07-31T22:50:48.788+0000: 0.361: Total time for which application threads were stopped: 0.0000982 seconds, Stopping threads took: 0.0000233 seconds
2017-07-31T22:50:48.800+0000: 0.373: Total time for which application threads were stopped: 0.0001014 seconds, Stopping threads took: 0.0000277 seconds
2017-07-31T22:50:48.846+0000: 0.419: Total time for which application threads were stopped: 0.0001260 seconds, Stopping threads took: 0.0000264 seconds
2017-07-31T22:50:49.002+0000: 0.575: Total time for which application threads were stopped: 0.0001866 seconds, Stopping threads took: 0.0000337 seconds
2017-07-31T22:50:49.256+0000: 0.830: Total time for which application threads were stopped: 0.0002421 seconds, Stopping threads took: 0.0000384 seconds
2017-07-31T22:50:49.475+0000: 1.048: Total time for which application threads were stopped: 0.0002589 seconds, Stopping threads took: 0.0000376 seconds
2017-07-31T22:50:49.715+0000: 1.288: Total time for which application threads were stopped: 0.0002529 seconds, Stopping threads took: 0.0000395 seconds
2017-07-31T22:50:50.331+0000: 1.904: Total time for which application threads were stopped: 0.0002080 seconds, Stopping threads took: 0.0000409 seconds
2017-07-31T22:50:50.350+0000: 1.923: Total time for which application threads were stopped: 0.0001078 seconds, Stopping threads took: 0.0000383 seconds
2017-07-31T22:50:50.438+0000: 2.011: Total time for which application threads were stopped: 0.0001442 seconds, Stopping threads took: 0.0000503 seconds
2017-07-31T22:50:50.594+0000: 2.167: Total time for which application threads were stopped: 0.0001839 seconds, Stopping threads took: 0.0000397 seconds
2017-07-31T22:50:50.601+0000: 2.174: Total time for which application threads were stopped: 0.0001637 seconds, Stopping threads took: 0.0001181 seconds
2017-07-31T22:50:50.640+0000: 2.213: Total time for which application threads were stopped: 0.0001048 seconds, Stopping threads took: 0.0000387 seconds
2017-07-31T22:50:50.672+0000: 2.245: Total time for which application threads were stopped: 0.0001786 seconds, Stopping threads took: 0.0000185 seconds
2017-07-31T22:50:50.673+0000: 2.246: Total time for which application threads were stopped: 0.0000443 seconds, Stopping threads took: 0.0000211 seconds
{Heap before GC invocations=0 (full 0):
 par new generation   total 153344K, used 136320K [0x0000000080000000, 0x000000008a660000, 0x000000008a660000)
  eden space 136320K, 100% used [0x0000000080000000, 0x0000000088520000, 0x0000000088520000)
  from space 17024K,   0% used [0x0000000088520000, 0x0000000088520000, 0x00000000895c0000)
  to   space 17024K,   0% used [0x00000000895c0000, 0x00000000895c0000, 0x000000008a660000)
 concurrent mark-sweep generation total 1926784K, used 0K [0x000000008a660000, 0x0000000100000000, 0x0000000100000000)
 Metaspace       used 22237K, capacity 22582K, committed 22880K, reserved 1069056K
  class space    used 2923K, capacity 3008K, committed 3072K, reserved 1048576K
2017-07-31T22:50:50.674+0000: 2.247: [GC (Allocation Failure) Before GC:
Statistics for BinaryTreeDictionary:
------------------------------------
Total Free Space: 246628352
Max   Chunk Size: 246628352
Number of Blocks: 1
Av.  Block  Size: 246628352
Tree      Height: 1
2017-07-31T22:50:50.674+0000: 2.247: [ParNew
Desired survivor size 8716288 bytes, new threshold 1 (max 6)
- age   1:   17350552 bytes,   17350552 total
: 136320K->17023K(153344K), 0.0351896 secs] 136320K->24270K(2080128K)After GC:
Statistics for BinaryTreeDictionary:
------------------------------------
Total Free Space: 245630592
Max   Chunk Size: 245630592
Number of Blocks: 1
Av.  Block  Size: 245630592
Tree      Height: 1
, 0.0352525 secs] [Times: user=0.05 sys=0.01, real=0.03 secs] 
Heap after GC invocations=1 (full 0):
 par new generation   total 153344K, used 17023K [0x0000000080000000, 0x000000008a660000, 0x000000008a660000)
  eden space 136320K,   0% used [0x0000000080000000, 0x0000000080000000, 0x0000000088520000)
  from space 17024K,  99% used [0x00000000895c0000, 0x000000008a65fff8, 0x000000008a660000)
  to   space 17024K,   0% used [0x0000000088520000, 0x0000000088520000, 0x00000000895c0000)
 concurrent mark-sweep generation total 1926784K, used 7246K [0x000000008a660000, 0x0000000100000000, 0x0000000100000000)
 Metaspace       used 22237K, capacity 22582K, committed 22880K, reserved 1069056K
  class space    used 2923K, capacity 3008K, committed 3072K, reserved 1048576K
}
2017-07-31T22:50:50.709+0000: 2.282: Total time for which application threads were stopped: 0.0354012 seconds, Stopping threads took: 0.0000243 seconds
2017-07-31T22:50:50.731+0000: 2.304: [GC (CMS Initial Mark) [1 CMS-initial-mark: 7246K(1926784K)] 26841K(2080128K), 0.0109488 secs] [Times: user=0.02 sys=0.00, real=0.01 secs] 
2017-07-31T22:50:50.742+0000: 2.315: Total time for which application threads were stopped: 0.0111074 seconds, Stopping threads took: 0.0000513 seconds
2017-07-31T22:50:50.742+0000: 2.315: [CMS-concurrent-mark-start]
2017-07-31T22:50:50.754+0000: 2.327: [CMS-concurrent-mark: 0.012/0.012 secs] [Times: user=0.02 sys=0.00, real=0.02 secs] 
2017-07-31T22:50:50.754+0000: 2.327: [CMS-concurrent-preclean-start]
2017-07-31T22:50:50.765+0000: 2.338: [CMS-concurrent-preclean: 0.011/0.011 secs] [Times: user=0.02 sys=0.00, real=0.01 secs] 
2017-07-31T22:50:50.765+0000: 2.338: [CMS-concurrent-abortable-preclean-start]
2017-07-31T22:50:51.015+0000: 2.588: Total time for which application threads were stopped: 0.0001836 seconds, Stopping threads took: 0.0000382 seconds
2017-07-31T22:50:51.025+0000: 2.598: Total time for which application threads were stopped: 0.0000662 seconds, Stopping threads took: 0.0000310 seconds
2017-07-31T22:50:51.160+0000: 2.733: Total time for which application threads were stopped: 0.0001266 seconds, Stopping threads took: 0.0000424 seconds
2017-07-31T22:50:51.178+0000: 2.751: Total time for which application threads were stopped: 0.0001373 seconds, Stopping threads took: 0.0000438 seconds
2017-07-31T22:50:51.208+0000: 2.781: Total time for which application threads were stopped: 0.0002871 seconds, Stopping threads took: 0.0001700 seconds
2017-07-31T22:50:51.312+0000: 2.885: Total time for which application threads were stopped: 0.0001620 seconds, Stopping threads took: 0.0000369 seconds
2017-07-31T22:50:51.471+0000: 3.045: Total time for which application threads were stopped: 0.0005006 seconds, Stopping threads took: 0.0003871 seconds
2017-07-31T22:50:51.658+0000: 3.232: Total time for which application threads were stopped: 0.0001590 seconds, Stopping threads took: 0.0000439 seconds
2017-07-31T22:50:51.658+0000: 3.232: [CMS-concurrent-abortable-preclean: 0.699/0.894 secs] [Times: user=1.78 sys=0.01, real=0.89 secs] 
2017-07-31T22:50:51.670+0000: 3.244: [GC (CMS Final Remark) [YG occupancy: 110667 K (153344 K)]2017-07-31T22:50:51.670+0000: 3.244: [Rescan (parallel) , 0.0981745 secs]2017-07-31T22:50:51.769+0000: 3.342: [weak refs processing, 0.0000298 secs]2017-07-31T22:50:51.769+0000: 3.342: [class unloading, 0.0048036 secs]2017-07-31T22:50:51.774+0000: 3.347: [scrub symbol table, 0.0024456 secs]2017-07-31T22:50:51.776+0000: 3.349: [scrub string table, 0.0004632 secs][1 CMS-remark: 7246K(1926784K)] 117913K(2080128K), 0.1071372 secs] [Times: user=0.21 sys=0.00, real=0.11 secs] 
2017-07-31T22:50:51.778+0000: 3.351: Total time for which application threads were stopped: 0.1072801 seconds, Stopping threads took: 0.0000501 seconds
2017-07-31T22:50:51.796+0000: 3.369: [CMS-concurrent-sweep-start]
CMS: Large Block: 0x000000008adfcc00; Proximity: 0x0000000000000000 -> 0x000000008ade9418
CMS: Large block 0x000000008a85bea8
2017-07-31T22:50:51.797+0000: 3.370: [CMS-concurrent-sweep: 0.001/0.001 secs] [Times: user=0.00 sys=0.00, real=0.00 secs] 
2017-07-31T22:50:51.797+0000: 3.370: [CMS-concurrent-reset-start]
2017-07-31T22:50:51.805+0000: 3.378: [CMS-concurrent-reset: 0.008/0.008 secs] [Times: user=0.01 sys=0.01, real=0.01 secs] 
{Heap before GC invocations=1 (full 1):
 par new generation   total 153344K, used 153343K [0x0000000080000000, 0x000000008a660000, 0x000000008a660000)
  eden space 136320K, 100% used [0x0000000080000000, 0x0000000088520000, 0x0000000088520000)
  from space 17024K,  99% used [0x00000000895c0000, 0x000000008a65fff8, 0x000000008a660000)
  to   space 17024K,   0% used [0x0000000088520000, 0x0000000088520000, 0x00000000895c0000)
 concurrent mark-sweep generation total 1926784K, used 1499K [0x000000008a660000, 0x0000000100000000, 0x0000000100000000)
 Metaspace       used 24415K, capacity 24957K, committed 25128K, reserved 1071104K
  class space    used 3178K, capacity 3283K, committed 3300K, reserved 1048576K
2017-07-31T22:50:52.061+0000: 3.634: [GC (Allocation Failure) Before GC:
Statistics for BinaryTreeDictionary:
------------------------------------
Total Free Space: 246378660
Max   Chunk Size: 246368299
Number of Blocks: 18
Av.  Block  Size: 13687703
Tree      Height: 9
2017-07-31T22:50:52.061+0000: 3.634: [ParNew
Desired survivor size 8716288 bytes, new threshold 1 (max 6)
- age   1:   13649296 bytes,   13649296 total
: 153343K->17024K(153344K), 0.1701765 secs] 154843K->37070K(2080128K)After GC:
Statistics for BinaryTreeDictionary:
------------------------------------
Total Free Space: 243664451
Max   Chunk Size: 243664451
Number of Blocks: 1
Av.  Block  Size: 243664451
Tree      Height: 1
, 0.1702684 secs] [Times: user=0.33 sys=0.01, real=0.17 secs] 
Heap after GC invocations=2 (full 1):
 par new generation   total 153344K, used 17024K [0x0000000080000000, 0x000000008a660000, 0x000000008a660000)
  eden space 136320K,   0% used [0x0000000080000000, 0x0000000080000000, 0x0000000088520000)
  from space 17024K, 100% used [0x0000000088520000, 0x00000000895c0000, 0x00000000895c0000)
  to   space 17024K,   0% used [0x00000000895c0000, 0x00000000895c0000, 0x000000008a660000)
 concurrent mark-sweep generation total 1926784K, used 20046K [0x000000008a660000, 0x0000000100000000, 0x0000000100000000)
 Metaspace       used 24415K, capacity 24957K, committed 25128K, reserved 1071104K
  class space    used 3178K, capacity 3283K, committed 3300K, reserved 1048576K
}
2017-07-31T22:50:52.231+0000: 3.804: Total time for which application threads were stopped: 0.1715745 seconds, Stopping threads took: 0.0010911 seconds
2017-07-31T22:50:52.885+0000: 4.459: Total time for which application threads were stopped: 0.0012538 seconds, Stopping threads took: 0.0008576 seconds
2017-07-31T22:50:53.173+0000: 4.746: Total time for which application threads were stopped: 0.0004532 seconds, Stopping threads took: 0.0000436 seconds
{Heap before GC invocations=2 (full 1):
 par new generation   total 153344K, used 153344K [0x0000000080000000, 0x000000008a660000, 0x000000008a660000)
  eden space 136320K, 100% used [0x0000000080000000, 0x0000000088520000, 0x0000000088520000)
  from space 17024K, 100% used [0x0000000088520000, 0x00000000895c0000, 0x00000000895c0000)
  to   space 17024K,   0% used [0x00000000895c0000, 0x00000000895c0000, 0x000000008a660000)
 concurrent mark-sweep generation total 1926784K, used 20046K [0x000000008a660000, 0x0000000100000000, 0x0000000100000000)
 Metaspace       used 26577K, capacity 27395K, committed 27740K, reserved 1073152K
  class space    used 3466K, capacity 3557K, committed 3684K, reserved 1048576K
2017-07-31T22:50:53.428+0000: 5.001: [GC (Allocation Failure) Before GC:
Statistics for BinaryTreeDictionary:
------------------------------------
Total Free Space: 243664451
Max   Chunk Size: 243664451
Number of Blocks: 1
Av.  Block  Size: 243664451
Tree      Height: 1
2017-07-31T22:50:53.428+0000: 5.001: [ParNew
Desired survivor size 8716288 bytes, new threshold 1 (max 6)
- age   1:   10949272 bytes,   10949272 total
: 153344K->15227K(153344K), 0.0870914 secs] 173390K->49960K(2080128K)After GC:
Statistics for BinaryTreeDictionary:
------------------------------------
Total Free Space: 241722053
Max   Chunk Size: 241722053
Number of Blocks: 1
Av.  Block  Size: 241722053
Tree      Height: 1
, 0.0871998 secs] [Times: user=0.16 sys=0.00, real=0.09 secs] 
Heap after GC invocations=3 (full 1):
 par new generation   total 153344K, used 15227K [0x0000000080000000, 0x000000008a660000, 0x000000008a660000)
  eden space 136320K,   0% used [0x0000000080000000, 0x0000000080000000, 0x0000000088520000)
  from space 17024K,  89% used [0x00000000895c0000, 0x000000008a49ed00, 0x000000008a660000)
  to   space 17024K,   0% used [0x0000000088520000, 0x0000000088520000, 0x00000000895c0000)
 concurrent mark-sweep generation total 1926784K, used 34733K [0x000000008a660000, 0x0000000100000000, 0x0000000100000000)
 Metaspace       used 26577K, capacity 27395K, committed 27740K, reserved 1073152K
  class space    used 3466K, capacity 3557K, committed 3684K, reserved 1048576K
}
2017-07-31T22:50:53.515+0000: 5.089: Total time for which application threads were stopped: 0.0883992 seconds, Stopping threads took: 0.0009962 seconds
2017-07-31T22:50:53.661+0000: 5.235: Total time for which application threads were stopped: 0.0004247 seconds, Stopping threads took: 0.0002774 seconds
2017-07-31T22:50:53.693+0000: 5.266: Total time for which application threads were stopped: 0.0018996 seconds, Stopping threads took: 0.0017350 seconds
2017-07-31T22:50:53.693+0000: 5.267: Total time for which application threads were stopped: 0.0000936 seconds, Stopping threads took: 0.0000274 seconds
2017-07-31T22:50:53.693+0000: 5.267: Total time for which application threads were stopped: 0.0000888 seconds, Stopping threads took: 0.0000257 seconds
2017-07-31T22:50:53.694+0000: 5.267: Total time for which application threads were stopped: 0.0000837 seconds, Stopping threads took: 0.0000229 seconds
2017-07-31T22:50:53.695+0000: 5.268: Total time for which application threads were stopped: 0.0000988 seconds, Stopping threads took: 0.0000288 seconds
2017-07-31T22:50:53.695+0000: 5.269: Total time for which application threads were stopped: 0.0000931 seconds, Stopping threads took: 0.0000231 seconds
2017-07-31T22:50:53.697+0000: 5.270: Total time for which application threads were stopped: 0.0000987 seconds, Stopping threads took: 0.0000291 seconds
2017-07-31T22:50:53.697+0000: 5.270: Total time for which application threads were stopped: 0.0000878 seconds, Stopping threads took: 0.0000259 seconds
2017-07-31T22:50:53.697+0000: 5.270: Total time for which application threads were stopped: 0.0000991 seconds, Stopping threads took: 0.0000253 seconds
2017-07-31T22:50:53.697+0000: 5.270: Total time for which application threads were stopped: 0.0000853 seconds, Stopping threads took: 0.0000248 seconds
2017-07-31T22:50:53.701+0000: 5.275: Total time for which application threads were stopped: 0.0001624 seconds, Stopping threads took: 0.0001028 seconds
2017-07-31T22:50:53.702+0000: 5.275: Total time for which application threads were stopped: 0.0001024 seconds, Stopping threads took: 0.0000493 seconds
2017-07-31T22:50:53.723+0000: 5.296: Total time for which application threads were stopped: 0.0003857 seconds, Stopping threads took: 0.0002830 seconds
2017-07-31T22:50:53.727+0000: 5.300: Total time for which application threads were stopped: 0.0001318 seconds, Stopping threads took: 0.0000586 seconds
2017-07-31T22:50:53.727+0000: 5.301: Total time for which application threads were stopped: 0.0001073 seconds, Stopping threads took: 0.0000480 seconds
2017-07-31T22:50:53.734+0000: 5.307: Total time for which application threads were stopped: 0.0001316 seconds, Stopping threads took: 0.0000440 seconds
2017-07-31T22:50:53.736+0000: 5.309: Total time for which application threads were stopped: 0.0001495 seconds, Stopping threads took: 0.0000783 seconds
2017-07-31T22:50:53.737+0000: 5.310: Total time for which application threads were stopped: 0.0001247 seconds, Stopping threads took: 0.0000313 seconds
2017-07-31T22:50:53.739+0000: 5.313: Total time for which application threads were stopped: 0.0001324 seconds, Stopping threads took: 0.0000311 seconds
2017-07-31T22:50:53.742+0000: 5.315: Total time for which application threads were stopped: 0.0001156 seconds, Stopping threads took: 0.0000315 seconds
2017-07-31T22:50:53.747+0000: 5.321: Total time for which application threads were stopped: 0.0001264 seconds, Stopping threads took: 0.0000349 seconds
2017-07-31T22:50:53.747+0000: 5.321: Total time for which application threads were stopped: 0.0001051 seconds, Stopping threads took: 0.0000275 seconds
2017-07-31T22:50:53.780+0000: 5.353: Total time for which application threads were stopped: 0.0001494 seconds, Stopping threads took: 0.0000390 seconds
2017-07-31T22:50:53.780+0000: 5.353: Total time for which application threads were stopped: 0.0000895 seconds, Stopping threads took: 0.0000250 seconds
2017-07-31T22:50:53.827+0000: 5.400: Total time for which application threads were stopped: 0.0001560 seconds, Stopping threads took: 0.0000375 seconds
2017-07-31T22:50:53.846+0000: 5.420: Total time for which application threads were stopped: 0.0002018 seconds, Stopping threads took: 0.0000407 seconds
2017-07-31T22:50:53.898+0000: 5.471: Total time for which application threads were stopped: 0.0002656 seconds, Stopping threads took: 0.0001874 seconds
2017-07-31T22:50:53.905+0000: 5.478: Total time for which application threads were stopped: 0.0000954 seconds, Stopping threads took: 0.0000317 seconds
2017-07-31T22:50:53.910+0000: 5.483: Total time for which application threads were stopped: 0.0000873 seconds, Stopping threads took: 0.0000313 seconds
2017-07-31T22:50:53.919+0000: 5.492: Total time for which application threads were stopped: 0.0001531 seconds, Stopping threads took: 0.0000495 seconds
2017-07-31T22:50:53.921+0000: 5.494: Total time for which application threads were stopped: 0.0001094 seconds, Stopping threads took: 0.0000303 seconds
2017-07-31T22:50:53.924+0000: 5.498: Total time for which application threads were stopped: 0.0001112 seconds, Stopping threads took: 0.0000310 seconds
2017-07-31T22:50:53.925+0000: 5.499: Total time for which application threads were stopped: 0.0001025 seconds, Stopping threads took: 0.0000304 seconds
2017-07-31T22:50:53.925+0000: 5.499: Total time for which application threads were stopped: 0.0000912 seconds, Stopping threads took: 0.0000253 seconds
2017-07-31T22:50:53.927+0000: 5.500: Total time for which application threads were stopped: 0.0001022 seconds, Stopping threads took: 0.0000295 seconds
2017-07-31T22:50:53.927+0000: 5.500: Total time for which application threads were stopped: 0.0000878 seconds, Stopping threads took: 0.0000258 seconds
2017-07-31T22:50:53.930+0000: 5.503: Total time for which application threads were stopped: 0.0002009 seconds, Stopping threads took: 0.0000276 seconds
2017-07-31T22:50:53.930+0000: 5.504: Total time for which application threads were stopped: 0.0000817 seconds, Stopping threads took: 0.0000238 seconds
2017-07-31T22:50:53.938+0000: 5.511: Total time for which application threads were stopped: 0.0001059 seconds, Stopping threads took: 0.0000311 seconds
2017-07-31T22:50:53.939+0000: 5.513: Total time for which application threads were stopped: 0.0001030 seconds, Stopping threads took: 0.0000302 seconds
2017-07-31T22:50:53.980+0000: 5.553: Total time for which application threads were stopped: 0.0001476 seconds, Stopping threads took: 0.0000446 seconds
2017-07-31T22:50:54.066+0000: 5.639: Total time for which application threads were stopped: 0.0104223 seconds, Stopping threads took: 0.0103166 seconds
2017-07-31T22:50:54.093+0000: 5.666: Total time for which application threads were stopped: 0.0001474 seconds, Stopping threads took: 0.0000456 seconds
2017-07-31T22:50:54.097+0000: 5.670: Total time for which application threads were stopped: 0.0001043 seconds, Stopping threads took: 0.0000308 seconds
2017-07-31T22:50:54.153+0000: 5.726: Total time for which application threads were stopped: 0.0010626 seconds, Stopping threads took: 0.0009396 seconds
2017-07-31T22:50:54.161+0000: 5.734: Total time for which application threads were stopped: 0.0001463 seconds, Stopping threads took: 0.0000393 seconds
2017-07-31T22:50:54.164+0000: 5.737: Total time for which application threads were stopped: 0.0001101 seconds, Stopping threads took: 0.0000287 seconds
2017-07-31T22:50:54.164+0000: 5.737: Total time for which application threads were stopped: 0.0001119 seconds, Stopping threads took: 0.0000243 seconds
2017-07-31T22:50:54.164+0000: 5.737: Total time for which application threads were stopped: 0.0000884 seconds, Stopping threads took: 0.0000257 seconds
2017-07-31T22:50:54.164+0000: 5.738: Total time for which application threads were stopped: 0.0000807 seconds, Stopping threads took: 0.0000237 seconds
2017-07-31T22:50:54.170+0000: 5.743: Total time for which application threads were stopped: 0.0001000 seconds, Stopping threads took: 0.0000316 seconds
2017-07-31T22:50:54.174+0000: 5.747: Total time for which application threads were stopped: 0.0001074 seconds, Stopping threads took: 0.0000324 seconds
2017-07-31T22:50:54.223+0000: 5.796: Total time for which application threads were stopped: 0.0003849 seconds, Stopping threads took: 0.0000410 seconds
{Heap before GC invocations=3 (full 1):
 par new generation   total 153344K, used 151547K [0x0000000080000000, 0x000000008a660000, 0x000000008a660000)
  eden space 136320K, 100% used [0x0000000080000000, 0x0000000088520000, 0x0000000088520000)
  from space 17024K,  89% used [0x00000000895c0000, 0x000000008a49ed00, 0x000000008a660000)
  to   space 17024K,   0% used [0x0000000088520000, 0x0000000088520000, 0x00000000895c0000)
 concurrent mark-sweep generation total 1926784K, used 34733K [0x000000008a660000, 0x0000000100000000, 0x0000000100000000)
 Metaspace       used 28372K, capacity 29413K, committed 29660K, reserved 1075200K
  class space    used 3690K, capacity 3808K, committed 3812K, reserved 1048576K
2017-07-31T22:50:54.458+0000: 6.032: [GC (Allocation Failure) Before GC:
Statistics for BinaryTreeDictionary:
------------------------------------
Total Free Space: 241722053
Max   Chunk Size: 241722053
Number of Blocks: 1
Av.  Block  Size: 241722053
Tree      Height: 1
2017-07-31T22:50:54.458+0000: 6.032: [ParNew
Desired survivor size 8716288 bytes, new threshold 1 (max 6)
- age   1:   14661128 bytes,   14661128 total
: 151547K->17023K(153344K), 0.0525542 secs] 186280K->60949K(2080128K)After GC:
Statistics for BinaryTreeDictionary:
------------------------------------
Total Free Space: 240632335
Max   Chunk Size: 240632335
Number of Blocks: 1
Av.  Block  Size: 240632335
Tree      Height: 1
, 0.0526286 secs] [Times: user=0.10 sys=0.00, real=0.05 secs] 
Heap after GC invocations=4 (full 1):
 par new generation   total 153344K, used 17023K [0x0000000080000000, 0x000000008a660000, 0x000000008a660000)
  eden space 136320K,   0% used [0x0000000080000000, 0x0000000080000000, 0x0000000088520000)
  from space 17024K,  99% used [0x0000000088520000, 0x00000000895bfff8, 0x00000000895c0000)
  to   space 17024K,   0% used [0x00000000895c0000, 0x00000000895c0000, 0x000000008a660000)
 concurrent mark-sweep generation total 1926784K, used 43925K [0x000000008a660000, 0x0000000100000000, 0x0000000100000000)
 Metaspace       used 28372K, capacity 29413K, committed 29660K, reserved 1075200K
  class space    used 3690K, capacity 3808K, committed 3812K, reserved 1048576K
}
2017-07-31T22:50:54.511+0000: 6.084: Total time for which application threads were stopped: 0.0528322 seconds, Stopping threads took: 0.0000411 seconds
2017-07-31T22:50:54.542+0000: 6.115: Total time for which application threads were stopped: 0.0001165 seconds, Stopping threads took: 0.0000417 seconds
2017-07-31T22:50:54.790+0000: 6.364: Total time for which application threads were stopped: 0.0002329 seconds, Stopping threads took: 0.0000451 seconds
2017-07-31T22:50:55.084+0000: 6.657: Total time for which application threads were stopped: 0.0001667 seconds, Stopping threads took: 0.0000458 seconds
2017-07-31T22:50:55.086+0000: 6.659: Total time for which application threads were stopped: 0.0000719 seconds, Stopping threads took: 0.0000306 seconds
{Heap before GC invocations=4 (full 1):
 par new generation   total 153344K, used 153343K [0x0000000080000000, 0x000000008a660000, 0x000000008a660000)
  eden space 136320K, 100% used [0x0000000080000000, 0x0000000088520000, 0x0000000088520000)
  from space 17024K,  99% used [0x0000000088520000, 0x00000000895bfff8, 0x00000000895c0000)
  to   space 17024K,   0% used [0x00000000895c0000, 0x00000000895c0000, 0x000000008a660000)
 concurrent mark-sweep generation total 1926784K, used 43925K [0x000000008a660000, 0x0000000100000000, 0x0000000100000000)
 Metaspace       used 29616K, capacity 30917K, committed 31196K, reserved 1077248K
  class space    used 3857K, capacity 4014K, committed 4068K, reserved 1048576K
2017-07-31T22:50:55.209+0000: 6.782: [GC (Allocation Failure) Before GC:
Statistics for BinaryTreeDictionary:
------------------------------------
Total Free Space: 240632335
Max   Chunk Size: 240632335
Number of Blocks: 1
Av.  Block  Size: 240632335
Tree      Height: 1
2017-07-31T22:50:55.209+0000: 6.782: [ParNew
Desired survivor size 8716288 bytes, new threshold 1 (max 6)
- age   1:   17432424 bytes,   17432424 total
: 153343K->17024K(153344K), 0.0821001 secs] 197269K->82899K(2080128K)After GC:
Statistics for BinaryTreeDictionary:
------------------------------------
Total Free Space: 237706964
Max   Chunk Size: 237706964
Number of Blocks: 1
Av.  Block  Size: 237706964
Tree      Height: 1
, 0.0821897 secs] [Times: user=0.15 sys=0.00, real=0.08 secs] 
Heap after GC invocations=5 (full 1):
 par new generation   total 153344K, used 17024K [0x0000000080000000, 0x000000008a660000, 0x000000008a660000)
  eden space 136320K,   0% used [0x0000000080000000, 0x0000000080000000, 0x0000000088520000)
  from space 17024K, 100% used [0x00000000895c0000, 0x000000008a660000, 0x000000008a660000)
  to   space 17024K,   0% used [0x0000000088520000, 0x0000000088520000, 0x00000000895c0000)
 concurrent mark-sweep generation total 1926784K, used 65875K [0x000000008a660000, 0x0000000100000000, 0x0000000100000000)
 Metaspace       used 29616K, capacity 30917K, committed 31196K, reserved 1077248K
  class space    used 3857K, capacity 4014K, committed 4068K, reserved 1048576K
}
2017-07-31T22:50:55.291+0000: 6.864: Total time for which application threads were stopped: 0.0823985 seconds, Stopping threads took: 0.0000406 seconds
2017-07-31T22:50:55.574+0000: 7.147: Total time for which application threads were stopped: 0.0002754 seconds, Stopping threads took: 0.0000449 seconds
2017-07-31T22:50:55.673+0000: 7.246: Total time for which application threads were stopped: 0.0001490 seconds, Stopping threads took: 0.0000467 seconds
{Heap before GC invocations=5 (full 1):
 par new generation   total 153344K, used 153344K [0x0000000080000000, 0x000000008a660000, 0x000000008a660000)
  eden space 136320K, 100% used [0x0000000080000000, 0x0000000088520000, 0x0000000088520000)
  from space 17024K, 100% used [0x00000000895c0000, 0x000000008a660000, 0x000000008a660000)
  to   space 17024K,   0% used [0x0000000088520000, 0x0000000088520000, 0x00000000895c0000)
 concurrent mark-sweep generation total 1926784K, used 65875K [0x000000008a660000, 0x0000000100000000, 0x0000000100000000)
 Metaspace       used 31481K, capacity 33153K, committed 33244K, reserved 1079296K
  class space    used 4147K, capacity 4290K, committed 4324K, reserved 1048576K
2017-07-31T22:50:56.157+0000: 7.730: [GC (Allocation Failure) Before GC:
Statistics for BinaryTreeDictionary:
------------------------------------
Total Free Space: 237706964
Max   Chunk Size: 237706964
Number of Blocks: 1
Av.  Block  Size: 237706964
Tree      Height: 1
2017-07-31T22:50:56.157+0000: 7.730: [ParNew
Desired survivor size 8716288 bytes, new threshold 1 (max 6)
- age   1:    9673888 bytes,    9673888 total
: 153344K->17023K(153344K), 0.1013825 secs] 219219K->98611K(2080128K)After GC:
Statistics for BinaryTreeDictionary:
------------------------------------
Total Free Space: 235663329
Max   Chunk Size: 235663329
Number of Blocks: 1
Av.  Block  Size: 235663329
Tree      Height: 1
, 0.1014891 secs] [Times: user=0.20 sys=0.00, real=0.10 secs] 
Heap after GC invocations=6 (full 1):
 par new generation   total 153344K, used 17023K [0x0000000080000000, 0x000000008a660000, 0x000000008a660000)
  eden space 136320K,   0% used [0x0000000080000000, 0x0000000080000000, 0x0000000088520000)
  from space 17024K,  99% used [0x0000000088520000, 0x00000000895bfff0, 0x00000000895c0000)
  to   space 17024K,   0% used [0x00000000895c0000, 0x00000000895c0000, 0x000000008a660000)
 concurrent mark-sweep generation total 1926784K, used 81587K [0x000000008a660000, 0x0000000100000000, 0x0000000100000000)
 Metaspace       used 31481K, capacity 33153K, committed 33244K, reserved 1079296K
  class space    used 4147K, capacity 4290K, committed 4324K, reserved 1048576K
}
2017-07-31T22:50:56.258+0000: 7.832: Total time for which application threads were stopped: 0.1017558 seconds, Stopping threads took: 0.0000460 seconds
2017-07-31T22:50:56.424+0000: 7.997: Total time for which application threads were stopped: 0.0027497 seconds, Stopping threads took: 0.0026255 seconds
2017-07-31T22:50:56.427+0000: 8.000: Total time for which application threads were stopped: 0.0001159 seconds, Stopping threads took: 0.0000326 seconds
2017-07-31T22:50:56.427+0000: 8.001: Total time for which application threads were stopped: 0.0000990 seconds, Stopping threads took: 0.0000283 seconds
2017-07-31T22:50:56.434+0000: 8.008: Total time for which application threads were stopped: 0.0001284 seconds, Stopping threads took: 0.0000380 seconds
2017-07-31T22:50:56.452+0000: 8.025: Total time for which application threads were stopped: 0.0009468 seconds, Stopping threads took: 0.0008502 seconds
2017-07-31T22:50:56.456+0000: 8.029: Total time for which application threads were stopped: 0.0001048 seconds, Stopping threads took: 0.0000329 seconds
2017-07-31T22:50:56.456+0000: 8.029: Total time for which application threads were stopped: 0.0000804 seconds, Stopping threads took: 0.0000233 seconds
2017-07-31T22:50:56.555+0000: 8.128: Total time for which application threads were stopped: 0.0001106 seconds, Stopping threads took: 0.0000403 seconds
2017-07-31T22:50:56.555+0000: 8.129: Total time for which application threads were stopped: 0.0000595 seconds, Stopping threads took: 0.0000256 seconds
2017-07-31T22:50:56.560+0000: 8.133: Total time for which application threads were stopped: 0.0003042 seconds, Stopping threads took: 0.0002480 seconds
2017-07-31T22:50:56.571+0000: 8.145: Total time for which application threads were stopped: 0.0004674 seconds, Stopping threads took: 0.0000576 seconds
2017-07-31T22:50:56.620+0000: 8.193: Total time for which application threads were stopped: 0.0004317 seconds, Stopping threads took: 0.0003502 seconds
2017-07-31T22:50:56.620+0000: 8.194: Total time for which application threads were stopped: 0.0001053 seconds, Stopping threads took: 0.0000691 seconds
2017-07-31T22:50:56.624+0000: 8.197: Total time for which application threads were stopped: 0.0005739 seconds, Stopping threads took: 0.0005372 seconds
2017-07-31T22:50:56.624+0000: 8.197: Total time for which application threads were stopped: 0.0000827 seconds, Stopping threads took: 0.0000508 seconds
2017-07-31T22:50:56.624+0000: 8.198: Total time for which application threads were stopped: 0.0000652 seconds, Stopping threads took: 0.0000298 seconds
2017-07-31T22:50:56.625+0000: 8.199: Total time for which application threads were stopped: 0.0000848 seconds, Stopping threads took: 0.0000473 seconds
2017-07-31T22:50:56.626+0000: 8.199: Total time for which application threads were stopped: 0.0000506 seconds, Stopping threads took: 0.0000265 seconds
2017-07-31T22:50:56.626+0000: 8.200: Total time for which application threads were stopped: 0.0000911 seconds, Stopping threads took: 0.0000405 seconds
2017-07-31T22:50:56.627+0000: 8.200: Total time for which application threads were stopped: 0.0000687 seconds, Stopping threads took: 0.0000286 seconds
2017-07-31T22:50:56.703+0000: 8.276: Total time for which application threads were stopped: 0.0004920 seconds, Stopping threads took: 0.0003918 seconds
2017-07-31T22:50:57.041+0000: 8.615: Total time for which application threads were stopped: 0.0004818 seconds, Stopping threads took: 0.0000444 seconds
2017-07-31T22:50:57.048+0000: 8.622: Total time for which application threads were stopped: 0.0001058 seconds, Stopping threads took: 0.0000288 seconds
2017-07-31T22:50:57.056+0000: 8.630: Total time for which application threads were stopped: 0.0000935 seconds, Stopping threads took: 0.0000338 seconds
2017-07-31T22:50:57.063+0000: 8.636: Total time for which application threads were stopped: 0.0001310 seconds, Stopping threads took: 0.0000384 seconds
2017-07-31T22:50:57.072+0000: 8.645: Total time for which application threads were stopped: 0.0002451 seconds, Stopping threads took: 0.0000547 seconds
{Heap before GC invocations=6 (full 1):
 par new generation   total 153344K, used 153343K [0x0000000080000000, 0x000000008a660000, 0x000000008a660000)
  eden space 136320K, 100% used [0x0000000080000000, 0x0000000088520000, 0x0000000088520000)
  from space 17024K,  99% used [0x0000000088520000, 0x00000000895bfff0, 0x00000000895c0000)
  to   space 17024K,   0% used [0x00000000895c0000, 0x00000000895c0000, 0x000000008a660000)
 concurrent mark-sweep generation total 1926784K, used 81587K [0x000000008a660000, 0x0000000100000000, 0x0000000100000000)
 Metaspace       used 34661K, capacity 36493K, committed 36700K, reserved 1081344K
  class space    used 4547K, capacity 4689K, committed 4708K, reserved 1048576K
2017-07-31T22:50:57.145+0000: 8.718: [GC (Allocation Failure) Before GC:
Statistics for BinaryTreeDictionary:
------------------------------------
Total Free Space: 235663329
Max   Chunk Size: 235663329
Number of Blocks: 1
Av.  Block  Size: 235663329
Tree      Height: 1
2017-07-31T22:50:57.145+0000: 8.718: [ParNew
Desired survivor size 8716288 bytes, new threshold 1 (max 6)
- age   1:    9047424 bytes,    9047424 total
: 153343K->13404K(153344K), 0.0821047 secs] 234931K->102409K(2080128K)After GC:
Statistics for BinaryTreeDictionary:
------------------------------------
Total Free Space: 234790741
Max   Chunk Size: 234790741
Number of Blocks: 1
Av.  Block  Size: 234790741
Tree      Height: 1
, 0.0822121 secs] [Times: user=0.16 sys=0.01, real=0.08 secs] 
Heap after GC invocations=7 (full 1):
 par new generation   total 153344K, used 13404K [0x0000000080000000, 0x000000008a660000, 0x000000008a660000)
  eden space 136320K,   0% used [0x0000000080000000, 0x0000000080000000, 0x0000000088520000)
  from space 17024K,  78% used [0x00000000895c0000, 0x000000008a2d7018, 0x000000008a660000)
  to   space 17024K,   0% used [0x0000000088520000, 0x0000000088520000, 0x00000000895c0000)
 concurrent mark-sweep generation total 1926784K, used 89005K [0x000000008a660000, 0x0000000100000000, 0x0000000100000000)
 Metaspace       used 34661K, capacity 36493K, committed 36700K, reserved 1081344K
  class space    used 4547K, capacity 4689K, committed 4708K, reserved 1048576K
}
2017-07-31T22:50:57.227+0000: 8.800: Total time for which application threads were stopped: 0.0824620 seconds, Stopping threads took: 0.0000408 seconds
2017-07-31T22:50:57.248+0000: 8.821: Total time for which application threads were stopped: 0.0004865 seconds, Stopping threads took: 0.0003460 seconds
2017-07-31T22:50:57.249+0000: 8.822: Total time for which application threads were stopped: 0.0000813 seconds, Stopping threads took: 0.0000316 seconds
2017-07-31T22:50:57.264+0000: 8.838: Total time for which application threads were stopped: 0.0001328 seconds, Stopping threads took: 0.0000598 seconds
2017-07-31T22:50:57.284+0000: 8.857: Total time for which application threads were stopped: 0.0002065 seconds, Stopping threads took: 0.0000571 seconds
2017-07-31T22:50:57.284+0000: 8.857: Total time for which application threads were stopped: 0.0001027 seconds, Stopping threads took: 0.0000256 seconds
2017-07-31T22:50:57.329+0000: 8.902: Total time for which application threads were stopped: 0.0002084 seconds, Stopping threads took: 0.0000890 seconds
2017-07-31T22:50:57.329+0000: 8.902: Total time for which application threads were stopped: 0.0001291 seconds, Stopping threads took: 0.0000708 seconds
2017-07-31T22:50:57.329+0000: 8.902: Total time for which application threads were stopped: 0.0001076 seconds, Stopping threads took: 0.0000434 seconds
2017-07-31T22:50:57.331+0000: 8.904: Total time for which application threads were stopped: 0.0001511 seconds, Stopping threads took: 0.0000756 seconds
2017-07-31T22:50:57.331+0000: 8.904: Total time for which application threads were stopped: 0.0001076 seconds, Stopping threads took: 0.0000440 seconds
2017-07-31T22:50:57.331+0000: 8.905: Total time for which application threads were stopped: 0.0000836 seconds, Stopping threads took: 0.0000230 seconds
2017-07-31T22:50:57.332+0000: 8.905: Total time for which application threads were stopped: 0.0001034 seconds, Stopping threads took: 0.0000433 seconds
2017-07-31T22:50:57.332+0000: 8.905: Total time for which application threads were stopped: 0.0000770 seconds, Stopping threads took: 0.0000282 seconds
2017-07-31T22:50:57.332+0000: 8.905: Total time for which application threads were stopped: 0.0000946 seconds, Stopping threads took: 0.0000207 seconds
2017-07-31T22:50:57.332+0000: 8.905: Total time for which application threads were stopped: 0.0001166 seconds, Stopping threads took: 0.0000527 seconds
2017-07-31T22:50:57.332+0000: 8.905: Total time for which application threads were stopped: 0.0000649 seconds, Stopping threads took: 0.0000191 seconds
2017-07-31T22:50:57.333+0000: 8.906: Total time for which application threads were stopped: 0.0001473 seconds, Stopping threads took: 0.0000859 seconds
2017-07-31T22:50:57.333+0000: 8.906: Total time for which application threads were stopped: 0.0000983 seconds, Stopping threads took: 0.0000406 seconds
2017-07-31T22:50:57.334+0000: 8.908: Total time for which application threads were stopped: 0.0001400 seconds, Stopping threads took: 0.0000711 seconds
2017-07-31T22:50:57.334+0000: 8.908: Total time for which application threads were stopped: 0.0000979 seconds, Stopping threads took: 0.0000403 seconds
2017-07-31T22:50:57.335+0000: 8.908: Total time for which application threads were stopped: 0.0001011 seconds, Stopping threads took: 0.0000299 seconds
2017-07-31T22:50:57.335+0000: 8.908: Total time for which application threads were stopped: 0.0001328 seconds, Stopping threads took: 0.0000662 seconds
2017-07-31T22:50:57.338+0000: 8.911: Total time for which application threads were stopped: 0.0001227 seconds, Stopping threads took: 0.0000306 seconds
2017-07-31T22:50:57.339+0000: 8.913: Total time for which application threads were stopped: 0.0001208 seconds, Stopping threads took: 0.0000306 seconds
2017-07-31T22:50:57.340+0000: 8.913: Total time for which application threads were stopped: 0.0002679 seconds, Stopping threads took: 0.0000290 seconds
2017-07-31T22:50:57.340+0000: 8.913: Total time for which application threads were stopped: 0.0001216 seconds, Stopping threads took: 0.0000281 seconds
2017-07-31T22:50:57.340+0000: 8.914: Total time for which application threads were stopped: 0.0001077 seconds, Stopping threads took: 0.0000289 seconds
2017-07-31T22:50:57.341+0000: 8.914: Total time for which application threads were stopped: 0.0001002 seconds, Stopping threads took: 0.0000293 seconds
2017-07-31T22:50:57.341+0000: 8.915: Total time for which application threads were stopped: 0.0001634 seconds, Stopping threads took: 0.0000763 seconds
2017-07-31T22:50:57.345+0000: 8.919: Total time for which application threads were stopped: 0.0001131 seconds, Stopping threads took: 0.0000302 seconds
2017-07-31T22:50:57.346+0000: 8.919: Total time for which application threads were stopped: 0.0001220 seconds, Stopping threads took: 0.0000290 seconds
2017-07-31T22:50:57.347+0000: 8.920: Total time for which application threads were stopped: 0.0001203 seconds, Stopping threads took: 0.0000306 seconds
2017-07-31T22:50:57.358+0000: 8.931: Total time for which application threads were stopped: 0.0001327 seconds, Stopping threads took: 0.0000312 seconds
2017-07-31T22:50:57.358+0000: 8.931: Total time for which application threads were stopped: 0.0001152 seconds, Stopping threads took: 0.0000251 seconds
2017-07-31T22:50:57.358+0000: 8.932: Total time for which application threads were stopped: 0.0001088 seconds, Stopping threads took: 0.0000268 seconds
2017-07-31T22:50:57.371+0000: 8.944: Total time for which application threads were stopped: 0.0001266 seconds, Stopping threads took: 0.0000313 seconds
2017-07-31T22:50:57.372+0000: 8.946: Total time for which application threads were stopped: 0.0001424 seconds, Stopping threads took: 0.0000789 seconds
2017-07-31T22:50:57.375+0000: 8.948: Total time for which application threads were stopped: 0.0001156 seconds, Stopping threads took: 0.0000303 seconds
2017-07-31T22:50:57.376+0000: 8.950: Total time for which application threads were stopped: 0.0001229 seconds, Stopping threads took: 0.0000291 seconds
2017-07-31T22:50:57.377+0000: 8.950: Total time for which application threads were stopped: 0.0002679 seconds, Stopping threads took: 0.0000297 seconds
2017-07-31T22:50:57.413+0000: 8.986: Total time for which application threads were stopped: 0.0003100 seconds, Stopping threads took: 0.0002120 seconds
2017-07-31T22:50:57.416+0000: 8.989: Total time for which application threads were stopped: 0.0001129 seconds, Stopping threads took: 0.0000302 seconds
2017-07-31T22:50:57.422+0000: 8.996: Total time for which application threads were stopped: 0.0001249 seconds, Stopping threads took: 0.0000321 seconds
2017-07-31T22:50:57.436+0000: 9.009: Total time for which application threads were stopped: 0.0002508 seconds, Stopping threads took: 0.0001553 seconds
2017-07-31T22:50:57.471+0000: 9.044: Total time for which application threads were stopped: 0.0002228 seconds, Stopping threads took: 0.0001288 seconds
2017-07-31T22:50:57.471+0000: 9.045: Total time for which application threads were stopped: 0.0001388 seconds, Stopping threads took: 0.0000302 seconds
2017-07-31T22:50:57.490+0000: 9.063: Total time for which application threads were stopped: 0.0001118 seconds, Stopping threads took: 0.0000391 seconds
2017-07-31T22:50:57.741+0000: 9.315: Total time for which application threads were stopped: 0.0001446 seconds, Stopping threads took: 0.0000359 seconds
2017-07-31T22:50:57.802+0000: 9.375: Total time for which application threads were stopped: 0.0001939 seconds, Stopping threads took: 0.0000591 seconds
2017-07-31T22:50:57.803+0000: 9.376: Total time for which application threads were stopped: 0.0012476 seconds, Stopping threads took: 0.0011603 seconds
2017-07-31T22:50:57.935+0000: 9.508: Total time for which application threads were stopped: 0.0069018 seconds, Stopping threads took: 0.0067557 seconds
2017-07-31T22:50:57.954+0000: 9.528: Total time for which application threads were stopped: 0.0001221 seconds, Stopping threads took: 0.0000423 seconds
2017-07-31T22:50:58.005+0000: 9.578: Total time for which application threads were stopped: 0.0006922 seconds, Stopping threads took: 0.0005829 seconds
2017-07-31T22:50:58.024+0000: 9.597: Total time for which application threads were stopped: 0.0005885 seconds, Stopping threads took: 0.0004285 seconds
2017-07-31T22:50:58.024+0000: 9.597: Total time for which application threads were stopped: 0.0001366 seconds, Stopping threads took: 0.0000263 seconds
{Heap before GC invocations=7 (full 1):
 par new generation   total 153344K, used 149724K [0x0000000080000000, 0x000000008a660000, 0x000000008a660000)
  eden space 136320K, 100% used [0x0000000080000000, 0x0000000088520000, 0x0000000088520000)
  from space 17024K,  78% used [0x00000000895c0000, 0x000000008a2d7018, 0x000000008a660000)
  to   space 17024K,   0% used [0x0000000088520000, 0x0000000088520000, 0x00000000895c0000)
 concurrent mark-sweep generation total 1926784K, used 89005K [0x000000008a660000, 0x0000000100000000, 0x0000000100000000)
 Metaspace       used 36449K, capacity 38621K, committed 38876K, reserved 1083392K
  class space    used 4788K, capacity 4966K, committed 5092K, reserved 1048576K
2017-07-31T22:50:58.085+0000: 9.658: [GC (Allocation Failure) Before GC:
Statistics for BinaryTreeDictionary:
------------------------------------
Total Free Space: 234790741
Max   Chunk Size: 234790741
Number of Blocks: 1
Av.  Block  Size: 234790741
Tree      Height: 1
2017-07-31T22:50:58.085+0000: 9.658: [ParNew
Desired survivor size 8716288 bytes, new threshold 6 (max 6)
- age   1:    7009704 bytes,    7009704 total
: 149724K->7829K(153344K), 0.0495446 secs] 238729K->102182K(2080128K)After GC:
Statistics for BinaryTreeDictionary:
------------------------------------
Total Free Space: 234152196
Max   Chunk Size: 234152196
Number of Blocks: 1
Av.  Block  Size: 234152196
Tree      Height: 1
, 0.0496571 secs] [Times: user=0.09 sys=0.00, real=0.05 secs] 
Heap after GC invocations=8 (full 1):
 par new generation   total 153344K, used 7829K [0x0000000080000000, 0x000000008a660000, 0x000000008a660000)
  eden space 136320K,   0% used [0x0000000080000000, 0x0000000080000000, 0x0000000088520000)
  from space 17024K,  45% used [0x0000000088520000, 0x0000000088cc5610, 0x00000000895c0000)
  to   space 17024K,   0% used [0x00000000895c0000, 0x00000000895c0000, 0x000000008a660000)
 concurrent mark-sweep generation total 1926784K, used 94353K [0x000000008a660000, 0x0000000100000000, 0x0000000100000000)
 Metaspace       used 36449K, capacity 38621K, committed 38876K, reserved 1083392K
  class space    used 4788K, capacity 4966K, committed 5092K, reserved 1048576K
}
2017-07-31T22:50:58.134+0000: 9.708: Total time for which application threads were stopped: 0.0499030 seconds, Stopping threads took: 0.0000448 seconds
2017-07-31T22:50:58.190+0000: 9.763: Total time for which application threads were stopped: 0.0002323 seconds, Stopping threads took: 0.0000478 seconds
2017-07-31T22:50:58.190+0000: 9.763: Total time for which application threads were stopped: 0.0001027 seconds, Stopping threads took: 0.0000279 seconds
2017-07-31T22:50:58.194+0000: 9.767: Total time for which application threads were stopped: 0.0001589 seconds, Stopping threads took: 0.0000307 seconds
2017-07-31T22:50:58.194+0000: 9.767: Total time for which application threads were stopped: 0.0001037 seconds, Stopping threads took: 0.0000273 seconds
2017-07-31T22:50:58.194+0000: 9.767: Total time for which application threads were stopped: 0.0001256 seconds, Stopping threads took: 0.0000270 seconds
2017-07-31T22:50:58.205+0000: 9.778: Total time for which application threads were stopped: 0.0001395 seconds, Stopping threads took: 0.0000458 seconds
2017-07-31T22:50:58.207+0000: 9.780: Total time for which application threads were stopped: 0.0001310 seconds, Stopping threads took: 0.0000301 seconds
2017-07-31T22:50:58.223+0000: 9.796: Total time for which application threads were stopped: 0.0002037 seconds, Stopping threads took: 0.0000435 seconds
2017-07-31T22:50:58.225+0000: 9.798: Total time for which application threads were stopped: 0.0001288 seconds, Stopping threads took: 0.0000287 seconds
2017-07-31T22:50:58.225+0000: 9.799: Total time for which application threads were stopped: 0.0001223 seconds, Stopping threads took: 0.0000268 seconds
2017-07-31T22:50:58.254+0000: 9.827: Total time for which application threads were stopped: 0.0001847 seconds, Stopping threads took: 0.0000432 seconds
2017-07-31T22:50:58.286+0000: 9.860: Total time for which application threads were stopped: 0.0001752 seconds, Stopping threads took: 0.0000468 seconds
2017-07-31T22:50:58.290+0000: 9.864: Total time for which application threads were stopped: 0.0001383 seconds, Stopping threads took: 0.0000299 seconds
2017-07-31T22:50:58.291+0000: 9.864: Total time for which application threads were stopped: 0.0001215 seconds, Stopping threads took: 0.0000307 seconds
2017-07-31T22:50:58.298+0000: 9.871: Total time for which application threads were stopped: 0.0001933 seconds, Stopping threads took: 0.0000393 seconds
2017-07-31T22:50:58.325+0000: 9.898: Total time for which application threads were stopped: 0.0001993 seconds, Stopping threads took: 0.0000429 seconds
2017-07-31T22:50:58.326+0000: 9.899: Total time for which application threads were stopped: 0.0001367 seconds, Stopping threads took: 0.0000291 seconds
2017-07-31T22:50:58.354+0000: 9.927: Total time for which application threads were stopped: 0.0109747 seconds, Stopping threads took: 0.0108160 seconds
2017-07-31T22:50:58.376+0000: 9.949: Total time for which application threads were stopped: 0.0002039 seconds, Stopping threads took: 0.0000433 seconds
2017-07-31T22:50:58.376+0000: 9.949: Total time for which application threads were stopped: 0.0001123 seconds, Stopping threads took: 0.0000273 seconds
2017-07-31T22:50:58.393+0000: 9.967: Total time for which application threads were stopped: 0.0001921 seconds, Stopping threads took: 0.0000444 seconds
2017-07-31T22:50:58.394+0000: 9.968: Total time for which application threads were stopped: 0.0001016 seconds, Stopping threads took: 0.0000287 seconds
2017-07-31T22:50:58.395+0000: 9.968: Total time for which application threads were stopped: 0.0001008 seconds, Stopping threads took: 0.0000295 seconds
2017-07-31T22:50:58.397+0000: 9.970: Total time for which application threads were stopped: 0.0003101 seconds, Stopping threads took: 0.0000302 seconds
2017-07-31T22:50:58.432+0000: 10.005: Total time for which application threads were stopped: 0.0002527 seconds, Stopping threads took: 0.0001358 seconds
2017-07-31T22:50:58.456+0000: 10.030: Total time for which application threads were stopped: 0.0005656 seconds, Stopping threads took: 0.0004422 seconds
2017-07-31T22:50:58.483+0000: 10.056: Total time for which application threads were stopped: 0.0002995 seconds, Stopping threads took: 0.0000677 seconds
2017-07-31T22:50:58.733+0000: 10.306: Total time for which application threads were stopped: 0.0005278 seconds, Stopping threads took: 0.0000776 seconds
2017-07-31T22:50:58.820+0000: 10.393: Total time for which application threads were stopped: 0.0001620 seconds, Stopping threads took: 0.0000434 seconds
2017-07-31T22:50:58.829+0000: 10.402: Total time for which application threads were stopped: 0.0002794 seconds, Stopping threads took: 0.0002037 seconds
{Heap before GC invocations=8 (full 1):
 par new generation   total 153344K, used 144149K [0x0000000080000000, 0x000000008a660000, 0x000000008a660000)
  eden space 136320K, 100% used [0x0000000080000000, 0x0000000088520000, 0x0000000088520000)
  from space 17024K,  45% used [0x0000000088520000, 0x0000000088cc5610, 0x00000000895c0000)
  to   space 17024K,   0% used [0x00000000895c0000, 0x00000000895c0000, 0x000000008a660000)
 concurrent mark-sweep generation total 1926784K, used 94353K [0x000000008a660000, 0x0000000100000000, 0x0000000100000000)
 Metaspace       used 38302K, capacity 40841K, committed 40924K, reserved 1085440K
  class space    used 5095K, capacity 5298K, committed 5348K, reserved 1048576K
2017-07-31T22:50:59.002+0000: 10.575: [GC (Allocation Failure) Before GC:
Statistics for BinaryTreeDictionary:
------------------------------------
Total Free Space: 234152196
Max   Chunk Size: 234152196
Number of Blocks: 1
Av.  Block  Size: 234152196
Tree      Height: 1
2017-07-31T22:50:59.002+0000: 10.575: [ParNew
Desired survivor size 8716288 bytes, new threshold 1 (max 6)
- age   1:    9355600 bytes,    9355600 total
- age   2:    4334056 bytes,   13689656 total
: 144149K->17023K(153344K), 0.0383666 secs] 238502K->112618K(2080128K)After GC:
Statistics for BinaryTreeDictionary:
------------------------------------
Total Free Space: 233993788
Max   Chunk Size: 233993788
Number of Blocks: 1
Av.  Block  Size: 233993788
Tree      Height: 1
, 0.0384556 secs] [Times: user=0.07 sys=0.00, real=0.04 secs] 
Heap after GC invocations=9 (full 1):
 par new generation   total 153344K, used 17023K [0x0000000080000000, 0x000000008a660000, 0x000000008a660000)
  eden space 136320K,   0% used [0x0000000080000000, 0x0000000080000000, 0x0000000088520000)
  from space 17024K,  99% used [0x00000000895c0000, 0x000000008a65fff0, 0x000000008a660000)
  to   space 17024K,   0% used [0x0000000088520000, 0x0000000088520000, 0x00000000895c0000)
 concurrent mark-sweep generation total 1926784K, used 95594K [0x000000008a660000, 0x0000000100000000, 0x0000000100000000)
 Metaspace       used 38302K, capacity 40841K, committed 40924K, reserved 1085440K
  class space    used 5095K, capacity 5298K, committed 5348K, reserved 1048576K
}
2017-07-31T22:50:59.040+0000: 10.613: Total time for which application threads were stopped: 0.0387293 seconds, Stopping threads took: 0.0000456 seconds
2017-07-31T22:50:59.226+0000: 10.800: Total time for which application threads were stopped: 0.0004773 seconds, Stopping threads took: 0.0003636 seconds
2017-07-31T22:50:59.227+0000: 10.800: Total time for which application threads were stopped: 0.0000976 seconds, Stopping threads took: 0.0000297 seconds
2017-07-31T22:50:59.246+0000: 10.820: Total time for which application threads were stopped: 0.0075298 seconds, Stopping threads took: 0.0073974 seconds
2017-07-31T22:50:59.247+0000: 10.821: Total time for which application threads were stopped: 0.0001217 seconds, Stopping threads took: 0.0000330 seconds
2017-07-31T22:50:59.301+0000: 10.874: Total time for which application threads were stopped: 0.0002012 seconds, Stopping threads took: 0.0000413 seconds
2017-07-31T22:50:59.312+0000: 10.885: Total time for which application threads were stopped: 0.0003023 seconds, Stopping threads took: 0.0001777 seconds
2017-07-31T22:50:59.352+0000: 10.925: Total time for which application threads were stopped: 0.0016618 seconds, Stopping threads took: 0.0014834 seconds
2017-07-31T22:50:59.358+0000: 10.932: Total time for which application threads were stopped: 0.0001335 seconds, Stopping threads took: 0.0000342 seconds
2017-07-31T22:50:59.414+0000: 10.987: Total time for which application threads were stopped: 0.0002162 seconds, Stopping threads took: 0.0000507 seconds
2017-07-31T22:50:59.414+0000: 10.987: Total time for which application threads were stopped: 0.0001129 seconds, Stopping threads took: 0.0000284 seconds
2017-07-31T22:50:59.414+0000: 10.987: Total time for which application threads were stopped: 0.0001257 seconds, Stopping threads took: 0.0000273 seconds
2017-07-31T22:50:59.429+0000: 11.003: Total time for which application threads were stopped: 0.0001972 seconds, Stopping threads took: 0.0000711 seconds
2017-07-31T22:50:59.431+0000: 11.005: Total time for which application threads were stopped: 0.0001066 seconds, Stopping threads took: 0.0000308 seconds
2017-07-31T22:50:59.512+0000: 11.085: Total time for which application threads were stopped: 0.0002112 seconds, Stopping threads took: 0.0000609 seconds
2017-07-31T22:50:59.513+0000: 11.086: Total time for which application threads were stopped: 0.0001250 seconds, Stopping threads took: 0.0000410 seconds
2017-07-31T22:50:59.513+0000: 11.087: Total time for which application threads were stopped: 0.0001122 seconds, Stopping threads took: 0.0000309 seconds
2017-07-31T22:50:59.522+0000: 11.095: Total time for which application threads were stopped: 0.0012195 seconds, Stopping threads took: 0.0010841 seconds
2017-07-31T22:50:59.581+0000: 11.154: Total time for which application threads were stopped: 0.0039879 seconds, Stopping threads took: 0.0038532 seconds
2017-07-31T22:50:59.591+0000: 11.164: Total time for which application threads were stopped: 0.0005541 seconds, Stopping threads took: 0.0000339 seconds
2017-07-31T22:50:59.614+0000: 11.187: Total time for which application threads were stopped: 0.0006390 seconds, Stopping threads took: 0.0005106 seconds
2017-07-31T22:50:59.614+0000: 11.188: Total time for which application threads were stopped: 0.0001246 seconds, Stopping threads took: 0.0000384 seconds
2017-07-31T22:50:59.686+0000: 11.259: Total time for which application threads were stopped: 0.0004869 seconds, Stopping threads took: 0.0002902 seconds
2017-07-31T22:50:59.686+0000: 11.260: Total time for which application threads were stopped: 0.0001001 seconds, Stopping threads took: 0.0000304 seconds
2017-07-31T22:50:59.704+0000: 11.278: Total time for which application threads were stopped: 0.0005972 seconds, Stopping threads took: 0.0004899 seconds
2017-07-31T22:50:59.716+0000: 11.290: Total time for which application threads were stopped: 0.0002911 seconds, Stopping threads took: 0.0000399 seconds
2017-07-31T22:50:59.744+0000: 11.318: Total time for which application threads were stopped: 0.0003571 seconds, Stopping threads took: 0.0002167 seconds
2017-07-31T22:50:59.745+0000: 11.318: Total time for which application threads were stopped: 0.0001042 seconds, Stopping threads took: 0.0000300 seconds
2017-07-31T22:50:59.752+0000: 11.325: Total time for which application threads were stopped: 0.0001304 seconds, Stopping threads took: 0.0000497 seconds
{Heap before GC invocations=9 (full 1):
 par new generation   total 153344K, used 153343K [0x0000000080000000, 0x000000008a660000, 0x000000008a660000)
  eden space 136320K, 100% used [0x0000000080000000, 0x0000000088520000, 0x0000000088520000)
  from space 17024K,  99% used [0x00000000895c0000, 0x000000008a65fff0, 0x000000008a660000)
  to   space 17024K,   0% used [0x0000000088520000, 0x0000000088520000, 0x00000000895c0000)
 concurrent mark-sweep generation total 1926784K, used 95594K [0x000000008a660000, 0x0000000100000000, 0x0000000100000000)
 Metaspace       used 40935K, capacity 43603K, committed 43780K, reserved 1087488K
  class space    used 5399K, capacity 5631K, committed 5704K, reserved 1048576K
2017-07-31T22:50:59.775+0000: 11.348: [GC (Allocation Failure) Before GC:
Statistics for BinaryTreeDictionary:
------------------------------------
Total Free Space: 233993788
Max   Chunk Size: 233993788
Number of Blocks: 1
Av.  Block  Size: 233993788
Tree      Height: 1
2017-07-31T22:50:59.775+0000: 11.348: [ParNew
Desired survivor size 8716288 bytes, new threshold 1 (max 6)
- age   1:   11920992 bytes,   11920992 total
: 153343K->17024K(153344K), 0.0881463 secs] 248938K->125799K(2080128K)After GC:
Statistics for BinaryTreeDictionary:
------------------------------------
Total Free Space: 232310142
Max   Chunk Size: 232310142
Number of Blocks: 1
Av.  Block  Size: 232310142
Tree      Height: 1
, 0.0882619 secs] [Times: user=0.17 sys=0.00, real=0.09 secs] 
Heap after GC invocations=10 (full 1):
 par new generation   total 153344K, used 17024K [0x0000000080000000, 0x000000008a660000, 0x000000008a660000)
  eden space 136320K,   0% used [0x0000000080000000, 0x0000000080000000, 0x0000000088520000)
  from space 17024K, 100% used [0x0000000088520000, 0x00000000895c0000, 0x00000000895c0000)
  to   space 17024K,   0% used [0x00000000895c0000, 0x00000000895c0000, 0x000000008a660000)
 concurrent mark-sweep generation total 1926784K, used 108775K [0x000000008a660000, 0x0000000100000000, 0x0000000100000000)
 Metaspace       used 40935K, capacity 43603K, committed 43780K, reserved 1087488K
  class space    used 5399K, capacity 5631K, committed 5704K, reserved 1048576K
}
2017-07-31T22:50:59.863+0000: 11.436: Total time for which application threads were stopped: 0.0885762 seconds, Stopping threads took: 0.0000476 seconds
2017-07-31T22:50:59.875+0000: 11.448: [GC (CMS Initial Mark) [1 CMS-initial-mark: 108775K(1926784K)] 128708K(2080128K), 0.0134358 secs] [Times: user=0.03 sys=0.00, real=0.01 secs] 
2017-07-31T22:50:59.888+0000: 11.461: Total time for which application threads were stopped: 0.0141385 seconds, Stopping threads took: 0.0005009 seconds
2017-07-31T22:50:59.888+0000: 11.461: [CMS-concurrent-mark-start]
2017-07-31T22:50:59.950+0000: 11.523: Total time for which application threads were stopped: 0.0003279 seconds, Stopping threads took: 0.0001857 seconds
2017-07-31T22:50:59.950+0000: 11.524: Total time for which application threads were stopped: 0.0001578 seconds, Stopping threads took: 0.0000654 seconds
2017-07-31T22:50:59.961+0000: 11.534: Total time for which application threads were stopped: 0.0001623 seconds, Stopping threads took: 0.0000551 seconds
2017-07-31T22:50:59.972+0000: 11.545: Total time for which application threads were stopped: 0.0001973 seconds, Stopping threads took: 0.0000416 seconds
2017-07-31T22:50:59.972+0000: 11.545: Total time for which application threads were stopped: 0.0001231 seconds, Stopping threads took: 0.0000385 seconds
2017-07-31T22:50:59.973+0000: 11.546: Total time for which application threads were stopped: 0.0001083 seconds, Stopping threads took: 0.0000373 seconds
2017-07-31T22:51:00.064+0000: 11.637: Total time for which application threads were stopped: 0.0008876 seconds, Stopping threads took: 0.0007610 seconds
2017-07-31T22:51:00.104+0000: 11.677: Total time for which application threads were stopped: 0.0001846 seconds, Stopping threads took: 0.0000448 seconds
2017-07-31T22:51:00.106+0000: 11.679: Total time for which application threads were stopped: 0.0001277 seconds, Stopping threads took: 0.0000441 seconds
2017-07-31T22:51:00.139+0000: 11.712: Total time for which application threads were stopped: 0.0009299 seconds, Stopping threads took: 0.0004703 seconds
2017-07-31T22:51:00.154+0000: 11.728: [CMS-concurrent-mark: 0.239/0.266 secs] [Times: user=0.51 sys=0.01, real=0.27 secs] 
2017-07-31T22:51:00.154+0000: 11.728: [CMS-concurrent-preclean-start]
2017-07-31T22:51:00.163+0000: 11.736: Total time for which application threads were stopped: 0.0048609 seconds, Stopping threads took: 0.0046941 seconds
2017-07-31T22:51:00.174+0000: 11.747: Total time for which application threads were stopped: 0.0005930 seconds, Stopping threads took: 0.0004749 seconds
2017-07-31T22:51:00.185+0000: 11.758: [CMS-concurrent-preclean: 0.006/0.031 secs] [Times: user=0.06 sys=0.00, real=0.03 secs] 
2017-07-31T22:51:00.185+0000: 11.758: [CMS-concurrent-abortable-preclean-start]
2017-07-31T22:51:00.192+0000: 11.766: Total time for which application threads were stopped: 0.0001382 seconds, Stopping threads took: 0.0000422 seconds
2017-07-31T22:51:00.192+0000: 11.766: Total time for which application threads were stopped: 0.0000966 seconds, Stopping threads took: 0.0000272 seconds
2017-07-31T22:51:00.216+0000: 11.789: Total time for which application threads were stopped: 0.0022153 seconds, Stopping threads took: 0.0021353 seconds
2017-07-31T22:51:00.235+0000: 11.809: Total time for which application threads were stopped: 0.0006040 seconds, Stopping threads took: 0.0004961 seconds
2017-07-31T22:51:00.257+0000: 11.831: Total time for which application threads were stopped: 0.0006039 seconds, Stopping threads took: 0.0004841 seconds
2017-07-31T22:51:00.281+0000: 11.855: Total time for which application threads were stopped: 0.0002257 seconds, Stopping threads took: 0.0001142 seconds
2017-07-31T22:51:00.315+0000: 11.888: Total time for which application threads were stopped: 0.0007592 seconds, Stopping threads took: 0.0006508 seconds
2017-07-31T22:51:00.359+0000: 11.932: Total time for which application threads were stopped: 0.0001581 seconds, Stopping threads took: 0.0000472 seconds
2017-07-31T22:51:00.382+0000: 11.955: Total time for which application threads were stopped: 0.0001428 seconds, Stopping threads took: 0.0000441 seconds
2017-07-31T22:51:00.382+0000: 11.956: Total time for which application threads were stopped: 0.0000873 seconds, Stopping threads took: 0.0000290 seconds
2017-07-31T22:51:00.471+0000: 12.045: Total time for which application threads were stopped: 0.0001662 seconds, Stopping threads took: 0.0000462 seconds
2017-07-31T22:51:00.483+0000: 12.056: Total time for which application threads were stopped: 0.0006190 seconds, Stopping threads took: 0.0005024 seconds
2017-07-31T22:51:00.530+0000: 12.104: Total time for which application threads were stopped: 0.0004382 seconds, Stopping threads took: 0.0003148 seconds
2017-07-31T22:51:00.560+0000: 12.133: Total time for which application threads were stopped: 0.0001586 seconds, Stopping threads took: 0.0000410 seconds
2017-07-31T22:51:00.585+0000: 12.158: Total time for which application threads were stopped: 0.0006134 seconds, Stopping threads took: 0.0004942 seconds
2017-07-31T22:51:00.682+0000: 12.255: Total time for which application threads were stopped: 0.0001513 seconds, Stopping threads took: 0.0000425 seconds
2017-07-31T22:51:00.693+0000: 12.266: Total time for which application threads were stopped: 0.0001122 seconds, Stopping threads took: 0.0000354 seconds
2017-07-31T22:51:00.705+0000: 12.278: Total time for which application threads were stopped: 0.0004194 seconds, Stopping threads took: 0.0003361 seconds
2017-07-31T22:51:00.718+0000: 12.291: Total time for which application threads were stopped: 0.0001330 seconds, Stopping threads took: 0.0000372 seconds
2017-07-31T22:51:00.732+0000: 12.305: Total time for which application threads were stopped: 0.0002917 seconds, Stopping threads took: 0.0002035 seconds
2017-07-31T22:51:00.750+0000: 12.323: Total time for which application threads were stopped: 0.0001477 seconds, Stopping threads took: 0.0000407 seconds
2017-07-31T22:51:00.761+0000: 12.334: Total time for which application threads were stopped: 0.0001305 seconds, Stopping threads took: 0.0000545 seconds
2017-07-31T22:51:00.802+0000: 12.375: Total time for which application threads were stopped: 0.0001903 seconds, Stopping threads took: 0.0000786 seconds
2017-07-31T22:51:00.827+0000: 12.401: Total time for which application threads were stopped: 0.0001331 seconds, Stopping threads took: 0.0000573 seconds
2017-07-31T22:51:00.827+0000: 12.401: Total time for which application threads were stopped: 0.0000920 seconds, Stopping threads took: 0.0000206 seconds
2017-07-31T22:51:00.839+0000: 12.412: Total time for which application threads were stopped: 0.0001477 seconds, Stopping threads took: 0.0000847 seconds
2017-07-31T22:51:00.842+0000: 12.415: Total time for which application threads were stopped: 0.0001311 seconds, Stopping threads took: 0.0000676 seconds
2017-07-31T22:51:00.844+0000: 12.417: Total time for which application threads were stopped: 0.0005107 seconds, Stopping threads took: 0.0000610 seconds
2017-07-31T22:51:00.848+0000: 12.421: Total time for which application threads were stopped: 0.0001828 seconds, Stopping threads took: 0.0000243 seconds
2017-07-31T22:51:00.865+0000: 12.438: Total time for which application threads were stopped: 0.0001447 seconds, Stopping threads took: 0.0000478 seconds
2017-07-31T22:51:00.885+0000: 12.458: Total time for which application threads were stopped: 0.0009474 seconds, Stopping threads took: 0.0008478 seconds
2017-07-31T22:51:00.910+0000: 12.484: Total time for which application threads were stopped: 0.0034927 seconds, Stopping threads took: 0.0029254 seconds
2017-07-31T22:51:00.911+0000: 12.485: Total time for which application threads were stopped: 0.0000973 seconds, Stopping threads took: 0.0000334 seconds
2017-07-31T22:51:00.922+0000: 12.496: Total time for which application threads were stopped: 0.0001120 seconds, Stopping threads took: 0.0000468 seconds
2017-07-31T22:51:00.997+0000: 12.571: Total time for which application threads were stopped: 0.0006368 seconds, Stopping threads took: 0.0004971 seconds
2017-07-31T22:51:01.029+0000: 12.602: Total time for which application threads were stopped: 0.0002044 seconds, Stopping threads took: 0.0000611 seconds
2017-07-31T22:51:01.078+0000: 12.652: Total time for which application threads were stopped: 0.0010654 seconds, Stopping threads took: 0.0004597 seconds
2017-07-31T22:51:01.090+0000: 12.663: Total time for which application threads were stopped: 0.0001757 seconds, Stopping threads took: 0.0000711 seconds
2017-07-31T22:51:01.133+0000: 12.707: Total time for which application threads were stopped: 0.0006351 seconds, Stopping threads took: 0.0004991 seconds
2017-07-31T22:51:01.169+0000: 12.742: Total time for which application threads were stopped: 0.0006207 seconds, Stopping threads took: 0.0004982 seconds
2017-07-31T22:51:01.224+0000: 12.797: Total time for which application threads were stopped: 0.0006105 seconds, Stopping threads took: 0.0004669 seconds
2017-07-31T22:51:01.268+0000: 12.841: Total time for which application threads were stopped: 0.0003182 seconds, Stopping threads took: 0.0002056 seconds
2017-07-31T22:51:01.268+0000: 12.842: Total time for which application threads were stopped: 0.0001020 seconds, Stopping threads took: 0.0000303 seconds
2017-07-31T22:51:01.302+0000: 12.876: Total time for which application threads were stopped: 0.0001943 seconds, Stopping threads took: 0.0000462 seconds
2017-07-31T22:51:01.335+0000: 12.908: Total time for which application threads were stopped: 0.0001606 seconds, Stopping threads took: 0.0000567 seconds
2017-07-31T22:51:01.345+0000: 12.919: Total time for which application threads were stopped: 0.0001365 seconds, Stopping threads took: 0.0000374 seconds
{Heap before GC invocations=10 (full 2):
 par new generation   total 153344K, used 153344K [0x0000000080000000, 0x000000008a660000, 0x000000008a660000)
  eden space 136320K, 100% used [0x0000000080000000, 0x0000000088520000, 0x0000000088520000)
  from space 17024K, 100% used [0x0000000088520000, 0x00000000895c0000, 0x00000000895c0000)
  to   space 17024K,   0% used [0x00000000895c0000, 0x00000000895c0000, 0x000000008a660000)
 concurrent mark-sweep generation total 1926784K, used 108775K [0x000000008a660000, 0x0000000100000000, 0x0000000100000000)
 Metaspace       used 48855K, capacity 52097K, committed 52336K, reserved 1095680K
  class space    used 6321K, capacity 6548K, committed 6592K, reserved 1048576K
2017-07-31T22:51:01.374+0000: 12.947: [GC (Allocation Failure) Before GC:
Statistics for BinaryTreeDictionary:
------------------------------------
Total Free Space: 232310142
Max   Chunk Size: 232310142
Number of Blocks: 1
Av.  Block  Size: 232310142
Tree      Height: 1
2017-07-31T22:51:01.374+0000: 12.947: [ParNew
Desired survivor size 8716288 bytes, new threshold 1 (max 6)
- age   1:   11003704 bytes,   11003704 total
: 153344K->17023K(153344K), 0.1117057 secs] 262119K->140831K(2080128K)After GC:
Statistics for BinaryTreeDictionary:
------------------------------------
Total Free Space: 230307598
Max   Chunk Size: 230307598
Number of Blocks: 1
Av.  Block  Size: 230307598
Tree      Height: 1
, 0.1118263 secs] [Times: user=0.22 sys=0.00, real=0.11 secs] 
Heap after GC invocations=11 (full 2):
 par new generation   total 153344K, used 17023K [0x0000000080000000, 0x000000008a660000, 0x000000008a660000)
  eden space 136320K,   0% used [0x0000000080000000, 0x0000000080000000, 0x0000000088520000)
  from space 17024K,  99% used [0x00000000895c0000, 0x000000008a65fff8, 0x000000008a660000)
  to   space 17024K,   0% used [0x0000000088520000, 0x0000000088520000, 0x00000000895c0000)
 concurrent mark-sweep generation total 1926784K, used 123807K [0x000000008a660000, 0x0000000100000000, 0x0000000100000000)
 Metaspace       used 48855K, capacity 52097K, committed 52336K, reserved 1095680K
  class space    used 6321K, capacity 6548K, committed 6592K, reserved 1048576K
}
2017-07-31T22:51:01.485+0000: 13.059: Total time for which application threads were stopped: 0.1125532 seconds, Stopping threads took: 0.0005124 seconds
2017-07-31T22:51:01.497+0000: 13.070: Total time for which application threads were stopped: 0.0009694 seconds, Stopping threads took: 0.0000385 seconds
2017-07-31T22:51:01.541+0000: 13.115: Total time for which application threads were stopped: 0.0006319 seconds, Stopping threads took: 0.0000421 seconds
2017-07-31T22:51:01.553+0000: 13.126: Total time for which application threads were stopped: 0.0011180 seconds, Stopping threads took: 0.0010183 seconds
2017-07-31T22:51:01.577+0000: 13.150: Total time for which application threads were stopped: 0.0001269 seconds, Stopping threads took: 0.0000448 seconds
2017-07-31T22:51:01.588+0000: 13.161: Total time for which application threads were stopped: 0.0001648 seconds, Stopping threads took: 0.0000352 seconds
2017-07-31T22:51:01.598+0000: 13.171: Total time for which application threads were stopped: 0.0000857 seconds, Stopping threads took: 0.0000229 seconds
2017-07-31T22:51:01.641+0000: 13.214: Total time for which application threads were stopped: 0.0001344 seconds, Stopping threads took: 0.0000472 seconds
2017-07-31T22:51:01.663+0000: 13.236: Total time for which application threads were stopped: 0.0001673 seconds, Stopping threads took: 0.0000678 seconds
2017-07-31T22:51:01.682+0000: 13.255: Total time for which application threads were stopped: 0.0010597 seconds, Stopping threads took: 0.0009804 seconds
2017-07-31T22:51:01.695+0000: 13.268: Total time for which application threads were stopped: 0.0001203 seconds, Stopping threads took: 0.0000358 seconds
2017-07-31T22:51:01.706+0000: 13.279: Total time for which application threads were stopped: 0.0001407 seconds, Stopping threads took: 0.0000397 seconds
2017-07-31T22:51:01.721+0000: 13.294: Total time for which application threads were stopped: 0.0001239 seconds, Stopping threads took: 0.0000430 seconds
2017-07-31T22:51:01.732+0000: 13.306: Total time for which application threads were stopped: 0.0004680 seconds, Stopping threads took: 0.0004008 seconds
2017-07-31T22:51:01.777+0000: 13.350: Total time for which application threads were stopped: 0.0026135 seconds, Stopping threads took: 0.0024837 seconds
2017-07-31T22:51:01.800+0000: 13.373: Total time for which application threads were stopped: 0.0001903 seconds, Stopping threads took: 0.0000542 seconds
2017-07-31T22:51:01.832+0000: 13.405: Total time for which application threads were stopped: 0.0027334 seconds, Stopping threads took: 0.0026426 seconds
2017-07-31T22:51:01.862+0000: 13.435: Total time for which application threads were stopped: 0.0002012 seconds, Stopping threads took: 0.0000422 seconds
2017-07-31T22:51:01.875+0000: 13.448: Total time for which application threads were stopped: 0.0011311 seconds, Stopping threads took: 0.0009862 seconds
2017-07-31T22:51:01.914+0000: 13.487: Total time for which application threads were stopped: 0.0109854 seconds, Stopping threads took: 0.0108851 seconds
2017-07-31T22:51:01.927+0000: 13.500: Total time for which application threads were stopped: 0.0001102 seconds, Stopping threads took: 0.0000343 seconds
2017-07-31T22:51:01.928+0000: 13.501: Total time for which application threads were stopped: 0.0005834 seconds, Stopping threads took: 0.0000305 seconds
2017-07-31T22:51:01.949+0000: 13.522: Total time for which application threads were stopped: 0.0004654 seconds, Stopping threads took: 0.0003549 seconds
2017-07-31T22:51:01.978+0000: 13.551: Total time for which application threads were stopped: 0.0001649 seconds, Stopping threads took: 0.0000435 seconds
2017-07-31T22:51:01.978+0000: 13.552: Total time for which application threads were stopped: 0.0001095 seconds, Stopping threads took: 0.0000280 seconds
2017-07-31T22:51:01.988+0000: 13.561: Total time for which application threads were stopped: 0.0001731 seconds, Stopping threads took: 0.0001046 seconds
2017-07-31T22:51:02.006+0000: 13.580: Total time for which application threads were stopped: 0.0070541 seconds, Stopping threads took: 0.0069351 seconds
2017-07-31T22:51:02.028+0000: 13.601: Total time for which application threads were stopped: 0.0020918 seconds, Stopping threads took: 0.0020030 seconds
2017-07-31T22:51:02.045+0000: 13.619: Total time for which application threads were stopped: 0.0001495 seconds, Stopping threads took: 0.0000400 seconds
2017-07-31T22:51:02.062+0000: 13.635: Total time for which application threads were stopped: 0.0008829 seconds, Stopping threads took: 0.0007860 seconds
2017-07-31T22:51:02.102+0000: 13.675: Total time for which application threads were stopped: 0.0001619 seconds, Stopping threads took: 0.0000419 seconds
2017-07-31T22:51:02.120+0000: 13.693: Total time for which application threads were stopped: 0.0001510 seconds, Stopping threads took: 0.0000360 seconds
2017-07-31T22:51:02.150+0000: 13.723: Total time for which application threads were stopped: 0.0001773 seconds, Stopping threads took: 0.0000423 seconds
2017-07-31T22:51:02.160+0000: 13.733: Total time for which application threads were stopped: 0.0001269 seconds, Stopping threads took: 0.0000419 seconds
2017-07-31T22:51:02.171+0000: 13.744: Total time for which application threads were stopped: 0.0006589 seconds, Stopping threads took: 0.0005674 seconds
2017-07-31T22:51:02.172+0000: 13.746: Total time for which application threads were stopped: 0.0000915 seconds, Stopping threads took: 0.0000303 seconds
2017-07-31T22:51:02.187+0000: 13.760: Total time for which application threads were stopped: 0.0003810 seconds, Stopping threads took: 0.0002945 seconds
2017-07-31T22:51:02.205+0000: 13.778: Total time for which application threads were stopped: 0.0001641 seconds, Stopping threads took: 0.0000507 seconds
2017-07-31T22:51:02.277+0000: 13.850: Total time for which application threads were stopped: 0.0001912 seconds, Stopping threads took: 0.0000474 seconds
2017-07-31T22:51:02.298+0000: 13.872: Total time for which application threads were stopped: 0.0003277 seconds, Stopping threads took: 0.0002356 seconds
2017-07-31T22:51:02.326+0000: 13.899: Total time for which application threads were stopped: 0.0001904 seconds, Stopping threads took: 0.0000418 seconds
2017-07-31T22:51:02.354+0000: 13.928: Total time for which application threads were stopped: 0.0001669 seconds, Stopping threads took: 0.0000678 seconds
2017-07-31T22:51:02.376+0000: 13.949: Total time for which application threads were stopped: 0.0001342 seconds, Stopping threads took: 0.0000412 seconds
2017-07-31T22:51:02.409+0000: 13.982: Total time for which application threads were stopped: 0.0001493 seconds, Stopping threads took: 0.0000419 seconds
2017-07-31T22:51:02.497+0000: 14.070: Total time for which application threads were stopped: 0.0011343 seconds, Stopping threads took: 0.0010419 seconds
2017-07-31T22:51:02.519+0000: 14.092: Total time for which application threads were stopped: 0.0044971 seconds, Stopping threads took: 0.0043920 seconds
2017-07-31T22:51:02.688+0000: 14.261: [CMS-concurrent-abortable-preclean: 2.010/2.503 secs] [Times: user=4.84 sys=0.08, real=2.50 secs] 
2017-07-31T22:51:02.688+0000: 14.262: [GC (CMS Final Remark) [YG occupancy: 102771 K (153344 K)]2017-07-31T22:51:02.688+0000: 14.262: [Rescan (parallel) , 0.0724646 secs]2017-07-31T22:51:02.761+0000: 14.334: [weak refs processing, 0.0002876 secs]2017-07-31T22:51:02.761+0000: 14.335: [class unloading, 0.0091818 secs]2017-07-31T22:51:02.770+0000: 14.344: [scrub symbol table, 0.0071895 secs]2017-07-31T22:51:02.778+0000: 14.351: [scrub string table, 0.0008404 secs][1 CMS-remark: 123807K(1926784K)] 226578K(2080128K), 0.0913065 secs] [Times: user=0.19 sys=0.00, real=0.09 secs] 
2017-07-31T22:51:02.780+0000: 14.353: Total time for which application threads were stopped: 0.0920795 seconds, Stopping threads took: 0.0005772 seconds
2017-07-31T22:51:02.781+0000: 14.354: [CMS-concurrent-sweep-start]
CMS: Large Block: 0x00000000922e4790; Proximity: 0x000000008ade9418 -> 0x00000000921a5b38
CMS: Large block 0x00000000922e4790
2017-07-31T22:51:02.903+0000: 14.476: [CMS-concurrent-sweep: 0.122/0.122 secs] [Times: user=0.24 sys=0.00, real=0.12 secs] 
2017-07-31T22:51:02.903+0000: 14.476: [CMS-concurrent-reset-start]
2017-07-31T22:51:02.917+0000: 14.491: [CMS-concurrent-reset: 0.015/0.015 secs] [Times: user=0.03 sys=0.00, real=0.02 secs] 
{Heap before GC invocations=11 (full 2):
 par new generation   total 153344K, used 153343K [0x0000000080000000, 0x000000008a660000, 0x000000008a660000)
  eden space 136320K, 100% used [0x0000000080000000, 0x0000000088520000, 0x0000000088520000)
  from space 17024K,  99% used [0x00000000895c0000, 0x000000008a65fff8, 0x000000008a660000)
  to   space 17024K,   0% used [0x0000000088520000, 0x0000000088520000, 0x00000000895c0000)
 concurrent mark-sweep generation total 1926784K, used 100697K [0x000000008a660000, 0x0000000100000000, 0x0000000100000000)
 Metaspace       used 54069K, capacity 57367K, committed 57572K, reserved 1099776K
  class space    used 7025K, capacity 7291K, committed 7328K, reserved 1048576K
2017-07-31T22:51:03.007+0000: 14.581: [GC (Allocation Failure) Before GC:
Statistics for BinaryTreeDictionary:
------------------------------------
Total Free Space: 232273348
Max   Chunk Size: 230307598
Number of Blocks: 241
Av.  Block  Size: 963789
Tree      Height: 16
2017-07-31T22:51:03.007+0000: 14.581: [ParNew
Desired survivor size 8716288 bytes, new threshold 1 (max 6)
- age   1:   13326960 bytes,   13326960 total
: 153343K->17024K(153344K), 0.0566608 secs] 254041K->129853K(2080128K)After GC:
Statistics for BinaryTreeDictionary:
------------------------------------
Total Free Space: 231558819
Max   Chunk Size: 230307598
Number of Blocks: 43
Av.  Block  Size: 5385088
Tree      Height: 14
, 0.0567861 secs] [Times: user=0.11 sys=0.00, real=0.06 secs] 
Heap after GC invocations=12 (full 2):
 par new generation   total 153344K, used 17024K [0x0000000080000000, 0x000000008a660000, 0x000000008a660000)
  eden space 136320K,   0% used [0x0000000080000000, 0x0000000080000000, 0x0000000088520000)
  from space 17024K, 100% used [0x0000000088520000, 0x00000000895c0000, 0x00000000895c0000)
  to   space 17024K,   0% used [0x00000000895c0000, 0x00000000895c0000, 0x000000008a660000)
 concurrent mark-sweep generation total 1926784K, used 112829K [0x000000008a660000, 0x0000000100000000, 0x0000000100000000)
 Metaspace       used 54069K, capacity 57367K, committed 57572K, reserved 1099776K
  class space    used 7025K, capacity 7291K, committed 7328K, reserved 1048576K
}
2017-07-31T22:51:03.064+0000: 14.637: Total time for which application threads were stopped: 0.0570730 seconds, Stopping threads took: 0.0000486 seconds
2017-07-31T22:51:03.077+0000: 14.650: Total time for which application threads were stopped: 0.0002604 seconds, Stopping threads took: 0.0001355 seconds
2017-07-31T22:51:03.077+0000: 14.650: Total time for which application threads were stopped: 0.0001498 seconds, Stopping threads took: 0.0000345 seconds
2017-07-31T22:51:03.077+0000: 14.650: Total time for which application threads were stopped: 0.0001263 seconds, Stopping threads took: 0.0000249 seconds
2017-07-31T22:51:03.077+0000: 14.651: Total time for which application threads were stopped: 0.0001392 seconds, Stopping threads took: 0.0000277 seconds
2017-07-31T22:51:03.077+0000: 14.651: Total time for which application threads were stopped: 0.0001375 seconds, Stopping threads took: 0.0000293 seconds
2017-07-31T22:51:03.078+0000: 14.651: Total time for which application threads were stopped: 0.0001462 seconds, Stopping threads took: 0.0000508 seconds
2017-07-31T22:51:03.078+0000: 14.651: Total time for which application threads were stopped: 0.0001607 seconds, Stopping threads took: 0.0000271 seconds
2017-07-31T22:51:03.078+0000: 14.651: Total time for which application threads were stopped: 0.0001547 seconds, Stopping threads took: 0.0000609 seconds
2017-07-31T22:51:03.078+0000: 14.652: Total time for which application threads were stopped: 0.0001546 seconds, Stopping threads took: 0.0000595 seconds
2017-07-31T22:51:03.079+0000: 14.652: Total time for which application threads were stopped: 0.0001302 seconds, Stopping threads took: 0.0000346 seconds
2017-07-31T22:51:03.301+0000: 14.874: Total time for which application threads were stopped: 0.0034022 seconds, Stopping threads took: 0.0029076 seconds
2017-07-31T22:51:03.447+0000: 15.020: Total time for which application threads were stopped: 0.0011296 seconds, Stopping threads took: 0.0009745 seconds
2017-07-31T22:51:03.481+0000: 15.054: Total time for which application threads were stopped: 0.0002054 seconds, Stopping threads took: 0.0000697 seconds
2017-07-31T22:51:03.492+0000: 15.065: Total time for which application threads were stopped: 0.0001456 seconds, Stopping threads took: 0.0000332 seconds
2017-07-31T22:51:03.532+0000: 15.105: Total time for which application threads were stopped: 0.0017499 seconds, Stopping threads took: 0.0015351 seconds
2017-07-31T22:51:03.551+0000: 15.125: Total time for which application threads were stopped: 0.0055408 seconds, Stopping threads took: 0.0053976 seconds
2017-07-31T22:51:03.551+0000: 15.125: Total time for which application threads were stopped: 0.0001184 seconds, Stopping threads took: 0.0000290 seconds
2017-07-31T22:51:03.552+0000: 15.125: Total time for which application threads were stopped: 0.0001104 seconds, Stopping threads took: 0.0000249 seconds
2017-07-31T22:51:03.591+0000: 15.164: Total time for which application threads were stopped: 0.0026095 seconds, Stopping threads took: 0.0025038 seconds
2017-07-31T22:51:03.633+0000: 15.206: Total time for which application threads were stopped: 0.0033584 seconds, Stopping threads took: 0.0032440 seconds
2017-07-31T22:51:03.634+0000: 15.208: Total time for which application threads were stopped: 0.0003336 seconds, Stopping threads took: 0.0002534 seconds
2017-07-31T22:51:03.640+0000: 15.214: Total time for which application threads were stopped: 0.0005750 seconds, Stopping threads took: 0.0000796 seconds
2017-07-31T22:51:03.643+0000: 15.217: Total time for which application threads were stopped: 0.0002492 seconds, Stopping threads took: 0.0000665 seconds
2017-07-31T22:51:03.658+0000: 15.232: Total time for which application threads were stopped: 0.0011458 seconds, Stopping threads took: 0.0010534 seconds
2017-07-31T22:51:03.659+0000: 15.232: Total time for which application threads were stopped: 0.0001113 seconds, Stopping threads took: 0.0000447 seconds
2017-07-31T22:51:03.687+0000: 15.260: Total time for which application threads were stopped: 0.0034117 seconds, Stopping threads took: 0.0032870 seconds
2017-07-31T22:51:03.707+0000: 15.281: Total time for which application threads were stopped: 0.0003283 seconds, Stopping threads took: 0.0001070 seconds
2017-07-31T22:51:03.788+0000: 15.361: Total time for which application threads were stopped: 0.0002219 seconds, Stopping threads took: 0.0000788 seconds
{Heap before GC invocations=12 (full 2):
 par new generation   total 153344K, used 153344K [0x0000000080000000, 0x000000008a660000, 0x000000008a660000)
  eden space 136320K, 100% used [0x0000000080000000, 0x0000000088520000, 0x0000000088520000)
  from space 17024K, 100% used [0x0000000088520000, 0x00000000895c0000, 0x00000000895c0000)
  to   space 17024K,   0% used [0x00000000895c0000, 0x00000000895c0000, 0x000000008a660000)
 concurrent mark-sweep generation total 1926784K, used 112829K [0x000000008a660000, 0x0000000100000000, 0x0000000100000000)
 Metaspace       used 58693K, capacity 62209K, committed 62232K, reserved 1103872K
  class space    used 7674K, capacity 7960K, committed 7968K, reserved 1048576K
2017-07-31T22:51:03.867+0000: 15.440: [GC (Allocation Failure) Before GC:
Statistics for BinaryTreeDictionary:
------------------------------------
Total Free Space: 231558819
Max   Chunk Size: 230307598
Number of Blocks: 43
Av.  Block  Size: 5385088
Tree      Height: 14
2017-07-31T22:51:03.867+0000: 15.440: [ParNew
Desired survivor size 8716288 bytes, new threshold 1 (max 6)
- age   1:    9363360 bytes,    9363360 total
: 153344K->13907K(153344K), 0.0444624 secs] 266173K->134846K(2080128K)After GC:
Statistics for BinaryTreeDictionary:
------------------------------------
Total Free Space: 230563722
Max   Chunk Size: 230307598
Number of Blocks: 10
Av.  Block  Size: 23056372
Tree      Height: 5
, 0.0445720 secs] [Times: user=0.09 sys=0.00, real=0.04 secs] 
Heap after GC invocations=13 (full 2):
 par new generation   total 153344K, used 13907K [0x0000000080000000, 0x000000008a660000, 0x000000008a660000)
  eden space 136320K,   0% used [0x0000000080000000, 0x0000000080000000, 0x0000000088520000)
  from space 17024K,  81% used [0x00000000895c0000, 0x000000008a354d38, 0x000000008a660000)
  to   space 17024K,   0% used [0x0000000088520000, 0x0000000088520000, 0x00000000895c0000)
 concurrent mark-sweep generation total 1926784K, used 120939K [0x000000008a660000, 0x0000000100000000, 0x0000000100000000)
 Metaspace       used 58693K, capacity 62209K, committed 62232K, reserved 1103872K
  class space    used 7674K, capacity 7960K, committed 7968K, reserved 1048576K
}
2017-07-31T22:51:03.911+0000: 15.485: Total time for which application threads were stopped: 0.0448728 seconds, Stopping threads took: 0.0000498 seconds
2017-07-31T22:51:04.016+0000: 15.589: Total time for which application threads were stopped: 0.0001785 seconds, Stopping threads took: 0.0000484 seconds
2017-07-31T22:51:04.017+0000: 15.590: Total time for which application threads were stopped: 0.0001447 seconds, Stopping threads took: 0.0000274 seconds
2017-07-31T22:51:04.063+0000: 15.636: Total time for which application threads were stopped: 0.0069147 seconds, Stopping threads took: 0.0067789 seconds
2017-07-31T22:51:04.063+0000: 15.636: Total time for which application threads were stopped: 0.0001065 seconds, Stopping threads took: 0.0000391 seconds
2017-07-31T22:51:04.063+0000: 15.637: Total time for which application threads were stopped: 0.0001472 seconds, Stopping threads took: 0.0000475 seconds
2017-07-31T22:51:04.067+0000: 15.640: Total time for which application threads were stopped: 0.0020925 seconds, Stopping threads took: 0.0019693 seconds
2017-07-31T22:51:04.075+0000: 15.648: Total time for which application threads were stopped: 0.0001414 seconds, Stopping threads took: 0.0000367 seconds
2017-07-31T22:51:04.501+0000: 16.074: Total time for which application threads were stopped: 0.0002355 seconds, Stopping threads took: 0.0000606 seconds
2017-07-31T22:51:04.522+0000: 16.095: Total time for which application threads were stopped: 0.0002558 seconds, Stopping threads took: 0.0001366 seconds
2017-07-31T22:51:04.522+0000: 16.095: Total time for which application threads were stopped: 0.0000942 seconds, Stopping threads took: 0.0000281 seconds
2017-07-31T22:51:04.526+0000: 16.100: Total time for which application threads were stopped: 0.0001111 seconds, Stopping threads took: 0.0000324 seconds
2017-07-31T22:51:04.534+0000: 16.107: Total time for which application threads were stopped: 0.0001108 seconds, Stopping threads took: 0.0000332 seconds
2017-07-31T22:51:04.674+0000: 16.247: Total time for which application threads were stopped: 0.0008541 seconds, Stopping threads took: 0.0006588 seconds
2017-07-31T22:51:04.692+0000: 16.265: Total time for which application threads were stopped: 0.0002158 seconds, Stopping threads took: 0.0000540 seconds
2017-07-31T22:51:04.692+0000: 16.265: Total time for which application threads were stopped: 0.0001532 seconds, Stopping threads took: 0.0000280 seconds
2017-07-31T22:51:04.692+0000: 16.265: Total time for which application threads were stopped: 0.0001344 seconds, Stopping threads took: 0.0000268 seconds
2017-07-31T22:51:04.692+0000: 16.265: Total time for which application threads were stopped: 0.0001319 seconds, Stopping threads took: 0.0000261 seconds
2017-07-31T22:51:04.692+0000: 16.266: Total time for which application threads were stopped: 0.0001358 seconds, Stopping threads took: 0.0000269 seconds
2017-07-31T22:51:04.693+0000: 16.266: Total time for which application threads were stopped: 0.0001478 seconds, Stopping threads took: 0.0000316 seconds
{Heap before GC invocations=13 (full 2):
 par new generation   total 153344K, used 150227K [0x0000000080000000, 0x000000008a660000, 0x000000008a660000)
  eden space 136320K, 100% used [0x0000000080000000, 0x0000000088520000, 0x0000000088520000)
  from space 17024K,  81% used [0x00000000895c0000, 0x000000008a354d38, 0x000000008a660000)
  to   space 17024K,   0% used [0x0000000088520000, 0x0000000088520000, 0x00000000895c0000)
 concurrent mark-sweep generation total 1926784K, used 120939K [0x000000008a660000, 0x0000000100000000, 0x0000000100000000)
 Metaspace       used 61399K, capacity 65057K, committed 65176K, reserved 1105920K
  class space    used 7996K, capacity 8292K, committed 8352K, reserved 1048576K
2017-07-31T22:51:04.793+0000: 16.366: [GC (Allocation Failure) Before GC:
Statistics for BinaryTreeDictionary:
------------------------------------
Total Free Space: 230563722
Max   Chunk Size: 230307598
Number of Blocks: 10
Av.  Block  Size: 23056372
Tree      Height: 5
2017-07-31T22:51:04.793+0000: 16.366: [ParNew
Desired survivor size 8716288 bytes, new threshold 1 (max 6)
- age   1:    8966424 bytes,    8966424 total
: 150227K->10480K(153344K), 0.0387270 secs] 271166K->136415K(2080128K)After GC:
Statistics for BinaryTreeDictionary:
------------------------------------
Total Free Space: 230080754
Max   Chunk Size: 230080240
Number of Blocks: 3
Av.  Block  Size: 76693584
Tree      Height: 2
, 0.0388132 secs] [Times: user=0.07 sys=0.00, real=0.03 secs] 
Heap after GC invocations=14 (full 2):
 par new generation   total 153344K, used 10480K [0x0000000080000000, 0x000000008a660000, 0x000000008a660000)
  eden space 136320K,   0% used [0x0000000080000000, 0x0000000080000000, 0x0000000088520000)
  from space 17024K,  61% used [0x0000000088520000, 0x0000000088f5c360, 0x00000000895c0000)
  to   space 17024K,   0% used [0x00000000895c0000, 0x00000000895c0000, 0x000000008a660000)
 concurrent mark-sweep generation total 1926784K, used 125934K [0x000000008a660000, 0x0000000100000000, 0x0000000100000000)
 Metaspace       used 61399K, capacity 65057K, committed 65176K, reserved 1105920K
  class space    used 7996K, capacity 8292K, committed 8352K, reserved 1048576K
}
2017-07-31T22:51:04.832+0000: 16.405: Total time for which application threads were stopped: 0.0391430 seconds, Stopping threads took: 0.0000597 seconds
2017-07-31T22:51:04.857+0000: 16.430: Total time for which application threads were stopped: 0.0022149 seconds, Stopping threads took: 0.0020122 seconds
2017-07-31T22:51:04.938+0000: 16.512: Total time for which application threads were stopped: 0.0004728 seconds, Stopping threads took: 0.0003435 seconds
2017-07-31T22:51:04.940+0000: 16.514: Total time for which application threads were stopped: 0.0001567 seconds, Stopping threads took: 0.0000343 seconds
2017-07-31T22:51:04.957+0000: 16.530: Total time for which application threads were stopped: 0.0001927 seconds, Stopping threads took: 0.0000372 seconds
2017-07-31T22:51:04.962+0000: 16.535: Total time for which application threads were stopped: 0.0001236 seconds, Stopping threads took: 0.0000367 seconds
2017-07-31T22:51:04.973+0000: 16.546: Total time for which application threads were stopped: 0.0002406 seconds, Stopping threads took: 0.0001058 seconds
2017-07-31T22:51:04.990+0000: 16.563: Total time for which application threads were stopped: 0.0031230 seconds, Stopping threads took: 0.0029842 seconds
2017-07-31T22:51:05.005+0000: 16.578: Total time for which application threads were stopped: 0.0013677 seconds, Stopping threads took: 0.0012256 seconds
2017-07-31T22:51:05.011+0000: 16.584: Total time for which application threads were stopped: 0.0008359 seconds, Stopping threads took: 0.0007157 seconds
2017-07-31T22:51:05.040+0000: 16.613: Total time for which application threads were stopped: 0.0002132 seconds, Stopping threads took: 0.0000606 seconds
2017-07-31T22:51:05.041+0000: 16.614: Total time for which application threads were stopped: 0.0001281 seconds, Stopping threads took: 0.0000316 seconds
2017-07-31T22:51:05.048+0000: 16.621: Total time for which application threads were stopped: 0.0001663 seconds, Stopping threads took: 0.0000484 seconds
2017-07-31T22:51:05.072+0000: 16.645: Total time for which application threads were stopped: 0.0009278 seconds, Stopping threads took: 0.0007173 seconds
2017-07-31T22:51:05.085+0000: 16.658: Total time for which application threads were stopped: 0.0001895 seconds, Stopping threads took: 0.0000453 seconds
2017-07-31T22:51:05.089+0000: 16.662: Total time for which application threads were stopped: 0.0001054 seconds, Stopping threads took: 0.0000321 seconds
2017-07-31T22:51:05.104+0000: 16.677: Total time for which application threads were stopped: 0.0009177 seconds, Stopping threads took: 0.0006990 seconds
2017-07-31T22:51:05.105+0000: 16.678: Total time for which application threads were stopped: 0.0008749 seconds, Stopping threads took: 0.0007167 seconds
2017-07-31T22:51:05.132+0000: 16.705: Total time for which application threads were stopped: 0.0008925 seconds, Stopping threads took: 0.0007233 seconds
2017-07-31T22:51:05.133+0000: 16.706: Total time for which application threads were stopped: 0.0011074 seconds, Stopping threads took: 0.0009999 seconds
2017-07-31T22:51:05.133+0000: 16.706: Total time for which application threads were stopped: 0.0001339 seconds, Stopping threads took: 0.0000287 seconds
2017-07-31T22:51:05.133+0000: 16.707: Total time for which application threads were stopped: 0.0001256 seconds, Stopping threads took: 0.0000278 seconds
2017-07-31T22:51:05.133+0000: 16.707: Total time for which application threads were stopped: 0.0001639 seconds, Stopping threads took: 0.0000280 seconds
2017-07-31T22:51:05.134+0000: 16.707: Total time for which application threads were stopped: 0.0001269 seconds, Stopping threads took: 0.0000288 seconds
2017-07-31T22:51:05.134+0000: 16.707: Total time for which application threads were stopped: 0.0001444 seconds, Stopping threads took: 0.0000272 seconds
2017-07-31T22:51:05.134+0000: 16.707: Total time for which application threads were stopped: 0.0001250 seconds, Stopping threads took: 0.0000273 seconds
2017-07-31T22:51:05.135+0000: 16.708: Total time for which application threads were stopped: 0.0001341 seconds, Stopping threads took: 0.0000287 seconds
2017-07-31T22:51:05.135+0000: 16.708: Total time for which application threads were stopped: 0.0001412 seconds, Stopping threads took: 0.0000350 seconds
2017-07-31T22:51:05.135+0000: 16.708: Total time for which application threads were stopped: 0.0001277 seconds, Stopping threads took: 0.0000274 seconds
2017-07-31T22:51:05.135+0000: 16.708: Total time for which application threads were stopped: 0.0001329 seconds, Stopping threads took: 0.0000281 seconds
2017-07-31T22:51:05.135+0000: 16.709: Total time for which application threads were stopped: 0.0001252 seconds, Stopping threads took: 0.0000271 seconds
2017-07-31T22:51:05.136+0000: 16.709: Total time for which application threads were stopped: 0.0001360 seconds, Stopping threads took: 0.0000278 seconds
2017-07-31T22:51:05.136+0000: 16.709: Total time for which application threads were stopped: 0.0001446 seconds, Stopping threads took: 0.0000281 seconds
2017-07-31T22:51:05.137+0000: 16.710: Total time for which application threads were stopped: 0.0006974 seconds, Stopping threads took: 0.0000281 seconds
2017-07-31T22:51:05.155+0000: 16.728: Total time for which application threads were stopped: 0.0002229 seconds, Stopping threads took: 0.0000373 seconds
2017-07-31T22:51:05.189+0000: 16.762: Total time for which application threads were stopped: 0.0059573 seconds, Stopping threads took: 0.0056939 seconds
2017-07-31T22:51:05.189+0000: 16.763: Total time for which application threads were stopped: 0.0001560 seconds, Stopping threads took: 0.0000303 seconds
2017-07-31T22:51:05.189+0000: 16.763: Total time for which application threads were stopped: 0.0001367 seconds, Stopping threads took: 0.0000274 seconds
2017-07-31T22:51:05.190+0000: 16.763: Total time for which application threads were stopped: 0.0001344 seconds, Stopping threads took: 0.0000276 seconds
2017-07-31T22:51:05.190+0000: 16.763: Total time for which application threads were stopped: 0.0001350 seconds, Stopping threads took: 0.0000268 seconds
2017-07-31T22:51:05.190+0000: 16.763: Total time for which application threads were stopped: 0.0001393 seconds, Stopping threads took: 0.0000277 seconds
2017-07-31T22:51:05.190+0000: 16.763: Total time for which application threads were stopped: 0.0001376 seconds, Stopping threads took: 0.0000274 seconds
2017-07-31T22:51:05.190+0000: 16.764: Total time for which application threads were stopped: 0.0001343 seconds, Stopping threads took: 0.0000271 seconds
2017-07-31T22:51:05.191+0000: 16.764: Total time for which application threads were stopped: 0.0001388 seconds, Stopping threads took: 0.0000274 seconds
2017-07-31T22:51:05.191+0000: 16.764: Total time for which application threads were stopped: 0.0001334 seconds, Stopping threads took: 0.0000274 seconds
2017-07-31T22:51:05.191+0000: 16.764: Total time for which application threads were stopped: 0.0001519 seconds, Stopping threads took: 0.0000271 seconds
2017-07-31T22:51:05.191+0000: 16.764: Total time for which application threads were stopped: 0.0001347 seconds, Stopping threads took: 0.0000279 seconds
2017-07-31T22:51:05.191+0000: 16.765: Total time for which application threads were stopped: 0.0001411 seconds, Stopping threads took: 0.0000270 seconds
2017-07-31T22:51:05.192+0000: 16.765: Total time for which application threads were stopped: 0.0001414 seconds, Stopping threads took: 0.0000290 seconds
2017-07-31T22:51:05.192+0000: 16.765: Total time for which application threads were stopped: 0.0001416 seconds, Stopping threads took: 0.0000283 seconds
2017-07-31T22:51:05.192+0000: 16.765: Total time for which application threads were stopped: 0.0001427 seconds, Stopping threads took: 0.0000339 seconds
2017-07-31T22:51:05.192+0000: 16.765: Total time for which application threads were stopped: 0.0001420 seconds, Stopping threads took: 0.0000281 seconds
2017-07-31T22:51:05.193+0000: 16.766: Total time for which application threads were stopped: 0.0007761 seconds, Stopping threads took: 0.0000265 seconds
2017-07-31T22:51:05.204+0000: 16.778: Total time for which application threads were stopped: 0.0008319 seconds, Stopping threads took: 0.0001519 seconds
2017-07-31T22:51:05.224+0000: 16.797: Total time for which application threads were stopped: 0.0003989 seconds, Stopping threads took: 0.0002496 seconds
2017-07-31T22:51:05.262+0000: 16.835: Total time for which application threads were stopped: 0.0009516 seconds, Stopping threads took: 0.0007681 seconds
2017-07-31T22:51:05.291+0000: 16.864: Total time for which application threads were stopped: 0.0005489 seconds, Stopping threads took: 0.0003427 seconds
2017-07-31T22:51:05.310+0000: 16.884: Total time for which application threads were stopped: 0.0060907 seconds, Stopping threads took: 0.0058763 seconds
2017-07-31T22:51:05.317+0000: 16.890: Total time for which application threads were stopped: 0.0001961 seconds, Stopping threads took: 0.0000443 seconds
2017-07-31T22:51:05.317+0000: 16.890: Total time for which application threads were stopped: 0.0001305 seconds, Stopping threads took: 0.0000278 seconds
2017-07-31T22:51:05.317+0000: 16.891: Total time for which application threads were stopped: 0.0001493 seconds, Stopping threads took: 0.0000308 seconds
2017-07-31T22:51:05.318+0000: 16.891: Total time for which application threads were stopped: 0.0001294 seconds, Stopping threads took: 0.0000275 seconds
2017-07-31T22:51:05.318+0000: 16.891: Total time for which application threads were stopped: 0.0001277 seconds, Stopping threads took: 0.0000262 seconds
2017-07-31T22:51:05.318+0000: 16.892: Total time for which application threads were stopped: 0.0001382 seconds, Stopping threads took: 0.0000293 seconds
2017-07-31T22:51:05.398+0000: 16.972: Total time for which application threads were stopped: 0.0016654 seconds, Stopping threads took: 0.0009767 seconds
2017-07-31T22:51:05.429+0000: 17.002: Total time for which application threads were stopped: 0.0001822 seconds, Stopping threads took: 0.0000600 seconds
2017-07-31T22:51:05.500+0000: 17.073: Total time for which application threads were stopped: 0.0002320 seconds, Stopping threads took: 0.0000838 seconds
2017-07-31T22:51:05.608+0000: 17.181: Total time for which application threads were stopped: 0.0009359 seconds, Stopping threads took: 0.0007852 seconds
2017-07-31T22:51:05.619+0000: 17.192: Total time for which application threads were stopped: 0.0003183 seconds, Stopping threads took: 0.0001823 seconds
2017-07-31T22:51:05.619+0000: 17.192: Total time for which application threads were stopped: 0.0001203 seconds, Stopping threads took: 0.0000296 seconds
2017-07-31T22:51:05.814+0000: 17.387: Total time for which application threads were stopped: 0.0187362 seconds, Stopping threads took: 0.0185527 seconds
2017-07-31T22:51:05.837+0000: 17.410: Total time for which application threads were stopped: 0.0008961 seconds, Stopping threads took: 0.0007598 seconds
2017-07-31T22:51:05.837+0000: 17.410: Total time for which application threads were stopped: 0.0001078 seconds, Stopping threads took: 0.0000303 seconds
2017-07-31T22:51:05.846+0000: 17.419: Total time for which application threads were stopped: 0.0001151 seconds, Stopping threads took: 0.0000324 seconds
2017-07-31T22:51:05.846+0000: 17.420: Total time for which application threads were stopped: 0.0001022 seconds, Stopping threads took: 0.0000284 seconds
2017-07-31T22:51:05.847+0000: 17.420: Total time for which application threads were stopped: 0.0001058 seconds, Stopping threads took: 0.0000294 seconds
2017-07-31T22:51:05.861+0000: 17.434: Total time for which application threads were stopped: 0.0001858 seconds, Stopping threads took: 0.0000459 seconds
2017-07-31T22:51:05.897+0000: 17.471: Total time for which application threads were stopped: 0.0001621 seconds, Stopping threads took: 0.0000522 seconds
2017-07-31T22:51:05.897+0000: 17.471: Total time for which application threads were stopped: 0.0000955 seconds, Stopping threads took: 0.0000304 seconds
2017-07-31T22:51:05.898+0000: 17.471: Total time for which application threads were stopped: 0.0000925 seconds, Stopping threads took: 0.0000275 seconds
2017-07-31T22:51:05.900+0000: 17.473: Total time for which application threads were stopped: 0.0001017 seconds, Stopping threads took: 0.0000312 seconds
2017-07-31T22:51:05.901+0000: 17.474: Total time for which application threads were stopped: 0.0000997 seconds, Stopping threads took: 0.0000327 seconds
2017-07-31T22:51:05.902+0000: 17.475: Total time for which application threads were stopped: 0.0000974 seconds, Stopping threads took: 0.0000315 seconds
2017-07-31T22:51:05.902+0000: 17.476: Total time for which application threads were stopped: 0.0000923 seconds, Stopping threads took: 0.0000285 seconds
2017-07-31T22:51:05.903+0000: 17.476: Total time for which application threads were stopped: 0.0000923 seconds, Stopping threads took: 0.0000264 seconds
2017-07-31T22:51:05.911+0000: 17.485: Total time for which application threads were stopped: 0.0001104 seconds, Stopping threads took: 0.0000376 seconds
2017-07-31T22:51:05.912+0000: 17.485: Total time for which application threads were stopped: 0.0000934 seconds, Stopping threads took: 0.0000301 seconds
2017-07-31T22:51:05.918+0000: 17.491: Total time for which application threads were stopped: 0.0008725 seconds, Stopping threads took: 0.0007851 seconds
2017-07-31T22:51:05.918+0000: 17.492: Total time for which application threads were stopped: 0.0000965 seconds, Stopping threads took: 0.0000304 seconds
2017-07-31T22:51:05.919+0000: 17.492: Total time for which application threads were stopped: 0.0000982 seconds, Stopping threads took: 0.0000373 seconds
2017-07-31T22:51:05.919+0000: 17.492: Total time for which application threads were stopped: 0.0000918 seconds, Stopping threads took: 0.0000282 seconds
2017-07-31T22:51:05.921+0000: 17.494: Total time for which application threads were stopped: 0.0001059 seconds, Stopping threads took: 0.0000292 seconds
2017-07-31T22:51:05.929+0000: 17.502: Total time for which application threads were stopped: 0.0001393 seconds, Stopping threads took: 0.0000435 seconds
2017-07-31T22:51:05.932+0000: 17.506: Total time for which application threads were stopped: 0.0001033 seconds, Stopping threads took: 0.0000302 seconds
2017-07-31T22:51:05.935+0000: 17.508: Total time for which application threads were stopped: 0.0000953 seconds, Stopping threads took: 0.0000316 seconds
2017-07-31T22:51:05.935+0000: 17.509: Total time for which application threads were stopped: 0.0000968 seconds, Stopping threads took: 0.0000305 seconds
2017-07-31T22:51:05.937+0000: 17.510: Total time for which application threads were stopped: 0.0000965 seconds, Stopping threads took: 0.0000300 seconds
2017-07-31T22:51:05.941+0000: 17.515: Total time for which application threads were stopped: 0.0000962 seconds, Stopping threads took: 0.0000327 seconds
2017-07-31T22:51:05.952+0000: 17.525: Total time for which application threads were stopped: 0.0001281 seconds, Stopping threads took: 0.0000350 seconds
2017-07-31T22:51:05.975+0000: 17.548: Total time for which application threads were stopped: 0.0009383 seconds, Stopping threads took: 0.0008024 seconds
2017-07-31T22:51:06.040+0000: 17.614: Total time for which application threads were stopped: 0.0037392 seconds, Stopping threads took: 0.0036214 seconds
2017-07-31T22:51:06.054+0000: 17.627: Total time for which application threads were stopped: 0.0001384 seconds, Stopping threads took: 0.0000406 seconds
2017-07-31T22:51:06.067+0000: 17.641: Total time for which application threads were stopped: 0.0009901 seconds, Stopping threads took: 0.0008400 seconds
2017-07-31T22:51:06.068+0000: 17.641: Total time for which application threads were stopped: 0.0001212 seconds, Stopping threads took: 0.0000315 seconds
2017-07-31T22:51:06.088+0000: 17.661: Total time for which application threads were stopped: 0.0002402 seconds, Stopping threads took: 0.0000817 seconds
2017-07-31T22:51:06.127+0000: 17.701: Total time for which application threads were stopped: 0.0017325 seconds, Stopping threads took: 0.0015600 seconds
2017-07-31T22:51:06.147+0000: 17.720: Total time for which application threads were stopped: 0.0001543 seconds, Stopping threads took: 0.0000598 seconds
2017-07-31T22:51:06.150+0000: 17.724: Total time for which application threads were stopped: 0.0001677 seconds, Stopping threads took: 0.0001068 seconds
2017-07-31T22:51:06.151+0000: 17.724: Total time for which application threads were stopped: 0.0000657 seconds, Stopping threads took: 0.0000225 seconds
2017-07-31T22:51:06.160+0000: 17.733: Total time for which application threads were stopped: 0.0000980 seconds, Stopping threads took: 0.0000497 seconds
2017-07-31T22:51:06.180+0000: 17.753: Total time for which application threads were stopped: 0.0001684 seconds, Stopping threads took: 0.0000776 seconds
2017-07-31T22:51:06.185+0000: 17.758: Total time for which application threads were stopped: 0.0002976 seconds, Stopping threads took: 0.0000355 seconds
2017-07-31T22:51:06.195+0000: 17.768: Total time for which application threads were stopped: 0.0001593 seconds, Stopping threads took: 0.0000540 seconds
2017-07-31T22:51:06.212+0000: 17.785: Total time for which application threads were stopped: 0.0015874 seconds, Stopping threads took: 0.0014367 seconds
2017-07-31T22:51:06.219+0000: 17.793: Total time for which application threads were stopped: 0.0003050 seconds, Stopping threads took: 0.0000374 seconds
2017-07-31T22:51:06.229+0000: 17.802: Total time for which application threads were stopped: 0.0007840 seconds, Stopping threads took: 0.0007178 seconds
2017-07-31T22:51:06.246+0000: 17.819: Total time for which application threads were stopped: 0.0010746 seconds, Stopping threads took: 0.0009194 seconds
{Heap before GC invocations=14 (full 2):
 par new generation   total 153344K, used 146800K [0x0000000080000000, 0x000000008a660000, 0x000000008a660000)
  eden space 136320K, 100% used [0x0000000080000000, 0x0000000088520000, 0x0000000088520000)
  from space 17024K,  61% used [0x0000000088520000, 0x0000000088f5c360, 0x00000000895c0000)
  to   space 17024K,   0% used [0x00000000895c0000, 0x00000000895c0000, 0x000000008a660000)
 concurrent mark-sweep generation total 1926784K, used 125934K [0x000000008a660000, 0x0000000100000000, 0x0000000100000000)
 Metaspace       used 66955K, capacity 70991K, committed 71064K, reserved 1112064K
  class space    used 8764K, capacity 9061K, committed 9120K, reserved 1048576K
2017-07-31T22:51:06.265+0000: 17.839: [GC (Allocation Failure) Before GC:
Statistics for BinaryTreeDictionary:
------------------------------------
Total Free Space: 230080754
Max   Chunk Size: 230080240
Number of Blocks: 3
Av.  Block  Size: 76693584
Tree      Height: 2
2017-07-31T22:51:06.265+0000: 17.839: [ParNew
Desired survivor size 8716288 bytes, new threshold 1 (max 6)
- age   1:   12389784 bytes,   12389784 total
: 146800K->15856K(153344K), 0.0451628 secs] 272735K->146489K(2080128K)After GC:
Statistics for BinaryTreeDictionary:
------------------------------------
Total Free Space: 229502606
Max   Chunk Size: 229502092
Number of Blocks: 3
Av.  Block  Size: 76500868
Tree      Height: 2
, 0.0452669 secs] [Times: user=0.08 sys=0.00, real=0.04 secs] 
Heap after GC invocations=15 (full 2):
 par new generation   total 153344K, used 15856K [0x0000000080000000, 0x000000008a660000, 0x000000008a660000)
  eden space 136320K,   0% used [0x0000000080000000, 0x0000000080000000, 0x0000000088520000)
  from space 17024K,  93% used [0x00000000895c0000, 0x000000008a53c218, 0x000000008a660000)
  to   space 17024K,   0% used [0x0000000088520000, 0x0000000088520000, 0x00000000895c0000)
 concurrent mark-sweep generation total 1926784K, used 130632K [0x000000008a660000, 0x0000000100000000, 0x0000000100000000)
 Metaspace       used 66955K, capacity 70991K, committed 71064K, reserved 1112064K
  class space    used 8764K, capacity 9061K, committed 9120K, reserved 1048576K
}
2017-07-31T22:51:06.311+0000: 17.884: Total time for which application threads were stopped: 0.0455508 seconds, Stopping threads took: 0.0000514 seconds
2017-07-31T22:51:06.341+0000: 17.914: Total time for which application threads were stopped: 0.0008173 seconds, Stopping threads took: 0.0000531 seconds
2017-07-31T22:51:06.374+0000: 17.947: Total time for which application threads were stopped: 0.0001953 seconds, Stopping threads took: 0.0000565 seconds
2017-07-31T22:51:06.374+0000: 17.948: Total time for which application threads were stopped: 0.0001197 seconds, Stopping threads took: 0.0000311 seconds
2017-07-31T22:51:06.404+0000: 17.978: Total time for which application threads were stopped: 0.0001952 seconds, Stopping threads took: 0.0000504 seconds
2017-07-31T22:51:06.405+0000: 17.978: Total time for which application threads were stopped: 0.0000726 seconds, Stopping threads took: 0.0000198 seconds
2017-07-31T22:51:06.405+0000: 17.978: Total time for which application threads were stopped: 0.0001249 seconds, Stopping threads took: 0.0000508 seconds
2017-07-31T22:51:06.405+0000: 17.978: Total time for which application threads were stopped: 0.0001275 seconds, Stopping threads took: 0.0000277 seconds
2017-07-31T22:51:06.405+0000: 17.978: Total time for which application threads were stopped: 0.0001148 seconds, Stopping threads took: 0.0000306 seconds
2017-07-31T22:51:06.405+0000: 17.978: Total time for which application threads were stopped: 0.0001139 seconds, Stopping threads took: 0.0000286 seconds
2017-07-31T22:51:06.405+0000: 17.979: Total time for which application threads were stopped: 0.0001105 seconds, Stopping threads took: 0.0000276 seconds
2017-07-31T22:51:06.405+0000: 17.979: Total time for which application threads were stopped: 0.0001224 seconds, Stopping threads took: 0.0000281 seconds
2017-07-31T22:51:06.406+0000: 17.979: Total time for which application threads were stopped: 0.0001140 seconds, Stopping threads took: 0.0000281 seconds
2017-07-31T22:51:06.406+0000: 17.979: Total time for which application threads were stopped: 0.0001128 seconds, Stopping threads took: 0.0000278 seconds
2017-07-31T22:51:06.406+0000: 17.979: Total time for which application threads were stopped: 0.0001239 seconds, Stopping threads took: 0.0000283 seconds
2017-07-31T22:51:06.406+0000: 17.979: Total time for which application threads were stopped: 0.0001139 seconds, Stopping threads took: 0.0000288 seconds
2017-07-31T22:51:06.406+0000: 17.979: Total time for which application threads were stopped: 0.0001120 seconds, Stopping threads took: 0.0000280 seconds
2017-07-31T22:51:06.406+0000: 17.980: Total time for which application threads were stopped: 0.0001134 seconds, Stopping threads took: 0.0000279 seconds
2017-07-31T22:51:06.406+0000: 17.980: Total time for which application threads were stopped: 0.0001114 seconds, Stopping threads took: 0.0000282 seconds
2017-07-31T22:51:06.407+0000: 17.980: Total time for which application threads were stopped: 0.0001158 seconds, Stopping threads took: 0.0000264 seconds
2017-07-31T22:51:06.407+0000: 17.980: Total time for which application threads were stopped: 0.0001115 seconds, Stopping threads took: 0.0000268 seconds
2017-07-31T22:51:06.407+0000: 17.980: Total time for which application threads were stopped: 0.0001204 seconds, Stopping threads took: 0.0000274 seconds
2017-07-31T22:51:06.407+0000: 17.980: Total time for which application threads were stopped: 0.0001429 seconds, Stopping threads took: 0.0000283 seconds
2017-07-31T22:51:06.407+0000: 17.981: Total time for which application threads were stopped: 0.0002944 seconds, Stopping threads took: 0.0000291 seconds
2017-07-31T22:51:06.589+0000: 18.162: Total time for which application threads were stopped: 0.0002206 seconds, Stopping threads took: 0.0000465 seconds
2017-07-31T22:51:06.591+0000: 18.165: Total time for which application threads were stopped: 0.0007677 seconds, Stopping threads took: 0.0000325 seconds
2017-07-31T22:51:06.676+0000: 18.249: Total time for which application threads were stopped: 0.0002038 seconds, Stopping threads took: 0.0000457 seconds
2017-07-31T22:51:06.676+0000: 18.249: Total time for which application threads were stopped: 0.0001304 seconds, Stopping threads took: 0.0000421 seconds
2017-07-31T22:51:06.676+0000: 18.249: Total time for which application threads were stopped: 0.0001233 seconds, Stopping threads took: 0.0000284 seconds
2017-07-31T22:51:06.677+0000: 18.250: Total time for which application threads were stopped: 0.0001178 seconds, Stopping threads took: 0.0000300 seconds
2017-07-31T22:51:06.681+0000: 18.255: Total time for which application threads were stopped: 0.0001003 seconds, Stopping threads took: 0.0000179 seconds
2017-07-31T22:51:06.787+0000: 18.360: Total time for which application threads were stopped: 0.0002160 seconds, Stopping threads took: 0.0000502 seconds
2017-07-31T22:51:06.788+0000: 18.361: Total time for which application threads were stopped: 0.0001201 seconds, Stopping threads took: 0.0000409 seconds
2017-07-31T22:51:06.788+0000: 18.362: Total time for which application threads were stopped: 0.0001094 seconds, Stopping threads took: 0.0000301 seconds
2017-07-31T22:51:06.794+0000: 18.367: Total time for which application threads were stopped: 0.0001443 seconds, Stopping threads took: 0.0000387 seconds
2017-07-31T22:51:06.801+0000: 18.375: Total time for which application threads were stopped: 0.0001265 seconds, Stopping threads took: 0.0000360 seconds
2017-07-31T22:51:06.912+0000: 18.486: Total time for which application threads were stopped: 0.0002456 seconds, Stopping threads took: 0.0000633 seconds
2017-07-31T22:51:06.912+0000: 18.486: Total time for which application threads were stopped: 0.0001351 seconds, Stopping threads took: 0.0000384 seconds
2017-07-31T22:51:06.913+0000: 18.486: Total time for which application threads were stopped: 0.0001231 seconds, Stopping threads took: 0.0000371 seconds
2017-07-31T22:51:07.708+0000: 19.281: Total time for which application threads were stopped: 0.0012572 seconds, Stopping threads took: 0.0010232 seconds
2017-07-31T22:51:07.744+0000: 19.317: Total time for which application threads were stopped: 0.0001934 seconds, Stopping threads took: 0.0000402 seconds
2017-07-31T22:51:07.750+0000: 19.324: Total time for which application threads were stopped: 0.0001347 seconds, Stopping threads took: 0.0000409 seconds
2017-07-31T22:51:07.808+0000: 19.381: Total time for which application threads were stopped: 0.0010072 seconds, Stopping threads took: 0.0000545 seconds
2017-07-31T22:51:07.948+0000: 19.522: Total time for which application threads were stopped: 0.0002282 seconds, Stopping threads took: 0.0000502 seconds
2017-07-31T22:51:07.956+0000: 19.530: Total time for which application threads were stopped: 0.0001658 seconds, Stopping threads took: 0.0000402 seconds
2017-07-31T22:51:07.957+0000: 19.530: Total time for which application threads were stopped: 0.0001200 seconds, Stopping threads took: 0.0000331 seconds
2017-07-31T22:51:07.957+0000: 19.530: Total time for which application threads were stopped: 0.0001108 seconds, Stopping threads took: 0.0000286 seconds
2017-07-31T22:51:07.957+0000: 19.530: Total time for which application threads were stopped: 0.0001162 seconds, Stopping threads took: 0.0000275 seconds
2017-07-31T22:51:07.966+0000: 19.539: Total time for which application threads were stopped: 0.0001444 seconds, Stopping threads took: 0.0000387 seconds
2017-07-31T22:51:07.968+0000: 19.541: Total time for which application threads were stopped: 0.0001319 seconds, Stopping threads took: 0.0000426 seconds
2017-07-31T22:51:07.969+0000: 19.543: Total time for which application threads were stopped: 0.0001209 seconds, Stopping threads took: 0.0000315 seconds
2017-07-31T22:51:07.982+0000: 19.555: Total time for which application threads were stopped: 0.0049253 seconds, Stopping threads took: 0.0047650 seconds
2017-07-31T22:51:07.982+0000: 19.556: Total time for which application threads were stopped: 0.0001201 seconds, Stopping threads took: 0.0000335 seconds
2017-07-31T22:51:07.982+0000: 19.556: Total time for which application threads were stopped: 0.0001127 seconds, Stopping threads took: 0.0000294 seconds
2017-07-31T22:51:07.983+0000: 19.556: Total time for which application threads were stopped: 0.0001147 seconds, Stopping threads took: 0.0000290 seconds
2017-07-31T22:51:07.983+0000: 19.556: Total time for which application threads were stopped: 0.0001267 seconds, Stopping threads took: 0.0000301 seconds
2017-07-31T22:51:07.983+0000: 19.556: Total time for which application threads were stopped: 0.0001163 seconds, Stopping threads took: 0.0000312 seconds
2017-07-31T22:51:07.983+0000: 19.557: Total time for which application threads were stopped: 0.0001154 seconds, Stopping threads took: 0.0000299 seconds
2017-07-31T22:51:07.983+0000: 19.557: Total time for which application threads were stopped: 0.0001144 seconds, Stopping threads took: 0.0000298 seconds
2017-07-31T22:51:07.984+0000: 19.557: Total time for which application threads were stopped: 0.0001094 seconds, Stopping threads took: 0.0000293 seconds
2017-07-31T22:51:07.984+0000: 19.557: Total time for which application threads were stopped: 0.0001132 seconds, Stopping threads took: 0.0000303 seconds
2017-07-31T22:51:07.984+0000: 19.557: Total time for which application threads were stopped: 0.0001228 seconds, Stopping threads took: 0.0000287 seconds
2017-07-31T22:51:07.984+0000: 19.557: Total time for which application threads were stopped: 0.0001160 seconds, Stopping threads took: 0.0000295 seconds
2017-07-31T22:51:07.984+0000: 19.557: Total time for which application threads were stopped: 0.0001142 seconds, Stopping threads took: 0.0000297 seconds
2017-07-31T22:51:07.984+0000: 19.558: Total time for which application threads were stopped: 0.0001132 seconds, Stopping threads took: 0.0000298 seconds
2017-07-31T22:51:07.990+0000: 19.563: Total time for which application threads were stopped: 0.0001370 seconds, Stopping threads took: 0.0000342 seconds
2017-07-31T22:51:07.990+0000: 19.563: Total time for which application threads were stopped: 0.0001276 seconds, Stopping threads took: 0.0000413 seconds
2017-07-31T22:51:07.990+0000: 19.563: Total time for which application threads were stopped: 0.0001168 seconds, Stopping threads took: 0.0000303 seconds
2017-07-31T22:51:07.990+0000: 19.564: Total time for which application threads were stopped: 0.0001155 seconds, Stopping threads took: 0.0000292 seconds
2017-07-31T22:51:07.990+0000: 19.564: Total time for which application threads were stopped: 0.0001212 seconds, Stopping threads took: 0.0000291 seconds
2017-07-31T22:51:07.991+0000: 19.564: Total time for which application threads were stopped: 0.0004350 seconds, Stopping threads took: 0.0000295 seconds
2017-07-31T22:51:07.992+0000: 19.565: Total time for which application threads were stopped: 0.0001286 seconds, Stopping threads took: 0.0000338 seconds
2017-07-31T22:51:07.992+0000: 19.565: Total time for which application threads were stopped: 0.0001163 seconds, Stopping threads took: 0.0000303 seconds
2017-07-31T22:51:08.019+0000: 19.592: Total time for which application threads were stopped: 0.0002395 seconds, Stopping threads took: 0.0000504 seconds
2017-07-31T22:51:08.424+0000: 19.997: Total time for which application threads were stopped: 0.0002274 seconds, Stopping threads took: 0.0000595 seconds
2017-07-31T22:51:08.426+0000: 19.999: Total time for which application threads were stopped: 0.0013197 seconds, Stopping threads took: 0.0012110 seconds
2017-07-31T22:51:08.427+0000: 20.000: Total time for which application threads were stopped: 0.0001157 seconds, Stopping threads took: 0.0000323 seconds
2017-07-31T22:51:08.427+0000: 20.000: Total time for which application threads were stopped: 0.0001080 seconds, Stopping threads took: 0.0000304 seconds
2017-07-31T22:51:08.427+0000: 20.000: Total time for which application threads were stopped: 0.0001062 seconds, Stopping threads took: 0.0000293 seconds
2017-07-31T22:51:08.427+0000: 20.000: Total time for which application threads were stopped: 0.0001097 seconds, Stopping threads took: 0.0000312 seconds
2017-07-31T22:51:08.427+0000: 20.000: Total time for which application threads were stopped: 0.0001091 seconds, Stopping threads took: 0.0000303 seconds
2017-07-31T22:51:08.427+0000: 20.001: Total time for which application threads were stopped: 0.0001055 seconds, Stopping threads took: 0.0000289 seconds
2017-07-31T22:51:08.427+0000: 20.001: Total time for which application threads were stopped: 0.0001046 seconds, Stopping threads took: 0.0000285 seconds
2017-07-31T22:51:08.428+0000: 20.001: Total time for which application threads were stopped: 0.0001222 seconds, Stopping threads took: 0.0000328 seconds
2017-07-31T22:51:08.428+0000: 20.001: Total time for which application threads were stopped: 0.0001225 seconds, Stopping threads took: 0.0000348 seconds
2017-07-31T22:51:08.434+0000: 20.008: Total time for which application threads were stopped: 0.0001459 seconds, Stopping threads took: 0.0000371 seconds
2017-07-31T22:51:08.447+0000: 20.021: Total time for which application threads were stopped: 0.0013632 seconds, Stopping threads took: 0.0012102 seconds
2017-07-31T22:51:08.448+0000: 20.021: Total time for which application threads were stopped: 0.0001098 seconds, Stopping threads took: 0.0000305 seconds
2017-07-31T22:51:08.448+0000: 20.022: Total time for which application threads were stopped: 0.0001151 seconds, Stopping threads took: 0.0000296 seconds
2017-07-31T22:51:08.451+0000: 20.024: Total time for which application threads were stopped: 0.0001194 seconds, Stopping threads took: 0.0000344 seconds
2017-07-31T22:51:08.909+0000: 20.483: Total time for which application threads were stopped: 0.0144889 seconds, Stopping threads took: 0.0141981 seconds
2017-07-31T22:51:08.948+0000: 20.522: Total time for which application threads were stopped: 0.0013423 seconds, Stopping threads took: 0.0011065 seconds
2017-07-31T22:51:08.949+0000: 20.522: Total time for which application threads were stopped: 0.0001626 seconds, Stopping threads took: 0.0000448 seconds
{Heap before GC invocations=15 (full 2):
 par new generation   total 153344K, used 152176K [0x0000000080000000, 0x000000008a660000, 0x000000008a660000)
  eden space 136320K, 100% used [0x0000000080000000, 0x0000000088520000, 0x0000000088520000)
  from space 17024K,  93% used [0x00000000895c0000, 0x000000008a53c218, 0x000000008a660000)
  to   space 17024K,   0% used [0x0000000088520000, 0x0000000088520000, 0x00000000895c0000)
 concurrent mark-sweep generation total 1926784K, used 130632K [0x000000008a660000, 0x0000000100000000, 0x0000000100000000)
 Metaspace       used 71164K, capacity 75685K, committed 75928K, reserved 1116160K
  class space    used 9269K, capacity 9616K, committed 9632K, reserved 1048576K
2017-07-31T22:51:08.968+0000: 20.541: [GC (Allocation Failure) Before GC:
Statistics for BinaryTreeDictionary:
------------------------------------
Total Free Space: 229502606
Max   Chunk Size: 229502092
Number of Blocks: 3
Av.  Block  Size: 76500868
Tree      Height: 2
2017-07-31T22:51:08.968+0000: 20.541: [ParNew
Desired survivor size 8716288 bytes, new threshold 1 (max 6)
- age   1:    9287656 bytes,    9287656 total
: 152176K->13966K(153344K), 0.0889499 secs] 282809K->152775K(2080128K)After GC:
Statistics for BinaryTreeDictionary:
------------------------------------
Total Free Space: 228532240
Max   Chunk Size: 228531726
Number of Blocks: 3
Av.  Block  Size: 76177413
Tree      Height: 2
, 0.0890656 secs] [Times: user=0.18 sys=0.01, real=0.09 secs] 
Heap after GC invocations=16 (full 2):
 par new generation   total 153344K, used 13966K [0x0000000080000000, 0x000000008a660000, 0x000000008a660000)
  eden space 136320K,   0% used [0x0000000080000000, 0x0000000080000000, 0x0000000088520000)
  from space 17024K,  82% used [0x0000000088520000, 0x00000000892c3918, 0x00000000895c0000)
  to   space 17024K,   0% used [0x00000000895c0000, 0x00000000895c0000, 0x000000008a660000)
 concurrent mark-sweep generation total 1926784K, used 138809K [0x000000008a660000, 0x0000000100000000, 0x0000000100000000)
 Metaspace       used 71164K, capacity 75685K, committed 75928K, reserved 1116160K
  class space    used 9269K, capacity 9616K, committed 9632K, reserved 1048576K
}
2017-07-31T22:51:09.057+0000: 20.630: Total time for which application threads were stopped: 0.0894537 seconds, Stopping threads took: 0.0000623 seconds
2017-07-31T22:51:09.087+0000: 20.660: Total time for which application threads were stopped: 0.0016514 seconds, Stopping threads took: 0.0014716 seconds
2017-07-31T22:51:09.107+0000: 20.680: Total time for which application threads were stopped: 0.0014785 seconds, Stopping threads took: 0.0012581 seconds
2017-07-31T22:51:09.126+0000: 20.699: Total time for which application threads were stopped: 0.0014042 seconds, Stopping threads took: 0.0011396 seconds
2017-07-31T22:51:09.164+0000: 20.737: Total time for which application threads were stopped: 0.0013259 seconds, Stopping threads took: 0.0010691 seconds
2017-07-31T22:51:09.183+0000: 20.756: Total time for which application threads were stopped: 0.0002668 seconds, Stopping threads took: 0.0000864 seconds
2017-07-31T22:51:09.214+0000: 20.788: Total time for which application threads were stopped: 0.0002987 seconds, Stopping threads took: 0.0000914 seconds
2017-07-31T22:51:09.253+0000: 20.826: Total time for which application threads were stopped: 0.0002157 seconds, Stopping threads took: 0.0000628 seconds
2017-07-31T22:51:09.286+0000: 20.860: Total time for which application threads were stopped: 0.0003871 seconds, Stopping threads took: 0.0002075 seconds
2017-07-31T22:51:09.288+0000: 20.861: Total time for which application threads were stopped: 0.0001732 seconds, Stopping threads took: 0.0000545 seconds
2017-07-31T22:51:09.321+0000: 20.895: Total time for which application threads were stopped: 0.0012577 seconds, Stopping threads took: 0.0010630 seconds
2017-07-31T22:51:09.336+0000: 20.909: Total time for which application threads were stopped: 0.0002398 seconds, Stopping threads took: 0.0000759 seconds
2017-07-31T22:51:09.353+0000: 20.926: Total time for which application threads were stopped: 0.0002617 seconds, Stopping threads took: 0.0000687 seconds
2017-07-31T22:51:09.353+0000: 20.927: Total time for which application threads were stopped: 0.0001503 seconds, Stopping threads took: 0.0000428 seconds
2017-07-31T22:51:09.354+0000: 20.927: Total time for which application threads were stopped: 0.0001388 seconds, Stopping threads took: 0.0000542 seconds
2017-07-31T22:51:09.427+0000: 21.000: Total time for which application threads were stopped: 0.0040303 seconds, Stopping threads took: 0.0037592 seconds
2017-07-31T22:51:09.434+0000: 21.008: Total time for which application threads were stopped: 0.0002052 seconds, Stopping threads took: 0.0000409 seconds
2017-07-31T22:51:09.503+0000: 21.077: Total time for which application threads were stopped: 0.0075147 seconds, Stopping threads took: 0.0068767 seconds
2017-07-31T22:51:09.675+0000: 21.248: Total time for which application threads were stopped: 0.0017533 seconds, Stopping threads took: 0.0015443 seconds
2017-07-31T22:51:09.717+0000: 21.290: Total time for which application threads were stopped: 0.0053364 seconds, Stopping threads took: 0.0051675 seconds
2017-07-31T22:51:09.736+0000: 21.309: Total time for which application threads were stopped: 0.0002277 seconds, Stopping threads took: 0.0001003 seconds
2017-07-31T22:51:09.736+0000: 21.309: Total time for which application threads were stopped: 0.0000987 seconds, Stopping threads took: 0.0000356 seconds
2017-07-31T22:51:09.774+0000: 21.348: Total time for which application threads were stopped: 0.0012927 seconds, Stopping threads took: 0.0011108 seconds
2017-07-31T22:51:09.827+0000: 21.400: Total time for which application threads were stopped: 0.0064055 seconds, Stopping threads took: 0.0061975 seconds
2017-07-31T22:51:09.827+0000: 21.401: Total time for which application threads were stopped: 0.0001426 seconds, Stopping threads took: 0.0000339 seconds
2017-07-31T22:51:09.889+0000: 21.462: Total time for which application threads were stopped: 0.0010073 seconds, Stopping threads took: 0.0007876 seconds
{Heap before GC invocations=16 (full 2):
 par new generation   total 153344K, used 150286K [0x0000000080000000, 0x000000008a660000, 0x000000008a660000)
  eden space 136320K, 100% used [0x0000000080000000, 0x0000000088520000, 0x0000000088520000)
  from space 17024K,  82% used [0x0000000088520000, 0x00000000892c3918, 0x00000000895c0000)
  to   space 17024K,   0% used [0x00000000895c0000, 0x00000000895c0000, 0x000000008a660000)
 concurrent mark-sweep generation total 1926784K, used 138809K [0x000000008a660000, 0x0000000100000000, 0x0000000100000000)
 Metaspace       used 73645K, capacity 78671K, committed 78872K, reserved 1118208K
  class space    used 9549K, capacity 9921K, committed 10016K, reserved 1048576K
2017-07-31T22:51:10.727+0000: 22.300: [GC (Allocation Failure) Before GC:
Statistics for BinaryTreeDictionary:
------------------------------------
Total Free Space: 228532240
Max   Chunk Size: 228531726
Number of Blocks: 3
Av.  Block  Size: 76177413
Tree      Height: 2
2017-07-31T22:51:10.727+0000: 22.300: [ParNew
Desired survivor size 8716288 bytes, new threshold 1 (max 6)
- age   1:    9771048 bytes,    9771048 total
: 150286K->12824K(153344K), 0.0407098 secs] 289095K->157462K(2080128K)After GC:
Statistics for BinaryTreeDictionary:
------------------------------------
Total Free Space: 227791772
Max   Chunk Size: 227791258
Number of Blocks: 3
Av.  Block  Size: 75930590
Tree      Height: 2
, 0.0408153 secs] [Times: user=0.08 sys=0.01, real=0.04 secs] 
Heap after GC invocations=17 (full 2):
 par new generation   total 153344K, used 12824K [0x0000000080000000, 0x000000008a660000, 0x000000008a660000)
  eden space 136320K,   0% used [0x0000000080000000, 0x0000000080000000, 0x0000000088520000)
  from space 17024K,  75% used [0x00000000895c0000, 0x000000008a2461e8, 0x000000008a660000)
  to   space 17024K,   0% used [0x0000000088520000, 0x0000000088520000, 0x00000000895c0000)
 concurrent mark-sweep generation total 1926784K, used 144637K [0x000000008a660000, 0x0000000100000000, 0x0000000100000000)
 Metaspace       used 73645K, capacity 78671K, committed 78872K, reserved 1118208K
  class space    used 9549K, capacity 9921K, committed 10016K, reserved 1048576K
}
2017-07-31T22:51:10.768+0000: 22.341: Total time for which application threads were stopped: 0.0423000 seconds, Stopping threads took: 0.0011056 seconds
2017-07-31T22:51:10.824+0000: 22.397: Total time for which application threads were stopped: 0.0002789 seconds, Stopping threads took: 0.0000715 seconds
2017-07-31T22:51:10.824+0000: 22.397: Total time for which application threads were stopped: 0.0001333 seconds, Stopping threads took: 0.0000175 seconds
2017-07-31T22:51:11.831+0000: 23.404: Total time for which application threads were stopped: 0.0009358 seconds, Stopping threads took: 0.0007010 seconds
2017-07-31T22:51:11.949+0000: 23.522: Total time for which application threads were stopped: 0.0013646 seconds, Stopping threads took: 0.0011206 seconds
2017-07-31T22:51:12.584+0000: 24.157: Total time for which application threads were stopped: 0.0002929 seconds, Stopping threads took: 0.0000509 seconds
2017-07-31T22:51:12.629+0000: 24.202: Total time for which application threads were stopped: 0.0002943 seconds, Stopping threads took: 0.0001215 seconds
2017-07-31T22:51:12.636+0000: 24.209: Total time for which application threads were stopped: 0.0001626 seconds, Stopping threads took: 0.0000325 seconds
2017-07-31T22:51:12.644+0000: 24.217: Total time for which application threads were stopped: 0.0003903 seconds, Stopping threads took: 0.0000392 seconds
2017-07-31T22:51:12.654+0000: 24.228: Total time for which application threads were stopped: 0.0001532 seconds, Stopping threads took: 0.0000492 seconds
2017-07-31T22:51:12.690+0000: 24.263: Total time for which application threads were stopped: 0.0003098 seconds, Stopping threads took: 0.0001000 seconds
2017-07-31T22:51:12.710+0000: 24.283: Total time for which application threads were stopped: 0.0006022 seconds, Stopping threads took: 0.0004734 seconds
2017-07-31T22:51:12.728+0000: 24.301: Total time for which application threads were stopped: 0.0002398 seconds, Stopping threads took: 0.0000926 seconds
2017-07-31T22:51:12.778+0000: 24.351: Total time for which application threads were stopped: 0.0003078 seconds, Stopping threads took: 0.0001208 seconds
2017-07-31T22:51:12.778+0000: 24.351: Total time for which application threads were stopped: 0.0001236 seconds, Stopping threads took: 0.0000328 seconds
2017-07-31T22:51:13.026+0000: 24.599: Total time for which application threads were stopped: 0.0002703 seconds, Stopping threads took: 0.0001106 seconds
2017-07-31T22:51:13.027+0000: 24.600: Total time for which application threads were stopped: 0.0001421 seconds, Stopping threads took: 0.0000580 seconds
2017-07-31T22:51:13.063+0000: 24.636: Total time for which application threads were stopped: 0.0016252 seconds, Stopping threads took: 0.0014509 seconds
2017-07-31T22:51:13.063+0000: 24.636: Total time for which application threads were stopped: 0.0001402 seconds, Stopping threads took: 0.0000567 seconds
2017-07-31T22:51:13.101+0000: 24.674: Total time for which application threads were stopped: 0.0003805 seconds, Stopping threads took: 0.0002517 seconds
2017-07-31T22:51:13.101+0000: 24.674: Total time for which application threads were stopped: 0.0001255 seconds, Stopping threads took: 0.0000331 seconds
2017-07-31T22:51:13.129+0000: 24.702: Total time for which application threads were stopped: 0.0002400 seconds, Stopping threads took: 0.0000858 seconds
2017-07-31T22:51:13.129+0000: 24.702: Total time for which application threads were stopped: 0.0001141 seconds, Stopping threads took: 0.0000261 seconds
2017-07-31T22:51:13.217+0000: 24.790: Total time for which application threads were stopped: 0.0021569 seconds, Stopping threads took: 0.0020065 seconds
2017-07-31T22:51:13.246+0000: 24.819: Total time for which application threads were stopped: 0.0002868 seconds, Stopping threads took: 0.0000666 seconds
2017-07-31T22:51:13.361+0000: 24.934: Total time for which application threads were stopped: 0.0069806 seconds, Stopping threads took: 0.0067332 seconds
2017-07-31T22:51:13.363+0000: 24.936: Total time for which application threads were stopped: 0.0006028 seconds, Stopping threads took: 0.0000360 seconds
{Heap before GC invocations=17 (full 2):
 par new generation   total 153344K, used 149144K [0x0000000080000000, 0x000000008a660000, 0x000000008a660000)
  eden space 136320K, 100% used [0x0000000080000000, 0x0000000088520000, 0x0000000088520000)
  from space 17024K,  75% used [0x00000000895c0000, 0x000000008a2461e8, 0x000000008a660000)
  to   space 17024K,   0% used [0x0000000088520000, 0x0000000088520000, 0x00000000895c0000)
 concurrent mark-sweep generation total 1926784K, used 144637K [0x000000008a660000, 0x0000000100000000, 0x0000000100000000)
 Metaspace       used 76828K, capacity 82142K, committed 82328K, reserved 1122304K
  class space    used 9755K, capacity 10127K, committed 10144K, reserved 1048576K
2017-07-31T22:51:13.824+0000: 25.397: [GC (Allocation Failure) Before GC:
Statistics for BinaryTreeDictionary:
------------------------------------
Total Free Space: 227791772
Max   Chunk Size: 227791258
Number of Blocks: 3
Av.  Block  Size: 75930590
Tree      Height: 2
2017-07-31T22:51:13.824+0000: 25.397: [ParNew
Desired survivor size 8716288 bytes, new threshold 6 (max 6)
- age   1:    6684704 bytes,    6684704 total
: 149144K->11248K(153344K), 0.0505155 secs] 293782K->161679K(2080128K)After GC:
Statistics for BinaryTreeDictionary:
------------------------------------
Total Free Space: 227022424
Max   Chunk Size: 227021910
Number of Blocks: 3
Av.  Block  Size: 75674141
Tree      Height: 2
, 0.0506480 secs] [Times: user=0.10 sys=0.01, real=0.05 secs] 
Heap after GC invocations=18 (full 2):
 par new generation   total 153344K, used 11248K [0x0000000080000000, 0x000000008a660000, 0x000000008a660000)
  eden space 136320K,   0% used [0x0000000080000000, 0x0000000080000000, 0x0000000088520000)
  from space 17024K,  66% used [0x0000000088520000, 0x000000008901c000, 0x00000000895c0000)
  to   space 17024K,   0% used [0x00000000895c0000, 0x00000000895c0000, 0x000000008a660000)
 concurrent mark-sweep generation total 1926784K, used 150431K [0x000000008a660000, 0x0000000100000000, 0x0000000100000000)
 Metaspace       used 76828K, capacity 82142K, committed 82328K, reserved 1122304K
  class space    used 9755K, capacity 10127K, committed 10144K, reserved 1048576K
}
2017-07-31T22:51:13.875+0000: 25.448: Total time for which application threads were stopped: 0.0526248 seconds, Stopping threads took: 0.0016145 seconds
2017-07-31T22:51:14.889+0000: 26.462: Total time for which application threads were stopped: 0.0003024 seconds, Stopping threads took: 0.0001125 seconds
2017-07-31T22:51:15.136+0000: 26.709: Total time for which application threads were stopped: 0.0014914 seconds, Stopping threads took: 0.0004804 seconds
2017-07-31T22:51:15.580+0000: 27.153: Total time for which application threads were stopped: 0.0003592 seconds, Stopping threads took: 0.0000650 seconds
{Heap before GC invocations=18 (full 2):
 par new generation   total 153344K, used 147568K [0x0000000080000000, 0x000000008a660000, 0x000000008a660000)
  eden space 136320K, 100% used [0x0000000080000000, 0x0000000088520000, 0x0000000088520000)
  from space 17024K,  66% used [0x0000000088520000, 0x000000008901c000, 0x00000000895c0000)
  to   space 17024K,   0% used [0x00000000895c0000, 0x00000000895c0000, 0x000000008a660000)
 concurrent mark-sweep generation total 1926784K, used 150431K [0x000000008a660000, 0x0000000100000000, 0x0000000100000000)
 Metaspace       used 77369K, capacity 82646K, committed 82840K, reserved 1122304K
  class space    used 9757K, capacity 10129K, committed 10144K, reserved 1048576K
2017-07-31T22:51:15.619+0000: 27.193: [GC (Allocation Failure) Before GC:
Statistics for BinaryTreeDictionary:
------------------------------------
Total Free Space: 227022424
Max   Chunk Size: 227021910
Number of Blocks: 3
Av.  Block  Size: 75674141
Tree      Height: 2
2017-07-31T22:51:15.619+0000: 27.193: [ParNew
Desired survivor size 8716288 bytes, new threshold 6 (max 6)
- age   1:    2808032 bytes,    2808032 total
- age   2:    4286080 bytes,    7094112 total
: 147568K->8886K(153344K), 0.0220434 secs] 297999K->159317K(2080128K)After GC:
Statistics for BinaryTreeDictionary:
------------------------------------
Total Free Space: 227022424
Max   Chunk Size: 227021910
Number of Blocks: 3
Av.  Block  Size: 75674141
Tree      Height: 2
, 0.0221267 secs] [Times: user=0.05 sys=0.00, real=0.02 secs] 
Heap after GC invocations=19 (full 2):
 par new generation   total 153344K, used 8886K [0x0000000080000000, 0x000000008a660000, 0x000000008a660000)
  eden space 136320K,   0% used [0x0000000080000000, 0x0000000080000000, 0x0000000088520000)
  from space 17024K,  52% used [0x00000000895c0000, 0x0000000089e6da80, 0x000000008a660000)
  to   space 17024K,   0% used [0x0000000088520000, 0x0000000088520000, 0x00000000895c0000)
 concurrent mark-sweep generation total 1926784K, used 150431K [0x000000008a660000, 0x0000000100000000, 0x0000000100000000)
 Metaspace       used 77369K, capacity 82646K, committed 82840K, reserved 1122304K
  class space    used 9757K, capacity 10129K, committed 10144K, reserved 1048576K
}
2017-07-31T22:51:15.642+0000: 27.215: Total time for which application threads were stopped: 0.0226420 seconds, Stopping threads took: 0.0002170 seconds
2017-07-31T22:51:16.211+0000: 27.784: Total time for which application threads were stopped: 0.0063543 seconds, Stopping threads took: 0.0061343 seconds
{Heap before GC invocations=19 (full 2):
 par new generation   total 153344K, used 145206K [0x0000000080000000, 0x000000008a660000, 0x000000008a660000)
  eden space 136320K, 100% used [0x0000000080000000, 0x0000000088520000, 0x0000000088520000)
  from space 17024K,  52% used [0x00000000895c0000, 0x0000000089e6da80, 0x000000008a660000)
  to   space 17024K,   0% used [0x0000000088520000, 0x0000000088520000, 0x00000000895c0000)
 concurrent mark-sweep generation total 1926784K, used 150431K [0x000000008a660000, 0x0000000100000000, 0x0000000100000000)
 Metaspace       used 77910K, capacity 83202K, committed 83352K, reserved 1122304K
  class space    used 9759K, capacity 10133K, committed 10144K, reserved 1048576K
2017-07-31T22:51:16.937+0000: 28.510: [GC (Allocation Failure) Before GC:
Statistics for BinaryTreeDictionary:
------------------------------------
Total Free Space: 227022424
Max   Chunk Size: 227021910
Number of Blocks: 3
Av.  Block  Size: 75674141
Tree      Height: 2
2017-07-31T22:51:16.937+0000: 28.510: [ParNew
Desired survivor size 8716288 bytes, new threshold 3 (max 6)
- age   1:    2858600 bytes,    2858600 total
- age   2:    2092264 bytes,    4950864 total
- age   3:    4101608 bytes,    9052472 total
: 145206K->12164K(153344K), 0.0256200 secs] 295637K->162595K(2080128K)After GC:
Statistics for BinaryTreeDictionary:
------------------------------------
Total Free Space: 227022424
Max   Chunk Size: 227021910
Number of Blocks: 3
Av.  Block  Size: 75674141
Tree      Height: 2
, 0.0257077 secs] [Times: user=0.05 sys=0.00, real=0.03 secs] 
Heap after GC invocations=20 (full 2):
 par new generation   total 153344K, used 12164K [0x0000000080000000, 0x000000008a660000, 0x000000008a660000)
  eden space 136320K,   0% used [0x0000000080000000, 0x0000000080000000, 0x0000000088520000)
  from space 17024K,  71% used [0x0000000088520000, 0x00000000891011c0, 0x00000000895c0000)
  to   space 17024K,   0% used [0x00000000895c0000, 0x00000000895c0000, 0x000000008a660000)
 concurrent mark-sweep generation total 1926784K, used 150431K [0x000000008a660000, 0x0000000100000000, 0x0000000100000000)
 Metaspace       used 77910K, capacity 83202K, committed 83352K, reserved 1122304K
  class space    used 9759K, capacity 10133K, committed 10144K, reserved 1048576K
}
2017-07-31T22:51:16.963+0000: 28.536: Total time for which application threads were stopped: 0.0260788 seconds, Stopping threads took: 0.0000861 seconds
2017-07-31T22:51:17.967+0000: 29.540: Total time for which application threads were stopped: 0.0003324 seconds, Stopping threads took: 0.0000530 seconds
{Heap before GC invocations=20 (full 2):
 par new generation   total 153344K, used 148484K [0x0000000080000000, 0x000000008a660000, 0x000000008a660000)
  eden space 136320K, 100% used [0x0000000080000000, 0x0000000088520000, 0x0000000088520000)
  from space 17024K,  71% used [0x0000000088520000, 0x00000000891011c0, 0x00000000895c0000)
  to   space 17024K,   0% used [0x00000000895c0000, 0x00000000895c0000, 0x000000008a660000)
 concurrent mark-sweep generation total 1926784K, used 150431K [0x000000008a660000, 0x0000000100000000, 0x0000000100000000)
 Metaspace       used 78213K, capacity 83536K, committed 83608K, reserved 1122304K
  class space    used 9760K, capacity 10134K, committed 10144K, reserved 1048576K
2017-07-31T22:51:17.972+0000: 29.545: [GC (Allocation Failure) Before GC:
Statistics for BinaryTreeDictionary:
------------------------------------
Total Free Space: 227022424
Max   Chunk Size: 227021910
Number of Blocks: 3
Av.  Block  Size: 75674141
Tree      Height: 2
2017-07-31T22:51:17.972+0000: 29.545: [ParNew
Desired survivor size 8716288 bytes, new threshold 6 (max 6)
- age   1:    3887416 bytes,    3887416 total
- age   2:    2043424 bytes,    5930840 total
- age   3:    1825208 bytes,    7756048 total
: 148484K->12226K(153344K), 0.0364777 secs] 298915K->166643K(2080128K)After GC:
Statistics for BinaryTreeDictionary:
------------------------------------
Total Free Space: 226612426
Max   Chunk Size: 226611912
Number of Blocks: 3
Av.  Block  Size: 75537475
Tree      Height: 2
, 0.0365916 secs] [Times: user=0.07 sys=0.00, real=0.04 secs] 
Heap after GC invocations=21 (full 2):
 par new generation   total 153344K, used 12226K [0x0000000080000000, 0x000000008a660000, 0x000000008a660000)
  eden space 136320K,   0% used [0x0000000080000000, 0x0000000080000000, 0x0000000088520000)
  from space 17024K,  71% used [0x00000000895c0000, 0x000000008a1b08c8, 0x000000008a660000)
  to   space 17024K,   0% used [0x0000000088520000, 0x0000000088520000, 0x00000000895c0000)
 concurrent mark-sweep generation total 1926784K, used 154417K [0x000000008a660000, 0x0000000100000000, 0x0000000100000000)
 Metaspace       used 78213K, capacity 83536K, committed 83608K, reserved 1122304K
  class space    used 9760K, capacity 10134K, committed 10144K, reserved 1048576K
}
2017-07-31T22:51:18.008+0000: 29.582: Total time for which application threads were stopped: 0.0368894 seconds, Stopping threads took: 0.0000427 seconds
{Heap before GC invocations=21 (full 2):
 par new generation   total 153344K, used 148546K [0x0000000080000000, 0x000000008a660000, 0x000000008a660000)
  eden space 136320K, 100% used [0x0000000080000000, 0x0000000088520000, 0x0000000088520000)
  from space 17024K,  71% used [0x00000000895c0000, 0x000000008a1b08c8, 0x000000008a660000)
  to   space 17024K,   0% used [0x0000000088520000, 0x0000000088520000, 0x00000000895c0000)
 concurrent mark-sweep generation total 1926784K, used 154417K [0x000000008a660000, 0x0000000100000000, 0x0000000100000000)
 Metaspace       used 78358K, capacity 83664K, committed 83864K, reserved 1122304K
  class space    used 9760K, capacity 10134K, committed 10144K, reserved 1048576K
2017-07-31T22:51:18.878+0000: 30.452: [GC (Allocation Failure) Before GC:
Statistics for BinaryTreeDictionary:
------------------------------------
Total Free Space: 226612426
Max   Chunk Size: 226611912
Number of Blocks: 3
Av.  Block  Size: 75537475
Tree      Height: 2
2017-07-31T22:51:18.878+0000: 30.452: [ParNew
Desired survivor size 8716288 bytes, new threshold 4 (max 6)
- age   1:    4056896 bytes,    4056896 total
- age   2:    2720808 bytes,    6777704 total
- age   3:    1804712 bytes,    8582416 total
- age   4:    1770304 bytes,   10352720 total
: 148546K->15436K(153344K), 0.0290863 secs] 302963K->169854K(2080128K)After GC:
Statistics for BinaryTreeDictionary:
------------------------------------
Total Free Space: 226612426
Max   Chunk Size: 226611912
Number of Blocks: 3
Av.  Block  Size: 75537475
Tree      Height: 2
, 0.0291697 secs] [Times: user=0.05 sys=0.00, real=0.03 secs] 
Heap after GC invocations=22 (full 2):
 par new generation   total 153344K, used 15436K [0x0000000080000000, 0x000000008a660000, 0x000000008a660000)
  eden space 136320K,   0% used [0x0000000080000000, 0x0000000080000000, 0x0000000088520000)
  from space 17024K,  90% used [0x0000000088520000, 0x0000000089433320, 0x00000000895c0000)
  to   space 17024K,   0% used [0x00000000895c0000, 0x00000000895c0000, 0x000000008a660000)
 concurrent mark-sweep generation total 1926784K, used 154417K [0x000000008a660000, 0x0000000100000000, 0x0000000100000000)
 Metaspace       used 78358K, capacity 83664K, committed 83864K, reserved 1122304K
  class space    used 9760K, capacity 10134K, committed 10144K, reserved 1048576K
}
2017-07-31T22:51:18.908+0000: 30.481: Total time for which application threads were stopped: 0.0296306 seconds, Stopping threads took: 0.0001222 seconds
2017-07-31T22:51:19.494+0000: 31.067: Total time for which application threads were stopped: 0.0002882 seconds, Stopping threads took: 0.0000584 seconds
2017-07-31T22:51:19.604+0000: 31.177: Total time for which application threads were stopped: 0.0002370 seconds, Stopping threads took: 0.0000437 seconds
2017-07-31T22:51:19.695+0000: 31.268: Total time for which application threads were stopped: 0.0002607 seconds, Stopping threads took: 0.0000478 seconds
2017-07-31T22:51:19.733+0000: 31.306: Total time for which application threads were stopped: 0.0003219 seconds, Stopping threads took: 0.0000689 seconds
{Heap before GC invocations=22 (full 2):
 par new generation   total 153344K, used 151756K [0x0000000080000000, 0x000000008a660000, 0x000000008a660000)
  eden space 136320K, 100% used [0x0000000080000000, 0x0000000088520000, 0x0000000088520000)
  from space 17024K,  90% used [0x0000000088520000, 0x0000000089433320, 0x00000000895c0000)
  to   space 17024K,   0% used [0x00000000895c0000, 0x00000000895c0000, 0x000000008a660000)
 concurrent mark-sweep generation total 1926784K, used 154417K [0x000000008a660000, 0x0000000100000000, 0x0000000100000000)
 Metaspace       used 78405K, capacity 83732K, committed 83864K, reserved 1122304K
  class space    used 9761K, capacity 10134K, committed 10144K, reserved 1048576K
2017-07-31T22:51:19.787+0000: 31.360: [GC (Allocation Failure) Before GC:
Statistics for BinaryTreeDictionary:
------------------------------------
Total Free Space: 226612426
Max   Chunk Size: 226611912
Number of Blocks: 3
Av.  Block  Size: 75537475
Tree      Height: 2
2017-07-31T22:51:19.787+0000: 31.360: [ParNew
Desired survivor size 8716288 bytes, new threshold 4 (max 6)
- age   1:    3044488 bytes,    3044488 total
- age   2:    3005792 bytes,    6050280 total
- age   3:    2507200 bytes,    8557480 total
- age   4:    1696448 bytes,   10253928 total
: 151756K->14272K(153344K), 0.0341139 secs] 306174K->170368K(2080128K)After GC:
Statistics for BinaryTreeDictionary:
------------------------------------
Total Free Space: 226428009
Max   Chunk Size: 226427495
Number of Blocks: 3
Av.  Block  Size: 75476003
Tree      Height: 2
, 0.0342124 secs] [Times: user=0.07 sys=0.00, real=0.03 secs] 
Heap after GC invocations=23 (full 2):
 par new generation   total 153344K, used 14272K [0x0000000080000000, 0x000000008a660000, 0x000000008a660000)
  eden space 136320K,   0% used [0x0000000080000000, 0x0000000080000000, 0x0000000088520000)
  from space 17024K,  83% used [0x00000000895c0000, 0x000000008a3b0258, 0x000000008a660000)
  to   space 17024K,   0% used [0x0000000088520000, 0x0000000088520000, 0x00000000895c0000)
 concurrent mark-sweep generation total 1926784K, used 156095K [0x000000008a660000, 0x0000000100000000, 0x0000000100000000)
 Metaspace       used 78405K, capacity 83732K, committed 83864K, reserved 1122304K
  class space    used 9761K, capacity 10134K, committed 10144K, reserved 1048576K
}
2017-07-31T22:51:19.821+0000: 31.394: Total time for which application threads were stopped: 0.0350225 seconds, Stopping threads took: 0.0005440 seconds
{Heap before GC invocations=23 (full 2):
 par new generation   total 153344K, used 150592K [0x0000000080000000, 0x000000008a660000, 0x000000008a660000)
  eden space 136320K, 100% used [0x0000000080000000, 0x0000000088520000, 0x0000000088520000)
  from space 17024K,  83% used [0x00000000895c0000, 0x000000008a3b0258, 0x000000008a660000)
  to   space 17024K,   0% used [0x0000000088520000, 0x0000000088520000, 0x00000000895c0000)
 concurrent mark-sweep generation total 1926784K, used 156095K [0x000000008a660000, 0x0000000100000000, 0x0000000100000000)
 Metaspace       used 78444K, capacity 83736K, committed 83864K, reserved 1122304K
  class space    used 9761K, capacity 10134K, committed 10144K, reserved 1048576K
2017-07-31T22:51:20.709+0000: 32.282: [GC (Allocation Failure) Before GC:
Statistics for BinaryTreeDictionary:
------------------------------------
Total Free Space: 226428009
Max   Chunk Size: 226427495
Number of Blocks: 3
Av.  Block  Size: 75476003
Tree      Height: 2
2017-07-31T22:51:20.709+0000: 32.282: [ParNew
Desired survivor size 8716288 bytes, new threshold 4 (max 6)
- age   1:    2764944 bytes,    2764944 total
- age   2:    2047768 bytes,    4812712 total
- age   3:    2960856 bytes,    7773568 total
- age   4:    2210752 bytes,    9984320 total
: 150592K->14827K(153344K), 0.0345266 secs] 306688K->172565K(2080128K)After GC:
Statistics for BinaryTreeDictionary:
------------------------------------
Total Free Space: 226232724
Max   Chunk Size: 226232210
Number of Blocks: 3
Av.  Block  Size: 75410908
Tree      Height: 2
, 0.0346112 secs] [Times: user=0.07 sys=0.00, real=0.04 secs] 
Heap after GC invocations=24 (full 2):
 par new generation   total 153344K, used 14827K [0x0000000080000000, 0x000000008a660000, 0x000000008a660000)
  eden space 136320K,   0% used [0x0000000080000000, 0x0000000080000000, 0x0000000088520000)
  from space 17024K,  87% used [0x0000000088520000, 0x000000008939ae00, 0x00000000895c0000)
  to   space 17024K,   0% used [0x00000000895c0000, 0x00000000895c0000, 0x000000008a660000)
 concurrent mark-sweep generation total 1926784K, used 157738K [0x000000008a660000, 0x0000000100000000, 0x0000000100000000)
 Metaspace       used 78444K, capacity 83736K, committed 83864K, reserved 1122304K
  class space    used 9761K, capacity 10134K, committed 10144K, reserved 1048576K
}
2017-07-31T22:51:20.744+0000: 32.317: Total time for which application threads were stopped: 0.0350118 seconds, Stopping threads took: 0.0000477 seconds
2017-07-31T22:51:21.066+0000: 32.640: Total time for which application threads were stopped: 0.0002364 seconds, Stopping threads took: 0.0000437 seconds
2017-07-31T22:51:21.290+0000: 32.863: Total time for which application threads were stopped: 0.0003263 seconds, Stopping threads took: 0.0000628 seconds
{Heap before GC invocations=24 (full 2):
 par new generation   total 153344K, used 151147K [0x0000000080000000, 0x000000008a660000, 0x000000008a660000)
  eden space 136320K, 100% used [0x0000000080000000, 0x0000000088520000, 0x0000000088520000)
  from space 17024K,  87% used [0x0000000088520000, 0x000000008939ae00, 0x00000000895c0000)
  to   space 17024K,   0% used [0x00000000895c0000, 0x00000000895c0000, 0x000000008a660000)
 concurrent mark-sweep generation total 1926784K, used 157738K [0x000000008a660000, 0x0000000100000000, 0x0000000100000000)
 Metaspace       used 78476K, capacity 83800K, committed 83864K, reserved 1122304K
  class space    used 9762K, capacity 10134K, committed 10144K, reserved 1048576K
2017-07-31T22:51:21.582+0000: 33.155: [GC (Allocation Failure) Before GC:
Statistics for BinaryTreeDictionary:
------------------------------------
Total Free Space: 226232724
Max   Chunk Size: 226232210
Number of Blocks: 3
Av.  Block  Size: 75410908
Tree      Height: 2
2017-07-31T22:51:21.582+0000: 33.155: [ParNew
Desired survivor size 8716288 bytes, new threshold 4 (max 6)
- age   1:    2081888 bytes,    2081888 total
- age   2:    2031920 bytes,    4113808 total
- age   3:    1990272 bytes,    6104080 total
- age   4:    2727712 bytes,    8831792 total
: 151147K->9790K(153344K), 0.0328677 secs] 308885K->169626K(2080128K)After GC:
Statistics for BinaryTreeDictionary:
------------------------------------
Total Free Space: 225984684
Max   Chunk Size: 225984170
Number of Blocks: 3
Av.  Block  Size: 75328228
Tree      Height: 2
, 0.0329545 secs] [Times: user=0.06 sys=0.00, real=0.04 secs] 
Heap after GC invocations=25 (full 2):
 par new generation   total 153344K, used 9790K [0x0000000080000000, 0x000000008a660000, 0x000000008a660000)
  eden space 136320K,   0% used [0x0000000080000000, 0x0000000080000000, 0x0000000088520000)
  from space 17024K,  57% used [0x00000000895c0000, 0x0000000089f4faf0, 0x000000008a660000)
  to   space 17024K,   0% used [0x0000000088520000, 0x0000000088520000, 0x00000000895c0000)
 concurrent mark-sweep generation total 1926784K, used 159835K [0x000000008a660000, 0x0000000100000000, 0x0000000100000000)
 Metaspace       used 78476K, capacity 83800K, committed 83864K, reserved 1122304K
  class space    used 9762K, capacity 10134K, committed 10144K, reserved 1048576K
}
2017-07-31T22:51:21.615+0000: 33.188: Total time for which application threads were stopped: 0.0342726 seconds, Stopping threads took: 0.0010871 seconds
{Heap before GC invocations=25 (full 2):
 par new generation   total 153344K, used 146110K [0x0000000080000000, 0x000000008a660000, 0x000000008a660000)
  eden space 136320K, 100% used [0x0000000080000000, 0x0000000088520000, 0x0000000088520000)
  from space 17024K,  57% used [0x00000000895c0000, 0x0000000089f4faf0, 0x000000008a660000)
  to   space 17024K,   0% used [0x0000000088520000, 0x0000000088520000, 0x00000000895c0000)
 concurrent mark-sweep generation total 1926784K, used 159835K [0x000000008a660000, 0x0000000100000000, 0x0000000100000000)
 Metaspace       used 78490K, capacity 83800K, committed 83864K, reserved 1122304K
  class space    used 9762K, capacity 10134K, committed 10144K, reserved 1048576K
2017-07-31T22:51:22.414+0000: 33.988: [GC (Allocation Failure) Before GC:
Statistics for BinaryTreeDictionary:
------------------------------------
Total Free Space: 225984684
Max   Chunk Size: 225984170
Number of Blocks: 3
Av.  Block  Size: 75328228
Tree      Height: 2
2017-07-31T22:51:22.414+0000: 33.988: [ParNew
Desired survivor size 8716288 bytes, new threshold 6 (max 6)
- age   1:    1826768 bytes,    1826768 total
- age   2:    1091280 bytes,    2918048 total
- age   3:    1985152 bytes,    4903200 total
- age   4:    1945392 bytes,    6848592 total
: 146110K->8909K(153344K), 0.0349126 secs] 305946K->171160K(2080128K)After GC:
Statistics for BinaryTreeDictionary:
------------------------------------
Total Free Space: 225675227
Max   Chunk Size: 225675227
Number of Blocks: 1
Av.  Block  Size: 225675227
Tree      Height: 1
, 0.0350140 secs] [Times: user=0.07 sys=0.00, real=0.03 secs] 
Heap after GC invocations=26 (full 2):
 par new generation   total 153344K, used 8909K [0x0000000080000000, 0x000000008a660000, 0x000000008a660000)
  eden space 136320K,   0% used [0x0000000080000000, 0x0000000080000000, 0x0000000088520000)
  from space 17024K,  52% used [0x0000000088520000, 0x0000000088dd3630, 0x00000000895c0000)
  to   space 17024K,   0% used [0x00000000895c0000, 0x00000000895c0000, 0x000000008a660000)
 concurrent mark-sweep generation total 1926784K, used 162251K [0x000000008a660000, 0x0000000100000000, 0x0000000100000000)
 Metaspace       used 78490K, capacity 83800K, committed 83864K, reserved 1122304K
  class space    used 9762K, capacity 10134K, committed 10144K, reserved 1048576K
}
2017-07-31T22:51:22.449+0000: 34.023: Total time for which application threads were stopped: 0.0353821 seconds, Stopping threads took: 0.0000569 seconds
{Heap before GC invocations=26 (full 2):
 par new generation   total 153344K, used 145229K [0x0000000080000000, 0x000000008a660000, 0x000000008a660000)
  eden space 136320K, 100% used [0x0000000080000000, 0x0000000088520000, 0x0000000088520000)
  from space 17024K,  52% used [0x0000000088520000, 0x0000000088dd3630, 0x00000000895c0000)
  to   space 17024K,   0% used [0x00000000895c0000, 0x00000000895c0000, 0x000000008a660000)
 concurrent mark-sweep generation total 1926784K, used 162251K [0x000000008a660000, 0x0000000100000000, 0x0000000100000000)
 Metaspace       used 78504K, capacity 83800K, committed 83864K, reserved 1122304K
  class space    used 9762K, capacity 10134K, committed 10144K, reserved 1048576K
2017-07-31T22:51:23.124+0000: 34.697: [GC (Allocation Failure) Before GC:
Statistics for BinaryTreeDictionary:
------------------------------------
Total Free Space: 225675227
Max   Chunk Size: 225675227
Number of Blocks: 1
Av.  Block  Size: 225675227
Tree      Height: 1
2017-07-31T22:51:23.124+0000: 34.697: [ParNew
Desired survivor size 8716288 bytes, new threshold 6 (max 6)
- age   1:    1891600 bytes,    1891600 total
- age   2:    1100944 bytes,    2992544 total
- age   3:    1051672 bytes,    4044216 total
- age   4:    1951504 bytes,    5995720 total
- age   5:    1745944 bytes,    7741664 total
: 145229K->10865K(153344K), 0.0263835 secs] 307480K->173116K(2080128K)After GC:
Statistics for BinaryTreeDictionary:
------------------------------------
Total Free Space: 225675227
Max   Chunk Size: 225675227
Number of Blocks: 1
Av.  Block  Size: 225675227
Tree      Height: 1
, 0.0264680 secs] [Times: user=0.05 sys=0.00, real=0.02 secs] 
Heap after GC invocations=27 (full 2):
 par new generation   total 153344K, used 10865K [0x0000000080000000, 0x000000008a660000, 0x000000008a660000)
  eden space 136320K,   0% used [0x0000000080000000, 0x0000000080000000, 0x0000000088520000)
  from space 17024K,  63% used [0x00000000895c0000, 0x000000008a05c4d0, 0x000000008a660000)
  to   space 17024K,   0% used [0x0000000088520000, 0x0000000088520000, 0x00000000895c0000)
 concurrent mark-sweep generation total 1926784K, used 162251K [0x000000008a660000, 0x0000000100000000, 0x0000000100000000)
 Metaspace       used 78504K, capacity 83800K, committed 83864K, reserved 1122304K
  class space    used 9762K, capacity 10134K, committed 10144K, reserved 1048576K
}
2017-07-31T22:51:23.151+0000: 34.724: Total time for which application threads were stopped: 0.0267724 seconds, Stopping threads took: 0.0000853 seconds
{Heap before GC invocations=27 (full 2):
 par new generation   total 153344K, used 147185K [0x0000000080000000, 0x000000008a660000, 0x000000008a660000)
  eden space 136320K, 100% used [0x0000000080000000, 0x0000000088520000, 0x0000000088520000)
  from space 17024K,  63% used [0x00000000895c0000, 0x000000008a05c4d0, 0x000000008a660000)
  to   space 17024K,   0% used [0x0000000088520000, 0x0000000088520000, 0x00000000895c0000)
 concurrent mark-sweep generation total 1926784K, used 162251K [0x000000008a660000, 0x0000000100000000, 0x0000000100000000)
 Metaspace       used 78518K, capacity 83800K, committed 83864K, reserved 1122304K
  class space    used 9762K, capacity 10134K, committed 10144K, reserved 1048576K
2017-07-31T22:51:23.879+0000: 35.452: [GC (Allocation Failure) Before GC:
Statistics for BinaryTreeDictionary:
------------------------------------
Total Free Space: 225675227
Max   Chunk Size: 225675227
Number of Blocks: 1
Av.  Block  Size: 225675227
Tree      Height: 1
2017-07-31T22:51:23.879+0000: 35.453: [ParNew
Desired survivor size 8716288 bytes, new threshold 6 (max 6)
- age   1:    2433936 bytes,    2433936 total
- age   2:     913528 bytes,    3347464 total
- age   3:    1048488 bytes,    4395952 total
- age   4:    1020144 bytes,    5416096 total
- age   5:    1780656 bytes,    7196752 total
- age   6:    1429880 bytes,    8626632 total
: 147185K->14962K(153344K), 0.0342176 secs] 309436K->177213K(2080128K)After GC:
Statistics for BinaryTreeDictionary:
------------------------------------
Total Free Space: 225675227
Max   Chunk Size: 225675227
Number of Blocks: 1
Av.  Block  Size: 225675227
Tree      Height: 1
, 0.0343177 secs] [Times: user=0.06 sys=0.00, real=0.04 secs] 
Heap after GC invocations=28 (full 2):
 par new generation   total 153344K, used 14962K [0x0000000080000000, 0x000000008a660000, 0x000000008a660000)
  eden space 136320K,   0% used [0x0000000080000000, 0x0000000080000000, 0x0000000088520000)
  from space 17024K,  87% used [0x0000000088520000, 0x00000000893bc860, 0x00000000895c0000)
  to   space 17024K,   0% used [0x00000000895c0000, 0x00000000895c0000, 0x000000008a660000)
 concurrent mark-sweep generation total 1926784K, used 162251K [0x000000008a660000, 0x0000000100000000, 0x0000000100000000)
 Metaspace       used 78518K, capacity 83800K, committed 83864K, reserved 1122304K
  class space    used 9762K, capacity 10134K, committed 10144K, reserved 1048576K
}
2017-07-31T22:51:23.914+0000: 35.487: Total time for which application threads were stopped: 0.0347414 seconds, Stopping threads took: 0.0000502 seconds
{Heap before GC invocations=28 (full 2):
 par new generation   total 153344K, used 151282K [0x0000000080000000, 0x000000008a660000, 0x000000008a660000)
  eden space 136320K, 100% used [0x0000000080000000, 0x0000000088520000, 0x0000000088520000)
  from space 17024K,  87% used [0x0000000088520000, 0x00000000893bc860, 0x00000000895c0000)
  to   space 17024K,   0% used [0x00000000895c0000, 0x00000000895c0000, 0x000000008a660000)
 concurrent mark-sweep generation total 1926784K, used 162251K [0x000000008a660000, 0x0000000100000000, 0x0000000100000000)
 Metaspace       used 78519K, capacity 83800K, committed 83864K, reserved 1122304K
  class space    used 9762K, capacity 10134K, committed 10144K, reserved 1048576K
2017-07-31T22:51:24.644+0000: 36.217: [GC (Allocation Failure) Before GC:
Statistics for BinaryTreeDictionary:
------------------------------------
Total Free Space: 225675227
Max   Chunk Size: 225675227
Number of Blocks: 1
Av.  Block  Size: 225675227
Tree      Height: 1
2017-07-31T22:51:24.644+0000: 36.217: [ParNew
Desired survivor size 8716288 bytes, new threshold 6 (max 6)
- age   1:    2099080 bytes,    2099080 total
- age   2:    1000536 bytes,    3099616 total
- age   3:     864448 bytes,    3964064 total
- age   4:    1018872 bytes,    4982936 total
- age   5:     864400 bytes,    5847336 total
- age   6:    1443152 bytes,    7290488 total
: 151282K->10058K(153344K), 0.0301798 secs] 313533K->173616K(2080128K)After GC:
Statistics for BinaryTreeDictionary:
------------------------------------
Total Free Space: 225518596
Max   Chunk Size: 225518596
Number of Blocks: 1
Av.  Block  Size: 225518596
Tree      Height: 1
, 0.0302751 secs] [Times: user=0.05 sys=0.00, real=0.03 secs] 
Heap after GC invocations=29 (full 2):
 par new generation   total 153344K, used 10058K [0x0000000080000000, 0x000000008a660000, 0x000000008a660000)
  eden space 136320K,   0% used [0x0000000080000000, 0x0000000080000000, 0x0000000088520000)
  from space 17024K,  59% used [0x00000000895c0000, 0x0000000089f92b80, 0x000000008a660000)
  to   space 17024K,   0% used [0x0000000088520000, 0x0000000088520000, 0x00000000895c0000)
 concurrent mark-sweep generation total 1926784K, used 163557K [0x000000008a660000, 0x0000000100000000, 0x0000000100000000)
 Metaspace       used 78519K, capacity 83800K, committed 83864K, reserved 1122304K
  class space    used 9762K, capacity 10134K, committed 10144K, reserved 1048576K
}
2017-07-31T22:51:24.674+0000: 36.247: Total time for which application threads were stopped: 0.0305988 seconds, Stopping threads took: 0.0000856 seconds
2017-07-31T22:51:25.674+0000: 37.247: Total time for which application threads were stopped: 0.0002023 seconds, Stopping threads took: 0.0000819 seconds
2017-07-31T22:51:26.030+0000: 37.604: Total time for which application threads were stopped: 0.0044165 seconds, Stopping threads took: 0.0040415 seconds
2017-07-31T22:51:27.031+0000: 38.604: Total time for which application threads were stopped: 0.0002411 seconds, Stopping threads took: 0.0000426 seconds
2017-07-31T22:51:28.031+0000: 39.604: Total time for which application threads were stopped: 0.0002311 seconds, Stopping threads took: 0.0000466 seconds
2017-07-31T22:51:28.177+0000: 39.751: Total time for which application threads were stopped: 0.0002697 seconds, Stopping threads took: 0.0000519 seconds
2017-07-31T22:51:29.178+0000: 40.752: Total time for which application threads were stopped: 0.0002175 seconds, Stopping threads took: 0.0000558 seconds
2017-07-31T22:51:30.179+0000: 41.752: Total time for which application threads were stopped: 0.0001797 seconds, Stopping threads took: 0.0000408 seconds
2017-07-31T22:51:31.179+0000: 42.752: Total time for which application threads were stopped: 0.0001767 seconds, Stopping threads took: 0.0000430 seconds
2017-07-31T22:51:32.179+0000: 43.753: Total time for which application threads were stopped: 0.0002394 seconds, Stopping threads took: 0.0000489 seconds
2017-07-31T22:51:33.180+0000: 44.753: Total time for which application threads were stopped: 0.0002055 seconds, Stopping threads took: 0.0000474 seconds
2017-07-31T22:51:34.180+0000: 45.753: Total time for which application threads were stopped: 0.0002436 seconds, Stopping threads took: 0.0000653 seconds
{Heap before GC invocations=29 (full 2):
 par new generation   total 153344K, used 146377K [0x0000000080000000, 0x000000008a660000, 0x000000008a660000)
  eden space 136320K,  99% used [0x0000000080000000, 0x000000008851fc70, 0x0000000088520000)
  from space 17024K,  59% used [0x00000000895c0000, 0x0000000089f92b80, 0x000000008a660000)
  to   space 17024K,   0% used [0x0000000088520000, 0x0000000088520000, 0x00000000895c0000)
 concurrent mark-sweep generation total 1926784K, used 163557K [0x000000008a660000, 0x0000000100000000, 0x0000000100000000)
 Metaspace       used 78577K, capacity 83864K, committed 84120K, reserved 1124352K
  class space    used 9762K, capacity 10134K, committed 10144K, reserved 1048576K
2017-07-31T22:51:34.277+0000: 45.850: [GC (Allocation Failure) Before GC:
Statistics for BinaryTreeDictionary:
------------------------------------
Total Free Space: 225518596
Max   Chunk Size: 225518596
Number of Blocks: 1
Av.  Block  Size: 225518596
Tree      Height: 1
2017-07-31T22:51:34.277+0000: 45.850: [ParNew
Desired survivor size 8716288 bytes, new threshold 6 (max 6)
- age   1:     620976 bytes,     620976 total
- age   2:     713488 bytes,    1334464 total
- age   3:     546272 bytes,    1880736 total
- age   4:     468376 bytes,    2349112 total
- age   5:     571896 bytes,    2921008 total
- age   6:     564504 bytes,    3485512 total
: 146377K->6598K(153344K), 0.0233325 secs] 309935K->171417K(2080128K)After GC:
Statistics for BinaryTreeDictionary:
------------------------------------
Total Free Space: 225367870
Max   Chunk Size: 225367870
Number of Blocks: 1
Av.  Block  Size: 225367870
Tree      Height: 1
, 0.0234407 secs] [Times: user=0.05 sys=0.00, real=0.02 secs] 
Heap after GC invocations=30 (full 2):
 par new generation   total 153344K, used 6598K [0x0000000080000000, 0x000000008a660000, 0x000000008a660000)
  eden space 136320K,   0% used [0x0000000080000000, 0x0000000080000000, 0x0000000088520000)
  from space 17024K,  38% used [0x0000000088520000, 0x0000000088b91998, 0x00000000895c0000)
  to   space 17024K,   0% used [0x00000000895c0000, 0x00000000895c0000, 0x000000008a660000)
 concurrent mark-sweep generation total 1926784K, used 164818K [0x000000008a660000, 0x0000000100000000, 0x0000000100000000)
 Metaspace       used 78577K, capacity 83864K, committed 84120K, reserved 1124352K
  class space    used 9762K, capacity 10134K, committed 10144K, reserved 1048576K
}
2017-07-31T22:51:34.301+0000: 45.874: Total time for which application threads were stopped: 0.0237252 seconds, Stopping threads took: 0.0000591 seconds
2017-07-31T22:51:35.301+0000: 46.874: Total time for which application threads were stopped: 0.0002053 seconds, Stopping threads took: 0.0000473 seconds
2017-07-31T22:51:35.988+0000: 47.561: Total time for which application threads were stopped: 0.0002135 seconds, Stopping threads took: 0.0000591 seconds
2017-07-31T22:51:36.017+0000: 47.590: Total time for which application threads were stopped: 0.0001606 seconds, Stopping threads took: 0.0000499 seconds
2017-07-31T22:51:36.193+0000: 47.767: Total time for which application threads were stopped: 0.0001862 seconds, Stopping threads took: 0.0000532 seconds
2017-07-31T22:51:36.194+0000: 47.767: Total time for which application threads were stopped: 0.0000699 seconds, Stopping threads took: 0.0000209 seconds
2017-07-31T22:51:36.418+0000: 47.991: Total time for which application threads were stopped: 0.0002950 seconds, Stopping threads took: 0.0000875 seconds
2017-07-31T22:51:36.448+0000: 48.021: Total time for which application threads were stopped: 0.0002745 seconds, Stopping threads took: 0.0000435 seconds
2017-07-31T22:51:36.832+0000: 48.406: Total time for which application threads were stopped: 0.0001892 seconds, Stopping threads took: 0.0000470 seconds
2017-07-31T22:51:36.837+0000: 48.410: Total time for which application threads were stopped: 0.0000724 seconds, Stopping threads took: 0.0000228 seconds
2017-07-31T22:51:37.837+0000: 49.410: Total time for which application threads were stopped: 0.0002086 seconds, Stopping threads took: 0.0000578 seconds
2017-07-31T22:51:38.837+0000: 50.411: Total time for which application threads were stopped: 0.0003287 seconds, Stopping threads took: 0.0000780 seconds
2017-07-31T22:51:39.838+0000: 51.411: Total time for which application threads were stopped: 0.0002084 seconds, Stopping threads took: 0.0000435 seconds
2017-07-31T22:51:40.838+0000: 52.411: Total time for which application threads were stopped: 0.0002342 seconds, Stopping threads took: 0.0000610 seconds
2017-07-31T22:51:41.838+0000: 53.412: Total time for which application threads were stopped: 0.0002099 seconds, Stopping threads took: 0.0000564 seconds
2017-07-31T22:51:42.839+0000: 54.412: Total time for which application threads were stopped: 0.0002056 seconds, Stopping threads took: 0.0000444 seconds
2017-07-31T22:51:43.839+0000: 55.412: Total time for which application threads were stopped: 0.0002654 seconds, Stopping threads took: 0.0000458 seconds
2017-07-31T22:51:44.839+0000: 56.413: Total time for which application threads were stopped: 0.0002099 seconds, Stopping threads took: 0.0000446 seconds
2017-07-31T22:51:45.840+0000: 57.413: Total time for which application threads were stopped: 0.0001987 seconds, Stopping threads took: 0.0000777 seconds
2017-07-31T22:51:46.135+0000: 57.708: Total time for which application threads were stopped: 0.0002040 seconds, Stopping threads took: 0.0000983 seconds
2017-07-31T22:51:46.192+0000: 57.765: Total time for which application threads were stopped: 0.0013868 seconds, Stopping threads took: 0.0000812 seconds
2017-07-31T22:51:47.192+0000: 58.765: Total time for which application threads were stopped: 0.0002462 seconds, Stopping threads took: 0.0000584 seconds
2017-07-31T22:51:48.192+0000: 59.766: Total time for which application threads were stopped: 0.0002055 seconds, Stopping threads took: 0.0000462 seconds
2017-07-31T22:51:48.896+0000: 60.469: Total time for which application threads were stopped: 0.0002348 seconds, Stopping threads took: 0.0000430 seconds
2017-07-31T22:51:49.896+0000: 61.470: Total time for which application threads were stopped: 0.0001977 seconds, Stopping threads took: 0.0000419 seconds
2017-07-31T22:51:50.451+0000: 62.025: Total time for which application threads were stopped: 0.0003107 seconds, Stopping threads took: 0.0000539 seconds
{Heap before GC invocations=30 (full 2):
 par new generation   total 153344K, used 142918K [0x0000000080000000, 0x000000008a660000, 0x000000008a660000)
  eden space 136320K, 100% used [0x0000000080000000, 0x0000000088520000, 0x0000000088520000)
  from space 17024K,  38% used [0x0000000088520000, 0x0000000088b91998, 0x00000000895c0000)
  to   space 17024K,   0% used [0x00000000895c0000, 0x00000000895c0000, 0x000000008a660000)
 concurrent mark-sweep generation total 1926784K, used 164818K [0x000000008a660000, 0x0000000100000000, 0x0000000100000000)
 Metaspace       used 79961K, capacity 85416K, committed 85656K, reserved 1124352K
  class space    used 9954K, capacity 10331K, committed 10400K, reserved 1048576K
2017-07-31T22:51:51.025+0000: 62.598: [GC (Allocation Failure) Before GC:
Statistics for BinaryTreeDictionary:
------------------------------------
Total Free Space: 225367870
Max   Chunk Size: 225367870
Number of Blocks: 1
Av.  Block  Size: 225367870
Tree      Height: 1
2017-07-31T22:51:51.025+0000: 62.598: [ParNew
Desired survivor size 8716288 bytes, new threshold 6 (max 6)
- age   1:    2771648 bytes,    2771648 total
- age   2:     486576 bytes,    3258224 total
- age   3:     650704 bytes,    3908928 total
- age   4:     521200 bytes,    4430128 total
- age   5:     454504 bytes,    4884632 total
- age   6:     554080 bytes,    5438712 total
: 142918K->6660K(153344K), 0.0543998 secs] 307737K->172029K(2080128K)After GC:
Statistics for BinaryTreeDictionary:
------------------------------------
Total Free Space: 225296981
Max   Chunk Size: 225296981
Number of Blocks: 1
Av.  Block  Size: 225296981
Tree      Height: 1
, 0.0545195 secs] [Times: user=0.10 sys=0.00, real=0.05 secs] 
Heap after GC invocations=31 (full 2):
 par new generation   total 153344K, used 6660K [0x0000000080000000, 0x000000008a660000, 0x000000008a660000)
  eden space 136320K,   0% used [0x0000000080000000, 0x0000000080000000, 0x0000000088520000)
  from space 17024K,  39% used [0x00000000895c0000, 0x0000000089c412d8, 0x000000008a660000)
  to   space 17024K,   0% used [0x0000000088520000, 0x0000000088520000, 0x00000000895c0000)
 concurrent mark-sweep generation total 1926784K, used 165368K [0x000000008a660000, 0x0000000100000000, 0x0000000100000000)
 Metaspace       used 79961K, capacity 85416K, committed 85656K, reserved 1124352K
  class space    used 9954K, capacity 10331K, committed 10400K, reserved 1048576K
}
2017-07-31T22:51:51.080+0000: 62.653: Total time for which application threads were stopped: 0.0681667 seconds, Stopping threads took: 0.0133329 seconds
2017-07-31T22:51:51.947+0000: 63.520: Total time for which application threads were stopped: 0.0011953 seconds, Stopping threads took: 0.0009968 seconds
2017-07-31T22:51:52.947+0000: 64.520: Total time for which application threads were stopped: 0.0001657 seconds, Stopping threads took: 0.0000429 seconds
2017-07-31T22:51:53.532+0000: 65.105: Total time for which application threads were stopped: 0.0002983 seconds, Stopping threads took: 0.0000683 seconds
2017-07-31T22:51:54.532+0000: 66.106: Total time for which application threads were stopped: 0.0002459 seconds, Stopping threads took: 0.0000738 seconds
2017-07-31T22:51:55.533+0000: 67.106: Total time for which application threads were stopped: 0.0001981 seconds, Stopping threads took: 0.0000428 seconds
2017-07-31T22:51:56.533+0000: 68.106: Total time for which application threads were stopped: 0.0001761 seconds, Stopping threads took: 0.0000471 seconds
{Heap before GC invocations=31 (full 2):
 par new generation   total 153344K, used 142980K [0x0000000080000000, 0x000000008a660000, 0x000000008a660000)
  eden space 136320K, 100% used [0x0000000080000000, 0x0000000088520000, 0x0000000088520000)
  from space 17024K,  39% used [0x00000000895c0000, 0x0000000089c412d8, 0x000000008a660000)
  to   space 17024K,   0% used [0x0000000088520000, 0x0000000088520000, 0x00000000895c0000)
 concurrent mark-sweep generation total 1926784K, used 165368K [0x000000008a660000, 0x0000000100000000, 0x0000000100000000)
 Metaspace       used 82205K, capacity 87816K, committed 87960K, reserved 1126400K
  class space    used 10267K, capacity 10649K, committed 10656K, reserved 1048576K
2017-07-31T22:51:57.197+0000: 68.770: [GC (Allocation Failure) Before GC:
Statistics for BinaryTreeDictionary:
------------------------------------
Total Free Space: 225296981
Max   Chunk Size: 225296981
Number of Blocks: 1
Av.  Block  Size: 225296981
Tree      Height: 1
2017-07-31T22:51:57.197+0000: 68.770: [ParNew
Desired survivor size 8716288 bytes, new threshold 6 (max 6)
- age   1:    5194216 bytes,    5194216 total
- age   2:    1578968 bytes,    6773184 total
- age   3:     467648 bytes,    7240832 total
- age   4:     639768 bytes,    7880600 total
- age   5:     514880 bytes,    8395480 total
- age   6:     448000 bytes,    8843480 total
: 142980K->10151K(153344K), 0.0274621 secs] 308349K->176068K(2080128K)After GC:
Statistics for BinaryTreeDictionary:
------------------------------------
Total Free Space: 225234619
Max   Chunk Size: 225234619
Number of Blocks: 1
Av.  Block  Size: 225234619
Tree      Height: 1
, 0.0275838 secs] [Times: user=0.06 sys=0.00, real=0.03 secs] 
Heap after GC invocations=32 (full 2):
 par new generation   total 153344K, used 10151K [0x0000000080000000, 0x000000008a660000, 0x000000008a660000)
  eden space 136320K,   0% used [0x0000000080000000, 0x0000000080000000, 0x0000000088520000)
  from space 17024K,  59% used [0x0000000088520000, 0x0000000088f09df0, 0x00000000895c0000)
  to   space 17024K,   0% used [0x00000000895c0000, 0x00000000895c0000, 0x000000008a660000)
 concurrent mark-sweep generation total 1926784K, used 165916K [0x000000008a660000, 0x0000000100000000, 0x0000000100000000)
 Metaspace       used 82205K, capacity 87816K, committed 87960K, reserved 1126400K
  class space    used 10267K, capacity 10649K, committed 10656K, reserved 1048576K
}
2017-07-31T22:51:57.225+0000: 68.798: Total time for which application threads were stopped: 0.0278784 seconds, Stopping threads took: 0.0000866 seconds
2017-07-31T22:51:57.226+0000: 68.799: Total time for which application threads were stopped: 0.0001944 seconds, Stopping threads took: 0.0000733 seconds
2017-07-31T22:51:57.227+0000: 68.800: Total time for which application threads were stopped: 0.0000861 seconds, Stopping threads took: 0.0000246 seconds
2017-07-31T22:51:57.227+0000: 68.800: Total time for which application threads were stopped: 0.0003392 seconds, Stopping threads took: 0.0000268 seconds
2017-07-31T22:51:58.227+0000: 69.801: Total time for which application threads were stopped: 0.0003386 seconds, Stopping threads took: 0.0000771 seconds
2017-07-31T22:51:59.228+0000: 70.801: Total time for which application threads were stopped: 0.0002852 seconds, Stopping threads took: 0.0000508 seconds
2017-07-31T22:51:59.360+0000: 70.933: Total time for which application threads were stopped: 0.0002505 seconds, Stopping threads took: 0.0001006 seconds
2017-07-31T22:52:00.360+0000: 71.933: Total time for which application threads were stopped: 0.0002875 seconds, Stopping threads took: 0.0000406 seconds
2017-07-31T22:52:00.377+0000: 71.950: Total time for which application threads were stopped: 0.0010576 seconds, Stopping threads took: 0.0009345 seconds
2017-07-31T22:52:01.378+0000: 72.951: Total time for which application threads were stopped: 0.0002013 seconds, Stopping threads took: 0.0000594 seconds
2017-07-31T22:52:02.378+0000: 73.951: Total time for which application threads were stopped: 0.0001864 seconds, Stopping threads took: 0.0000459 seconds
2017-07-31T22:52:03.378+0000: 74.951: Total time for which application threads were stopped: 0.0002803 seconds, Stopping threads took: 0.0000775 seconds
2017-07-31T22:52:04.379+0000: 75.952: Total time for which application threads were stopped: 0.0001947 seconds, Stopping threads took: 0.0000484 seconds
2017-07-31T22:52:05.379+0000: 76.952: Total time for which application threads were stopped: 0.0001868 seconds, Stopping threads took: 0.0000462 seconds
2017-07-31T22:52:06.379+0000: 77.952: Total time for which application threads were stopped: 0.0001708 seconds, Stopping threads took: 0.0000437 seconds
2017-07-31T22:52:07.379+0000: 78.953: Total time for which application threads were stopped: 0.0001603 seconds, Stopping threads took: 0.0000414 seconds
2017-07-31T22:52:08.380+0000: 79.953: Total time for which application threads were stopped: 0.0002540 seconds, Stopping threads took: 0.0000785 seconds
2017-07-31T22:52:09.380+0000: 80.953: Total time for which application threads were stopped: 0.0002066 seconds, Stopping threads took: 0.0000412 seconds
2017-07-31T22:52:10.380+0000: 81.954: Total time for which application threads were stopped: 0.0002379 seconds, Stopping threads took: 0.0000451 seconds
2017-07-31T22:52:11.381+0000: 82.954: Total time for which application threads were stopped: 0.0001683 seconds, Stopping threads took: 0.0000444 seconds
2017-07-31T22:52:12.381+0000: 83.954: Total time for which application threads were stopped: 0.0001844 seconds, Stopping threads took: 0.0000576 seconds
2017-07-31T22:52:13.381+0000: 84.955: Total time for which application threads were stopped: 0.0001702 seconds, Stopping threads took: 0.0000607 seconds
2017-07-31T22:52:14.382+0000: 85.955: Total time for which application threads were stopped: 0.0002057 seconds, Stopping threads took: 0.0000565 seconds
2017-07-31T22:52:15.382+0000: 86.955: Total time for which application threads were stopped: 0.0001914 seconds, Stopping threads took: 0.0000470 seconds
2017-07-31T22:52:16.387+0000: 87.960: Total time for which application threads were stopped: 0.0002550 seconds, Stopping threads took: 0.0000776 seconds
2017-07-31T22:52:17.387+0000: 88.960: Total time for which application threads were stopped: 0.0001936 seconds, Stopping threads took: 0.0000452 seconds
2017-07-31T22:52:18.387+0000: 89.961: Total time for which application threads were stopped: 0.0002073 seconds, Stopping threads took: 0.0000678 seconds
2017-07-31T22:52:19.388+0000: 90.961: Total time for which application threads were stopped: 0.0001948 seconds, Stopping threads took: 0.0000455 seconds
2017-07-31T22:52:20.388+0000: 91.961: Total time for which application threads were stopped: 0.0001876 seconds, Stopping threads took: 0.0000679 seconds
2017-07-31T22:52:21.388+0000: 92.962: Total time for which application threads were stopped: 0.0001524 seconds, Stopping threads took: 0.0000439 seconds
2017-07-31T22:52:22.389+0000: 93.962: Total time for which application threads were stopped: 0.0001860 seconds, Stopping threads took: 0.0000470 seconds
2017-07-31T22:52:23.389+0000: 94.962: Total time for which application threads were stopped: 0.0001770 seconds, Stopping threads took: 0.0000503 seconds
2017-07-31T22:52:23.555+0000: 95.128: Total time for which application threads were stopped: 0.0001867 seconds, Stopping threads took: 0.0000489 seconds
2017-07-31T22:52:24.555+0000: 96.128: Total time for which application threads were stopped: 0.0002678 seconds, Stopping threads took: 0.0000590 seconds
2017-07-31T22:52:25.555+0000: 97.128: Total time for which application threads were stopped: 0.0001841 seconds, Stopping threads took: 0.0000474 seconds
2017-07-31T22:52:26.555+0000: 98.129: Total time for which application threads were stopped: 0.0002011 seconds, Stopping threads took: 0.0000778 seconds
{Heap before GC invocations=32 (full 2):
 par new generation   total 153344K, used 146471K [0x0000000080000000, 0x000000008a660000, 0x000000008a660000)
  eden space 136320K, 100% used [0x0000000080000000, 0x0000000088520000, 0x0000000088520000)
  from space 17024K,  59% used [0x0000000088520000, 0x0000000088f09df0, 0x00000000895c0000)
  to   space 17024K,   0% used [0x00000000895c0000, 0x00000000895c0000, 0x000000008a660000)
 concurrent mark-sweep generation total 1926784K, used 165916K [0x000000008a660000, 0x0000000100000000, 0x0000000100000000)
 Metaspace       used 83281K, capacity 89126K, committed 89368K, reserved 1128448K
  class space    used 10374K, capacity 10778K, committed 10784K, reserved 1048576K
2017-07-31T22:52:26.644+0000: 98.218: [GC (Allocation Failure) Before GC:
Statistics for BinaryTreeDictionary:
------------------------------------
Total Free Space: 225234619
Max   Chunk Size: 225234619
Number of Blocks: 1
Av.  Block  Size: 225234619
Tree      Height: 1
2017-07-31T22:52:26.644+0000: 98.218: [ParNew
Desired survivor size 8716288 bytes, new threshold 6 (max 6)
- age   1:    2495688 bytes,    2495688 total
- age   2:    3000288 bytes,    5495976 total
- age   3:    1453816 bytes,    6949792 total
- age   4:     371584 bytes,    7321376 total
- age   5:     544576 bytes,    7865952 total
- age   6:     447440 bytes,    8313392 total
: 146471K->12504K(153344K), 0.0308955 secs] 312388K->178819K(2080128K)After GC:
Statistics for BinaryTreeDictionary:
------------------------------------
Total Free Space: 225180570
Max   Chunk Size: 225180570
Number of Blocks: 1
Av.  Block  Size: 225180570
Tree      Height: 1
, 0.0309961 secs] [Times: user=0.06 sys=0.00, real=0.03 secs] 
Heap after GC invocations=33 (full 2):
 par new generation   total 153344K, used 12504K [0x0000000080000000, 0x000000008a660000, 0x000000008a660000)
  eden space 136320K,   0% used [0x0000000080000000, 0x0000000080000000, 0x0000000088520000)
  from space 17024K,  73% used [0x00000000895c0000, 0x000000008a1f6190, 0x000000008a660000)
  to   space 17024K,   0% used [0x0000000088520000, 0x0000000088520000, 0x00000000895c0000)
 concurrent mark-sweep generation total 1926784K, used 166314K [0x000000008a660000, 0x0000000100000000, 0x0000000100000000)
 Metaspace       used 83281K, capacity 89126K, committed 89368K, reserved 1128448K
  class space    used 10374K, capacity 10778K, committed 10784K, reserved 1048576K
}
2017-07-31T22:52:26.675+0000: 98.249: Total time for which application threads were stopped: 0.0321995 seconds, Stopping threads took: 0.0010043 seconds
2017-07-31T22:52:26.676+0000: 98.249: Total time for which application threads were stopped: 0.0001272 seconds, Stopping threads took: 0.0000336 seconds
2017-07-31T22:52:26.682+0000: 98.255: Total time for which application threads were stopped: 0.0001277 seconds, Stopping threads took: 0.0000433 seconds
2017-07-31T22:52:26.682+0000: 98.255: Total time for which application threads were stopped: 0.0000768 seconds, Stopping threads took: 0.0000240 seconds
2017-07-31T22:52:26.682+0000: 98.255: Total time for which application threads were stopped: 0.0001218 seconds, Stopping threads took: 0.0000490 seconds
2017-07-31T22:52:26.682+0000: 98.256: Total time for which application threads were stopped: 0.0001115 seconds, Stopping threads took: 0.0000445 seconds
2017-07-31T22:52:26.682+0000: 98.256: Total time for which application threads were stopped: 0.0000800 seconds, Stopping threads took: 0.0000211 seconds
2017-07-31T22:52:26.683+0000: 98.256: Total time for which application threads were stopped: 0.0001063 seconds, Stopping threads took: 0.0000351 seconds
2017-07-31T22:52:26.693+0000: 98.266: Total time for which application threads were stopped: 0.0001784 seconds, Stopping threads took: 0.0000933 seconds
2017-07-31T22:52:26.693+0000: 98.267: Total time for which application threads were stopped: 0.0001241 seconds, Stopping threads took: 0.0000395 seconds
2017-07-31T22:52:26.694+0000: 98.267: Total time for which application threads were stopped: 0.0001235 seconds, Stopping threads took: 0.0000414 seconds
2017-07-31T22:52:26.694+0000: 98.267: Total time for which application threads were stopped: 0.0001089 seconds, Stopping threads took: 0.0000227 seconds
2017-07-31T22:52:26.694+0000: 98.267: Total time for which application threads were stopped: 0.0001022 seconds, Stopping threads took: 0.0000298 seconds
2017-07-31T22:52:26.694+0000: 98.267: Total time for which application threads were stopped: 0.0001247 seconds, Stopping threads took: 0.0000514 seconds
2017-07-31T22:52:26.694+0000: 98.268: Total time for which application threads were stopped: 0.0000831 seconds, Stopping threads took: 0.0000216 seconds
2017-07-31T22:52:26.694+0000: 98.268: Total time for which application threads were stopped: 0.0001596 seconds, Stopping threads took: 0.0000310 seconds
2017-07-31T22:52:26.695+0000: 98.268: Total time for which application threads were stopped: 0.0001460 seconds, Stopping threads took: 0.0000311 seconds
2017-07-31T22:52:26.695+0000: 98.268: Total time for which application threads were stopped: 0.0001545 seconds, Stopping threads took: 0.0000294 seconds
2017-07-31T22:52:26.695+0000: 98.268: Total time for which application threads were stopped: 0.0001138 seconds, Stopping threads took: 0.0000356 seconds
2017-07-31T22:52:26.695+0000: 98.268: Total time for which application threads were stopped: 0.0001252 seconds, Stopping threads took: 0.0000483 seconds
2017-07-31T22:52:26.695+0000: 98.269: Total time for which application threads were stopped: 0.0001390 seconds, Stopping threads took: 0.0000478 seconds
2017-07-31T22:52:26.695+0000: 98.269: Total time for which application threads were stopped: 0.0001296 seconds, Stopping threads took: 0.0000472 seconds
2017-07-31T22:52:26.696+0000: 98.269: Total time for which application threads were stopped: 0.0003686 seconds, Stopping threads took: 0.0000321 seconds
2017-07-31T22:52:27.696+0000: 99.269: Total time for which application threads were stopped: 0.0001901 seconds, Stopping threads took: 0.0000499 seconds
2017-07-31T22:52:28.698+0000: 100.271: Total time for which application threads were stopped: 0.0001891 seconds, Stopping threads took: 0.0000437 seconds
2017-07-31T22:52:29.698+0000: 101.271: Total time for which application threads were stopped: 0.0002250 seconds, Stopping threads took: 0.0000482 seconds
2017-07-31T22:52:30.698+0000: 102.272: Total time for which application threads were stopped: 0.0001784 seconds, Stopping threads took: 0.0000461 seconds
2017-07-31T22:52:31.701+0000: 103.274: Total time for which application threads were stopped: 0.0021307 seconds, Stopping threads took: 0.0019961 seconds
2017-07-31T22:52:32.701+0000: 104.275: Total time for which application threads were stopped: 0.0002689 seconds, Stopping threads took: 0.0000689 seconds
2017-07-31T22:52:33.702+0000: 105.275: Total time for which application threads were stopped: 0.0001805 seconds, Stopping threads took: 0.0000587 seconds
2017-07-31T22:52:34.702+0000: 106.275: Total time for which application threads were stopped: 0.0001738 seconds, Stopping threads took: 0.0000432 seconds
2017-07-31T22:52:35.702+0000: 107.276: Total time for which application threads were stopped: 0.0001632 seconds, Stopping threads took: 0.0000542 seconds
2017-07-31T22:52:36.703+0000: 108.276: Total time for which application threads were stopped: 0.0002932 seconds, Stopping threads took: 0.0000709 seconds
2017-07-31T22:52:37.703+0000: 109.276: Total time for which application threads were stopped: 0.0001563 seconds, Stopping threads took: 0.0000451 seconds
2017-07-31T22:52:38.703+0000: 110.276: Total time for which application threads were stopped: 0.0001551 seconds, Stopping threads took: 0.0000447 seconds
2017-07-31T22:52:39.704+0000: 111.277: Total time for which application threads were stopped: 0.0002131 seconds, Stopping threads took: 0.0000487 seconds
2017-07-31T22:52:40.704+0000: 112.277: Total time for which application threads were stopped: 0.0003547 seconds, Stopping threads took: 0.0000719 seconds
2017-07-31T22:52:40.936+0000: 112.509: Total time for which application threads were stopped: 0.0001661 seconds, Stopping threads took: 0.0000425 seconds
2017-07-31T22:52:41.347+0000: 112.920: Total time for which application threads were stopped: 0.0002429 seconds, Stopping threads took: 0.0000469 seconds
2017-07-31T22:52:42.347+0000: 113.920: Total time for which application threads were stopped: 0.0001888 seconds, Stopping threads took: 0.0000435 seconds
2017-07-31T22:52:43.347+0000: 114.920: Total time for which application threads were stopped: 0.0001658 seconds, Stopping threads took: 0.0000591 seconds
2017-07-31T22:52:43.347+0000: 114.921: Total time for which application threads were stopped: 0.0000897 seconds, Stopping threads took: 0.0000239 seconds
2017-07-31T22:52:44.346+0000: 115.919: Total time for which application threads were stopped: 0.0001896 seconds, Stopping threads took: 0.0000432 seconds
2017-07-31T22:52:45.346+0000: 116.920: Total time for which application threads were stopped: 0.0002388 seconds, Stopping threads took: 0.0001144 seconds
2017-07-31T22:52:45.347+0000: 116.920: Total time for which application threads were stopped: 0.0000866 seconds, Stopping threads took: 0.0000230 seconds
2017-07-31T22:52:46.347+0000: 117.920: Total time for which application threads were stopped: 0.0002049 seconds, Stopping threads took: 0.0000516 seconds
2017-07-31T22:52:46.359+0000: 117.932: Total time for which application threads were stopped: 0.0011116 seconds, Stopping threads took: 0.0009777 seconds
2017-07-31T22:52:47.355+0000: 118.928: Total time for which application threads were stopped: 0.0002042 seconds, Stopping threads took: 0.0000615 seconds
2017-07-31T22:52:48.347+0000: 119.921: Total time for which application threads were stopped: 0.0002321 seconds, Stopping threads took: 0.0000549 seconds
2017-07-31T22:52:49.347+0000: 120.920: Total time for which application threads were stopped: 0.0002387 seconds, Stopping threads took: 0.0000386 seconds
2017-07-31T22:52:50.346+0000: 121.919: Total time for which application threads were stopped: 0.0002104 seconds, Stopping threads took: 0.0000421 seconds
2017-07-31T22:52:51.346+0000: 122.919: Total time for which application threads were stopped: 0.0001895 seconds, Stopping threads took: 0.0000425 seconds
2017-07-31T22:52:52.346+0000: 123.920: Total time for which application threads were stopped: 0.0002173 seconds, Stopping threads took: 0.0000578 seconds
2017-07-31T22:52:53.346+0000: 124.919: Total time for which application threads were stopped: 0.0001964 seconds, Stopping threads took: 0.0000437 seconds
2017-07-31T22:52:54.347+0000: 125.920: Total time for which application threads were stopped: 0.0001973 seconds, Stopping threads took: 0.0000620 seconds
2017-07-31T22:52:54.347+0000: 125.920: Total time for which application threads were stopped: 0.0000880 seconds, Stopping threads took: 0.0000239 seconds
2017-07-31T22:52:55.347+0000: 126.920: Total time for which application threads were stopped: 0.0001899 seconds, Stopping threads took: 0.0000715 seconds
2017-07-31T22:52:56.347+0000: 127.921: Total time for which application threads were stopped: 0.0001505 seconds, Stopping threads took: 0.0000428 seconds
2017-07-31T22:52:57.348+0000: 128.921: Total time for which application threads were stopped: 0.0001659 seconds, Stopping threads took: 0.0000521 seconds
2017-07-31T22:52:58.348+0000: 129.921: Total time for which application threads were stopped: 0.0001716 seconds, Stopping threads took: 0.0000421 seconds
2017-07-31T22:52:58.897+0000: 130.470: Total time for which application threads were stopped: 0.0002167 seconds, Stopping threads took: 0.0000704 seconds
2017-07-31T22:52:59.897+0000: 131.470: Total time for which application threads were stopped: 0.0001623 seconds, Stopping threads took: 0.0000432 seconds
2017-07-31T22:53:00.897+0000: 132.471: Total time for which application threads were stopped: 0.0001762 seconds, Stopping threads took: 0.0000453 seconds
{Heap before GC invocations=33 (full 2):
 par new generation   total 153344K, used 148824K [0x0000000080000000, 0x000000008a660000, 0x000000008a660000)
  eden space 136320K, 100% used [0x0000000080000000, 0x0000000088520000, 0x0000000088520000)
  from space 17024K,  73% used [0x00000000895c0000, 0x000000008a1f6190, 0x000000008a660000)
  to   space 17024K,   0% used [0x0000000088520000, 0x0000000088520000, 0x00000000895c0000)
 concurrent mark-sweep generation total 1926784K, used 166314K [0x000000008a660000, 0x0000000100000000, 0x0000000100000000)
 Metaspace       used 83593K, capacity 89418K, committed 89624K, reserved 1128448K
  class space    used 10388K, capacity 10784K, committed 10784K, reserved 1048576K
2017-07-31T22:53:01.858+0000: 133.431: [GC (Allocation Failure) Before GC:
Statistics for BinaryTreeDictionary:
------------------------------------
Total Free Space: 225180570
Max   Chunk Size: 225180570
Number of Blocks: 1
Av.  Block  Size: 225180570
Tree      Height: 1
2017-07-31T22:53:01.858+0000: 133.431: [ParNew
Desired survivor size 8716288 bytes, new threshold 6 (max 6)
- age   1:    1449792 bytes,    1449792 total
- age   2:    1562720 bytes,    3012512 total
- age   3:    2953712 bytes,    5966224 total
- age   4:    1307600 bytes,    7273824 total
- age   5:     288144 bytes,    7561968 total
- age   6:     495136 bytes,    8057104 total
: 148824K->10989K(153344K), 0.0301377 secs] 315139K->177710K(2080128K)After GC:
Statistics for BinaryTreeDictionary:
------------------------------------
Total Free Space: 225126194
Max   Chunk Size: 225126194
Number of Blocks: 1
Av.  Block  Size: 225126194
Tree      Height: 1
, 0.0302318 secs] [Times: user=0.06 sys=0.00, real=0.03 secs] 
Heap after GC invocations=34 (full 2):
 par new generation   total 153344K, used 10989K [0x0000000080000000, 0x000000008a660000, 0x000000008a660000)
  eden space 136320K,   0% used [0x0000000080000000, 0x0000000080000000, 0x0000000088520000)
  from space 17024K,  64% used [0x0000000088520000, 0x0000000088fdb6e8, 0x00000000895c0000)
  to   space 17024K,   0% used [0x00000000895c0000, 0x00000000895c0000, 0x000000008a660000)
 concurrent mark-sweep generation total 1926784K, used 166721K [0x000000008a660000, 0x0000000100000000, 0x0000000100000000)
 Metaspace       used 83593K, capacity 89418K, committed 89624K, reserved 1128448K
  class space    used 10388K, capacity 10784K, committed 10784K, reserved 1048576K
}
2017-07-31T22:53:01.888+0000: 133.462: Total time for which application threads were stopped: 0.0305172 seconds, Stopping threads took: 0.0000778 seconds
2017-07-31T22:53:01.889+0000: 133.462: Total time for which application threads were stopped: 0.0001826 seconds, Stopping threads took: 0.0000661 seconds
2017-07-31T22:53:01.889+0000: 133.462: Total time for which application threads were stopped: 0.0000883 seconds, Stopping threads took: 0.0000313 seconds
2017-07-31T22:53:01.889+0000: 133.462: Total time for which application threads were stopped: 0.0000983 seconds, Stopping threads took: 0.0000387 seconds
2017-07-31T22:53:01.889+0000: 133.462: Total time for which application threads were stopped: 0.0001081 seconds, Stopping threads took: 0.0000288 seconds
2017-07-31T22:53:01.889+0000: 133.463: Total time for which application threads were stopped: 0.0000874 seconds, Stopping threads took: 0.0000307 seconds
2017-07-31T22:53:01.890+0000: 133.463: Total time for which application threads were stopped: 0.0001329 seconds, Stopping threads took: 0.0000457 seconds
2017-07-31T22:53:01.900+0000: 133.474: Total time for which application threads were stopped: 0.0010511 seconds, Stopping threads took: 0.0009783 seconds
2017-07-31T22:53:01.900+0000: 133.474: Total time for which application threads were stopped: 0.0001132 seconds, Stopping threads took: 0.0000534 seconds
2017-07-31T22:53:01.901+0000: 133.474: Total time for which application threads were stopped: 0.0001103 seconds, Stopping threads took: 0.0000510 seconds
2017-07-31T22:53:01.901+0000: 133.474: Total time for which application threads were stopped: 0.0000918 seconds, Stopping threads took: 0.0000404 seconds
2017-07-31T22:53:01.901+0000: 133.474: Total time for which application threads were stopped: 0.0000982 seconds, Stopping threads took: 0.0000333 seconds
2017-07-31T22:53:01.901+0000: 133.474: Total time for which application threads were stopped: 0.0000973 seconds, Stopping threads took: 0.0000350 seconds
2017-07-31T22:53:01.901+0000: 133.474: Total time for which application threads were stopped: 0.0000804 seconds, Stopping threads took: 0.0000222 seconds
2017-07-31T22:53:01.901+0000: 133.475: Total time for which application threads were stopped: 0.0001131 seconds, Stopping threads took: 0.0000414 seconds
2017-07-31T22:53:01.901+0000: 133.475: Total time for which application threads were stopped: 0.0001138 seconds, Stopping threads took: 0.0000432 seconds
2017-07-31T22:53:01.901+0000: 133.475: Total time for which application threads were stopped: 0.0000771 seconds, Stopping threads took: 0.0000196 seconds
2017-07-31T22:53:01.902+0000: 133.475: Total time for which application threads were stopped: 0.0001419 seconds, Stopping threads took: 0.0000678 seconds
2017-07-31T22:53:01.902+0000: 133.475: Total time for which application threads were stopped: 0.0001106 seconds, Stopping threads took: 0.0000471 seconds
2017-07-31T22:53:01.904+0000: 133.477: Total time for which application threads were stopped: 0.0001367 seconds, Stopping threads took: 0.0000672 seconds
2017-07-31T22:53:01.904+0000: 133.478: Total time for which application threads were stopped: 0.0002223 seconds, Stopping threads took: 0.0000438 seconds
2017-07-31T22:53:02.729+0000: 134.303: Total time for which application threads were stopped: 0.0002110 seconds, Stopping threads took: 0.0000427 seconds
2017-07-31T22:53:03.303+0000: 134.877: Total time for which application threads were stopped: 0.0002549 seconds, Stopping threads took: 0.0001085 seconds
2017-07-31T22:53:03.304+0000: 134.877: Total time for which application threads were stopped: 0.0001462 seconds, Stopping threads took: 0.0000808 seconds
2017-07-31T22:53:04.304+0000: 135.877: Total time for which application threads were stopped: 0.0001834 seconds, Stopping threads took: 0.0000484 seconds
2017-07-31T22:53:05.304+0000: 136.878: Total time for which application threads were stopped: 0.0001789 seconds, Stopping threads took: 0.0000734 seconds
2017-07-31T22:53:05.926+0000: 137.499: Total time for which application threads were stopped: 0.0010528 seconds, Stopping threads took: 0.0008802 seconds
2017-07-31T22:53:05.950+0000: 137.523: Total time for which application threads were stopped: 0.0014056 seconds, Stopping threads took: 0.0010937 seconds
2017-07-31T22:53:06.347+0000: 137.920: Total time for which application threads were stopped: 0.0002015 seconds, Stopping threads took: 0.0000437 seconds
2017-07-31T22:53:07.346+0000: 138.919: Total time for which application threads were stopped: 0.0002481 seconds, Stopping threads took: 0.0000886 seconds
2017-07-31T22:53:08.346+0000: 139.919: Total time for which application threads were stopped: 0.0001969 seconds, Stopping threads took: 0.0000567 seconds
2017-07-31T22:53:09.346+0000: 140.920: Total time for which application threads were stopped: 0.0002153 seconds, Stopping threads took: 0.0000749 seconds
2017-07-31T22:53:09.347+0000: 140.920: Total time for which application threads were stopped: 0.0001085 seconds, Stopping threads took: 0.0000446 seconds
2017-07-31T22:53:10.348+0000: 141.921: Total time for which application threads were stopped: 0.0002249 seconds, Stopping threads took: 0.0000550 seconds
2017-07-31T22:53:11.346+0000: 142.919: Total time for which application threads were stopped: 0.0002063 seconds, Stopping threads took: 0.0000445 seconds
2017-07-31T22:53:12.346+0000: 143.920: Total time for which application threads were stopped: 0.0002274 seconds, Stopping threads took: 0.0000885 seconds
2017-07-31T22:53:12.347+0000: 143.920: Total time for which application threads were stopped: 0.0001135 seconds, Stopping threads took: 0.0000230 seconds
2017-07-31T22:53:13.346+0000: 144.920: Total time for which application threads were stopped: 0.0001723 seconds, Stopping threads took: 0.0000456 seconds
2017-07-31T22:53:14.347+0000: 145.920: Total time for which application threads were stopped: 0.0002193 seconds, Stopping threads took: 0.0000418 seconds
2017-07-31T22:53:15.346+0000: 146.920: Total time for which application threads were stopped: 0.0001813 seconds, Stopping threads took: 0.0000548 seconds
2017-07-31T22:53:16.346+0000: 147.920: Total time for which application threads were stopped: 0.0002206 seconds, Stopping threads took: 0.0000809 seconds
2017-07-31T22:53:17.347+0000: 148.920: Total time for which application threads were stopped: 0.0002281 seconds, Stopping threads took: 0.0000833 seconds
2017-07-31T22:53:18.347+0000: 149.920: Total time for which application threads were stopped: 0.0001751 seconds, Stopping threads took: 0.0000469 seconds
2017-07-31T22:53:18.347+0000: 149.921: Total time for which application threads were stopped: 0.0000940 seconds, Stopping threads took: 0.0000270 seconds
2017-07-31T22:53:19.347+0000: 150.920: Total time for which application threads were stopped: 0.0001784 seconds, Stopping threads took: 0.0000462 seconds
2017-07-31T22:53:20.347+0000: 151.920: Total time for which application threads were stopped: 0.0001978 seconds, Stopping threads took: 0.0000429 seconds
2017-07-31T22:53:21.347+0000: 152.920: Total time for which application threads were stopped: 0.0001997 seconds, Stopping threads took: 0.0000433 seconds
2017-07-31T22:53:22.346+0000: 153.919: Total time for which application threads were stopped: 0.0001987 seconds, Stopping threads took: 0.0000552 seconds
2017-07-31T22:53:23.346+0000: 154.920: Total time for which application threads were stopped: 0.0001674 seconds, Stopping threads took: 0.0000447 seconds
2017-07-31T22:53:23.347+0000: 154.920: Total time for which application threads were stopped: 0.0000909 seconds, Stopping threads took: 0.0000231 seconds
2017-07-31T22:53:24.346+0000: 155.920: Total time for which application threads were stopped: 0.0002151 seconds, Stopping threads took: 0.0000430 seconds
2017-07-31T22:53:25.346+0000: 156.920: Total time for which application threads were stopped: 0.0003902 seconds, Stopping threads took: 0.0000424 seconds
2017-07-31T22:53:26.347+0000: 157.920: Total time for which application threads were stopped: 0.0002022 seconds, Stopping threads took: 0.0000458 seconds
2017-07-31T22:53:27.349+0000: 158.923: Total time for which application threads were stopped: 0.0001641 seconds, Stopping threads took: 0.0000475 seconds
2017-07-31T22:53:28.350+0000: 159.923: Total time for which application threads were stopped: 0.0001635 seconds, Stopping threads took: 0.0000474 seconds
2017-07-31T22:53:29.310+0000: 160.883: Total time for which application threads were stopped: 0.0003016 seconds, Stopping threads took: 0.0000867 seconds
2017-07-31T22:53:30.310+0000: 161.883: Total time for which application threads were stopped: 0.0001826 seconds, Stopping threads took: 0.0000543 seconds
2017-07-31T22:53:31.310+0000: 162.884: Total time for which application threads were stopped: 0.0001703 seconds, Stopping threads took: 0.0000662 seconds
2017-07-31T22:53:32.311+0000: 163.884: Total time for which application threads were stopped: 0.0001543 seconds, Stopping threads took: 0.0000428 seconds
2017-07-31T22:53:33.311+0000: 164.884: Total time for which application threads were stopped: 0.0001685 seconds, Stopping threads took: 0.0000429 seconds
2017-07-31T22:53:34.311+0000: 165.884: Total time for which application threads were stopped: 0.0001741 seconds, Stopping threads took: 0.0000453 seconds
2017-07-31T22:53:35.311+0000: 166.885: Total time for which application threads were stopped: 0.0001630 seconds, Stopping threads took: 0.0000512 seconds
2017-07-31T22:53:37.312+0000: 168.885: Total time for which application threads were stopped: 0.0001641 seconds, Stopping threads took: 0.0000470 seconds
2017-07-31T22:53:39.312+0000: 170.886: Total time for which application threads were stopped: 0.0001524 seconds, Stopping threads took: 0.0000477 seconds
2017-07-31T22:53:40.312+0000: 171.886: Total time for which application threads were stopped: 0.0001492 seconds, Stopping threads took: 0.0000433 seconds
2017-07-31T22:53:41.313+0000: 172.886: Total time for which application threads were stopped: 0.0001739 seconds, Stopping threads took: 0.0000481 seconds
2017-07-31T22:53:42.313+0000: 173.886: Total time for which application threads were stopped: 0.0001721 seconds, Stopping threads took: 0.0000437 seconds
2017-07-31T22:53:43.313+0000: 174.887: Total time for which application threads were stopped: 0.0001598 seconds, Stopping threads took: 0.0000513 seconds
2017-07-31T22:53:44.314+0000: 175.887: Total time for which application threads were stopped: 0.0001719 seconds, Stopping threads took: 0.0000457 seconds
2017-07-31T22:53:45.314+0000: 176.887: Total time for which application threads were stopped: 0.0002231 seconds, Stopping threads took: 0.0000462 seconds
2017-07-31T22:53:46.314+0000: 177.888: Total time for which application threads were stopped: 0.0001553 seconds, Stopping threads took: 0.0000467 seconds
{Heap before GC invocations=34 (full 2):
 par new generation   total 153344K, used 147309K [0x0000000080000000, 0x000000008a660000, 0x000000008a660000)
  eden space 136320K, 100% used [0x0000000080000000, 0x0000000088520000, 0x0000000088520000)
  from space 17024K,  64% used [0x0000000088520000, 0x0000000088fdb6e8, 0x00000000895c0000)
  to   space 17024K,   0% used [0x00000000895c0000, 0x00000000895c0000, 0x000000008a660000)
 concurrent mark-sweep generation total 1926784K, used 166721K [0x000000008a660000, 0x0000000100000000, 0x0000000100000000)
 Metaspace       used 84120K, capacity 89948K, committed 90264K, reserved 1128448K
  class space    used 10394K, capacity 10787K, committed 10912K, reserved 1048576K
2017-07-31T22:53:47.411+0000: 178.985: [GC (Allocation Failure) Before GC:
Statistics for BinaryTreeDictionary:
------------------------------------
Total Free Space: 225126194
Max   Chunk Size: 225126194
Number of Blocks: 1
Av.  Block  Size: 225126194
Tree      Height: 1
2017-07-31T22:53:47.411+0000: 178.985: [ParNew
Desired survivor size 8716288 bytes, new threshold 6 (max 6)
- age   1:    1638528 bytes,    1638528 total
- age   2:     800272 bytes,    2438800 total
- age   3:    1304944 bytes,    3743744 total
- age   4:    2933456 bytes,    6677200 total
- age   5:    1250848 bytes,    7928048 total
- age   6:     253544 bytes,    8181592 total
: 147309K->11568K(153344K), 0.0312530 secs] 314030K->178718K(2080128K)After GC:
Statistics for BinaryTreeDictionary:
------------------------------------
Total Free Space: 225075724
Max   Chunk Size: 225075724
Number of Blocks: 1
Av.  Block  Size: 225075724
Tree      Height: 1
, 0.0313285 secs] [Times: user=0.07 sys=0.00, real=0.03 secs] 
Heap after GC invocations=35 (full 2):
 par new generation   total 153344K, used 11568K [0x0000000080000000, 0x000000008a660000, 0x000000008a660000)
  eden space 136320K,   0% used [0x0000000080000000, 0x0000000080000000, 0x0000000088520000)
  from space 17024K,  67% used [0x00000000895c0000, 0x000000008a10c2a0, 0x000000008a660000)
  to   space 17024K,   0% used [0x0000000088520000, 0x0000000088520000, 0x00000000895c0000)
 concurrent mark-sweep generation total 1926784K, used 167149K [0x000000008a660000, 0x0000000100000000, 0x0000000100000000)
 Metaspace       used 84120K, capacity 89948K, committed 90264K, reserved 1128448K
  class space    used 10394K, capacity 10787K, committed 10912K, reserved 1048576K
}
2017-07-31T22:53:47.443+0000: 179.016: Total time for which application threads were stopped: 0.0316116 seconds, Stopping threads took: 0.0000479 seconds
2017-07-31T22:53:47.443+0000: 179.016: Total time for which application threads were stopped: 0.0001490 seconds, Stopping threads took: 0.0000448 seconds
2017-07-31T22:53:47.455+0000: 179.029: Total time for which application threads were stopped: 0.0002049 seconds, Stopping threads took: 0.0000784 seconds
2017-07-31T22:53:47.456+0000: 179.030: Total time for which application threads were stopped: 0.0009730 seconds, Stopping threads took: 0.0009090 seconds
2017-07-31T22:53:47.456+0000: 179.030: Total time for which application threads were stopped: 0.0000745 seconds, Stopping threads took: 0.0000243 seconds
2017-07-31T22:53:47.457+0000: 179.030: Total time for which application threads were stopped: 0.0001064 seconds, Stopping threads took: 0.0000287 seconds
2017-07-31T22:53:47.457+0000: 179.030: Total time for which application threads were stopped: 0.0001727 seconds, Stopping threads took: 0.0001060 seconds
2017-07-31T22:53:47.457+0000: 179.031: Total time for which application threads were stopped: 0.0001141 seconds, Stopping threads took: 0.0000546 seconds
2017-07-31T22:53:47.457+0000: 179.031: Total time for which application threads were stopped: 0.0000965 seconds, Stopping threads took: 0.0000244 seconds
2017-07-31T22:53:47.458+0000: 179.031: Total time for which application threads were stopped: 0.0000939 seconds, Stopping threads took: 0.0000360 seconds
2017-07-31T22:53:47.458+0000: 179.031: Total time for which application threads were stopped: 0.0001027 seconds, Stopping threads took: 0.0000241 seconds
2017-07-31T22:53:47.458+0000: 179.031: Total time for which application threads were stopped: 0.0001084 seconds, Stopping threads took: 0.0000547 seconds
2017-07-31T22:53:47.458+0000: 179.031: Total time for which application threads were stopped: 0.0001021 seconds, Stopping threads took: 0.0000386 seconds
2017-07-31T22:53:47.458+0000: 179.032: Total time for which application threads were stopped: 0.0001044 seconds, Stopping threads took: 0.0000524 seconds
2017-07-31T22:53:47.459+0000: 179.032: Total time for which application threads were stopped: 0.0000929 seconds, Stopping threads took: 0.0000328 seconds
2017-07-31T22:53:47.459+0000: 179.032: Total time for which application threads were stopped: 0.0000735 seconds, Stopping threads took: 0.0000236 seconds
2017-07-31T22:53:47.459+0000: 179.032: Total time for which application threads were stopped: 0.0000711 seconds, Stopping threads took: 0.0000226 seconds
2017-07-31T22:53:47.459+0000: 179.032: Total time for which application threads were stopped: 0.0001162 seconds, Stopping threads took: 0.0000303 seconds
2017-07-31T22:53:47.459+0000: 179.032: Total time for which application threads were stopped: 0.0000706 seconds, Stopping threads took: 0.0000213 seconds
2017-07-31T22:53:47.459+0000: 179.032: Total time for which application threads were stopped: 0.0001024 seconds, Stopping threads took: 0.0000223 seconds
2017-07-31T22:53:47.459+0000: 179.033: Total time for which application threads were stopped: 0.0002798 seconds, Stopping threads took: 0.0000287 seconds
2017-07-31T22:53:49.460+0000: 181.033: Total time for which application threads were stopped: 0.0001892 seconds, Stopping threads took: 0.0000460 seconds
2017-07-31T22:53:50.460+0000: 182.033: Total time for which application threads were stopped: 0.0001881 seconds, Stopping threads took: 0.0000499 seconds
2017-07-31T22:53:51.461+0000: 183.034: Total time for which application threads were stopped: 0.0001890 seconds, Stopping threads took: 0.0000573 seconds
2017-07-31T22:53:52.461+0000: 184.034: Total time for which application threads were stopped: 0.0001965 seconds, Stopping threads took: 0.0000640 seconds
2017-07-31T22:53:53.461+0000: 185.034: Total time for which application threads were stopped: 0.0001591 seconds, Stopping threads took: 0.0000436 seconds
2017-07-31T22:53:54.461+0000: 186.035: Total time for which application threads were stopped: 0.0001492 seconds, Stopping threads took: 0.0000408 seconds
2017-07-31T22:53:55.462+0000: 187.035: Total time for which application threads were stopped: 0.0001712 seconds, Stopping threads took: 0.0000443 seconds
2017-07-31T22:53:56.462+0000: 188.035: Total time for which application threads were stopped: 0.0002658 seconds, Stopping threads took: 0.0000731 seconds
2017-07-31T22:53:57.462+0000: 189.036: Total time for which application threads were stopped: 0.0001803 seconds, Stopping threads took: 0.0000486 seconds
2017-07-31T22:53:58.463+0000: 190.036: Total time for which application threads were stopped: 0.0001837 seconds, Stopping threads took: 0.0000445 seconds
2017-07-31T22:53:59.463+0000: 191.036: Total time for which application threads were stopped: 0.0001779 seconds, Stopping threads took: 0.0000463 seconds
2017-07-31T22:54:00.468+0000: 192.041: Total time for which application threads were stopped: 0.0001951 seconds, Stopping threads took: 0.0000874 seconds
2017-07-31T22:54:01.468+0000: 193.041: Total time for which application threads were stopped: 0.0001854 seconds, Stopping threads took: 0.0000642 seconds
2017-07-31T22:54:02.468+0000: 194.042: Total time for which application threads were stopped: 0.0001448 seconds, Stopping threads took: 0.0000463 seconds
2017-07-31T22:54:03.469+0000: 195.042: Total time for which application threads were stopped: 0.0001815 seconds, Stopping threads took: 0.0000731 seconds
2017-07-31T22:54:04.469+0000: 196.042: Total time for which application threads were stopped: 0.0001674 seconds, Stopping threads took: 0.0000496 seconds
2017-07-31T22:54:05.469+0000: 197.043: Total time for which application threads were stopped: 0.0002682 seconds, Stopping threads took: 0.0000907 seconds
2017-07-31T22:54:06.469+0000: 198.043: Total time for which application threads were stopped: 0.0001646 seconds, Stopping threads took: 0.0000503 seconds
2017-07-31T22:54:07.470+0000: 199.043: Total time for which application threads were stopped: 0.0001777 seconds, Stopping threads took: 0.0000506 seconds
2017-07-31T22:54:08.470+0000: 200.043: Total time for which application threads were stopped: 0.0001697 seconds, Stopping threads took: 0.0000537 seconds
2017-07-31T22:54:09.470+0000: 201.044: Total time for which application threads were stopped: 0.0001568 seconds, Stopping threads took: 0.0000496 seconds
2017-07-31T22:54:10.470+0000: 202.044: Total time for which application threads were stopped: 0.0001519 seconds, Stopping threads took: 0.0000492 seconds
2017-07-31T22:54:11.471+0000: 203.044: Total time for which application threads were stopped: 0.0001558 seconds, Stopping threads took: 0.0000456 seconds
2017-07-31T22:54:12.471+0000: 204.044: Total time for which application threads were stopped: 0.0001524 seconds, Stopping threads took: 0.0000485 seconds
2017-07-31T22:54:13.471+0000: 205.044: Total time for which application threads were stopped: 0.0001621 seconds, Stopping threads took: 0.0000515 seconds
2017-07-31T22:54:15.472+0000: 207.045: Total time for which application threads were stopped: 0.0001920 seconds, Stopping threads took: 0.0000681 seconds
2017-07-31T22:54:16.472+0000: 208.045: Total time for which application threads were stopped: 0.0001559 seconds, Stopping threads took: 0.0000362 seconds
2017-07-31T22:54:19.473+0000: 211.046: Total time for which application threads were stopped: 0.0002263 seconds, Stopping threads took: 0.0000713 seconds
2017-07-31T22:54:20.473+0000: 212.046: Total time for which application threads were stopped: 0.0001705 seconds, Stopping threads took: 0.0000449 seconds
2017-07-31T22:54:21.473+0000: 213.046: Total time for which application threads were stopped: 0.0001822 seconds, Stopping threads took: 0.0000637 seconds
2017-07-31T22:54:23.473+0000: 215.047: Total time for which application threads were stopped: 0.0002295 seconds, Stopping threads took: 0.0001053 seconds
2017-07-31T22:54:24.474+0000: 216.047: Total time for which application threads were stopped: 0.0001837 seconds, Stopping threads took: 0.0000616 seconds
2017-07-31T22:54:25.474+0000: 217.047: Total time for which application threads were stopped: 0.0001909 seconds, Stopping threads took: 0.0000451 seconds
2017-07-31T22:54:26.480+0000: 218.053: Total time for which application threads were stopped: 0.0007397 seconds, Stopping threads took: 0.0006263 seconds
2017-07-31T22:54:27.480+0000: 219.054: Total time for which application threads were stopped: 0.0002483 seconds, Stopping threads took: 0.0000961 seconds
2017-07-31T22:54:28.481+0000: 220.054: Total time for which application threads were stopped: 0.0001823 seconds, Stopping threads took: 0.0000457 seconds
2017-07-31T22:54:29.481+0000: 221.054: Total time for which application threads were stopped: 0.0001777 seconds, Stopping threads took: 0.0000480 seconds
2017-07-31T22:54:30.481+0000: 222.055: Total time for which application threads were stopped: 0.0002814 seconds, Stopping threads took: 0.0000762 seconds
2017-07-31T22:54:31.482+0000: 223.055: Total time for which application threads were stopped: 0.0001800 seconds, Stopping threads took: 0.0000518 seconds
2017-07-31T22:54:32.484+0000: 224.057: Total time for which application threads were stopped: 0.0010602 seconds, Stopping threads took: 0.0009348 seconds
2017-07-31T22:54:33.484+0000: 225.057: Total time for which application threads were stopped: 0.0001614 seconds, Stopping threads took: 0.0000494 seconds
2017-07-31T22:54:34.484+0000: 226.058: Total time for which application threads were stopped: 0.0001514 seconds, Stopping threads took: 0.0000457 seconds
2017-07-31T22:54:35.485+0000: 227.058: Total time for which application threads were stopped: 0.0001814 seconds, Stopping threads took: 0.0000502 seconds
2017-07-31T22:54:36.485+0000: 228.058: Total time for which application threads were stopped: 0.0001652 seconds, Stopping threads took: 0.0000459 seconds
2017-07-31T22:54:37.485+0000: 229.059: Total time for which application threads were stopped: 0.0001553 seconds, Stopping threads took: 0.0000499 seconds
2017-07-31T22:54:38.490+0000: 230.063: Total time for which application threads were stopped: 0.0042209 seconds, Stopping threads took: 0.0040758 seconds
2017-07-31T22:54:39.490+0000: 231.063: Total time for which application threads were stopped: 0.0001888 seconds, Stopping threads took: 0.0000747 seconds
2017-07-31T22:54:40.490+0000: 232.064: Total time for which application threads were stopped: 0.0001557 seconds, Stopping threads took: 0.0000492 seconds
2017-07-31T22:54:41.490+0000: 233.064: Total time for which application threads were stopped: 0.0001425 seconds, Stopping threads took: 0.0000390 seconds
2017-07-31T22:54:42.491+0000: 234.064: Total time for which application threads were stopped: 0.0001703 seconds, Stopping threads took: 0.0000489 seconds
2017-07-31T22:54:43.491+0000: 235.064: Total time for which application threads were stopped: 0.0001662 seconds, Stopping threads took: 0.0000390 seconds
2017-07-31T22:54:46.492+0000: 238.065: Total time for which application threads were stopped: 0.0002095 seconds, Stopping threads took: 0.0000763 seconds
2017-07-31T22:54:48.492+0000: 240.065: Total time for which application threads were stopped: 0.0001843 seconds, Stopping threads took: 0.0000816 seconds
2017-07-31T22:54:49.492+0000: 241.066: Total time for which application threads were stopped: 0.0001726 seconds, Stopping threads took: 0.0000541 seconds
{Heap before GC invocations=35 (full 2):
 par new generation   total 153344K, used 147888K [0x0000000080000000, 0x000000008a660000, 0x000000008a660000)
  eden space 136320K, 100% used [0x0000000080000000, 0x0000000088520000, 0x0000000088520000)
  from space 17024K,  67% used [0x00000000895c0000, 0x000000008a10c2a0, 0x000000008a660000)
  to   space 17024K,   0% used [0x0000000088520000, 0x0000000088520000, 0x00000000895c0000)
 concurrent mark-sweep generation total 1926784K, used 167149K [0x000000008a660000, 0x0000000100000000, 0x0000000100000000)
 Metaspace       used 84392K, capacity 90204K, committed 90520K, reserved 1128448K
  class space    used 10394K, capacity 10787K, committed 10912K, reserved 1048576K
2017-07-31T22:54:50.426+0000: 241.999: [GC (Allocation Failure) Before GC:
Statistics for BinaryTreeDictionary:
------------------------------------
Total Free Space: 225075724
Max   Chunk Size: 225075724
Number of Blocks: 1
Av.  Block  Size: 225075724
Tree      Height: 1
2017-07-31T22:54:50.426+0000: 241.999: [ParNew
Desired survivor size 8716288 bytes, new threshold 6 (max 6)
- age   1:    1379328 bytes,    1379328 total
- age   2:    1009656 bytes,    2388984 total
- age   3:     702432 bytes,    3091416 total
- age   4:    1281872 bytes,    4373288 total
- age   5:    2928272 bytes,    7301560 total
- age   6:    1241832 bytes,    8543392 total
: 147888K->11856K(153344K), 0.0308405 secs] 315038K->179251K(2080128K)After GC:
Statistics for BinaryTreeDictionary:
------------------------------------
Total Free Space: 225041850
Max   Chunk Size: 225041850
Number of Blocks: 1
Av.  Block  Size: 225041850
Tree      Height: 1
, 0.0309258 secs] [Times: user=0.06 sys=0.00, real=0.03 secs] 
Heap after GC invocations=36 (full 2):
 par new generation   total 153344K, used 11856K [0x0000000080000000, 0x000000008a660000, 0x000000008a660000)
  eden space 136320K,   0% used [0x0000000080000000, 0x0000000080000000, 0x0000000088520000)
  from space 17024K,  69% used [0x0000000088520000, 0x00000000890b40a8, 0x00000000895c0000)
  to   space 17024K,   0% used [0x00000000895c0000, 0x00000000895c0000, 0x000000008a660000)
 concurrent mark-sweep generation total 1926784K, used 167395K [0x000000008a660000, 0x0000000100000000, 0x0000000100000000)
 Metaspace       used 84392K, capacity 90204K, committed 90520K, reserved 1128448K
  class space    used 10394K, capacity 10787K, committed 10912K, reserved 1048576K
}
2017-07-31T22:54:50.457+0000: 242.030: Total time for which application threads were stopped: 0.0312197 seconds, Stopping threads took: 0.0000469 seconds
2017-07-31T22:54:50.457+0000: 242.030: Total time for which application threads were stopped: 0.0001618 seconds, Stopping threads took: 0.0000461 seconds
2017-07-31T22:54:50.457+0000: 242.030: Total time for which application threads were stopped: 0.0000870 seconds, Stopping threads took: 0.0000334 seconds
2017-07-31T22:54:50.464+0000: 242.037: Total time for which application threads were stopped: 0.0001210 seconds, Stopping threads took: 0.0000508 seconds
2017-07-31T22:54:50.464+0000: 242.037: Total time for which application threads were stopped: 0.0001027 seconds, Stopping threads took: 0.0000405 seconds
2017-07-31T22:54:50.464+0000: 242.037: Total time for which application threads were stopped: 0.0000702 seconds, Stopping threads took: 0.0000203 seconds
2017-07-31T22:54:50.464+0000: 242.038: Total time for which application threads were stopped: 0.0001169 seconds, Stopping threads took: 0.0000489 seconds
2017-07-31T22:54:50.464+0000: 242.038: Total time for which application threads were stopped: 0.0000731 seconds, Stopping threads took: 0.0000239 seconds
2017-07-31T22:54:50.465+0000: 242.038: Total time for which application threads were stopped: 0.0001072 seconds, Stopping threads took: 0.0000432 seconds
2017-07-31T22:54:50.465+0000: 242.038: Total time for which application threads were stopped: 0.0000695 seconds, Stopping threads took: 0.0000205 seconds
2017-07-31T22:54:50.465+0000: 242.038: Total time for which application threads were stopped: 0.0001029 seconds, Stopping threads took: 0.0000415 seconds
2017-07-31T22:54:50.465+0000: 242.038: Total time for which application threads were stopped: 0.0000788 seconds, Stopping threads took: 0.0000196 seconds
2017-07-31T22:54:50.465+0000: 242.038: Total time for which application threads were stopped: 0.0001379 seconds, Stopping threads took: 0.0000778 seconds
2017-07-31T22:54:50.465+0000: 242.038: Total time for which application threads were stopped: 0.0000696 seconds, Stopping threads took: 0.0000208 seconds
2017-07-31T22:54:50.465+0000: 242.039: Total time for which application threads were stopped: 0.0000669 seconds, Stopping threads took: 0.0000188 seconds
2017-07-31T22:54:50.465+0000: 242.039: Total time for which application threads were stopped: 0.0001191 seconds, Stopping threads took: 0.0000534 seconds
2017-07-31T22:54:50.465+0000: 242.039: Total time for which application threads were stopped: 0.0000731 seconds, Stopping threads took: 0.0000240 seconds
2017-07-31T22:54:50.466+0000: 242.039: Total time for which application threads were stopped: 0.0001011 seconds, Stopping threads took: 0.0000371 seconds
2017-07-31T22:54:50.466+0000: 242.039: Total time for which application threads were stopped: 0.0000918 seconds, Stopping threads took: 0.0000278 seconds
2017-07-31T22:54:50.466+0000: 242.039: Total time for which application threads were stopped: 0.0001033 seconds, Stopping threads took: 0.0000446 seconds
2017-07-31T22:54:50.466+0000: 242.039: Total time for which application threads were stopped: 0.0002685 seconds, Stopping threads took: 0.0000209 seconds
2017-07-31T22:54:51.466+0000: 243.040: Total time for which application threads were stopped: 0.0002280 seconds, Stopping threads took: 0.0000827 seconds
2017-07-31T22:54:52.467+0000: 244.040: Total time for which application threads were stopped: 0.0002214 seconds, Stopping threads took: 0.0000675 seconds
2017-07-31T22:54:54.467+0000: 246.041: Total time for which application threads were stopped: 0.0001927 seconds, Stopping threads took: 0.0000505 seconds
2017-07-31T22:54:55.468+0000: 247.041: Total time for which application threads were stopped: 0.0001540 seconds, Stopping threads took: 0.0000501 seconds
2017-07-31T22:54:56.468+0000: 248.041: Total time for which application threads were stopped: 0.0001482 seconds, Stopping threads took: 0.0000465 seconds
2017-07-31T22:54:57.468+0000: 249.041: Total time for which application threads were stopped: 0.0001610 seconds, Stopping threads took: 0.0000453 seconds
2017-07-31T22:54:58.468+0000: 250.042: Total time for which application threads were stopped: 0.0001609 seconds, Stopping threads took: 0.0000441 seconds
2017-07-31T22:54:59.469+0000: 251.042: Total time for which application threads were stopped: 0.0001543 seconds, Stopping threads took: 0.0000479 seconds
2017-07-31T22:54:59.894+0000: 251.468: Total time for which application threads were stopped: 0.0001796 seconds, Stopping threads took: 0.0000338 seconds
2017-07-31T22:54:59.903+0000: 251.476: Total time for which application threads were stopped: 0.0001837 seconds, Stopping threads took: 0.0000667 seconds
2017-07-31T22:55:00.028+0000: 251.601: Total time for which application threads were stopped: 0.0002046 seconds, Stopping threads took: 0.0000388 seconds
2017-07-31T22:55:00.031+0000: 251.604: Total time for which application threads were stopped: 0.0001089 seconds, Stopping threads took: 0.0000170 seconds
2017-07-31T22:55:01.031+0000: 252.604: Total time for which application threads were stopped: 0.0001485 seconds, Stopping threads took: 0.0000376 seconds
2017-07-31T22:55:02.031+0000: 253.605: Total time for which application threads were stopped: 0.0001652 seconds, Stopping threads took: 0.0000420 seconds
2017-07-31T22:55:03.032+0000: 254.605: Total time for which application threads were stopped: 0.0001650 seconds, Stopping threads took: 0.0000465 seconds
2017-07-31T22:55:04.032+0000: 255.605: Total time for which application threads were stopped: 0.0001680 seconds, Stopping threads took: 0.0000474 seconds
2017-07-31T22:55:05.032+0000: 256.605: Total time for which application threads were stopped: 0.0001726 seconds, Stopping threads took: 0.0000463 seconds
2017-07-31T22:55:06.032+0000: 257.606: Total time for which application threads were stopped: 0.0001774 seconds, Stopping threads took: 0.0000466 seconds
2017-07-31T22:55:07.033+0000: 258.606: Total time for which application threads were stopped: 0.0001734 seconds, Stopping threads took: 0.0000594 seconds
2017-07-31T22:55:08.033+0000: 259.606: Total time for which application threads were stopped: 0.0001799 seconds, Stopping threads took: 0.0000488 seconds
2017-07-31T22:55:09.033+0000: 260.607: Total time for which application threads were stopped: 0.0001554 seconds, Stopping threads took: 0.0000473 seconds
2017-07-31T22:55:10.034+0000: 261.607: Total time for which application threads were stopped: 0.0001617 seconds, Stopping threads took: 0.0000453 seconds
2017-07-31T22:55:11.034+0000: 262.607: Total time for which application threads were stopped: 0.0001760 seconds, Stopping threads took: 0.0000504 seconds
2017-07-31T22:55:12.034+0000: 263.608: Total time for which application threads were stopped: 0.0002601 seconds, Stopping threads took: 0.0000744 seconds
2017-07-31T22:55:13.035+0000: 264.608: Total time for which application threads were stopped: 0.0001650 seconds, Stopping threads took: 0.0000487 seconds
2017-07-31T22:55:15.035+0000: 266.608: Total time for which application threads were stopped: 0.0001528 seconds, Stopping threads took: 0.0000490 seconds
2017-07-31T22:55:16.035+0000: 267.608: Total time for which application threads were stopped: 0.0001485 seconds, Stopping threads took: 0.0000466 seconds
2017-07-31T22:55:19.036+0000: 270.609: Total time for which application threads were stopped: 0.0001587 seconds, Stopping threads took: 0.0000441 seconds
2017-07-31T22:55:20.036+0000: 271.609: Total time for which application threads were stopped: 0.0001656 seconds, Stopping threads took: 0.0000499 seconds
2017-07-31T22:55:22.037+0000: 273.610: Total time for which application threads were stopped: 0.0001743 seconds, Stopping threads took: 0.0000460 seconds
2017-07-31T22:55:24.037+0000: 275.610: Total time for which application threads were stopped: 0.0001592 seconds, Stopping threads took: 0.0000635 seconds
2017-07-31T22:55:25.037+0000: 276.611: Total time for which application threads were stopped: 0.0001568 seconds, Stopping threads took: 0.0000420 seconds
2017-07-31T22:55:28.038+0000: 279.611: Total time for which application threads were stopped: 0.0001439 seconds, Stopping threads took: 0.0000441 seconds
2017-07-31T22:55:29.038+0000: 280.611: Total time for which application threads were stopped: 0.0001315 seconds, Stopping threads took: 0.0000417 seconds
2017-07-31T22:55:31.038+0000: 282.612: Total time for which application threads were stopped: 0.0001757 seconds, Stopping threads took: 0.0000562 seconds
2017-07-31T22:55:33.041+0000: 284.614: Total time for which application threads were stopped: 0.0001462 seconds, Stopping threads took: 0.0000486 seconds
2017-07-31T22:55:34.041+0000: 285.615: Total time for which application threads were stopped: 0.0001551 seconds, Stopping threads took: 0.0000437 seconds
2017-07-31T22:55:35.042+0000: 286.615: Total time for which application threads were stopped: 0.0001467 seconds, Stopping threads took: 0.0000463 seconds
2017-07-31T22:55:36.042+0000: 287.615: Total time for which application threads were stopped: 0.0001466 seconds, Stopping threads took: 0.0000458 seconds
2017-07-31T22:55:37.042+0000: 288.615: Total time for which application threads were stopped: 0.0002047 seconds, Stopping threads took: 0.0000680 seconds
2017-07-31T22:55:38.042+0000: 289.616: Total time for which application threads were stopped: 0.0001716 seconds, Stopping threads took: 0.0000577 seconds
2017-07-31T22:55:39.043+0000: 290.616: Total time for which application threads were stopped: 0.0001787 seconds, Stopping threads took: 0.0000552 seconds
2017-07-31T22:55:40.043+0000: 291.616: Total time for which application threads were stopped: 0.0001451 seconds, Stopping threads took: 0.0000431 seconds
2017-07-31T22:55:41.043+0000: 292.617: Total time for which application threads were stopped: 0.0001544 seconds, Stopping threads took: 0.0000513 seconds
2017-07-31T22:55:42.044+0000: 293.617: Total time for which application threads were stopped: 0.0001561 seconds, Stopping threads took: 0.0000456 seconds
2017-07-31T22:55:43.044+0000: 294.617: Total time for which application threads were stopped: 0.0001734 seconds, Stopping threads took: 0.0000450 seconds
2017-07-31T22:55:44.044+0000: 295.617: Total time for which application threads were stopped: 0.0001495 seconds, Stopping threads took: 0.0000436 seconds
2017-07-31T22:55:49.045+0000: 300.618: Total time for which application threads were stopped: 0.0001407 seconds, Stopping threads took: 0.0000433 seconds
2017-07-31T22:55:50.045+0000: 301.618: Total time for which application threads were stopped: 0.0001847 seconds, Stopping threads took: 0.0000543 seconds
{Heap before GC invocations=36 (full 2):
 par new generation   total 153344K, used 148176K [0x0000000080000000, 0x000000008a660000, 0x000000008a660000)
  eden space 136320K, 100% used [0x0000000080000000, 0x0000000088520000, 0x0000000088520000)
  from space 17024K,  69% used [0x0000000088520000, 0x00000000890b40a8, 0x00000000895c0000)
  to   space 17024K,   0% used [0x00000000895c0000, 0x00000000895c0000, 0x000000008a660000)
 concurrent mark-sweep generation total 1926784K, used 167395K [0x000000008a660000, 0x0000000100000000, 0x0000000100000000)
 Metaspace       used 84739K, capacity 90530K, committed 90776K, reserved 1128448K
  class space    used 10395K, capacity 10788K, committed 10912K, reserved 1048576K
2017-07-31T22:55:50.687+0000: 302.260: [GC (Allocation Failure) Before GC:
Statistics for BinaryTreeDictionary:
------------------------------------
Total Free Space: 225041850
Max   Chunk Size: 225041850
Number of Blocks: 1
Av.  Block  Size: 225041850
Tree      Height: 1
2017-07-31T22:55:50.687+0000: 302.261: [ParNew
Desired survivor size 8716288 bytes, new threshold 6 (max 6)
- age   1:    1562560 bytes,    1562560 total
- age   2:     713904 bytes,    2276464 total
- age   3:     955464 bytes,    3231928 total
- age   4:     685312 bytes,    3917240 total
- age   5:    1272696 bytes,    5189936 total
- age   6:    2926080 bytes,    8116016 total
: 148176K->12346K(153344K), 0.0569065 secs] 315571K->180964K(2080128K)After GC:
Statistics for BinaryTreeDictionary:
------------------------------------
Total Free Space: 224869367
Max   Chunk Size: 224869367
Number of Blocks: 1
Av.  Block  Size: 224869367
Tree      Height: 1
, 0.0570064 secs] [Times: user=0.09 sys=0.00, real=0.06 secs] 
Heap after GC invocations=37 (full 2):
 par new generation   total 153344K, used 12346K [0x0000000080000000, 0x000000008a660000, 0x000000008a660000)
  eden space 136320K,   0% used [0x0000000080000000, 0x0000000080000000, 0x0000000088520000)
  from space 17024K,  72% used [0x00000000895c0000, 0x000000008a1ce8f8, 0x000000008a660000)
  to   space 17024K,   0% used [0x0000000088520000, 0x0000000088520000, 0x00000000895c0000)
 concurrent mark-sweep generation total 1926784K, used 168618K [0x000000008a660000, 0x0000000100000000, 0x0000000100000000)
 Metaspace       used 84739K, capacity 90530K, committed 90776K, reserved 1128448K
  class space    used 10395K, capacity 10788K, committed 10912K, reserved 1048576K
}
2017-07-31T22:55:50.744+0000: 302.318: Total time for which application threads were stopped: 0.0572980 seconds, Stopping threads took: 0.0000577 seconds
2017-07-31T22:55:50.767+0000: 302.340: Total time for which application threads were stopped: 0.0121276 seconds, Stopping threads took: 0.0119853 seconds
2017-07-31T22:55:50.775+0000: 302.349: Total time for which application threads were stopped: 0.0001731 seconds, Stopping threads took: 0.0000468 seconds
2017-07-31T22:55:50.782+0000: 302.355: Total time for which application threads were stopped: 0.0000935 seconds, Stopping threads took: 0.0000313 seconds
2017-07-31T22:55:50.789+0000: 302.362: Total time for which application threads were stopped: 0.0000958 seconds, Stopping threads took: 0.0000299 seconds
2017-07-31T22:55:50.789+0000: 302.362: Total time for which application threads were stopped: 0.0001056 seconds, Stopping threads took: 0.0000143 seconds
2017-07-31T22:55:50.789+0000: 302.362: Total time for which application threads were stopped: 0.0000781 seconds, Stopping threads took: 0.0000215 seconds
2017-07-31T22:55:50.789+0000: 302.363: Total time for which application threads were stopped: 0.0000757 seconds, Stopping threads took: 0.0000199 seconds
2017-07-31T22:55:50.789+0000: 302.363: Total time for which application threads were stopped: 0.0001015 seconds, Stopping threads took: 0.0000258 seconds
2017-07-31T22:55:50.789+0000: 302.363: Total time for which application threads were stopped: 0.0000781 seconds, Stopping threads took: 0.0000229 seconds
2017-07-31T22:55:50.790+0000: 302.363: Total time for which application threads were stopped: 0.0000788 seconds, Stopping threads took: 0.0000236 seconds
2017-07-31T22:55:50.790+0000: 302.363: Total time for which application threads were stopped: 0.0000998 seconds, Stopping threads took: 0.0000312 seconds
2017-07-31T22:55:50.790+0000: 302.363: Total time for which application threads were stopped: 0.0000858 seconds, Stopping threads took: 0.0000196 seconds
2017-07-31T22:55:50.790+0000: 302.363: Total time for which application threads were stopped: 0.0000921 seconds, Stopping threads took: 0.0000203 seconds
2017-07-31T22:55:50.793+0000: 302.366: Total time for which application threads were stopped: 0.0029829 seconds, Stopping threads took: 0.0028847 seconds
2017-07-31T22:55:50.799+0000: 302.373: Total time for which application threads were stopped: 0.0025620 seconds, Stopping threads took: 0.0024674 seconds
2017-07-31T22:55:50.808+0000: 302.381: Total time for which application threads were stopped: 0.0001081 seconds, Stopping threads took: 0.0000298 seconds
2017-07-31T22:55:50.808+0000: 302.381: Total time for which application threads were stopped: 0.0000735 seconds, Stopping threads took: 0.0000236 seconds
2017-07-31T22:55:50.812+0000: 302.386: Total time for which application threads were stopped: 0.0041901 seconds, Stopping threads took: 0.0041195 seconds
2017-07-31T22:55:50.813+0000: 302.386: Total time for which application threads were stopped: 0.0000809 seconds, Stopping threads took: 0.0000296 seconds
2017-07-31T22:55:50.813+0000: 302.386: Total time for which application threads were stopped: 0.0001844 seconds, Stopping threads took: 0.0000254 seconds
2017-07-31T22:55:51.813+0000: 303.386: Total time for which application threads were stopped: 0.0001705 seconds, Stopping threads took: 0.0000473 seconds
2017-07-31T22:55:52.813+0000: 304.387: Total time for which application threads were stopped: 0.0001769 seconds, Stopping threads took: 0.0000604 seconds
2017-07-31T22:55:53.814+0000: 305.387: Total time for which application threads were stopped: 0.0001666 seconds, Stopping threads took: 0.0000469 seconds
2017-07-31T22:55:54.814+0000: 306.387: Total time for which application threads were stopped: 0.0001693 seconds, Stopping threads took: 0.0000593 seconds
2017-07-31T22:55:55.814+0000: 307.387: Total time for which application threads were stopped: 0.0001419 seconds, Stopping threads took: 0.0000444 seconds
2017-07-31T22:55:56.814+0000: 308.388: Total time for which application threads were stopped: 0.0001631 seconds, Stopping threads took: 0.0000460 seconds
2017-07-31T22:55:57.815+0000: 309.388: Total time for which application threads were stopped: 0.0003122 seconds, Stopping threads took: 0.0000711 seconds
2017-07-31T22:55:58.815+0000: 310.389: Total time for which application threads were stopped: 0.0002353 seconds, Stopping threads took: 0.0000748 seconds
2017-07-31T22:56:00.816+0000: 312.389: Total time for which application threads were stopped: 0.0001725 seconds, Stopping threads took: 0.0000455 seconds
2017-07-31T22:56:02.816+0000: 314.389: Total time for which application threads were stopped: 0.0001670 seconds, Stopping threads took: 0.0000475 seconds
2017-07-31T22:56:03.816+0000: 315.390: Total time for which application threads were stopped: 0.0001515 seconds, Stopping threads took: 0.0000471 seconds
2017-07-31T22:56:04.817+0000: 316.390: Total time for which application threads were stopped: 0.0001801 seconds, Stopping threads took: 0.0000760 seconds
2017-07-31T22:56:06.817+0000: 318.390: Total time for which application threads were stopped: 0.0001532 seconds, Stopping threads took: 0.0000494 seconds
2017-07-31T22:56:07.817+0000: 319.391: Total time for which application threads were stopped: 0.0001539 seconds, Stopping threads took: 0.0000489 seconds
2017-07-31T22:56:08.818+0000: 320.391: Total time for which application threads were stopped: 0.0001552 seconds, Stopping threads took: 0.0000507 seconds
2017-07-31T22:56:09.818+0000: 321.391: Total time for which application threads were stopped: 0.0001551 seconds, Stopping threads took: 0.0000499 seconds
2017-07-31T22:56:10.818+0000: 322.391: Total time for which application threads were stopped: 0.0001813 seconds, Stopping threads took: 0.0000636 seconds
2017-07-31T22:56:11.818+0000: 323.392: Total time for which application threads were stopped: 0.0002010 seconds, Stopping threads took: 0.0000477 seconds
2017-07-31T22:56:12.819+0000: 324.392: Total time for which application threads were stopped: 0.0001724 seconds, Stopping threads took: 0.0000718 seconds
2017-07-31T22:56:13.819+0000: 325.392: Total time for which application threads were stopped: 0.0001549 seconds, Stopping threads took: 0.0000538 seconds
2017-07-31T22:56:19.820+0000: 331.393: Total time for which application threads were stopped: 0.0002917 seconds, Stopping threads took: 0.0000692 seconds
2017-07-31T22:56:22.820+0000: 334.394: Total time for which application threads were stopped: 0.0001751 seconds, Stopping threads took: 0.0000725 seconds
2017-07-31T22:56:23.821+0000: 335.394: Total time for which application threads were stopped: 0.0001833 seconds, Stopping threads took: 0.0000456 seconds
2017-07-31T22:56:27.821+0000: 339.394: Total time for which application threads were stopped: 0.0001481 seconds, Stopping threads took: 0.0000443 seconds
2017-07-31T22:56:28.266+0000: 339.840: Total time for which application threads were stopped: 0.0003937 seconds, Stopping threads took: 0.0002663 seconds
2017-07-31T22:56:28.267+0000: 339.840: Total time for which application threads were stopped: 0.0001182 seconds, Stopping threads took: 0.0000491 seconds
2017-07-31T22:56:28.267+0000: 339.840: Total time for which application threads were stopped: 0.0001236 seconds, Stopping threads took: 0.0000320 seconds
2017-07-31T22:56:28.267+0000: 339.840: Total time for which application threads were stopped: 0.0001243 seconds, Stopping threads took: 0.0000626 seconds
2017-07-31T22:56:28.267+0000: 339.841: Total time for which application threads were stopped: 0.0001280 seconds, Stopping threads took: 0.0000554 seconds
2017-07-31T22:56:28.271+0000: 339.844: Total time for which application threads were stopped: 0.0001095 seconds, Stopping threads took: 0.0000362 seconds
2017-07-31T22:56:29.266+0000: 340.840: Total time for which application threads were stopped: 0.0001787 seconds, Stopping threads took: 0.0000586 seconds
2017-07-31T22:56:29.266+0000: 340.840: Total time for which application threads were stopped: 0.0001226 seconds, Stopping threads took: 0.0000567 seconds
2017-07-31T22:56:29.267+0000: 340.840: Total time for which application threads were stopped: 0.0000951 seconds, Stopping threads took: 0.0000361 seconds
2017-07-31T22:56:29.267+0000: 340.840: Total time for which application threads were stopped: 0.0001087 seconds, Stopping threads took: 0.0000433 seconds
2017-07-31T22:56:29.267+0000: 340.840: Total time for which application threads were stopped: 0.0000911 seconds, Stopping threads took: 0.0000163 seconds
2017-07-31T22:56:29.267+0000: 340.840: Total time for which application threads were stopped: 0.0000968 seconds, Stopping threads took: 0.0000386 seconds
2017-07-31T22:56:31.268+0000: 342.841: Total time for which application threads were stopped: 0.0001662 seconds, Stopping threads took: 0.0000457 seconds
2017-07-31T22:56:32.268+0000: 343.841: Total time for which application threads were stopped: 0.0001702 seconds, Stopping threads took: 0.0000476 seconds
2017-07-31T22:56:33.268+0000: 344.841: Total time for which application threads were stopped: 0.0001488 seconds, Stopping threads took: 0.0000479 seconds
2017-07-31T22:56:35.269+0000: 346.842: Total time for which application threads were stopped: 0.0001833 seconds, Stopping threads took: 0.0000759 seconds
2017-07-31T22:56:36.269+0000: 347.842: Total time for which application threads were stopped: 0.0001988 seconds, Stopping threads took: 0.0000479 seconds
2017-07-31T22:56:41.270+0000: 352.843: Total time for which application threads were stopped: 0.0001915 seconds, Stopping threads took: 0.0000488 seconds
2017-07-31T22:56:42.270+0000: 353.843: Total time for which application threads were stopped: 0.0001789 seconds, Stopping threads took: 0.0000498 seconds
2017-07-31T22:56:43.270+0000: 354.843: Total time for which application threads were stopped: 0.0001670 seconds, Stopping threads took: 0.0000469 seconds
2017-07-31T22:56:44.270+0000: 355.844: Total time for which application threads were stopped: 0.0001554 seconds, Stopping threads took: 0.0000464 seconds
2017-07-31T22:56:45.271+0000: 356.844: Total time for which application threads were stopped: 0.0001546 seconds, Stopping threads took: 0.0000466 seconds
2017-07-31T22:56:46.271+0000: 357.844: Total time for which application threads were stopped: 0.0001533 seconds, Stopping threads took: 0.0000496 seconds
2017-07-31T22:56:47.271+0000: 358.845: Total time for which application threads were stopped: 0.0001562 seconds, Stopping threads took: 0.0000549 seconds
2017-07-31T22:56:48.272+0000: 359.845: Total time for which application threads were stopped: 0.0001623 seconds, Stopping threads took: 0.0000483 seconds
2017-07-31T22:56:52.272+0000: 363.846: Total time for which application threads were stopped: 0.0001732 seconds, Stopping threads took: 0.0000484 seconds
{Heap before GC invocations=37 (full 2):
 par new generation   total 153344K, used 148666K [0x0000000080000000, 0x000000008a660000, 0x000000008a660000)
  eden space 136320K, 100% used [0x0000000080000000, 0x0000000088520000, 0x0000000088520000)
  from space 17024K,  72% used [0x00000000895c0000, 0x000000008a1ce8f8, 0x000000008a660000)
  to   space 17024K,   0% used [0x0000000088520000, 0x0000000088520000, 0x00000000895c0000)
 concurrent mark-sweep generation total 1926784K, used 168618K [0x000000008a660000, 0x0000000100000000, 0x0000000100000000)
 Metaspace       used 84847K, capacity 90664K, committed 91032K, reserved 1130496K
  class space    used 10396K, capacity 10789K, committed 10912K, reserved 1048576K
2017-07-31T22:56:53.196+0000: 364.769: [GC (Allocation Failure) Before GC:
Statistics for BinaryTreeDictionary:
------------------------------------
Total Free Space: 224869367
Max   Chunk Size: 224869367
Number of Blocks: 1
Av.  Block  Size: 224869367
Tree      Height: 1
2017-07-31T22:56:53.196+0000: 364.769: [ParNew
Desired survivor size 8716288 bytes, new threshold 6 (max 6)
- age   1:    1494032 bytes,    1494032 total
- age   2:     886392 bytes,    2380424 total
- age   3:     650696 bytes,    3031120 total
- age   4:     931760 bytes,    3962880 total
- age   5:     675192 bytes,    4638072 total
- age   6:    1266824 bytes,    5904896 total
: 148666K->8003K(153344K), 0.0356742 secs] 317284K->179487K(2080128K)After GC:
Statistics for BinaryTreeDictionary:
------------------------------------
Total Free Space: 224460485
Max   Chunk Size: 224460485
Number of Blocks: 1
Av.  Block  Size: 224460485
Tree      Height: 1
, 0.0357547 secs] [Times: user=0.08 sys=0.00, real=0.03 secs] 
Heap after GC invocations=38 (full 2):
 par new generation   total 153344K, used 8003K [0x0000000080000000, 0x000000008a660000, 0x000000008a660000)
  eden space 136320K,   0% used [0x0000000080000000, 0x0000000080000000, 0x0000000088520000)
  from space 17024K,  47% used [0x0000000088520000, 0x0000000088cf0c20, 0x00000000895c0000)
  to   space 17024K,   0% used [0x00000000895c0000, 0x00000000895c0000, 0x000000008a660000)
 concurrent mark-sweep generation total 1926784K, used 171484K [0x000000008a660000, 0x0000000100000000, 0x0000000100000000)
 Metaspace       used 84847K, capacity 90664K, committed 91032K, reserved 1130496K
  class space    used 10396K, capacity 10789K, committed 10912K, reserved 1048576K
}
2017-07-31T22:56:53.232+0000: 364.805: Total time for which application threads were stopped: 0.0360458 seconds, Stopping threads took: 0.0000827 seconds
2017-07-31T22:56:53.233+0000: 364.807: Total time for which application threads were stopped: 0.0001585 seconds, Stopping threads took: 0.0000587 seconds
2017-07-31T22:56:53.239+0000: 364.812: Total time for which application threads were stopped: 0.0001199 seconds, Stopping threads took: 0.0000402 seconds
2017-07-31T22:56:53.239+0000: 364.812: Total time for which application threads were stopped: 0.0000733 seconds, Stopping threads took: 0.0000228 seconds
2017-07-31T22:56:53.239+0000: 364.813: Total time for which application threads were stopped: 0.0001087 seconds, Stopping threads took: 0.0000416 seconds
2017-07-31T22:56:53.239+0000: 364.813: Total time for which application threads were stopped: 0.0000701 seconds, Stopping threads took: 0.0000225 seconds
2017-07-31T22:56:53.240+0000: 364.813: Total time for which application threads were stopped: 0.0000705 seconds, Stopping threads took: 0.0000225 seconds
2017-07-31T22:56:53.240+0000: 364.813: Total time for which application threads were stopped: 0.0001039 seconds, Stopping threads took: 0.0000544 seconds
2017-07-31T22:56:53.240+0000: 364.813: Total time for which application threads were stopped: 0.0001027 seconds, Stopping threads took: 0.0000449 seconds
2017-07-31T22:56:53.240+0000: 364.813: Total time for which application threads were stopped: 0.0000850 seconds, Stopping threads took: 0.0000222 seconds
2017-07-31T22:56:53.240+0000: 364.813: Total time for which application threads were stopped: 0.0000687 seconds, Stopping threads took: 0.0000209 seconds
2017-07-31T22:56:53.240+0000: 364.813: Total time for which application threads were stopped: 0.0000780 seconds, Stopping threads took: 0.0000301 seconds
2017-07-31T22:56:53.240+0000: 364.813: Total time for which application threads were stopped: 0.0000728 seconds, Stopping threads took: 0.0000201 seconds
2017-07-31T22:56:53.240+0000: 364.814: Total time for which application threads were stopped: 0.0001093 seconds, Stopping threads took: 0.0000498 seconds
2017-07-31T22:56:53.241+0000: 364.814: Total time for which application threads were stopped: 0.0001160 seconds, Stopping threads took: 0.0000647 seconds
2017-07-31T22:56:53.241+0000: 364.814: Total time for which application threads were stopped: 0.0000685 seconds, Stopping threads took: 0.0000201 seconds
2017-07-31T22:56:53.241+0000: 364.814: Total time for which application threads were stopped: 0.0001632 seconds, Stopping threads took: 0.0001029 seconds
2017-07-31T22:56:53.241+0000: 364.814: Total time for which application threads were stopped: 0.0001162 seconds, Stopping threads took: 0.0000577 seconds
2017-07-31T22:56:53.241+0000: 364.815: Total time for which application threads were stopped: 0.0001151 seconds, Stopping threads took: 0.0000555 seconds
2017-07-31T22:56:53.241+0000: 364.815: Total time for which application threads were stopped: 0.0000684 seconds, Stopping threads took: 0.0000205 seconds
2017-07-31T22:56:53.242+0000: 364.815: Total time for which application threads were stopped: 0.0002460 seconds, Stopping threads took: 0.0000216 seconds
2017-07-31T22:56:54.242+0000: 365.815: Total time for which application threads were stopped: 0.0001837 seconds, Stopping threads took: 0.0000416 seconds
2017-07-31T22:56:55.243+0000: 366.816: Total time for which application threads were stopped: 0.0002072 seconds, Stopping threads took: 0.0000774 seconds
2017-07-31T22:56:56.243+0000: 367.816: Total time for which application threads were stopped: 0.0001573 seconds, Stopping threads took: 0.0000438 seconds
2017-07-31T22:56:57.243+0000: 368.817: Total time for which application threads were stopped: 0.0001837 seconds, Stopping threads took: 0.0000438 seconds
2017-07-31T22:56:58.243+0000: 369.817: Total time for which application threads were stopped: 0.0001823 seconds, Stopping threads took: 0.0000706 seconds
2017-07-31T22:57:04.246+0000: 375.819: Total time for which application threads were stopped: 0.0010475 seconds, Stopping threads took: 0.0009305 seconds
2017-07-31T22:57:07.252+0000: 378.825: Total time for which application threads were stopped: 0.0001899 seconds, Stopping threads took: 0.0000646 seconds
2017-07-31T22:57:08.252+0000: 379.825: Total time for which application threads were stopped: 0.0001727 seconds, Stopping threads took: 0.0000504 seconds
2017-07-31T22:57:09.252+0000: 380.825: Total time for which application threads were stopped: 0.0001766 seconds, Stopping threads took: 0.0000473 seconds
2017-07-31T22:57:14.253+0000: 385.826: Total time for which application threads were stopped: 0.0001760 seconds, Stopping threads took: 0.0000493 seconds
2017-07-31T22:57:15.253+0000: 386.826: Total time for which application threads were stopped: 0.0001528 seconds, Stopping threads took: 0.0000486 seconds
2017-07-31T22:57:16.253+0000: 387.827: Total time for which application threads were stopped: 0.0001540 seconds, Stopping threads took: 0.0000483 seconds
2017-07-31T22:57:17.254+0000: 388.827: Total time for which application threads were stopped: 0.0001699 seconds, Stopping threads took: 0.0000492 seconds
2017-07-31T22:57:19.254+0000: 390.827: Total time for which application threads were stopped: 0.0001569 seconds, Stopping threads took: 0.0000501 seconds
2017-07-31T22:57:24.255+0000: 395.828: Total time for which application threads were stopped: 0.0001795 seconds, Stopping threads took: 0.0000709 seconds
2017-07-31T22:57:26.255+0000: 397.829: Total time for which application threads were stopped: 0.0001457 seconds, Stopping threads took: 0.0000434 seconds
2017-07-31T22:57:31.256+0000: 402.829: Total time for which application threads were stopped: 0.0001490 seconds, Stopping threads took: 0.0000474 seconds
2017-07-31T22:57:34.256+0000: 405.830: Total time for which application threads were stopped: 0.0001731 seconds, Stopping threads took: 0.0000477 seconds
2017-07-31T22:57:35.257+0000: 406.830: Total time for which application threads were stopped: 0.0002376 seconds, Stopping threads took: 0.0001219 seconds
2017-07-31T22:57:36.257+0000: 407.830: Total time for which application threads were stopped: 0.0001574 seconds, Stopping threads took: 0.0000518 seconds
2017-07-31T22:57:38.258+0000: 409.831: Total time for which application threads were stopped: 0.0002753 seconds, Stopping threads took: 0.0000716 seconds
2017-07-31T22:57:40.258+0000: 411.831: Total time for which application threads were stopped: 0.0001885 seconds, Stopping threads took: 0.0000480 seconds
2017-07-31T22:57:41.258+0000: 412.831: Total time for which application threads were stopped: 0.0001505 seconds, Stopping threads took: 0.0000460 seconds
2017-07-31T22:57:42.258+0000: 413.832: Total time for which application threads were stopped: 0.0001522 seconds, Stopping threads took: 0.0000560 seconds
2017-07-31T22:57:48.263+0000: 419.836: Total time for which application threads were stopped: 0.0001552 seconds, Stopping threads took: 0.0000460 seconds
2017-07-31T22:57:49.263+0000: 420.837: Total time for which application threads were stopped: 0.0001996 seconds, Stopping threads took: 0.0000691 seconds
2017-07-31T22:57:50.264+0000: 421.837: Total time for which application threads were stopped: 0.0001833 seconds, Stopping threads took: 0.0000593 seconds
2017-07-31T22:57:51.264+0000: 422.837: Total time for which application threads were stopped: 0.0001785 seconds, Stopping threads took: 0.0000458 seconds
2017-07-31T22:57:52.264+0000: 423.838: Total time for which application threads were stopped: 0.0001794 seconds, Stopping threads took: 0.0000711 seconds
2017-07-31T22:57:54.265+0000: 425.838: Total time for which application threads were stopped: 0.0001527 seconds, Stopping threads took: 0.0000462 seconds
2017-07-31T22:57:55.265+0000: 426.838: Total time for which application threads were stopped: 0.0001476 seconds, Stopping threads took: 0.0000472 seconds
2017-07-31T22:57:57.266+0000: 428.839: Total time for which application threads were stopped: 0.0002600 seconds, Stopping threads took: 0.0000716 seconds
2017-07-31T22:57:59.266+0000: 430.839: Total time for which application threads were stopped: 0.0001718 seconds, Stopping threads took: 0.0000485 seconds
{Heap before GC invocations=38 (full 2):
 par new generation   total 153344K, used 144323K [0x0000000080000000, 0x000000008a660000, 0x000000008a660000)
  eden space 136320K, 100% used [0x0000000080000000, 0x0000000088520000, 0x0000000088520000)
  from space 17024K,  47% used [0x0000000088520000, 0x0000000088cf0c20, 0x00000000895c0000)
  to   space 17024K,   0% used [0x00000000895c0000, 0x00000000895c0000, 0x000000008a660000)
 concurrent mark-sweep generation total 1926784K, used 171484K [0x000000008a660000, 0x0000000100000000, 0x0000000100000000)
 Metaspace       used 84904K, capacity 90734K, committed 91032K, reserved 1130496K
  class space    used 10396K, capacity 10790K, committed 10912K, reserved 1048576K
2017-07-31T22:58:02.619+0000: 434.192: [GC (Allocation Failure) Before GC:
Statistics for BinaryTreeDictionary:
------------------------------------
Total Free Space: 224460485
Max   Chunk Size: 224460485
Number of Blocks: 1
Av.  Block  Size: 224460485
Tree      Height: 1
2017-07-31T22:58:02.619+0000: 434.192: [ParNew
Desired survivor size 8716288 bytes, new threshold 6 (max 6)
- age   1:    1497056 bytes,    1497056 total
- age   2:     709672 bytes,    2206728 total
- age   3:     826312 bytes,    3033040 total
- age   4:     622208 bytes,    3655248 total
- age   5:     920056 bytes,    4575304 total
- age   6:     657216 bytes,    5232520 total
: 144323K->6326K(153344K), 0.0295381 secs] 315807K->179051K(2080128K)After GC:
Statistics for BinaryTreeDictionary:
------------------------------------
Total Free Space: 224342152
Max   Chunk Size: 224342152
Number of Blocks: 1
Av.  Block  Size: 224342152
Tree      Height: 1
, 0.0296272 secs] [Times: user=0.06 sys=0.00, real=0.03 secs] 
Heap after GC invocations=39 (full 2):
 par new generation   total 153344K, used 6326K [0x0000000080000000, 0x000000008a660000, 0x000000008a660000)
  eden space 136320K,   0% used [0x0000000080000000, 0x0000000080000000, 0x0000000088520000)
  from space 17024K,  37% used [0x00000000895c0000, 0x0000000089bedb60, 0x000000008a660000)
  to   space 17024K,   0% used [0x0000000088520000, 0x0000000088520000, 0x00000000895c0000)
 concurrent mark-sweep generation total 1926784K, used 172724K [0x000000008a660000, 0x0000000100000000, 0x0000000100000000)
 Metaspace       used 84904K, capacity 90734K, committed 91032K, reserved 1130496K
  class space    used 10396K, capacity 10790K, committed 10912K, reserved 1048576K
}
2017-07-31T22:58:02.649+0000: 434.222: Total time for which application threads were stopped: 0.0298735 seconds, Stopping threads took: 0.0000354 seconds
2017-07-31T22:58:02.649+0000: 434.222: Total time for which application threads were stopped: 0.0001748 seconds, Stopping threads took: 0.0000717 seconds
2017-07-31T22:58:02.649+0000: 434.223: Total time for which application threads were stopped: 0.0001080 seconds, Stopping threads took: 0.0000473 seconds
2017-07-31T22:58:02.649+0000: 434.223: Total time for which application threads were stopped: 0.0001105 seconds, Stopping threads took: 0.0000490 seconds
2017-07-31T22:58:02.650+0000: 434.223: Total time for which application threads were stopped: 0.0001175 seconds, Stopping threads took: 0.0000206 seconds
2017-07-31T22:58:02.650+0000: 434.223: Total time for which application threads were stopped: 0.0000739 seconds, Stopping threads took: 0.0000231 seconds
2017-07-31T22:58:02.650+0000: 434.223: Total time for which application threads were stopped: 0.0001065 seconds, Stopping threads took: 0.0000460 seconds
2017-07-31T22:58:02.650+0000: 434.223: Total time for which application threads were stopped: 0.0001350 seconds, Stopping threads took: 0.0000290 seconds
2017-07-31T22:58:02.651+0000: 434.224: Total time for which application threads were stopped: 0.0001062 seconds, Stopping threads took: 0.0000498 seconds
2017-07-31T22:58:02.651+0000: 434.224: Total time for which application threads were stopped: 0.0001194 seconds, Stopping threads took: 0.0000431 seconds
2017-07-31T22:58:02.651+0000: 434.224: Total time for which application threads were stopped: 0.0001745 seconds, Stopping threads took: 0.0000722 seconds
2017-07-31T22:58:02.653+0000: 434.226: Total time for which application threads were stopped: 0.0001436 seconds, Stopping threads took: 0.0000780 seconds
2017-07-31T22:58:02.654+0000: 434.228: Total time for which application threads were stopped: 0.0001417 seconds, Stopping threads took: 0.0000779 seconds
2017-07-31T22:58:02.655+0000: 434.228: Total time for which application threads were stopped: 0.0001469 seconds, Stopping threads took: 0.0000482 seconds
2017-07-31T22:58:02.655+0000: 434.228: Total time for which application threads were stopped: 0.0001019 seconds, Stopping threads took: 0.0000499 seconds
2017-07-31T22:58:02.655+0000: 434.228: Total time for which application threads were stopped: 0.0001259 seconds, Stopping threads took: 0.0000470 seconds
2017-07-31T22:58:02.656+0000: 434.229: Total time for which application threads were stopped: 0.0000895 seconds, Stopping threads took: 0.0000378 seconds
2017-07-31T22:58:02.656+0000: 434.229: Total time for which application threads were stopped: 0.0001070 seconds, Stopping threads took: 0.0000478 seconds
2017-07-31T22:58:02.656+0000: 434.229: Total time for which application threads were stopped: 0.0000683 seconds, Stopping threads took: 0.0000201 seconds
2017-07-31T22:58:02.656+0000: 434.229: Total time for which application threads were stopped: 0.0001038 seconds, Stopping threads took: 0.0000522 seconds
2017-07-31T22:58:02.656+0000: 434.230: Total time for which application threads were stopped: 0.0002605 seconds, Stopping threads took: 0.0000623 seconds
2017-07-31T22:58:04.657+0000: 436.230: Total time for which application threads were stopped: 0.0001924 seconds, Stopping threads took: 0.0000823 seconds
2017-07-31T22:58:05.657+0000: 437.230: Total time for which application threads were stopped: 0.0001564 seconds, Stopping threads took: 0.0000426 seconds
2017-07-31T22:58:06.657+0000: 438.231: Total time for which application threads were stopped: 0.0001842 seconds, Stopping threads took: 0.0000524 seconds
2017-07-31T22:58:07.658+0000: 439.231: Total time for which application threads were stopped: 0.0003070 seconds, Stopping threads took: 0.0000732 seconds
2017-07-31T22:58:08.658+0000: 440.232: Total time for which application threads were stopped: 0.0002415 seconds, Stopping threads took: 0.0000711 seconds
2017-07-31T22:58:09.659+0000: 441.232: Total time for which application threads were stopped: 0.0002449 seconds, Stopping threads took: 0.0000683 seconds
2017-07-31T22:58:10.659+0000: 442.232: Total time for which application threads were stopped: 0.0001492 seconds, Stopping threads took: 0.0000484 seconds
2017-07-31T22:58:11.659+0000: 443.233: Total time for which application threads were stopped: 0.0001578 seconds, Stopping threads took: 0.0000451 seconds
2017-07-31T22:58:12.660+0000: 444.233: Total time for which application threads were stopped: 0.0001627 seconds, Stopping threads took: 0.0000615 seconds
2017-07-31T22:58:18.660+0000: 450.234: Total time for which application threads were stopped: 0.0001648 seconds, Stopping threads took: 0.0000621 seconds
2017-07-31T22:58:21.661+0000: 453.234: Total time for which application threads were stopped: 0.0001944 seconds, Stopping threads took: 0.0000867 seconds
2017-07-31T22:58:22.661+0000: 454.235: Total time for which application threads were stopped: 0.0001799 seconds, Stopping threads took: 0.0000489 seconds
2017-07-31T22:58:23.662+0000: 455.235: Total time for which application threads were stopped: 0.0001922 seconds, Stopping threads took: 0.0000676 seconds
2017-07-31T22:58:27.662+0000: 459.236: Total time for which application threads were stopped: 0.0001812 seconds, Stopping threads took: 0.0000433 seconds
2017-07-31T22:58:33.665+0000: 465.238: Total time for which application threads were stopped: 0.0001535 seconds, Stopping threads took: 0.0000493 seconds
2017-07-31T22:58:39.666+0000: 471.239: Total time for which application threads were stopped: 0.0001536 seconds, Stopping threads took: 0.0000503 seconds
2017-07-31T22:58:40.666+0000: 472.240: Total time for which application threads were stopped: 0.0002174 seconds, Stopping threads took: 0.0000755 seconds
2017-07-31T22:58:41.667+0000: 473.240: Total time for which application threads were stopped: 0.0001742 seconds, Stopping threads took: 0.0000505 seconds
2017-07-31T22:58:44.667+0000: 476.240: Total time for which application threads were stopped: 0.0001529 seconds, Stopping threads took: 0.0000443 seconds
2017-07-31T22:58:46.667+0000: 478.241: Total time for which application threads were stopped: 0.0001654 seconds, Stopping threads took: 0.0000469 seconds
2017-07-31T22:58:49.668+0000: 481.241: Total time for which application threads were stopped: 0.0001666 seconds, Stopping threads took: 0.0000430 seconds
2017-07-31T22:58:50.693+0000: 482.266: Total time for which application threads were stopped: 0.0192859 seconds, Stopping threads took: 0.0191431 seconds
2017-07-31T22:58:51.693+0000: 483.267: Total time for which application threads were stopped: 0.0002071 seconds, Stopping threads took: 0.0000459 seconds
2017-07-31T22:58:52.694+0000: 484.267: Total time for which application threads were stopped: 0.0001494 seconds, Stopping threads took: 0.0000486 seconds
2017-07-31T22:58:54.694+0000: 486.267: Total time for which application threads were stopped: 0.0001803 seconds, Stopping threads took: 0.0000733 seconds
2017-07-31T22:58:55.694+0000: 487.268: Total time for which application threads were stopped: 0.0001530 seconds, Stopping threads took: 0.0000570 seconds
2017-07-31T22:58:56.695+0000: 488.268: Total time for which application threads were stopped: 0.0001942 seconds, Stopping threads took: 0.0000812 seconds
2017-07-31T22:58:57.695+0000: 489.268: Total time for which application threads were stopped: 0.0001754 seconds, Stopping threads took: 0.0000573 seconds
2017-07-31T22:58:58.695+0000: 490.269: Total time for which application threads were stopped: 0.0001995 seconds, Stopping threads took: 0.0000469 seconds
2017-07-31T22:59:02.701+0000: 494.274: Total time for which application threads were stopped: 0.0001931 seconds, Stopping threads took: 0.0000657 seconds
2017-07-31T22:59:08.702+0000: 500.275: Total time for which application threads were stopped: 0.0002933 seconds, Stopping threads took: 0.0000746 seconds
{Heap before GC invocations=39 (full 2):
 par new generation   total 153344K, used 142646K [0x0000000080000000, 0x000000008a660000, 0x000000008a660000)
  eden space 136320K, 100% used [0x0000000080000000, 0x0000000088520000, 0x0000000088520000)
  from space 17024K,  37% used [0x00000000895c0000, 0x0000000089bedb60, 0x000000008a660000)
  to   space 17024K,   0% used [0x0000000088520000, 0x0000000088520000, 0x00000000895c0000)
 concurrent mark-sweep generation total 1926784K, used 172724K [0x000000008a660000, 0x0000000100000000, 0x0000000100000000)
 Metaspace       used 84985K, capacity 90798K, committed 91032K, reserved 1130496K
  class space    used 10396K, capacity 10790K, committed 10912K, reserved 1048576K
2017-07-31T22:59:11.187+0000: 502.760: [GC (Allocation Failure) Before GC:
Statistics for BinaryTreeDictionary:
------------------------------------
Total Free Space: 224342152
Max   Chunk Size: 224342152
Number of Blocks: 1
Av.  Block  Size: 224342152
Tree      Height: 1
2017-07-31T22:59:11.187+0000: 502.760: [ParNew
Desired survivor size 8716288 bytes, new threshold 6 (max 6)
- age   1:    1678280 bytes,    1678280 total
- age   2:     771848 bytes,    2450128 total
- age   3:     648992 bytes,    3099120 total
- age   4:     744504 bytes,    3843624 total
- age   5:     607704 bytes,    4451328 total
- age   6:     908600 bytes,    5359928 total
: 142646K->8207K(153344K), 0.0255943 secs] 315371K->181585K(2080128K)After GC:
Statistics for BinaryTreeDictionary:
------------------------------------
Total Free Space: 224279253
Max   Chunk Size: 224279253
Number of Blocks: 1
Av.  Block  Size: 224279253
Tree      Height: 1
, 0.0256920 secs] [Times: user=0.06 sys=0.00, real=0.02 secs] 
Heap after GC invocations=40 (full 2):
 par new generation   total 153344K, used 8207K [0x0000000080000000, 0x000000008a660000, 0x000000008a660000)
  eden space 136320K,   0% used [0x0000000080000000, 0x0000000080000000, 0x0000000088520000)
  from space 17024K,  48% used [0x0000000088520000, 0x0000000088d23cc8, 0x00000000895c0000)
  to   space 17024K,   0% used [0x00000000895c0000, 0x00000000895c0000, 0x000000008a660000)
 concurrent mark-sweep generation total 1926784K, used 173378K [0x000000008a660000, 0x0000000100000000, 0x0000000100000000)
 Metaspace       used 84985K, capacity 90798K, committed 91032K, reserved 1130496K
  class space    used 10396K, capacity 10790K, committed 10912K, reserved 1048576K
}
2017-07-31T22:59:11.212+0000: 502.786: Total time for which application threads were stopped: 0.0259639 seconds, Stopping threads took: 0.0000446 seconds
2017-07-31T22:59:11.213+0000: 502.787: Total time for which application threads were stopped: 0.0001564 seconds, Stopping threads took: 0.0000250 seconds
2017-07-31T22:59:11.214+0000: 502.787: Total time for which application threads were stopped: 0.0001023 seconds, Stopping threads took: 0.0000410 seconds
2017-07-31T22:59:11.214+0000: 502.787: Total time for which application threads were stopped: 0.0000812 seconds, Stopping threads took: 0.0000230 seconds
2017-07-31T22:59:11.214+0000: 502.787: Total time for which application threads were stopped: 0.0000947 seconds, Stopping threads took: 0.0000273 seconds
2017-07-31T22:59:11.214+0000: 502.787: Total time for which application threads were stopped: 0.0000771 seconds, Stopping threads took: 0.0000202 seconds
2017-07-31T22:59:11.214+0000: 502.787: Total time for which application threads were stopped: 0.0001087 seconds, Stopping threads took: 0.0000505 seconds
2017-07-31T22:59:11.214+0000: 502.787: Total time for which application threads were stopped: 0.0000847 seconds, Stopping threads took: 0.0000217 seconds
2017-07-31T22:59:11.214+0000: 502.788: Total time for which application threads were stopped: 0.0000782 seconds, Stopping threads took: 0.0000213 seconds
2017-07-31T22:59:11.214+0000: 502.788: Total time for which application threads were stopped: 0.0001018 seconds, Stopping threads took: 0.0000348 seconds
2017-07-31T22:59:11.215+0000: 502.788: Total time for which application threads were stopped: 0.0000798 seconds, Stopping threads took: 0.0000229 seconds
2017-07-31T22:59:11.215+0000: 502.788: Total time for which application threads were stopped: 0.0000771 seconds, Stopping threads took: 0.0000201 seconds
2017-07-31T22:59:11.215+0000: 502.788: Total time for which application threads were stopped: 0.0000939 seconds, Stopping threads took: 0.0000225 seconds
2017-07-31T22:59:11.215+0000: 502.788: Total time for which application threads were stopped: 0.0000892 seconds, Stopping threads took: 0.0000281 seconds
2017-07-31T22:59:11.215+0000: 502.788: Total time for which application threads were stopped: 0.0000801 seconds, Stopping threads took: 0.0000232 seconds
2017-07-31T22:59:11.215+0000: 502.788: Total time for which application threads were stopped: 0.0000937 seconds, Stopping threads took: 0.0000223 seconds
2017-07-31T22:59:11.215+0000: 502.788: Total time for which application threads were stopped: 0.0000770 seconds, Stopping threads took: 0.0000203 seconds
2017-07-31T22:59:11.215+0000: 502.789: Total time for which application threads were stopped: 0.0000789 seconds, Stopping threads took: 0.0000228 seconds
2017-07-31T22:59:11.215+0000: 502.789: Total time for which application threads were stopped: 0.0000766 seconds, Stopping threads took: 0.0000200 seconds
2017-07-31T22:59:11.216+0000: 502.789: Total time for which application threads were stopped: 0.0000762 seconds, Stopping threads took: 0.0000198 seconds
2017-07-31T22:59:11.216+0000: 502.789: Total time for which application threads were stopped: 0.0002560 seconds, Stopping threads took: 0.0000214 seconds
2017-07-31T22:59:19.217+0000: 510.790: Total time for which application threads were stopped: 0.0001958 seconds, Stopping threads took: 0.0000672 seconds
2017-07-31T22:59:20.217+0000: 511.790: Total time for which application threads were stopped: 0.0001600 seconds, Stopping threads took: 0.0000504 seconds
2017-07-31T22:59:21.217+0000: 512.791: Total time for which application threads were stopped: 0.0001519 seconds, Stopping threads took: 0.0000432 seconds
2017-07-31T22:59:33.220+0000: 524.793: Total time for which application threads were stopped: 0.0003204 seconds, Stopping threads took: 0.0001415 seconds
2017-07-31T22:59:35.220+0000: 526.793: Total time for which application threads were stopped: 0.0001766 seconds, Stopping threads took: 0.0000495 seconds
2017-07-31T22:59:38.220+0000: 529.794: Total time for which application threads were stopped: 0.0001519 seconds, Stopping threads took: 0.0000487 seconds
2017-07-31T22:59:39.221+0000: 530.794: Total time for which application threads were stopped: 0.0001597 seconds, Stopping threads took: 0.0000450 seconds
2017-07-31T22:59:44.221+0000: 535.795: Total time for which application threads were stopped: 0.0001688 seconds, Stopping threads took: 0.0000494 seconds
2017-07-31T22:59:51.222+0000: 542.795: Total time for which application threads were stopped: 0.0001933 seconds, Stopping threads took: 0.0000465 seconds
2017-07-31T22:59:52.222+0000: 543.796: Total time for which application threads were stopped: 0.0003399 seconds, Stopping threads took: 0.0001297 seconds
2017-07-31T22:59:54.223+0000: 545.796: Total time for which application threads were stopped: 0.0001748 seconds, Stopping threads took: 0.0000486 seconds
2017-07-31T22:59:57.223+0000: 548.797: Total time for which application threads were stopped: 0.0001365 seconds, Stopping threads took: 0.0000421 seconds
2017-07-31T23:00:01.224+0000: 552.797: Total time for which application threads were stopped: 0.0001881 seconds, Stopping threads took: 0.0000496 seconds
2017-07-31T23:00:03.224+0000: 554.798: Total time for which application threads were stopped: 0.0002273 seconds, Stopping threads took: 0.0000690 seconds
2017-07-31T23:00:08.225+0000: 559.798: Total time for which application threads were stopped: 0.0001536 seconds, Stopping threads took: 0.0000480 seconds
2017-07-31T23:00:15.226+0000: 566.799: Total time for which application threads were stopped: 0.0001488 seconds, Stopping threads took: 0.0000466 seconds
2017-07-31T23:00:18.227+0000: 569.800: Total time for which application threads were stopped: 0.0001462 seconds, Stopping threads took: 0.0000436 seconds
{Heap before GC invocations=40 (full 2):
 par new generation   total 153344K, used 144527K [0x0000000080000000, 0x000000008a660000, 0x000000008a660000)
  eden space 136320K, 100% used [0x0000000080000000, 0x0000000088520000, 0x0000000088520000)
  from space 17024K,  48% used [0x0000000088520000, 0x0000000088d23cc8, 0x00000000895c0000)
  to   space 17024K,   0% used [0x00000000895c0000, 0x00000000895c0000, 0x000000008a660000)
 concurrent mark-sweep generation total 1926784K, used 173378K [0x000000008a660000, 0x0000000100000000, 0x0000000100000000)
 Metaspace       used 85019K, capacity 90798K, committed 91032K, reserved 1130496K
  class space    used 10397K, capacity 10790K, committed 10912K, reserved 1048576K
2017-07-31T23:00:20.913+0000: 572.486: [GC (Allocation Failure) Before GC:
Statistics for BinaryTreeDictionary:
------------------------------------
Total Free Space: 224279253
Max   Chunk Size: 224279253
Number of Blocks: 1
Av.  Block  Size: 224279253
Tree      Height: 1
2017-07-31T23:00:20.913+0000: 572.486: [ParNew
Desired survivor size 8716288 bytes, new threshold 6 (max 6)
- age   1:    1477736 bytes,    1477736 total
- age   2:     948560 bytes,    2426296 total
- age   3:     708680 bytes,    3134976 total
- age   4:     623688 bytes,    3758664 total
- age   5:     637752 bytes,    4396416 total
- age   6:     598792 bytes,    4995208 total
: 144527K->7811K(153344K), 0.0245389 secs] 317905K->182088K(2080128K)After GC:
Statistics for BinaryTreeDictionary:
------------------------------------
Total Free Space: 224166833
Max   Chunk Size: 224166833
Number of Blocks: 1
Av.  Block  Size: 224166833
Tree      Height: 1
, 0.0246305 secs] [Times: user=0.05 sys=0.00, real=0.02 secs] 
Heap after GC invocations=41 (full 2):
 par new generation   total 153344K, used 7811K [0x0000000080000000, 0x000000008a660000, 0x000000008a660000)
  eden space 136320K,   0% used [0x0000000080000000, 0x0000000080000000, 0x0000000088520000)
  from space 17024K,  45% used [0x00000000895c0000, 0x0000000089d60c60, 0x000000008a660000)
  to   space 17024K,   0% used [0x0000000088520000, 0x0000000088520000, 0x00000000895c0000)
 concurrent mark-sweep generation total 1926784K, used 174277K [0x000000008a660000, 0x0000000100000000, 0x0000000100000000)
 Metaspace       used 85019K, capacity 90798K, committed 91032K, reserved 1130496K
  class space    used 10397K, capacity 10790K, committed 10912K, reserved 1048576K
}
2017-07-31T23:00:20.938+0000: 572.511: Total time for which application threads were stopped: 0.0249172 seconds, Stopping threads took: 0.0000648 seconds
2017-07-31T23:00:20.939+0000: 572.512: Total time for which application threads were stopped: 0.0010337 seconds, Stopping threads took: 0.0009209 seconds
2017-07-31T23:00:20.939+0000: 572.512: Total time for which application threads were stopped: 0.0000782 seconds, Stopping threads took: 0.0000217 seconds
2017-07-31T23:00:20.949+0000: 572.522: Total time for which application threads were stopped: 0.0001449 seconds, Stopping threads took: 0.0000412 seconds
2017-07-31T23:00:20.949+0000: 572.522: Total time for which application threads were stopped: 0.0001126 seconds, Stopping threads took: 0.0000316 seconds
2017-07-31T23:00:20.949+0000: 572.522: Total time for which application threads were stopped: 0.0000737 seconds, Stopping threads took: 0.0000232 seconds
2017-07-31T23:00:20.949+0000: 572.522: Total time for which application threads were stopped: 0.0000905 seconds, Stopping threads took: 0.0000206 seconds
2017-07-31T23:00:20.949+0000: 572.522: Total time for which application threads were stopped: 0.0001110 seconds, Stopping threads took: 0.0000210 seconds
2017-07-31T23:00:20.949+0000: 572.522: Total time for which application threads were stopped: 0.0000814 seconds, Stopping threads took: 0.0000301 seconds
2017-07-31T23:00:20.949+0000: 572.523: Total time for which application threads were stopped: 0.0000712 seconds, Stopping threads took: 0.0000218 seconds
2017-07-31T23:00:20.949+0000: 572.523: Total time for which application threads were stopped: 0.0001158 seconds, Stopping threads took: 0.0000440 seconds
2017-07-31T23:00:20.950+0000: 572.523: Total time for which application threads were stopped: 0.0001048 seconds, Stopping threads took: 0.0000428 seconds
2017-07-31T23:00:20.950+0000: 572.523: Total time for which application threads were stopped: 0.0000709 seconds, Stopping threads took: 0.0000236 seconds
2017-07-31T23:00:20.950+0000: 572.523: Total time for which application threads were stopped: 0.0000710 seconds, Stopping threads took: 0.0000234 seconds
2017-07-31T23:00:20.950+0000: 572.523: Total time for which application threads were stopped: 0.0000805 seconds, Stopping threads took: 0.0000199 seconds
2017-07-31T23:00:20.950+0000: 572.523: Total time for which application threads were stopped: 0.0000847 seconds, Stopping threads took: 0.0000285 seconds
2017-07-31T23:00:20.950+0000: 572.523: Total time for which application threads were stopped: 0.0001149 seconds, Stopping threads took: 0.0000536 seconds
2017-07-31T23:00:20.950+0000: 572.523: Total time for which application threads were stopped: 0.0001062 seconds, Stopping threads took: 0.0000446 seconds
2017-07-31T23:00:20.950+0000: 572.524: Total time for which application threads were stopped: 0.0000748 seconds, Stopping threads took: 0.0000221 seconds
2017-07-31T23:00:20.950+0000: 572.524: Total time for which application threads were stopped: 0.0000748 seconds, Stopping threads took: 0.0000232 seconds
2017-07-31T23:00:20.951+0000: 572.524: Total time for which application threads were stopped: 0.0002939 seconds, Stopping threads took: 0.0000463 seconds
2017-07-31T23:00:22.951+0000: 574.524: Total time for which application threads were stopped: 0.0001685 seconds, Stopping threads took: 0.0000658 seconds
2017-07-31T23:00:23.952+0000: 575.525: Total time for which application threads were stopped: 0.0001642 seconds, Stopping threads took: 0.0000610 seconds
2017-07-31T23:00:25.952+0000: 577.525: Total time for which application threads were stopped: 0.0001644 seconds, Stopping threads took: 0.0000453 seconds
2017-07-31T23:00:26.952+0000: 578.525: Total time for which application threads were stopped: 0.0001650 seconds, Stopping threads took: 0.0000439 seconds
2017-07-31T23:00:27.953+0000: 579.526: Total time for which application threads were stopped: 0.0001674 seconds, Stopping threads took: 0.0000424 seconds
2017-07-31T23:00:28.953+0000: 580.526: Total time for which application threads were stopped: 0.0001619 seconds, Stopping threads took: 0.0000443 seconds
2017-07-31T23:00:29.953+0000: 581.526: Total time for which application threads were stopped: 0.0001638 seconds, Stopping threads took: 0.0000480 seconds
2017-07-31T23:00:30.953+0000: 582.527: Total time for which application threads were stopped: 0.0001549 seconds, Stopping threads took: 0.0000500 seconds
2017-07-31T23:00:35.954+0000: 587.527: Total time for which application threads were stopped: 0.0002654 seconds, Stopping threads took: 0.0000712 seconds
2017-07-31T23:00:41.955+0000: 593.528: Total time for which application threads were stopped: 0.0001360 seconds, Stopping threads took: 0.0000438 seconds
2017-07-31T23:00:46.956+0000: 598.529: Total time for which application threads were stopped: 0.0001744 seconds, Stopping threads took: 0.0000723 seconds
2017-07-31T23:00:48.959+0000: 600.532: Total time for which application threads were stopped: 0.0010557 seconds, Stopping threads took: 0.0009457 seconds
2017-07-31T23:00:52.960+0000: 604.533: Total time for which application threads were stopped: 0.0001893 seconds, Stopping threads took: 0.0000401 seconds
2017-07-31T23:00:54.960+0000: 606.533: Total time for which application threads were stopped: 0.0001637 seconds, Stopping threads took: 0.0000568 seconds
2017-07-31T23:00:57.961+0000: 609.534: Total time for which application threads were stopped: 0.0001734 seconds, Stopping threads took: 0.0000605 seconds
2017-07-31T23:00:58.961+0000: 610.534: Total time for which application threads were stopped: 0.0001741 seconds, Stopping threads took: 0.0000603 seconds
2017-07-31T23:00:59.961+0000: 611.534: Total time for which application threads were stopped: 0.0001602 seconds, Stopping threads took: 0.0000434 seconds
2017-07-31T23:01:00.962+0000: 612.535: Total time for which application threads were stopped: 0.0001653 seconds, Stopping threads took: 0.0000445 seconds
2017-07-31T23:01:02.962+0000: 614.535: Total time for which application threads were stopped: 0.0001722 seconds, Stopping threads took: 0.0000469 seconds
2017-07-31T23:01:07.963+0000: 619.536: Total time for which application threads were stopped: 0.0001526 seconds, Stopping threads took: 0.0000523 seconds
2017-07-31T23:01:09.963+0000: 621.536: Total time for which application threads were stopped: 0.0001477 seconds, Stopping threads took: 0.0000496 seconds
2017-07-31T23:01:12.964+0000: 624.537: Total time for which application threads were stopped: 0.0002515 seconds, Stopping threads took: 0.0000721 seconds
2017-07-31T23:01:13.964+0000: 625.537: Total time for which application threads were stopped: 0.0001600 seconds, Stopping threads took: 0.0000443 seconds
2017-07-31T23:01:20.965+0000: 632.538: Total time for which application threads were stopped: 0.0001822 seconds, Stopping threads took: 0.0000392 seconds
2017-07-31T23:01:22.965+0000: 634.538: Total time for which application threads were stopped: 0.0001844 seconds, Stopping threads took: 0.0000828 seconds
2017-07-31T23:01:23.965+0000: 635.539: Total time for which application threads were stopped: 0.0001774 seconds, Stopping threads took: 0.0000594 seconds
2017-07-31T23:01:26.966+0000: 638.539: Total time for which application threads were stopped: 0.0001878 seconds, Stopping threads took: 0.0000703 seconds
2017-07-31T23:01:27.966+0000: 639.539: Total time for which application threads were stopped: 0.0001739 seconds, Stopping threads took: 0.0000462 seconds
2017-07-31T23:01:28.967+0000: 640.540: Total time for which application threads were stopped: 0.0001584 seconds, Stopping threads took: 0.0000561 seconds
2017-07-31T23:01:31.967+0000: 643.540: Total time for which application threads were stopped: 0.0001887 seconds, Stopping threads took: 0.0000626 seconds
{Heap before GC invocations=41 (full 2):
 par new generation   total 153344K, used 144131K [0x0000000080000000, 0x000000008a660000, 0x000000008a660000)
  eden space 136320K, 100% used [0x0000000080000000, 0x0000000088520000, 0x0000000088520000)
  from space 17024K,  45% used [0x00000000895c0000, 0x0000000089d60c60, 0x000000008a660000)
  to   space 17024K,   0% used [0x0000000088520000, 0x0000000088520000, 0x00000000895c0000)
 concurrent mark-sweep generation total 1926784K, used 174277K [0x000000008a660000, 0x0000000100000000, 0x0000000100000000)
 Metaspace       used 85042K, capacity 90798K, committed 91032K, reserved 1130496K
  class space    used 10397K, capacity 10790K, committed 10912K, reserved 1048576K
2017-07-31T23:01:32.461+0000: 644.034: [GC (Allocation Failure) Before GC:
Statistics for BinaryTreeDictionary:
------------------------------------
Total Free Space: 224166833
Max   Chunk Size: 224166833
Number of Blocks: 1
Av.  Block  Size: 224166833
Tree      Height: 1
2017-07-31T23:01:32.461+0000: 644.034: [ParNew
Desired survivor size 8716288 bytes, new threshold 6 (max 6)
- age   1:    1471784 bytes,    1471784 total
- age   2:     751576 bytes,    2223360 total
- age   3:     883168 bytes,    3106528 total
- age   4:     678704 bytes,    3785232 total
- age   5:     609800 bytes,    4395032 total
- age   6:     630480 bytes,    5025512 total
: 144131K->7436K(153344K), 0.0242472 secs] 318408K->182306K(2080128K)After GC:
Statistics for BinaryTreeDictionary:
------------------------------------
Total Free Space: 224100247
Max   Chunk Size: 224100247
Number of Blocks: 1
Av.  Block  Size: 224100247
Tree      Height: 1
, 0.0243363 secs] [Times: user=0.05 sys=0.00, real=0.03 secs] 
Heap after GC invocations=42 (full 2):
 par new generation   total 153344K, used 7436K [0x0000000080000000, 0x000000008a660000, 0x000000008a660000)
  eden space 136320K,   0% used [0x0000000080000000, 0x0000000080000000, 0x0000000088520000)
  from space 17024K,  43% used [0x0000000088520000, 0x0000000088c633b8, 0x00000000895c0000)
  to   space 17024K,   0% used [0x00000000895c0000, 0x00000000895c0000, 0x000000008a660000)
 concurrent mark-sweep generation total 1926784K, used 174869K [0x000000008a660000, 0x0000000100000000, 0x0000000100000000)
 Metaspace       used 85042K, capacity 90798K, committed 91032K, reserved 1130496K
  class space    used 10397K, capacity 10790K, committed 10912K, reserved 1048576K
}
2017-07-31T23:01:32.485+0000: 644.058: Total time for which application threads were stopped: 0.0246392 seconds, Stopping threads took: 0.0000774 seconds
2017-07-31T23:01:32.485+0000: 644.059: Total time for which application threads were stopped: 0.0001363 seconds, Stopping threads took: 0.0000366 seconds
2017-07-31T23:01:32.486+0000: 644.059: Total time for which application threads were stopped: 0.0001349 seconds, Stopping threads took: 0.0000543 seconds
2017-07-31T23:01:32.486+0000: 644.059: Total time for which application threads were stopped: 0.0001142 seconds, Stopping threads took: 0.0000260 seconds
2017-07-31T23:01:32.486+0000: 644.059: Total time for which application threads were stopped: 0.0001235 seconds, Stopping threads took: 0.0000560 seconds
2017-07-31T23:01:32.486+0000: 644.059: Total time for which application threads were stopped: 0.0001237 seconds, Stopping threads took: 0.0000582 seconds
2017-07-31T23:01:32.486+0000: 644.060: Total time for which application threads were stopped: 0.0001278 seconds, Stopping threads took: 0.0000445 seconds
2017-07-31T23:01:32.486+0000: 644.060: Total time for which application threads were stopped: 0.0000744 seconds, Stopping threads took: 0.0000199 seconds
2017-07-31T23:01:32.486+0000: 644.060: Total time for which application threads were stopped: 0.0000773 seconds, Stopping threads took: 0.0000200 seconds
2017-07-31T23:01:32.487+0000: 644.060: Total time for which application threads were stopped: 0.0001100 seconds, Stopping threads took: 0.0000202 seconds
2017-07-31T23:01:32.487+0000: 644.060: Total time for which application threads were stopped: 0.0000888 seconds, Stopping threads took: 0.0000198 seconds
2017-07-31T23:01:32.487+0000: 644.060: Total time for which application threads were stopped: 0.0001024 seconds, Stopping threads took: 0.0000215 seconds
2017-07-31T23:01:32.487+0000: 644.060: Total time for which application threads were stopped: 0.0000974 seconds, Stopping threads took: 0.0000430 seconds
2017-07-31T23:01:32.487+0000: 644.061: Total time for which application threads were stopped: 0.0001067 seconds, Stopping threads took: 0.0000446 seconds
2017-07-31T23:01:32.487+0000: 644.061: Total time for which application threads were stopped: 0.0001062 seconds, Stopping threads took: 0.0000202 seconds
2017-07-31T23:01:32.488+0000: 644.061: Total time for which application threads were stopped: 0.0001449 seconds, Stopping threads took: 0.0000465 seconds
2017-07-31T23:01:32.488+0000: 644.061: Total time for which application threads were stopped: 0.0000991 seconds, Stopping threads took: 0.0000417 seconds
2017-07-31T23:01:32.488+0000: 644.061: Total time for which application threads were stopped: 0.0001119 seconds, Stopping threads took: 0.0000460 seconds
2017-07-31T23:01:32.488+0000: 644.061: Total time for which application threads were stopped: 0.0001150 seconds, Stopping threads took: 0.0000413 seconds
2017-07-31T23:01:32.488+0000: 644.061: Total time for which application threads were stopped: 0.0001115 seconds, Stopping threads took: 0.0000435 seconds
2017-07-31T23:01:32.488+0000: 644.062: Total time for which application threads were stopped: 0.0002872 seconds, Stopping threads took: 0.0000448 seconds
2017-07-31T23:01:40.499+0000: 652.072: Total time for which application threads were stopped: 0.0001918 seconds, Stopping threads took: 0.0000807 seconds
2017-07-31T23:01:41.499+0000: 653.072: Total time for which application threads were stopped: 0.0001594 seconds, Stopping threads took: 0.0000468 seconds
2017-07-31T23:01:42.502+0000: 654.076: Total time for which application threads were stopped: 0.0002098 seconds, Stopping threads took: 0.0000692 seconds
2017-07-31T23:01:45.503+0000: 657.076: Total time for which application threads were stopped: 0.0001610 seconds, Stopping threads took: 0.0000426 seconds
2017-07-31T23:01:51.504+0000: 663.077: Total time for which application threads were stopped: 0.0001486 seconds, Stopping threads took: 0.0000436 seconds
2017-07-31T23:01:52.508+0000: 664.081: Total time for which application threads were stopped: 0.0001899 seconds, Stopping threads took: 0.0000772 seconds
2017-07-31T23:01:57.509+0000: 669.082: Total time for which application threads were stopped: 0.0001962 seconds, Stopping threads took: 0.0000855 seconds
2017-07-31T23:01:58.509+0000: 670.082: Total time for which application threads were stopped: 0.0001998 seconds, Stopping threads took: 0.0000880 seconds
2017-07-31T23:01:59.509+0000: 671.083: Total time for which application threads were stopped: 0.0001745 seconds, Stopping threads took: 0.0000592 seconds
2017-07-31T23:02:06.513+0000: 678.086: Total time for which application threads were stopped: 0.0001511 seconds, Stopping threads took: 0.0000488 seconds
2017-07-31T23:02:09.514+0000: 681.087: Total time for which application threads were stopped: 0.0001721 seconds, Stopping threads took: 0.0000713 seconds
2017-07-31T23:02:16.514+0000: 688.088: Total time for which application threads were stopped: 0.0001688 seconds, Stopping threads took: 0.0000577 seconds
2017-07-31T23:02:17.515+0000: 689.088: Total time for which application threads were stopped: 0.0001737 seconds, Stopping threads took: 0.0000602 seconds
2017-07-31T23:02:19.515+0000: 691.088: Total time for which application threads were stopped: 0.0001544 seconds, Stopping threads took: 0.0000484 seconds
2017-07-31T23:02:23.516+0000: 695.089: Total time for which application threads were stopped: 0.0001799 seconds, Stopping threads took: 0.0000449 seconds
2017-07-31T23:02:24.516+0000: 696.089: Total time for which application threads were stopped: 0.0001752 seconds, Stopping threads took: 0.0000450 seconds
2017-07-31T23:02:27.516+0000: 699.090: Total time for which application threads were stopped: 0.0001538 seconds, Stopping threads took: 0.0000468 seconds
2017-07-31T23:02:28.517+0000: 700.090: Total time for which application threads were stopped: 0.0001628 seconds, Stopping threads took: 0.0000438 seconds
2017-07-31T23:02:30.517+0000: 702.090: Total time for which application threads were stopped: 0.0001626 seconds, Stopping threads took: 0.0000528 seconds
2017-07-31T23:02:32.517+0000: 704.091: Total time for which application threads were stopped: 0.0001352 seconds, Stopping threads took: 0.0000406 seconds
2017-07-31T23:02:36.518+0000: 708.091: Total time for which application threads were stopped: 0.0001518 seconds, Stopping threads took: 0.0000490 seconds
2017-07-31T23:02:37.518+0000: 709.091: Total time for which application threads were stopped: 0.0001626 seconds, Stopping threads took: 0.0000548 seconds
2017-07-31T23:02:39.518+0000: 711.092: Total time for which application threads were stopped: 0.0001724 seconds, Stopping threads took: 0.0000430 seconds
2017-07-31T23:02:41.519+0000: 713.092: Total time for which application threads were stopped: 0.0001719 seconds, Stopping threads took: 0.0000421 seconds
2017-07-31T23:02:41.876+0000: 713.449: Total time for which application threads were stopped: 0.0002596 seconds, Stopping threads took: 0.0000454 seconds
2017-07-31T23:02:41.876+0000: 713.450: Total time for which application threads were stopped: 0.0001092 seconds, Stopping threads took: 0.0000235 seconds
2017-07-31T23:02:41.876+0000: 713.450: Total time for which application threads were stopped: 0.0001051 seconds, Stopping threads took: 0.0000229 seconds
2017-07-31T23:02:41.877+0000: 713.450: Total time for which application threads were stopped: 0.0001303 seconds, Stopping threads took: 0.0000192 seconds
2017-07-31T23:02:41.877+0000: 713.450: Total time for which application threads were stopped: 0.0001039 seconds, Stopping threads took: 0.0000214 seconds
2017-07-31T23:02:41.877+0000: 713.450: Total time for which application threads were stopped: 0.0001194 seconds, Stopping threads took: 0.0000223 seconds
2017-07-31T23:02:42.877+0000: 714.451: Total time for which application threads were stopped: 0.0001676 seconds, Stopping threads took: 0.0000463 seconds
{Heap before GC invocations=42 (full 2):
 par new generation   total 153344K, used 143756K [0x0000000080000000, 0x000000008a660000, 0x000000008a660000)
  eden space 136320K, 100% used [0x0000000080000000, 0x0000000088520000, 0x0000000088520000)
  from space 17024K,  43% used [0x0000000088520000, 0x0000000088c633b8, 0x00000000895c0000)
  to   space 17024K,   0% used [0x00000000895c0000, 0x00000000895c0000, 0x000000008a660000)
 concurrent mark-sweep generation total 1926784K, used 174869K [0x000000008a660000, 0x0000000100000000, 0x0000000100000000)
 Metaspace       used 85086K, capacity 90880K, committed 91288K, reserved 1130496K
  class space    used 10400K, capacity 10793K, committed 10912K, reserved 1048576K
2017-07-31T23:02:43.219+0000: 714.792: [GC (Allocation Failure) Before GC:
Statistics for BinaryTreeDictionary:
------------------------------------
Total Free Space: 224100247
Max   Chunk Size: 224100247
Number of Blocks: 1
Av.  Block  Size: 224100247
Tree      Height: 1
2017-07-31T23:02:43.219+0000: 714.792: [ParNew
Desired survivor size 8716288 bytes, new threshold 6 (max 6)
- age   1:    1580384 bytes,    1580384 total
- age   2:     770952 bytes,    2351336 total
- age   3:     684632 bytes,    3035968 total
- age   4:     800672 bytes,    3836640 total
- age   5:     663568 bytes,    4500208 total
- age   6:     601448 bytes,    5101656 total
: 143756K->7475K(153344K), 0.0240391 secs] 318626K->182969K(2080128K)After GC:
Statistics for BinaryTreeDictionary:
------------------------------------
Total Free Space: 224017180
Max   Chunk Size: 224017180
Number of Blocks: 1
Av.  Block  Size: 224017180
Tree      Height: 1
, 0.0241307 secs] [Times: user=0.05 sys=0.00, real=0.03 secs] 
Heap after GC invocations=43 (full 2):
 par new generation   total 153344K, used 7475K [0x0000000080000000, 0x000000008a660000, 0x000000008a660000)
  eden space 136320K,   0% used [0x0000000080000000, 0x0000000080000000, 0x0000000088520000)
  from space 17024K,  43% used [0x00000000895c0000, 0x0000000089d0cc48, 0x000000008a660000)
  to   space 17024K,   0% used [0x0000000088520000, 0x0000000088520000, 0x00000000895c0000)
 concurrent mark-sweep generation total 1926784K, used 175494K [0x000000008a660000, 0x0000000100000000, 0x0000000100000000)
 Metaspace       used 85086K, capacity 90880K, committed 91288K, reserved 1130496K
  class space    used 10400K, capacity 10793K, committed 10912K, reserved 1048576K
}
2017-07-31T23:02:43.243+0000: 714.817: Total time for which application threads were stopped: 0.0244170 seconds, Stopping threads took: 0.0000907 seconds
2017-07-31T23:02:43.244+0000: 714.817: Total time for which application threads were stopped: 0.0001718 seconds, Stopping threads took: 0.0000594 seconds
2017-07-31T23:02:43.249+0000: 714.822: Total time for which application threads were stopped: 0.0001063 seconds, Stopping threads took: 0.0000386 seconds
2017-07-31T23:02:43.249+0000: 714.822: Total time for which application threads were stopped: 0.0000835 seconds, Stopping threads took: 0.0000211 seconds
2017-07-31T23:02:43.249+0000: 714.822: Total time for which application threads were stopped: 0.0001024 seconds, Stopping threads took: 0.0000437 seconds
2017-07-31T23:02:43.249+0000: 714.823: Total time for which application threads were stopped: 0.0000797 seconds, Stopping threads took: 0.0000223 seconds
2017-07-31T23:02:43.249+0000: 714.823: Total time for which application threads were stopped: 0.0000716 seconds, Stopping threads took: 0.0000223 seconds
2017-07-31T23:02:43.249+0000: 714.823: Total time for which application threads were stopped: 0.0000737 seconds, Stopping threads took: 0.0000218 seconds
2017-07-31T23:02:43.250+0000: 714.823: Total time for which application threads were stopped: 0.0000935 seconds, Stopping threads took: 0.0000223 seconds
2017-07-31T23:02:43.250+0000: 714.823: Total time for which application threads were stopped: 0.0000678 seconds, Stopping threads took: 0.0000207 seconds
2017-07-31T23:02:43.250+0000: 714.823: Total time for which application threads were stopped: 0.0000980 seconds, Stopping threads took: 0.0000395 seconds
2017-07-31T23:02:43.250+0000: 714.823: Total time for which application threads were stopped: 0.0000835 seconds, Stopping threads took: 0.0000219 seconds
2017-07-31T23:02:43.250+0000: 714.823: Total time for which application threads were stopped: 0.0000697 seconds, Stopping threads took: 0.0000205 seconds
2017-07-31T23:02:43.250+0000: 714.823: Total time for which application threads were stopped: 0.0000919 seconds, Stopping threads took: 0.0000194 seconds
2017-07-31T23:02:43.250+0000: 714.824: Total time for which application threads were stopped: 0.0000695 seconds, Stopping threads took: 0.0000204 seconds
2017-07-31T23:02:43.250+0000: 714.824: Total time for which application threads were stopped: 0.0000671 seconds, Stopping threads took: 0.0000197 seconds
2017-07-31T23:02:43.250+0000: 714.824: Total time for which application threads were stopped: 0.0001059 seconds, Stopping threads took: 0.0000310 seconds
2017-07-31T23:02:43.251+0000: 714.824: Total time for which application threads were stopped: 0.0000683 seconds, Stopping threads took: 0.0000197 seconds
2017-07-31T23:02:43.251+0000: 714.824: Total time for which application threads were stopped: 0.0000848 seconds, Stopping threads took: 0.0000205 seconds
2017-07-31T23:02:43.251+0000: 714.824: Total time for which application threads were stopped: 0.0000674 seconds, Stopping threads took: 0.0000190 seconds
2017-07-31T23:02:43.251+0000: 714.824: Total time for which application threads were stopped: 0.0002255 seconds, Stopping threads took: 0.0000192 seconds
2017-07-31T23:02:47.252+0000: 718.825: Total time for which application threads were stopped: 0.0001555 seconds, Stopping threads took: 0.0000484 seconds
2017-07-31T23:02:50.252+0000: 721.825: Total time for which application threads were stopped: 0.0001661 seconds, Stopping threads took: 0.0000452 seconds
2017-07-31T23:02:53.252+0000: 724.826: Total time for which application threads were stopped: 0.0001495 seconds, Stopping threads took: 0.0000435 seconds
2017-07-31T23:02:54.253+0000: 725.826: Total time for which application threads were stopped: 0.0001595 seconds, Stopping threads took: 0.0000437 seconds
2017-07-31T23:02:56.476+0000: 728.049: Total time for which application threads were stopped: 0.0002582 seconds, Stopping threads took: 0.0000456 seconds
2017-07-31T23:02:56.476+0000: 728.049: Total time for which application threads were stopped: 0.0001078 seconds, Stopping threads took: 0.0000208 seconds
2017-07-31T23:02:56.476+0000: 728.050: Total time for which application threads were stopped: 0.0001268 seconds, Stopping threads took: 0.0000442 seconds
2017-07-31T23:02:56.477+0000: 728.050: Total time for which application threads were stopped: 0.0001525 seconds, Stopping threads took: 0.0000172 seconds
2017-07-31T23:02:56.477+0000: 728.050: Total time for which application threads were stopped: 0.0001568 seconds, Stopping threads took: 0.0000170 seconds
2017-07-31T23:02:56.477+0000: 728.051: Total time for which application threads were stopped: 0.0001277 seconds, Stopping threads took: 0.0000161 seconds
2017-07-31T23:02:57.477+0000: 729.051: Total time for which application threads were stopped: 0.0002069 seconds, Stopping threads took: 0.0000764 seconds
2017-07-31T23:03:00.479+0000: 732.052: Total time for which application threads were stopped: 0.0010469 seconds, Stopping threads took: 0.0009254 seconds
2017-07-31T23:03:04.480+0000: 736.053: Total time for which application threads were stopped: 0.0001793 seconds, Stopping threads took: 0.0000443 seconds
2017-07-31T23:03:05.480+0000: 737.053: Total time for which application threads were stopped: 0.0001667 seconds, Stopping threads took: 0.0000452 seconds
2017-07-31T23:03:06.480+0000: 738.053: Total time for which application threads were stopped: 0.0001969 seconds, Stopping threads took: 0.0000623 seconds
2017-07-31T23:03:07.480+0000: 739.054: Total time for which application threads were stopped: 0.0001531 seconds, Stopping threads took: 0.0000485 seconds
2017-07-31T23:03:09.481+0000: 741.054: Total time for which application threads were stopped: 0.0001986 seconds, Stopping threads took: 0.0000680 seconds
2017-07-31T23:03:11.481+0000: 743.054: Total time for which application threads were stopped: 0.0001621 seconds, Stopping threads took: 0.0000490 seconds
2017-07-31T23:03:12.481+0000: 744.055: Total time for which application threads were stopped: 0.0001637 seconds, Stopping threads took: 0.0000454 seconds
2017-07-31T23:03:26.483+0000: 758.057: Total time for which application threads were stopped: 0.0001489 seconds, Stopping threads took: 0.0000460 seconds
2017-07-31T23:03:41.485+0000: 773.058: Total time for which application threads were stopped: 0.0001678 seconds, Stopping threads took: 0.0000459 seconds
2017-07-31T23:03:42.485+0000: 774.058: Total time for which application threads were stopped: 0.0001605 seconds, Stopping threads took: 0.0000571 seconds
2017-07-31T23:03:43.485+0000: 775.059: Total time for which application threads were stopped: 0.0001668 seconds, Stopping threads took: 0.0000460 seconds
2017-07-31T23:03:49.486+0000: 781.060: Total time for which application threads were stopped: 0.0001779 seconds, Stopping threads took: 0.0000611 seconds
{Heap before GC invocations=43 (full 2):
 par new generation   total 153344K, used 143795K [0x0000000080000000, 0x000000008a660000, 0x000000008a660000)
  eden space 136320K, 100% used [0x0000000080000000, 0x0000000088520000, 0x0000000088520000)
  from space 17024K,  43% used [0x00000000895c0000, 0x0000000089d0cc48, 0x000000008a660000)
  to   space 17024K,   0% used [0x0000000088520000, 0x0000000088520000, 0x00000000895c0000)
 concurrent mark-sweep generation total 1926784K, used 175494K [0x000000008a660000, 0x0000000100000000, 0x0000000100000000)
 Metaspace       used 85102K, capacity 90880K, committed 91288K, reserved 1130496K
  class space    used 10400K, capacity 10793K, committed 10912K, reserved 1048576K
2017-07-31T23:03:50.663+0000: 782.236: [GC (Allocation Failure) Before GC:
Statistics for BinaryTreeDictionary:
------------------------------------
Total Free Space: 224017180
Max   Chunk Size: 224017180
Number of Blocks: 1
Av.  Block  Size: 224017180
Tree      Height: 1
2017-07-31T23:03:50.663+0000: 782.236: [ParNew
Desired survivor size 8716288 bytes, new threshold 6 (max 6)
- age   1:    1443768 bytes,    1443768 total
- age   2:     891752 bytes,    2335520 total
- age   3:     703752 bytes,    3039272 total
- age   4:     654456 bytes,    3693728 total
- age   5:     691080 bytes,    4384808 total
- age   6:     652880 bytes,    5037688 total
: 143795K->7333K(153344K), 0.0353588 secs] 319289K->183422K(2080128K)After GC:
Statistics for BinaryTreeDictionary:
------------------------------------
Total Free Space: 223945793
Max   Chunk Size: 223945793
Number of Blocks: 1
Av.  Block  Size: 223945793
Tree      Height: 1
, 0.0354538 secs] [Times: user=0.05 sys=0.00, real=0.03 secs] 
Heap after GC invocations=44 (full 2):
 par new generation   total 153344K, used 7333K [0x0000000080000000, 0x000000008a660000, 0x000000008a660000)
  eden space 136320K,   0% used [0x0000000080000000, 0x0000000080000000, 0x0000000088520000)
  from space 17024K,  43% used [0x0000000088520000, 0x0000000088c49400, 0x00000000895c0000)
  to   space 17024K,   0% used [0x00000000895c0000, 0x00000000895c0000, 0x000000008a660000)
 concurrent mark-sweep generation total 1926784K, used 176089K [0x000000008a660000, 0x0000000100000000, 0x0000000100000000)
 Metaspace       used 85102K, capacity 90880K, committed 91288K, reserved 1130496K
  class space    used 10400K, capacity 10793K, committed 10912K, reserved 1048576K
}
2017-07-31T23:03:50.698+0000: 782.272: Total time for which application threads were stopped: 0.0357651 seconds, Stopping threads took: 0.0000456 seconds
2017-07-31T23:03:50.699+0000: 782.272: Total time for which application threads were stopped: 0.0003976 seconds, Stopping threads took: 0.0002978 seconds
2017-07-31T23:03:50.706+0000: 782.279: Total time for which application threads were stopped: 0.0001304 seconds, Stopping threads took: 0.0000360 seconds
2017-07-31T23:03:50.706+0000: 782.279: Total time for which application threads were stopped: 0.0000958 seconds, Stopping threads took: 0.0000159 seconds
2017-07-31T23:03:50.706+0000: 782.279: Total time for which application threads were stopped: 0.0000949 seconds, Stopping threads took: 0.0000150 seconds
2017-07-31T23:03:50.706+0000: 782.280: Total time for which application threads were stopped: 0.0000928 seconds, Stopping threads took: 0.0000147 seconds
2017-07-31T23:03:50.706+0000: 782.280: Total time for which application threads were stopped: 0.0000917 seconds, Stopping threads took: 0.0000141 seconds
2017-07-31T23:03:50.707+0000: 782.280: Total time for which application threads were stopped: 0.0000930 seconds, Stopping threads took: 0.0000146 seconds
2017-07-31T23:03:50.707+0000: 782.280: Total time for which application threads were stopped: 0.0000923 seconds, Stopping threads took: 0.0000141 seconds
2017-07-31T23:03:50.707+0000: 782.280: Total time for which application threads were stopped: 0.0000939 seconds, Stopping threads took: 0.0000145 seconds
2017-07-31T23:03:50.707+0000: 782.280: Total time for which application threads were stopped: 0.0000944 seconds, Stopping threads took: 0.0000151 seconds
2017-07-31T23:03:50.707+0000: 782.280: Total time for which application threads were stopped: 0.0000928 seconds, Stopping threads took: 0.0000144 seconds
2017-07-31T23:03:50.707+0000: 782.280: Total time for which application threads were stopped: 0.0000929 seconds, Stopping threads took: 0.0000146 seconds
2017-07-31T23:03:50.707+0000: 782.281: Total time for which application threads were stopped: 0.0000922 seconds, Stopping threads took: 0.0000141 seconds
2017-07-31T23:03:50.707+0000: 782.281: Total time for which application threads were stopped: 0.0000919 seconds, Stopping threads took: 0.0000138 seconds
2017-07-31T23:03:50.708+0000: 782.281: Total time for which application threads were stopped: 0.0000954 seconds, Stopping threads took: 0.0000142 seconds
2017-07-31T23:03:50.708+0000: 782.281: Total time for which application threads were stopped: 0.0000929 seconds, Stopping threads took: 0.0000142 seconds
2017-07-31T23:03:50.708+0000: 782.281: Total time for which application threads were stopped: 0.0000923 seconds, Stopping threads took: 0.0000142 seconds
2017-07-31T23:03:50.708+0000: 782.281: Total time for which application threads were stopped: 0.0001057 seconds, Stopping threads took: 0.0000139 seconds
2017-07-31T23:03:50.708+0000: 782.281: Total time for which application threads were stopped: 0.0000933 seconds, Stopping threads took: 0.0000149 seconds
2017-07-31T23:03:50.708+0000: 782.282: Total time for which application threads were stopped: 0.0003059 seconds, Stopping threads took: 0.0000144 seconds
2017-07-31T23:03:57.709+0000: 789.283: Total time for which application threads were stopped: 0.0001567 seconds, Stopping threads took: 0.0000504 seconds
2017-07-31T23:03:59.710+0000: 791.283: Total time for which application threads were stopped: 0.0001713 seconds, Stopping threads took: 0.0000678 seconds
2017-07-31T23:04:00.710+0000: 792.283: Total time for which application threads were stopped: 0.0001704 seconds, Stopping threads took: 0.0000489 seconds
2017-07-31T23:04:07.711+0000: 799.285: Total time for which application threads were stopped: 0.0003147 seconds, Stopping threads took: 0.0000728 seconds
2017-07-31T23:04:11.712+0000: 803.285: Total time for which application threads were stopped: 0.0001609 seconds, Stopping threads took: 0.0000475 seconds
2017-07-31T23:04:12.712+0000: 804.285: Total time for which application threads were stopped: 0.0001583 seconds, Stopping threads took: 0.0000423 seconds
2017-07-31T23:04:27.714+0000: 819.287: Total time for which application threads were stopped: 0.0001767 seconds, Stopping threads took: 0.0000445 seconds
2017-07-31T23:04:29.714+0000: 821.288: Total time for which application threads were stopped: 0.0001481 seconds, Stopping threads took: 0.0000474 seconds
2017-07-31T23:04:34.715+0000: 826.288: Total time for which application threads were stopped: 0.0001730 seconds, Stopping threads took: 0.0000467 seconds
2017-07-31T23:04:58.718+0000: 850.291: Total time for which application threads were stopped: 0.0001796 seconds, Stopping threads took: 0.0000741 seconds
2017-07-31T23:05:00.718+0000: 852.291: Total time for which application threads were stopped: 0.0001517 seconds, Stopping threads took: 0.0000489 seconds
{Heap before GC invocations=44 (full 2):
 par new generation   total 153344K, used 143653K [0x0000000080000000, 0x000000008a660000, 0x000000008a660000)
  eden space 136320K, 100% used [0x0000000080000000, 0x0000000088520000, 0x0000000088520000)
  from space 17024K,  43% used [0x0000000088520000, 0x0000000088c49400, 0x00000000895c0000)
  to   space 17024K,   0% used [0x00000000895c0000, 0x00000000895c0000, 0x000000008a660000)
 concurrent mark-sweep generation total 1926784K, used 176089K [0x000000008a660000, 0x0000000100000000, 0x0000000100000000)
 Metaspace       used 85110K, capacity 90880K, committed 91288K, reserved 1130496K
  class space    used 10400K, capacity 10793K, committed 10912K, reserved 1048576K
2017-07-31T23:05:01.017+0000: 852.590: [GC (Allocation Failure) Before GC:
Statistics for BinaryTreeDictionary:
------------------------------------
Total Free Space: 223945793
Max   Chunk Size: 223945793
Number of Blocks: 1
Av.  Block  Size: 223945793
Tree      Height: 1
2017-07-31T23:05:01.017+0000: 852.590: [ParNew
Desired survivor size 8716288 bytes, new threshold 6 (max 6)
- age   1:    1401912 bytes,    1401912 total
- age   2:     753992 bytes,    2155904 total
- age   3:     835288 bytes,    2991192 total
- age   4:     677656 bytes,    3668848 total
- age   5:     641720 bytes,    4310568 total
- age   6:     681584 bytes,    4992152 total
: 143653K->7364K(153344K), 0.0237073 secs] 319742K->184101K(2080128K)After GC:
Statistics for BinaryTreeDictionary:
------------------------------------
Total Free Space: 223865373
Max   Chunk Size: 223865373
Number of Blocks: 1
Av.  Block  Size: 223865373
Tree      Height: 1
, 0.0237957 secs] [Times: user=0.05 sys=0.00, real=0.02 secs] 
Heap after GC invocations=45 (full 2):
 par new generation   total 153344K, used 7364K [0x0000000080000000, 0x000000008a660000, 0x000000008a660000)
  eden space 136320K,   0% used [0x0000000080000000, 0x0000000080000000, 0x0000000088520000)
  from space 17024K,  43% used [0x00000000895c0000, 0x0000000089cf10f0, 0x000000008a660000)
  to   space 17024K,   0% used [0x0000000088520000, 0x0000000088520000, 0x00000000895c0000)
 concurrent mark-sweep generation total 1926784K, used 176737K [0x000000008a660000, 0x0000000100000000, 0x0000000100000000)
 Metaspace       used 85110K, capacity 90880K, committed 91288K, reserved 1130496K
  class space    used 10400K, capacity 10793K, committed 10912K, reserved 1048576K
}
2017-07-31T23:05:01.041+0000: 852.614: Total time for which application threads were stopped: 0.0241339 seconds, Stopping threads took: 0.0001042 seconds
2017-07-31T23:05:01.048+0000: 852.621: Total time for which application threads were stopped: 0.0002475 seconds, Stopping threads took: 0.0001302 seconds
2017-07-31T23:05:01.048+0000: 852.621: Total time for which application threads were stopped: 0.0001096 seconds, Stopping threads took: 0.0000476 seconds
2017-07-31T23:05:01.048+0000: 852.621: Total time for which application threads were stopped: 0.0001414 seconds, Stopping threads took: 0.0000529 seconds
2017-07-31T23:05:01.048+0000: 852.621: Total time for which application threads were stopped: 0.0000691 seconds, Stopping threads took: 0.0000205 seconds
2017-07-31T23:05:01.048+0000: 852.622: Total time for which application threads were stopped: 0.0001231 seconds, Stopping threads took: 0.0000629 seconds
2017-07-31T23:05:01.049+0000: 852.622: Total time for which application threads were stopped: 0.0001236 seconds, Stopping threads took: 0.0000580 seconds
2017-07-31T23:05:01.049+0000: 852.622: Total time for which application threads were stopped: 0.0000713 seconds, Stopping threads took: 0.0000202 seconds
2017-07-31T23:05:01.049+0000: 852.622: Total time for which application threads were stopped: 0.0000744 seconds, Stopping threads took: 0.0000207 seconds
2017-07-31T23:05:01.049+0000: 852.622: Total time for which application threads were stopped: 0.0000876 seconds, Stopping threads took: 0.0000133 seconds
2017-07-31T23:05:01.049+0000: 852.622: Total time for which application threads were stopped: 0.0000715 seconds, Stopping threads took: 0.0000234 seconds
2017-07-31T23:05:01.049+0000: 852.622: Total time for which application threads were stopped: 0.0000739 seconds, Stopping threads took: 0.0000202 seconds
2017-07-31T23:05:01.049+0000: 852.623: Total time for which application threads were stopped: 0.0000716 seconds, Stopping threads took: 0.0000221 seconds
2017-07-31T23:05:01.049+0000: 852.623: Total time for which application threads were stopped: 0.0001073 seconds, Stopping threads took: 0.0000319 seconds
2017-07-31T23:05:01.050+0000: 852.623: Total time for which application threads were stopped: 0.0000693 seconds, Stopping threads took: 0.0000198 seconds
2017-07-31T23:05:01.050+0000: 852.623: Total time for which application threads were stopped: 0.0000705 seconds, Stopping threads took: 0.0000208 seconds
2017-07-31T23:05:01.050+0000: 852.623: Total time for which application threads were stopped: 0.0000762 seconds, Stopping threads took: 0.0000266 seconds
2017-07-31T23:05:01.050+0000: 852.623: Total time for which application threads were stopped: 0.0000978 seconds, Stopping threads took: 0.0000207 seconds
2017-07-31T23:05:01.050+0000: 852.623: Total time for which application threads were stopped: 0.0000698 seconds, Stopping threads took: 0.0000210 seconds
2017-07-31T23:05:01.050+0000: 852.623: Total time for which application threads were stopped: 0.0000963 seconds, Stopping threads took: 0.0000209 seconds
2017-07-31T23:05:01.050+0000: 852.624: Total time for which application threads were stopped: 0.0002558 seconds, Stopping threads took: 0.0000248 seconds
2017-07-31T23:05:09.052+0000: 860.625: Total time for which application threads were stopped: 0.0002628 seconds, Stopping threads took: 0.0000702 seconds
2017-07-31T23:05:10.052+0000: 861.625: Total time for which application threads were stopped: 0.0001762 seconds, Stopping threads took: 0.0000464 seconds
2017-07-31T23:05:13.052+0000: 864.626: Total time for which application threads were stopped: 0.0002352 seconds, Stopping threads took: 0.0000719 seconds
2017-07-31T23:05:19.053+0000: 870.627: Total time for which application threads were stopped: 0.0001579 seconds, Stopping threads took: 0.0000550 seconds
2017-07-31T23:05:21.054+0000: 872.627: Total time for which application threads were stopped: 0.0001662 seconds, Stopping threads took: 0.0000442 seconds
2017-07-31T23:05:22.054+0000: 873.627: Total time for which application threads were stopped: 0.0001702 seconds, Stopping threads took: 0.0000452 seconds
2017-07-31T23:05:24.054+0000: 875.627: Total time for which application threads were stopped: 0.0001833 seconds, Stopping threads took: 0.0000431 seconds
2017-07-31T23:05:26.055+0000: 877.628: Total time for which application threads were stopped: 0.0001616 seconds, Stopping threads took: 0.0000616 seconds
2017-07-31T23:05:28.055+0000: 879.628: Total time for which application threads were stopped: 0.0001360 seconds, Stopping threads took: 0.0000421 seconds
2017-07-31T23:05:36.056+0000: 887.629: Total time for which application threads were stopped: 0.0001445 seconds, Stopping threads took: 0.0000464 seconds
2017-07-31T23:05:38.056+0000: 889.629: Total time for which application threads were stopped: 0.0001581 seconds, Stopping threads took: 0.0000459 seconds
2017-07-31T23:05:39.056+0000: 890.630: Total time for which application threads were stopped: 0.0001554 seconds, Stopping threads took: 0.0000420 seconds
2017-07-31T23:05:41.057+0000: 892.630: Total time for which application threads were stopped: 0.0001577 seconds, Stopping threads took: 0.0000421 seconds
2017-07-31T23:05:44.057+0000: 895.630: Total time for which application threads were stopped: 0.0001719 seconds, Stopping threads took: 0.0000467 seconds
2017-07-31T23:05:51.058+0000: 902.631: Total time for which application threads were stopped: 0.0001561 seconds, Stopping threads took: 0.0000409 seconds
2017-07-31T23:05:55.059+0000: 906.632: Total time for which application threads were stopped: 0.0001929 seconds, Stopping threads took: 0.0000551 seconds
2017-07-31T23:05:58.059+0000: 909.632: Total time for which application threads were stopped: 0.0002022 seconds, Stopping threads took: 0.0000576 seconds
2017-07-31T23:06:04.060+0000: 915.633: Total time for which application threads were stopped: 0.0001908 seconds, Stopping threads took: 0.0000652 seconds
2017-07-31T23:06:09.061+0000: 920.634: Total time for which application threads were stopped: 0.0001451 seconds, Stopping threads took: 0.0000448 seconds
{Heap before GC invocations=45 (full 2):
 par new generation   total 153344K, used 143684K [0x0000000080000000, 0x000000008a660000, 0x000000008a660000)
  eden space 136320K, 100% used [0x0000000080000000, 0x0000000088520000, 0x0000000088520000)
  from space 17024K,  43% used [0x00000000895c0000, 0x0000000089cf10f0, 0x000000008a660000)
  to   space 17024K,   0% used [0x0000000088520000, 0x0000000088520000, 0x00000000895c0000)
 concurrent mark-sweep generation total 1926784K, used 176737K [0x000000008a660000, 0x0000000100000000, 0x0000000100000000)
 Metaspace       used 85126K, capacity 90880K, committed 91288K, reserved 1130496K
  class space    used 10400K, capacity 10793K, committed 10912K, reserved 1048576K
2017-07-31T23:06:14.841+0000: 926.414: [GC (Allocation Failure) Before GC:
Statistics for BinaryTreeDictionary:
------------------------------------
Total Free Space: 223865373
Max   Chunk Size: 223865373
Number of Blocks: 1
Av.  Block  Size: 223865373
Tree      Height: 1
2017-07-31T23:06:14.841+0000: 926.414: [ParNew
Desired survivor size 8716288 bytes, new threshold 6 (max 6)
- age   1:    1479448 bytes,    1479448 total
- age   2:     655840 bytes,    2135288 total
- age   3:     690800 bytes,    2826088 total
- age   4:     804752 bytes,    3630840 total
- age   5:     661904 bytes,    4292744 total
- age   6:     632632 bytes,    4925376 total
: 143684K->7322K(153344K), 0.0228795 secs] 320421K->184733K(2080128K)After GC:
Statistics for BinaryTreeDictionary:
------------------------------------
Total Free Space: 223781675
Max   Chunk Size: 223781675
Number of Blocks: 1
Av.  Block  Size: 223781675
Tree      Height: 1
, 0.0229748 secs] [Times: user=0.06 sys=0.00, real=0.03 secs] 
Heap after GC invocations=46 (full 2):
 par new generation   total 153344K, used 7322K [0x0000000080000000, 0x000000008a660000, 0x000000008a660000)
  eden space 136320K,   0% used [0x0000000080000000, 0x0000000080000000, 0x0000000088520000)
  from space 17024K,  43% used [0x0000000088520000, 0x0000000088c46910, 0x00000000895c0000)
  to   space 17024K,   0% used [0x00000000895c0000, 0x00000000895c0000, 0x000000008a660000)
 concurrent mark-sweep generation total 1926784K, used 177411K [0x000000008a660000, 0x0000000100000000, 0x0000000100000000)
 Metaspace       used 85126K, capacity 90880K, committed 91288K, reserved 1130496K
  class space    used 10400K, capacity 10793K, committed 10912K, reserved 1048576K
}
2017-07-31T23:06:14.864+0000: 926.437: Total time for which application threads were stopped: 0.0232764 seconds, Stopping threads took: 0.0001037 seconds
2017-07-31T23:06:14.864+0000: 926.437: Total time for which application threads were stopped: 0.0001515 seconds, Stopping threads took: 0.0000378 seconds
2017-07-31T23:06:14.864+0000: 926.437: Total time for which application threads were stopped: 0.0000756 seconds, Stopping threads took: 0.0000208 seconds
2017-07-31T23:06:14.864+0000: 926.437: Total time for which application threads were stopped: 0.0001046 seconds, Stopping threads took: 0.0000370 seconds
2017-07-31T23:06:14.865+0000: 926.438: Total time for which application threads were stopped: 0.0001051 seconds, Stopping threads took: 0.0000392 seconds
2017-07-31T23:06:14.870+0000: 926.444: Total time for which application threads were stopped: 0.0001036 seconds, Stopping threads took: 0.0000362 seconds
2017-07-31T23:06:14.871+0000: 926.444: Total time for which application threads were stopped: 0.0001421 seconds, Stopping threads took: 0.0000704 seconds
2017-07-31T23:06:14.871+0000: 926.444: Total time for which application threads were stopped: 0.0000991 seconds, Stopping threads took: 0.0000217 seconds
2017-07-31T23:06:14.871+0000: 926.444: Total time for which application threads were stopped: 0.0000954 seconds, Stopping threads took: 0.0000204 seconds
2017-07-31T23:06:14.871+0000: 926.444: Total time for which application threads were stopped: 0.0000727 seconds, Stopping threads took: 0.0000207 seconds
2017-07-31T23:06:14.871+0000: 926.444: Total time for which application threads were stopped: 0.0001149 seconds, Stopping threads took: 0.0000475 seconds
2017-07-31T23:06:14.871+0000: 926.445: Total time for which application threads were stopped: 0.0000736 seconds, Stopping threads took: 0.0000213 seconds
2017-07-31T23:06:14.871+0000: 926.445: Total time for which application threads were stopped: 0.0001072 seconds, Stopping threads took: 0.0000429 seconds
2017-07-31T23:06:14.872+0000: 926.445: Total time for which application threads were stopped: 0.0001222 seconds, Stopping threads took: 0.0000570 seconds
2017-07-31T23:06:14.872+0000: 926.445: Total time for which application threads were stopped: 0.0001146 seconds, Stopping threads took: 0.0000597 seconds
2017-07-31T23:06:14.872+0000: 926.445: Total time for which application threads were stopped: 0.0001170 seconds, Stopping threads took: 0.0000549 seconds
2017-07-31T23:06:14.872+0000: 926.445: Total time for which application threads were stopped: 0.0000730 seconds, Stopping threads took: 0.0000225 seconds
2017-07-31T23:06:14.872+0000: 926.446: Total time for which application threads were stopped: 0.0001430 seconds, Stopping threads took: 0.0000762 seconds
2017-07-31T23:06:14.872+0000: 926.446: Total time for which application threads were stopped: 0.0001091 seconds, Stopping threads took: 0.0000471 seconds
2017-07-31T23:06:14.873+0000: 926.446: Total time for which application threads were stopped: 0.0001100 seconds, Stopping threads took: 0.0000479 seconds
2017-07-31T23:06:14.873+0000: 926.446: Total time for which application threads were stopped: 0.0002363 seconds, Stopping threads took: 0.0000314 seconds
2017-07-31T23:06:15.873+0000: 927.447: Total time for which application threads were stopped: 0.0002031 seconds, Stopping threads took: 0.0000875 seconds
2017-07-31T23:06:27.875+0000: 939.448: Total time for which application threads were stopped: 0.0001789 seconds, Stopping threads took: 0.0000466 seconds
2017-07-31T23:06:33.876+0000: 945.449: Total time for which application threads were stopped: 0.0001654 seconds, Stopping threads took: 0.0000462 seconds
2017-07-31T23:06:34.876+0000: 946.449: Total time for which application threads were stopped: 0.0001776 seconds, Stopping threads took: 0.0000479 seconds
2017-07-31T23:06:37.876+0000: 949.450: Total time for which application threads were stopped: 0.0001756 seconds, Stopping threads took: 0.0000460 seconds
2017-07-31T23:06:41.877+0000: 953.450: Total time for which application threads were stopped: 0.0001872 seconds, Stopping threads took: 0.0000436 seconds
2017-07-31T23:06:42.877+0000: 954.451: Total time for which application threads were stopped: 0.0001551 seconds, Stopping threads took: 0.0000515 seconds
2017-07-31T23:06:43.877+0000: 955.451: Total time for which application threads were stopped: 0.0001527 seconds, Stopping threads took: 0.0000475 seconds
2017-07-31T23:06:44.878+0000: 956.451: Total time for which application threads were stopped: 0.0001744 seconds, Stopping threads took: 0.0000566 seconds
2017-07-31T23:06:47.878+0000: 959.452: Total time for which application threads were stopped: 0.0001886 seconds, Stopping threads took: 0.0000564 seconds
2017-07-31T23:06:52.879+0000: 964.452: Total time for which application threads were stopped: 0.0001449 seconds, Stopping threads took: 0.0000418 seconds
2017-07-31T23:06:53.879+0000: 965.453: Total time for which application threads were stopped: 0.0001601 seconds, Stopping threads took: 0.0000562 seconds
2017-07-31T23:06:54.880+0000: 966.453: Total time for which application threads were stopped: 0.0001580 seconds, Stopping threads took: 0.0000479 seconds
2017-07-31T23:06:57.880+0000: 969.453: Total time for which application threads were stopped: 0.0001578 seconds, Stopping threads took: 0.0000542 seconds
2017-07-31T23:06:58.880+0000: 970.454: Total time for which application threads were stopped: 0.0001611 seconds, Stopping threads took: 0.0000573 seconds
2017-07-31T23:07:01.881+0000: 973.454: Total time for which application threads were stopped: 0.0001858 seconds, Stopping threads took: 0.0000572 seconds
2017-07-31T23:07:07.884+0000: 979.457: Total time for which application threads were stopped: 0.0001629 seconds, Stopping threads took: 0.0000467 seconds
2017-07-31T23:07:08.885+0000: 980.458: Total time for which application threads were stopped: 0.0003029 seconds, Stopping threads took: 0.0000731 seconds
2017-07-31T23:07:10.887+0000: 982.460: Total time for which application threads were stopped: 0.0002239 seconds, Stopping threads took: 0.0000777 seconds
2017-07-31T23:07:23.889+0000: 995.462: Total time for which application threads were stopped: 0.0002180 seconds, Stopping threads took: 0.0000758 seconds
2017-07-31T23:07:28.890+0000: 1000.463: Total time for which application threads were stopped: 0.0002134 seconds, Stopping threads took: 0.0000820 seconds
{Heap before GC invocations=46 (full 2):
 par new generation   total 153344K, used 143642K [0x0000000080000000, 0x000000008a660000, 0x000000008a660000)
  eden space 136320K, 100% used [0x0000000080000000, 0x0000000088520000, 0x0000000088520000)
  from space 17024K,  43% used [0x0000000088520000, 0x0000000088c46910, 0x00000000895c0000)
  to   space 17024K,   0% used [0x00000000895c0000, 0x00000000895c0000, 0x000000008a660000)
 concurrent mark-sweep generation total 1926784K, used 177411K [0x000000008a660000, 0x0000000100000000, 0x0000000100000000)
 Metaspace       used 85153K, capacity 90944K, committed 91288K, reserved 1130496K
  class space    used 10400K, capacity 10793K, committed 10912K, reserved 1048576K
2017-07-31T23:07:29.686+0000: 1001.259: [GC (Allocation Failure) Before GC:
Statistics for BinaryTreeDictionary:
------------------------------------
Total Free Space: 223781675
Max   Chunk Size: 223781675
Number of Blocks: 1
Av.  Block  Size: 223781675
Tree      Height: 1
2017-07-31T23:07:29.686+0000: 1001.259: [ParNew
Desired survivor size 8716288 bytes, new threshold 6 (max 6)
- age   1:    1558976 bytes,    1558976 total
- age   2:     754248 bytes,    2313224 total
- age   3:     597112 bytes,    2910336 total
- age   4:     661024 bytes,    3571360 total
- age   5:     734720 bytes,    4306080 total
- age   6:     654680 bytes,    4960760 total
: 143642K->7329K(153344K), 0.0236203 secs] 321053K->185366K(2080128K)After GC:
Statistics for BinaryTreeDictionary:
------------------------------------
Total Free Space: 223699414
Max   Chunk Size: 223699414
Number of Blocks: 1
Av.  Block  Size: 223699414
Tree      Height: 1
, 0.0237367 secs] [Times: user=0.05 sys=0.00, real=0.02 secs] 
Heap after GC invocations=47 (full 2):
 par new generation   total 153344K, used 7329K [0x0000000080000000, 0x000000008a660000, 0x000000008a660000)
  eden space 136320K,   0% used [0x0000000080000000, 0x0000000080000000, 0x0000000088520000)
  from space 17024K,  43% used [0x00000000895c0000, 0x0000000089ce84f0, 0x000000008a660000)
  to   space 17024K,   0% used [0x0000000088520000, 0x0000000088520000, 0x00000000895c0000)
 concurrent mark-sweep generation total 1926784K, used 178037K [0x000000008a660000, 0x0000000100000000, 0x0000000100000000)
 Metaspace       used 85153K, capacity 90944K, committed 91288K, reserved 1130496K
  class space    used 10400K, capacity 10793K, committed 10912K, reserved 1048576K
}
2017-07-31T23:07:29.710+0000: 1001.283: Total time for which application threads were stopped: 0.0240269 seconds, Stopping threads took: 0.0000791 seconds
2017-07-31T23:07:29.710+0000: 1001.283: Total time for which application threads were stopped: 0.0001522 seconds, Stopping threads took: 0.0000483 seconds
2017-07-31T23:07:29.710+0000: 1001.283: Total time for which application threads were stopped: 0.0001215 seconds, Stopping threads took: 0.0000593 seconds
2017-07-31T23:07:29.710+0000: 1001.284: Total time for which application threads were stopped: 0.0000970 seconds, Stopping threads took: 0.0000356 seconds
2017-07-31T23:07:29.710+0000: 1001.284: Total time for which application threads were stopped: 0.0001101 seconds, Stopping threads took: 0.0000464 seconds
2017-07-31T23:07:29.711+0000: 1001.284: Total time for which application threads were stopped: 0.0000710 seconds, Stopping threads took: 0.0000203 seconds
2017-07-31T23:07:29.711+0000: 1001.284: Total time for which application threads were stopped: 0.0000946 seconds, Stopping threads took: 0.0000338 seconds
2017-07-31T23:07:29.711+0000: 1001.284: Total time for which application threads were stopped: 0.0001022 seconds, Stopping threads took: 0.0000420 seconds
2017-07-31T23:07:29.711+0000: 1001.284: Total time for which application threads were stopped: 0.0000825 seconds, Stopping threads took: 0.0000212 seconds
2017-07-31T23:07:29.711+0000: 1001.284: Total time for which application threads were stopped: 0.0001033 seconds, Stopping threads took: 0.0000442 seconds
2017-07-31T23:07:29.711+0000: 1001.284: Total time for which application threads were stopped: 0.0000678 seconds, Stopping threads took: 0.0000187 seconds
2017-07-31T23:07:29.711+0000: 1001.285: Total time for which application threads were stopped: 0.0001126 seconds, Stopping threads took: 0.0000529 seconds
2017-07-31T23:07:29.711+0000: 1001.285: Total time for which application threads were stopped: 0.0001024 seconds, Stopping threads took: 0.0000434 seconds
2017-07-31T23:07:29.711+0000: 1001.285: Total time for which application threads were stopped: 0.0000689 seconds, Stopping threads took: 0.0000203 seconds
2017-07-31T23:07:29.712+0000: 1001.285: Total time for which application threads were stopped: 0.0001146 seconds, Stopping threads took: 0.0000555 seconds
2017-07-31T23:07:29.712+0000: 1001.285: Total time for which application threads were stopped: 0.0001064 seconds, Stopping threads took: 0.0000473 seconds
2017-07-31T23:07:29.712+0000: 1001.285: Total time for which application threads were stopped: 0.0001035 seconds, Stopping threads took: 0.0000435 seconds
2017-07-31T23:07:29.712+0000: 1001.285: Total time for which application threads were stopped: 0.0000688 seconds, Stopping threads took: 0.0000198 seconds
2017-07-31T23:07:29.712+0000: 1001.285: Total time for which application threads were stopped: 0.0000682 seconds, Stopping threads took: 0.0000198 seconds
2017-07-31T23:07:29.712+0000: 1001.285: Total time for which application threads were stopped: 0.0001059 seconds, Stopping threads took: 0.0000442 seconds
2017-07-31T23:07:29.712+0000: 1001.286: Total time for which application threads were stopped: 0.0001951 seconds, Stopping threads took: 0.0000224 seconds
2017-07-31T23:07:31.713+0000: 1003.286: Total time for which application threads were stopped: 0.0001764 seconds, Stopping threads took: 0.0000498 seconds
2017-07-31T23:07:40.722+0000: 1012.295: Total time for which application threads were stopped: 0.0002122 seconds, Stopping threads took: 0.0000487 seconds
2017-07-31T23:07:50.723+0000: 1022.296: Total time for which application threads were stopped: 0.0001645 seconds, Stopping threads took: 0.0000477 seconds
2017-07-31T23:07:52.723+0000: 1024.297: Total time for which application threads were stopped: 0.0002521 seconds, Stopping threads took: 0.0001061 seconds
2017-07-31T23:07:53.724+0000: 1025.297: Total time for which application threads were stopped: 0.0001809 seconds, Stopping threads took: 0.0000463 seconds
2017-07-31T23:08:01.725+0000: 1033.298: Total time for which application threads were stopped: 0.0001739 seconds, Stopping threads took: 0.0000495 seconds
2017-07-31T23:08:02.725+0000: 1034.298: Total time for which application threads were stopped: 0.0001515 seconds, Stopping threads took: 0.0000448 seconds
2017-07-31T23:08:04.725+0000: 1036.299: Total time for which application threads were stopped: 0.0001544 seconds, Stopping threads took: 0.0000486 seconds
2017-07-31T23:08:18.727+0000: 1050.301: Total time for which application threads were stopped: 0.0001556 seconds, Stopping threads took: 0.0000476 seconds
2017-07-31T23:08:19.728+0000: 1051.301: Total time for which application threads were stopped: 0.0001633 seconds, Stopping threads took: 0.0000447 seconds
2017-07-31T23:08:21.728+0000: 1053.301: Total time for which application threads were stopped: 0.0001481 seconds, Stopping threads took: 0.0000456 seconds
2017-07-31T23:08:23.728+0000: 1055.301: Total time for which application threads were stopped: 0.0001705 seconds, Stopping threads took: 0.0000448 seconds
2017-07-31T23:08:30.729+0000: 1062.302: Total time for which application threads were stopped: 0.0001789 seconds, Stopping threads took: 0.0000573 seconds
2017-07-31T23:08:33.730+0000: 1065.303: Total time for which application threads were stopped: 0.0001378 seconds, Stopping threads took: 0.0000421 seconds
2017-07-31T23:08:42.731+0000: 1074.304: Total time for which application threads were stopped: 0.0001737 seconds, Stopping threads took: 0.0000476 seconds
{Heap before GC invocations=47 (full 2):
 par new generation   total 153344K, used 143649K [0x0000000080000000, 0x000000008a660000, 0x000000008a660000)
  eden space 136320K, 100% used [0x0000000080000000, 0x0000000088520000, 0x0000000088520000)
  from space 17024K,  43% used [0x00000000895c0000, 0x0000000089ce84f0, 0x000000008a660000)
  to   space 17024K,   0% used [0x0000000088520000, 0x0000000088520000, 0x00000000895c0000)
 concurrent mark-sweep generation total 1926784K, used 178037K [0x000000008a660000, 0x0000000100000000, 0x0000000100000000)
 Metaspace       used 85159K, capacity 90944K, committed 91288K, reserved 1130496K
  class space    used 10400K, capacity 10793K, committed 10912K, reserved 1048576K
2017-07-31T23:08:44.244+0000: 1075.818: [GC (Allocation Failure) Before GC:
Statistics for BinaryTreeDictionary:
------------------------------------
Total Free Space: 223699414
Max   Chunk Size: 223699414
Number of Blocks: 1
Av.  Block  Size: 223699414
Tree      Height: 1
2017-07-31T23:08:44.245+0000: 1075.818: [ParNew
Desired survivor size 8716288 bytes, new threshold 6 (max 6)
- age   1:    1461376 bytes,    1461376 total
- age   2:     880200 bytes,    2341576 total
- age   3:     692032 bytes,    3033608 total
- age   4:     574000 bytes,    3607608 total
- age   5:     644896 bytes,    4252504 total
- age   6:     630168 bytes,    4882672 total
: 143649K->7151K(153344K), 0.0229558 secs] 321686K->185836K(2080128K)After GC:
Statistics for BinaryTreeDictionary:
------------------------------------
Total Free Space: 223617691
Max   Chunk Size: 223617691
Number of Blocks: 1
Av.  Block  Size: 223617691
Tree      Height: 1
, 0.0230573 secs] [Times: user=0.06 sys=0.00, real=0.02 secs] 
Heap after GC invocations=48 (full 2):
 par new generation   total 153344K, used 7151K [0x0000000080000000, 0x000000008a660000, 0x000000008a660000)
  eden space 136320K,   0% used [0x0000000080000000, 0x0000000080000000, 0x0000000088520000)
  from space 17024K,  42% used [0x0000000088520000, 0x0000000088c1bff8, 0x00000000895c0000)
  to   space 17024K,   0% used [0x00000000895c0000, 0x00000000895c0000, 0x000000008a660000)
 concurrent mark-sweep generation total 1926784K, used 178684K [0x000000008a660000, 0x0000000100000000, 0x0000000100000000)
 Metaspace       used 85159K, capacity 90944K, committed 91288K, reserved 1130496K
  class space    used 10400K, capacity 10793K, committed 10912K, reserved 1048576K
}
2017-07-31T23:08:44.268+0000: 1075.841: Total time for which application threads were stopped: 0.0233115 seconds, Stopping threads took: 0.0000417 seconds
2017-07-31T23:08:44.273+0000: 1075.846: Total time for which application threads were stopped: 0.0001699 seconds, Stopping threads took: 0.0000496 seconds
2017-07-31T23:08:44.273+0000: 1075.846: Total time for which application threads were stopped: 0.0000817 seconds, Stopping threads took: 0.0000231 seconds
2017-07-31T23:08:44.273+0000: 1075.847: Total time for which application threads were stopped: 0.0000918 seconds, Stopping threads took: 0.0000237 seconds
2017-07-31T23:08:44.273+0000: 1075.847: Total time for which application threads were stopped: 0.0000762 seconds, Stopping threads took: 0.0000262 seconds
2017-07-31T23:08:44.273+0000: 1075.847: Total time for which application threads were stopped: 0.0000708 seconds, Stopping threads took: 0.0000207 seconds
2017-07-31T23:08:44.274+0000: 1075.847: Total time for which application threads were stopped: 0.0001102 seconds, Stopping threads took: 0.0000500 seconds
2017-07-31T23:08:44.274+0000: 1075.847: Total time for which application threads were stopped: 0.0001038 seconds, Stopping threads took: 0.0000451 seconds
2017-07-31T23:08:44.274+0000: 1075.847: Total time for which application threads were stopped: 0.0000780 seconds, Stopping threads took: 0.0000198 seconds
2017-07-31T23:08:44.274+0000: 1075.847: Total time for which application threads were stopped: 0.0001169 seconds, Stopping threads took: 0.0000565 seconds
2017-07-31T23:08:44.274+0000: 1075.847: Total time for which application threads were stopped: 0.0000698 seconds, Stopping threads took: 0.0000210 seconds
2017-07-31T23:08:44.274+0000: 1075.847: Total time for which application threads were stopped: 0.0001024 seconds, Stopping threads took: 0.0000429 seconds
2017-07-31T23:08:44.274+0000: 1075.848: Total time for which application threads were stopped: 0.0000689 seconds, Stopping threads took: 0.0000200 seconds
2017-07-31T23:08:44.274+0000: 1075.848: Total time for which application threads were stopped: 0.0001237 seconds, Stopping threads took: 0.0000576 seconds
2017-07-31T23:08:44.275+0000: 1075.848: Total time for which application threads were stopped: 0.0001027 seconds, Stopping threads took: 0.0000434 seconds
2017-07-31T23:08:44.275+0000: 1075.848: Total time for which application threads were stopped: 0.0000694 seconds, Stopping threads took: 0.0000204 seconds
2017-07-31T23:08:44.275+0000: 1075.848: Total time for which application threads were stopped: 0.0001282 seconds, Stopping threads took: 0.0000684 seconds
2017-07-31T23:08:44.275+0000: 1075.848: Total time for which application threads were stopped: 0.0001028 seconds, Stopping threads took: 0.0000438 seconds
2017-07-31T23:08:44.275+0000: 1075.848: Total time for which application threads were stopped: 0.0000676 seconds, Stopping threads took: 0.0000186 seconds
2017-07-31T23:08:44.275+0000: 1075.848: Total time for which application threads were stopped: 0.0001154 seconds, Stopping threads took: 0.0000563 seconds
2017-07-31T23:08:44.275+0000: 1075.849: Total time for which application threads were stopped: 0.0002267 seconds, Stopping threads took: 0.0000461 seconds
2017-07-31T23:08:47.276+0000: 1078.849: Total time for which application threads were stopped: 0.0001543 seconds, Stopping threads took: 0.0000501 seconds
2017-07-31T23:08:51.277+0000: 1082.850: Total time for which application threads were stopped: 0.0001691 seconds, Stopping threads took: 0.0000463 seconds
2017-07-31T23:08:57.278+0000: 1088.851: Total time for which application threads were stopped: 0.0002056 seconds, Stopping threads took: 0.0000735 seconds
2017-07-31T23:08:58.278+0000: 1089.852: Total time for which application threads were stopped: 0.0002843 seconds, Stopping threads took: 0.0001296 seconds
2017-07-31T23:08:59.279+0000: 1090.852: Total time for which application threads were stopped: 0.0001850 seconds, Stopping threads took: 0.0000716 seconds
2017-07-31T23:09:00.279+0000: 1091.852: Total time for which application threads were stopped: 0.0001791 seconds, Stopping threads took: 0.0000737 seconds
2017-07-31T23:09:02.279+0000: 1093.853: Total time for which application threads were stopped: 0.0001715 seconds, Stopping threads took: 0.0000443 seconds
2017-07-31T23:09:12.281+0000: 1103.854: Total time for which application threads were stopped: 0.0001731 seconds, Stopping threads took: 0.0000665 seconds
2017-07-31T23:09:13.281+0000: 1104.854: Total time for which application threads were stopped: 0.0001309 seconds, Stopping threads took: 0.0000406 seconds
2017-07-31T23:09:24.282+0000: 1115.856: Total time for which application threads were stopped: 0.0001513 seconds, Stopping threads took: 0.0000470 seconds
2017-07-31T23:09:37.291+0000: 1128.864: Total time for which application threads were stopped: 0.0001976 seconds, Stopping threads took: 0.0000612 seconds
2017-07-31T23:09:41.291+0000: 1132.865: Total time for which application threads were stopped: 0.0001467 seconds, Stopping threads took: 0.0000479 seconds
2017-07-31T23:09:47.386+0000: 1138.960: Total time for which application threads were stopped: 0.0002567 seconds, Stopping threads took: 0.0000456 seconds
2017-07-31T23:09:47.387+0000: 1138.960: Total time for which application threads were stopped: 0.0001137 seconds, Stopping threads took: 0.0000230 seconds
2017-07-31T23:09:47.387+0000: 1138.960: Total time for which application threads were stopped: 0.0001246 seconds, Stopping threads took: 0.0000223 seconds
2017-07-31T23:09:47.387+0000: 1138.960: Total time for which application threads were stopped: 0.0001017 seconds, Stopping threads took: 0.0000224 seconds
2017-07-31T23:09:47.387+0000: 1138.960: Total time for which application threads were stopped: 0.0001045 seconds, Stopping threads took: 0.0000244 seconds
2017-07-31T23:09:47.387+0000: 1138.961: Total time for which application threads were stopped: 0.0001302 seconds, Stopping threads took: 0.0000191 seconds
2017-07-31T23:09:48.407+0000: 1139.980: Total time for which application threads were stopped: 0.0002071 seconds, Stopping threads took: 0.0000707 seconds
2017-07-31T23:09:48.407+0000: 1139.980: Total time for which application threads were stopped: 0.0000781 seconds, Stopping threads took: 0.0000202 seconds
2017-07-31T23:09:48.407+0000: 1139.980: Total time for which application threads were stopped: 0.0001006 seconds, Stopping threads took: 0.0000384 seconds
2017-07-31T23:09:48.407+0000: 1139.980: Total time for which application threads were stopped: 0.0000756 seconds, Stopping threads took: 0.0000192 seconds
2017-07-31T23:09:48.407+0000: 1139.980: Total time for which application threads were stopped: 0.0001000 seconds, Stopping threads took: 0.0000219 seconds
2017-07-31T23:09:48.407+0000: 1139.981: Total time for which application threads were stopped: 0.0000745 seconds, Stopping threads took: 0.0000191 seconds
{Heap before GC invocations=48 (full 2):
 par new generation   total 153344K, used 143471K [0x0000000080000000, 0x000000008a660000, 0x000000008a660000)
  eden space 136320K, 100% used [0x0000000080000000, 0x0000000088520000, 0x0000000088520000)
  from space 17024K,  42% used [0x0000000088520000, 0x0000000088c1bff8, 0x00000000895c0000)
  to   space 17024K,   0% used [0x00000000895c0000, 0x00000000895c0000, 0x000000008a660000)
 concurrent mark-sweep generation total 1926784K, used 178684K [0x000000008a660000, 0x0000000100000000, 0x0000000100000000)
 Metaspace       used 85161K, capacity 90944K, committed 91288K, reserved 1130496K
  class space    used 10400K, capacity 10793K, committed 10912K, reserved 1048576K
2017-07-31T23:09:53.630+0000: 1145.203: [GC (Allocation Failure) Before GC:
Statistics for BinaryTreeDictionary:
------------------------------------
Total Free Space: 223617691
Max   Chunk Size: 223617691
Number of Blocks: 1
Av.  Block  Size: 223617691
Tree      Height: 1
2017-07-31T23:09:53.630+0000: 1145.203: [ParNew
Desired survivor size 8716288 bytes, new threshold 6 (max 6)
- age   1:    1406768 bytes,    1406768 total
- age   2:     734088 bytes,    2140856 total
- age   3:     825528 bytes,    2966384 total
- age   4:     666664 bytes,    3633048 total
- age   5:     562920 bytes,    4195968 total
- age   6:     636056 bytes,    4832024 total
: 143471K->7147K(153344K), 0.0235237 secs] 322156K->186455K(2080128K)After GC:
Statistics for BinaryTreeDictionary:
------------------------------------
Total Free Space: 223536583
Max   Chunk Size: 223536583
Number of Blocks: 1
Av.  Block  Size: 223536583
Tree      Height: 1
, 0.0235994 secs] [Times: user=0.06 sys=0.00, real=0.03 secs] 
Heap after GC invocations=49 (full 2):
 par new generation   total 153344K, used 7147K [0x0000000080000000, 0x000000008a660000, 0x000000008a660000)
  eden space 136320K,   0% used [0x0000000080000000, 0x0000000080000000, 0x0000000088520000)
  from space 17024K,  41% used [0x00000000895c0000, 0x0000000089cbadf0, 0x000000008a660000)
  to   space 17024K,   0% used [0x0000000088520000, 0x0000000088520000, 0x00000000895c0000)
 concurrent mark-sweep generation total 1926784K, used 179307K [0x000000008a660000, 0x0000000100000000, 0x0000000100000000)
 Metaspace       used 85161K, capacity 90944K, committed 91288K, reserved 1130496K
  class space    used 10400K, capacity 10793K, committed 10912K, reserved 1048576K
}
2017-07-31T23:09:53.653+0000: 1145.226: Total time for which application threads were stopped: 0.0238834 seconds, Stopping threads took: 0.0000635 seconds
2017-07-31T23:09:53.656+0000: 1145.229: Total time for which application threads were stopped: 0.0001720 seconds, Stopping threads took: 0.0000622 seconds
2017-07-31T23:09:53.656+0000: 1145.229: Total time for which application threads were stopped: 0.0000816 seconds, Stopping threads took: 0.0000247 seconds
2017-07-31T23:09:53.657+0000: 1145.230: Total time for which application threads were stopped: 0.0001354 seconds, Stopping threads took: 0.0000584 seconds
2017-07-31T23:09:53.657+0000: 1145.231: Total time for which application threads were stopped: 0.0001136 seconds, Stopping threads took: 0.0000335 seconds
2017-07-31T23:09:53.657+0000: 1145.231: Total time for which application threads were stopped: 0.0001183 seconds, Stopping threads took: 0.0000519 seconds
2017-07-31T23:09:53.658+0000: 1145.231: Total time for which application threads were stopped: 0.0001104 seconds, Stopping threads took: 0.0000412 seconds
2017-07-31T23:09:53.658+0000: 1145.231: Total time for which application threads were stopped: 0.0001248 seconds, Stopping threads took: 0.0000508 seconds
2017-07-31T23:09:53.658+0000: 1145.231: Total time for which application threads were stopped: 0.0000754 seconds, Stopping threads took: 0.0000211 seconds
2017-07-31T23:09:53.658+0000: 1145.231: Total time for which application threads were stopped: 0.0001088 seconds, Stopping threads took: 0.0000445 seconds
2017-07-31T23:09:53.659+0000: 1145.233: Total time for which application threads were stopped: 0.0001122 seconds, Stopping threads took: 0.0000292 seconds
2017-07-31T23:09:53.660+0000: 1145.233: Total time for which application threads were stopped: 0.0001009 seconds, Stopping threads took: 0.0000461 seconds
2017-07-31T23:09:53.660+0000: 1145.233: Total time for which application threads were stopped: 0.0001189 seconds, Stopping threads took: 0.0000412 seconds
2017-07-31T23:09:53.660+0000: 1145.234: Total time for which application threads were stopped: 0.0001067 seconds, Stopping threads took: 0.0000414 seconds
2017-07-31T23:09:53.660+0000: 1145.234: Total time for which application threads were stopped: 0.0000756 seconds, Stopping threads took: 0.0000226 seconds
2017-07-31T23:09:53.661+0000: 1145.235: Total time for which application threads were stopped: 0.0009554 seconds, Stopping threads took: 0.0008909 seconds
2017-07-31T23:09:53.662+0000: 1145.235: Total time for which application threads were stopped: 0.0001077 seconds, Stopping threads took: 0.0000436 seconds
2017-07-31T23:09:53.662+0000: 1145.235: Total time for which application threads were stopped: 0.0001120 seconds, Stopping threads took: 0.0000454 seconds
2017-07-31T23:09:53.662+0000: 1145.235: Total time for which application threads were stopped: 0.0001059 seconds, Stopping threads took: 0.0000418 seconds
2017-07-31T23:09:53.662+0000: 1145.236: Total time for which application threads were stopped: 0.0000776 seconds, Stopping threads took: 0.0000235 seconds
2017-07-31T23:09:53.663+0000: 1145.236: Total time for which application threads were stopped: 0.0003081 seconds, Stopping threads took: 0.0000662 seconds
2017-07-31T23:09:59.663+0000: 1151.237: Total time for which application threads were stopped: 0.0001636 seconds, Stopping threads took: 0.0000457 seconds
2017-07-31T23:10:02.664+0000: 1154.237: Total time for which application threads were stopped: 0.0001895 seconds, Stopping threads took: 0.0000725 seconds
2017-07-31T23:10:05.664+0000: 1157.238: Total time for which application threads were stopped: 0.0001522 seconds, Stopping threads took: 0.0000410 seconds
2017-07-31T23:10:06.664+0000: 1158.238: Total time for which application threads were stopped: 0.0001680 seconds, Stopping threads took: 0.0000463 seconds
2017-07-31T23:10:07.665+0000: 1159.238: Total time for which application threads were stopped: 0.0001508 seconds, Stopping threads took: 0.0000485 seconds
2017-07-31T23:10:23.667+0000: 1175.240: Total time for which application threads were stopped: 0.0002068 seconds, Stopping threads took: 0.0000447 seconds
2017-07-31T23:10:26.667+0000: 1178.241: Total time for which application threads were stopped: 0.0001552 seconds, Stopping threads took: 0.0000486 seconds
2017-07-31T23:10:27.668+0000: 1179.241: Total time for which application threads were stopped: 0.0001810 seconds, Stopping threads took: 0.0000458 seconds
2017-07-31T23:10:37.669+0000: 1189.242: Total time for which application threads were stopped: 0.0001684 seconds, Stopping threads took: 0.0000468 seconds
2017-07-31T23:10:53.671+0000: 1205.244: Total time for which application threads were stopped: 0.0001728 seconds, Stopping threads took: 0.0000478 seconds
{Heap before GC invocations=49 (full 2):
 par new generation   total 153344K, used 143467K [0x0000000080000000, 0x000000008a660000, 0x000000008a660000)
  eden space 136320K, 100% used [0x0000000080000000, 0x0000000088520000, 0x0000000088520000)
  from space 17024K,  41% used [0x00000000895c0000, 0x0000000089cbadf0, 0x000000008a660000)
  to   space 17024K,   0% used [0x0000000088520000, 0x0000000088520000, 0x00000000895c0000)
 concurrent mark-sweep generation total 1926784K, used 179307K [0x000000008a660000, 0x0000000100000000, 0x0000000100000000)
 Metaspace       used 85172K, capacity 91008K, committed 91288K, reserved 1130496K
  class space    used 10400K, capacity 10793K, committed 10912K, reserved 1048576K
2017-07-31T23:11:08.285+0000: 1219.859: [GC (Allocation Failure) Before GC:
Statistics for BinaryTreeDictionary:
------------------------------------
Total Free Space: 223536583
Max   Chunk Size: 223536583
Number of Blocks: 1
Av.  Block  Size: 223536583
Tree      Height: 1
2017-07-31T23:11:08.285+0000: 1219.859: [ParNew
Desired survivor size 8716288 bytes, new threshold 6 (max 6)
- age   1:    1625184 bytes,    1625184 total
- age   2:     663240 bytes,    2288424 total
- age   3:     668096 bytes,    2956520 total
- age   4:     739936 bytes,    3696456 total
- age   5:     650112 bytes,    4346568 total
- age   6:     554616 bytes,    4901184 total
: 143467K->7187K(153344K), 0.0243203 secs] 322775K->187122K(2080128K)After GC:
Statistics for BinaryTreeDictionary:
------------------------------------
Total Free Space: 223457474
Max   Chunk Size: 223457474
Number of Blocks: 1
Av.  Block  Size: 223457474
Tree      Height: 1
, 0.0244200 secs] [Times: user=0.06 sys=0.00, real=0.02 secs] 
Heap after GC invocations=50 (full 2):
 par new generation   total 153344K, used 7187K [0x0000000080000000, 0x000000008a660000, 0x000000008a660000)
  eden space 136320K,   0% used [0x0000000080000000, 0x0000000080000000, 0x0000000088520000)
  from space 17024K,  42% used [0x0000000088520000, 0x0000000088c24d40, 0x00000000895c0000)
  to   space 17024K,   0% used [0x00000000895c0000, 0x00000000895c0000, 0x000000008a660000)
 concurrent mark-sweep generation total 1926784K, used 179934K [0x000000008a660000, 0x0000000100000000, 0x0000000100000000)
 Metaspace       used 85172K, capacity 91008K, committed 91288K, reserved 1130496K
  class space    used 10400K, capacity 10793K, committed 10912K, reserved 1048576K
}
2017-07-31T23:11:08.310+0000: 1219.883: Total time for which application threads were stopped: 0.0246424 seconds, Stopping threads took: 0.0000479 seconds
2017-07-31T23:11:08.317+0000: 1219.890: Total time for which application threads were stopped: 0.0001747 seconds, Stopping threads took: 0.0000575 seconds
2017-07-31T23:11:08.318+0000: 1219.891: Total time for which application threads were stopped: 0.0000759 seconds, Stopping threads took: 0.0000228 seconds
2017-07-31T23:11:08.318+0000: 1219.891: Total time for which application threads were stopped: 0.0000913 seconds, Stopping threads took: 0.0000333 seconds
2017-07-31T23:11:08.318+0000: 1219.891: Total time for which application threads were stopped: 0.0000973 seconds, Stopping threads took: 0.0000211 seconds
2017-07-31T23:11:08.318+0000: 1219.891: Total time for which application threads were stopped: 0.0001032 seconds, Stopping threads took: 0.0000225 seconds
2017-07-31T23:11:08.318+0000: 1219.892: Total time for which application threads were stopped: 0.0001532 seconds, Stopping threads took: 0.0000865 seconds
2017-07-31T23:11:08.319+0000: 1219.892: Total time for which application threads were stopped: 0.0001069 seconds, Stopping threads took: 0.0000291 seconds
2017-07-31T23:11:08.319+0000: 1219.892: Total time for which application threads were stopped: 0.0000774 seconds, Stopping threads took: 0.0000283 seconds
2017-07-31T23:11:08.319+0000: 1219.892: Total time for which application threads were stopped: 0.0000896 seconds, Stopping threads took: 0.0000213 seconds
2017-07-31T23:11:08.319+0000: 1219.892: Total time for which application threads were stopped: 0.0000709 seconds, Stopping threads took: 0.0000228 seconds
2017-07-31T23:11:08.319+0000: 1219.892: Total time for which application threads were stopped: 0.0001216 seconds, Stopping threads took: 0.0000617 seconds
2017-07-31T23:11:08.320+0000: 1219.893: Total time for which application threads were stopped: 0.0000756 seconds, Stopping threads took: 0.0000210 seconds
2017-07-31T23:11:08.320+0000: 1219.893: Total time for which application threads were stopped: 0.0000938 seconds, Stopping threads took: 0.0000222 seconds
2017-07-31T23:11:08.320+0000: 1219.893: Total time for which application threads were stopped: 0.0000871 seconds, Stopping threads took: 0.0000222 seconds
2017-07-31T23:11:08.321+0000: 1219.894: Total time for which application threads were stopped: 0.0009406 seconds, Stopping threads took: 0.0008786 seconds
2017-07-31T23:11:08.321+0000: 1219.894: Total time for which application threads were stopped: 0.0000913 seconds, Stopping threads took: 0.0000256 seconds
2017-07-31T23:11:08.321+0000: 1219.895: Total time for which application threads were stopped: 0.0000962 seconds, Stopping threads took: 0.0000271 seconds
2017-07-31T23:11:08.322+0000: 1219.895: Total time for which application threads were stopped: 0.0001301 seconds, Stopping threads took: 0.0000645 seconds
2017-07-31T23:11:08.322+0000: 1219.895: Total time for which application threads were stopped: 0.0001118 seconds, Stopping threads took: 0.0000224 seconds
2017-07-31T23:11:08.322+0000: 1219.895: Total time for which application threads were stopped: 0.0002402 seconds, Stopping threads took: 0.0000202 seconds
2017-07-31T23:11:09.322+0000: 1220.896: Total time for which application threads were stopped: 0.0001563 seconds, Stopping threads took: 0.0000558 seconds
2017-07-31T23:11:27.325+0000: 1238.898: Total time for which application threads were stopped: 0.0001639 seconds, Stopping threads took: 0.0000455 seconds
2017-07-31T23:11:29.325+0000: 1240.898: Total time for which application threads were stopped: 0.0001737 seconds, Stopping threads took: 0.0000718 seconds
2017-07-31T23:11:30.325+0000: 1241.899: Total time for which application threads were stopped: 0.0001782 seconds, Stopping threads took: 0.0000456 seconds
2017-07-31T23:11:41.327+0000: 1252.900: Total time for which application threads were stopped: 0.0002078 seconds, Stopping threads took: 0.0000751 seconds
2017-07-31T23:12:06.330+0000: 1277.903: Total time for which application threads were stopped: 0.0001563 seconds, Stopping threads took: 0.0000439 seconds
2017-07-31T23:12:12.331+0000: 1283.904: Total time for which application threads were stopped: 0.0001747 seconds, Stopping threads took: 0.0000589 seconds
2017-07-31T23:12:14.331+0000: 1285.904: Total time for which application threads were stopped: 0.0001899 seconds, Stopping threads took: 0.0000653 seconds
2017-07-31T23:12:15.331+0000: 1286.905: Total time for which application threads were stopped: 0.0001754 seconds, Stopping threads took: 0.0000460 seconds
{Heap before GC invocations=50 (full 2):
 par new generation   total 153344K, used 143507K [0x0000000080000000, 0x000000008a660000, 0x000000008a660000)
  eden space 136320K, 100% used [0x0000000080000000, 0x0000000088520000, 0x0000000088520000)
  from space 17024K,  42% used [0x0000000088520000, 0x0000000088c24d40, 0x00000000895c0000)
  to   space 17024K,   0% used [0x00000000895c0000, 0x00000000895c0000, 0x000000008a660000)
 concurrent mark-sweep generation total 1926784K, used 179934K [0x000000008a660000, 0x0000000100000000, 0x0000000100000000)
 Metaspace       used 85198K, capacity 91008K, committed 91288K, reserved 1130496K
  class space    used 10400K, capacity 10793K, committed 10912K, reserved 1048576K
2017-07-31T23:12:23.950+0000: 1295.523: [GC (Allocation Failure) Before GC:
Statistics for BinaryTreeDictionary:
------------------------------------
Total Free Space: 223457474
Max   Chunk Size: 223457474
Number of Blocks: 1
Av.  Block  Size: 223457474
Tree      Height: 1
2017-07-31T23:12:23.950+0000: 1295.523: [ParNew
Desired survivor size 8716288 bytes, new threshold 6 (max 6)
- age   1:    1468376 bytes,    1468376 total
- age   2:     878712 bytes,    2347088 total
- age   3:     600824 bytes,    2947912 total
- age   4:     637336 bytes,    3585248 total
- age   5:     630776 bytes,    4216024 total
- age   6:     640640 bytes,    4856664 total
: 143507K->7046K(153344K), 0.0230098 secs] 323442K->187529K(2080128K)After GC:
Statistics for BinaryTreeDictionary:
------------------------------------
Total Free Space: 223388404
Max   Chunk Size: 223388404
Number of Blocks: 1
Av.  Block  Size: 223388404
Tree      Height: 1
, 0.0231473 secs] [Times: user=0.05 sys=0.00, real=0.02 secs] 
Heap after GC invocations=51 (full 2):
 par new generation   total 153344K, used 7046K [0x0000000080000000, 0x000000008a660000, 0x000000008a660000)
  eden space 136320K,   0% used [0x0000000080000000, 0x0000000080000000, 0x0000000088520000)
  from space 17024K,  41% used [0x00000000895c0000, 0x0000000089ca1a28, 0x000000008a660000)
  to   space 17024K,   0% used [0x0000000088520000, 0x0000000088520000, 0x00000000895c0000)
 concurrent mark-sweep generation total 1926784K, used 180483K [0x000000008a660000, 0x0000000100000000, 0x0000000100000000)
 Metaspace       used 85198K, capacity 91008K, committed 91288K, reserved 1130496K
  class space    used 10400K, capacity 10793K, committed 10912K, reserved 1048576K
}
2017-07-31T23:12:23.973+0000: 1295.546: Total time for which application threads were stopped: 0.0234057 seconds, Stopping threads took: 0.0000303 seconds
2017-07-31T23:12:23.973+0000: 1295.547: Total time for which application threads were stopped: 0.0001698 seconds, Stopping threads took: 0.0000663 seconds
2017-07-31T23:12:23.974+0000: 1295.547: Total time for which application threads were stopped: 0.0001387 seconds, Stopping threads took: 0.0000765 seconds
2017-07-31T23:12:23.974+0000: 1295.547: Total time for which application threads were stopped: 0.0001332 seconds, Stopping threads took: 0.0000697 seconds
2017-07-31T23:12:23.974+0000: 1295.547: Total time for which application threads were stopped: 0.0000754 seconds, Stopping threads took: 0.0000220 seconds
2017-07-31T23:12:23.974+0000: 1295.547: Total time for which application threads were stopped: 0.0000722 seconds, Stopping threads took: 0.0000226 seconds
2017-07-31T23:12:23.974+0000: 1295.548: Total time for which application threads were stopped: 0.0001084 seconds, Stopping threads took: 0.0000397 seconds
2017-07-31T23:12:23.975+0000: 1295.548: Total time for which application threads were stopped: 0.0001138 seconds, Stopping threads took: 0.0000468 seconds
2017-07-31T23:12:23.975+0000: 1295.548: Total time for which application threads were stopped: 0.0000686 seconds, Stopping threads took: 0.0000133 seconds
2017-07-31T23:12:23.975+0000: 1295.548: Total time for which application threads were stopped: 0.0000722 seconds, Stopping threads took: 0.0000232 seconds
2017-07-31T23:12:23.975+0000: 1295.548: Total time for which application threads were stopped: 0.0000970 seconds, Stopping threads took: 0.0000208 seconds
2017-07-31T23:12:23.975+0000: 1295.549: Total time for which application threads were stopped: 0.0000695 seconds, Stopping threads took: 0.0000203 seconds
2017-07-31T23:12:23.975+0000: 1295.549: Total time for which application threads were stopped: 0.0001075 seconds, Stopping threads took: 0.0000193 seconds
2017-07-31T23:12:23.976+0000: 1295.549: Total time for which application threads were stopped: 0.0000727 seconds, Stopping threads took: 0.0000230 seconds
2017-07-31T23:12:23.976+0000: 1295.549: Total time for which application threads were stopped: 0.0000974 seconds, Stopping threads took: 0.0000214 seconds
2017-07-31T23:12:23.976+0000: 1295.549: Total time for which application threads were stopped: 0.0000678 seconds, Stopping threads took: 0.0000197 seconds
2017-07-31T23:12:23.976+0000: 1295.549: Total time for which application threads were stopped: 0.0000923 seconds, Stopping threads took: 0.0000231 seconds
2017-07-31T23:12:23.976+0000: 1295.549: Total time for which application threads were stopped: 0.0000863 seconds, Stopping threads took: 0.0000193 seconds
2017-07-31T23:12:23.976+0000: 1295.549: Total time for which application threads were stopped: 0.0000699 seconds, Stopping threads took: 0.0000208 seconds
2017-07-31T23:12:23.976+0000: 1295.550: Total time for which application threads were stopped: 0.0000904 seconds, Stopping threads took: 0.0000407 seconds
2017-07-31T23:12:23.977+0000: 1295.550: Total time for which application threads were stopped: 0.0002202 seconds, Stopping threads took: 0.0000300 seconds
2017-07-31T23:12:27.980+0000: 1299.554: Total time for which application threads were stopped: 0.0001714 seconds, Stopping threads took: 0.0000438 seconds
2017-07-31T23:12:29.981+0000: 1301.554: Total time for which application threads were stopped: 0.0001718 seconds, Stopping threads took: 0.0000418 seconds
2017-07-31T23:12:38.984+0000: 1310.557: Total time for which application threads were stopped: 0.0001954 seconds, Stopping threads took: 0.0000483 seconds
2017-07-31T23:12:42.984+0000: 1314.558: Total time for which application threads were stopped: 0.0002483 seconds, Stopping threads took: 0.0000761 seconds
2017-07-31T23:12:51.986+0000: 1323.559: Total time for which application threads were stopped: 0.0001965 seconds, Stopping threads took: 0.0000445 seconds
2017-07-31T23:12:53.986+0000: 1325.560: Total time for which application threads were stopped: 0.0001697 seconds, Stopping threads took: 0.0000612 seconds
2017-07-31T23:12:55.987+0000: 1327.560: Total time for which application threads were stopped: 0.0001769 seconds, Stopping threads took: 0.0000571 seconds
2017-07-31T23:13:20.990+0000: 1352.563: Total time for which application threads were stopped: 0.0002383 seconds, Stopping threads took: 0.0000665 seconds
2017-07-31T23:13:21.990+0000: 1353.563: Total time for which application threads were stopped: 0.0001464 seconds, Stopping threads took: 0.0000450 seconds
2017-07-31T23:13:22.990+0000: 1354.564: Total time for which application threads were stopped: 0.0001621 seconds, Stopping threads took: 0.0000560 seconds
{Heap before GC invocations=51 (full 2):
 par new generation   total 153344K, used 143366K [0x0000000080000000, 0x000000008a660000, 0x000000008a660000)
  eden space 136320K, 100% used [0x0000000080000000, 0x0000000088520000, 0x0000000088520000)
  from space 17024K,  41% used [0x00000000895c0000, 0x0000000089ca1a28, 0x000000008a660000)
  to   space 17024K,   0% used [0x0000000088520000, 0x0000000088520000, 0x00000000895c0000)
 concurrent mark-sweep generation total 1926784K, used 180483K [0x000000008a660000, 0x0000000100000000, 0x0000000100000000)
 Metaspace       used 85211K, capacity 91008K, committed 91288K, reserved 1130496K
  class space    used 10401K, capacity 10793K, committed 10912K, reserved 1048576K
2017-07-31T23:13:39.772+0000: 1371.346: [GC (Allocation Failure) Before GC:
Statistics for BinaryTreeDictionary:
------------------------------------
Total Free Space: 223388404
Max   Chunk Size: 223388404
Number of Blocks: 1
Av.  Block  Size: 223388404
Tree      Height: 1
2017-07-31T23:13:39.772+0000: 1371.346: [ParNew
Desired survivor size 8716288 bytes, new threshold 6 (max 6)
- age   1:    1489920 bytes,    1489920 total
- age   2:     728624 bytes,    2218544 total
- age   3:     821008 bytes,    3039552 total
- age   4:     574192 bytes,    3613744 total
- age   5:     622032 bytes,    4235776 total
- age   6:     620440 bytes,    4856216 total
: 143366K->7097K(153344K), 0.0233983 secs] 323849K->188213K(2080128K)After GC:
Statistics for BinaryTreeDictionary:
------------------------------------
Total Free Space: 223308300
Max   Chunk Size: 223308300
Number of Blocks: 1
Av.  Block  Size: 223308300
Tree      Height: 1
, 0.0234816 secs] [Times: user=0.05 sys=0.00, real=0.03 secs] 
Heap after GC invocations=52 (full 2):
 par new generation   total 153344K, used 7097K [0x0000000080000000, 0x000000008a660000, 0x000000008a660000)
  eden space 136320K,   0% used [0x0000000080000000, 0x0000000080000000, 0x0000000088520000)
  from space 17024K,  41% used [0x0000000088520000, 0x0000000088c0e418, 0x00000000895c0000)
  to   space 17024K,   0% used [0x00000000895c0000, 0x00000000895c0000, 0x000000008a660000)
 concurrent mark-sweep generation total 1926784K, used 181116K [0x000000008a660000, 0x0000000100000000, 0x0000000100000000)
 Metaspace       used 85211K, capacity 91008K, committed 91288K, reserved 1130496K
  class space    used 10401K, capacity 10793K, committed 10912K, reserved 1048576K
}
2017-07-31T23:13:39.796+0000: 1371.369: Total time for which application threads were stopped: 0.0237675 seconds, Stopping threads took: 0.0000843 seconds
2017-07-31T23:13:39.796+0000: 1371.370: Total time for which application threads were stopped: 0.0001674 seconds, Stopping threads took: 0.0000578 seconds
2017-07-31T23:13:39.796+0000: 1371.370: Total time for which application threads were stopped: 0.0001119 seconds, Stopping threads took: 0.0000347 seconds
2017-07-31T23:13:39.797+0000: 1371.370: Total time for which application threads were stopped: 0.0001137 seconds, Stopping threads took: 0.0000295 seconds
2017-07-31T23:13:39.797+0000: 1371.370: Total time for which application threads were stopped: 0.0001152 seconds, Stopping threads took: 0.0000525 seconds
2017-07-31T23:13:39.797+0000: 1371.370: Total time for which application threads were stopped: 0.0000704 seconds, Stopping threads took: 0.0000193 seconds
2017-07-31T23:13:39.797+0000: 1371.371: Total time for which application threads were stopped: 0.0000890 seconds, Stopping threads took: 0.0000168 seconds
2017-07-31T23:13:39.797+0000: 1371.371: Total time for which application threads were stopped: 0.0000859 seconds, Stopping threads took: 0.0000265 seconds
2017-07-31T23:13:39.797+0000: 1371.371: Total time for which application threads were stopped: 0.0000710 seconds, Stopping threads took: 0.0000219 seconds
2017-07-31T23:13:39.798+0000: 1371.371: Total time for which application threads were stopped: 0.0000695 seconds, Stopping threads took: 0.0000223 seconds
2017-07-31T23:13:39.798+0000: 1371.371: Total time for which application threads were stopped: 0.0001040 seconds, Stopping threads took: 0.0000462 seconds
2017-07-31T23:13:39.798+0000: 1371.371: Total time for which application threads were stopped: 0.0000768 seconds, Stopping threads took: 0.0000273 seconds
2017-07-31T23:13:39.798+0000: 1371.371: Total time for which application threads were stopped: 0.0001091 seconds, Stopping threads took: 0.0000600 seconds
2017-07-31T23:13:39.798+0000: 1371.371: Total time for which application threads were stopped: 0.0000684 seconds, Stopping threads took: 0.0000211 seconds
2017-07-31T23:13:39.798+0000: 1371.372: Total time for which application threads were stopped: 0.0000655 seconds, Stopping threads took: 0.0000189 seconds
2017-07-31T23:13:39.798+0000: 1371.372: Total time for which application threads were stopped: 0.0001032 seconds, Stopping threads took: 0.0000264 seconds
2017-07-31T23:13:39.798+0000: 1371.372: Total time for which application threads were stopped: 0.0000892 seconds, Stopping threads took: 0.0000318 seconds
2017-07-31T23:13:39.799+0000: 1371.372: Total time for which application threads were stopped: 0.0000668 seconds, Stopping threads took: 0.0000198 seconds
2017-07-31T23:13:39.799+0000: 1371.372: Total time for which application threads were stopped: 0.0001202 seconds, Stopping threads took: 0.0000630 seconds
2017-07-31T23:13:39.799+0000: 1371.372: Total time for which application threads were stopped: 0.0000811 seconds, Stopping threads took: 0.0000241 seconds
2017-07-31T23:13:39.799+0000: 1371.372: Total time for which application threads were stopped: 0.0002573 seconds, Stopping threads took: 0.0000464 seconds
2017-07-31T23:13:45.800+0000: 1377.373: Total time for which application threads were stopped: 0.0001396 seconds, Stopping threads took: 0.0000443 seconds
2017-07-31T23:13:50.801+0000: 1382.374: Total time for which application threads were stopped: 0.0001567 seconds, Stopping threads took: 0.0000497 seconds
2017-07-31T23:13:54.801+0000: 1386.375: Total time for which application threads were stopped: 0.0002650 seconds, Stopping threads took: 0.0000718 seconds
2017-07-31T23:14:02.803+0000: 1394.376: Total time for which application threads were stopped: 0.0001696 seconds, Stopping threads took: 0.0000471 seconds
2017-07-31T23:14:05.803+0000: 1397.376: Total time for which application threads were stopped: 0.0001501 seconds, Stopping threads took: 0.0000480 seconds
2017-07-31T23:14:10.804+0000: 1402.377: Total time for which application threads were stopped: 0.0001656 seconds, Stopping threads took: 0.0000461 seconds
2017-07-31T23:14:12.804+0000: 1404.377: Total time for which application threads were stopped: 0.0001668 seconds, Stopping threads took: 0.0000676 seconds
2017-07-31T23:14:14.805+0000: 1406.378: Total time for which application threads were stopped: 0.0001403 seconds, Stopping threads took: 0.0000432 seconds
2017-07-31T23:14:17.805+0000: 1409.378: Total time for which application threads were stopped: 0.0001549 seconds, Stopping threads took: 0.0000469 seconds
2017-07-31T23:14:24.806+0000: 1416.379: Total time for which application threads were stopped: 0.0001517 seconds, Stopping threads took: 0.0000448 seconds
2017-07-31T23:14:25.806+0000: 1417.380: Total time for which application threads were stopped: 0.0001546 seconds, Stopping threads took: 0.0000559 seconds
2017-07-31T23:14:26.807+0000: 1418.380: Total time for which application threads were stopped: 0.0001545 seconds, Stopping threads took: 0.0000490 seconds
2017-07-31T23:14:27.807+0000: 1419.380: Total time for which application threads were stopped: 0.0001698 seconds, Stopping threads took: 0.0000481 seconds
2017-07-31T23:14:41.811+0000: 1433.384: Total time for which application threads were stopped: 0.0026749 seconds, Stopping threads took: 0.0025604 seconds
2017-07-31T23:14:47.812+0000: 1439.385: Total time for which application threads were stopped: 0.0002407 seconds, Stopping threads took: 0.0000741 seconds
{Heap before GC invocations=52 (full 2):
 par new generation   total 153344K, used 143417K [0x0000000080000000, 0x000000008a660000, 0x000000008a660000)
  eden space 136320K, 100% used [0x0000000080000000, 0x0000000088520000, 0x0000000088520000)
  from space 17024K,  41% used [0x0000000088520000, 0x0000000088c0e418, 0x00000000895c0000)
  to   space 17024K,   0% used [0x00000000895c0000, 0x00000000895c0000, 0x000000008a660000)
 concurrent mark-sweep generation total 1926784K, used 181116K [0x000000008a660000, 0x0000000100000000, 0x0000000100000000)
 Metaspace       used 85232K, capacity 91014K, committed 91288K, reserved 1130496K
  class space    used 10401K, capacity 10794K, committed 10912K, reserved 1048576K
2017-07-31T23:14:50.666+0000: 1442.239: [GC (Allocation Failure) Before GC:
Statistics for BinaryTreeDictionary:
------------------------------------
Total Free Space: 223308300
Max   Chunk Size: 223308300
Number of Blocks: 1
Av.  Block  Size: 223308300
Tree      Height: 1
2017-07-31T23:14:50.666+0000: 1442.239: [ParNew
Desired survivor size 8716288 bytes, new threshold 6 (max 6)
- age   1:    1564184 bytes,    1564184 total
- age   2:     745312 bytes,    2309496 total
- age   3:     670880 bytes,    2980376 total
- age   4:     737600 bytes,    3717976 total
- age   5:     560512 bytes,    4278488 total
- age   6:     613168 bytes,    4891656 total
: 143417K->7190K(153344K), 0.0352865 secs] 324533K->188919K(2080128K)After GC:
Statistics for BinaryTreeDictionary:
------------------------------------
Total Free Space: 223227577
Max   Chunk Size: 223227577
Number of Blocks: 1
Av.  Block  Size: 223227577
Tree      Height: 1
, 0.0353971 secs] [Times: user=0.06 sys=0.00, real=0.03 secs] 
Heap after GC invocations=53 (full 2):
 par new generation   total 153344K, used 7190K [0x0000000080000000, 0x000000008a660000, 0x000000008a660000)
  eden space 136320K,   0% used [0x0000000080000000, 0x0000000080000000, 0x0000000088520000)
  from space 17024K,  42% used [0x00000000895c0000, 0x0000000089cc5958, 0x000000008a660000)
  to   space 17024K,   0% used [0x0000000088520000, 0x0000000088520000, 0x00000000895c0000)
 concurrent mark-sweep generation total 1926784K, used 181728K [0x000000008a660000, 0x0000000100000000, 0x0000000100000000)
 Metaspace       used 85232K, capacity 91014K, committed 91288K, reserved 1130496K
  class space    used 10401K, capacity 10794K, committed 10912K, reserved 1048576K
}
2017-07-31T23:14:50.701+0000: 1442.274: Total time for which application threads were stopped: 0.0356795 seconds, Stopping threads took: 0.0000497 seconds
2017-07-31T23:14:50.711+0000: 1442.285: Total time for which application threads were stopped: 0.0012431 seconds, Stopping threads took: 0.0011105 seconds
2017-07-31T23:14:50.711+0000: 1442.285: Total time for which application threads were stopped: 0.0000898 seconds, Stopping threads took: 0.0000159 seconds
2017-07-31T23:14:50.712+0000: 1442.285: Total time for which application threads were stopped: 0.0000870 seconds, Stopping threads took: 0.0000142 seconds
2017-07-31T23:14:50.712+0000: 1442.285: Total time for which application threads were stopped: 0.0000873 seconds, Stopping threads took: 0.0000147 seconds
2017-07-31T23:14:50.712+0000: 1442.285: Total time for which application threads were stopped: 0.0000854 seconds, Stopping threads took: 0.0000136 seconds
2017-07-31T23:14:50.712+0000: 1442.285: Total time for which application threads were stopped: 0.0000986 seconds, Stopping threads took: 0.0000267 seconds
2017-07-31T23:14:50.712+0000: 1442.285: Total time for which application threads were stopped: 0.0000854 seconds, Stopping threads took: 0.0000141 seconds
2017-07-31T23:14:50.712+0000: 1442.285: Total time for which application threads were stopped: 0.0000846 seconds, Stopping threads took: 0.0000137 seconds
2017-07-31T23:14:50.712+0000: 1442.286: Total time for which application threads were stopped: 0.0000958 seconds, Stopping threads took: 0.0000244 seconds
2017-07-31T23:14:50.712+0000: 1442.286: Total time for which application threads were stopped: 0.0000857 seconds, Stopping threads took: 0.0000140 seconds
2017-07-31T23:14:50.712+0000: 1442.286: Total time for which application threads were stopped: 0.0000838 seconds, Stopping threads took: 0.0000135 seconds
2017-07-31T23:14:50.713+0000: 1442.286: Total time for which application threads were stopped: 0.0000962 seconds, Stopping threads took: 0.0000241 seconds
2017-07-31T23:14:50.713+0000: 1442.286: Total time for which application threads were stopped: 0.0000843 seconds, Stopping threads took: 0.0000138 seconds
2017-07-31T23:14:50.713+0000: 1442.286: Total time for which application threads were stopped: 0.0000844 seconds, Stopping threads took: 0.0000138 seconds
2017-07-31T23:14:50.713+0000: 1442.286: Total time for which application threads were stopped: 0.0000869 seconds, Stopping threads took: 0.0000147 seconds
2017-07-31T23:14:50.713+0000: 1442.286: Total time for which application threads were stopped: 0.0000843 seconds, Stopping threads took: 0.0000137 seconds
2017-07-31T23:14:50.713+0000: 1442.286: Total time for which application threads were stopped: 0.0000972 seconds, Stopping threads took: 0.0000247 seconds
2017-07-31T23:14:50.713+0000: 1442.287: Total time for which application threads were stopped: 0.0000859 seconds, Stopping threads took: 0.0000146 seconds
2017-07-31T23:14:50.713+0000: 1442.287: Total time for which application threads were stopped: 0.0000831 seconds, Stopping threads took: 0.0000131 seconds
2017-07-31T23:14:50.714+0000: 1442.287: Total time for which application threads were stopped: 0.0003176 seconds, Stopping threads took: 0.0000248 seconds
2017-07-31T23:14:52.714+0000: 1444.287: Total time for which application threads were stopped: 0.0001411 seconds, Stopping threads took: 0.0000436 seconds
2017-07-31T23:15:00.715+0000: 1452.288: Total time for which application threads were stopped: 0.0002264 seconds, Stopping threads took: 0.0000713 seconds
2017-07-31T23:15:01.715+0000: 1453.288: Total time for which application threads were stopped: 0.0001641 seconds, Stopping threads took: 0.0000457 seconds
2017-07-31T23:15:23.718+0000: 1475.291: Total time for which application threads were stopped: 0.0001644 seconds, Stopping threads took: 0.0000408 seconds
2017-07-31T23:15:24.718+0000: 1476.291: Total time for which application threads were stopped: 0.0001604 seconds, Stopping threads took: 0.0000419 seconds
2017-07-31T23:15:27.718+0000: 1479.292: Total time for which application threads were stopped: 0.0001673 seconds, Stopping threads took: 0.0000601 seconds
2017-07-31T23:15:30.719+0000: 1482.292: Total time for which application threads were stopped: 0.0001390 seconds, Stopping threads took: 0.0000436 seconds
2017-07-31T23:15:31.657+0000: 1483.230: Total time for which application threads were stopped: 0.0002073 seconds, Stopping threads took: 0.0000451 seconds
2017-07-31T23:15:31.657+0000: 1483.230: Total time for which application threads were stopped: 0.0001287 seconds, Stopping threads took: 0.0000197 seconds
2017-07-31T23:15:31.657+0000: 1483.230: Total time for which application threads were stopped: 0.0000974 seconds, Stopping threads took: 0.0000229 seconds
2017-07-31T23:15:31.657+0000: 1483.230: Total time for which application threads were stopped: 0.0000961 seconds, Stopping threads took: 0.0000211 seconds
2017-07-31T23:15:31.657+0000: 1483.231: Total time for which application threads were stopped: 0.0000961 seconds, Stopping threads took: 0.0000238 seconds
2017-07-31T23:15:31.657+0000: 1483.231: Total time for which application threads were stopped: 0.0001026 seconds, Stopping threads took: 0.0000213 seconds
2017-07-31T23:15:32.677+0000: 1484.250: Total time for which application threads were stopped: 0.0001947 seconds, Stopping threads took: 0.0000715 seconds
2017-07-31T23:15:32.677+0000: 1484.250: Total time for which application threads were stopped: 0.0000966 seconds, Stopping threads took: 0.0000303 seconds
2017-07-31T23:15:32.677+0000: 1484.250: Total time for which application threads were stopped: 0.0001067 seconds, Stopping threads took: 0.0000430 seconds
2017-07-31T23:15:32.677+0000: 1484.250: Total time for which application threads were stopped: 0.0000953 seconds, Stopping threads took: 0.0000251 seconds
2017-07-31T23:15:32.677+0000: 1484.251: Total time for which application threads were stopped: 0.0001414 seconds, Stopping threads took: 0.0000650 seconds
2017-07-31T23:15:32.677+0000: 1484.251: Total time for which application threads were stopped: 0.0000714 seconds, Stopping threads took: 0.0000194 seconds
2017-07-31T23:15:33.678+0000: 1485.251: Total time for which application threads were stopped: 0.0001733 seconds, Stopping threads took: 0.0000676 seconds
2017-07-31T23:15:35.678+0000: 1487.251: Total time for which application threads were stopped: 0.0001379 seconds, Stopping threads took: 0.0000403 seconds
2017-07-31T23:15:39.679+0000: 1491.252: Total time for which application threads were stopped: 0.0001689 seconds, Stopping threads took: 0.0000551 seconds
2017-07-31T23:15:41.679+0000: 1493.252: Total time for which application threads were stopped: 0.0001574 seconds, Stopping threads took: 0.0000411 seconds
2017-07-31T23:15:49.680+0000: 1501.253: Total time for which application threads were stopped: 0.0001789 seconds, Stopping threads took: 0.0000788 seconds
2017-07-31T23:15:54.681+0000: 1506.255: Total time for which application threads were stopped: 0.0001400 seconds, Stopping threads took: 0.0000422 seconds
{Heap before GC invocations=53 (full 2):
 par new generation   total 153344K, used 143510K [0x0000000080000000, 0x000000008a660000, 0x000000008a660000)
  eden space 136320K, 100% used [0x0000000080000000, 0x0000000088520000, 0x0000000088520000)
  from space 17024K,  42% used [0x00000000895c0000, 0x0000000089cc5958, 0x000000008a660000)
  to   space 17024K,   0% used [0x0000000088520000, 0x0000000088520000, 0x00000000895c0000)
 concurrent mark-sweep generation total 1926784K, used 181728K [0x000000008a660000, 0x0000000100000000, 0x0000000100000000)
 Metaspace       used 85242K, capacity 91014K, committed 91288K, reserved 1130496K
  class space    used 10401K, capacity 10794K, committed 10912K, reserved 1048576K
2017-07-31T23:16:00.745+0000: 1512.318: [GC (Allocation Failure) Before GC:
Statistics for BinaryTreeDictionary:
------------------------------------
Total Free Space: 223227577
Max   Chunk Size: 223227577
Number of Blocks: 1
Av.  Block  Size: 223227577
Tree      Height: 1
2017-07-31T23:16:00.745+0000: 1512.318: [ParNew
Desired survivor size 8716288 bytes, new threshold 6 (max 6)
- age   1:    1417168 bytes,    1417168 total
- age   2:     875400 bytes,    2292568 total
- age   3:     686440 bytes,    2979008 total
- age   4:     642408 bytes,    3621416 total
- age   5:     626560 bytes,    4247976 total
- age   6:     552744 bytes,    4800720 total
: 143510K->7041K(153344K), 0.0230181 secs] 325239K->189376K(2080128K)After GC:
Statistics for BinaryTreeDictionary:
------------------------------------
Total Free Space: 223150441
Max   Chunk Size: 223150441
Number of Blocks: 1
Av.  Block  Size: 223150441
Tree      Height: 1
, 0.0231000 secs] [Times: user=0.06 sys=0.00, real=0.02 secs] 
Heap after GC invocations=54 (full 2):
 par new generation   total 153344K, used 7041K [0x0000000080000000, 0x000000008a660000, 0x000000008a660000)
  eden space 136320K,   0% used [0x0000000080000000, 0x0000000080000000, 0x0000000088520000)
  from space 17024K,  41% used [0x0000000088520000, 0x0000000088c00768, 0x00000000895c0000)
  to   space 17024K,   0% used [0x00000000895c0000, 0x00000000895c0000, 0x000000008a660000)
 concurrent mark-sweep generation total 1926784K, used 182334K [0x000000008a660000, 0x0000000100000000, 0x0000000100000000)
 Metaspace       used 85242K, capacity 91014K, committed 91288K, reserved 1130496K
  class space    used 10401K, capacity 10794K, committed 10912K, reserved 1048576K
}
2017-07-31T23:16:00.768+0000: 1512.341: Total time for which application threads were stopped: 0.0233499 seconds, Stopping threads took: 0.0000531 seconds
2017-07-31T23:16:00.776+0000: 1512.350: Total time for which application threads were stopped: 0.0001503 seconds, Stopping threads took: 0.0000308 seconds
2017-07-31T23:16:00.777+0000: 1512.350: Total time for which application threads were stopped: 0.0000622 seconds, Stopping threads took: 0.0000130 seconds
2017-07-31T23:16:00.777+0000: 1512.350: Total time for which application threads were stopped: 0.0001190 seconds, Stopping threads took: 0.0000406 seconds
2017-07-31T23:16:00.777+0000: 1512.350: Total time for which application threads were stopped: 0.0000689 seconds, Stopping threads took: 0.0000228 seconds
2017-07-31T23:16:00.777+0000: 1512.351: Total time for which application threads were stopped: 0.0000675 seconds, Stopping threads took: 0.0000196 seconds
2017-07-31T23:16:00.777+0000: 1512.351: Total time for which application threads were stopped: 0.0000664 seconds, Stopping threads took: 0.0000215 seconds
2017-07-31T23:16:00.778+0000: 1512.351: Total time for which application threads were stopped: 0.0001161 seconds, Stopping threads took: 0.0000331 seconds
2017-07-31T23:16:00.778+0000: 1512.351: Total time for which application threads were stopped: 0.0001028 seconds, Stopping threads took: 0.0000253 seconds
2017-07-31T23:16:00.778+0000: 1512.351: Total time for which application threads were stopped: 0.0001124 seconds, Stopping threads took: 0.0000517 seconds
2017-07-31T23:16:00.778+0000: 1512.351: Total time for which application threads were stopped: 0.0000672 seconds, Stopping threads took: 0.0000207 seconds
2017-07-31T23:16:00.778+0000: 1512.352: Total time for which application threads were stopped: 0.0000961 seconds, Stopping threads took: 0.0000368 seconds
2017-07-31T23:16:00.778+0000: 1512.352: Total time for which application threads were stopped: 0.0001042 seconds, Stopping threads took: 0.0000259 seconds
2017-07-31T23:16:00.779+0000: 1512.352: Total time for which application threads were stopped: 0.0000930 seconds, Stopping threads took: 0.0000431 seconds
2017-07-31T23:16:00.779+0000: 1512.352: Total time for which application threads were stopped: 0.0000835 seconds, Stopping threads took: 0.0000181 seconds
2017-07-31T23:16:00.779+0000: 1512.352: Total time for which application threads were stopped: 0.0000642 seconds, Stopping threads took: 0.0000180 seconds
2017-07-31T23:16:00.779+0000: 1512.352: Total time for which application threads were stopped: 0.0000935 seconds, Stopping threads took: 0.0000223 seconds
2017-07-31T23:16:00.779+0000: 1512.352: Total time for which application threads were stopped: 0.0000661 seconds, Stopping threads took: 0.0000199 seconds
2017-07-31T23:16:00.779+0000: 1512.353: Total time for which application threads were stopped: 0.0000669 seconds, Stopping threads took: 0.0000205 seconds
2017-07-31T23:16:00.779+0000: 1512.353: Total time for which application threads were stopped: 0.0000893 seconds, Stopping threads took: 0.0000201 seconds
2017-07-31T23:16:00.780+0000: 1512.353: Total time for which application threads were stopped: 0.0002397 seconds, Stopping threads took: 0.0000180 seconds
2017-07-31T23:16:04.780+0000: 1516.353: Total time for which application threads were stopped: 0.0001828 seconds, Stopping threads took: 0.0000438 seconds
2017-07-31T23:16:10.781+0000: 1522.354: Total time for which application threads were stopped: 0.0001679 seconds, Stopping threads took: 0.0000432 seconds
2017-07-31T23:16:27.783+0000: 1539.356: Total time for which application threads were stopped: 0.0001561 seconds, Stopping threads took: 0.0000407 seconds
2017-07-31T23:16:30.783+0000: 1542.356: Total time for which application threads were stopped: 0.0001425 seconds, Stopping threads took: 0.0000399 seconds
2017-07-31T23:16:42.785+0000: 1554.358: Total time for which application threads were stopped: 0.0001446 seconds, Stopping threads took: 0.0000457 seconds
2017-07-31T23:16:45.785+0000: 1557.358: Total time for which application threads were stopped: 0.0001967 seconds, Stopping threads took: 0.0000646 seconds
2017-07-31T23:16:48.786+0000: 1560.359: Total time for which application threads were stopped: 0.0001662 seconds, Stopping threads took: 0.0000442 seconds
2017-07-31T23:16:57.787+0000: 1569.360: Total time for which application threads were stopped: 0.0001581 seconds, Stopping threads took: 0.0000602 seconds
2017-07-31T23:17:07.788+0000: 1579.362: Total time for which application threads were stopped: 0.0001755 seconds, Stopping threads took: 0.0000563 seconds
{Heap before GC invocations=54 (full 2):
 par new generation   total 153344K, used 143361K [0x0000000080000000, 0x000000008a660000, 0x000000008a660000)
  eden space 136320K, 100% used [0x0000000080000000, 0x0000000088520000, 0x0000000088520000)
  from space 17024K,  41% used [0x0000000088520000, 0x0000000088c00768, 0x00000000895c0000)
  to   space 17024K,   0% used [0x00000000895c0000, 0x00000000895c0000, 0x000000008a660000)
 concurrent mark-sweep generation total 1926784K, used 182334K [0x000000008a660000, 0x0000000100000000, 0x0000000100000000)
 Metaspace       used 85261K, capacity 91078K, committed 91288K, reserved 1130496K
  class space    used 10401K, capacity 10794K, committed 10912K, reserved 1048576K
2017-07-31T23:17:16.320+0000: 1587.894: [GC (Allocation Failure) Before GC:
Statistics for BinaryTreeDictionary:
------------------------------------
Total Free Space: 223150441
Max   Chunk Size: 223150441
Number of Blocks: 1
Av.  Block  Size: 223150441
Tree      Height: 1
2017-07-31T23:17:16.320+0000: 1587.894: [ParNew
Desired survivor size 8716288 bytes, new threshold 6 (max 6)
- age   1:    1507352 bytes,    1507352 total
- age   2:     709000 bytes,    2216352 total
- age   3:     813096 bytes,    3029448 total
- age   4:     655360 bytes,    3684808 total
- age   5:     627520 bytes,    4312328 total
- age   6:     615760 bytes,    4928088 total
: 143361K->7031K(153344K), 0.0235956 secs] 325696K->189911K(2080128K)After GC:
Statistics for BinaryTreeDictionary:
------------------------------------
Total Free Space: 223080859
Max   Chunk Size: 223080859
Number of Blocks: 1
Av.  Block  Size: 223080859
Tree      Height: 1
, 0.0236781 secs] [Times: user=0.05 sys=0.00, real=0.03 secs] 
Heap after GC invocations=55 (full 2):
 par new generation   total 153344K, used 7031K [0x0000000080000000, 0x000000008a660000, 0x000000008a660000)
  eden space 136320K,   0% used [0x0000000080000000, 0x0000000080000000, 0x0000000088520000)
  from space 17024K,  41% used [0x00000000895c0000, 0x0000000089c9dda8, 0x000000008a660000)
  to   space 17024K,   0% used [0x0000000088520000, 0x0000000088520000, 0x00000000895c0000)
 concurrent mark-sweep generation total 1926784K, used 182879K [0x000000008a660000, 0x0000000100000000, 0x0000000100000000)
 Metaspace       used 85261K, capacity 91078K, committed 91288K, reserved 1130496K
  class space    used 10401K, capacity 10794K, committed 10912K, reserved 1048576K
}
2017-07-31T23:17:16.344+0000: 1587.917: Total time for which application threads were stopped: 0.0239265 seconds, Stopping threads took: 0.0000420 seconds
2017-07-31T23:17:16.344+0000: 1587.918: Total time for which application threads were stopped: 0.0001203 seconds, Stopping threads took: 0.0000317 seconds
2017-07-31T23:17:16.345+0000: 1587.918: Total time for which application threads were stopped: 0.0001148 seconds, Stopping threads took: 0.0000439 seconds
2017-07-31T23:17:16.345+0000: 1587.918: Total time for which application threads were stopped: 0.0001102 seconds, Stopping threads took: 0.0000351 seconds
2017-07-31T23:17:16.345+0000: 1587.918: Total time for which application threads were stopped: 0.0001292 seconds, Stopping threads took: 0.0000696 seconds
2017-07-31T23:17:16.345+0000: 1587.918: Total time for which application threads were stopped: 0.0000666 seconds, Stopping threads took: 0.0000191 seconds
2017-07-31T23:17:16.345+0000: 1587.919: Total time for which application threads were stopped: 0.0001218 seconds, Stopping threads took: 0.0000481 seconds
2017-07-31T23:17:16.345+0000: 1587.919: Total time for which application threads were stopped: 0.0001141 seconds, Stopping threads took: 0.0000484 seconds
2017-07-31T23:17:16.346+0000: 1587.919: Total time for which application threads were stopped: 0.0000694 seconds, Stopping threads took: 0.0000191 seconds
2017-07-31T23:17:16.346+0000: 1587.919: Total time for which application threads were stopped: 0.0000669 seconds, Stopping threads took: 0.0000183 seconds
2017-07-31T23:17:16.346+0000: 1587.919: Total time for which application threads were stopped: 0.0001345 seconds, Stopping threads took: 0.0000412 seconds
2017-07-31T23:17:16.346+0000: 1587.919: Total time for which application threads were stopped: 0.0000836 seconds, Stopping threads took: 0.0000218 seconds
2017-07-31T23:17:16.346+0000: 1587.919: Total time for which application threads were stopped: 0.0000794 seconds, Stopping threads took: 0.0000186 seconds
2017-07-31T23:17:16.347+0000: 1587.920: Total time for which application threads were stopped: 0.0000968 seconds, Stopping threads took: 0.0000463 seconds
2017-07-31T23:17:16.347+0000: 1587.920: Total time for which application threads were stopped: 0.0000952 seconds, Stopping threads took: 0.0000423 seconds
2017-07-31T23:17:16.347+0000: 1587.920: Total time for which application threads were stopped: 0.0000694 seconds, Stopping threads took: 0.0000217 seconds
2017-07-31T23:17:16.347+0000: 1587.921: Total time for which application threads were stopped: 0.0001462 seconds, Stopping threads took: 0.0000701 seconds
2017-07-31T23:17:16.347+0000: 1587.921: Total time for which application threads were stopped: 0.0000759 seconds, Stopping threads took: 0.0000202 seconds
2017-07-31T23:17:16.348+0000: 1587.921: Total time for which application threads were stopped: 0.0000924 seconds, Stopping threads took: 0.0000425 seconds
2017-07-31T23:17:16.348+0000: 1587.921: Total time for which application threads were stopped: 0.0000858 seconds, Stopping threads took: 0.0000224 seconds
2017-07-31T23:17:16.349+0000: 1587.922: Total time for which application threads were stopped: 0.0002732 seconds, Stopping threads took: 0.0000763 seconds
2017-07-31T23:17:27.353+0000: 1598.926: Total time for which application threads were stopped: 0.0002378 seconds, Stopping threads took: 0.0000680 seconds
2017-07-31T23:17:42.354+0000: 1613.928: Total time for which application threads were stopped: 0.0001741 seconds, Stopping threads took: 0.0000425 seconds
2017-07-31T23:17:54.356+0000: 1625.929: Total time for which application threads were stopped: 0.0001622 seconds, Stopping threads took: 0.0000544 seconds
2017-07-31T23:17:58.357+0000: 1629.930: Total time for which application threads were stopped: 0.0001536 seconds, Stopping threads took: 0.0000371 seconds
2017-07-31T23:18:08.358+0000: 1639.931: Total time for which application threads were stopped: 0.0001455 seconds, Stopping threads took: 0.0000441 seconds
{Heap before GC invocations=55 (full 2):
 par new generation   total 153344K, used 143351K [0x0000000080000000, 0x000000008a660000, 0x000000008a660000)
  eden space 136320K, 100% used [0x0000000080000000, 0x0000000088520000, 0x0000000088520000)
  from space 17024K,  41% used [0x00000000895c0000, 0x0000000089c9dda8, 0x000000008a660000)
  to   space 17024K,   0% used [0x0000000088520000, 0x0000000088520000, 0x00000000895c0000)
 concurrent mark-sweep generation total 1926784K, used 182879K [0x000000008a660000, 0x0000000100000000, 0x0000000100000000)
 Metaspace       used 85301K, capacity 91126K, committed 91288K, reserved 1130496K
  class space    used 10406K, capacity 10802K, committed 10912K, reserved 1048576K
2017-07-31T23:18:31.236+0000: 1662.809: [GC (Allocation Failure) Before GC:
Statistics for BinaryTreeDictionary:
------------------------------------
Total Free Space: 223080859
Max   Chunk Size: 223080859
Number of Blocks: 1
Av.  Block  Size: 223080859
Tree      Height: 1
2017-07-31T23:18:31.236+0000: 1662.809: [ParNew
Desired survivor size 8716288 bytes, new threshold 6 (max 6)
- age   1:    1592088 bytes,    1592088 total
- age   2:     752240 bytes,    2344328 total
- age   3:     652088 bytes,    2996416 total
- age   4:     730688 bytes,    3727104 total
- age   5:     638336 bytes,    4365440 total
- age   6:     618344 bytes,    4983784 total
: 143351K->7259K(153344K), 0.0237246 secs] 326231K->190746K(2080128K)After GC:
Statistics for BinaryTreeDictionary:
------------------------------------
Total Free Space: 223003317
Max   Chunk Size: 223003317
Number of Blocks: 1
Av.  Block  Size: 223003317
Tree      Height: 1
, 0.0238203 secs] [Times: user=0.06 sys=0.00, real=0.02 secs] 
Heap after GC invocations=56 (full 2):
 par new generation   total 153344K, used 7259K [0x0000000080000000, 0x000000008a660000, 0x000000008a660000)
  eden space 136320K,   0% used [0x0000000080000000, 0x0000000080000000, 0x0000000088520000)
  from space 17024K,  42% used [0x0000000088520000, 0x0000000088c36cb8, 0x00000000895c0000)
  to   space 17024K,   0% used [0x00000000895c0000, 0x00000000895c0000, 0x000000008a660000)
 concurrent mark-sweep generation total 1926784K, used 183487K [0x000000008a660000, 0x0000000100000000, 0x0000000100000000)
 Metaspace       used 85301K, capacity 91126K, committed 91288K, reserved 1130496K
  class space    used 10406K, capacity 10802K, committed 10912K, reserved 1048576K
}
2017-07-31T23:18:31.260+0000: 1662.833: Total time for which application threads were stopped: 0.0241250 seconds, Stopping threads took: 0.0000701 seconds
2017-07-31T23:18:31.260+0000: 1662.833: Total time for which application threads were stopped: 0.0001261 seconds, Stopping threads took: 0.0000369 seconds
2017-07-31T23:18:31.260+0000: 1662.834: Total time for which application threads were stopped: 0.0000780 seconds, Stopping threads took: 0.0000305 seconds
2017-07-31T23:18:31.260+0000: 1662.834: Total time for which application threads were stopped: 0.0001035 seconds, Stopping threads took: 0.0000245 seconds
2017-07-31T23:18:31.261+0000: 1662.834: Total time for which application threads were stopped: 0.0000709 seconds, Stopping threads took: 0.0000248 seconds
2017-07-31T23:18:31.261+0000: 1662.834: Total time for which application threads were stopped: 0.0000638 seconds, Stopping threads took: 0.0000184 seconds
2017-07-31T23:18:31.261+0000: 1662.834: Total time for which application threads were stopped: 0.0000638 seconds, Stopping threads took: 0.0000192 seconds
2017-07-31T23:18:31.261+0000: 1662.834: Total time for which application threads were stopped: 0.0000644 seconds, Stopping threads took: 0.0000175 seconds
2017-07-31T23:18:31.261+0000: 1662.834: Total time for which application threads were stopped: 0.0000654 seconds, Stopping threads took: 0.0000195 seconds
2017-07-31T23:18:31.261+0000: 1662.834: Total time for which application threads were stopped: 0.0000666 seconds, Stopping threads took: 0.0000218 seconds
2017-07-31T23:18:31.261+0000: 1662.834: Total time for which application threads were stopped: 0.0000888 seconds, Stopping threads took: 0.0000334 seconds
2017-07-31T23:18:31.261+0000: 1662.834: Total time for which application threads were stopped: 0.0000623 seconds, Stopping threads took: 0.0000174 seconds
2017-07-31T23:18:31.261+0000: 1662.835: Total time for which application threads were stopped: 0.0000632 seconds, Stopping threads took: 0.0000188 seconds
2017-07-31T23:18:31.261+0000: 1662.835: Total time for which application threads were stopped: 0.0000790 seconds, Stopping threads took: 0.0000215 seconds
2017-07-31T23:18:31.261+0000: 1662.835: Total time for which application threads were stopped: 0.0000642 seconds, Stopping threads took: 0.0000200 seconds
2017-07-31T23:18:31.262+0000: 1662.835: Total time for which application threads were stopped: 0.0000840 seconds, Stopping threads took: 0.0000217 seconds
2017-07-31T23:18:31.262+0000: 1662.835: Total time for which application threads were stopped: 0.0000626 seconds, Stopping threads took: 0.0000184 seconds
2017-07-31T23:18:31.262+0000: 1662.835: Total time for which application threads were stopped: 0.0000630 seconds, Stopping threads took: 0.0000186 seconds
2017-07-31T23:18:31.262+0000: 1662.835: Total time for which application threads were stopped: 0.0000775 seconds, Stopping threads took: 0.0000291 seconds
2017-07-31T23:18:31.262+0000: 1662.835: Total time for which application threads were stopped: 0.0000658 seconds, Stopping threads took: 0.0000212 seconds
2017-07-31T23:18:31.262+0000: 1662.835: Total time for which application threads were stopped: 0.0002182 seconds, Stopping threads took: 0.0000216 seconds
2017-07-31T23:18:58.276+0000: 1689.849: Total time for which application threads were stopped: 0.0001404 seconds, Stopping threads took: 0.0000433 seconds
2017-07-31T23:19:24.281+0000: 1715.854: Total time for which application threads were stopped: 0.0001831 seconds, Stopping threads took: 0.0000653 seconds
2017-07-31T23:19:27.281+0000: 1718.854: Total time for which application threads were stopped: 0.0001797 seconds, Stopping threads took: 0.0000442 seconds
2017-07-31T23:19:41.282+0000: 1732.856: Total time for which application threads were stopped: 0.0001500 seconds, Stopping threads took: 0.0000382 seconds
{Heap before GC invocations=56 (full 2):
 par new generation   total 153344K, used 143579K [0x0000000080000000, 0x000000008a660000, 0x000000008a660000)
  eden space 136320K, 100% used [0x0000000080000000, 0x0000000088520000, 0x0000000088520000)
  from space 17024K,  42% used [0x0000000088520000, 0x0000000088c36cb8, 0x00000000895c0000)
  to   space 17024K,   0% used [0x00000000895c0000, 0x00000000895c0000, 0x000000008a660000)
 concurrent mark-sweep generation total 1926784K, used 183487K [0x000000008a660000, 0x0000000100000000, 0x0000000100000000)
 Metaspace       used 85301K, capacity 91126K, committed 91288K, reserved 1130496K
  class space    used 10406K, capacity 10802K, committed 10912K, reserved 1048576K
2017-07-31T23:19:47.368+0000: 1738.941: [GC (Allocation Failure) Before GC:
Statistics for BinaryTreeDictionary:
------------------------------------
Total Free Space: 223003317
Max   Chunk Size: 223003317
Number of Blocks: 1
Av.  Block  Size: 223003317
Tree      Height: 1
2017-07-31T23:19:47.368+0000: 1738.941: [ParNew
Desired survivor size 8716288 bytes, new threshold 6 (max 6)
- age   1:    1460224 bytes,    1460224 total
- age   2:     905568 bytes,    2365792 total
- age   3:     686480 bytes,    3052272 total
- age   4:     621328 bytes,    3673600 total
- age   5:     623672 bytes,    4297272 total
- age   6:     629808 bytes,    4927080 total
: 143579K->7160K(153344K), 0.0233114 secs] 327066K->191256K(2080128K)After GC:
Statistics for BinaryTreeDictionary:
------------------------------------
Total Free Space: 222924634
Max   Chunk Size: 222924634
Number of Blocks: 1
Av.  Block  Size: 222924634
Tree      Height: 1
, 0.0233939 secs] [Times: user=0.05 sys=0.00, real=0.02 secs] 
Heap after GC invocations=57 (full 2):
 par new generation   total 153344K, used 7160K [0x0000000080000000, 0x000000008a660000, 0x000000008a660000)
  eden space 136320K,   0% used [0x0000000080000000, 0x0000000080000000, 0x0000000088520000)
  from space 17024K,  42% used [0x00000000895c0000, 0x0000000089cbe1b8, 0x000000008a660000)
  to   space 17024K,   0% used [0x0000000088520000, 0x0000000088520000, 0x00000000895c0000)
 concurrent mark-sweep generation total 1926784K, used 184095K [0x000000008a660000, 0x0000000100000000, 0x0000000100000000)
 Metaspace       used 85301K, capacity 91126K, committed 91288K, reserved 1130496K
  class space    used 10406K, capacity 10802K, committed 10912K, reserved 1048576K
}
2017-07-31T23:19:47.392+0000: 1738.965: Total time for which application threads were stopped: 0.0236500 seconds, Stopping threads took: 0.0000599 seconds
2017-07-31T23:19:47.398+0000: 1738.971: Total time for which application threads were stopped: 0.0001685 seconds, Stopping threads took: 0.0000667 seconds
2017-07-31T23:19:47.398+0000: 1738.971: Total time for which application threads were stopped: 0.0001022 seconds, Stopping threads took: 0.0000440 seconds
2017-07-31T23:19:47.398+0000: 1738.971: Total time for which application threads were stopped: 0.0000872 seconds, Stopping threads took: 0.0000183 seconds
2017-07-31T23:19:47.398+0000: 1738.972: Total time for which application threads were stopped: 0.0000811 seconds, Stopping threads took: 0.0000203 seconds
2017-07-31T23:19:47.398+0000: 1738.972: Total time for which application threads were stopped: 0.0000687 seconds, Stopping threads took: 0.0000219 seconds
2017-07-31T23:19:47.399+0000: 1738.972: Total time for which application threads were stopped: 0.0001159 seconds, Stopping threads took: 0.0000580 seconds
2017-07-31T23:19:47.399+0000: 1738.972: Total time for which application threads were stopped: 0.0000660 seconds, Stopping threads took: 0.0000197 seconds
2017-07-31T23:19:47.399+0000: 1738.972: Total time for which application threads were stopped: 0.0000857 seconds, Stopping threads took: 0.0000284 seconds
2017-07-31T23:19:47.399+0000: 1738.972: Total time for which application threads were stopped: 0.0000952 seconds, Stopping threads took: 0.0000492 seconds
2017-07-31T23:19:47.399+0000: 1738.972: Total time for which application threads were stopped: 0.0001251 seconds, Stopping threads took: 0.0000694 seconds
2017-07-31T23:19:47.399+0000: 1738.972: Total time for which application threads were stopped: 0.0000630 seconds, Stopping threads took: 0.0000180 seconds
2017-07-31T23:19:47.399+0000: 1738.972: Total time for which application threads were stopped: 0.0000714 seconds, Stopping threads took: 0.0000264 seconds
2017-07-31T23:19:47.399+0000: 1738.973: Total time for which application threads were stopped: 0.0000657 seconds, Stopping threads took: 0.0000207 seconds
2017-07-31T23:19:47.399+0000: 1738.973: Total time for which application threads were stopped: 0.0000637 seconds, Stopping threads took: 0.0000189 seconds
2017-07-31T23:19:47.400+0000: 1738.973: Total time for which application threads were stopped: 0.0000971 seconds, Stopping threads took: 0.0000415 seconds
2017-07-31T23:19:47.400+0000: 1738.973: Total time for which application threads were stopped: 0.0001078 seconds, Stopping threads took: 0.0000520 seconds
2017-07-31T23:19:47.400+0000: 1738.973: Total time for which application threads were stopped: 0.0001042 seconds, Stopping threads took: 0.0000487 seconds
2017-07-31T23:19:47.400+0000: 1738.973: Total time for which application threads were stopped: 0.0000718 seconds, Stopping threads took: 0.0000174 seconds
2017-07-31T23:19:47.400+0000: 1738.973: Total time for which application threads were stopped: 0.0001021 seconds, Stopping threads took: 0.0000465 seconds
2017-07-31T23:19:47.400+0000: 1738.974: Total time for which application threads were stopped: 0.0002429 seconds, Stopping threads took: 0.0000494 seconds
2017-07-31T23:20:20.646+0000: 1772.219: Total time for which application threads were stopped: 0.0002111 seconds, Stopping threads took: 0.0000493 seconds
2017-07-31T23:20:20.646+0000: 1772.220: Total time for which application threads were stopped: 0.0001020 seconds, Stopping threads took: 0.0000209 seconds
2017-07-31T23:20:20.646+0000: 1772.220: Total time for which application threads were stopped: 0.0001574 seconds, Stopping threads took: 0.0000550 seconds
2017-07-31T23:20:20.647+0000: 1772.220: Total time for which application threads were stopped: 0.0000897 seconds, Stopping threads took: 0.0000194 seconds
2017-07-31T23:20:20.647+0000: 1772.220: Total time for which application threads were stopped: 0.0001570 seconds, Stopping threads took: 0.0000471 seconds
2017-07-31T23:20:20.647+0000: 1772.220: Total time for which application threads were stopped: 0.0001526 seconds, Stopping threads took: 0.0000617 seconds
2017-07-31T23:20:21.647+0000: 1773.221: Total time for which application threads were stopped: 0.0001474 seconds, Stopping threads took: 0.0000467 seconds
2017-07-31T23:20:21.666+0000: 1773.239: Total time for which application threads were stopped: 0.0001547 seconds, Stopping threads took: 0.0000411 seconds
2017-07-31T23:20:21.666+0000: 1773.240: Total time for which application threads were stopped: 0.0000975 seconds, Stopping threads took: 0.0000248 seconds
2017-07-31T23:20:21.666+0000: 1773.240: Total time for which application threads were stopped: 0.0000752 seconds, Stopping threads took: 0.0000212 seconds
2017-07-31T23:20:21.667+0000: 1773.240: Total time for which application threads were stopped: 0.0000770 seconds, Stopping threads took: 0.0000243 seconds
2017-07-31T23:20:21.667+0000: 1773.240: Total time for which application threads were stopped: 0.0000808 seconds, Stopping threads took: 0.0000152 seconds
2017-07-31T23:20:21.667+0000: 1773.240: Total time for which application threads were stopped: 0.0001002 seconds, Stopping threads took: 0.0000211 seconds
2017-07-31T23:20:23.667+0000: 1775.240: Total time for which application threads were stopped: 0.0001311 seconds, Stopping threads took: 0.0000407 seconds
2017-07-31T23:20:25.667+0000: 1777.241: Total time for which application threads were stopped: 0.0001527 seconds, Stopping threads took: 0.0000536 seconds
2017-07-31T23:20:26.668+0000: 1778.241: Total time for which application threads were stopped: 0.0001519 seconds, Stopping threads took: 0.0000398 seconds
2017-07-31T23:20:27.668+0000: 1779.241: Total time for which application threads were stopped: 0.0001502 seconds, Stopping threads took: 0.0000418 seconds
{Heap before GC invocations=57 (full 2):
 par new generation   total 153344K, used 143480K [0x0000000080000000, 0x000000008a660000, 0x000000008a660000)
  eden space 136320K, 100% used [0x0000000080000000, 0x0000000088520000, 0x0000000088520000)
  from space 17024K,  42% used [0x00000000895c0000, 0x0000000089cbe1b8, 0x000000008a660000)
  to   space 17024K,   0% used [0x0000000088520000, 0x0000000088520000, 0x00000000895c0000)
 concurrent mark-sweep generation total 1926784K, used 184095K [0x000000008a660000, 0x0000000100000000, 0x0000000100000000)
 Metaspace       used 85317K, capacity 91126K, committed 91288K, reserved 1130496K
  class space    used 10406K, capacity 10802K, committed 10912K, reserved 1048576K
2017-07-31T23:20:55.180+0000: 1806.753: [GC (Allocation Failure) Before GC:
Statistics for BinaryTreeDictionary:
------------------------------------
Total Free Space: 222924634
Max   Chunk Size: 222924634
Number of Blocks: 1
Av.  Block  Size: 222924634
Tree      Height: 1
2017-07-31T23:20:55.180+0000: 1806.753: [ParNew
Desired survivor size 8716288 bytes, new threshold 6 (max 6)
- age   1:    1458216 bytes,    1458216 total
- age   2:     746928 bytes,    2205144 total
- age   3:     844504 bytes,    3049648 total
- age   4:     659112 bytes,    3708760 total
- age   5:     607432 bytes,    4316192 total
- age   6:     613152 bytes,    4929344 total
: 143480K->7197K(153344K), 0.0238022 secs] 327576K->191915K(2080128K)After GC:
Statistics for BinaryTreeDictionary:
------------------------------------
Total Free Space: 222844059
Max   Chunk Size: 222844059
Number of Blocks: 1
Av.  Block  Size: 222844059
Tree      Height: 1
, 0.0239012 secs] [Times: user=0.05 sys=0.00, real=0.03 secs] 
Heap after GC invocations=58 (full 2):
 par new generation   total 153344K, used 7197K [0x0000000080000000, 0x000000008a660000, 0x000000008a660000)
  eden space 136320K,   0% used [0x0000000080000000, 0x0000000080000000, 0x0000000088520000)
  from space 17024K,  42% used [0x0000000088520000, 0x0000000088c275e8, 0x00000000895c0000)
  to   space 17024K,   0% used [0x00000000895c0000, 0x00000000895c0000, 0x000000008a660000)
 concurrent mark-sweep generation total 1926784K, used 184717K [0x000000008a660000, 0x0000000100000000, 0x0000000100000000)
 Metaspace       used 85317K, capacity 91126K, committed 91288K, reserved 1130496K
  class space    used 10406K, capacity 10802K, committed 10912K, reserved 1048576K
}
2017-07-31T23:20:55.204+0000: 1806.777: Total time for which application threads were stopped: 0.0241624 seconds, Stopping threads took: 0.0000349 seconds
2017-07-31T23:20:55.204+0000: 1806.777: Total time for which application threads were stopped: 0.0001552 seconds, Stopping threads took: 0.0000554 seconds
2017-07-31T23:20:55.204+0000: 1806.777: Total time for which application threads were stopped: 0.0000717 seconds, Stopping threads took: 0.0000242 seconds
2017-07-31T23:20:55.204+0000: 1806.777: Total time for which application threads were stopped: 0.0001258 seconds, Stopping threads took: 0.0000668 seconds
2017-07-31T23:20:55.204+0000: 1806.778: Total time for which application threads were stopped: 0.0000938 seconds, Stopping threads took: 0.0000356 seconds
2017-07-31T23:20:55.204+0000: 1806.778: Total time for which application threads were stopped: 0.0001112 seconds, Stopping threads took: 0.0000533 seconds
2017-07-31T23:20:55.205+0000: 1806.778: Total time for which application threads were stopped: 0.0000662 seconds, Stopping threads took: 0.0000189 seconds
2017-07-31T23:20:55.205+0000: 1806.778: Total time for which application threads were stopped: 0.0001142 seconds, Stopping threads took: 0.0000247 seconds
2017-07-31T23:20:55.205+0000: 1806.778: Total time for which application threads were stopped: 0.0000934 seconds, Stopping threads took: 0.0000382 seconds
2017-07-31T23:20:55.205+0000: 1806.778: Total time for which application threads were stopped: 0.0001258 seconds, Stopping threads took: 0.0000537 seconds
2017-07-31T23:20:55.205+0000: 1806.778: Total time for which application threads were stopped: 0.0000669 seconds, Stopping threads took: 0.0000182 seconds
2017-07-31T23:20:55.205+0000: 1806.778: Total time for which application threads were stopped: 0.0000769 seconds, Stopping threads took: 0.0000280 seconds
2017-07-31T23:20:55.205+0000: 1806.779: Total time for which application threads were stopped: 0.0000771 seconds, Stopping threads took: 0.0000215 seconds
2017-07-31T23:20:55.205+0000: 1806.779: Total time for which application threads were stopped: 0.0001019 seconds, Stopping threads took: 0.0000200 seconds
2017-07-31T23:20:55.206+0000: 1806.779: Total time for which application threads were stopped: 0.0001226 seconds, Stopping threads took: 0.0000635 seconds
2017-07-31T23:20:55.206+0000: 1806.779: Total time for which application threads were stopped: 0.0000732 seconds, Stopping threads took: 0.0000189 seconds
2017-07-31T23:20:55.206+0000: 1806.779: Total time for which application threads were stopped: 0.0000848 seconds, Stopping threads took: 0.0000338 seconds
2017-07-31T23:20:55.206+0000: 1806.779: Total time for which application threads were stopped: 0.0000953 seconds, Stopping threads took: 0.0000186 seconds
2017-07-31T23:20:55.206+0000: 1806.779: Total time for which application threads were stopped: 0.0001168 seconds, Stopping threads took: 0.0000512 seconds
2017-07-31T23:20:55.206+0000: 1806.779: Total time for which application threads were stopped: 0.0000864 seconds, Stopping threads took: 0.0000314 seconds
2017-07-31T23:20:55.206+0000: 1806.780: Total time for which application threads were stopped: 0.0002340 seconds, Stopping threads took: 0.0000197 seconds
2017-07-31T23:20:56.207+0000: 1807.780: Total time for which application threads were stopped: 0.0001349 seconds, Stopping threads took: 0.0000406 seconds
2017-07-31T23:20:58.208+0000: 1809.781: Total time for which application threads were stopped: 0.0001409 seconds, Stopping threads took: 0.0000440 seconds
2017-07-31T23:21:19.210+0000: 1830.784: Total time for which application threads were stopped: 0.0001815 seconds, Stopping threads took: 0.0000443 seconds
2017-07-31T23:21:20.211+0000: 1831.784: Total time for which application threads were stopped: 0.0001726 seconds, Stopping threads took: 0.0000412 seconds
2017-07-31T23:21:36.213+0000: 1847.786: Total time for which application threads were stopped: 0.0001550 seconds, Stopping threads took: 0.0000556 seconds
2017-07-31T23:21:40.213+0000: 1851.787: Total time for which application threads were stopped: 0.0001568 seconds, Stopping threads took: 0.0000581 seconds
2017-07-31T23:21:44.214+0000: 1855.787: Total time for which application threads were stopped: 0.0001675 seconds, Stopping threads took: 0.0000699 seconds
2017-07-31T23:21:45.214+0000: 1856.788: Total time for which application threads were stopped: 0.0001413 seconds, Stopping threads took: 0.0000429 seconds
2017-07-31T23:21:46.214+0000: 1857.788: Total time for which application threads were stopped: 0.0001543 seconds, Stopping threads took: 0.0000419 seconds
2017-07-31T23:22:00.217+0000: 1871.791: Total time for which application threads were stopped: 0.0001582 seconds, Stopping threads took: 0.0000593 seconds
2017-07-31T23:22:03.218+0000: 1874.791: Total time for which application threads were stopped: 0.0001565 seconds, Stopping threads took: 0.0000440 seconds
2017-07-31T23:22:11.219+0000: 1882.792: Total time for which application threads were stopped: 0.0001713 seconds, Stopping threads took: 0.0000671 seconds
{Heap before GC invocations=58 (full 2):
 par new generation   total 153344K, used 143517K [0x0000000080000000, 0x000000008a660000, 0x000000008a660000)
  eden space 136320K, 100% used [0x0000000080000000, 0x0000000088520000, 0x0000000088520000)
  from space 17024K,  42% used [0x0000000088520000, 0x0000000088c275e8, 0x00000000895c0000)
  to   space 17024K,   0% used [0x00000000895c0000, 0x00000000895c0000, 0x000000008a660000)
 concurrent mark-sweep generation total 1926784K, used 184717K [0x000000008a660000, 0x0000000100000000, 0x0000000100000000)
 Metaspace       used 85322K, capacity 91126K, committed 91288K, reserved 1130496K
  class space    used 10406K, capacity 10802K, committed 10912K, reserved 1048576K
2017-07-31T23:22:11.404+0000: 1882.977: [GC (Allocation Failure) Before GC:
Statistics for BinaryTreeDictionary:
------------------------------------
Total Free Space: 222844059
Max   Chunk Size: 222844059
Number of Blocks: 1
Av.  Block  Size: 222844059
Tree      Height: 1
2017-07-31T23:22:11.404+0000: 1882.977: [ParNew
Desired survivor size 8716288 bytes, new threshold 6 (max 6)
- age   1:    1574928 bytes,    1574928 total
- age   2:     694688 bytes,    2269616 total
- age   3:     684048 bytes,    2953664 total
- age   4:     760880 bytes,    3714544 total
- age   5:     642608 bytes,    4357152 total
- age   6:     598944 bytes,    4956096 total
: 143517K->7303K(153344K), 0.0231303 secs] 328235K->192628K(2080128K)After GC:
Statistics for BinaryTreeDictionary:
------------------------------------
Total Free Space: 222768210
Max   Chunk Size: 222768210
Number of Blocks: 1
Av.  Block  Size: 222768210
Tree      Height: 1
, 0.0232144 secs] [Times: user=0.05 sys=0.00, real=0.02 secs] 
Heap after GC invocations=59 (full 2):
 par new generation   total 153344K, used 7303K [0x0000000080000000, 0x000000008a660000, 0x000000008a660000)
  eden space 136320K,   0% used [0x0000000080000000, 0x0000000080000000, 0x0000000088520000)
  from space 17024K,  42% used [0x00000000895c0000, 0x0000000089ce1fd8, 0x000000008a660000)
  to   space 17024K,   0% used [0x0000000088520000, 0x0000000088520000, 0x00000000895c0000)
 concurrent mark-sweep generation total 1926784K, used 185324K [0x000000008a660000, 0x0000000100000000, 0x0000000100000000)
 Metaspace       used 85322K, capacity 91126K, committed 91288K, reserved 1130496K
  class space    used 10406K, capacity 10802K, committed 10912K, reserved 1048576K
}
2017-07-31T23:22:11.427+0000: 1883.000: Total time for which application threads were stopped: 0.0234863 seconds, Stopping threads took: 0.0000444 seconds
2017-07-31T23:22:11.427+0000: 1883.001: Total time for which application threads were stopped: 0.0001295 seconds, Stopping threads took: 0.0000326 seconds
2017-07-31T23:22:11.428+0000: 1883.001: Total time for which application threads were stopped: 0.0000755 seconds, Stopping threads took: 0.0000250 seconds
2017-07-31T23:22:11.428+0000: 1883.001: Total time for which application threads were stopped: 0.0001104 seconds, Stopping threads took: 0.0000265 seconds
2017-07-31T23:22:11.428+0000: 1883.001: Total time for which application threads were stopped: 0.0001224 seconds, Stopping threads took: 0.0000557 seconds
2017-07-31T23:22:11.428+0000: 1883.001: Total time for which application threads were stopped: 0.0001195 seconds, Stopping threads took: 0.0000386 seconds
2017-07-31T23:22:11.428+0000: 1883.001: Total time for which application threads were stopped: 0.0000965 seconds, Stopping threads took: 0.0000305 seconds
2017-07-31T23:22:11.428+0000: 1883.002: Total time for which application threads were stopped: 0.0000942 seconds, Stopping threads took: 0.0000252 seconds
2017-07-31T23:22:11.428+0000: 1883.002: Total time for which application threads were stopped: 0.0001155 seconds, Stopping threads took: 0.0000532 seconds
2017-07-31T23:22:11.429+0000: 1883.002: Total time for which application threads were stopped: 0.0000947 seconds, Stopping threads took: 0.0000325 seconds
2017-07-31T23:22:11.429+0000: 1883.002: Total time for which application threads were stopped: 0.0001062 seconds, Stopping threads took: 0.0000461 seconds
2017-07-31T23:22:11.429+0000: 1883.002: Total time for which application threads were stopped: 0.0001183 seconds, Stopping threads took: 0.0000468 seconds
2017-07-31T23:22:11.429+0000: 1883.002: Total time for which application threads were stopped: 0.0001083 seconds, Stopping threads took: 0.0000445 seconds
2017-07-31T23:22:11.429+0000: 1883.002: Total time for which application threads were stopped: 0.0001145 seconds, Stopping threads took: 0.0000403 seconds
2017-07-31T23:22:11.429+0000: 1883.002: Total time for which application threads were stopped: 0.0000725 seconds, Stopping threads took: 0.0000209 seconds
2017-07-31T23:22:11.429+0000: 1883.003: Total time for which application threads were stopped: 0.0001004 seconds, Stopping threads took: 0.0000266 seconds
2017-07-31T23:22:11.429+0000: 1883.003: Total time for which application threads were stopped: 0.0001088 seconds, Stopping threads took: 0.0000479 seconds
2017-07-31T23:22:11.430+0000: 1883.003: Total time for which application threads were stopped: 0.0001071 seconds, Stopping threads took: 0.0000466 seconds
2017-07-31T23:22:11.430+0000: 1883.003: Total time for which application threads were stopped: 0.0000689 seconds, Stopping threads took: 0.0000197 seconds
2017-07-31T23:22:11.430+0000: 1883.003: Total time for which application threads were stopped: 0.0001392 seconds, Stopping threads took: 0.0000448 seconds
2017-07-31T23:22:11.430+0000: 1883.003: Total time for which application threads were stopped: 0.0002594 seconds, Stopping threads took: 0.0000195 seconds
2017-07-31T23:22:13.430+0000: 1885.004: Total time for which application threads were stopped: 0.0001336 seconds, Stopping threads took: 0.0000369 seconds
2017-07-31T23:22:17.431+0000: 1889.004: Total time for which application threads were stopped: 0.0001581 seconds, Stopping threads took: 0.0000429 seconds
2017-07-31T23:22:24.432+0000: 1896.005: Total time for which application threads were stopped: 0.0001742 seconds, Stopping threads took: 0.0000498 seconds
2017-07-31T23:22:27.434+0000: 1899.007: Total time for which application threads were stopped: 0.0001628 seconds, Stopping threads took: 0.0000449 seconds
2017-07-31T23:22:31.435+0000: 1903.008: Total time for which application threads were stopped: 0.0001648 seconds, Stopping threads took: 0.0000650 seconds
2017-07-31T23:22:42.437+0000: 1914.010: Total time for which application threads were stopped: 0.0001682 seconds, Stopping threads took: 0.0000446 seconds
2017-07-31T23:22:58.440+0000: 1930.013: Total time for which application threads were stopped: 0.0001856 seconds, Stopping threads took: 0.0000615 seconds
2017-07-31T23:22:59.440+0000: 1931.014: Total time for which application threads were stopped: 0.0001694 seconds, Stopping threads took: 0.0000643 seconds
2017-07-31T23:23:09.441+0000: 1941.015: Total time for which application threads were stopped: 0.0001368 seconds, Stopping threads took: 0.0000404 seconds
2017-07-31T23:23:17.442+0000: 1949.016: Total time for which application threads were stopped: 0.0001531 seconds, Stopping threads took: 0.0000398 seconds
2017-07-31T23:23:24.443+0000: 1956.016: Total time for which application threads were stopped: 0.0001399 seconds, Stopping threads took: 0.0000443 seconds
{Heap before GC invocations=59 (full 2):
 par new generation   total 153344K, used 143623K [0x0000000080000000, 0x000000008a660000, 0x000000008a660000)
  eden space 136320K, 100% used [0x0000000080000000, 0x0000000088520000, 0x0000000088520000)
  from space 17024K,  42% used [0x00000000895c0000, 0x0000000089ce1fd8, 0x000000008a660000)
  to   space 17024K,   0% used [0x0000000088520000, 0x0000000088520000, 0x00000000895c0000)
 concurrent mark-sweep generation total 1926784K, used 185324K [0x000000008a660000, 0x0000000100000000, 0x0000000100000000)
 Metaspace       used 85410K, capacity 91190K, committed 91544K, reserved 1130496K
  class space    used 10406K, capacity 10802K, committed 10912K, reserved 1048576K
2017-07-31T23:23:28.056+0000: 1959.629: [GC (Allocation Failure) Before GC:
Statistics for BinaryTreeDictionary:
------------------------------------
Total Free Space: 222768210
Max   Chunk Size: 222768210
Number of Blocks: 1
Av.  Block  Size: 222768210
Tree      Height: 1
2017-07-31T23:23:28.056+0000: 1959.629: [ParNew
Desired survivor size 8716288 bytes, new threshold 6 (max 6)
- age   1:    1521472 bytes,    1521472 total
- age   2:     865808 bytes,    2387280 total
- age   3:     638216 bytes,    3025496 total
- age   4:     649888 bytes,    3675384 total
- age   5:     651760 bytes,    4327144 total
- age   6:     631360 bytes,    4958504 total
: 143623K->7140K(153344K), 0.0225420 secs] 328948K->193056K(2080128K)After GC:
Statistics for BinaryTreeDictionary:
------------------------------------
Total Free Space: 222687952
Max   Chunk Size: 222687952
Number of Blocks: 1
Av.  Block  Size: 222687952
Tree      Height: 1
, 0.0226452 secs] [Times: user=0.05 sys=0.00, real=0.02 secs] 
Heap after GC invocations=60 (full 2):
 par new generation   total 153344K, used 7140K [0x0000000080000000, 0x000000008a660000, 0x000000008a660000)
  eden space 136320K,   0% used [0x0000000080000000, 0x0000000080000000, 0x0000000088520000)
  from space 17024K,  41% used [0x0000000088520000, 0x0000000088c19350, 0x00000000895c0000)
  to   space 17024K,   0% used [0x00000000895c0000, 0x00000000895c0000, 0x000000008a660000)
 concurrent mark-sweep generation total 1926784K, used 185915K [0x000000008a660000, 0x0000000100000000, 0x0000000100000000)
 Metaspace       used 85410K, capacity 91190K, committed 91544K, reserved 1130496K
  class space    used 10406K, capacity 10802K, committed 10912K, reserved 1048576K
}
2017-07-31T23:23:28.079+0000: 1959.652: Total time for which application threads were stopped: 0.0228799 seconds, Stopping threads took: 0.0000375 seconds
2017-07-31T23:23:28.080+0000: 1959.653: Total time for which application threads were stopped: 0.0001306 seconds, Stopping threads took: 0.0000247 seconds
2017-07-31T23:23:28.080+0000: 1959.653: Total time for which application threads were stopped: 0.0000693 seconds, Stopping threads took: 0.0000215 seconds
2017-07-31T23:23:28.080+0000: 1959.654: Total time for which application threads were stopped: 0.0001273 seconds, Stopping threads took: 0.0000596 seconds
2017-07-31T23:23:28.080+0000: 1959.654: Total time for which application threads were stopped: 0.0000941 seconds, Stopping threads took: 0.0000309 seconds
2017-07-31T23:23:28.081+0000: 1959.654: Total time for which application threads were stopped: 0.0000908 seconds, Stopping threads took: 0.0000408 seconds
2017-07-31T23:23:28.082+0000: 1959.655: Total time for which application threads were stopped: 0.0009637 seconds, Stopping threads took: 0.0009022 seconds
2017-07-31T23:23:28.082+0000: 1959.655: Total time for which application threads were stopped: 0.0000971 seconds, Stopping threads took: 0.0000497 seconds
2017-07-31T23:23:28.082+0000: 1959.655: Total time for which application threads were stopped: 0.0000647 seconds, Stopping threads took: 0.0000192 seconds
2017-07-31T23:23:28.082+0000: 1959.655: Total time for which application threads were stopped: 0.0000645 seconds, Stopping threads took: 0.0000192 seconds
2017-07-31T23:23:28.082+0000: 1959.655: Total time for which application threads were stopped: 0.0000655 seconds, Stopping threads took: 0.0000199 seconds
2017-07-31T23:23:28.082+0000: 1959.656: Total time for which application threads were stopped: 0.0000908 seconds, Stopping threads took: 0.0000355 seconds
2017-07-31T23:23:28.082+0000: 1959.656: Total time for which application threads were stopped: 0.0001026 seconds, Stopping threads took: 0.0000358 seconds
2017-07-31T23:23:28.082+0000: 1959.656: Total time for which application threads were stopped: 0.0000633 seconds, Stopping threads took: 0.0000179 seconds
2017-07-31T23:23:28.083+0000: 1959.656: Total time for which application threads were stopped: 0.0000638 seconds, Stopping threads took: 0.0000185 seconds
2017-07-31T23:23:28.083+0000: 1959.656: Total time for which application threads were stopped: 0.0000692 seconds, Stopping threads took: 0.0000186 seconds
2017-07-31T23:23:28.083+0000: 1959.656: Total time for which application threads were stopped: 0.0001082 seconds, Stopping threads took: 0.0000277 seconds
2017-07-31T23:23:28.083+0000: 1959.656: Total time for which application threads were stopped: 0.0000658 seconds, Stopping threads took: 0.0000188 seconds
2017-07-31T23:23:28.083+0000: 1959.656: Total time for which application threads were stopped: 0.0000643 seconds, Stopping threads took: 0.0000181 seconds
2017-07-31T23:23:28.083+0000: 1959.656: Total time for which application threads were stopped: 0.0001050 seconds, Stopping threads took: 0.0000477 seconds
2017-07-31T23:23:28.083+0000: 1959.657: Total time for which application threads were stopped: 0.0001869 seconds, Stopping threads took: 0.0000197 seconds
2017-07-31T23:23:41.085+0000: 1972.658: Total time for which application threads were stopped: 0.0001646 seconds, Stopping threads took: 0.0000398 seconds
2017-07-31T23:23:51.087+0000: 1982.660: Total time for which application threads were stopped: 0.0001541 seconds, Stopping threads took: 0.0000444 seconds
2017-07-31T23:24:00.090+0000: 1991.663: Total time for which application threads were stopped: 0.0001475 seconds, Stopping threads took: 0.0000464 seconds
2017-07-31T23:24:01.090+0000: 1992.664: Total time for which application threads were stopped: 0.0001806 seconds, Stopping threads took: 0.0000660 seconds
2017-07-31T23:24:18.092+0000: 2009.665: Total time for which application threads were stopped: 0.0001549 seconds, Stopping threads took: 0.0000411 seconds
2017-07-31T23:24:24.093+0000: 2015.667: Total time for which application threads were stopped: 0.0002756 seconds, Stopping threads took: 0.0000653 seconds
{Heap before GC invocations=60 (full 2):
 par new generation   total 153344K, used 143460K [0x0000000080000000, 0x000000008a660000, 0x000000008a660000)
  eden space 136320K, 100% used [0x0000000080000000, 0x0000000088520000, 0x0000000088520000)
  from space 17024K,  41% used [0x0000000088520000, 0x0000000088c19350, 0x00000000895c0000)
  to   space 17024K,   0% used [0x00000000895c0000, 0x00000000895c0000, 0x000000008a660000)
 concurrent mark-sweep generation total 1926784K, used 185915K [0x000000008a660000, 0x0000000100000000, 0x0000000100000000)
 Metaspace       used 85416K, capacity 91190K, committed 91544K, reserved 1130496K
  class space    used 10406K, capacity 10802K, committed 10912K, reserved 1048576K
2017-07-31T23:24:44.142+0000: 2035.715: [GC (Allocation Failure) Before GC:
Statistics for BinaryTreeDictionary:
------------------------------------
Total Free Space: 222687952
Max   Chunk Size: 222687952
Number of Blocks: 1
Av.  Block  Size: 222687952
Tree      Height: 1
2017-07-31T23:24:44.142+0000: 2035.715: [ParNew
Desired survivor size 8716288 bytes, new threshold 6 (max 6)
- age   1:    1477152 bytes,    1477152 total
- age   2:     763752 bytes,    2240904 total
- age   3:     802280 bytes,    3043184 total
- age   4:     611648 bytes,    3654832 total
- age   5:     635504 bytes,    4290336 total
- age   6:     640904 bytes,    4931240 total
: 143460K->7228K(153344K), 0.0249136 secs] 329376K->193767K(2080128K)After GC:
Statistics for BinaryTreeDictionary:
------------------------------------
Total Free Space: 222614126
Max   Chunk Size: 222614126
Number of Blocks: 1
Av.  Block  Size: 222614126
Tree      Height: 1
, 0.0250028 secs] [Times: user=0.06 sys=0.00, real=0.03 secs] 
Heap after GC invocations=61 (full 2):
 par new generation   total 153344K, used 7228K [0x0000000080000000, 0x000000008a660000, 0x000000008a660000)
  eden space 136320K,   0% used [0x0000000080000000, 0x0000000080000000, 0x0000000088520000)
  from space 17024K,  42% used [0x00000000895c0000, 0x0000000089ccf190, 0x000000008a660000)
  to   space 17024K,   0% used [0x0000000088520000, 0x0000000088520000, 0x00000000895c0000)
 concurrent mark-sweep generation total 1926784K, used 186538K [0x000000008a660000, 0x0000000100000000, 0x0000000100000000)
 Metaspace       used 85416K, capacity 91190K, committed 91544K, reserved 1130496K
  class space    used 10406K, capacity 10802K, committed 10912K, reserved 1048576K
}
2017-07-31T23:24:44.167+0000: 2035.740: Total time for which application threads were stopped: 0.0253020 seconds, Stopping threads took: 0.0000661 seconds
2017-07-31T23:24:44.172+0000: 2035.746: Total time for which application threads were stopped: 0.0001777 seconds, Stopping threads took: 0.0000736 seconds
2017-07-31T23:24:44.173+0000: 2035.746: Total time for which application threads were stopped: 0.0001227 seconds, Stopping threads took: 0.0000574 seconds
2017-07-31T23:24:44.173+0000: 2035.746: Total time for which application threads were stopped: 0.0000692 seconds, Stopping threads took: 0.0000199 seconds
2017-07-31T23:24:44.173+0000: 2035.746: Total time for which application threads were stopped: 0.0001196 seconds, Stopping threads took: 0.0000483 seconds
2017-07-31T23:24:44.173+0000: 2035.746: Total time for which application threads were stopped: 0.0001079 seconds, Stopping threads took: 0.0000441 seconds
2017-07-31T23:24:44.173+0000: 2035.746: Total time for which application threads were stopped: 0.0000866 seconds, Stopping threads took: 0.0000281 seconds
2017-07-31T23:24:44.173+0000: 2035.747: Total time for which application threads were stopped: 0.0001022 seconds, Stopping threads took: 0.0000371 seconds
2017-07-31T23:24:44.173+0000: 2035.747: Total time for which application threads were stopped: 0.0000720 seconds, Stopping threads took: 0.0000203 seconds
2017-07-31T23:24:44.174+0000: 2035.747: Total time for which application threads were stopped: 0.0001031 seconds, Stopping threads took: 0.0000421 seconds
2017-07-31T23:24:44.174+0000: 2035.747: Total time for which application threads were stopped: 0.0001195 seconds, Stopping threads took: 0.0000578 seconds
2017-07-31T23:24:44.174+0000: 2035.747: Total time for which application threads were stopped: 0.0001304 seconds, Stopping threads took: 0.0000334 seconds
2017-07-31T23:24:44.175+0000: 2035.748: Total time for which application threads were stopped: 0.0001453 seconds, Stopping threads took: 0.0000486 seconds
2017-07-31T23:24:44.175+0000: 2035.748: Total time for which application threads were stopped: 0.0001276 seconds, Stopping threads took: 0.0000769 seconds
2017-07-31T23:24:44.175+0000: 2035.748: Total time for which application threads were stopped: 0.0001092 seconds, Stopping threads took: 0.0000420 seconds
2017-07-31T23:24:44.175+0000: 2035.749: Total time for which application threads were stopped: 0.0001258 seconds, Stopping threads took: 0.0000672 seconds
2017-07-31T23:24:44.175+0000: 2035.749: Total time for which application threads were stopped: 0.0000688 seconds, Stopping threads took: 0.0000204 seconds
2017-07-31T23:24:44.175+0000: 2035.749: Total time for which application threads were stopped: 0.0001036 seconds, Stopping threads took: 0.0000553 seconds
2017-07-31T23:24:44.176+0000: 2035.749: Total time for which application threads were stopped: 0.0000946 seconds, Stopping threads took: 0.0000323 seconds
2017-07-31T23:24:44.176+0000: 2035.749: Total time for which application threads were stopped: 0.0000868 seconds, Stopping threads took: 0.0000369 seconds
2017-07-31T23:24:44.176+0000: 2035.749: Total time for which application threads were stopped: 0.0002926 seconds, Stopping threads took: 0.0000431 seconds
2017-07-31T23:25:00.181+0000: 2051.755: Total time for which application threads were stopped: 0.0001481 seconds, Stopping threads took: 0.0000445 seconds
2017-07-31T23:25:00.687+0000: 2052.261: Total time for which application threads were stopped: 0.0004310 seconds, Stopping threads took: 0.0000561 seconds
2017-07-31T23:25:00.687+0000: 2052.261: Total time for which application threads were stopped: 0.0000998 seconds, Stopping threads took: 0.0000222 seconds
2017-07-31T23:25:00.688+0000: 2052.261: Total time for which application threads were stopped: 0.0001431 seconds, Stopping threads took: 0.0000439 seconds
2017-07-31T23:25:00.688+0000: 2052.261: Total time for which application threads were stopped: 0.0000899 seconds, Stopping threads took: 0.0000189 seconds
2017-07-31T23:25:00.688+0000: 2052.261: Total time for which application threads were stopped: 0.0000927 seconds, Stopping threads took: 0.0000213 seconds
2017-07-31T23:25:00.688+0000: 2052.261: Total time for which application threads were stopped: 0.0001093 seconds, Stopping threads took: 0.0000185 seconds
2017-07-31T23:25:01.707+0000: 2053.280: Total time for which application threads were stopped: 0.0002066 seconds, Stopping threads took: 0.0000637 seconds
2017-07-31T23:25:01.707+0000: 2053.280: Total time for which application threads were stopped: 0.0001065 seconds, Stopping threads took: 0.0000449 seconds
2017-07-31T23:25:01.707+0000: 2053.280: Total time for which application threads were stopped: 0.0000752 seconds, Stopping threads took: 0.0000210 seconds
2017-07-31T23:25:01.707+0000: 2053.280: Total time for which application threads were stopped: 0.0000679 seconds, Stopping threads took: 0.0000188 seconds
2017-07-31T23:25:01.707+0000: 2053.281: Total time for which application threads were stopped: 0.0000933 seconds, Stopping threads took: 0.0000179 seconds
2017-07-31T23:25:01.707+0000: 2053.281: Total time for which application threads were stopped: 0.0000900 seconds, Stopping threads took: 0.0000280 seconds
2017-07-31T23:25:02.757+0000: 2054.330: Total time for which application threads were stopped: 0.0002301 seconds, Stopping threads took: 0.0000389 seconds
2017-07-31T23:25:40.765+0000: 2092.338: Total time for which application threads were stopped: 0.0001889 seconds, Stopping threads took: 0.0000780 seconds
2017-07-31T23:25:50.767+0000: 2102.341: Total time for which application threads were stopped: 0.0001675 seconds, Stopping threads took: 0.0000557 seconds
2017-07-31T23:25:51.768+0000: 2103.341: Total time for which application threads were stopped: 0.0001629 seconds, Stopping threads took: 0.0000471 seconds
2017-07-31T23:25:52.646+0000: 2104.219: Total time for which application threads were stopped: 0.0001871 seconds, Stopping threads took: 0.0000594 seconds
2017-07-31T23:25:52.646+0000: 2104.219: Total time for which application threads were stopped: 0.0001005 seconds, Stopping threads took: 0.0000384 seconds
2017-07-31T23:25:52.646+0000: 2104.220: Total time for which application threads were stopped: 0.0000756 seconds, Stopping threads took: 0.0000205 seconds
2017-07-31T23:25:52.646+0000: 2104.220: Total time for which application threads were stopped: 0.0000699 seconds, Stopping threads took: 0.0000189 seconds
2017-07-31T23:25:52.648+0000: 2104.221: Total time for which application threads were stopped: 0.0000789 seconds, Stopping threads took: 0.0000219 seconds
2017-07-31T23:25:52.648+0000: 2104.221: Total time for which application threads were stopped: 0.0000936 seconds, Stopping threads took: 0.0000190 seconds
{Heap before GC invocations=61 (full 2):
 par new generation   total 153344K, used 143548K [0x0000000080000000, 0x000000008a660000, 0x000000008a660000)
  eden space 136320K, 100% used [0x0000000080000000, 0x0000000088520000, 0x0000000088520000)
  from space 17024K,  42% used [0x00000000895c0000, 0x0000000089ccf190, 0x000000008a660000)
  to   space 17024K,   0% used [0x0000000088520000, 0x0000000088520000, 0x00000000895c0000)
 concurrent mark-sweep generation total 1926784K, used 186538K [0x000000008a660000, 0x0000000100000000, 0x0000000100000000)
 Metaspace       used 85424K, capacity 91190K, committed 91544K, reserved 1130496K
  class space    used 10406K, capacity 10802K, committed 10912K, reserved 1048576K
2017-07-31T23:25:53.715+0000: 2105.288: [GC (Allocation Failure) Before GC:
Statistics for BinaryTreeDictionary:
------------------------------------
Total Free Space: 222614126
Max   Chunk Size: 222614126
Number of Blocks: 1
Av.  Block  Size: 222614126
Tree      Height: 1
2017-07-31T23:25:53.715+0000: 2105.288: [ParNew
Desired survivor size 8716288 bytes, new threshold 6 (max 6)
- age   1:    1537760 bytes,    1537760 total
- age   2:     731072 bytes,    2268832 total
- age   3:     698768 bytes,    2967600 total
- age   4:     725648 bytes,    3693248 total
- age   5:     599912 bytes,    4293160 total
- age   6:     624256 bytes,    4917416 total
: 143548K->7310K(153344K), 0.0230350 secs] 330087K->194483K(2080128K)After GC:
Statistics for BinaryTreeDictionary:
------------------------------------
Total Free Space: 222531495
Max   Chunk Size: 222531495
Number of Blocks: 1
Av.  Block  Size: 222531495
Tree      Height: 1
, 0.0231100 secs] [Times: user=0.06 sys=0.00, real=0.02 secs] 
Heap after GC invocations=62 (full 2):
 par new generation   total 153344K, used 7310K [0x0000000080000000, 0x000000008a660000, 0x000000008a660000)
  eden space 136320K,   0% used [0x0000000080000000, 0x0000000080000000, 0x0000000088520000)
  from space 17024K,  42% used [0x0000000088520000, 0x0000000088c43bf0, 0x00000000895c0000)
  to   space 17024K,   0% used [0x00000000895c0000, 0x00000000895c0000, 0x000000008a660000)
 concurrent mark-sweep generation total 1926784K, used 187172K [0x000000008a660000, 0x0000000100000000, 0x0000000100000000)
 Metaspace       used 85424K, capacity 91190K, committed 91544K, reserved 1130496K
  class space    used 10406K, capacity 10802K, committed 10912K, reserved 1048576K
}
2017-07-31T23:25:53.738+0000: 2105.312: Total time for which application threads were stopped: 0.0234225 seconds, Stopping threads took: 0.0000903 seconds
2017-07-31T23:25:53.739+0000: 2105.312: Total time for which application threads were stopped: 0.0001339 seconds, Stopping threads took: 0.0000387 seconds
2017-07-31T23:25:53.739+0000: 2105.312: Total time for which application threads were stopped: 0.0001144 seconds, Stopping threads took: 0.0000619 seconds
2017-07-31T23:25:53.739+0000: 2105.312: Total time for which application threads were stopped: 0.0000730 seconds, Stopping threads took: 0.0000166 seconds
2017-07-31T23:25:53.739+0000: 2105.313: Total time for which application threads were stopped: 0.0001137 seconds, Stopping threads took: 0.0000373 seconds
2017-07-31T23:25:53.739+0000: 2105.313: Total time for which application threads were stopped: 0.0000917 seconds, Stopping threads took: 0.0000203 seconds
2017-07-31T23:25:53.740+0000: 2105.313: Total time for which application threads were stopped: 0.0000984 seconds, Stopping threads took: 0.0000492 seconds
2017-07-31T23:25:53.740+0000: 2105.313: Total time for which application threads were stopped: 0.0000690 seconds, Stopping threads took: 0.0000211 seconds
2017-07-31T23:25:53.740+0000: 2105.313: Total time for which application threads were stopped: 0.0001281 seconds, Stopping threads took: 0.0000706 seconds
2017-07-31T23:25:53.740+0000: 2105.313: Total time for which application threads were stopped: 0.0001565 seconds, Stopping threads took: 0.0000722 seconds
2017-07-31T23:25:53.740+0000: 2105.313: Total time for which application threads were stopped: 0.0001033 seconds, Stopping threads took: 0.0000467 seconds
2017-07-31T23:25:53.740+0000: 2105.314: Total time for which application threads were stopped: 0.0001207 seconds, Stopping threads took: 0.0000427 seconds
2017-07-31T23:25:53.740+0000: 2105.314: Total time for which application threads were stopped: 0.0000704 seconds, Stopping threads took: 0.0000242 seconds
2017-07-31T23:25:53.741+0000: 2105.314: Total time for which application threads were stopped: 0.0001067 seconds, Stopping threads took: 0.0000504 seconds
2017-07-31T23:25:53.741+0000: 2105.314: Total time for which application threads were stopped: 0.0000660 seconds, Stopping threads took: 0.0000199 seconds
2017-07-31T23:25:53.741+0000: 2105.314: Total time for which application threads were stopped: 0.0001073 seconds, Stopping threads took: 0.0000464 seconds
2017-07-31T23:25:53.741+0000: 2105.314: Total time for which application threads were stopped: 0.0001030 seconds, Stopping threads took: 0.0000445 seconds
2017-07-31T23:25:53.741+0000: 2105.314: Total time for which application threads were stopped: 0.0001054 seconds, Stopping threads took: 0.0000438 seconds
2017-07-31T23:25:53.741+0000: 2105.314: Total time for which application threads were stopped: 0.0000864 seconds, Stopping threads took: 0.0000252 seconds
2017-07-31T23:25:53.741+0000: 2105.314: Total time for which application threads were stopped: 0.0001053 seconds, Stopping threads took: 0.0000462 seconds
2017-07-31T23:25:53.743+0000: 2105.316: Total time for which application threads were stopped: 0.0003258 seconds, Stopping threads took: 0.0001045 seconds
2017-07-31T23:25:54.743+0000: 2106.316: Total time for which application threads were stopped: 0.0001560 seconds, Stopping threads took: 0.0000442 seconds
2017-07-31T23:25:57.744+0000: 2109.317: Total time for which application threads were stopped: 0.0001627 seconds, Stopping threads took: 0.0000457 seconds
2017-07-31T23:26:02.744+0000: 2114.318: Total time for which application threads were stopped: 0.0001497 seconds, Stopping threads took: 0.0000511 seconds
2017-07-31T23:26:23.747+0000: 2135.320: Total time for which application threads were stopped: 0.0001695 seconds, Stopping threads took: 0.0000458 seconds
2017-07-31T23:26:31.748+0000: 2143.322: Total time for which application threads were stopped: 0.0001646 seconds, Stopping threads took: 0.0000646 seconds
2017-07-31T23:26:32.749+0000: 2144.322: Total time for which application threads were stopped: 0.0001613 seconds, Stopping threads took: 0.0000455 seconds
2017-07-31T23:26:50.753+0000: 2162.326: Total time for which application threads were stopped: 0.0001594 seconds, Stopping threads took: 0.0000385 seconds
2017-07-31T23:26:57.753+0000: 2169.327: Total time for which application threads were stopped: 0.0001746 seconds, Stopping threads took: 0.0000406 seconds
{Heap before GC invocations=62 (full 2):
 par new generation   total 153344K, used 143630K [0x0000000080000000, 0x000000008a660000, 0x000000008a660000)
  eden space 136320K, 100% used [0x0000000080000000, 0x0000000088520000, 0x0000000088520000)
  from space 17024K,  42% used [0x0000000088520000, 0x0000000088c43bf0, 0x00000000895c0000)
  to   space 17024K,   0% used [0x00000000895c0000, 0x00000000895c0000, 0x000000008a660000)
 concurrent mark-sweep generation total 1926784K, used 187172K [0x000000008a660000, 0x0000000100000000, 0x0000000100000000)
 Metaspace       used 85427K, capacity 91190K, committed 91544K, reserved 1130496K
  class space    used 10406K, capacity 10802K, committed 10912K, reserved 1048576K
2017-07-31T23:27:10.502+0000: 2182.075: [GC (Allocation Failure) Before GC:
Statistics for BinaryTreeDictionary:
------------------------------------
Total Free Space: 222531495
Max   Chunk Size: 222531495
Number of Blocks: 1
Av.  Block  Size: 222531495
Tree      Height: 1
2017-07-31T23:27:10.502+0000: 2182.075: [ParNew
Desired survivor size 8716288 bytes, new threshold 6 (max 6)
- age   1:    1441568 bytes,    1441568 total
- age   2:     815440 bytes,    2257008 total
- age   3:     662760 bytes,    2919768 total
- age   4:     667536 bytes,    3587304 total
- age   5:     615568 bytes,    4202872 total
- age   6:     588240 bytes,    4791112 total
: 143630K->7101K(153344K), 0.0232552 secs] 330803K->194890K(2080128K)After GC:
Statistics for BinaryTreeDictionary:
------------------------------------
Total Free Space: 222453078
Max   Chunk Size: 222453078
Number of Blocks: 1
Av.  Block  Size: 222453078
Tree      Height: 1
, 0.0233438 secs] [Times: user=0.05 sys=0.00, real=0.03 secs] 
Heap after GC invocations=63 (full 2):
 par new generation   total 153344K, used 7101K [0x0000000080000000, 0x000000008a660000, 0x000000008a660000)
  eden space 136320K,   0% used [0x0000000080000000, 0x0000000080000000, 0x0000000088520000)
  from space 17024K,  41% used [0x00000000895c0000, 0x0000000089caf608, 0x000000008a660000)
  to   space 17024K,   0% used [0x0000000088520000, 0x0000000088520000, 0x00000000895c0000)
 concurrent mark-sweep generation total 1926784K, used 187788K [0x000000008a660000, 0x0000000100000000, 0x0000000100000000)
 Metaspace       used 85427K, capacity 91190K, committed 91544K, reserved 1130496K
  class space    used 10406K, capacity 10802K, committed 10912K, reserved 1048576K
}
2017-07-31T23:27:10.525+0000: 2182.098: Total time for which application threads were stopped: 0.0245503 seconds, Stopping threads took: 0.0010146 seconds
2017-07-31T23:27:10.525+0000: 2182.099: Total time for which application threads were stopped: 0.0001494 seconds, Stopping threads took: 0.0000413 seconds
2017-07-31T23:27:10.526+0000: 2182.099: Total time for which application threads were stopped: 0.0001658 seconds, Stopping threads took: 0.0000679 seconds
2017-07-31T23:27:10.526+0000: 2182.100: Total time for which application threads were stopped: 0.0001292 seconds, Stopping threads took: 0.0000648 seconds
2017-07-31T23:27:10.526+0000: 2182.100: Total time for which application threads were stopped: 0.0000709 seconds, Stopping threads took: 0.0000216 seconds
2017-07-31T23:27:10.527+0000: 2182.100: Total time for which application threads were stopped: 0.0000830 seconds, Stopping threads took: 0.0000285 seconds
2017-07-31T23:27:10.527+0000: 2182.100: Total time for which application threads were stopped: 0.0000728 seconds, Stopping threads took: 0.0000224 seconds
2017-07-31T23:27:10.527+0000: 2182.100: Total time for which application threads were stopped: 0.0000970 seconds, Stopping threads took: 0.0000350 seconds
2017-07-31T23:27:10.527+0000: 2182.100: Total time for which application threads were stopped: 0.0000760 seconds, Stopping threads took: 0.0000175 seconds
2017-07-31T23:27:10.527+0000: 2182.100: Total time for which application threads were stopped: 0.0001152 seconds, Stopping threads took: 0.0000503 seconds
2017-07-31T23:27:10.527+0000: 2182.100: Total time for which application threads were stopped: 0.0001147 seconds, Stopping threads took: 0.0000477 seconds
2017-07-31T23:27:10.527+0000: 2182.101: Total time for which application threads were stopped: 0.0001330 seconds, Stopping threads took: 0.0000690 seconds
2017-07-31T23:27:10.527+0000: 2182.101: Total time for which application threads were stopped: 0.0000733 seconds, Stopping threads took: 0.0000222 seconds
2017-07-31T23:27:10.528+0000: 2182.101: Total time for which application threads were stopped: 0.0001134 seconds, Stopping threads took: 0.0000506 seconds
2017-07-31T23:27:10.528+0000: 2182.101: Total time for which application threads were stopped: 0.0000687 seconds, Stopping threads took: 0.0000178 seconds
2017-07-31T23:27:10.528+0000: 2182.101: Total time for which application threads were stopped: 0.0000699 seconds, Stopping threads took: 0.0000193 seconds
2017-07-31T23:27:10.528+0000: 2182.101: Total time for which application threads were stopped: 0.0001344 seconds, Stopping threads took: 0.0000688 seconds
2017-07-31T23:27:10.528+0000: 2182.101: Total time for which application threads were stopped: 0.0001092 seconds, Stopping threads took: 0.0000390 seconds
2017-07-31T23:27:10.528+0000: 2182.101: Total time for which application threads were stopped: 0.0000971 seconds, Stopping threads took: 0.0000217 seconds
2017-07-31T23:27:10.528+0000: 2182.102: Total time for which application threads were stopped: 0.0001146 seconds, Stopping threads took: 0.0000516 seconds
2017-07-31T23:27:10.529+0000: 2182.102: Total time for which application threads were stopped: 0.0002747 seconds, Stopping threads took: 0.0000282 seconds
2017-07-31T23:27:11.529+0000: 2183.102: Total time for which application threads were stopped: 0.0001835 seconds, Stopping threads took: 0.0000593 seconds
2017-07-31T23:27:12.529+0000: 2184.103: Total time for which application threads were stopped: 0.0001540 seconds, Stopping threads took: 0.0000402 seconds
2017-07-31T23:27:16.530+0000: 2188.103: Total time for which application threads were stopped: 0.0001437 seconds, Stopping threads took: 0.0000453 seconds
2017-07-31T23:27:39.532+0000: 2211.106: Total time for which application threads were stopped: 0.0001887 seconds, Stopping threads took: 0.0000438 seconds
2017-07-31T23:28:19.536+0000: 2251.110: Total time for which application threads were stopped: 0.0001667 seconds, Stopping threads took: 0.0000681 seconds
2017-07-31T23:28:24.537+0000: 2256.110: Total time for which application threads were stopped: 0.0001493 seconds, Stopping threads took: 0.0000540 seconds
{Heap before GC invocations=63 (full 2):
 par new generation   total 153344K, used 143421K [0x0000000080000000, 0x000000008a660000, 0x000000008a660000)
  eden space 136320K, 100% used [0x0000000080000000, 0x0000000088520000, 0x0000000088520000)
  from space 17024K,  41% used [0x00000000895c0000, 0x0000000089caf608, 0x000000008a660000)
  to   space 17024K,   0% used [0x0000000088520000, 0x0000000088520000, 0x00000000895c0000)
 concurrent mark-sweep generation total 1926784K, used 187788K [0x000000008a660000, 0x0000000100000000, 0x0000000100000000)
 Metaspace       used 85428K, capacity 91190K, committed 91544K, reserved 1130496K
  class space    used 10406K, capacity 10802K, committed 10912K, reserved 1048576K
2017-07-31T23:28:27.737+0000: 2259.310: [GC (Allocation Failure) Before GC:
Statistics for BinaryTreeDictionary:
------------------------------------
Total Free Space: 222453078
Max   Chunk Size: 222453078
Number of Blocks: 1
Av.  Block  Size: 222453078
Tree      Height: 1
2017-07-31T23:28:27.737+0000: 2259.310: [ParNew
Desired survivor size 8716288 bytes, new threshold 6 (max 6)
- age   1:    1441216 bytes,    1441216 total
- age   2:     715240 bytes,    2156456 total
- age   3:     756264 bytes,    2912720 total
- age   4:     634912 bytes,    3547632 total
- age   5:     649904 bytes,    4197536 total
- age   6:     603256 bytes,    4800792 total
: 143421K->7034K(153344K), 0.0223816 secs] 331210K->195404K(2080128K)After GC:
Statistics for BinaryTreeDictionary:
------------------------------------
Total Free Space: 222382157
Max   Chunk Size: 222382157
Number of Blocks: 1
Av.  Block  Size: 222382157
Tree      Height: 1
, 0.0224885 secs] [Times: user=0.06 sys=0.00, real=0.02 secs] 
Heap after GC invocations=64 (full 2):
 par new generation   total 153344K, used 7034K [0x0000000080000000, 0x000000008a660000, 0x000000008a660000)
  eden space 136320K,   0% used [0x0000000080000000, 0x0000000080000000, 0x0000000088520000)
  from space 17024K,  41% used [0x0000000088520000, 0x0000000088bfeb20, 0x00000000895c0000)
  to   space 17024K,   0% used [0x00000000895c0000, 0x00000000895c0000, 0x000000008a660000)
 concurrent mark-sweep generation total 1926784K, used 188369K [0x000000008a660000, 0x0000000100000000, 0x0000000100000000)
 Metaspace       used 85428K, capacity 91190K, committed 91544K, reserved 1130496K
  class space    used 10406K, capacity 10802K, committed 10912K, reserved 1048576K
}
2017-07-31T23:28:27.759+0000: 2259.332: Total time for which application threads were stopped: 0.0227034 seconds, Stopping threads took: 0.0000405 seconds
2017-07-31T23:28:27.769+0000: 2259.342: Total time for which application threads were stopped: 0.0001672 seconds, Stopping threads took: 0.0000490 seconds
2017-07-31T23:28:27.769+0000: 2259.343: Total time for which application threads were stopped: 0.0001114 seconds, Stopping threads took: 0.0000396 seconds
2017-07-31T23:28:27.769+0000: 2259.343: Total time for which application threads were stopped: 0.0000958 seconds, Stopping threads took: 0.0000388 seconds
2017-07-31T23:28:27.770+0000: 2259.343: Total time for which application threads were stopped: 0.0001001 seconds, Stopping threads took: 0.0000413 seconds
2017-07-31T23:28:27.770+0000: 2259.343: Total time for which application threads were stopped: 0.0000798 seconds, Stopping threads took: 0.0000289 seconds
2017-07-31T23:28:27.770+0000: 2259.343: Total time for which application threads were stopped: 0.0001054 seconds, Stopping threads took: 0.0000430 seconds
2017-07-31T23:28:27.770+0000: 2259.343: Total time for which application threads were stopped: 0.0000945 seconds, Stopping threads took: 0.0000223 seconds
2017-07-31T23:28:27.770+0000: 2259.343: Total time for which application threads were stopped: 0.0000687 seconds, Stopping threads took: 0.0000204 seconds
2017-07-31T23:28:27.770+0000: 2259.343: Total time for which application threads were stopped: 0.0001086 seconds, Stopping threads took: 0.0000508 seconds
2017-07-31T23:28:27.770+0000: 2259.344: Total time for which application threads were stopped: 0.0000650 seconds, Stopping threads took: 0.0000182 seconds
2017-07-31T23:28:27.770+0000: 2259.344: Total time for which application threads were stopped: 0.0000824 seconds, Stopping threads took: 0.0000277 seconds
2017-07-31T23:28:27.771+0000: 2259.344: Total time for which application threads were stopped: 0.0000687 seconds, Stopping threads took: 0.0000194 seconds
2017-07-31T23:28:27.771+0000: 2259.344: Total time for which application threads were stopped: 0.0000669 seconds, Stopping threads took: 0.0000187 seconds
2017-07-31T23:28:27.771+0000: 2259.344: Total time for which application threads were stopped: 0.0000945 seconds, Stopping threads took: 0.0000478 seconds
2017-07-31T23:28:27.771+0000: 2259.344: Total time for which application threads were stopped: 0.0000970 seconds, Stopping threads took: 0.0000415 seconds
2017-07-31T23:28:27.771+0000: 2259.344: Total time for which application threads were stopped: 0.0000993 seconds, Stopping threads took: 0.0000298 seconds
2017-07-31T23:28:27.771+0000: 2259.344: Total time for which application threads were stopped: 0.0000855 seconds, Stopping threads took: 0.0000340 seconds
2017-07-31T23:28:27.771+0000: 2259.344: Total time for which application threads were stopped: 0.0000667 seconds, Stopping threads took: 0.0000189 seconds
2017-07-31T23:28:27.771+0000: 2259.345: Total time for which application threads were stopped: 0.0001214 seconds, Stopping threads took: 0.0000521 seconds
2017-07-31T23:28:27.772+0000: 2259.345: Total time for which application threads were stopped: 0.0002837 seconds, Stopping threads took: 0.0000411 seconds
2017-07-31T23:28:39.773+0000: 2271.346: Total time for which application threads were stopped: 0.0001796 seconds, Stopping threads took: 0.0000689 seconds
2017-07-31T23:28:40.773+0000: 2272.346: Total time for which application threads were stopped: 0.0001447 seconds, Stopping threads took: 0.0000388 seconds
2017-07-31T23:28:49.774+0000: 2281.348: Total time for which application threads were stopped: 0.0002381 seconds, Stopping threads took: 0.0001057 seconds
2017-07-31T23:28:53.775+0000: 2285.348: Total time for which application threads were stopped: 0.0002714 seconds, Stopping threads took: 0.0001284 seconds
2017-07-31T23:29:01.776+0000: 2293.350: Total time for which application threads were stopped: 0.0001775 seconds, Stopping threads took: 0.0000566 seconds
2017-07-31T23:29:10.777+0000: 2302.351: Total time for which application threads were stopped: 0.0001573 seconds, Stopping threads took: 0.0000448 seconds
{Heap before GC invocations=64 (full 2):
 par new generation   total 153344K, used 143354K [0x0000000080000000, 0x000000008a660000, 0x000000008a660000)
  eden space 136320K, 100% used [0x0000000080000000, 0x0000000088520000, 0x0000000088520000)
  from space 17024K,  41% used [0x0000000088520000, 0x0000000088bfeb20, 0x00000000895c0000)
  to   space 17024K,   0% used [0x00000000895c0000, 0x00000000895c0000, 0x000000008a660000)
 concurrent mark-sweep generation total 1926784K, used 188369K [0x000000008a660000, 0x0000000100000000, 0x0000000100000000)
 Metaspace       used 85438K, capacity 91190K, committed 91544K, reserved 1130496K
  class space    used 10406K, capacity 10802K, committed 10912K, reserved 1048576K
2017-07-31T23:29:44.719+0000: 2336.293: [GC (Allocation Failure) Before GC:
Statistics for BinaryTreeDictionary:
------------------------------------
Total Free Space: 222382157
Max   Chunk Size: 222382157
Number of Blocks: 1
Av.  Block  Size: 222382157
Tree      Height: 1
2017-07-31T23:29:44.719+0000: 2336.293: [ParNew
Desired survivor size 8716288 bytes, new threshold 6 (max 6)
- age   1:    1595096 bytes,    1595096 total
- age   2:     744304 bytes,    2339400 total
- age   3:     656328 bytes,    2995728 total
- age   4:     674192 bytes,    3669920 total
- age   5:     620536 bytes,    4290456 total
- age   6:     640336 bytes,    4930792 total
: 143354K->7119K(153344K), 0.0231367 secs] 331724K->196085K(2080128K)After GC:
Statistics for BinaryTreeDictionary:
------------------------------------
Total Free Space: 222305116
Max   Chunk Size: 222305116
Number of Blocks: 1
Av.  Block  Size: 222305116
Tree      Height: 1
, 0.0232345 secs] [Times: user=0.06 sys=0.00, real=0.02 secs] 
Heap after GC invocations=65 (full 2):
 par new generation   total 153344K, used 7119K [0x0000000080000000, 0x000000008a660000, 0x000000008a660000)
  eden space 136320K,   0% used [0x0000000080000000, 0x0000000080000000, 0x0000000088520000)
  from space 17024K,  41% used [0x00000000895c0000, 0x0000000089cb3f88, 0x000000008a660000)
  to   space 17024K,   0% used [0x0000000088520000, 0x0000000088520000, 0x00000000895c0000)
 concurrent mark-sweep generation total 1926784K, used 188965K [0x000000008a660000, 0x0000000100000000, 0x0000000100000000)
 Metaspace       used 85438K, capacity 91190K, committed 91544K, reserved 1130496K
  class space    used 10406K, capacity 10802K, committed 10912K, reserved 1048576K
}
2017-07-31T23:29:44.743+0000: 2336.316: Total time for which application threads were stopped: 0.0234782 seconds, Stopping threads took: 0.0000372 seconds
2017-07-31T23:29:44.743+0000: 2336.316: Total time for which application threads were stopped: 0.0001320 seconds, Stopping threads took: 0.0000302 seconds
2017-07-31T23:29:44.743+0000: 2336.316: Total time for which application threads were stopped: 0.0000744 seconds, Stopping threads took: 0.0000205 seconds
2017-07-31T23:29:44.743+0000: 2336.316: Total time for which application threads were stopped: 0.0000705 seconds, Stopping threads took: 0.0000193 seconds
2017-07-31T23:29:44.743+0000: 2336.317: Total time for which application threads were stopped: 0.0000759 seconds, Stopping threads took: 0.0000240 seconds
2017-07-31T23:29:44.743+0000: 2336.317: Total time for which application threads were stopped: 0.0000723 seconds, Stopping threads took: 0.0000222 seconds
2017-07-31T23:29:44.744+0000: 2336.317: Total time for which application threads were stopped: 0.0001327 seconds, Stopping threads took: 0.0000722 seconds
2017-07-31T23:29:44.744+0000: 2336.317: Total time for which application threads were stopped: 0.0000913 seconds, Stopping threads took: 0.0000299 seconds
2017-07-31T23:29:44.744+0000: 2336.317: Total time for which application threads were stopped: 0.0000798 seconds, Stopping threads took: 0.0000271 seconds
2017-07-31T23:29:44.744+0000: 2336.317: Total time for which application threads were stopped: 0.0000700 seconds, Stopping threads took: 0.0000187 seconds
2017-07-31T23:29:44.744+0000: 2336.317: Total time for which application threads were stopped: 0.0001349 seconds, Stopping threads took: 0.0000636 seconds
2017-07-31T23:29:44.744+0000: 2336.317: Total time for which application threads were stopped: 0.0000713 seconds, Stopping threads took: 0.0000208 seconds
2017-07-31T23:29:44.744+0000: 2336.318: Total time for which application threads were stopped: 0.0000689 seconds, Stopping threads took: 0.0000187 seconds
2017-07-31T23:29:44.744+0000: 2336.318: Total time for which application threads were stopped: 0.0001200 seconds, Stopping threads took: 0.0000523 seconds
2017-07-31T23:29:44.744+0000: 2336.318: Total time for which application threads were stopped: 0.0000736 seconds, Stopping threads took: 0.0000230 seconds
2017-07-31T23:29:44.745+0000: 2336.318: Total time for which application threads were stopped: 0.0001058 seconds, Stopping threads took: 0.0000397 seconds
2017-07-31T23:29:44.745+0000: 2336.318: Total time for which application threads were stopped: 0.0000705 seconds, Stopping threads took: 0.0000199 seconds
2017-07-31T23:29:44.745+0000: 2336.318: Total time for which application threads were stopped: 0.0001242 seconds, Stopping threads took: 0.0000635 seconds
2017-07-31T23:29:44.745+0000: 2336.318: Total time for which application threads were stopped: 0.0000901 seconds, Stopping threads took: 0.0000179 seconds
2017-07-31T23:29:44.745+0000: 2336.318: Total time for which application threads were stopped: 0.0001246 seconds, Stopping threads took: 0.0000652 seconds
2017-07-31T23:29:44.745+0000: 2336.319: Total time for which application threads were stopped: 0.0002551 seconds, Stopping threads took: 0.0000419 seconds
2017-07-31T23:29:45.746+0000: 2337.319: Total time for which application threads were stopped: 0.0001591 seconds, Stopping threads took: 0.0000445 seconds
2017-07-31T23:30:00.752+0000: 2352.325: Total time for which application threads were stopped: 0.0001425 seconds, Stopping threads took: 0.0000413 seconds
2017-07-31T23:30:01.752+0000: 2353.326: Total time for which application threads were stopped: 0.0001611 seconds, Stopping threads took: 0.0000583 seconds
2017-07-31T23:30:15.754+0000: 2367.328: Total time for which application threads were stopped: 0.0001579 seconds, Stopping threads took: 0.0000603 seconds
2017-07-31T23:30:42.757+0000: 2394.331: Total time for which application threads were stopped: 0.0001566 seconds, Stopping threads took: 0.0000424 seconds
{Heap before GC invocations=65 (full 2):
 par new generation   total 153344K, used 143439K [0x0000000080000000, 0x000000008a660000, 0x000000008a660000)
  eden space 136320K, 100% used [0x0000000080000000, 0x0000000088520000, 0x0000000088520000)
  from space 17024K,  41% used [0x00000000895c0000, 0x0000000089cb3f88, 0x000000008a660000)
  to   space 17024K,   0% used [0x0000000088520000, 0x0000000088520000, 0x00000000895c0000)
 concurrent mark-sweep generation total 1926784K, used 188965K [0x000000008a660000, 0x0000000100000000, 0x0000000100000000)
 Metaspace       used 85440K, capacity 91190K, committed 91544K, reserved 1130496K
  class space    used 10406K, capacity 10802K, committed 10912K, reserved 1048576K
2017-07-31T23:30:54.460+0000: 2406.033: [GC (Allocation Failure) Before GC:
Statistics for BinaryTreeDictionary:
------------------------------------
Total Free Space: 222305116
Max   Chunk Size: 222305116
Number of Blocks: 1
Av.  Block  Size: 222305116
Tree      Height: 1
2017-07-31T23:30:54.460+0000: 2406.033: [ParNew
Desired survivor size 8716288 bytes, new threshold 6 (max 6)
- age   1:    1326416 bytes,    1326416 total
- age   2:     855352 bytes,    2181768 total
- age   3:     688976 bytes,    2870744 total
- age   4:     630248 bytes,    3500992 total
- age   5:     569112 bytes,    4070104 total
- age   6:     610504 bytes,    4680608 total
: 143439K->7065K(153344K), 0.0223651 secs] 332405K->196663K(2080128K)After GC:
Statistics for BinaryTreeDictionary:
------------------------------------
Total Free Space: 222223612
Max   Chunk Size: 222223612
Number of Blocks: 1
Av.  Block  Size: 222223612
Tree      Height: 1
, 0.0224597 secs] [Times: user=0.05 sys=0.00, real=0.02 secs] 
Heap after GC invocations=66 (full 2):
 par new generation   total 153344K, used 7065K [0x0000000080000000, 0x000000008a660000, 0x000000008a660000)
  eden space 136320K,   0% used [0x0000000080000000, 0x0000000080000000, 0x0000000088520000)
  from space 17024K,  41% used [0x0000000088520000, 0x0000000088c067c8, 0x00000000895c0000)
  to   space 17024K,   0% used [0x00000000895c0000, 0x00000000895c0000, 0x000000008a660000)
 concurrent mark-sweep generation total 1926784K, used 189597K [0x000000008a660000, 0x0000000100000000, 0x0000000100000000)
 Metaspace       used 85440K, capacity 91190K, committed 91544K, reserved 1130496K
  class space    used 10406K, capacity 10802K, committed 10912K, reserved 1048576K
}
2017-07-31T23:30:54.483+0000: 2406.056: Total time for which application threads were stopped: 0.0227273 seconds, Stopping threads took: 0.0000470 seconds
2017-07-31T23:30:54.483+0000: 2406.056: Total time for which application threads were stopped: 0.0001743 seconds, Stopping threads took: 0.0000665 seconds
2017-07-31T23:30:54.489+0000: 2406.062: Total time for which application threads were stopped: 0.0001149 seconds, Stopping threads took: 0.0000493 seconds
2017-07-31T23:30:54.489+0000: 2406.062: Total time for which application threads were stopped: 0.0000698 seconds, Stopping threads took: 0.0000226 seconds
2017-07-31T23:30:54.489+0000: 2406.062: Total time for which application threads were stopped: 0.0000692 seconds, Stopping threads took: 0.0000222 seconds
2017-07-31T23:30:54.489+0000: 2406.062: Total time for which application threads were stopped: 0.0000861 seconds, Stopping threads took: 0.0000213 seconds
2017-07-31T23:30:54.489+0000: 2406.062: Total time for which application threads were stopped: 0.0000668 seconds, Stopping threads took: 0.0000210 seconds
2017-07-31T23:30:54.489+0000: 2406.063: Total time for which application threads were stopped: 0.0000662 seconds, Stopping threads took: 0.0000207 seconds
2017-07-31T23:30:54.489+0000: 2406.063: Total time for which application threads were stopped: 0.0000840 seconds, Stopping threads took: 0.0000194 seconds
2017-07-31T23:30:54.490+0000: 2406.063: Total time for which application threads were stopped: 0.0000667 seconds, Stopping threads took: 0.0000207 seconds
2017-07-31T23:30:54.490+0000: 2406.063: Total time for which application threads were stopped: 0.0000666 seconds, Stopping threads took: 0.0000211 seconds
2017-07-31T23:30:54.490+0000: 2406.063: Total time for which application threads were stopped: 0.0000972 seconds, Stopping threads took: 0.0000411 seconds
2017-07-31T23:30:54.490+0000: 2406.063: Total time for which application threads were stopped: 0.0000966 seconds, Stopping threads took: 0.0000415 seconds
2017-07-31T23:30:54.490+0000: 2406.063: Total time for which application threads were stopped: 0.0000640 seconds, Stopping threads took: 0.0000186 seconds
2017-07-31T23:30:54.490+0000: 2406.063: Total time for which application threads were stopped: 0.0000816 seconds, Stopping threads took: 0.0000349 seconds
2017-07-31T23:30:54.490+0000: 2406.063: Total time for which application threads were stopped: 0.0000656 seconds, Stopping threads took: 0.0000204 seconds
2017-07-31T23:30:54.490+0000: 2406.064: Total time for which application threads were stopped: 0.0000641 seconds, Stopping threads took: 0.0000184 seconds
2017-07-31T23:30:54.490+0000: 2406.064: Total time for which application threads were stopped: 0.0001056 seconds, Stopping threads took: 0.0000427 seconds
2017-07-31T23:30:54.491+0000: 2406.064: Total time for which application threads were stopped: 0.0000639 seconds, Stopping threads took: 0.0000193 seconds
2017-07-31T23:30:54.491+0000: 2406.064: Total time for which application threads were stopped: 0.0000677 seconds, Stopping threads took: 0.0000223 seconds
2017-07-31T23:30:54.491+0000: 2406.064: Total time for which application threads were stopped: 0.0002112 seconds, Stopping threads took: 0.0000207 seconds
2017-07-31T23:31:09.492+0000: 2421.066: Total time for which application threads were stopped: 0.0001538 seconds, Stopping threads took: 0.0000417 seconds
2017-07-31T23:31:24.494+0000: 2436.067: Total time for which application threads were stopped: 0.0001424 seconds, Stopping threads took: 0.0000443 seconds
2017-07-31T23:31:35.676+0000: 2447.250: Total time for which application threads were stopped: 0.0002077 seconds, Stopping threads took: 0.0000621 seconds
2017-07-31T23:31:35.676+0000: 2447.250: Total time for which application threads were stopped: 0.0000756 seconds, Stopping threads took: 0.0000216 seconds
2017-07-31T23:31:35.677+0000: 2447.250: Total time for which application threads were stopped: 0.0001201 seconds, Stopping threads took: 0.0000397 seconds
2017-07-31T23:31:35.677+0000: 2447.250: Total time for which application threads were stopped: 0.0001288 seconds, Stopping threads took: 0.0000595 seconds
2017-07-31T23:31:35.677+0000: 2447.250: Total time for which application threads were stopped: 0.0001070 seconds, Stopping threads took: 0.0000307 seconds
2017-07-31T23:31:35.677+0000: 2447.251: Total time for which application threads were stopped: 0.0000867 seconds, Stopping threads took: 0.0000202 seconds
2017-07-31T23:31:36.697+0000: 2448.270: Total time for which application threads were stopped: 0.0001984 seconds, Stopping threads took: 0.0000605 seconds
2017-07-31T23:31:36.697+0000: 2448.270: Total time for which application threads were stopped: 0.0000710 seconds, Stopping threads took: 0.0000195 seconds
2017-07-31T23:31:36.697+0000: 2448.270: Total time for which application threads were stopped: 0.0000986 seconds, Stopping threads took: 0.0000222 seconds
2017-07-31T23:31:36.697+0000: 2448.271: Total time for which application threads were stopped: 0.0000686 seconds, Stopping threads took: 0.0000188 seconds
2017-07-31T23:31:36.697+0000: 2448.271: Total time for which application threads were stopped: 0.0000771 seconds, Stopping threads took: 0.0000225 seconds
2017-07-31T23:31:36.698+0000: 2448.271: Total time for which application threads were stopped: 0.0000897 seconds, Stopping threads took: 0.0000181 seconds
2017-07-31T23:31:42.698+0000: 2454.272: Total time for which application threads were stopped: 0.0001591 seconds, Stopping threads took: 0.0000448 seconds
{Heap before GC invocations=66 (full 2):
 par new generation   total 153344K, used 143385K [0x0000000080000000, 0x000000008a660000, 0x000000008a660000)
  eden space 136320K, 100% used [0x0000000080000000, 0x0000000088520000, 0x0000000088520000)
  from space 17024K,  41% used [0x0000000088520000, 0x0000000088c067c8, 0x00000000895c0000)
  to   space 17024K,   0% used [0x00000000895c0000, 0x00000000895c0000, 0x000000008a660000)
 concurrent mark-sweep generation total 1926784K, used 189597K [0x000000008a660000, 0x0000000100000000, 0x0000000100000000)
 Metaspace       used 85441K, capacity 91190K, committed 91544K, reserved 1130496K
  class space    used 10406K, capacity 10802K, committed 10912K, reserved 1048576K
2017-07-31T23:32:14.155+0000: 2485.728: [GC (Allocation Failure) Before GC:
Statistics for BinaryTreeDictionary:
------------------------------------
Total Free Space: 222223612
Max   Chunk Size: 222223612
Number of Blocks: 1
Av.  Block  Size: 222223612
Tree      Height: 1
2017-07-31T23:32:14.155+0000: 2485.728: [ParNew
Desired survivor size 8716288 bytes, new threshold 6 (max 6)
- age   1:    1421872 bytes,    1421872 total
- age   2:     649904 bytes,    2071776 total
- age   3:     792776 bytes,    2864552 total
- age   4:     660024 bytes,    3524576 total
- age   5:     614072 bytes,    4138648 total
- age   6:     559760 bytes,    4698408 total
: 143385K->6906K(153344K), 0.0232377 secs] 332983K->197106K(2080128K)After GC:
Statistics for BinaryTreeDictionary:
------------------------------------
Total Free Space: 222145164
Max   Chunk Size: 222145164
Number of Blocks: 1
Av.  Block  Size: 222145164
Tree      Height: 1
, 0.0233278 secs] [Times: user=0.05 sys=0.00, real=0.02 secs] 
Heap after GC invocations=67 (full 2):
 par new generation   total 153344K, used 6906K [0x0000000080000000, 0x000000008a660000, 0x000000008a660000)
  eden space 136320K,   0% used [0x0000000080000000, 0x0000000080000000, 0x0000000088520000)
  from space 17024K,  40% used [0x00000000895c0000, 0x0000000089c7e8e0, 0x000000008a660000)
  to   space 17024K,   0% used [0x0000000088520000, 0x0000000088520000, 0x00000000895c0000)
 concurrent mark-sweep generation total 1926784K, used 190200K [0x000000008a660000, 0x0000000100000000, 0x0000000100000000)
 Metaspace       used 85441K, capacity 91190K, committed 91544K, reserved 1130496K
  class space    used 10406K, capacity 10802K, committed 10912K, reserved 1048576K
}
2017-07-31T23:32:14.178+0000: 2485.751: Total time for which application threads were stopped: 0.0235971 seconds, Stopping threads took: 0.0000410 seconds
2017-07-31T23:32:14.179+0000: 2485.752: Total time for which application threads were stopped: 0.0001427 seconds, Stopping threads took: 0.0000358 seconds
2017-07-31T23:32:14.179+0000: 2485.752: Total time for which application threads were stopped: 0.0000715 seconds, Stopping threads took: 0.0000225 seconds
2017-07-31T23:32:14.179+0000: 2485.752: Total time for which application threads were stopped: 0.0001066 seconds, Stopping threads took: 0.0000265 seconds
2017-07-31T23:32:14.179+0000: 2485.752: Total time for which application threads were stopped: 0.0000689 seconds, Stopping threads took: 0.0000206 seconds
2017-07-31T23:32:14.179+0000: 2485.752: Total time for which application threads were stopped: 0.0000726 seconds, Stopping threads took: 0.0000186 seconds
2017-07-31T23:32:14.179+0000: 2485.753: Total time for which application threads were stopped: 0.0001134 seconds, Stopping threads took: 0.0000321 seconds
2017-07-31T23:32:14.186+0000: 2485.759: Total time for which application threads were stopped: 0.0001067 seconds, Stopping threads took: 0.0000417 seconds
2017-07-31T23:32:14.186+0000: 2485.759: Total time for which application threads were stopped: 0.0000872 seconds, Stopping threads took: 0.0000202 seconds
2017-07-31T23:32:14.186+0000: 2485.760: Total time for which application threads were stopped: 0.0001470 seconds, Stopping threads took: 0.0000560 seconds
2017-07-31T23:32:14.187+0000: 2485.760: Total time for which application threads were stopped: 0.0001010 seconds, Stopping threads took: 0.0000526 seconds
2017-07-31T23:32:14.187+0000: 2485.760: Total time for which application threads were stopped: 0.0001402 seconds, Stopping threads took: 0.0000380 seconds
2017-07-31T23:32:14.187+0000: 2485.760: Total time for which application threads were stopped: 0.0001005 seconds, Stopping threads took: 0.0000381 seconds
2017-07-31T23:32:14.187+0000: 2485.760: Total time for which application threads were stopped: 0.0001458 seconds, Stopping threads took: 0.0000841 seconds
2017-07-31T23:32:14.187+0000: 2485.761: Total time for which application threads were stopped: 0.0000982 seconds, Stopping threads took: 0.0000476 seconds
2017-07-31T23:32:14.187+0000: 2485.761: Total time for which application threads were stopped: 0.0001169 seconds, Stopping threads took: 0.0000557 seconds
2017-07-31T23:32:14.188+0000: 2485.761: Total time for which application threads were stopped: 0.0000935 seconds, Stopping threads took: 0.0000312 seconds
2017-07-31T23:32:14.188+0000: 2485.762: Total time for which application threads were stopped: 0.0001522 seconds, Stopping threads took: 0.0000840 seconds
2017-07-31T23:32:14.189+0000: 2485.762: Total time for which application threads were stopped: 0.0001441 seconds, Stopping threads took: 0.0000629 seconds
2017-07-31T23:32:14.189+0000: 2485.763: Total time for which application threads were stopped: 0.0001107 seconds, Stopping threads took: 0.0000335 seconds
2017-07-31T23:32:14.190+0000: 2485.763: Total time for which application threads were stopped: 0.0002894 seconds, Stopping threads took: 0.0000402 seconds
2017-07-31T23:32:53.198+0000: 2524.772: Total time for which application threads were stopped: 0.0001532 seconds, Stopping threads took: 0.0000438 seconds
2017-07-31T23:32:54.199+0000: 2525.772: Total time for which application threads were stopped: 0.0001446 seconds, Stopping threads took: 0.0000445 seconds
2017-07-31T23:33:02.200+0000: 2533.773: Total time for which application threads were stopped: 0.0001470 seconds, Stopping threads took: 0.0000466 seconds
2017-07-31T23:33:10.201+0000: 2541.774: Total time for which application threads were stopped: 0.0001681 seconds, Stopping threads took: 0.0000570 seconds
2017-07-31T23:33:16.201+0000: 2547.775: Total time for which application threads were stopped: 0.0001674 seconds, Stopping threads took: 0.0000418 seconds
{Heap before GC invocations=67 (full 2):
 par new generation   total 153344K, used 143226K [0x0000000080000000, 0x000000008a660000, 0x000000008a660000)
  eden space 136320K, 100% used [0x0000000080000000, 0x0000000088520000, 0x0000000088520000)
  from space 17024K,  40% used [0x00000000895c0000, 0x0000000089c7e8e0, 0x000000008a660000)
  to   space 17024K,   0% used [0x0000000088520000, 0x0000000088520000, 0x00000000895c0000)
 concurrent mark-sweep generation total 1926784K, used 190200K [0x000000008a660000, 0x0000000100000000, 0x0000000100000000)
 Metaspace       used 85442K, capacity 91190K, committed 91544K, reserved 1130496K
  class space    used 10406K, capacity 10802K, committed 10912K, reserved 1048576K
2017-07-31T23:33:32.062+0000: 2563.636: [GC (Allocation Failure) Before GC:
Statistics for BinaryTreeDictionary:
------------------------------------
Total Free Space: 222145164
Max   Chunk Size: 222145164
Number of Blocks: 1
Av.  Block  Size: 222145164
Tree      Height: 1
2017-07-31T23:33:32.063+0000: 2563.636: [ParNew
Desired survivor size 8716288 bytes, new threshold 6 (max 6)
- age   1:    1502464 bytes,    1502464 total
- age   2:     692712 bytes,    2195176 total
- age   3:     587608 bytes,    2782784 total
- age   4:     762192 bytes,    3544976 total
- age   5:     642728 bytes,    4187704 total
- age   6:     605352 bytes,    4793056 total
: 143226K->6883K(153344K), 0.0228366 secs] 333426K->197636K(2080128K)After GC:
Statistics for BinaryTreeDictionary:
------------------------------------
Total Free Space: 222075140
Max   Chunk Size: 222075140
Number of Blocks: 1
Av.  Block  Size: 222075140
Tree      Height: 1
, 0.0229209 secs] [Times: user=0.06 sys=0.00, real=0.03 secs] 
Heap after GC invocations=68 (full 2):
 par new generation   total 153344K, used 6883K [0x0000000080000000, 0x000000008a660000, 0x000000008a660000)
  eden space 136320K,   0% used [0x0000000080000000, 0x0000000080000000, 0x0000000088520000)
  from space 17024K,  40% used [0x0000000088520000, 0x0000000088bd8e90, 0x00000000895c0000)
  to   space 17024K,   0% used [0x00000000895c0000, 0x00000000895c0000, 0x000000008a660000)
 concurrent mark-sweep generation total 1926784K, used 190752K [0x000000008a660000, 0x0000000100000000, 0x0000000100000000)
 Metaspace       used 85442K, capacity 91190K, committed 91544K, reserved 1130496K
  class space    used 10406K, capacity 10802K, committed 10912K, reserved 1048576K
}
2017-07-31T23:33:32.085+0000: 2563.659: Total time for which application threads were stopped: 0.0232059 seconds, Stopping threads took: 0.0000453 seconds
2017-07-31T23:33:32.086+0000: 2563.659: Total time for which application threads were stopped: 0.0001189 seconds, Stopping threads took: 0.0000297 seconds
2017-07-31T23:33:32.086+0000: 2563.659: Total time for which application threads were stopped: 0.0000667 seconds, Stopping threads took: 0.0000193 seconds
2017-07-31T23:33:32.086+0000: 2563.659: Total time for which application threads were stopped: 0.0001376 seconds, Stopping threads took: 0.0000856 seconds
2017-07-31T23:33:32.087+0000: 2563.660: Total time for which application threads were stopped: 0.0001366 seconds, Stopping threads took: 0.0000526 seconds
2017-07-31T23:33:32.087+0000: 2563.661: Total time for which application threads were stopped: 0.0001299 seconds, Stopping threads took: 0.0000692 seconds
2017-07-31T23:33:32.087+0000: 2563.661: Total time for which application threads were stopped: 0.0001026 seconds, Stopping threads took: 0.0000439 seconds
2017-07-31T23:33:32.088+0000: 2563.661: Total time for which application threads were stopped: 0.0001185 seconds, Stopping threads took: 0.0000264 seconds
2017-07-31T23:33:32.088+0000: 2563.661: Total time for which application threads were stopped: 0.0001026 seconds, Stopping threads took: 0.0000415 seconds
2017-07-31T23:33:32.088+0000: 2563.661: Total time for which application threads were stopped: 0.0000701 seconds, Stopping threads took: 0.0000221 seconds
2017-07-31T23:33:32.088+0000: 2563.661: Total time for which application threads were stopped: 0.0001255 seconds, Stopping threads took: 0.0000539 seconds
2017-07-31T23:33:32.088+0000: 2563.662: Total time for which application threads were stopped: 0.0001033 seconds, Stopping threads took: 0.0000448 seconds
2017-07-31T23:33:32.088+0000: 2563.662: Total time for which application threads were stopped: 0.0001014 seconds, Stopping threads took: 0.0000395 seconds
2017-07-31T23:33:32.089+0000: 2563.662: Total time for which application threads were stopped: 0.0000699 seconds, Stopping threads took: 0.0000213 seconds
2017-07-31T23:33:32.089+0000: 2563.662: Total time for which application threads were stopped: 0.0000744 seconds, Stopping threads took: 0.0000140 seconds
2017-07-31T23:33:32.089+0000: 2563.662: Total time for which application threads were stopped: 0.0001059 seconds, Stopping threads took: 0.0000565 seconds
2017-07-31T23:33:32.089+0000: 2563.662: Total time for which application threads were stopped: 0.0001006 seconds, Stopping threads took: 0.0000285 seconds
2017-07-31T23:33:32.089+0000: 2563.662: Total time for which application threads were stopped: 0.0001015 seconds, Stopping threads took: 0.0000448 seconds
2017-07-31T23:33:32.089+0000: 2563.662: Total time for which application threads were stopped: 0.0000979 seconds, Stopping threads took: 0.0000399 seconds
2017-07-31T23:33:32.089+0000: 2563.663: Total time for which application threads were stopped: 0.0000913 seconds, Stopping threads took: 0.0000401 seconds
2017-07-31T23:33:32.090+0000: 2563.663: Total time for which application threads were stopped: 0.0002773 seconds, Stopping threads took: 0.0000372 seconds
2017-07-31T23:33:35.090+0000: 2566.663: Total time for which application threads were stopped: 0.0001577 seconds, Stopping threads took: 0.0000437 seconds
2017-07-31T23:33:37.091+0000: 2568.664: Total time for which application threads were stopped: 0.0001908 seconds, Stopping threads took: 0.0000609 seconds
2017-07-31T23:34:06.094+0000: 2597.667: Total time for which application threads were stopped: 0.0001629 seconds, Stopping threads took: 0.0000432 seconds
2017-07-31T23:34:10.556+0000: 2602.130: Total time for which application threads were stopped: 0.0002462 seconds, Stopping threads took: 0.0000413 seconds
2017-07-31T23:34:10.556+0000: 2602.130: Total time for which application threads were stopped: 0.0001036 seconds, Stopping threads took: 0.0000226 seconds
2017-07-31T23:34:10.557+0000: 2602.130: Total time for which application threads were stopped: 0.0001218 seconds, Stopping threads took: 0.0000207 seconds
2017-07-31T23:34:10.557+0000: 2602.130: Total time for which application threads were stopped: 0.0000889 seconds, Stopping threads took: 0.0000176 seconds
2017-07-31T23:34:10.557+0000: 2602.130: Total time for which application threads were stopped: 0.0001258 seconds, Stopping threads took: 0.0000209 seconds
2017-07-31T23:34:10.557+0000: 2602.130: Total time for which application threads were stopped: 0.0000899 seconds, Stopping threads took: 0.0000193 seconds
2017-07-31T23:34:11.578+0000: 2603.151: Total time for which application threads were stopped: 0.0001883 seconds, Stopping threads took: 0.0000421 seconds
2017-07-31T23:34:11.578+0000: 2603.152: Total time for which application threads were stopped: 0.0002903 seconds, Stopping threads took: 0.0000199 seconds
2017-07-31T23:34:11.578+0000: 2603.152: Total time for which application threads were stopped: 0.0000768 seconds, Stopping threads took: 0.0000216 seconds
2017-07-31T23:34:11.579+0000: 2603.152: Total time for which application threads were stopped: 0.0000965 seconds, Stopping threads took: 0.0000372 seconds
2017-07-31T23:34:11.579+0000: 2603.152: Total time for which application threads were stopped: 0.0000750 seconds, Stopping threads took: 0.0000198 seconds
2017-07-31T23:34:11.579+0000: 2603.152: Total time for which application threads were stopped: 0.0000744 seconds, Stopping threads took: 0.0000206 seconds
2017-07-31T23:34:12.638+0000: 2604.211: Total time for which application threads were stopped: 0.0011414 seconds, Stopping threads took: 0.0009554 seconds
2017-07-31T23:34:36.640+0000: 2628.213: Total time for which application threads were stopped: 0.0001618 seconds, Stopping threads took: 0.0000628 seconds
{Heap before GC invocations=68 (full 2):
 par new generation   total 153344K, used 143203K [0x0000000080000000, 0x000000008a660000, 0x000000008a660000)
  eden space 136320K, 100% used [0x0000000080000000, 0x0000000088520000, 0x0000000088520000)
  from space 17024K,  40% used [0x0000000088520000, 0x0000000088bd8e90, 0x00000000895c0000)
  to   space 17024K,   0% used [0x00000000895c0000, 0x00000000895c0000, 0x000000008a660000)
 concurrent mark-sweep generation total 1926784K, used 190752K [0x000000008a660000, 0x0000000100000000, 0x0000000100000000)
 Metaspace       used 85446K, capacity 91190K, committed 91544K, reserved 1130496K
  class space    used 10406K, capacity 10802K, committed 10912K, reserved 1048576K
2017-07-31T23:34:48.273+0000: 2639.846: [GC (Allocation Failure) Before GC:
Statistics for BinaryTreeDictionary:
------------------------------------
Total Free Space: 222075140
Max   Chunk Size: 222075140
Number of Blocks: 1
Av.  Block  Size: 222075140
Tree      Height: 1
2017-07-31T23:34:48.273+0000: 2639.846: [ParNew
Desired survivor size 8716288 bytes, new threshold 6 (max 6)
- age   1:    1586528 bytes,    1586528 total
- age   2:     724448 bytes,    2310976 total
- age   3:     636920 bytes,    2947896 total
- age   4:     561664 bytes,    3509560 total
- age   5:     695712 bytes,    4205272 total
- age   6:     630832 bytes,    4836104 total
: 143203K->7073K(153344K), 0.0231883 secs] 333956K->198421K(2080128K)After GC:
Statistics for BinaryTreeDictionary:
------------------------------------
Total Free Space: 221998371
Max   Chunk Size: 221998371
Number of Blocks: 1
Av.  Block  Size: 221998371
Tree      Height: 1
, 0.0232988 secs] [Times: user=0.06 sys=0.00, real=0.03 secs] 
Heap after GC invocations=69 (full 2):
 par new generation   total 153344K, used 7073K [0x0000000080000000, 0x000000008a660000, 0x000000008a660000)
  eden space 136320K,   0% used [0x0000000080000000, 0x0000000080000000, 0x0000000088520000)
  from space 17024K,  41% used [0x00000000895c0000, 0x0000000089ca85f8, 0x000000008a660000)
  to   space 17024K,   0% used [0x0000000088520000, 0x0000000088520000, 0x00000000895c0000)
 concurrent mark-sweep generation total 1926784K, used 191347K [0x000000008a660000, 0x0000000100000000, 0x0000000100000000)
 Metaspace       used 85446K, capacity 91190K, committed 91544K, reserved 1130496K
  class space    used 10406K, capacity 10802K, committed 10912K, reserved 1048576K
}
2017-07-31T23:34:48.296+0000: 2639.869: Total time for which application threads were stopped: 0.0235478 seconds, Stopping threads took: 0.0000506 seconds
2017-07-31T23:34:48.297+0000: 2639.870: Total time for which application threads were stopped: 0.0001511 seconds, Stopping threads took: 0.0000248 seconds
2017-07-31T23:34:48.298+0000: 2639.871: Total time for which application threads were stopped: 0.0000786 seconds, Stopping threads took: 0.0000279 seconds
2017-07-31T23:34:48.298+0000: 2639.871: Total time for which application threads were stopped: 0.0001141 seconds, Stopping threads took: 0.0000310 seconds
2017-07-31T23:34:48.298+0000: 2639.872: Total time for which application threads were stopped: 0.0001122 seconds, Stopping threads took: 0.0000309 seconds
2017-07-31T23:34:48.298+0000: 2639.872: Total time for which application threads were stopped: 0.0000756 seconds, Stopping threads took: 0.0000253 seconds
2017-07-31T23:34:48.298+0000: 2639.872: Total time for which application threads were stopped: 0.0000680 seconds, Stopping threads took: 0.0000200 seconds
2017-07-31T23:34:48.299+0000: 2639.872: Total time for which application threads were stopped: 0.0001109 seconds, Stopping threads took: 0.0000350 seconds
2017-07-31T23:34:48.299+0000: 2639.872: Total time for which application threads were stopped: 0.0000702 seconds, Stopping threads took: 0.0000214 seconds
2017-07-31T23:34:48.299+0000: 2639.872: Total time for which application threads were stopped: 0.0000664 seconds, Stopping threads took: 0.0000178 seconds
2017-07-31T23:34:48.299+0000: 2639.872: Total time for which application threads were stopped: 0.0000680 seconds, Stopping threads took: 0.0000193 seconds
2017-07-31T23:34:48.299+0000: 2639.872: Total time for which application threads were stopped: 0.0000672 seconds, Stopping threads took: 0.0000193 seconds
2017-07-31T23:34:48.299+0000: 2639.872: Total time for which application threads were stopped: 0.0001242 seconds, Stopping threads took: 0.0000548 seconds
2017-07-31T23:34:48.299+0000: 2639.873: Total time for which application threads were stopped: 0.0000760 seconds, Stopping threads took: 0.0000238 seconds
2017-07-31T23:34:48.299+0000: 2639.873: Total time for which application threads were stopped: 0.0001014 seconds, Stopping threads took: 0.0000427 seconds
2017-07-31T23:34:48.299+0000: 2639.873: Total time for which application threads were stopped: 0.0000744 seconds, Stopping threads took: 0.0000197 seconds
2017-07-31T23:34:48.300+0000: 2639.873: Total time for which application threads were stopped: 0.0000748 seconds, Stopping threads took: 0.0000230 seconds
2017-07-31T23:34:48.300+0000: 2639.873: Total time for which application threads were stopped: 0.0001266 seconds, Stopping threads took: 0.0000705 seconds
2017-07-31T23:34:48.300+0000: 2639.873: Total time for which application threads were stopped: 0.0001086 seconds, Stopping threads took: 0.0000514 seconds
2017-07-31T23:34:48.300+0000: 2639.873: Total time for which application threads were stopped: 0.0000899 seconds, Stopping threads took: 0.0000402 seconds
2017-07-31T23:34:48.300+0000: 2639.874: Total time for which application threads were stopped: 0.0002313 seconds, Stopping threads took: 0.0000188 seconds
2017-07-31T23:35:04.303+0000: 2655.876: Total time for which application threads were stopped: 0.0001522 seconds, Stopping threads took: 0.0000419 seconds
2017-07-31T23:35:31.305+0000: 2682.879: Total time for which application threads were stopped: 0.0001729 seconds, Stopping threads took: 0.0000414 seconds
2017-07-31T23:35:58.308+0000: 2709.881: Total time for which application threads were stopped: 0.0001535 seconds, Stopping threads took: 0.0000408 seconds
{Heap before GC invocations=69 (full 2):
 par new generation   total 153344K, used 143393K [0x0000000080000000, 0x000000008a660000, 0x000000008a660000)
  eden space 136320K, 100% used [0x0000000080000000, 0x0000000088520000, 0x0000000088520000)
  from space 17024K,  41% used [0x00000000895c0000, 0x0000000089ca85f8, 0x000000008a660000)
  to   space 17024K,   0% used [0x0000000088520000, 0x0000000088520000, 0x00000000895c0000)
 concurrent mark-sweep generation total 1926784K, used 191347K [0x000000008a660000, 0x0000000100000000, 0x0000000100000000)
 Metaspace       used 85446K, capacity 91190K, committed 91544K, reserved 1130496K
  class space    used 10406K, capacity 10802K, committed 10912K, reserved 1048576K
2017-07-31T23:36:02.176+0000: 2713.749: [GC (Allocation Failure) Before GC:
Statistics for BinaryTreeDictionary:
------------------------------------
Total Free Space: 221998371
Max   Chunk Size: 221998371
Number of Blocks: 1
Av.  Block  Size: 221998371
Tree      Height: 1
2017-07-31T23:36:02.176+0000: 2713.749: [ParNew
Desired survivor size 8716288 bytes, new threshold 6 (max 6)
- age   1:    1371104 bytes,    1371104 total
- age   2:     845080 bytes,    2216184 total
- age   3:     671704 bytes,    2887888 total
- age   4:     613992 bytes,    3501880 total
- age   5:     548880 bytes,    4050760 total
- age   6:     594088 bytes,    4644848 total
: 143393K->6951K(153344K), 0.0230335 secs] 334741K->198920K(2080128K)After GC:
Statistics for BinaryTreeDictionary:
------------------------------------
Total Free Space: 221920116
Max   Chunk Size: 221920116
Number of Blocks: 1
Av.  Block  Size: 221920116
Tree      Height: 1
, 0.0231328 secs] [Times: user=0.05 sys=0.00, real=0.02 secs] 
Heap after GC invocations=70 (full 2):
 par new generation   total 153344K, used 6951K [0x0000000080000000, 0x000000008a660000, 0x000000008a660000)
  eden space 136320K,   0% used [0x0000000080000000, 0x0000000080000000, 0x0000000088520000)
  from space 17024K,  40% used [0x0000000088520000, 0x0000000088be9c58, 0x00000000895c0000)
  to   space 17024K,   0% used [0x00000000895c0000, 0x00000000895c0000, 0x000000008a660000)
 concurrent mark-sweep generation total 1926784K, used 191969K [0x000000008a660000, 0x0000000100000000, 0x0000000100000000)
 Metaspace       used 85446K, capacity 91190K, committed 91544K, reserved 1130496K
  class space    used 10406K, capacity 10802K, committed 10912K, reserved 1048576K
}
2017-07-31T23:36:02.199+0000: 2713.772: Total time for which application threads were stopped: 0.0233999 seconds, Stopping threads took: 0.0000626 seconds
2017-07-31T23:36:02.199+0000: 2713.773: Total time for which application threads were stopped: 0.0001588 seconds, Stopping threads took: 0.0000610 seconds
2017-07-31T23:36:02.200+0000: 2713.773: Total time for which application threads were stopped: 0.0001047 seconds, Stopping threads took: 0.0000422 seconds
2017-07-31T23:36:02.200+0000: 2713.773: Total time for which application threads were stopped: 0.0000711 seconds, Stopping threads took: 0.0000225 seconds
2017-07-31T23:36:02.212+0000: 2713.785: Total time for which application threads were stopped: 0.0009771 seconds, Stopping threads took: 0.0008923 seconds
2017-07-31T23:36:02.212+0000: 2713.785: Total time for which application threads were stopped: 0.0000690 seconds, Stopping threads took: 0.0000208 seconds
2017-07-31T23:36:02.212+0000: 2713.785: Total time for which application threads were stopped: 0.0000637 seconds, Stopping threads took: 0.0000187 seconds
2017-07-31T23:36:02.212+0000: 2713.785: Total time for which application threads were stopped: 0.0000648 seconds, Stopping threads took: 0.0000188 seconds
2017-07-31T23:36:02.212+0000: 2713.785: Total time for which application threads were stopped: 0.0000680 seconds, Stopping threads took: 0.0000209 seconds
2017-07-31T23:36:02.212+0000: 2713.786: Total time for which application threads were stopped: 0.0000625 seconds, Stopping threads took: 0.0000169 seconds
2017-07-31T23:36:02.212+0000: 2713.786: Total time for which application threads were stopped: 0.0000883 seconds, Stopping threads took: 0.0000212 seconds
2017-07-31T23:36:02.212+0000: 2713.786: Total time for which application threads were stopped: 0.0000668 seconds, Stopping threads took: 0.0000209 seconds
2017-07-31T23:36:02.213+0000: 2713.786: Total time for which application threads were stopped: 0.0000860 seconds, Stopping threads took: 0.0000212 seconds
2017-07-31T23:36:02.213+0000: 2713.786: Total time for which application threads were stopped: 0.0000667 seconds, Stopping threads took: 0.0000206 seconds
2017-07-31T23:36:02.213+0000: 2713.786: Total time for which application threads were stopped: 0.0000856 seconds, Stopping threads took: 0.0000208 seconds
2017-07-31T23:36:02.213+0000: 2713.786: Total time for which application threads were stopped: 0.0000974 seconds, Stopping threads took: 0.0000505 seconds
2017-07-31T23:36:02.213+0000: 2713.786: Total time for which application threads were stopped: 0.0000676 seconds, Stopping threads took: 0.0000225 seconds
2017-07-31T23:36:02.213+0000: 2713.786: Total time for which application threads were stopped: 0.0000663 seconds, Stopping threads took: 0.0000205 seconds
2017-07-31T23:36:02.213+0000: 2713.787: Total time for which application threads were stopped: 0.0000794 seconds, Stopping threads took: 0.0000331 seconds
2017-07-31T23:36:02.213+0000: 2713.787: Total time for which application threads were stopped: 0.0000646 seconds, Stopping threads took: 0.0000189 seconds
2017-07-31T23:36:02.217+0000: 2713.790: Total time for which application threads were stopped: 0.0002711 seconds, Stopping threads took: 0.0000344 seconds
2017-07-31T23:36:10.218+0000: 2721.791: Total time for which application threads were stopped: 0.0001694 seconds, Stopping threads took: 0.0000451 seconds
2017-07-31T23:36:11.218+0000: 2722.792: Total time for which application threads were stopped: 0.0001427 seconds, Stopping threads took: 0.0000436 seconds
2017-07-31T23:36:12.219+0000: 2723.792: Total time for which application threads were stopped: 0.0001675 seconds, Stopping threads took: 0.0000659 seconds
2017-07-31T23:36:15.219+0000: 2726.792: Total time for which application threads were stopped: 0.0001437 seconds, Stopping threads took: 0.0000446 seconds
2017-07-31T23:36:16.219+0000: 2727.792: Total time for which application threads were stopped: 0.0001449 seconds, Stopping threads took: 0.0000456 seconds
2017-07-31T23:36:38.222+0000: 2749.795: Total time for which application threads were stopped: 0.0002537 seconds, Stopping threads took: 0.0000699 seconds
2017-07-31T23:36:40.222+0000: 2751.795: Total time for which application threads were stopped: 0.0001579 seconds, Stopping threads took: 0.0000405 seconds
2017-07-31T23:36:41.222+0000: 2752.796: Total time for which application threads were stopped: 0.0001549 seconds, Stopping threads took: 0.0000401 seconds
2017-07-31T23:36:44.223+0000: 2755.796: Total time for which application threads were stopped: 0.0001390 seconds, Stopping threads took: 0.0000425 seconds
2017-07-31T23:36:51.224+0000: 2762.797: Total time for which application threads were stopped: 0.0001828 seconds, Stopping threads took: 0.0000469 seconds
2017-07-31T23:36:53.224+0000: 2764.797: Total time for which application threads were stopped: 0.0001746 seconds, Stopping threads took: 0.0000398 seconds
2017-07-31T23:36:55.224+0000: 2766.798: Total time for which application threads were stopped: 0.0001449 seconds, Stopping threads took: 0.0000449 seconds
2017-07-31T23:37:01.232+0000: 2772.806: Total time for which application threads were stopped: 0.0001469 seconds, Stopping threads took: 0.0000457 seconds
2017-07-31T23:37:03.233+0000: 2774.806: Total time for which application threads were stopped: 0.0001544 seconds, Stopping threads took: 0.0000404 seconds
2017-07-31T23:37:09.233+0000: 2780.807: Total time for which application threads were stopped: 0.0002342 seconds, Stopping threads took: 0.0000676 seconds
{Heap before GC invocations=70 (full 2):
 par new generation   total 153344K, used 143271K [0x0000000080000000, 0x000000008a660000, 0x000000008a660000)
  eden space 136320K, 100% used [0x0000000080000000, 0x0000000088520000, 0x0000000088520000)
  from space 17024K,  40% used [0x0000000088520000, 0x0000000088be9c58, 0x00000000895c0000)
  to   space 17024K,   0% used [0x00000000895c0000, 0x00000000895c0000, 0x000000008a660000)
 concurrent mark-sweep generation total 1926784K, used 191969K [0x000000008a660000, 0x0000000100000000, 0x0000000100000000)
 Metaspace       used 85448K, capacity 91190K, committed 91544K, reserved 1130496K
  class space    used 10406K, capacity 10802K, committed 10912K, reserved 1048576K
2017-07-31T23:37:17.393+0000: 2788.967: [GC (Allocation Failure) Before GC:
Statistics for BinaryTreeDictionary:
------------------------------------
Total Free Space: 221920116
Max   Chunk Size: 221920116
Number of Blocks: 1
Av.  Block  Size: 221920116
Tree      Height: 1
2017-07-31T23:37:17.394+0000: 2788.967: [ParNew
Desired survivor size 8716288 bytes, new threshold 6 (max 6)
- age   1:    1514264 bytes,    1514264 total
- age   2:     609152 bytes,    2123416 total
- age   3:     777368 bytes,    2900784 total
- age   4:     641104 bytes,    3541888 total
- age   5:     596896 bytes,    4138784 total
- age   6:     538136 bytes,    4676920 total
: 143271K->6836K(153344K), 0.0229517 secs] 335240K->199390K(2080128K)After GC:
Statistics for BinaryTreeDictionary:
------------------------------------
Total Free Space: 221845440
Max   Chunk Size: 221845440
Number of Blocks: 1
Av.  Block  Size: 221845440
Tree      Height: 1
, 0.0230338 secs] [Times: user=0.05 sys=0.00, real=0.02 secs] 
Heap after GC invocations=71 (full 2):
 par new generation   total 153344K, used 6836K [0x0000000080000000, 0x000000008a660000, 0x000000008a660000)
  eden space 136320K,   0% used [0x0000000080000000, 0x0000000080000000, 0x0000000088520000)
  from space 17024K,  40% used [0x00000000895c0000, 0x0000000089c6d318, 0x000000008a660000)
  to   space 17024K,   0% used [0x0000000088520000, 0x0000000088520000, 0x00000000895c0000)
 concurrent mark-sweep generation total 1926784K, used 192554K [0x000000008a660000, 0x0000000100000000, 0x0000000100000000)
 Metaspace       used 85448K, capacity 91190K, committed 91544K, reserved 1130496K
  class space    used 10406K, capacity 10802K, committed 10912K, reserved 1048576K
}
2017-07-31T23:37:17.417+0000: 2788.990: Total time for which application threads were stopped: 0.0233032 seconds, Stopping threads took: 0.0000757 seconds
2017-07-31T23:37:17.417+0000: 2788.990: Total time for which application threads were stopped: 0.0001803 seconds, Stopping threads took: 0.0000721 seconds
2017-07-31T23:37:17.418+0000: 2788.991: Total time for which application threads were stopped: 0.0000952 seconds, Stopping threads took: 0.0000303 seconds
2017-07-31T23:37:17.423+0000: 2788.996: Total time for which application threads were stopped: 0.0001296 seconds, Stopping threads took: 0.0000472 seconds
2017-07-31T23:37:17.423+0000: 2788.996: Total time for which application threads were stopped: 0.0000999 seconds, Stopping threads took: 0.0000421 seconds
2017-07-31T23:37:17.424+0000: 2788.997: Total time for which application threads were stopped: 0.0001188 seconds, Stopping threads took: 0.0000529 seconds
2017-07-31T23:37:17.424+0000: 2788.997: Total time for which application threads were stopped: 0.0000857 seconds, Stopping threads took: 0.0000191 seconds
2017-07-31T23:37:17.424+0000: 2788.997: Total time for which application threads were stopped: 0.0000697 seconds, Stopping threads took: 0.0000197 seconds
2017-07-31T23:37:17.424+0000: 2788.997: Total time for which application threads were stopped: 0.0000707 seconds, Stopping threads took: 0.0000225 seconds
2017-07-31T23:37:17.424+0000: 2788.997: Total time for which application threads were stopped: 0.0000674 seconds, Stopping threads took: 0.0000187 seconds
2017-07-31T23:37:17.424+0000: 2788.997: Total time for which application threads were stopped: 0.0000687 seconds, Stopping threads took: 0.0000223 seconds
2017-07-31T23:37:17.424+0000: 2788.998: Total time for which application threads were stopped: 0.0001019 seconds, Stopping threads took: 0.0000401 seconds
2017-07-31T23:37:17.424+0000: 2788.998: Total time for which application threads were stopped: 0.0001038 seconds, Stopping threads took: 0.0000281 seconds
2017-07-31T23:37:17.425+0000: 2788.998: Total time for which application threads were stopped: 0.0000653 seconds, Stopping threads took: 0.0000182 seconds
2017-07-31T23:37:17.425+0000: 2788.998: Total time for which application threads were stopped: 0.0000654 seconds, Stopping threads took: 0.0000187 seconds
2017-07-31T23:37:17.425+0000: 2788.998: Total time for which application threads were stopped: 0.0000674 seconds, Stopping threads took: 0.0000203 seconds
2017-07-31T23:37:17.425+0000: 2788.998: Total time for which application threads were stopped: 0.0000834 seconds, Stopping threads took: 0.0000269 seconds
2017-07-31T23:37:17.425+0000: 2788.998: Total time for which application threads were stopped: 0.0000768 seconds, Stopping threads took: 0.0000116 seconds
2017-07-31T23:37:17.425+0000: 2788.998: Total time for which application threads were stopped: 0.0000646 seconds, Stopping threads took: 0.0000196 seconds
2017-07-31T23:37:17.425+0000: 2788.999: Total time for which application threads were stopped: 0.0000640 seconds, Stopping threads took: 0.0000180 seconds
2017-07-31T23:37:17.426+0000: 2788.999: Total time for which application threads were stopped: 0.0002401 seconds, Stopping threads took: 0.0000260 seconds
2017-07-31T23:37:22.430+0000: 2794.004: Total time for which application threads were stopped: 0.0001680 seconds, Stopping threads took: 0.0000437 seconds
2017-07-31T23:37:26.431+0000: 2798.004: Total time for which application threads were stopped: 0.0001547 seconds, Stopping threads took: 0.0000446 seconds
2017-07-31T23:37:28.431+0000: 2800.005: Total time for which application threads were stopped: 0.0001720 seconds, Stopping threads took: 0.0000572 seconds
2017-07-31T23:37:30.432+0000: 2802.005: Total time for which application threads were stopped: 0.0001610 seconds, Stopping threads took: 0.0000439 seconds
2017-07-31T23:37:42.433+0000: 2814.006: Total time for which application threads were stopped: 0.0001609 seconds, Stopping threads took: 0.0000604 seconds
2017-07-31T23:37:43.433+0000: 2815.007: Total time for which application threads were stopped: 0.0001618 seconds, Stopping threads took: 0.0000467 seconds
2017-07-31T23:37:44.433+0000: 2816.007: Total time for which application threads were stopped: 0.0001578 seconds, Stopping threads took: 0.0000423 seconds
2017-07-31T23:37:53.450+0000: 2825.024: Total time for which application threads were stopped: 0.0001665 seconds, Stopping threads took: 0.0000577 seconds
2017-07-31T23:37:59.451+0000: 2831.025: Total time for which application threads were stopped: 0.0001511 seconds, Stopping threads took: 0.0000488 seconds
2017-07-31T23:38:09.453+0000: 2841.026: Total time for which application threads were stopped: 0.0001533 seconds, Stopping threads took: 0.0000552 seconds
2017-07-31T23:38:33.455+0000: 2865.029: Total time for which application threads were stopped: 0.0001707 seconds, Stopping threads took: 0.0000442 seconds
{Heap before GC invocations=71 (full 2):
 par new generation   total 153344K, used 143156K [0x0000000080000000, 0x000000008a660000, 0x000000008a660000)
  eden space 136320K, 100% used [0x0000000080000000, 0x0000000088520000, 0x0000000088520000)
  from space 17024K,  40% used [0x00000000895c0000, 0x0000000089c6d318, 0x000000008a660000)
  to   space 17024K,   0% used [0x0000000088520000, 0x0000000088520000, 0x00000000895c0000)
 concurrent mark-sweep generation total 1926784K, used 192554K [0x000000008a660000, 0x0000000100000000, 0x0000000100000000)
 Metaspace       used 85462K, capacity 91254K, committed 91544K, reserved 1130496K
  class space    used 10407K, capacity 10802K, committed 10912K, reserved 1048576K
2017-07-31T23:38:36.089+0000: 2867.663: [GC (Allocation Failure) Before GC:
Statistics for BinaryTreeDictionary:
------------------------------------
Total Free Space: 221845440
Max   Chunk Size: 221845440
Number of Blocks: 1
Av.  Block  Size: 221845440
Tree      Height: 1
2017-07-31T23:38:36.089+0000: 2867.663: [ParNew
Desired survivor size 8716288 bytes, new threshold 6 (max 6)
- age   1:    1551480 bytes,    1551480 total
- age   2:     754776 bytes,    2306256 total
- age   3:     559584 bytes,    2865840 total
- age   4:     696304 bytes,    3562144 total
- age   5:     625712 bytes,    4187856 total
- age   6:     588168 bytes,    4776024 total
: 143156K->6940K(153344K), 0.0240909 secs] 335710K->200024K(2080128K)After GC:
Statistics for BinaryTreeDictionary:
------------------------------------
Total Free Space: 221777503
Max   Chunk Size: 221777503
Number of Blocks: 1
Av.  Block  Size: 221777503
Tree      Height: 1
, 0.0241749 secs] [Times: user=0.05 sys=0.00, real=0.03 secs] 
Heap after GC invocations=72 (full 2):
 par new generation   total 153344K, used 6940K [0x0000000080000000, 0x000000008a660000, 0x000000008a660000)
  eden space 136320K,   0% used [0x0000000080000000, 0x0000000080000000, 0x0000000088520000)
  from space 17024K,  40% used [0x0000000088520000, 0x0000000088be73b0, 0x00000000895c0000)
  to   space 17024K,   0% used [0x00000000895c0000, 0x00000000895c0000, 0x000000008a660000)
 concurrent mark-sweep generation total 1926784K, used 193084K [0x000000008a660000, 0x0000000100000000, 0x0000000100000000)
 Metaspace       used 85462K, capacity 91254K, committed 91544K, reserved 1130496K
  class space    used 10407K, capacity 10802K, committed 10912K, reserved 1048576K
}
2017-07-31T23:38:36.113+0000: 2867.687: Total time for which application threads were stopped: 0.0244176 seconds, Stopping threads took: 0.0000427 seconds
2017-07-31T23:38:36.114+0000: 2867.687: Total time for which application threads were stopped: 0.0001491 seconds, Stopping threads took: 0.0000488 seconds
2017-07-31T23:38:36.114+0000: 2867.687: Total time for which application threads were stopped: 0.0000685 seconds, Stopping threads took: 0.0000196 seconds
2017-07-31T23:38:36.114+0000: 2867.688: Total time for which application threads were stopped: 0.0001056 seconds, Stopping threads took: 0.0000424 seconds
2017-07-31T23:38:36.115+0000: 2867.688: Total time for which application threads were stopped: 0.0000997 seconds, Stopping threads took: 0.0000341 seconds
2017-07-31T23:38:36.115+0000: 2867.688: Total time for which application threads were stopped: 0.0001011 seconds, Stopping threads took: 0.0000441 seconds
2017-07-31T23:38:36.115+0000: 2867.688: Total time for which application threads were stopped: 0.0001362 seconds, Stopping threads took: 0.0000411 seconds
2017-07-31T23:38:36.115+0000: 2867.689: Total time for which application threads were stopped: 0.0001839 seconds, Stopping threads took: 0.0000451 seconds
2017-07-31T23:38:36.116+0000: 2867.689: Total time for which application threads were stopped: 0.0001415 seconds, Stopping threads took: 0.0000645 seconds
2017-07-31T23:38:36.116+0000: 2867.690: Total time for which application threads were stopped: 0.0000749 seconds, Stopping threads took: 0.0000271 seconds
2017-07-31T23:38:36.116+0000: 2867.690: Total time for which application threads were stopped: 0.0001121 seconds, Stopping threads took: 0.0000530 seconds
2017-07-31T23:38:36.117+0000: 2867.690: Total time for which application threads were stopped: 0.0001188 seconds, Stopping threads took: 0.0000586 seconds
2017-07-31T23:38:36.117+0000: 2867.690: Total time for which application threads were stopped: 0.0001023 seconds, Stopping threads took: 0.0000452 seconds
2017-07-31T23:38:36.117+0000: 2867.690: Total time for which application threads were stopped: 0.0000756 seconds, Stopping threads took: 0.0000190 seconds
2017-07-31T23:38:36.117+0000: 2867.690: Total time for which application threads were stopped: 0.0000677 seconds, Stopping threads took: 0.0000216 seconds
2017-07-31T23:38:36.117+0000: 2867.690: Total time for which application threads were stopped: 0.0001378 seconds, Stopping threads took: 0.0000795 seconds
2017-07-31T23:38:36.117+0000: 2867.691: Total time for which application threads were stopped: 0.0001014 seconds, Stopping threads took: 0.0000459 seconds
2017-07-31T23:38:36.117+0000: 2867.691: Total time for which application threads were stopped: 0.0000938 seconds, Stopping threads took: 0.0000265 seconds
2017-07-31T23:38:36.117+0000: 2867.691: Total time for which application threads were stopped: 0.0000813 seconds, Stopping threads took: 0.0000307 seconds
2017-07-31T23:38:36.118+0000: 2867.691: Total time for which application threads were stopped: 0.0000672 seconds, Stopping threads took: 0.0000191 seconds
2017-07-31T23:38:36.118+0000: 2867.691: Total time for which application threads were stopped: 0.0002439 seconds, Stopping threads took: 0.0000259 seconds
2017-07-31T23:38:50.119+0000: 2881.693: Total time for which application threads were stopped: 0.0001666 seconds, Stopping threads took: 0.0000673 seconds
2017-07-31T23:39:09.135+0000: 2900.708: Total time for which application threads were stopped: 0.0001823 seconds, Stopping threads took: 0.0000580 seconds
2017-07-31T23:39:13.135+0000: 2904.709: Total time for which application threads were stopped: 0.0002399 seconds, Stopping threads took: 0.0000933 seconds
2017-07-31T23:39:24.137+0000: 2915.710: Total time for which application threads were stopped: 0.0001549 seconds, Stopping threads took: 0.0000441 seconds
2017-07-31T23:39:32.246+0000: 2923.819: Total time for which application threads were stopped: 0.0002669 seconds, Stopping threads took: 0.0000905 seconds
2017-07-31T23:39:32.246+0000: 2923.819: Total time for which application threads were stopped: 0.0001289 seconds, Stopping threads took: 0.0000443 seconds
2017-07-31T23:39:32.246+0000: 2923.820: Total time for which application threads were stopped: 0.0003057 seconds, Stopping threads took: 0.0000210 seconds
2017-07-31T23:39:32.247+0000: 2923.820: Total time for which application threads were stopped: 0.0001883 seconds, Stopping threads took: 0.0000198 seconds
2017-07-31T23:39:32.247+0000: 2923.820: Total time for which application threads were stopped: 0.0002042 seconds, Stopping threads took: 0.0000205 seconds
2017-07-31T23:39:32.247+0000: 2923.820: Total time for which application threads were stopped: 0.0001732 seconds, Stopping threads took: 0.0000218 seconds
2017-07-31T23:39:33.266+0000: 2924.840: Total time for which application threads were stopped: 0.0001777 seconds, Stopping threads took: 0.0000474 seconds
2017-07-31T23:39:33.267+0000: 2924.840: Total time for which application threads were stopped: 0.0001170 seconds, Stopping threads took: 0.0000532 seconds
2017-07-31T23:39:33.267+0000: 2924.840: Total time for which application threads were stopped: 0.0000778 seconds, Stopping threads took: 0.0000223 seconds
2017-07-31T23:39:33.267+0000: 2924.840: Total time for which application threads were stopped: 0.0001131 seconds, Stopping threads took: 0.0000439 seconds
2017-07-31T23:39:33.286+0000: 2924.860: Total time for which application threads were stopped: 0.0001189 seconds, Stopping threads took: 0.0000247 seconds
2017-07-31T23:39:33.287+0000: 2924.860: Total time for which application threads were stopped: 0.0000990 seconds, Stopping threads took: 0.0000240 seconds
2017-07-31T23:39:33.287+0000: 2924.860: Total time for which application threads were stopped: 0.0001077 seconds, Stopping threads took: 0.0000136 seconds
2017-07-31T23:39:33.287+0000: 2924.860: Total time for which application threads were stopped: 0.0000875 seconds, Stopping threads took: 0.0000215 seconds
2017-07-31T23:39:34.306+0000: 2925.880: Total time for which application threads were stopped: 0.0002034 seconds, Stopping threads took: 0.0000531 seconds
2017-07-31T23:39:34.306+0000: 2925.880: Total time for which application threads were stopped: 0.0001068 seconds, Stopping threads took: 0.0000273 seconds
2017-07-31T23:39:36.307+0000: 2927.880: Total time for which application threads were stopped: 0.0001772 seconds, Stopping threads took: 0.0000582 seconds
2017-07-31T23:39:42.308+0000: 2933.881: Total time for which application threads were stopped: 0.0002795 seconds, Stopping threads took: 0.0001175 seconds
{Heap before GC invocations=72 (full 2):
 par new generation   total 153344K, used 143260K [0x0000000080000000, 0x000000008a660000, 0x000000008a660000)
  eden space 136320K, 100% used [0x0000000080000000, 0x0000000088520000, 0x0000000088520000)
  from space 17024K,  40% used [0x0000000088520000, 0x0000000088be73b0, 0x00000000895c0000)
  to   space 17024K,   0% used [0x00000000895c0000, 0x00000000895c0000, 0x000000008a660000)
 concurrent mark-sweep generation total 1926784K, used 193084K [0x000000008a660000, 0x0000000100000000, 0x0000000100000000)
 Metaspace       used 85477K, capacity 91254K, committed 91544K, reserved 1130496K
  class space    used 10408K, capacity 10802K, committed 10912K, reserved 1048576K
2017-07-31T23:39:50.670+0000: 2942.243: [GC (Allocation Failure) Before GC:
Statistics for BinaryTreeDictionary:
------------------------------------
Total Free Space: 221777503
Max   Chunk Size: 221777503
Number of Blocks: 1
Av.  Block  Size: 221777503
Tree      Height: 1
2017-07-31T23:39:50.670+0000: 2942.243: [ParNew
Desired survivor size 8716288 bytes, new threshold 6 (max 6)
- age   1:    1346768 bytes,    1346768 total
- age   2:     834192 bytes,    2180960 total
- age   3:     700744 bytes,    2881704 total
- age   4:     537824 bytes,    3419528 total
- age   5:     589416 bytes,    4008944 total
- age   6:     615392 bytes,    4624336 total
: 143260K->6845K(153344K), 0.0290025 secs] 336344K->200507K(2080128K)After GC:
Statistics for BinaryTreeDictionary:
------------------------------------
Total Free Space: 221702726
Max   Chunk Size: 221702726
Number of Blocks: 1
Av.  Block  Size: 221702726
Tree      Height: 1
, 0.0291596 secs] [Times: user=0.06 sys=0.00, real=0.03 secs] 
Heap after GC invocations=73 (full 2):
 par new generation   total 153344K, used 6845K [0x0000000080000000, 0x000000008a660000, 0x000000008a660000)
  eden space 136320K,   0% used [0x0000000080000000, 0x0000000080000000, 0x0000000088520000)
  from space 17024K,  40% used [0x00000000895c0000, 0x0000000089c6f528, 0x000000008a660000)
  to   space 17024K,   0% used [0x0000000088520000, 0x0000000088520000, 0x00000000895c0000)
 concurrent mark-sweep generation total 1926784K, used 193662K [0x000000008a660000, 0x0000000100000000, 0x0000000100000000)
 Metaspace       used 85477K, capacity 91254K, committed 91544K, reserved 1130496K
  class space    used 10408K, capacity 10802K, committed 10912K, reserved 1048576K
}
2017-07-31T23:39:50.699+0000: 2942.272: Total time for which application threads were stopped: 0.0294459 seconds, Stopping threads took: 0.0000368 seconds
2017-07-31T23:39:50.712+0000: 2942.286: Total time for which application threads were stopped: 0.0001922 seconds, Stopping threads took: 0.0000520 seconds
2017-07-31T23:39:50.713+0000: 2942.286: Total time for which application threads were stopped: 0.0000859 seconds, Stopping threads took: 0.0000145 seconds
2017-07-31T23:39:50.713+0000: 2942.286: Total time for which application threads were stopped: 0.0000841 seconds, Stopping threads took: 0.0000136 seconds
2017-07-31T23:39:50.713+0000: 2942.286: Total time for which application threads were stopped: 0.0000850 seconds, Stopping threads took: 0.0000146 seconds
2017-07-31T23:39:50.713+0000: 2942.286: Total time for which application threads were stopped: 0.0000844 seconds, Stopping threads took: 0.0000136 seconds
2017-07-31T23:39:50.713+0000: 2942.286: Total time for which application threads were stopped: 0.0000803 seconds, Stopping threads took: 0.0000129 seconds
2017-07-31T23:39:50.713+0000: 2942.286: Total time for which application threads were stopped: 0.0000835 seconds, Stopping threads took: 0.0000137 seconds
2017-07-31T23:39:50.713+0000: 2942.287: Total time for which application threads were stopped: 0.0000808 seconds, Stopping threads took: 0.0000130 seconds
2017-07-31T23:39:50.713+0000: 2942.287: Total time for which application threads were stopped: 0.0000955 seconds, Stopping threads took: 0.0000240 seconds
2017-07-31T23:39:50.714+0000: 2942.287: Total time for which application threads were stopped: 0.0000819 seconds, Stopping threads took: 0.0000136 seconds
2017-07-31T23:39:50.714+0000: 2942.287: Total time for which application threads were stopped: 0.0000807 seconds, Stopping threads took: 0.0000129 seconds
2017-07-31T23:39:50.714+0000: 2942.287: Total time for which application threads were stopped: 0.0000921 seconds, Stopping threads took: 0.0000235 seconds
2017-07-31T23:39:50.714+0000: 2942.287: Total time for which application threads were stopped: 0.0000975 seconds, Stopping threads took: 0.0000135 seconds
2017-07-31T23:39:50.714+0000: 2942.287: Total time for which application threads were stopped: 0.0000814 seconds, Stopping threads took: 0.0000134 seconds
2017-07-31T23:39:50.714+0000: 2942.287: Total time for which application threads were stopped: 0.0000837 seconds, Stopping threads took: 0.0000133 seconds
2017-07-31T23:39:50.714+0000: 2942.288: Total time for which application threads were stopped: 0.0000811 seconds, Stopping threads took: 0.0000129 seconds
2017-07-31T23:39:50.714+0000: 2942.288: Total time for which application threads were stopped: 0.0000927 seconds, Stopping threads took: 0.0000228 seconds
2017-07-31T23:39:50.714+0000: 2942.288: Total time for which application threads were stopped: 0.0000813 seconds, Stopping threads took: 0.0000132 seconds
2017-07-31T23:39:50.715+0000: 2942.288: Total time for which application threads were stopped: 0.0000818 seconds, Stopping threads took: 0.0000131 seconds
2017-07-31T23:39:50.715+0000: 2942.288: Total time for which application threads were stopped: 0.0003141 seconds, Stopping threads took: 0.0000132 seconds
2017-07-31T23:39:51.715+0000: 2943.288: Total time for which application threads were stopped: 0.0001390 seconds, Stopping threads took: 0.0000408 seconds
2017-07-31T23:39:55.716+0000: 2947.289: Total time for which application threads were stopped: 0.0001488 seconds, Stopping threads took: 0.0000451 seconds
2017-07-31T23:40:00.717+0000: 2952.290: Total time for which application threads were stopped: 0.0001602 seconds, Stopping threads took: 0.0000423 seconds
2017-07-31T23:40:03.717+0000: 2955.291: Total time for which application threads were stopped: 0.0001586 seconds, Stopping threads took: 0.0000439 seconds
2017-07-31T23:40:04.718+0000: 2956.291: Total time for which application threads were stopped: 0.0001618 seconds, Stopping threads took: 0.0000457 seconds
2017-07-31T23:40:05.718+0000: 2957.291: Total time for which application threads were stopped: 0.0001592 seconds, Stopping threads took: 0.0000435 seconds
2017-07-31T23:40:07.718+0000: 2959.292: Total time for which application threads were stopped: 0.0003104 seconds, Stopping threads took: 0.0000696 seconds
2017-07-31T23:40:19.720+0000: 2971.293: Total time for which application threads were stopped: 0.0001712 seconds, Stopping threads took: 0.0000454 seconds
2017-07-31T23:40:23.721+0000: 2975.294: Total time for which application threads were stopped: 0.0001454 seconds, Stopping threads took: 0.0000457 seconds
{Heap before GC invocations=73 (full 2):
 par new generation   total 153344K, used 143159K [0x0000000080000000, 0x000000008a660000, 0x000000008a660000)
  eden space 136320K,  99% used [0x0000000080000000, 0x000000008851e770, 0x0000000088520000)
  from space 17024K,  40% used [0x00000000895c0000, 0x0000000089c6f528, 0x000000008a660000)
  to   space 17024K,   0% used [0x0000000088520000, 0x0000000088520000, 0x00000000895c0000)
 concurrent mark-sweep generation total 1926784K, used 193662K [0x000000008a660000, 0x0000000100000000, 0x0000000100000000)
 Metaspace       used 85488K, capacity 91254K, committed 91544K, reserved 1130496K
  class space    used 10409K, capacity 10802K, committed 10912K, reserved 1048576K
2017-07-31T23:41:04.596+0000: 3016.169: [GC (Allocation Failure) Before GC:
Statistics for BinaryTreeDictionary:
------------------------------------
Total Free Space: 221702726
Max   Chunk Size: 221702726
Number of Blocks: 1
Av.  Block  Size: 221702726
Tree      Height: 1
2017-07-31T23:41:04.596+0000: 3016.169: [ParNew
Desired survivor size 8716288 bytes, new threshold 6 (max 6)
- age   1:    1446328 bytes,    1446328 total
- age   2:     653664 bytes,    2099992 total
- age   3:     773824 bytes,    2873816 total
- age   4:     668992 bytes,    3542808 total
- age   5:     523768 bytes,    4066576 total
- age   6:     578120 bytes,    4644696 total
: 143159K->6796K(153344K), 0.0235714 secs] 336821K->201065K(2080128K)After GC:
Statistics for BinaryTreeDictionary:
------------------------------------
Total Free Space: 221627129
Max   Chunk Size: 221627129
Number of Blocks: 1
Av.  Block  Size: 221627129
Tree      Height: 1
, 0.0236683 secs] [Times: user=0.05 sys=0.00, real=0.02 secs] 
Heap after GC invocations=74 (full 2):
 par new generation   total 153344K, used 6796K [0x0000000080000000, 0x000000008a660000, 0x000000008a660000)
  eden space 136320K,   0% used [0x0000000080000000, 0x0000000080000000, 0x0000000088520000)
  from space 17024K,  39% used [0x0000000088520000, 0x0000000088bc31a8, 0x00000000895c0000)
  to   space 17024K,   0% used [0x00000000895c0000, 0x00000000895c0000, 0x000000008a660000)
 concurrent mark-sweep generation total 1926784K, used 194268K [0x000000008a660000, 0x0000000100000000, 0x0000000100000000)
 Metaspace       used 85488K, capacity 91254K, committed 91544K, reserved 1130496K
  class space    used 10409K, capacity 10802K, committed 10912K, reserved 1048576K
}
2017-07-31T23:41:04.620+0000: 3016.193: Total time for which application threads were stopped: 0.0239391 seconds, Stopping threads took: 0.0000608 seconds
2017-07-31T23:41:04.620+0000: 3016.193: Total time for which application threads were stopped: 0.0001334 seconds, Stopping threads took: 0.0000304 seconds
2017-07-31T23:41:04.620+0000: 3016.194: Total time for which application threads were stopped: 0.0000759 seconds, Stopping threads took: 0.0000221 seconds
2017-07-31T23:41:04.620+0000: 3016.194: Total time for which application threads were stopped: 0.0000998 seconds, Stopping threads took: 0.0000366 seconds
2017-07-31T23:41:04.621+0000: 3016.194: Total time for which application threads were stopped: 0.0000855 seconds, Stopping threads took: 0.0000333 seconds
2017-07-31T23:41:04.621+0000: 3016.194: Total time for which application threads were stopped: 0.0001306 seconds, Stopping threads took: 0.0000652 seconds
2017-07-31T23:41:04.621+0000: 3016.194: Total time for which application threads were stopped: 0.0000886 seconds, Stopping threads took: 0.0000180 seconds
2017-07-31T23:41:04.621+0000: 3016.194: Total time for which application threads were stopped: 0.0000739 seconds, Stopping threads took: 0.0000198 seconds
2017-07-31T23:41:04.621+0000: 3016.194: Total time for which application threads were stopped: 0.0000753 seconds, Stopping threads took: 0.0000225 seconds
2017-07-31T23:41:04.621+0000: 3016.194: Total time for which application threads were stopped: 0.0000712 seconds, Stopping threads took: 0.0000184 seconds
2017-07-31T23:41:04.621+0000: 3016.195: Total time for which application threads were stopped: 0.0000727 seconds, Stopping threads took: 0.0000196 seconds
2017-07-31T23:41:04.621+0000: 3016.195: Total time for which application threads were stopped: 0.0000908 seconds, Stopping threads took: 0.0000189 seconds
2017-07-31T23:41:04.621+0000: 3016.195: Total time for which application threads were stopped: 0.0000800 seconds, Stopping threads took: 0.0000243 seconds
2017-07-31T23:41:04.622+0000: 3016.195: Total time for which application threads were stopped: 0.0000760 seconds, Stopping threads took: 0.0000227 seconds
2017-07-31T23:41:04.622+0000: 3016.195: Total time for which application threads were stopped: 0.0000694 seconds, Stopping threads took: 0.0000173 seconds
2017-07-31T23:41:04.622+0000: 3016.195: Total time for which application threads were stopped: 0.0000923 seconds, Stopping threads took: 0.0000190 seconds
2017-07-31T23:41:04.622+0000: 3016.195: Total time for which application threads were stopped: 0.0000714 seconds, Stopping threads took: 0.0000194 seconds
2017-07-31T23:41:04.622+0000: 3016.195: Total time for which application threads were stopped: 0.0000707 seconds, Stopping threads took: 0.0000184 seconds
2017-07-31T23:41:04.622+0000: 3016.195: Total time for which application threads were stopped: 0.0001219 seconds, Stopping threads took: 0.0000482 seconds
2017-07-31T23:41:04.622+0000: 3016.196: Total time for which application threads were stopped: 0.0000741 seconds, Stopping threads took: 0.0000184 seconds
2017-07-31T23:41:04.623+0000: 3016.196: Total time for which application threads were stopped: 0.0002853 seconds, Stopping threads took: 0.0000748 seconds
2017-07-31T23:41:13.624+0000: 3025.197: Total time for which application threads were stopped: 0.0001593 seconds, Stopping threads took: 0.0000586 seconds
2017-07-31T23:41:19.624+0000: 3031.198: Total time for which application threads were stopped: 0.0001461 seconds, Stopping threads took: 0.0000446 seconds
2017-07-31T23:41:21.625+0000: 3033.198: Total time for which application threads were stopped: 0.0001686 seconds, Stopping threads took: 0.0000438 seconds
2017-07-31T23:41:56.487+0000: 3068.060: Total time for which application threads were stopped: 0.0002548 seconds, Stopping threads took: 0.0000602 seconds
2017-07-31T23:41:56.487+0000: 3068.060: Total time for which application threads were stopped: 0.0000994 seconds, Stopping threads took: 0.0000231 seconds
2017-07-31T23:41:56.487+0000: 3068.060: Total time for which application threads were stopped: 0.0001093 seconds, Stopping threads took: 0.0000214 seconds
2017-07-31T23:41:56.487+0000: 3068.061: Total time for which application threads were stopped: 0.0000846 seconds, Stopping threads took: 0.0000185 seconds
2017-07-31T23:41:56.487+0000: 3068.061: Total time for which application threads were stopped: 0.0000910 seconds, Stopping threads took: 0.0000238 seconds
2017-07-31T23:41:56.488+0000: 3068.061: Total time for which application threads were stopped: 0.0001166 seconds, Stopping threads took: 0.0000399 seconds
2017-07-31T23:41:57.516+0000: 3069.090: Total time for which application threads were stopped: 0.0002009 seconds, Stopping threads took: 0.0000456 seconds
2017-07-31T23:41:57.516+0000: 3069.090: Total time for which application threads were stopped: 0.0000991 seconds, Stopping threads took: 0.0000382 seconds
2017-07-31T23:41:57.516+0000: 3069.090: Total time for which application threads were stopped: 0.0000737 seconds, Stopping threads took: 0.0000201 seconds
2017-07-31T23:41:57.517+0000: 3069.090: Total time for which application threads were stopped: 0.0000678 seconds, Stopping threads took: 0.0000187 seconds
2017-07-31T23:41:57.517+0000: 3069.090: Total time for which application threads were stopped: 0.0000709 seconds, Stopping threads took: 0.0000197 seconds
2017-07-31T23:41:57.517+0000: 3069.090: Total time for which application threads were stopped: 0.0000663 seconds, Stopping threads took: 0.0000179 seconds
{Heap before GC invocations=74 (full 2):
 par new generation   total 153344K, used 143116K [0x0000000080000000, 0x000000008a660000, 0x000000008a660000)
  eden space 136320K, 100% used [0x0000000080000000, 0x0000000088520000, 0x0000000088520000)
  from space 17024K,  39% used [0x0000000088520000, 0x0000000088bc31a8, 0x00000000895c0000)
  to   space 17024K,   0% used [0x00000000895c0000, 0x00000000895c0000, 0x000000008a660000)
 concurrent mark-sweep generation total 1926784K, used 194268K [0x000000008a660000, 0x0000000100000000, 0x0000000100000000)
 Metaspace       used 85497K, capacity 91254K, committed 91544K, reserved 1130496K
  class space    used 10409K, capacity 10802K, committed 10912K, reserved 1048576K
2017-07-31T23:42:22.412+0000: 3093.985: [GC (Allocation Failure) Before GC:
Statistics for BinaryTreeDictionary:
------------------------------------
Total Free Space: 221627129
Max   Chunk Size: 221627129
Number of Blocks: 1
Av.  Block  Size: 221627129
Tree      Height: 1
2017-07-31T23:42:22.412+0000: 3093.985: [ParNew
Desired survivor size 8716288 bytes, new threshold 6 (max 6)
- age   1:    1575248 bytes,    1575248 total
- age   2:     738224 bytes,    2313472 total
- age   3:     599760 bytes,    2913232 total
- age   4:     691808 bytes,    3605040 total
- age   5:     651984 bytes,    4257024 total
- age   6:     515760 bytes,    4772784 total
: 143116K->6875K(153344K), 0.0226980 secs] 337385K->201714K(2080128K)After GC:
Statistics for BinaryTreeDictionary:
------------------------------------
Total Free Space: 221550595
Max   Chunk Size: 221550595
Number of Blocks: 1
Av.  Block  Size: 221550595
Tree      Height: 1
, 0.0227946 secs] [Times: user=0.06 sys=0.00, real=0.03 secs] 
Heap after GC invocations=75 (full 2):
 par new generation   total 153344K, used 6875K [0x0000000080000000, 0x000000008a660000, 0x000000008a660000)
  eden space 136320K,   0% used [0x0000000080000000, 0x0000000080000000, 0x0000000088520000)
  from space 17024K,  40% used [0x00000000895c0000, 0x0000000089c76c20, 0x000000008a660000)
  to   space 17024K,   0% used [0x0000000088520000, 0x0000000088520000, 0x00000000895c0000)
 concurrent mark-sweep generation total 1926784K, used 194839K [0x000000008a660000, 0x0000000100000000, 0x0000000100000000)
 Metaspace       used 85497K, capacity 91254K, committed 91544K, reserved 1130496K
  class space    used 10409K, capacity 10802K, committed 10912K, reserved 1048576K
}
2017-07-31T23:42:22.435+0000: 3094.008: Total time for which application threads were stopped: 0.0230683 seconds, Stopping threads took: 0.0000579 seconds
2017-07-31T23:42:22.435+0000: 3094.008: Total time for which application threads were stopped: 0.0001312 seconds, Stopping threads took: 0.0000300 seconds
2017-07-31T23:42:22.435+0000: 3094.008: Total time for which application threads were stopped: 0.0001079 seconds, Stopping threads took: 0.0000323 seconds
2017-07-31T23:42:22.435+0000: 3094.008: Total time for which application threads were stopped: 0.0000920 seconds, Stopping threads took: 0.0000288 seconds
2017-07-31T23:42:22.435+0000: 3094.009: Total time for which application threads were stopped: 0.0001247 seconds, Stopping threads took: 0.0000498 seconds
2017-07-31T23:42:22.435+0000: 3094.009: Total time for which application threads were stopped: 0.0001021 seconds, Stopping threads took: 0.0000427 seconds
2017-07-31T23:42:22.436+0000: 3094.009: Total time for which application threads were stopped: 0.0000706 seconds, Stopping threads took: 0.0000187 seconds
2017-07-31T23:42:22.437+0000: 3094.010: Total time for which application threads were stopped: 0.0001061 seconds, Stopping threads took: 0.0000412 seconds
2017-07-31T23:42:22.437+0000: 3094.010: Total time for which application threads were stopped: 0.0001082 seconds, Stopping threads took: 0.0000478 seconds
2017-07-31T23:42:22.437+0000: 3094.010: Total time for which application threads were stopped: 0.0001088 seconds, Stopping threads took: 0.0000451 seconds
2017-07-31T23:42:22.437+0000: 3094.010: Total time for which application threads were stopped: 0.0001019 seconds, Stopping threads took: 0.0000416 seconds
2017-07-31T23:42:22.437+0000: 3094.011: Total time for which application threads were stopped: 0.0000956 seconds, Stopping threads took: 0.0000182 seconds
2017-07-31T23:42:22.437+0000: 3094.011: Total time for which application threads were stopped: 0.0000738 seconds, Stopping threads took: 0.0000243 seconds
2017-07-31T23:42:22.438+0000: 3094.011: Total time for which application threads were stopped: 0.0001162 seconds, Stopping threads took: 0.0000554 seconds
2017-07-31T23:42:22.438+0000: 3094.011: Total time for which application threads were stopped: 0.0000997 seconds, Stopping threads took: 0.0000416 seconds
2017-07-31T23:42:22.438+0000: 3094.011: Total time for which application threads were stopped: 0.0000651 seconds, Stopping threads took: 0.0000203 seconds
2017-07-31T23:42:22.438+0000: 3094.011: Total time for which application threads were stopped: 0.0000783 seconds, Stopping threads took: 0.0000257 seconds
2017-07-31T23:42:22.438+0000: 3094.011: Total time for which application threads were stopped: 0.0000990 seconds, Stopping threads took: 0.0000309 seconds
2017-07-31T23:42:22.438+0000: 3094.012: Total time for which application threads were stopped: 0.0000790 seconds, Stopping threads took: 0.0000283 seconds
2017-07-31T23:42:22.438+0000: 3094.012: Total time for which application threads were stopped: 0.0000795 seconds, Stopping threads took: 0.0000288 seconds
2017-07-31T23:42:22.439+0000: 3094.012: Total time for which application threads were stopped: 0.0002570 seconds, Stopping threads took: 0.0000642 seconds
2017-07-31T23:42:44.441+0000: 3116.015: Total time for which application threads were stopped: 0.0001621 seconds, Stopping threads took: 0.0000632 seconds
2017-07-31T23:42:46.442+0000: 3118.015: Total time for which application threads were stopped: 0.0001723 seconds, Stopping threads took: 0.0000406 seconds
2017-07-31T23:42:47.442+0000: 3119.015: Total time for which application threads were stopped: 0.0001708 seconds, Stopping threads took: 0.0000562 seconds
2017-07-31T23:42:54.443+0000: 3126.016: Total time for which application threads were stopped: 0.0001562 seconds, Stopping threads took: 0.0000410 seconds
2017-07-31T23:42:57.443+0000: 3129.017: Total time for which application threads were stopped: 0.0001277 seconds, Stopping threads took: 0.0000375 seconds
2017-07-31T23:43:08.445+0000: 3140.018: Total time for which application threads were stopped: 0.0001496 seconds, Stopping threads took: 0.0000445 seconds
2017-07-31T23:43:34.867+0000: 3166.440: Total time for which application threads were stopped: 0.0010922 seconds, Stopping threads took: 0.0009458 seconds
2017-07-31T23:43:34.867+0000: 3166.440: Total time for which application threads were stopped: 0.0001243 seconds, Stopping threads took: 0.0000622 seconds
2017-07-31T23:43:34.867+0000: 3166.441: Total time for which application threads were stopped: 0.0001079 seconds, Stopping threads took: 0.0000484 seconds
2017-07-31T23:43:34.867+0000: 3166.441: Total time for which application threads were stopped: 0.0001119 seconds, Stopping threads took: 0.0000288 seconds
2017-07-31T23:43:34.868+0000: 3166.441: Total time for which application threads were stopped: 0.0001073 seconds, Stopping threads took: 0.0000288 seconds
2017-07-31T23:43:35.868+0000: 3167.441: Total time for which application threads were stopped: 0.0002026 seconds, Stopping threads took: 0.0000627 seconds
2017-07-31T23:43:36.868+0000: 3168.442: Total time for which application threads were stopped: 0.0001579 seconds, Stopping threads took: 0.0000437 seconds
2017-07-31T23:43:38.869+0000: 3170.442: Total time for which application threads were stopped: 0.0001648 seconds, Stopping threads took: 0.0000439 seconds
{Heap before GC invocations=75 (full 2):
 par new generation   total 153344K, used 143195K [0x0000000080000000, 0x000000008a660000, 0x000000008a660000)
  eden space 136320K, 100% used [0x0000000080000000, 0x0000000088520000, 0x0000000088520000)
  from space 17024K,  40% used [0x00000000895c0000, 0x0000000089c76c20, 0x000000008a660000)
  to   space 17024K,   0% used [0x0000000088520000, 0x0000000088520000, 0x00000000895c0000)
 concurrent mark-sweep generation total 1926784K, used 194839K [0x000000008a660000, 0x0000000100000000, 0x0000000100000000)
 Metaspace       used 85704K, capacity 91478K, committed 91800K, reserved 1130496K
  class space    used 10436K, capacity 10834K, committed 10912K, reserved 1048576K
2017-07-31T23:43:39.444+0000: 3171.018: [GC (Allocation Failure) Before GC:
Statistics for BinaryTreeDictionary:
------------------------------------
Total Free Space: 221550595
Max   Chunk Size: 221550595
Number of Blocks: 1
Av.  Block  Size: 221550595
Tree      Height: 1
2017-07-31T23:43:39.444+0000: 3171.018: [ParNew
Desired survivor size 8716288 bytes, new threshold 6 (max 6)
- age   1:    1693272 bytes,    1693272 total
- age   2:     829872 bytes,    2523144 total
- age   3:     674808 bytes,    3197952 total
- age   4:     574264 bytes,    3772216 total
- age   5:     582592 bytes,    4354808 total
- age   6:     641192 bytes,    4996000 total
: 143195K->7033K(153344K), 0.0233528 secs] 338034K->202379K(2080128K)After GC:
Statistics for BinaryTreeDictionary:
------------------------------------
Total Free Space: 221487470
Max   Chunk Size: 221487470
Number of Blocks: 1
Av.  Block  Size: 221487470
Tree      Height: 1
, 0.0234720 secs] [Times: user=0.06 sys=0.00, real=0.02 secs] 
Heap after GC invocations=76 (full 2):
 par new generation   total 153344K, used 7033K [0x0000000080000000, 0x000000008a660000, 0x000000008a660000)
  eden space 136320K,   0% used [0x0000000080000000, 0x0000000080000000, 0x0000000088520000)
  from space 17024K,  41% used [0x0000000088520000, 0x0000000088bfe658, 0x00000000895c0000)
  to   space 17024K,   0% used [0x00000000895c0000, 0x00000000895c0000, 0x000000008a660000)
 concurrent mark-sweep generation total 1926784K, used 195345K [0x000000008a660000, 0x0000000100000000, 0x0000000100000000)
 Metaspace       used 85704K, capacity 91478K, committed 91800K, reserved 1130496K
  class space    used 10436K, capacity 10834K, committed 10912K, reserved 1048576K
}
2017-07-31T23:43:39.468+0000: 3171.041: Total time for which application threads were stopped: 0.0236968 seconds, Stopping threads took: 0.0000411 seconds
2017-07-31T23:43:39.475+0000: 3171.048: Total time for which application threads were stopped: 0.0001218 seconds, Stopping threads took: 0.0000313 seconds
2017-07-31T23:43:39.475+0000: 3171.048: Total time for which application threads were stopped: 0.0000710 seconds, Stopping threads took: 0.0000219 seconds
2017-07-31T23:43:39.475+0000: 3171.048: Total time for which application threads were stopped: 0.0000662 seconds, Stopping threads took: 0.0000210 seconds
2017-07-31T23:43:39.475+0000: 3171.049: Total time for which application threads were stopped: 0.0000920 seconds, Stopping threads took: 0.0000358 seconds
2017-07-31T23:43:39.475+0000: 3171.049: Total time for which application threads were stopped: 0.0000666 seconds, Stopping threads took: 0.0000216 seconds
2017-07-31T23:43:39.475+0000: 3171.049: Total time for which application threads were stopped: 0.0000650 seconds, Stopping threads took: 0.0000197 seconds
2017-07-31T23:43:39.476+0000: 3171.049: Total time for which application threads were stopped: 0.0000921 seconds, Stopping threads took: 0.0000201 seconds
2017-07-31T23:43:39.476+0000: 3171.049: Total time for which application threads were stopped: 0.0000628 seconds, Stopping threads took: 0.0000174 seconds
2017-07-31T23:43:39.476+0000: 3171.049: Total time for which application threads were stopped: 0.0000631 seconds, Stopping threads took: 0.0000188 seconds
2017-07-31T23:43:39.476+0000: 3171.049: Total time for which application threads were stopped: 0.0000652 seconds, Stopping threads took: 0.0000188 seconds
2017-07-31T23:43:39.476+0000: 3171.049: Total time for which application threads were stopped: 0.0000661 seconds, Stopping threads took: 0.0000215 seconds
2017-07-31T23:43:39.476+0000: 3171.049: Total time for which application threads were stopped: 0.0001191 seconds, Stopping threads took: 0.0000541 seconds
2017-07-31T23:43:39.476+0000: 3171.049: Total time for which application threads were stopped: 0.0000846 seconds, Stopping threads took: 0.0000204 seconds
2017-07-31T23:43:39.476+0000: 3171.050: Total time for which application threads were stopped: 0.0000638 seconds, Stopping threads took: 0.0000182 seconds
2017-07-31T23:43:39.476+0000: 3171.050: Total time for which application threads were stopped: 0.0000619 seconds, Stopping threads took: 0.0000175 seconds
2017-07-31T23:43:39.476+0000: 3171.050: Total time for which application threads were stopped: 0.0000847 seconds, Stopping threads took: 0.0000209 seconds
2017-07-31T23:43:39.477+0000: 3171.050: Total time for which application threads were stopped: 0.0000634 seconds, Stopping threads took: 0.0000197 seconds
2017-07-31T23:43:39.477+0000: 3171.050: Total time for which application threads were stopped: 0.0000854 seconds, Stopping threads took: 0.0000208 seconds
2017-07-31T23:43:39.477+0000: 3171.050: Total time for which application threads were stopped: 0.0000624 seconds, Stopping threads took: 0.0000183 seconds
2017-07-31T23:43:39.477+0000: 3171.050: Total time for which application threads were stopped: 0.0002222 seconds, Stopping threads took: 0.0000293 seconds
2017-07-31T23:43:40.477+0000: 3172.051: Total time for which application threads were stopped: 0.0001625 seconds, Stopping threads took: 0.0000449 seconds
2017-07-31T23:43:41.478+0000: 3173.051: Total time for which application threads were stopped: 0.0001377 seconds, Stopping threads took: 0.0000403 seconds
2017-07-31T23:43:50.624+0000: 3182.198: Total time for which application threads were stopped: 0.0001933 seconds, Stopping threads took: 0.0000837 seconds
2017-07-31T23:43:50.625+0000: 3182.198: Total time for which application threads were stopped: 0.0000689 seconds, Stopping threads took: 0.0000192 seconds
2017-07-31T23:43:50.625+0000: 3182.198: Total time for which application threads were stopped: 0.0001136 seconds, Stopping threads took: 0.0000303 seconds
2017-07-31T23:43:50.625+0000: 3182.198: Total time for which application threads were stopped: 0.0000681 seconds, Stopping threads took: 0.0000188 seconds
2017-07-31T23:43:50.625+0000: 3182.198: Total time for which application threads were stopped: 0.0000945 seconds, Stopping threads took: 0.0000232 seconds
2017-07-31T23:43:50.625+0000: 3182.198: Total time for which application threads were stopped: 0.0000677 seconds, Stopping threads took: 0.0000192 seconds
2017-07-31T23:44:10.628+0000: 3202.202: Total time for which application threads were stopped: 0.0001479 seconds, Stopping threads took: 0.0000466 seconds
2017-07-31T23:44:32.631+0000: 3224.204: Total time for which application threads were stopped: 0.0001750 seconds, Stopping threads took: 0.0000413 seconds
2017-07-31T23:44:40.632+0000: 3232.205: Total time for which application threads were stopped: 0.0001755 seconds, Stopping threads took: 0.0000647 seconds
2017-07-31T23:44:41.632+0000: 3233.206: Total time for which application threads were stopped: 0.0001669 seconds, Stopping threads took: 0.0000663 seconds
2017-07-31T23:44:47.633+0000: 3239.207: Total time for which application threads were stopped: 0.0001868 seconds, Stopping threads took: 0.0000593 seconds
{Heap before GC invocations=76 (full 2):
 par new generation   total 153344K, used 143353K [0x0000000080000000, 0x000000008a660000, 0x000000008a660000)
  eden space 136320K, 100% used [0x0000000080000000, 0x0000000088520000, 0x0000000088520000)
  from space 17024K,  41% used [0x0000000088520000, 0x0000000088bfe658, 0x00000000895c0000)
  to   space 17024K,   0% used [0x00000000895c0000, 0x00000000895c0000, 0x000000008a660000)
 concurrent mark-sweep generation total 1926784K, used 195345K [0x000000008a660000, 0x0000000100000000, 0x0000000100000000)
 Metaspace       used 85710K, capacity 91542K, committed 91800K, reserved 1130496K
  class space    used 10436K, capacity 10834K, committed 10912K, reserved 1048576K
2017-07-31T23:44:52.045+0000: 3243.618: [GC (Allocation Failure) Before GC:
Statistics for BinaryTreeDictionary:
------------------------------------
Total Free Space: 221487470
Max   Chunk Size: 221487470
Number of Blocks: 1
Av.  Block  Size: 221487470
Tree      Height: 1
2017-07-31T23:44:52.045+0000: 3243.618: [ParNew
Desired survivor size 8716288 bytes, new threshold 6 (max 6)
- age   1:    1294696 bytes,    1294696 total
- age   2:     863248 bytes,    2157944 total
- age   3:     726704 bytes,    2884648 total
- age   4:     648048 bytes,    3532696 total
- age   5:     563232 bytes,    4095928 total
- age   6:     573416 bytes,    4669344 total
: 143353K->6963K(153344K), 0.0229804 secs] 338699K->202942K(2080128K)After GC:
Statistics for BinaryTreeDictionary:
------------------------------------
Total Free Space: 221408455
Max   Chunk Size: 221408455
Number of Blocks: 1
Av.  Block  Size: 221408455
Tree      Height: 1
, 0.0230797 secs] [Times: user=0.05 sys=0.00, real=0.02 secs] 
Heap after GC invocations=77 (full 2):
 par new generation   total 153344K, used 6963K [0x0000000080000000, 0x000000008a660000, 0x000000008a660000)
  eden space 136320K,   0% used [0x0000000080000000, 0x0000000080000000, 0x0000000088520000)
  from space 17024K,  40% used [0x00000000895c0000, 0x0000000089c8cd38, 0x000000008a660000)
  to   space 17024K,   0% used [0x0000000088520000, 0x0000000088520000, 0x00000000895c0000)
 concurrent mark-sweep generation total 1926784K, used 195979K [0x000000008a660000, 0x0000000100000000, 0x0000000100000000)
 Metaspace       used 85710K, capacity 91542K, committed 91800K, reserved 1130496K
  class space    used 10436K, capacity 10834K, committed 10912K, reserved 1048576K
}
2017-07-31T23:44:52.068+0000: 3243.641: Total time for which application threads were stopped: 0.0233321 seconds, Stopping threads took: 0.0000405 seconds
2017-07-31T23:44:52.073+0000: 3243.647: Total time for which application threads were stopped: 0.0001561 seconds, Stopping threads took: 0.0000436 seconds
2017-07-31T23:44:52.074+0000: 3243.647: Total time for which application threads were stopped: 0.0000906 seconds, Stopping threads took: 0.0000233 seconds
2017-07-31T23:44:52.074+0000: 3243.647: Total time for which application threads were stopped: 0.0000693 seconds, Stopping threads took: 0.0000210 seconds
2017-07-31T23:44:52.074+0000: 3243.647: Total time for which application threads were stopped: 0.0000671 seconds, Stopping threads took: 0.0000213 seconds
2017-07-31T23:44:52.074+0000: 3243.647: Total time for which application threads were stopped: 0.0000941 seconds, Stopping threads took: 0.0000208 seconds
2017-07-31T23:44:52.074+0000: 3243.647: Total time for which application threads were stopped: 0.0000638 seconds, Stopping threads took: 0.0000183 seconds
2017-07-31T23:44:52.074+0000: 3243.647: Total time for which application threads were stopped: 0.0000651 seconds, Stopping threads took: 0.0000210 seconds
2017-07-31T23:44:52.074+0000: 3243.647: Total time for which application threads were stopped: 0.0000818 seconds, Stopping threads took: 0.0000214 seconds
2017-07-31T23:44:52.074+0000: 3243.647: Total time for which application threads were stopped: 0.0000633 seconds, Stopping threads took: 0.0000198 seconds
2017-07-31T23:44:52.074+0000: 3243.648: Total time for which application threads were stopped: 0.0000665 seconds, Stopping threads took: 0.0000210 seconds
2017-07-31T23:44:52.074+0000: 3243.648: Total time for which application threads were stopped: 0.0001084 seconds, Stopping threads took: 0.0000429 seconds
2017-07-31T23:44:52.075+0000: 3243.648: Total time for which application threads were stopped: 0.0000660 seconds, Stopping threads took: 0.0000209 seconds
2017-07-31T23:44:52.075+0000: 3243.648: Total time for which application threads were stopped: 0.0001177 seconds, Stopping threads took: 0.0000502 seconds
2017-07-31T23:44:52.075+0000: 3243.648: Total time for which application threads were stopped: 0.0000915 seconds, Stopping threads took: 0.0000330 seconds
2017-07-31T23:44:52.075+0000: 3243.648: Total time for which application threads were stopped: 0.0000897 seconds, Stopping threads took: 0.0000186 seconds
2017-07-31T23:44:52.075+0000: 3243.648: Total time for which application threads were stopped: 0.0000663 seconds, Stopping threads took: 0.0000210 seconds
2017-07-31T23:44:52.075+0000: 3243.648: Total time for which application threads were stopped: 0.0000654 seconds, Stopping threads took: 0.0000212 seconds
2017-07-31T23:44:52.075+0000: 3243.648: Total time for which application threads were stopped: 0.0000958 seconds, Stopping threads took: 0.0000303 seconds
2017-07-31T23:44:52.075+0000: 3243.649: Total time for which application threads were stopped: 0.0000655 seconds, Stopping threads took: 0.0000209 seconds
2017-07-31T23:44:52.076+0000: 3243.649: Total time for which application threads were stopped: 0.0002022 seconds, Stopping threads took: 0.0000173 seconds
2017-07-31T23:45:11.616+0000: 3263.189: Total time for which application threads were stopped: 0.0002414 seconds, Stopping threads took: 0.0000615 seconds
2017-07-31T23:45:11.616+0000: 3263.189: Total time for which application threads were stopped: 0.0001322 seconds, Stopping threads took: 0.0000461 seconds
2017-07-31T23:45:11.616+0000: 3263.190: Total time for which application threads were stopped: 0.0000905 seconds, Stopping threads took: 0.0000229 seconds
2017-07-31T23:45:11.616+0000: 3263.190: Total time for which application threads were stopped: 0.0000898 seconds, Stopping threads took: 0.0000203 seconds
2017-07-31T23:45:11.617+0000: 3263.190: Total time for which application threads were stopped: 0.0000913 seconds, Stopping threads took: 0.0000125 seconds
2017-07-31T23:45:11.617+0000: 3263.190: Total time for which application threads were stopped: 0.0000857 seconds, Stopping threads took: 0.0000202 seconds
2017-07-31T23:45:27.619+0000: 3279.192: Total time for which application threads were stopped: 0.0001519 seconds, Stopping threads took: 0.0000424 seconds
2017-07-31T23:45:54.622+0000: 3306.195: Total time for which application threads were stopped: 0.0001960 seconds, Stopping threads took: 0.0000712 seconds
2017-07-31T23:45:57.622+0000: 3309.195: Total time for which application threads were stopped: 0.0001536 seconds, Stopping threads took: 0.0000447 seconds
2017-07-31T23:45:59.623+0000: 3311.196: Total time for which application threads were stopped: 0.0002354 seconds, Stopping threads took: 0.0000660 seconds
{Heap before GC invocations=77 (full 2):
 par new generation   total 153344K, used 143283K [0x0000000080000000, 0x000000008a660000, 0x000000008a660000)
  eden space 136320K, 100% used [0x0000000080000000, 0x0000000088520000, 0x0000000088520000)
  from space 17024K,  40% used [0x00000000895c0000, 0x0000000089c8cd38, 0x000000008a660000)
  to   space 17024K,   0% used [0x0000000088520000, 0x0000000088520000, 0x00000000895c0000)
 concurrent mark-sweep generation total 1926784K, used 195979K [0x000000008a660000, 0x0000000100000000, 0x0000000100000000)
 Metaspace       used 85713K, capacity 91542K, committed 91800K, reserved 1130496K
  class space    used 10436K, capacity 10834K, committed 10912K, reserved 1048576K
2017-07-31T23:46:08.948+0000: 3320.522: [GC (Allocation Failure) Before GC:
Statistics for BinaryTreeDictionary:
------------------------------------
Total Free Space: 221408455
Max   Chunk Size: 221408455
Number of Blocks: 1
Av.  Block  Size: 221408455
Tree      Height: 1
2017-07-31T23:46:08.948+0000: 3320.522: [ParNew
Desired survivor size 8716288 bytes, new threshold 6 (max 6)
- age   1:    1554152 bytes,    1554152 total
- age   2:     624168 bytes,    2178320 total
- age   3:     794280 bytes,    2972600 total
- age   4:     668368 bytes,    3640968 total
- age   5:     630520 bytes,    4271488 total
- age   6:     553536 bytes,    4825024 total
: 143283K->6913K(153344K), 0.0236081 secs] 339262K->203457K(2080128K)After GC:
Statistics for BinaryTreeDictionary:
------------------------------------
Total Free Space: 221336798
Max   Chunk Size: 221336798
Number of Blocks: 1
Av.  Block  Size: 221336798
Tree      Height: 1
, 0.0236974 secs] [Times: user=0.06 sys=0.00, real=0.02 secs] 
Heap after GC invocations=78 (full 2):
 par new generation   total 153344K, used 6913K [0x0000000080000000, 0x000000008a660000, 0x000000008a660000)
  eden space 136320K,   0% used [0x0000000080000000, 0x0000000080000000, 0x0000000088520000)
  from space 17024K,  40% used [0x0000000088520000, 0x0000000088be04e8, 0x00000000895c0000)
  to   space 17024K,   0% used [0x00000000895c0000, 0x00000000895c0000, 0x000000008a660000)
 concurrent mark-sweep generation total 1926784K, used 196544K [0x000000008a660000, 0x0000000100000000, 0x0000000100000000)
 Metaspace       used 85713K, capacity 91542K, committed 91800K, reserved 1130496K
  class space    used 10436K, capacity 10834K, committed 10912K, reserved 1048576K
}
2017-07-31T23:46:08.972+0000: 3320.545: Total time for which application threads were stopped: 0.0239602 seconds, Stopping threads took: 0.0000462 seconds
2017-07-31T23:46:08.972+0000: 3320.546: Total time for which application threads were stopped: 0.0001372 seconds, Stopping threads took: 0.0000432 seconds
2017-07-31T23:46:08.984+0000: 3320.557: Total time for which application threads were stopped: 0.0010115 seconds, Stopping threads took: 0.0009333 seconds
2017-07-31T23:46:08.984+0000: 3320.557: Total time for which application threads were stopped: 0.0000691 seconds, Stopping threads took: 0.0000204 seconds
2017-07-31T23:46:08.984+0000: 3320.557: Total time for which application threads were stopped: 0.0000970 seconds, Stopping threads took: 0.0000414 seconds
2017-07-31T23:46:08.984+0000: 3320.557: Total time for which application threads were stopped: 0.0000653 seconds, Stopping threads took: 0.0000191 seconds
2017-07-31T23:46:08.984+0000: 3320.558: Total time for which application threads were stopped: 0.0000647 seconds, Stopping threads took: 0.0000207 seconds
2017-07-31T23:46:08.984+0000: 3320.558: Total time for which application threads were stopped: 0.0000715 seconds, Stopping threads took: 0.0000207 seconds
2017-07-31T23:46:08.984+0000: 3320.558: Total time for which application threads were stopped: 0.0000683 seconds, Stopping threads took: 0.0000215 seconds
2017-07-31T23:46:08.985+0000: 3320.558: Total time for which application threads were stopped: 0.0000649 seconds, Stopping threads took: 0.0000187 seconds
2017-07-31T23:46:08.985+0000: 3320.558: Total time for which application threads were stopped: 0.0000643 seconds, Stopping threads took: 0.0000194 seconds
2017-07-31T23:46:08.985+0000: 3320.558: Total time for which application threads were stopped: 0.0000635 seconds, Stopping threads took: 0.0000181 seconds
2017-07-31T23:46:08.985+0000: 3320.558: Total time for which application threads were stopped: 0.0000910 seconds, Stopping threads took: 0.0000192 seconds
2017-07-31T23:46:08.985+0000: 3320.558: Total time for which application threads were stopped: 0.0000670 seconds, Stopping threads took: 0.0000214 seconds
2017-07-31T23:46:08.985+0000: 3320.558: Total time for which application threads were stopped: 0.0000642 seconds, Stopping threads took: 0.0000199 seconds
2017-07-31T23:46:08.985+0000: 3320.558: Total time for which application threads were stopped: 0.0000965 seconds, Stopping threads took: 0.0000218 seconds
2017-07-31T23:46:08.985+0000: 3320.559: Total time for which application threads were stopped: 0.0000616 seconds, Stopping threads took: 0.0000171 seconds
2017-07-31T23:46:08.985+0000: 3320.559: Total time for which application threads were stopped: 0.0000641 seconds, Stopping threads took: 0.0000189 seconds
2017-07-31T23:46:08.985+0000: 3320.559: Total time for which application threads were stopped: 0.0000665 seconds, Stopping threads took: 0.0000206 seconds
2017-07-31T23:46:08.986+0000: 3320.559: Total time for which application threads were stopped: 0.0000633 seconds, Stopping threads took: 0.0000177 seconds
2017-07-31T23:46:08.986+0000: 3320.559: Total time for which application threads were stopped: 0.0002509 seconds, Stopping threads took: 0.0000237 seconds
2017-07-31T23:46:13.987+0000: 3325.560: Total time for which application threads were stopped: 0.0001610 seconds, Stopping threads took: 0.0000525 seconds
2017-07-31T23:46:38.989+0000: 3350.563: Total time for which application threads were stopped: 0.0001588 seconds, Stopping threads took: 0.0000608 seconds
2017-07-31T23:46:47.990+0000: 3359.564: Total time for which application threads were stopped: 0.0001747 seconds, Stopping threads took: 0.0000581 seconds
2017-07-31T23:47:00.992+0000: 3372.565: Total time for which application threads were stopped: 0.0001757 seconds, Stopping threads took: 0.0000349 seconds
2017-07-31T23:47:08.997+0000: 3380.570: Total time for which application threads were stopped: 0.0001495 seconds, Stopping threads took: 0.0000462 seconds
2017-07-31T23:47:27.116+0000: 3398.689: Total time for which application threads were stopped: 0.0002174 seconds, Stopping threads took: 0.0000395 seconds
2017-07-31T23:47:27.116+0000: 3398.689: Total time for which application threads were stopped: 0.0000935 seconds, Stopping threads took: 0.0000209 seconds
2017-07-31T23:47:27.116+0000: 3398.689: Total time for which application threads were stopped: 0.0001237 seconds, Stopping threads took: 0.0000195 seconds
2017-07-31T23:47:27.116+0000: 3398.690: Total time for which application threads were stopped: 0.0000856 seconds, Stopping threads took: 0.0000194 seconds
2017-07-31T23:47:27.116+0000: 3398.690: Total time for which application threads were stopped: 0.0000998 seconds, Stopping threads took: 0.0000209 seconds
2017-07-31T23:47:27.117+0000: 3398.690: Total time for which application threads were stopped: 0.0000837 seconds, Stopping threads took: 0.0000192 seconds
{Heap before GC invocations=78 (full 2):
 par new generation   total 153344K, used 143233K [0x0000000080000000, 0x000000008a660000, 0x000000008a660000)
  eden space 136320K, 100% used [0x0000000080000000, 0x0000000088520000, 0x0000000088520000)
  from space 17024K,  40% used [0x0000000088520000, 0x0000000088be04e8, 0x00000000895c0000)
  to   space 17024K,   0% used [0x00000000895c0000, 0x00000000895c0000, 0x000000008a660000)
 concurrent mark-sweep generation total 1926784K, used 196544K [0x000000008a660000, 0x0000000100000000, 0x0000000100000000)
 Metaspace       used 85720K, capacity 91542K, committed 91800K, reserved 1130496K
  class space    used 10436K, capacity 10834K, committed 10912K, reserved 1048576K
2017-07-31T23:47:28.180+0000: 3399.753: [GC (Allocation Failure) Before GC:
Statistics for BinaryTreeDictionary:
------------------------------------
Total Free Space: 221336798
Max   Chunk Size: 221336798
Number of Blocks: 1
Av.  Block  Size: 221336798
Tree      Height: 1
2017-07-31T23:47:28.180+0000: 3399.753: [ParNew
Desired survivor size 8716288 bytes, new threshold 6 (max 6)
- age   1:    1584672 bytes,    1584672 total
- age   2:     800368 bytes,    2385040 total
- age   3:     575016 bytes,    2960056 total
- age   4:     735072 bytes,    3695128 total
- age   5:     605360 bytes,    4300488 total
- age   6:     621592 bytes,    4922080 total
: 143233K->7007K(153344K), 0.0236097 secs] 339777K->204097K(2080128K)After GC:
Statistics for BinaryTreeDictionary:
------------------------------------
Total Free Space: 221265027
Max   Chunk Size: 221265027
Number of Blocks: 1
Av.  Block  Size: 221265027
Tree      Height: 1
, 0.0237194 secs] [Times: user=0.06 sys=0.00, real=0.03 secs] 
Heap after GC invocations=79 (full 2):
 par new generation   total 153344K, used 7007K [0x0000000080000000, 0x000000008a660000, 0x000000008a660000)
  eden space 136320K,   0% used [0x0000000080000000, 0x0000000080000000, 0x0000000088520000)
  from space 17024K,  41% used [0x00000000895c0000, 0x0000000089c97fe8, 0x000000008a660000)
  to   space 17024K,   0% used [0x0000000088520000, 0x0000000088520000, 0x00000000895c0000)
 concurrent mark-sweep generation total 1926784K, used 197089K [0x000000008a660000, 0x0000000100000000, 0x0000000100000000)
 Metaspace       used 85720K, capacity 91542K, committed 91800K, reserved 1130496K
  class space    used 10436K, capacity 10834K, committed 10912K, reserved 1048576K
}
2017-07-31T23:47:28.204+0000: 3399.777: Total time for which application threads were stopped: 0.0239653 seconds, Stopping threads took: 0.0000538 seconds
2017-07-31T23:47:28.205+0000: 3399.778: Total time for which application threads were stopped: 0.0001662 seconds, Stopping threads took: 0.0000523 seconds
2017-07-31T23:47:28.211+0000: 3399.784: Total time for which application threads were stopped: 0.0001239 seconds, Stopping threads took: 0.0000520 seconds
2017-07-31T23:47:28.211+0000: 3399.785: Total time for which application threads were stopped: 0.0001234 seconds, Stopping threads took: 0.0000627 seconds
2017-07-31T23:47:28.211+0000: 3399.785: Total time for which application threads were stopped: 0.0001158 seconds, Stopping threads took: 0.0000562 seconds
2017-07-31T23:47:28.212+0000: 3399.785: Total time for which application threads were stopped: 0.0000928 seconds, Stopping threads took: 0.0000281 seconds
2017-07-31T23:47:28.212+0000: 3399.785: Total time for which application threads were stopped: 0.0000927 seconds, Stopping threads took: 0.0000224 seconds
2017-07-31T23:47:28.212+0000: 3399.786: Total time for which application threads were stopped: 0.0000904 seconds, Stopping threads took: 0.0000400 seconds
2017-07-31T23:47:28.213+0000: 3399.787: Total time for which application threads were stopped: 0.0009590 seconds, Stopping threads took: 0.0009102 seconds
2017-07-31T23:47:28.214+0000: 3399.787: Total time for which application threads were stopped: 0.0000940 seconds, Stopping threads took: 0.0000474 seconds
2017-07-31T23:47:28.214+0000: 3399.787: Total time for which application threads were stopped: 0.0001072 seconds, Stopping threads took: 0.0000462 seconds
2017-07-31T23:47:28.214+0000: 3399.787: Total time for which application threads were stopped: 0.0000710 seconds, Stopping threads took: 0.0000228 seconds
2017-07-31T23:47:28.214+0000: 3399.787: Total time for which application threads were stopped: 0.0000850 seconds, Stopping threads took: 0.0000190 seconds
2017-07-31T23:47:28.214+0000: 3399.787: Total time for which application threads were stopped: 0.0000688 seconds, Stopping threads took: 0.0000212 seconds
2017-07-31T23:47:28.215+0000: 3399.788: Total time for which application threads were stopped: 0.0009627 seconds, Stopping threads took: 0.0009051 seconds
2017-07-31T23:47:28.215+0000: 3399.788: Total time for which application threads were stopped: 0.0000691 seconds, Stopping threads took: 0.0000214 seconds
2017-07-31T23:47:28.215+0000: 3399.789: Total time for which application threads were stopped: 0.0000673 seconds, Stopping threads took: 0.0000188 seconds
2017-07-31T23:47:28.215+0000: 3399.789: Total time for which application threads were stopped: 0.0000649 seconds, Stopping threads took: 0.0000187 seconds
2017-07-31T23:47:28.215+0000: 3399.789: Total time for which application threads were stopped: 0.0000922 seconds, Stopping threads took: 0.0000364 seconds
2017-07-31T23:47:28.216+0000: 3399.789: Total time for which application threads were stopped: 0.0000872 seconds, Stopping threads took: 0.0000207 seconds
2017-07-31T23:47:28.216+0000: 3399.789: Total time for which application threads were stopped: 0.0002240 seconds, Stopping threads took: 0.0000188 seconds
2017-07-31T23:47:42.697+0000: 3414.271: Total time for which application threads were stopped: 0.0001369 seconds, Stopping threads took: 0.0000417 seconds
2017-07-31T23:47:46.698+0000: 3418.271: Total time for which application threads were stopped: 0.0001566 seconds, Stopping threads took: 0.0000432 seconds
2017-07-31T23:47:58.699+0000: 3430.273: Total time for which application threads were stopped: 0.0001855 seconds, Stopping threads took: 0.0000446 seconds
2017-07-31T23:48:23.703+0000: 3455.276: Total time for which application threads were stopped: 0.0001452 seconds, Stopping threads took: 0.0000373 seconds
2017-07-31T23:48:27.703+0000: 3459.276: Total time for which application threads were stopped: 0.0001544 seconds, Stopping threads took: 0.0000407 seconds
2017-07-31T23:48:37.704+0000: 3469.278: Total time for which application threads were stopped: 0.0001528 seconds, Stopping threads took: 0.0000407 seconds
2017-07-31T23:48:41.705+0000: 3473.278: Total time for which application threads were stopped: 0.0001419 seconds, Stopping threads took: 0.0000423 seconds
{Heap before GC invocations=79 (full 2):
 par new generation   total 153344K, used 143327K [0x0000000080000000, 0x000000008a660000, 0x000000008a660000)
  eden space 136320K, 100% used [0x0000000080000000, 0x0000000088520000, 0x0000000088520000)
  from space 17024K,  41% used [0x00000000895c0000, 0x0000000089c97fe8, 0x000000008a660000)
  to   space 17024K,   0% used [0x0000000088520000, 0x0000000088520000, 0x00000000895c0000)
 concurrent mark-sweep generation total 1926784K, used 197089K [0x000000008a660000, 0x0000000100000000, 0x0000000100000000)
 Metaspace       used 85726K, capacity 91542K, committed 91800K, reserved 1130496K
  class space    used 10436K, capacity 10834K, committed 10912K, reserved 1048576K
2017-07-31T23:48:45.290+0000: 3476.863: [GC (Allocation Failure) Before GC:
Statistics for BinaryTreeDictionary:
------------------------------------
Total Free Space: 221265027
Max   Chunk Size: 221265027
Number of Blocks: 1
Av.  Block  Size: 221265027
Tree      Height: 1
2017-07-31T23:48:45.290+0000: 3476.863: [ParNew
Desired survivor size 8716288 bytes, new threshold 6 (max 6)
- age   1:    1439512 bytes,    1439512 total
- age   2:     800352 bytes,    2239864 total
- age   3:     739560 bytes,    2979424 total
- age   4:     547784 bytes,    3527208 total
- age   5:     674152 bytes,    4201360 total
- age   6:     596264 bytes,    4797624 total
: 143327K->7092K(153344K), 0.0226813 secs] 340417K->204792K(2080128K)After GC:
Statistics for BinaryTreeDictionary:
------------------------------------
Total Free Space: 221187331
Max   Chunk Size: 221187331
Number of Blocks: 1
Av.  Block  Size: 221187331
Tree      Height: 1
, 0.0228008 secs] [Times: user=0.05 sys=0.00, real=0.02 secs] 
Heap after GC invocations=80 (full 2):
 par new generation   total 153344K, used 7092K [0x0000000080000000, 0x000000008a660000, 0x000000008a660000)
  eden space 136320K,   0% used [0x0000000080000000, 0x0000000080000000, 0x0000000088520000)
  from space 17024K,  41% used [0x0000000088520000, 0x0000000088c0d3c0, 0x00000000895c0000)
  to   space 17024K,   0% used [0x00000000895c0000, 0x00000000895c0000, 0x000000008a660000)
 concurrent mark-sweep generation total 1926784K, used 197699K [0x000000008a660000, 0x0000000100000000, 0x0000000100000000)
 Metaspace       used 85726K, capacity 91542K, committed 91800K, reserved 1130496K
  class space    used 10436K, capacity 10834K, committed 10912K, reserved 1048576K
}
2017-07-31T23:48:45.313+0000: 3476.886: Total time for which application threads were stopped: 0.0230408 seconds, Stopping threads took: 0.0000424 seconds
2017-07-31T23:48:45.313+0000: 3476.886: Total time for which application threads were stopped: 0.0001602 seconds, Stopping threads took: 0.0000622 seconds
2017-07-31T23:48:45.313+0000: 3476.886: Total time for which application threads were stopped: 0.0000761 seconds, Stopping threads took: 0.0000277 seconds
2017-07-31T23:48:45.313+0000: 3476.886: Total time for which application threads were stopped: 0.0000964 seconds, Stopping threads took: 0.0000392 seconds
2017-07-31T23:48:45.313+0000: 3476.887: Total time for which application threads were stopped: 0.0000688 seconds, Stopping threads took: 0.0000198 seconds
2017-07-31T23:48:45.313+0000: 3476.887: Total time for which application threads were stopped: 0.0000649 seconds, Stopping threads took: 0.0000201 seconds
2017-07-31T23:48:45.313+0000: 3476.887: Total time for which application threads were stopped: 0.0000656 seconds, Stopping threads took: 0.0000192 seconds
2017-07-31T23:48:45.314+0000: 3476.887: Total time for which application threads were stopped: 0.0000809 seconds, Stopping threads took: 0.0000186 seconds
2017-07-31T23:48:45.314+0000: 3476.887: Total time for which application threads were stopped: 0.0000636 seconds, Stopping threads took: 0.0000183 seconds
2017-07-31T23:48:45.314+0000: 3476.887: Total time for which application threads were stopped: 0.0000613 seconds, Stopping threads took: 0.0000173 seconds
2017-07-31T23:48:45.314+0000: 3476.887: Total time for which application threads were stopped: 0.0000679 seconds, Stopping threads took: 0.0000176 seconds
2017-07-31T23:48:45.314+0000: 3476.887: Total time for which application threads were stopped: 0.0000855 seconds, Stopping threads took: 0.0000181 seconds
2017-07-31T23:48:45.314+0000: 3476.887: Total time for which application threads were stopped: 0.0000630 seconds, Stopping threads took: 0.0000178 seconds
2017-07-31T23:48:45.314+0000: 3476.887: Total time for which application threads were stopped: 0.0000651 seconds, Stopping threads took: 0.0000199 seconds
2017-07-31T23:48:45.314+0000: 3476.888: Total time for which application threads were stopped: 0.0000813 seconds, Stopping threads took: 0.0000182 seconds
2017-07-31T23:48:45.314+0000: 3476.888: Total time for which application threads were stopped: 0.0000618 seconds, Stopping threads took: 0.0000174 seconds
2017-07-31T23:48:45.315+0000: 3476.888: Total time for which application threads were stopped: 0.0000671 seconds, Stopping threads took: 0.0000212 seconds
2017-07-31T23:48:45.315+0000: 3476.888: Total time for which application threads were stopped: 0.0000786 seconds, Stopping threads took: 0.0000176 seconds
2017-07-31T23:48:45.315+0000: 3476.888: Total time for which application threads were stopped: 0.0000632 seconds, Stopping threads took: 0.0000178 seconds
2017-07-31T23:48:45.315+0000: 3476.888: Total time for which application threads were stopped: 0.0000660 seconds, Stopping threads took: 0.0000212 seconds
2017-07-31T23:48:45.315+0000: 3476.888: Total time for which application threads were stopped: 0.0001895 seconds, Stopping threads took: 0.0000173 seconds
2017-07-31T23:49:02.317+0000: 3493.890: Total time for which application threads were stopped: 0.0001530 seconds, Stopping threads took: 0.0000428 seconds
2017-07-31T23:49:03.317+0000: 3494.890: Total time for which application threads were stopped: 0.0002045 seconds, Stopping threads took: 0.0000611 seconds
2017-07-31T23:49:24.324+0000: 3515.898: Total time for which application threads were stopped: 0.0001752 seconds, Stopping threads took: 0.0000528 seconds
{Heap before GC invocations=80 (full 2):
 par new generation   total 153344K, used 143412K [0x0000000080000000, 0x000000008a660000, 0x000000008a660000)
  eden space 136320K, 100% used [0x0000000080000000, 0x0000000088520000, 0x0000000088520000)
  from space 17024K,  41% used [0x0000000088520000, 0x0000000088c0d3c0, 0x00000000895c0000)
  to   space 17024K,   0% used [0x00000000895c0000, 0x00000000895c0000, 0x000000008a660000)
 concurrent mark-sweep generation total 1926784K, used 197699K [0x000000008a660000, 0x0000000100000000, 0x0000000100000000)
 Metaspace       used 85727K, capacity 91542K, committed 91800K, reserved 1130496K
  class space    used 10436K, capacity 10834K, committed 10912K, reserved 1048576K
2017-07-31T23:49:56.079+0000: 3547.653: [GC (Allocation Failure) Before GC:
Statistics for BinaryTreeDictionary:
------------------------------------
Total Free Space: 221187331
Max   Chunk Size: 221187331
Number of Blocks: 1
Av.  Block  Size: 221187331
Tree      Height: 1
2017-07-31T23:49:56.080+0000: 3547.653: [ParNew
Desired survivor size 8716288 bytes, new threshold 6 (max 6)
- age   1:    1489304 bytes,    1489304 total
- age   2:     752944 bytes,    2242248 total
- age   3:     745336 bytes,    2987584 total
- age   4:     687816 bytes,    3675400 total
- age   5:     533864 bytes,    4209264 total
- age   6:     664184 bytes,    4873448 total
: 143412K->7083K(153344K), 0.0227917 secs] 341112K->205370K(2080128K)After GC:
Statistics for BinaryTreeDictionary:
------------------------------------
Total Free Space: 221112266
Max   Chunk Size: 221112266
Number of Blocks: 1
Av.  Block  Size: 221112266
Tree      Height: 1
, 0.0228889 secs] [Times: user=0.06 sys=0.00, real=0.02 secs] 
Heap after GC invocations=81 (full 2):
 par new generation   total 153344K, used 7083K [0x0000000080000000, 0x000000008a660000, 0x000000008a660000)
  eden space 136320K,   0% used [0x0000000080000000, 0x0000000080000000, 0x0000000088520000)
  from space 17024K,  41% used [0x00000000895c0000, 0x0000000089caacc8, 0x000000008a660000)
  to   space 17024K,   0% used [0x0000000088520000, 0x0000000088520000, 0x00000000895c0000)
 concurrent mark-sweep generation total 1926784K, used 198287K [0x000000008a660000, 0x0000000100000000, 0x0000000100000000)
 Metaspace       used 85727K, capacity 91542K, committed 91800K, reserved 1130496K
  class space    used 10436K, capacity 10834K, committed 10912K, reserved 1048576K
}
2017-07-31T23:49:56.102+0000: 3547.676: Total time for which application threads were stopped: 0.0231328 seconds, Stopping threads took: 0.0000491 seconds
2017-07-31T23:49:56.109+0000: 3547.682: Total time for which application threads were stopped: 0.0001587 seconds, Stopping threads took: 0.0000511 seconds
2017-07-31T23:49:56.109+0000: 3547.682: Total time for which application threads were stopped: 0.0001641 seconds, Stopping threads took: 0.0001043 seconds
2017-07-31T23:49:56.109+0000: 3547.682: Total time for which application threads were stopped: 0.0001030 seconds, Stopping threads took: 0.0000456 seconds
2017-07-31T23:49:56.109+0000: 3547.683: Total time for which application threads were stopped: 0.0000998 seconds, Stopping threads took: 0.0000424 seconds
2017-07-31T23:49:56.109+0000: 3547.683: Total time for which application threads were stopped: 0.0001094 seconds, Stopping threads took: 0.0000410 seconds
2017-07-31T23:49:56.109+0000: 3547.683: Total time for which application threads were stopped: 0.0000636 seconds, Stopping threads took: 0.0000194 seconds
2017-07-31T23:49:56.110+0000: 3547.683: Total time for which application threads were stopped: 0.0000976 seconds, Stopping threads took: 0.0000413 seconds
2017-07-31T23:49:56.110+0000: 3547.683: Total time for which application threads were stopped: 0.0001055 seconds, Stopping threads took: 0.0000416 seconds
2017-07-31T23:49:56.110+0000: 3547.683: Total time for which application threads were stopped: 0.0001007 seconds, Stopping threads took: 0.0000441 seconds
2017-07-31T23:49:56.110+0000: 3547.683: Total time for which application threads were stopped: 0.0000984 seconds, Stopping threads took: 0.0000441 seconds
2017-07-31T23:49:56.110+0000: 3547.683: Total time for which application threads were stopped: 0.0001014 seconds, Stopping threads took: 0.0000453 seconds
2017-07-31T23:49:56.110+0000: 3547.683: Total time for which application threads were stopped: 0.0000636 seconds, Stopping threads took: 0.0000194 seconds
2017-07-31T23:49:56.110+0000: 3547.684: Total time for which application threads were stopped: 0.0001119 seconds, Stopping threads took: 0.0000537 seconds
2017-07-31T23:49:56.110+0000: 3547.684: Total time for which application threads were stopped: 0.0000910 seconds, Stopping threads took: 0.0000332 seconds
2017-07-31T23:49:56.111+0000: 3547.684: Total time for which application threads were stopped: 0.0000932 seconds, Stopping threads took: 0.0000373 seconds
2017-07-31T23:49:56.111+0000: 3547.684: Total time for which application threads were stopped: 0.0001078 seconds, Stopping threads took: 0.0000515 seconds
2017-07-31T23:49:56.111+0000: 3547.684: Total time for which application threads were stopped: 0.0000667 seconds, Stopping threads took: 0.0000191 seconds
2017-07-31T23:49:56.111+0000: 3547.684: Total time for which application threads were stopped: 0.0000908 seconds, Stopping threads took: 0.0000327 seconds
2017-07-31T23:49:56.111+0000: 3547.684: Total time for which application threads were stopped: 0.0000678 seconds, Stopping threads took: 0.0000209 seconds
2017-07-31T23:49:56.111+0000: 3547.685: Total time for which application threads were stopped: 0.0002692 seconds, Stopping threads took: 0.0000412 seconds
2017-07-31T23:50:15.879+0000: 3567.453: Total time for which application threads were stopped: 0.0001849 seconds, Stopping threads took: 0.0000612 seconds
2017-07-31T23:50:15.879+0000: 3567.453: Total time for which application threads were stopped: 0.0000735 seconds, Stopping threads took: 0.0000202 seconds
2017-07-31T23:50:15.880+0000: 3567.453: Total time for which application threads were stopped: 0.0001008 seconds, Stopping threads took: 0.0000355 seconds
2017-07-31T23:50:15.880+0000: 3567.453: Total time for which application threads were stopped: 0.0000862 seconds, Stopping threads took: 0.0000204 seconds
2017-07-31T23:50:15.880+0000: 3567.453: Total time for which application threads were stopped: 0.0000751 seconds, Stopping threads took: 0.0000128 seconds
2017-07-31T23:50:15.880+0000: 3567.453: Total time for which application threads were stopped: 0.0000943 seconds, Stopping threads took: 0.0000208 seconds
{Heap before GC invocations=81 (full 2):
 par new generation   total 153344K, used 143403K [0x0000000080000000, 0x000000008a660000, 0x000000008a660000)
  eden space 136320K, 100% used [0x0000000080000000, 0x0000000088520000, 0x0000000088520000)
  from space 17024K,  41% used [0x00000000895c0000, 0x0000000089caacc8, 0x000000008a660000)
  to   space 17024K,   0% used [0x0000000088520000, 0x0000000088520000, 0x00000000895c0000)
 concurrent mark-sweep generation total 1926784K, used 198287K [0x000000008a660000, 0x0000000100000000, 0x0000000100000000)
 Metaspace       used 85737K, capacity 91542K, committed 91800K, reserved 1130496K
  class space    used 10438K, capacity 10834K, committed 10912K, reserved 1048576K
2017-07-31T23:51:12.936+0000: 3624.509: [GC (Allocation Failure) Before GC:
Statistics for BinaryTreeDictionary:
------------------------------------
Total Free Space: 221112266
Max   Chunk Size: 221112266
Number of Blocks: 1
Av.  Block  Size: 221112266
Tree      Height: 1
2017-07-31T23:51:12.936+0000: 3624.509: [ParNew
Desired survivor size 8716288 bytes, new threshold 6 (max 6)
- age   1:    1622496 bytes,    1622496 total
- age   2:     729440 bytes,    2351936 total
- age   3:     672480 bytes,    3024416 total
- age   4:     713160 bytes,    3737576 total
- age   5:     626440 bytes,    4364016 total
- age   6:     525232 bytes,    4889248 total
: 143403K->7058K(153344K), 0.0239563 secs] 341690K->206001K(2080128K)After GC:
Statistics for BinaryTreeDictionary:
------------------------------------
Total Free Space: 221020174
Max   Chunk Size: 221020174
Number of Blocks: 1
Av.  Block  Size: 221020174
Tree      Height: 1
, 0.0240402 secs] [Times: user=0.05 sys=0.00, real=0.02 secs] 
Heap after GC invocations=82 (full 2):
 par new generation   total 153344K, used 7058K [0x0000000080000000, 0x000000008a660000, 0x000000008a660000)
  eden space 136320K,   0% used [0x0000000080000000, 0x0000000080000000, 0x0000000088520000)
  from space 17024K,  41% used [0x0000000088520000, 0x0000000088c04b50, 0x00000000895c0000)
  to   space 17024K,   0% used [0x00000000895c0000, 0x00000000895c0000, 0x000000008a660000)
 concurrent mark-sweep generation total 1926784K, used 198943K [0x000000008a660000, 0x0000000100000000, 0x0000000100000000)
 Metaspace       used 85737K, capacity 91542K, committed 91800K, reserved 1130496K
  class space    used 10438K, capacity 10834K, committed 10912K, reserved 1048576K
}
2017-07-31T23:51:12.960+0000: 3624.533: Total time for which application threads were stopped: 0.0243393 seconds, Stopping threads took: 0.0000917 seconds
2017-07-31T23:51:12.960+0000: 3624.534: Total time for which application threads were stopped: 0.0001748 seconds, Stopping threads took: 0.0000658 seconds
2017-07-31T23:51:12.961+0000: 3624.534: Total time for which application threads were stopped: 0.0000696 seconds, Stopping threads took: 0.0000198 seconds
2017-07-31T23:51:12.961+0000: 3624.534: Total time for which application threads were stopped: 0.0000659 seconds, Stopping threads took: 0.0000176 seconds
2017-07-31T23:51:12.961+0000: 3624.534: Total time for which application threads were stopped: 0.0000665 seconds, Stopping threads took: 0.0000196 seconds
2017-07-31T23:51:12.961+0000: 3624.534: Total time for which application threads were stopped: 0.0001173 seconds, Stopping threads took: 0.0000476 seconds
2017-07-31T23:51:12.961+0000: 3624.534: Total time for which application threads were stopped: 0.0000724 seconds, Stopping threads took: 0.0000212 seconds
2017-07-31T23:51:12.961+0000: 3624.534: Total time for which application threads were stopped: 0.0000997 seconds, Stopping threads took: 0.0000244 seconds
2017-07-31T23:51:12.961+0000: 3624.534: Total time for which application threads were stopped: 0.0000743 seconds, Stopping threads took: 0.0000220 seconds
2017-07-31T23:51:12.961+0000: 3624.535: Total time for which application threads were stopped: 0.0001024 seconds, Stopping threads took: 0.0000328 seconds
2017-07-31T23:51:12.961+0000: 3624.535: Total time for which application threads were stopped: 0.0001312 seconds, Stopping threads took: 0.0000437 seconds
2017-07-31T23:51:12.962+0000: 3624.535: Total time for which application threads were stopped: 0.0001201 seconds, Stopping threads took: 0.0000434 seconds
2017-07-31T23:51:12.962+0000: 3624.535: Total time for which application threads were stopped: 0.0000950 seconds, Stopping threads took: 0.0000299 seconds
2017-07-31T23:51:12.962+0000: 3624.535: Total time for which application threads were stopped: 0.0000878 seconds, Stopping threads took: 0.0000213 seconds
2017-07-31T23:51:12.962+0000: 3624.535: Total time for which application threads were stopped: 0.0000963 seconds, Stopping threads took: 0.0000324 seconds
2017-07-31T23:51:12.962+0000: 3624.535: Total time for which application threads were stopped: 0.0000837 seconds, Stopping threads took: 0.0000199 seconds
2017-07-31T23:51:12.962+0000: 3624.535: Total time for which application threads were stopped: 0.0000919 seconds, Stopping threads took: 0.0000365 seconds
2017-07-31T23:51:12.962+0000: 3624.536: Total time for which application threads were stopped: 0.0001235 seconds, Stopping threads took: 0.0000456 seconds
2017-07-31T23:51:12.963+0000: 3624.536: Total time for which application threads were stopped: 0.0001133 seconds, Stopping threads took: 0.0000432 seconds
2017-07-31T23:51:12.963+0000: 3624.536: Total time for which application threads were stopped: 0.0001198 seconds, Stopping threads took: 0.0000446 seconds
2017-07-31T23:51:12.963+0000: 3624.536: Total time for which application threads were stopped: 0.0002979 seconds, Stopping threads took: 0.0000465 seconds
2017-07-31T23:51:23.964+0000: 3635.538: Total time for which application threads were stopped: 0.0001450 seconds, Stopping threads took: 0.0000456 seconds
2017-07-31T23:51:57.968+0000: 3669.542: Total time for which application threads were stopped: 0.0001384 seconds, Stopping threads took: 0.0000437 seconds
{Heap before GC invocations=82 (full 2):
 par new generation   total 153344K, used 143378K [0x0000000080000000, 0x000000008a660000, 0x000000008a660000)
  eden space 136320K, 100% used [0x0000000080000000, 0x0000000088520000, 0x0000000088520000)
  from space 17024K,  41% used [0x0000000088520000, 0x0000000088c04b50, 0x00000000895c0000)
  to   space 17024K,   0% used [0x00000000895c0000, 0x00000000895c0000, 0x000000008a660000)
 concurrent mark-sweep generation total 1926784K, used 198943K [0x000000008a660000, 0x0000000100000000, 0x0000000100000000)
 Metaspace       used 85737K, capacity 91542K, committed 91800K, reserved 1130496K
  class space    used 10438K, capacity 10834K, committed 10912K, reserved 1048576K
2017-07-31T23:52:33.431+0000: 3705.004: [GC (Allocation Failure) Before GC:
Statistics for BinaryTreeDictionary:
------------------------------------
Total Free Space: 221020174
Max   Chunk Size: 221020174
Number of Blocks: 1
Av.  Block  Size: 221020174
Tree      Height: 1
2017-07-31T23:52:33.431+0000: 3705.004: [ParNew
Desired survivor size 8716288 bytes, new threshold 6 (max 6)
- age   1:    1457816 bytes,    1457816 total
- age   2:     841120 bytes,    2298936 total
- age   3:     675848 bytes,    2974784 total
- age   4:     651424 bytes,    3626208 total
- age   5:     671280 bytes,    4297488 total
- age   6:     618192 bytes,    4915680 total
: 143378K->7178K(153344K), 0.0238657 secs] 342321K->206637K(2080128K)After GC:
Statistics for BinaryTreeDictionary:
------------------------------------
Total Free Space: 220962594
Max   Chunk Size: 220962594
Number of Blocks: 1
Av.  Block  Size: 220962594
Tree      Height: 1
, 0.0239619 secs] [Times: user=0.05 sys=0.00, real=0.03 secs] 
Heap after GC invocations=83 (full 2):
 par new generation   total 153344K, used 7178K [0x0000000080000000, 0x000000008a660000, 0x000000008a660000)
  eden space 136320K,   0% used [0x0000000080000000, 0x0000000080000000, 0x0000000088520000)
  from space 17024K,  42% used [0x00000000895c0000, 0x0000000089cc2898, 0x000000008a660000)
  to   space 17024K,   0% used [0x0000000088520000, 0x0000000088520000, 0x00000000895c0000)
 concurrent mark-sweep generation total 1926784K, used 199459K [0x000000008a660000, 0x0000000100000000, 0x0000000100000000)
 Metaspace       used 85737K, capacity 91542K, committed 91800K, reserved 1130496K
  class space    used 10438K, capacity 10834K, committed 10912K, reserved 1048576K
}
2017-07-31T23:52:33.455+0000: 3705.028: Total time for which application threads were stopped: 0.0293795 seconds, Stopping threads took: 0.0051943 seconds
2017-07-31T23:52:33.456+0000: 3705.029: Total time for which application threads were stopped: 0.0001664 seconds, Stopping threads took: 0.0000661 seconds
2017-07-31T23:52:33.456+0000: 3705.029: Total time for which application threads were stopped: 0.0000719 seconds, Stopping threads took: 0.0000241 seconds
2017-07-31T23:52:33.456+0000: 3705.029: Total time for which application threads were stopped: 0.0000862 seconds, Stopping threads took: 0.0000202 seconds
2017-07-31T23:52:33.456+0000: 3705.029: Total time for which application threads were stopped: 0.0001104 seconds, Stopping threads took: 0.0000459 seconds
2017-07-31T23:52:33.456+0000: 3705.029: Total time for which application threads were stopped: 0.0000689 seconds, Stopping threads took: 0.0000193 seconds
2017-07-31T23:52:33.456+0000: 3705.030: Total time for which application threads were stopped: 0.0000940 seconds, Stopping threads took: 0.0000315 seconds
2017-07-31T23:52:33.457+0000: 3705.030: Total time for which application threads were stopped: 0.0001328 seconds, Stopping threads took: 0.0000739 seconds
2017-07-31T23:52:33.457+0000: 3705.030: Total time for which application threads were stopped: 0.0000662 seconds, Stopping threads took: 0.0000191 seconds
2017-07-31T23:52:33.457+0000: 3705.030: Total time for which application threads were stopped: 0.0000906 seconds, Stopping threads took: 0.0000189 seconds
2017-07-31T23:52:33.457+0000: 3705.030: Total time for which application threads were stopped: 0.0000675 seconds, Stopping threads took: 0.0000199 seconds
2017-07-31T23:52:33.457+0000: 3705.030: Total time for which application threads were stopped: 0.0001019 seconds, Stopping threads took: 0.0000261 seconds
2017-07-31T23:52:33.457+0000: 3705.030: Total time for which application threads were stopped: 0.0000645 seconds, Stopping threads took: 0.0000186 seconds
2017-07-31T23:52:33.457+0000: 3705.031: Total time for which application threads were stopped: 0.0000675 seconds, Stopping threads took: 0.0000213 seconds
2017-07-31T23:52:33.457+0000: 3705.031: Total time for which application threads were stopped: 0.0000833 seconds, Stopping threads took: 0.0000220 seconds
2017-07-31T23:52:33.457+0000: 3705.031: Total time for which application threads were stopped: 0.0000672 seconds, Stopping threads took: 0.0000222 seconds
2017-07-31T23:52:33.458+0000: 3705.031: Total time for which application threads were stopped: 0.0001041 seconds, Stopping threads took: 0.0000486 seconds
2017-07-31T23:52:33.458+0000: 3705.031: Total time for which application threads were stopped: 0.0000891 seconds, Stopping threads took: 0.0000296 seconds
2017-07-31T23:52:33.458+0000: 3705.031: Total time for which application threads were stopped: 0.0001100 seconds, Stopping threads took: 0.0000530 seconds
2017-07-31T23:52:33.458+0000: 3705.031: Total time for which application threads were stopped: 0.0000704 seconds, Stopping threads took: 0.0000219 seconds
2017-07-31T23:52:33.458+0000: 3705.031: Total time for which application threads were stopped: 0.0002609 seconds, Stopping threads took: 0.0000284 seconds
2017-07-31T23:52:38.459+0000: 3710.032: Total time for which application threads were stopped: 0.0001632 seconds, Stopping threads took: 0.0000425 seconds
2017-07-31T23:52:53.460+0000: 3725.034: Total time for which application threads were stopped: 0.0001537 seconds, Stopping threads took: 0.0000420 seconds
2017-07-31T23:53:39.465+0000: 3771.039: Total time for which application threads were stopped: 0.0001663 seconds, Stopping threads took: 0.0000455 seconds
{Heap before GC invocations=83 (full 2):
 par new generation   total 153344K, used 143498K [0x0000000080000000, 0x000000008a660000, 0x000000008a660000)
  eden space 136320K, 100% used [0x0000000080000000, 0x0000000088520000, 0x0000000088520000)
  from space 17024K,  42% used [0x00000000895c0000, 0x0000000089cc2898, 0x000000008a660000)
  to   space 17024K,   0% used [0x0000000088520000, 0x0000000088520000, 0x00000000895c0000)
 concurrent mark-sweep generation total 1926784K, used 199459K [0x000000008a660000, 0x0000000100000000, 0x0000000100000000)
 Metaspace       used 85747K, capacity 91542K, committed 91800K, reserved 1130496K
  class space    used 10438K, capacity 10834K, committed 10912K, reserved 1048576K
2017-07-31T23:53:50.678+0000: 3782.251: [GC (Allocation Failure) Before GC:
Statistics for BinaryTreeDictionary:
------------------------------------
Total Free Space: 220962594
Max   Chunk Size: 220962594
Number of Blocks: 1
Av.  Block  Size: 220962594
Tree      Height: 1
2017-07-31T23:53:50.678+0000: 3782.251: [ParNew
Desired survivor size 8716288 bytes, new threshold 6 (max 6)
- age   1:    1411432 bytes,    1411432 total
- age   2:     667304 bytes,    2078736 total
- age   3:     741248 bytes,    2819984 total
- age   4:     633776 bytes,    3453760 total
- age   5:     637936 bytes,    4091696 total
- age   6:     615176 bytes,    4706872 total
: 143498K->7172K(153344K), 0.0323019 secs] 342957K->207243K(2080128K)After GC:
Statistics for BinaryTreeDictionary:
------------------------------------
Total Free Space: 220882185
Max   Chunk Size: 220882185
Number of Blocks: 1
Av.  Block  Size: 220882185
Tree      Height: 1
, 0.0323990 secs] [Times: user=0.04 sys=0.00, real=0.03 secs] 
Heap after GC invocations=84 (full 2):
 par new generation   total 153344K, used 7172K [0x0000000080000000, 0x000000008a660000, 0x000000008a660000)
  eden space 136320K,   0% used [0x0000000080000000, 0x0000000080000000, 0x0000000088520000)
  from space 17024K,  42% used [0x0000000088520000, 0x0000000088c213f0, 0x00000000895c0000)
  to   space 17024K,   0% used [0x00000000895c0000, 0x00000000895c0000, 0x000000008a660000)
 concurrent mark-sweep generation total 1926784K, used 200070K [0x000000008a660000, 0x0000000100000000, 0x0000000100000000)
 Metaspace       used 85747K, capacity 91542K, committed 91800K, reserved 1130496K
  class space    used 10438K, capacity 10834K, committed 10912K, reserved 1048576K
}
2017-07-31T23:53:50.710+0000: 3782.284: Total time for which application threads were stopped: 0.0346539 seconds, Stopping threads took: 0.0020204 seconds
2017-07-31T23:53:50.726+0000: 3782.299: Total time for which application threads were stopped: 0.0001616 seconds, Stopping threads took: 0.0000341 seconds
2017-07-31T23:53:50.726+0000: 3782.299: Total time for which application threads were stopped: 0.0000864 seconds, Stopping threads took: 0.0000143 seconds
2017-07-31T23:53:50.726+0000: 3782.300: Total time for which application threads were stopped: 0.0000947 seconds, Stopping threads took: 0.0000141 seconds
2017-07-31T23:53:50.726+0000: 3782.300: Total time for which application threads were stopped: 0.0000825 seconds, Stopping threads took: 0.0000137 seconds
2017-07-31T23:53:50.727+0000: 3782.300: Total time for which application threads were stopped: 0.0000816 seconds, Stopping threads took: 0.0000133 seconds
2017-07-31T23:53:50.727+0000: 3782.300: Total time for which application threads were stopped: 0.0000834 seconds, Stopping threads took: 0.0000141 seconds
2017-07-31T23:53:50.727+0000: 3782.300: Total time for which application threads were stopped: 0.0000803 seconds, Stopping threads took: 0.0000126 seconds
2017-07-31T23:53:50.727+0000: 3782.300: Total time for which application threads were stopped: 0.0000833 seconds, Stopping threads took: 0.0000144 seconds
2017-07-31T23:53:50.727+0000: 3782.300: Total time for which application threads were stopped: 0.0000803 seconds, Stopping threads took: 0.0000128 seconds
2017-07-31T23:53:50.727+0000: 3782.300: Total time for which application threads were stopped: 0.0000824 seconds, Stopping threads took: 0.0000139 seconds
2017-07-31T23:53:50.727+0000: 3782.301: Total time for which application threads were stopped: 0.0000809 seconds, Stopping threads took: 0.0000127 seconds
2017-07-31T23:53:50.727+0000: 3782.301: Total time for which application threads were stopped: 0.0000809 seconds, Stopping threads took: 0.0000131 seconds
2017-07-31T23:53:50.727+0000: 3782.301: Total time for which application threads were stopped: 0.0000800 seconds, Stopping threads took: 0.0000129 seconds
2017-07-31T23:53:50.728+0000: 3782.301: Total time for which application threads were stopped: 0.0000807 seconds, Stopping threads took: 0.0000134 seconds
2017-07-31T23:53:50.728+0000: 3782.301: Total time for which application threads were stopped: 0.0000813 seconds, Stopping threads took: 0.0000134 seconds
2017-07-31T23:53:50.728+0000: 3782.301: Total time for which application threads were stopped: 0.0000818 seconds, Stopping threads took: 0.0000134 seconds
2017-07-31T23:53:50.728+0000: 3782.301: Total time for which application threads were stopped: 0.0000954 seconds, Stopping threads took: 0.0000135 seconds
2017-07-31T23:53:50.728+0000: 3782.301: Total time for which application threads were stopped: 0.0000812 seconds, Stopping threads took: 0.0000135 seconds
2017-07-31T23:53:50.728+0000: 3782.301: Total time for which application threads were stopped: 0.0000795 seconds, Stopping threads took: 0.0000130 seconds
2017-07-31T23:53:50.728+0000: 3782.302: Total time for which application threads were stopped: 0.0002431 seconds, Stopping threads took: 0.0000133 seconds
2017-07-31T23:54:08.730+0000: 3800.304: Total time for which application threads were stopped: 0.0002241 seconds, Stopping threads took: 0.0000671 seconds
2017-07-31T23:54:27.733+0000: 3819.306: Total time for which application threads were stopped: 0.0001593 seconds, Stopping threads took: 0.0000429 seconds
2017-07-31T23:54:50.736+0000: 3842.309: Total time for which application threads were stopped: 0.0001816 seconds, Stopping threads took: 0.0000417 seconds
2017-07-31T23:54:57.737+0000: 3849.310: Total time for which application threads were stopped: 0.0001560 seconds, Stopping threads took: 0.0000341 seconds
{Heap before GC invocations=84 (full 2):
 par new generation   total 153344K, used 143492K [0x0000000080000000, 0x000000008a660000, 0x000000008a660000)
  eden space 136320K, 100% used [0x0000000080000000, 0x0000000088520000, 0x0000000088520000)
  from space 17024K,  42% used [0x0000000088520000, 0x0000000088c213f0, 0x00000000895c0000)
  to   space 17024K,   0% used [0x00000000895c0000, 0x00000000895c0000, 0x000000008a660000)
 concurrent mark-sweep generation total 1926784K, used 200070K [0x000000008a660000, 0x0000000100000000, 0x0000000100000000)
 Metaspace       used 86056K, capacity 91798K, committed 92056K, reserved 1130496K
  class space    used 10438K, capacity 10834K, committed 10912K, reserved 1048576K
2017-07-31T23:55:05.162+0000: 3856.736: [GC (Allocation Failure) Before GC:
Statistics for BinaryTreeDictionary:
------------------------------------
Total Free Space: 220882185
Max   Chunk Size: 220882185
Number of Blocks: 1
Av.  Block  Size: 220882185
Tree      Height: 1
2017-07-31T23:55:05.162+0000: 3856.736: [ParNew
Desired survivor size 8716288 bytes, new threshold 6 (max 6)
- age   1:    1322800 bytes,    1322800 total
- age   2:     659376 bytes,    1982176 total
- age   3:     599840 bytes,    2582016 total
- age   4:     688560 bytes,    3270576 total
- age   5:     572984 bytes,    3843560 total
- age   6:     629928 bytes,    4473488 total
: 143492K->4601K(153344K), 0.0227026 secs] 343563K->205278K(2080128K)After GC:
Statistics for BinaryTreeDictionary:
------------------------------------
Total Free Space: 220803574
Max   Chunk Size: 220803574
Number of Blocks: 1
Av.  Block  Size: 220803574
Tree      Height: 1
, 0.0227915 secs] [Times: user=0.06 sys=0.00, real=0.03 secs] 
Heap after GC invocations=85 (full 2):
 par new generation   total 153344K, used 4601K [0x0000000080000000, 0x000000008a660000, 0x000000008a660000)
  eden space 136320K,   0% used [0x0000000080000000, 0x0000000080000000, 0x0000000088520000)
  from space 17024K,  27% used [0x00000000895c0000, 0x0000000089a3e5b0, 0x000000008a660000)
  to   space 17024K,   0% used [0x0000000088520000, 0x0000000088520000, 0x00000000895c0000)
 concurrent mark-sweep generation total 1926784K, used 200676K [0x000000008a660000, 0x0000000100000000, 0x0000000100000000)
 Metaspace       used 86056K, capacity 91798K, committed 92056K, reserved 1130496K
  class space    used 10438K, capacity 10834K, committed 10912K, reserved 1048576K
}
2017-07-31T23:55:05.185+0000: 3856.759: Total time for which application threads were stopped: 0.0230252 seconds, Stopping threads took: 0.0000369 seconds
2017-07-31T23:55:05.186+0000: 3856.759: Total time for which application threads were stopped: 0.0001215 seconds, Stopping threads took: 0.0000331 seconds
2017-07-31T23:55:05.186+0000: 3856.759: Total time for which application threads were stopped: 0.0001078 seconds, Stopping threads took: 0.0000496 seconds
2017-07-31T23:55:05.186+0000: 3856.759: Total time for which application threads were stopped: 0.0000837 seconds, Stopping threads took: 0.0000196 seconds
2017-07-31T23:55:05.187+0000: 3856.760: Total time for which application threads were stopped: 0.0001206 seconds, Stopping threads took: 0.0000589 seconds
2017-07-31T23:55:05.187+0000: 3856.760: Total time for which application threads were stopped: 0.0000650 seconds, Stopping threads took: 0.0000191 seconds
2017-07-31T23:55:05.187+0000: 3856.760: Total time for which application threads were stopped: 0.0000685 seconds, Stopping threads took: 0.0000191 seconds
2017-07-31T23:55:05.187+0000: 3856.760: Total time for which application threads were stopped: 0.0001113 seconds, Stopping threads took: 0.0000548 seconds
2017-07-31T23:55:05.187+0000: 3856.760: Total time for which application threads were stopped: 0.0001037 seconds, Stopping threads took: 0.0000453 seconds
2017-07-31T23:55:05.187+0000: 3856.760: Total time for which application threads were stopped: 0.0001374 seconds, Stopping threads took: 0.0000469 seconds
2017-07-31T23:55:05.187+0000: 3856.760: Total time for which application threads were stopped: 0.0000687 seconds, Stopping threads took: 0.0000191 seconds
2017-07-31T23:55:05.187+0000: 3856.761: Total time for which application threads were stopped: 0.0000741 seconds, Stopping threads took: 0.0000185 seconds
2017-07-31T23:55:05.187+0000: 3856.761: Total time for which application threads were stopped: 0.0000944 seconds, Stopping threads took: 0.0000420 seconds
2017-07-31T23:55:05.188+0000: 3856.761: Total time for which application threads were stopped: 0.0001079 seconds, Stopping threads took: 0.0000443 seconds
2017-07-31T23:55:05.188+0000: 3856.761: Total time for which application threads were stopped: 0.0001083 seconds, Stopping threads took: 0.0000462 seconds
2017-07-31T23:55:05.188+0000: 3856.761: Total time for which application threads were stopped: 0.0000961 seconds, Stopping threads took: 0.0000217 seconds
2017-07-31T23:55:05.188+0000: 3856.761: Total time for which application threads were stopped: 0.0001257 seconds, Stopping threads took: 0.0000457 seconds
2017-07-31T23:55:05.188+0000: 3856.761: Total time for which application threads were stopped: 0.0000952 seconds, Stopping threads took: 0.0000326 seconds
2017-07-31T23:55:05.188+0000: 3856.761: Total time for which application threads were stopped: 0.0000820 seconds, Stopping threads took: 0.0000176 seconds
2017-07-31T23:55:05.188+0000: 3856.762: Total time for which application threads were stopped: 0.0001177 seconds, Stopping threads took: 0.0000426 seconds
2017-07-31T23:55:05.189+0000: 3856.762: Total time for which application threads were stopped: 0.0003035 seconds, Stopping threads took: 0.0000620 seconds
2017-07-31T23:55:08.536+0000: 3860.109: Total time for which application threads were stopped: 0.0002153 seconds, Stopping threads took: 0.0000527 seconds
2017-07-31T23:55:08.536+0000: 3860.110: Total time for which application threads were stopped: 0.0000967 seconds, Stopping threads took: 0.0000213 seconds
2017-07-31T23:55:08.536+0000: 3860.110: Total time for which application threads were stopped: 0.0000898 seconds, Stopping threads took: 0.0000214 seconds
2017-07-31T23:55:08.537+0000: 3860.110: Total time for which application threads were stopped: 0.0000855 seconds, Stopping threads took: 0.0000200 seconds
2017-07-31T23:55:08.537+0000: 3860.110: Total time for which application threads were stopped: 0.0000887 seconds, Stopping threads took: 0.0000223 seconds
2017-07-31T23:55:08.537+0000: 3860.110: Total time for which application threads were stopped: 0.0000919 seconds, Stopping threads took: 0.0000270 seconds
2017-07-31T23:55:09.537+0000: 3861.110: Total time for which application threads were stopped: 0.0001549 seconds, Stopping threads took: 0.0000407 seconds
2017-07-31T23:55:10.537+0000: 3862.111: Total time for which application threads were stopped: 0.0001491 seconds, Stopping threads took: 0.0000393 seconds
2017-07-31T23:55:13.816+0000: 3865.389: Total time for which application threads were stopped: 0.0002136 seconds, Stopping threads took: 0.0000401 seconds
2017-07-31T23:55:13.816+0000: 3865.390: Total time for which application threads were stopped: 0.0000936 seconds, Stopping threads took: 0.0000194 seconds
2017-07-31T23:55:13.816+0000: 3865.390: Total time for which application threads were stopped: 0.0000920 seconds, Stopping threads took: 0.0000220 seconds
2017-07-31T23:55:13.817+0000: 3865.390: Total time for which application threads were stopped: 0.0000853 seconds, Stopping threads took: 0.0000194 seconds
2017-07-31T23:55:13.817+0000: 3865.390: Total time for which application threads were stopped: 0.0001183 seconds, Stopping threads took: 0.0000205 seconds
2017-07-31T23:55:13.817+0000: 3865.390: Total time for which application threads were stopped: 0.0001326 seconds, Stopping threads took: 0.0000503 seconds
2017-07-31T23:55:23.819+0000: 3875.392: Total time for which application threads were stopped: 0.0001699 seconds, Stopping threads took: 0.0000679 seconds
2017-07-31T23:55:59.823+0000: 3911.396: Total time for which application threads were stopped: 0.0001758 seconds, Stopping threads took: 0.0000596 seconds
{Heap before GC invocations=85 (full 2):
 par new generation   total 153344K, used 140921K [0x0000000080000000, 0x000000008a660000, 0x000000008a660000)
  eden space 136320K, 100% used [0x0000000080000000, 0x0000000088520000, 0x0000000088520000)
  from space 17024K,  27% used [0x00000000895c0000, 0x0000000089a3e5b0, 0x000000008a660000)
  to   space 17024K,   0% used [0x0000000088520000, 0x0000000088520000, 0x00000000895c0000)
 concurrent mark-sweep generation total 1926784K, used 200676K [0x000000008a660000, 0x0000000100000000, 0x0000000100000000)
 Metaspace       used 86062K, capacity 91798K, committed 92056K, reserved 1130496K
  class space    used 10438K, capacity 10834K, committed 10912K, reserved 1048576K
2017-07-31T23:56:24.655+0000: 3936.228: [GC (Allocation Failure) Before GC:
Statistics for BinaryTreeDictionary:
------------------------------------
Total Free Space: 220803574
Max   Chunk Size: 220803574
Number of Blocks: 1
Av.  Block  Size: 220803574
Tree      Height: 1
2017-07-31T23:56:24.655+0000: 3936.228: [ParNew
Desired survivor size 8716288 bytes, new threshold 6 (max 6)
- age   1:    1417264 bytes,    1417264 total
- age   2:     581328 bytes,    1998592 total
- age   3:     586736 bytes,    2585328 total
- age   4:     529008 bytes,    3114336 total
- age   5:     664088 bytes,    3778424 total
- age   6:     563824 bytes,    4342248 total
: 140921K->6681K(153344K), 0.0225812 secs] 341598K->207979K(2080128K)After GC:
Statistics for BinaryTreeDictionary:
------------------------------------
Total Free Space: 220724663
Max   Chunk Size: 220724663
Number of Blocks: 1
Av.  Block  Size: 220724663
Tree      Height: 1
, 0.0227003 secs] [Times: user=0.06 sys=0.00, real=0.02 secs] 
Heap after GC invocations=86 (full 2):
 par new generation   total 153344K, used 6681K [0x0000000080000000, 0x000000008a660000, 0x000000008a660000)
  eden space 136320K,   0% used [0x0000000080000000, 0x0000000080000000, 0x0000000088520000)
  from space 17024K,  39% used [0x0000000088520000, 0x0000000088ba6540, 0x00000000895c0000)
  to   space 17024K,   0% used [0x00000000895c0000, 0x00000000895c0000, 0x000000008a660000)
 concurrent mark-sweep generation total 1926784K, used 201298K [0x000000008a660000, 0x0000000100000000, 0x0000000100000000)
 Metaspace       used 86062K, capacity 91798K, committed 92056K, reserved 1130496K
  class space    used 10438K, capacity 10834K, committed 10912K, reserved 1048576K
}
2017-07-31T23:56:24.678+0000: 3936.251: Total time for which application threads were stopped: 0.0229527 seconds, Stopping threads took: 0.0000696 seconds
2017-07-31T23:56:24.678+0000: 3936.252: Total time for which application threads were stopped: 0.0001260 seconds, Stopping threads took: 0.0000375 seconds
2017-07-31T23:56:24.678+0000: 3936.252: Total time for which application threads were stopped: 0.0000703 seconds, Stopping threads took: 0.0000232 seconds
2017-07-31T23:56:24.679+0000: 3936.252: Total time for which application threads were stopped: 0.0000649 seconds, Stopping threads took: 0.0000199 seconds
2017-07-31T23:56:24.679+0000: 3936.252: Total time for which application threads were stopped: 0.0001162 seconds, Stopping threads took: 0.0000489 seconds
2017-07-31T23:56:24.679+0000: 3936.252: Total time for which application threads were stopped: 0.0000673 seconds, Stopping threads took: 0.0000195 seconds
2017-07-31T23:56:24.679+0000: 3936.252: Total time for which application threads were stopped: 0.0000873 seconds, Stopping threads took: 0.0000190 seconds
2017-07-31T23:56:24.679+0000: 3936.252: Total time for which application threads were stopped: 0.0000896 seconds, Stopping threads took: 0.0000418 seconds
2017-07-31T23:56:24.679+0000: 3936.253: Total time for which application threads were stopped: 0.0000670 seconds, Stopping threads took: 0.0000226 seconds
2017-07-31T23:56:24.679+0000: 3936.253: Total time for which application threads were stopped: 0.0000749 seconds, Stopping threads took: 0.0000303 seconds
2017-07-31T23:56:24.680+0000: 3936.253: Total time for which application threads were stopped: 0.0000801 seconds, Stopping threads took: 0.0000190 seconds
2017-07-31T23:56:24.680+0000: 3936.253: Total time for which application threads were stopped: 0.0000671 seconds, Stopping threads took: 0.0000226 seconds
2017-07-31T23:56:24.680+0000: 3936.253: Total time for which application threads were stopped: 0.0000649 seconds, Stopping threads took: 0.0000209 seconds
2017-07-31T23:56:24.680+0000: 3936.253: Total time for which application threads were stopped: 0.0001125 seconds, Stopping threads took: 0.0000467 seconds
2017-07-31T23:56:24.680+0000: 3936.253: Total time for which application threads were stopped: 0.0000668 seconds, Stopping threads took: 0.0000212 seconds
2017-07-31T23:56:24.680+0000: 3936.253: Total time for which application threads were stopped: 0.0001144 seconds, Stopping threads took: 0.0000408 seconds
2017-07-31T23:56:24.680+0000: 3936.253: Total time for which application threads were stopped: 0.0000686 seconds, Stopping threads took: 0.0000214 seconds
2017-07-31T23:56:24.680+0000: 3936.254: Total time for which application threads were stopped: 0.0000635 seconds, Stopping threads took: 0.0000167 seconds
2017-07-31T23:56:24.681+0000: 3936.254: Total time for which application threads were stopped: 0.0000961 seconds, Stopping threads took: 0.0000468 seconds
2017-07-31T23:56:24.681+0000: 3936.255: Total time for which application threads were stopped: 0.0001052 seconds, Stopping threads took: 0.0000475 seconds
2017-07-31T23:56:24.682+0000: 3936.255: Total time for which application threads were stopped: 0.0002325 seconds, Stopping threads took: 0.0000456 seconds
2017-07-31T23:56:44.684+0000: 3956.257: Total time for which application threads were stopped: 0.0001672 seconds, Stopping threads took: 0.0000524 seconds
2017-07-31T23:57:37.696+0000: 4009.270: Total time for which application threads were stopped: 0.0001577 seconds, Stopping threads took: 0.0000587 seconds
2017-07-31T23:57:40.697+0000: 4012.270: Total time for which application threads were stopped: 0.0001807 seconds, Stopping threads took: 0.0000404 seconds
{Heap before GC invocations=86 (full 2):
 par new generation   total 153344K, used 143001K [0x0000000080000000, 0x000000008a660000, 0x000000008a660000)
  eden space 136320K, 100% used [0x0000000080000000, 0x0000000088520000, 0x0000000088520000)
  from space 17024K,  39% used [0x0000000088520000, 0x0000000088ba6540, 0x00000000895c0000)
  to   space 17024K,   0% used [0x00000000895c0000, 0x00000000895c0000, 0x000000008a660000)
 concurrent mark-sweep generation total 1926784K, used 201298K [0x000000008a660000, 0x0000000100000000, 0x0000000100000000)
 Metaspace       used 86063K, capacity 91798K, committed 92056K, reserved 1130496K
  class space    used 10438K, capacity 10834K, committed 10912K, reserved 1048576K
2017-07-31T23:57:45.870+0000: 4017.443: [GC (Allocation Failure) Before GC:
Statistics for BinaryTreeDictionary:
------------------------------------
Total Free Space: 220724663
Max   Chunk Size: 220724663
Number of Blocks: 1
Av.  Block  Size: 220724663
Tree      Height: 1
2017-07-31T23:57:45.870+0000: 4017.443: [ParNew
Desired survivor size 8716288 bytes, new threshold 6 (max 6)
- age   1:    1427648 bytes,    1427648 total
- age   2:     693736 bytes,    2121384 total
- age   3:     509992 bytes,    2631376 total
- age   4:     519368 bytes,    3150744 total
- age   5:     463616 bytes,    3614360 total
- age   6:     652312 bytes,    4266672 total
: 143001K->6419K(153344K), 0.0222034 secs] 344299K->208273K(2080128K)After GC:
Statistics for BinaryTreeDictionary:
------------------------------------
Total Free Space: 220653511
Max   Chunk Size: 220653511
Number of Blocks: 1
Av.  Block  Size: 220653511
Tree      Height: 1
, 0.0223272 secs] [Times: user=0.05 sys=0.00, real=0.02 secs] 
Heap after GC invocations=87 (full 2):
 par new generation   total 153344K, used 6419K [0x0000000080000000, 0x000000008a660000, 0x000000008a660000)
  eden space 136320K,   0% used [0x0000000080000000, 0x0000000080000000, 0x0000000088520000)
  from space 17024K,  37% used [0x00000000895c0000, 0x0000000089c04d28, 0x000000008a660000)
  to   space 17024K,   0% used [0x0000000088520000, 0x0000000088520000, 0x00000000895c0000)
 concurrent mark-sweep generation total 1926784K, used 201854K [0x000000008a660000, 0x0000000100000000, 0x0000000100000000)
 Metaspace       used 86063K, capacity 91798K, committed 92056K, reserved 1130496K
  class space    used 10438K, capacity 10834K, committed 10912K, reserved 1048576K
}
2017-07-31T23:57:45.892+0000: 4017.466: Total time for which application threads were stopped: 0.0226109 seconds, Stopping threads took: 0.0000828 seconds
2017-07-31T23:57:45.893+0000: 4017.466: Total time for which application threads were stopped: 0.0001657 seconds, Stopping threads took: 0.0000565 seconds
2017-07-31T23:57:45.893+0000: 4017.466: Total time for which application threads were stopped: 0.0001155 seconds, Stopping threads took: 0.0000573 seconds
2017-07-31T23:57:45.893+0000: 4017.466: Total time for which application threads were stopped: 0.0001342 seconds, Stopping threads took: 0.0000550 seconds
2017-07-31T23:57:45.893+0000: 4017.467: Total time for which application threads were stopped: 0.0001015 seconds, Stopping threads took: 0.0000445 seconds
2017-07-31T23:57:45.894+0000: 4017.468: Total time for which application threads were stopped: 0.0001021 seconds, Stopping threads took: 0.0000508 seconds
2017-07-31T23:57:45.895+0000: 4017.468: Total time for which application threads were stopped: 0.0001018 seconds, Stopping threads took: 0.0000456 seconds
2017-07-31T23:57:45.895+0000: 4017.468: Total time for which application threads were stopped: 0.0000684 seconds, Stopping threads took: 0.0000231 seconds
2017-07-31T23:57:45.895+0000: 4017.468: Total time for which application threads were stopped: 0.0001205 seconds, Stopping threads took: 0.0000194 seconds
2017-07-31T23:57:45.895+0000: 4017.468: Total time for which application threads were stopped: 0.0001207 seconds, Stopping threads took: 0.0000571 seconds
2017-07-31T23:57:45.895+0000: 4017.468: Total time for which application threads were stopped: 0.0001290 seconds, Stopping threads took: 0.0000645 seconds
2017-07-31T23:57:45.895+0000: 4017.469: Total time for which application threads were stopped: 0.0000723 seconds, Stopping threads took: 0.0000192 seconds
2017-07-31T23:57:45.895+0000: 4017.469: Total time for which application threads were stopped: 0.0000662 seconds, Stopping threads took: 0.0000173 seconds
2017-07-31T23:57:45.895+0000: 4017.469: Total time for which application threads were stopped: 0.0000713 seconds, Stopping threads took: 0.0000222 seconds
2017-07-31T23:57:45.896+0000: 4017.469: Total time for which application threads were stopped: 0.0001062 seconds, Stopping threads took: 0.0000248 seconds
2017-07-31T23:57:45.896+0000: 4017.469: Total time for which application threads were stopped: 0.0001252 seconds, Stopping threads took: 0.0000605 seconds
2017-07-31T23:57:45.901+0000: 4017.474: Total time for which application threads were stopped: 0.0001013 seconds, Stopping threads took: 0.0000408 seconds
2017-07-31T23:57:45.901+0000: 4017.474: Total time for which application threads were stopped: 0.0000904 seconds, Stopping threads took: 0.0000318 seconds
2017-07-31T23:57:45.901+0000: 4017.475: Total time for which application threads were stopped: 0.0000680 seconds, Stopping threads took: 0.0000213 seconds
2017-07-31T23:57:45.902+0000: 4017.475: Total time for which application threads were stopped: 0.0001060 seconds, Stopping threads took: 0.0000466 seconds
2017-07-31T23:57:45.902+0000: 4017.475: Total time for which application threads were stopped: 0.0002746 seconds, Stopping threads took: 0.0000189 seconds
2017-07-31T23:58:04.904+0000: 4036.477: Total time for which application threads were stopped: 0.0001526 seconds, Stopping threads took: 0.0000402 seconds
{Heap before GC invocations=87 (full 2):
 par new generation   total 153344K, used 142739K [0x0000000080000000, 0x000000008a660000, 0x000000008a660000)
  eden space 136320K, 100% used [0x0000000080000000, 0x0000000088520000, 0x0000000088520000)
  from space 17024K,  37% used [0x00000000895c0000, 0x0000000089c04d28, 0x000000008a660000)
  to   space 17024K,   0% used [0x0000000088520000, 0x0000000088520000, 0x00000000895c0000)
 concurrent mark-sweep generation total 1926784K, used 201854K [0x000000008a660000, 0x0000000100000000, 0x0000000100000000)
 Metaspace       used 86066K, capacity 91798K, committed 92056K, reserved 1130496K
  class space    used 10438K, capacity 10834K, committed 10912K, reserved 1048576K
2017-07-31T23:58:58.336+0000: 4089.909: [GC (Allocation Failure) Before GC:
Statistics for BinaryTreeDictionary:
------------------------------------
Total Free Space: 220653511
Max   Chunk Size: 220653511
Number of Blocks: 1
Av.  Block  Size: 220653511
Tree      Height: 1
2017-07-31T23:58:58.336+0000: 4089.909: [ParNew
Desired survivor size 8716288 bytes, new threshold 6 (max 6)
- age   1:    1313872 bytes,    1313872 total
- age   2:     645304 bytes,    1959176 total
- age   3:     624640 bytes,    2583816 total
- age   4:     473240 bytes,    3057056 total
- age   5:     453096 bytes,    3510152 total
- age   6:     453176 bytes,    3963328 total
: 142739K->6223K(153344K), 0.0214184 secs] 344593K->208719K(2080128K)After GC:
Statistics for BinaryTreeDictionary:
------------------------------------
Total Free Space: 220570821
Max   Chunk Size: 220570821
Number of Blocks: 1
Av.  Block  Size: 220570821
Tree      Height: 1
, 0.0215079 secs] [Times: user=0.05 sys=0.00, real=0.02 secs] 
Heap after GC invocations=88 (full 2):
 par new generation   total 153344K, used 6223K [0x0000000080000000, 0x000000008a660000, 0x000000008a660000)
  eden space 136320K,   0% used [0x0000000080000000, 0x0000000080000000, 0x0000000088520000)
  from space 17024K,  36% used [0x0000000088520000, 0x0000000088b33e00, 0x00000000895c0000)
  to   space 17024K,   0% used [0x00000000895c0000, 0x00000000895c0000, 0x000000008a660000)
 concurrent mark-sweep generation total 1926784K, used 202495K [0x000000008a660000, 0x0000000100000000, 0x0000000100000000)
 Metaspace       used 86066K, capacity 91798K, committed 92056K, reserved 1130496K
  class space    used 10438K, capacity 10834K, committed 10912K, reserved 1048576K
}
2017-07-31T23:58:58.357+0000: 4089.931: Total time for which application threads were stopped: 0.0217695 seconds, Stopping threads took: 0.0000707 seconds
2017-07-31T23:58:58.358+0000: 4089.931: Total time for which application threads were stopped: 0.0001226 seconds, Stopping threads took: 0.0000317 seconds
2017-07-31T23:58:58.358+0000: 4089.931: Total time for which application threads were stopped: 0.0001057 seconds, Stopping threads took: 0.0000480 seconds
2017-07-31T23:58:58.358+0000: 4089.931: Total time for which application threads were stopped: 0.0000943 seconds, Stopping threads took: 0.0000388 seconds
2017-07-31T23:58:58.358+0000: 4089.931: Total time for which application threads were stopped: 0.0001261 seconds, Stopping threads took: 0.0000585 seconds
2017-07-31T23:58:58.358+0000: 4089.931: Total time for which application threads were stopped: 0.0000662 seconds, Stopping threads took: 0.0000180 seconds
2017-07-31T23:58:58.358+0000: 4089.931: Total time for which application threads were stopped: 0.0000859 seconds, Stopping threads took: 0.0000205 seconds
2017-07-31T23:58:58.358+0000: 4089.932: Total time for which application threads were stopped: 0.0000636 seconds, Stopping threads took: 0.0000169 seconds
2017-07-31T23:58:58.358+0000: 4089.932: Total time for which application threads were stopped: 0.0001076 seconds, Stopping threads took: 0.0000503 seconds
2017-07-31T23:58:58.359+0000: 4089.932: Total time for which application threads were stopped: 0.0000941 seconds, Stopping threads took: 0.0000326 seconds
2017-07-31T23:58:58.359+0000: 4089.932: Total time for which application threads were stopped: 0.0000749 seconds, Stopping threads took: 0.0000239 seconds
2017-07-31T23:58:58.359+0000: 4089.932: Total time for which application threads were stopped: 0.0000649 seconds, Stopping threads took: 0.0000168 seconds
2017-07-31T23:58:58.359+0000: 4089.932: Total time for which application threads were stopped: 0.0000770 seconds, Stopping threads took: 0.0000169 seconds
2017-07-31T23:58:58.359+0000: 4089.932: Total time for which application threads were stopped: 0.0001086 seconds, Stopping threads took: 0.0000511 seconds
2017-07-31T23:58:58.359+0000: 4089.932: Total time for which application threads were stopped: 0.0000720 seconds, Stopping threads took: 0.0000241 seconds
2017-07-31T23:58:58.359+0000: 4089.933: Total time for which application threads were stopped: 0.0000696 seconds, Stopping threads took: 0.0000233 seconds
2017-07-31T23:58:58.359+0000: 4089.933: Total time for which application threads were stopped: 0.0001026 seconds, Stopping threads took: 0.0000448 seconds
2017-07-31T23:58:58.360+0000: 4089.933: Total time for which application threads were stopped: 0.0001362 seconds, Stopping threads took: 0.0000691 seconds
2017-07-31T23:58:58.360+0000: 4089.933: Total time for which application threads were stopped: 0.0001140 seconds, Stopping threads took: 0.0000449 seconds
2017-07-31T23:58:58.360+0000: 4089.934: Total time for which application threads were stopped: 0.0001278 seconds, Stopping threads took: 0.0000642 seconds
2017-07-31T23:58:58.361+0000: 4089.934: Total time for which application threads were stopped: 0.0002438 seconds, Stopping threads took: 0.0000292 seconds
2017-07-31T23:59:01.361+0000: 4092.934: Total time for which application threads were stopped: 0.0001555 seconds, Stopping threads took: 0.0000425 seconds
2017-07-31T23:59:36.365+0000: 4127.938: Total time for which application threads were stopped: 0.0001527 seconds, Stopping threads took: 0.0000526 seconds
2017-08-01T00:00:00.369+0000: 4151.942: Total time for which application threads were stopped: 0.0002167 seconds, Stopping threads took: 0.0000665 seconds
2017-08-01T00:00:00.602+0000: 4152.175: Total time for which application threads were stopped: 0.0002129 seconds, Stopping threads took: 0.0000784 seconds
2017-08-01T00:00:01.602+0000: 4153.175: Total time for which application threads were stopped: 0.0001644 seconds, Stopping threads took: 0.0000436 seconds
2017-08-01T00:00:04.603+0000: 4156.176: Total time for which application threads were stopped: 0.0001563 seconds, Stopping threads took: 0.0000402 seconds
2017-08-01T00:00:06.603+0000: 4158.176: Total time for which application threads were stopped: 0.0001574 seconds, Stopping threads took: 0.0000403 seconds
{Heap before GC invocations=88 (full 2):
 par new generation   total 153344K, used 142543K [0x0000000080000000, 0x000000008a660000, 0x000000008a660000)
  eden space 136320K, 100% used [0x0000000080000000, 0x0000000088520000, 0x0000000088520000)
  from space 17024K,  36% used [0x0000000088520000, 0x0000000088b33e00, 0x00000000895c0000)
  to   space 17024K,   0% used [0x00000000895c0000, 0x00000000895c0000, 0x000000008a660000)
 concurrent mark-sweep generation total 1926784K, used 202495K [0x000000008a660000, 0x0000000100000000, 0x0000000100000000)
 Metaspace       used 86083K, capacity 91798K, committed 92056K, reserved 1130496K
  class space    used 10440K, capacity 10834K, committed 10912K, reserved 1048576K
2017-08-01T00:00:16.986+0000: 4168.559: [GC (Allocation Failure) Before GC:
Statistics for BinaryTreeDictionary:
------------------------------------
Total Free Space: 220570821
Max   Chunk Size: 220570821
Number of Blocks: 1
Av.  Block  Size: 220570821
Tree      Height: 1
2017-08-01T00:00:16.986+0000: 4168.559: [ParNew
Desired survivor size 8716288 bytes, new threshold 6 (max 6)
- age   1:    1532896 bytes,    1532896 total
- age   2:     576688 bytes,    2109584 total
- age   3:     581976 bytes,    2691560 total
- age   4:     564184 bytes,    3255744 total
- age   5:     454848 bytes,    3710592 total
- age   6:     443128 bytes,    4153720 total
: 142543K->5960K(153344K), 0.0260542 secs] 345039K->208903K(2080128K)After GC:
Statistics for BinaryTreeDictionary:
------------------------------------
Total Free Space: 220515052
Max   Chunk Size: 220515052
Number of Blocks: 1
Av.  Block  Size: 220515052
Tree      Height: 1
, 0.0261312 secs] [Times: user=0.05 sys=0.00, real=0.02 secs] 
Heap after GC invocations=89 (full 2):
 par new generation   total 153344K, used 5960K [0x0000000080000000, 0x000000008a660000, 0x000000008a660000)
  eden space 136320K,   0% used [0x0000000080000000, 0x0000000080000000, 0x0000000088520000)
  from space 17024K,  35% used [0x00000000895c0000, 0x0000000089b922b8, 0x000000008a660000)
  to   space 17024K,   0% used [0x0000000088520000, 0x0000000088520000, 0x00000000895c0000)
 concurrent mark-sweep generation total 1926784K, used 202942K [0x000000008a660000, 0x0000000100000000, 0x0000000100000000)
 Metaspace       used 86083K, capacity 91798K, committed 92056K, reserved 1130496K
  class space    used 10440K, capacity 10834K, committed 10912K, reserved 1048576K
}
2017-08-01T00:00:17.012+0000: 4168.585: Total time for which application threads were stopped: 0.0263918 seconds, Stopping threads took: 0.0000439 seconds
2017-08-01T00:00:17.012+0000: 4168.585: Total time for which application threads were stopped: 0.0001591 seconds, Stopping threads took: 0.0000567 seconds
2017-08-01T00:00:17.012+0000: 4168.586: Total time for which application threads were stopped: 0.0000767 seconds, Stopping threads took: 0.0000240 seconds
2017-08-01T00:00:17.012+0000: 4168.586: Total time for which application threads were stopped: 0.0000696 seconds, Stopping threads took: 0.0000192 seconds
2017-08-01T00:00:17.012+0000: 4168.586: Total time for which application threads were stopped: 0.0000724 seconds, Stopping threads took: 0.0000228 seconds
2017-08-01T00:00:17.013+0000: 4168.586: Total time for which application threads were stopped: 0.0000708 seconds, Stopping threads took: 0.0000170 seconds
2017-08-01T00:00:17.013+0000: 4168.586: Total time for which application threads were stopped: 0.0000982 seconds, Stopping threads took: 0.0000362 seconds
2017-08-01T00:00:17.013+0000: 4168.586: Total time for which application threads were stopped: 0.0001159 seconds, Stopping threads took: 0.0000475 seconds
2017-08-01T00:00:17.013+0000: 4168.586: Total time for which application threads were stopped: 0.0000896 seconds, Stopping threads took: 0.0000195 seconds
2017-08-01T00:00:17.013+0000: 4168.586: Total time for which application threads were stopped: 0.0000684 seconds, Stopping threads took: 0.0000192 seconds
2017-08-01T00:00:17.013+0000: 4168.586: Total time for which application threads were stopped: 0.0000981 seconds, Stopping threads took: 0.0000381 seconds
2017-08-01T00:00:17.013+0000: 4168.587: Total time for which application threads were stopped: 0.0001288 seconds, Stopping threads took: 0.0000584 seconds
2017-08-01T00:00:17.013+0000: 4168.587: Total time for which application threads were stopped: 0.0001164 seconds, Stopping threads took: 0.0000492 seconds
2017-08-01T00:00:17.014+0000: 4168.587: Total time for which application threads were stopped: 0.0001093 seconds, Stopping threads took: 0.0000269 seconds
2017-08-01T00:00:17.014+0000: 4168.587: Total time for which application threads were stopped: 0.0001100 seconds, Stopping threads took: 0.0000490 seconds
2017-08-01T00:00:17.014+0000: 4168.587: Total time for which application threads were stopped: 0.0000686 seconds, Stopping threads took: 0.0000194 seconds
2017-08-01T00:00:17.014+0000: 4168.587: Total time for which application threads were stopped: 0.0001428 seconds, Stopping threads took: 0.0000491 seconds
2017-08-01T00:00:17.014+0000: 4168.587: Total time for which application threads were stopped: 0.0000711 seconds, Stopping threads took: 0.0000200 seconds
2017-08-01T00:00:17.014+0000: 4168.588: Total time for which application threads were stopped: 0.0000680 seconds, Stopping threads took: 0.0000193 seconds
2017-08-01T00:00:17.014+0000: 4168.588: Total time for which application threads were stopped: 0.0000885 seconds, Stopping threads took: 0.0000188 seconds
2017-08-01T00:00:17.015+0000: 4168.588: Total time for which application threads were stopped: 0.0002452 seconds, Stopping threads took: 0.0000261 seconds
2017-08-01T00:00:18.015+0000: 4169.588: Total time for which application threads were stopped: 0.0001784 seconds, Stopping threads took: 0.0000562 seconds
2017-08-01T00:00:24.417+0000: 4175.990: Total time for which application threads were stopped: 0.0002339 seconds, Stopping threads took: 0.0000555 seconds
2017-08-01T00:00:24.417+0000: 4175.990: Total time for which application threads were stopped: 0.0000943 seconds, Stopping threads took: 0.0000200 seconds
2017-08-01T00:00:24.417+0000: 4175.990: Total time for which application threads were stopped: 0.0001183 seconds, Stopping threads took: 0.0000209 seconds
2017-08-01T00:00:24.417+0000: 4175.990: Total time for which application threads were stopped: 0.0001094 seconds, Stopping threads took: 0.0000191 seconds
2017-08-01T00:00:24.417+0000: 4175.991: Total time for which application threads were stopped: 0.0001126 seconds, Stopping threads took: 0.0000351 seconds
2017-08-01T00:00:24.417+0000: 4175.991: Total time for which application threads were stopped: 0.0000871 seconds, Stopping threads took: 0.0000186 seconds
2017-08-01T00:00:48.421+0000: 4199.994: Total time for which application threads were stopped: 0.0001641 seconds, Stopping threads took: 0.0000431 seconds
2017-08-01T00:00:51.421+0000: 4202.994: Total time for which application threads were stopped: 0.0001750 seconds, Stopping threads took: 0.0000691 seconds
2017-08-01T00:00:52.421+0000: 4203.995: Total time for which application threads were stopped: 0.0001644 seconds, Stopping threads took: 0.0000414 seconds
2017-08-01T00:00:58.966+0000: 4210.539: Total time for which application threads were stopped: 0.0002274 seconds, Stopping threads took: 0.0000397 seconds
2017-08-01T00:00:58.966+0000: 4210.539: Total time for which application threads were stopped: 0.0000993 seconds, Stopping threads took: 0.0000239 seconds
2017-08-01T00:00:58.966+0000: 4210.540: Total time for which application threads were stopped: 0.0001146 seconds, Stopping threads took: 0.0000193 seconds
2017-08-01T00:00:58.967+0000: 4210.540: Total time for which application threads were stopped: 0.0001191 seconds, Stopping threads took: 0.0000423 seconds
2017-08-01T00:00:58.967+0000: 4210.540: Total time for which application threads were stopped: 0.0001090 seconds, Stopping threads took: 0.0000402 seconds
2017-08-01T00:00:58.967+0000: 4210.540: Total time for which application threads were stopped: 0.0001032 seconds, Stopping threads took: 0.0000262 seconds
2017-08-01T00:00:59.967+0000: 4211.540: Total time for which application threads were stopped: 0.0001475 seconds, Stopping threads took: 0.0000442 seconds
2017-08-01T00:01:02.968+0000: 4214.541: Total time for which application threads were stopped: 0.0001479 seconds, Stopping threads took: 0.0000417 seconds
{Heap before GC invocations=89 (full 2):
 par new generation   total 153344K, used 142280K [0x0000000080000000, 0x000000008a660000, 0x000000008a660000)
  eden space 136320K, 100% used [0x0000000080000000, 0x0000000088520000, 0x0000000088520000)
  from space 17024K,  35% used [0x00000000895c0000, 0x0000000089b922b8, 0x000000008a660000)
  to   space 17024K,   0% used [0x0000000088520000, 0x0000000088520000, 0x00000000895c0000)
 concurrent mark-sweep generation total 1926784K, used 202942K [0x000000008a660000, 0x0000000100000000, 0x0000000100000000)
 Metaspace       used 86087K, capacity 91798K, committed 92056K, reserved 1130496K
  class space    used 10440K, capacity 10834K, committed 10912K, reserved 1048576K
2017-08-01T00:01:36.556+0000: 4248.129: [GC (Allocation Failure) Before GC:
Statistics for BinaryTreeDictionary:
------------------------------------
Total Free Space: 220515052
Max   Chunk Size: 220515052
Number of Blocks: 1
Av.  Block  Size: 220515052
Tree      Height: 1
2017-08-01T00:01:36.556+0000: 4248.130: [ParNew
Desired survivor size 8716288 bytes, new threshold 6 (max 6)
- age   1:    1485952 bytes,    1485952 total
- age   2:     777944 bytes,    2263896 total
- age   3:     520496 bytes,    2784392 total
- age   4:     525152 bytes,    3309544 total
- age   5:     500064 bytes,    3809608 total
- age   6:     444296 bytes,    4253904 total
: 142280K->6021K(153344K), 0.0220219 secs] 345223K->209399K(2080128K)After GC:
Statistics for BinaryTreeDictionary:
------------------------------------
Total Free Space: 220460538
Max   Chunk Size: 220460538
Number of Blocks: 1
Av.  Block  Size: 220460538
Tree      Height: 1
, 0.0221123 secs] [Times: user=0.05 sys=0.00, real=0.02 secs] 
Heap after GC invocations=90 (full 2):
 par new generation   total 153344K, used 6021K [0x0000000080000000, 0x000000008a660000, 0x000000008a660000)
  eden space 136320K,   0% used [0x0000000080000000, 0x0000000080000000, 0x0000000088520000)
  from space 17024K,  35% used [0x0000000088520000, 0x0000000088b01558, 0x00000000895c0000)
  to   space 17024K,   0% used [0x00000000895c0000, 0x00000000895c0000, 0x000000008a660000)
 concurrent mark-sweep generation total 1926784K, used 203378K [0x000000008a660000, 0x0000000100000000, 0x0000000100000000)
 Metaspace       used 86087K, capacity 91798K, committed 92056K, reserved 1130496K
  class space    used 10440K, capacity 10834K, committed 10912K, reserved 1048576K
}
2017-08-01T00:01:36.578+0000: 4248.152: Total time for which application threads were stopped: 0.0224236 seconds, Stopping threads took: 0.0000748 seconds
2017-08-01T00:01:36.579+0000: 4248.152: Total time for which application threads were stopped: 0.0001572 seconds, Stopping threads took: 0.0000586 seconds
2017-08-01T00:01:36.591+0000: 4248.164: Total time for which application threads were stopped: 0.0010250 seconds, Stopping threads took: 0.0009524 seconds
2017-08-01T00:01:36.591+0000: 4248.164: Total time for which application threads were stopped: 0.0000717 seconds, Stopping threads took: 0.0000210 seconds
2017-08-01T00:01:36.591+0000: 4248.164: Total time for which application threads were stopped: 0.0001054 seconds, Stopping threads took: 0.0000468 seconds
2017-08-01T00:01:36.591+0000: 4248.164: Total time for which application threads were stopped: 0.0000868 seconds, Stopping threads took: 0.0000188 seconds
2017-08-01T00:01:36.591+0000: 4248.165: Total time for which application threads were stopped: 0.0000644 seconds, Stopping threads took: 0.0000172 seconds
2017-08-01T00:01:36.591+0000: 4248.165: Total time for which application threads were stopped: 0.0000685 seconds, Stopping threads took: 0.0000215 seconds
2017-08-01T00:01:36.591+0000: 4248.165: Total time for which application threads were stopped: 0.0000752 seconds, Stopping threads took: 0.0000215 seconds
2017-08-01T00:01:36.592+0000: 4248.165: Total time for which application threads were stopped: 0.0000703 seconds, Stopping threads took: 0.0000212 seconds
2017-08-01T00:01:36.592+0000: 4248.165: Total time for which application threads were stopped: 0.0000664 seconds, Stopping threads took: 0.0000188 seconds
2017-08-01T00:01:36.598+0000: 4248.172: Total time for which application threads were stopped: 0.0001489 seconds, Stopping threads took: 0.0000807 seconds
2017-08-01T00:01:36.599+0000: 4248.172: Total time for which application threads were stopped: 0.0001037 seconds, Stopping threads took: 0.0000545 seconds
2017-08-01T00:01:36.599+0000: 4248.172: Total time for which application threads were stopped: 0.0001329 seconds, Stopping threads took: 0.0000724 seconds
2017-08-01T00:01:36.599+0000: 4248.172: Total time for which application threads were stopped: 0.0001095 seconds, Stopping threads took: 0.0000296 seconds
2017-08-01T00:01:36.599+0000: 4248.172: Total time for which application threads were stopped: 0.0000940 seconds, Stopping threads took: 0.0000320 seconds
2017-08-01T00:01:36.599+0000: 4248.172: Total time for which application threads were stopped: 0.0000673 seconds, Stopping threads took: 0.0000177 seconds
2017-08-01T00:01:36.600+0000: 4248.173: Total time for which application threads were stopped: 0.0000985 seconds, Stopping threads took: 0.0000205 seconds
2017-08-01T00:01:36.600+0000: 4248.173: Total time for which application threads were stopped: 0.0000998 seconds, Stopping threads took: 0.0000226 seconds
2017-08-01T00:01:36.600+0000: 4248.173: Total time for which application threads were stopped: 0.0001367 seconds, Stopping threads took: 0.0000586 seconds
2017-08-01T00:01:36.600+0000: 4248.174: Total time for which application threads were stopped: 0.0003016 seconds, Stopping threads took: 0.0000438 seconds
2017-08-01T00:01:49.602+0000: 4261.175: Total time for which application threads were stopped: 0.0001941 seconds, Stopping threads took: 0.0000576 seconds
2017-08-01T00:02:24.606+0000: 4296.179: Total time for which application threads were stopped: 0.0001467 seconds, Stopping threads took: 0.0000422 seconds
2017-08-01T00:02:51.611+0000: 4323.184: Total time for which application threads were stopped: 0.0001963 seconds, Stopping threads took: 0.0000813 seconds
{Heap before GC invocations=90 (full 2):
 par new generation   total 153344K, used 142341K [0x0000000080000000, 0x000000008a660000, 0x000000008a660000)
  eden space 136320K, 100% used [0x0000000080000000, 0x0000000088520000, 0x0000000088520000)
  from space 17024K,  35% used [0x0000000088520000, 0x0000000088b01558, 0x00000000895c0000)
  to   space 17024K,   0% used [0x00000000895c0000, 0x00000000895c0000, 0x000000008a660000)
 concurrent mark-sweep generation total 1926784K, used 203378K [0x000000008a660000, 0x0000000100000000, 0x0000000100000000)
 Metaspace       used 86087K, capacity 91798K, committed 92056K, reserved 1130496K
  class space    used 10440K, capacity 10834K, committed 10912K, reserved 1048576K
2017-08-01T00:02:52.120+0000: 4323.694: [GC (Allocation Failure) Before GC:
Statistics for BinaryTreeDictionary:
------------------------------------
Total Free Space: 220460538
Max   Chunk Size: 220460538
Number of Blocks: 1
Av.  Block  Size: 220460538
Tree      Height: 1
2017-08-01T00:02:52.120+0000: 4323.694: [ParNew
Desired survivor size 8716288 bytes, new threshold 6 (max 6)
- age   1:    1286968 bytes,    1286968 total
- age   2:     777768 bytes,    2064736 total
- age   3:     720440 bytes,    2785176 total
- age   4:     495368 bytes,    3280544 total
- age   5:     465016 bytes,    3745560 total
- age   6:     491176 bytes,    4236736 total
: 142341K->6110K(153344K), 0.0215108 secs] 345719K->209928K(2080128K)After GC:
Statistics for BinaryTreeDictionary:
------------------------------------
Total Free Space: 220406590
Max   Chunk Size: 220406590
Number of Blocks: 1
Av.  Block  Size: 220406590
Tree      Height: 1
, 0.0216102 secs] [Times: user=0.06 sys=0.00, real=0.02 secs] 
Heap after GC invocations=91 (full 2):
 par new generation   total 153344K, used 6110K [0x0000000080000000, 0x000000008a660000, 0x000000008a660000)
  eden space 136320K,   0% used [0x0000000080000000, 0x0000000080000000, 0x0000000088520000)
  from space 17024K,  35% used [0x00000000895c0000, 0x0000000089bb7ae0, 0x000000008a660000)
  to   space 17024K,   0% used [0x0000000088520000, 0x0000000088520000, 0x00000000895c0000)
 concurrent mark-sweep generation total 1926784K, used 203818K [0x000000008a660000, 0x0000000100000000, 0x0000000100000000)
 Metaspace       used 86087K, capacity 91798K, committed 92056K, reserved 1130496K
  class space    used 10440K, capacity 10834K, committed 10912K, reserved 1048576K
}
2017-08-01T00:02:52.142+0000: 4323.715: Total time for which application threads were stopped: 0.0218586 seconds, Stopping threads took: 0.0000413 seconds
2017-08-01T00:02:52.144+0000: 4323.717: Total time for which application threads were stopped: 0.0011217 seconds, Stopping threads took: 0.0010138 seconds
2017-08-01T00:02:52.144+0000: 4323.717: Total time for which application threads were stopped: 0.0001026 seconds, Stopping threads took: 0.0000444 seconds
2017-08-01T00:02:52.144+0000: 4323.717: Total time for which application threads were stopped: 0.0001177 seconds, Stopping threads took: 0.0000582 seconds
2017-08-01T00:02:52.144+0000: 4323.718: Total time for which application threads were stopped: 0.0001105 seconds, Stopping threads took: 0.0000522 seconds
2017-08-01T00:02:52.144+0000: 4323.718: Total time for which application threads were stopped: 0.0001103 seconds, Stopping threads took: 0.0000465 seconds
2017-08-01T00:02:52.145+0000: 4323.718: Total time for which application threads were stopped: 0.0000706 seconds, Stopping threads took: 0.0000212 seconds
2017-08-01T00:02:52.145+0000: 4323.718: Total time for which application threads were stopped: 0.0000880 seconds, Stopping threads took: 0.0000245 seconds
2017-08-01T00:02:52.145+0000: 4323.718: Total time for which application threads were stopped: 0.0000674 seconds, Stopping threads took: 0.0000188 seconds
2017-08-01T00:02:52.145+0000: 4323.718: Total time for which application threads were stopped: 0.0001057 seconds, Stopping threads took: 0.0000389 seconds
2017-08-01T00:02:52.145+0000: 4323.718: Total time for which application threads were stopped: 0.0000665 seconds, Stopping threads took: 0.0000189 seconds
2017-08-01T00:02:52.145+0000: 4323.718: Total time for which application threads were stopped: 0.0000986 seconds, Stopping threads took: 0.0000403 seconds
2017-08-01T00:02:52.145+0000: 4323.718: Total time for which application threads were stopped: 0.0000842 seconds, Stopping threads took: 0.0000152 seconds
2017-08-01T00:02:52.145+0000: 4323.719: Total time for which application threads were stopped: 0.0000661 seconds, Stopping threads took: 0.0000188 seconds
2017-08-01T00:02:52.145+0000: 4323.719: Total time for which application threads were stopped: 0.0000654 seconds, Stopping threads took: 0.0000183 seconds
2017-08-01T00:02:52.145+0000: 4323.719: Total time for which application threads were stopped: 0.0001119 seconds, Stopping threads took: 0.0000475 seconds
2017-08-01T00:02:52.146+0000: 4323.719: Total time for which application threads were stopped: 0.0000995 seconds, Stopping threads took: 0.0000405 seconds
2017-08-01T00:02:52.146+0000: 4323.719: Total time for which application threads were stopped: 0.0000962 seconds, Stopping threads took: 0.0000366 seconds
2017-08-01T00:02:52.146+0000: 4323.719: Total time for which application threads were stopped: 0.0001177 seconds, Stopping threads took: 0.0000470 seconds
2017-08-01T00:02:52.146+0000: 4323.719: Total time for which application threads were stopped: 0.0000767 seconds, Stopping threads took: 0.0000271 seconds
2017-08-01T00:02:52.146+0000: 4323.720: Total time for which application threads were stopped: 0.0002578 seconds, Stopping threads took: 0.0000367 seconds
2017-08-01T00:02:53.147+0000: 4324.720: Total time for which application threads were stopped: 0.0002298 seconds, Stopping threads took: 0.0000642 seconds
2017-08-01T00:02:58.147+0000: 4329.721: Total time for which application threads were stopped: 0.0001582 seconds, Stopping threads took: 0.0000405 seconds
2017-08-01T00:03:09.148+0000: 4340.722: Total time for which application threads were stopped: 0.0002756 seconds, Stopping threads took: 0.0000589 seconds
{Heap before GC invocations=91 (full 2):
 par new generation   total 153344K, used 142430K [0x0000000080000000, 0x000000008a660000, 0x000000008a660000)
  eden space 136320K, 100% used [0x0000000080000000, 0x0000000088520000, 0x0000000088520000)
  from space 17024K,  35% used [0x00000000895c0000, 0x0000000089bb7ae0, 0x000000008a660000)
  to   space 17024K,   0% used [0x0000000088520000, 0x0000000088520000, 0x00000000895c0000)
 concurrent mark-sweep generation total 1926784K, used 203818K [0x000000008a660000, 0x0000000100000000, 0x0000000100000000)
 Metaspace       used 86088K, capacity 91798K, committed 92056K, reserved 1130496K
  class space    used 10440K, capacity 10834K, committed 10912K, reserved 1048576K
2017-08-01T00:04:11.443+0000: 4403.016: [GC (Allocation Failure) Before GC:
Statistics for BinaryTreeDictionary:
------------------------------------
Total Free Space: 220406590
Max   Chunk Size: 220406590
Number of Blocks: 1
Av.  Block  Size: 220406590
Tree      Height: 1
2017-08-01T00:04:11.443+0000: 4403.016: [ParNew
Desired survivor size 8716288 bytes, new threshold 6 (max 6)
- age   1:    1549712 bytes,    1549712 total
- age   2:     603504 bytes,    2153216 total
- age   3:     714216 bytes,    2867432 total
- age   4:     666528 bytes,    3533960 total
- age   5:     479128 bytes,    4013088 total
- age   6:     453728 bytes,    4466816 total
: 142430K->6224K(153344K), 0.0221336 secs] 346248K->210526K(2080128K)After GC:
Statistics for BinaryTreeDictionary:
------------------------------------
Total Free Space: 220341993
Max   Chunk Size: 220341993
Number of Blocks: 1
Av.  Block  Size: 220341993
Tree      Height: 1
, 0.0222518 secs] [Times: user=0.06 sys=0.00, real=0.03 secs] 
Heap after GC invocations=92 (full 2):
 par new generation   total 153344K, used 6224K [0x0000000080000000, 0x000000008a660000, 0x000000008a660000)
  eden space 136320K,   0% used [0x0000000080000000, 0x0000000080000000, 0x0000000088520000)
  from space 17024K,  36% used [0x0000000088520000, 0x0000000088b34258, 0x00000000895c0000)
  to   space 17024K,   0% used [0x00000000895c0000, 0x00000000895c0000, 0x000000008a660000)
 concurrent mark-sweep generation total 1926784K, used 204302K [0x000000008a660000, 0x0000000100000000, 0x0000000100000000)
 Metaspace       used 86088K, capacity 91798K, committed 92056K, reserved 1130496K
  class space    used 10440K, capacity 10834K, committed 10912K, reserved 1048576K
}
2017-08-01T00:04:11.465+0000: 4403.038: Total time for which application threads were stopped: 0.0225378 seconds, Stopping threads took: 0.0000809 seconds
2017-08-01T00:04:11.465+0000: 4403.039: Total time for which application threads were stopped: 0.0001654 seconds, Stopping threads took: 0.0000584 seconds
2017-08-01T00:04:11.466+0000: 4403.039: Total time for which application threads were stopped: 0.0000846 seconds, Stopping threads took: 0.0000315 seconds
2017-08-01T00:04:11.466+0000: 4403.039: Total time for which application threads were stopped: 0.0001823 seconds, Stopping threads took: 0.0000900 seconds
2017-08-01T00:04:11.466+0000: 4403.039: Total time for which application threads were stopped: 0.0001102 seconds, Stopping threads took: 0.0000487 seconds
2017-08-01T00:04:11.467+0000: 4403.040: Total time for which application threads were stopped: 0.0001580 seconds, Stopping threads took: 0.0000923 seconds
2017-08-01T00:04:11.467+0000: 4403.040: Total time for which application threads were stopped: 0.0001103 seconds, Stopping threads took: 0.0000475 seconds
2017-08-01T00:04:11.467+0000: 4403.040: Total time for which application threads were stopped: 0.0001038 seconds, Stopping threads took: 0.0000439 seconds
2017-08-01T00:04:11.467+0000: 4403.040: Total time for which application threads were stopped: 0.0000862 seconds, Stopping threads took: 0.0000323 seconds
2017-08-01T00:04:11.468+0000: 4403.041: Total time for which application threads were stopped: 0.0001109 seconds, Stopping threads took: 0.0000488 seconds
2017-08-01T00:04:11.468+0000: 4403.041: Total time for which application threads were stopped: 0.0001447 seconds, Stopping threads took: 0.0000456 seconds
2017-08-01T00:04:11.469+0000: 4403.042: Total time for which application threads were stopped: 0.0001552 seconds, Stopping threads took: 0.0000898 seconds
2017-08-01T00:04:11.469+0000: 4403.042: Total time for which application threads were stopped: 0.0001356 seconds, Stopping threads took: 0.0000482 seconds
2017-08-01T00:04:11.469+0000: 4403.042: Total time for which application threads were stopped: 0.0001363 seconds, Stopping threads took: 0.0000645 seconds
2017-08-01T00:04:11.475+0000: 4403.048: Total time for which application threads were stopped: 0.0001733 seconds, Stopping threads took: 0.0000936 seconds
2017-08-01T00:04:11.476+0000: 4403.049: Total time for which application threads were stopped: 0.0001260 seconds, Stopping threads took: 0.0000301 seconds
2017-08-01T00:04:11.476+0000: 4403.049: Total time for which application threads were stopped: 0.0001446 seconds, Stopping threads took: 0.0000545 seconds
2017-08-01T00:04:11.476+0000: 4403.049: Total time for which application threads were stopped: 0.0000951 seconds, Stopping threads took: 0.0000349 seconds
2017-08-01T00:04:11.476+0000: 4403.049: Total time for which application threads were stopped: 0.0001141 seconds, Stopping threads took: 0.0000419 seconds
2017-08-01T00:04:11.476+0000: 4403.050: Total time for which application threads were stopped: 0.0000964 seconds, Stopping threads took: 0.0000287 seconds
2017-08-01T00:04:11.477+0000: 4403.050: Total time for which application threads were stopped: 0.0002807 seconds, Stopping threads took: 0.0000233 seconds
2017-08-01T00:04:25.942+0000: 4417.516: Total time for which application threads were stopped: 0.0003792 seconds, Stopping threads took: 0.0000581 seconds
2017-08-01T00:04:26.943+0000: 4418.516: Total time for which application threads were stopped: 0.0001592 seconds, Stopping threads took: 0.0000451 seconds
2017-08-01T00:05:29.951+0000: 4481.524: Total time for which application threads were stopped: 0.0001666 seconds, Stopping threads took: 0.0000407 seconds
{Heap before GC invocations=92 (full 2):
 par new generation   total 153344K, used 142544K [0x0000000080000000, 0x000000008a660000, 0x000000008a660000)
  eden space 136320K, 100% used [0x0000000080000000, 0x0000000088520000, 0x0000000088520000)
  from space 17024K,  36% used [0x0000000088520000, 0x0000000088b34258, 0x00000000895c0000)
  to   space 17024K,   0% used [0x00000000895c0000, 0x00000000895c0000, 0x000000008a660000)
 concurrent mark-sweep generation total 1926784K, used 204302K [0x000000008a660000, 0x0000000100000000, 0x0000000100000000)
 Metaspace       used 86089K, capacity 91798K, committed 92056K, reserved 1130496K
  class space    used 10440K, capacity 10834K, committed 10912K, reserved 1048576K
2017-08-01T00:05:31.703+0000: 4483.276: [GC (Allocation Failure) Before GC:
Statistics for BinaryTreeDictionary:
------------------------------------
Total Free Space: 220341993
Max   Chunk Size: 220341993
Number of Blocks: 1
Av.  Block  Size: 220341993
Tree      Height: 1
2017-08-01T00:05:31.703+0000: 4483.276: [ParNew
Desired survivor size 8716288 bytes, new threshold 6 (max 6)
- age   1:    1502856 bytes,    1502856 total
- age   2:     758688 bytes,    2261544 total
- age   3:     551216 bytes,    2812760 total
- age   4:     657984 bytes,    3470744 total
- age   5:     603544 bytes,    4074288 total
- age   6:     470672 bytes,    4544960 total
: 142544K->6442K(153344K), 0.0217460 secs] 346846K->211189K(2080128K)After GC:
Statistics for BinaryTreeDictionary:
------------------------------------
Total Free Space: 220283484
Max   Chunk Size: 220283484
Number of Blocks: 1
Av.  Block  Size: 220283484
Tree      Height: 1
, 0.0218383 secs] [Times: user=0.06 sys=0.00, real=0.03 secs] 
Heap after GC invocations=93 (full 2):
 par new generation   total 153344K, used 6442K [0x0000000080000000, 0x000000008a660000, 0x000000008a660000)
  eden space 136320K,   0% used [0x0000000080000000, 0x0000000080000000, 0x0000000088520000)
  from space 17024K,  37% used [0x00000000895c0000, 0x0000000089c0a870, 0x000000008a660000)
  to   space 17024K,   0% used [0x0000000088520000, 0x0000000088520000, 0x00000000895c0000)
 concurrent mark-sweep generation total 1926784K, used 204747K [0x000000008a660000, 0x0000000100000000, 0x0000000100000000)
 Metaspace       used 86089K, capacity 91798K, committed 92056K, reserved 1130496K
  class space    used 10440K, capacity 10834K, committed 10912K, reserved 1048576K
}
2017-08-01T00:05:31.725+0000: 4483.298: Total time for which application threads were stopped: 0.0221022 seconds, Stopping threads took: 0.0000446 seconds
2017-08-01T00:05:31.725+0000: 4483.298: Total time for which application threads were stopped: 0.0001533 seconds, Stopping threads took: 0.0000424 seconds
2017-08-01T00:05:31.725+0000: 4483.298: Total time for which application threads were stopped: 0.0000750 seconds, Stopping threads took: 0.0000263 seconds
2017-08-01T00:05:31.725+0000: 4483.299: Total time for which application threads were stopped: 0.0000691 seconds, Stopping threads took: 0.0000217 seconds
2017-08-01T00:05:31.725+0000: 4483.299: Total time for which application threads were stopped: 0.0000961 seconds, Stopping threads took: 0.0000179 seconds
2017-08-01T00:05:31.732+0000: 4483.306: Total time for which application threads were stopped: 0.0000914 seconds, Stopping threads took: 0.0000352 seconds
2017-08-01T00:05:31.733+0000: 4483.306: Total time for which application threads were stopped: 0.0001425 seconds, Stopping threads took: 0.0000657 seconds
2017-08-01T00:05:31.733+0000: 4483.306: Total time for which application threads were stopped: 0.0001125 seconds, Stopping threads took: 0.0000536 seconds
2017-08-01T00:05:31.733+0000: 4483.306: Total time for which application threads were stopped: 0.0001101 seconds, Stopping threads took: 0.0000512 seconds
2017-08-01T00:05:31.733+0000: 4483.306: Total time for which application threads were stopped: 0.0000795 seconds, Stopping threads took: 0.0000196 seconds
2017-08-01T00:05:31.733+0000: 4483.306: Total time for which application threads were stopped: 0.0001134 seconds, Stopping threads took: 0.0000568 seconds
2017-08-01T00:05:31.733+0000: 4483.306: Total time for which application threads were stopped: 0.0000652 seconds, Stopping threads took: 0.0000196 seconds
2017-08-01T00:05:31.733+0000: 4483.307: Total time for which application threads were stopped: 0.0000985 seconds, Stopping threads took: 0.0000425 seconds
2017-08-01T00:05:31.733+0000: 4483.307: Total time for which application threads were stopped: 0.0001148 seconds, Stopping threads took: 0.0000556 seconds
2017-08-01T00:05:31.734+0000: 4483.307: Total time for which application threads were stopped: 0.0000668 seconds, Stopping threads took: 0.0000206 seconds
2017-08-01T00:05:31.734+0000: 4483.307: Total time for which application threads were stopped: 0.0001095 seconds, Stopping threads took: 0.0000486 seconds
2017-08-01T00:05:31.734+0000: 4483.307: Total time for which application threads were stopped: 0.0000765 seconds, Stopping threads took: 0.0000197 seconds
2017-08-01T00:05:31.734+0000: 4483.307: Total time for which application threads were stopped: 0.0000992 seconds, Stopping threads took: 0.0000418 seconds
2017-08-01T00:05:31.734+0000: 4483.307: Total time for which application threads were stopped: 0.0000959 seconds, Stopping threads took: 0.0000372 seconds
2017-08-01T00:05:31.734+0000: 4483.308: Total time for which application threads were stopped: 0.0001039 seconds, Stopping threads took: 0.0000472 seconds
2017-08-01T00:05:31.735+0000: 4483.308: Total time for which application threads were stopped: 0.0002652 seconds, Stopping threads took: 0.0000346 seconds
2017-08-01T00:06:05.746+0000: 4517.319: Total time for which application threads were stopped: 0.0001919 seconds, Stopping threads took: 0.0000635 seconds
{Heap before GC invocations=93 (full 2):
 par new generation   total 153344K, used 142762K [0x0000000080000000, 0x000000008a660000, 0x000000008a660000)
  eden space 136320K, 100% used [0x0000000080000000, 0x0000000088520000, 0x0000000088520000)
  from space 17024K,  37% used [0x00000000895c0000, 0x0000000089c0a870, 0x000000008a660000)
  to   space 17024K,   0% used [0x0000000088520000, 0x0000000088520000, 0x00000000895c0000)
 concurrent mark-sweep generation total 1926784K, used 204747K [0x000000008a660000, 0x0000000100000000, 0x0000000100000000)
 Metaspace       used 86091K, capacity 91798K, committed 92056K, reserved 1130496K
  class space    used 10440K, capacity 10834K, committed 10912K, reserved 1048576K
2017-08-01T00:06:50.666+0000: 4562.240: [GC (Allocation Failure) Before GC:
Statistics for BinaryTreeDictionary:
------------------------------------
Total Free Space: 220283484
Max   Chunk Size: 220283484
Number of Blocks: 1
Av.  Block  Size: 220283484
Tree      Height: 1
2017-08-01T00:06:50.666+0000: 4562.240: [ParNew
Desired survivor size 8716288 bytes, new threshold 6 (max 6)
- age   1:    1432312 bytes,    1432312 total
- age   2:     801696 bytes,    2234008 total
- age   3:     681504 bytes,    2915512 total
- age   4:     527424 bytes,    3442936 total
- age   5:     594352 bytes,    4037288 total
- age   6:     593088 bytes,    4630376 total
: 142762K->6581K(153344K), 0.0343131 secs] 347509K->211793K(2080128K)After GC:
Statistics for BinaryTreeDictionary:
------------------------------------
Total Free Space: 220227290
Max   Chunk Size: 220227290
Number of Blocks: 1
Av.  Block  Size: 220227290
Tree      Height: 1
, 0.0344123 secs] [Times: user=0.05 sys=0.00, real=0.03 secs] 
Heap after GC invocations=94 (full 2):
 par new generation   total 153344K, used 6581K [0x0000000080000000, 0x000000008a660000, 0x000000008a660000)
  eden space 136320K,   0% used [0x0000000080000000, 0x0000000080000000, 0x0000000088520000)
  from space 17024K,  38% used [0x0000000088520000, 0x0000000088b8d788, 0x00000000895c0000)
  to   space 17024K,   0% used [0x00000000895c0000, 0x00000000895c0000, 0x000000008a660000)
 concurrent mark-sweep generation total 1926784K, used 205211K [0x000000008a660000, 0x0000000100000000, 0x0000000100000000)
 Metaspace       used 86091K, capacity 91798K, committed 92056K, reserved 1130496K
  class space    used 10440K, capacity 10834K, committed 10912K, reserved 1048576K
}
2017-08-01T00:06:50.701+0000: 4562.274: Total time for which application threads were stopped: 0.0387916 seconds, Stopping threads took: 0.0040850 seconds
2017-08-01T00:06:50.701+0000: 4562.274: Total time for which application threads were stopped: 0.0001640 seconds, Stopping threads took: 0.0000342 seconds
2017-08-01T00:06:50.701+0000: 4562.275: Total time for which application threads were stopped: 0.0000902 seconds, Stopping threads took: 0.0000145 seconds
2017-08-01T00:06:50.701+0000: 4562.275: Total time for which application threads were stopped: 0.0000874 seconds, Stopping threads took: 0.0000132 seconds
2017-08-01T00:06:50.702+0000: 4562.275: Total time for which application threads were stopped: 0.0000869 seconds, Stopping threads took: 0.0000135 seconds
2017-08-01T00:06:50.702+0000: 4562.275: Total time for which application threads were stopped: 0.0000858 seconds, Stopping threads took: 0.0000130 seconds
2017-08-01T00:06:50.702+0000: 4562.275: Total time for which application threads were stopped: 0.0000807 seconds, Stopping threads took: 0.0000136 seconds
2017-08-01T00:06:50.702+0000: 4562.275: Total time for which application threads were stopped: 0.0001121 seconds, Stopping threads took: 0.0000486 seconds
2017-08-01T00:06:50.702+0000: 4562.275: Total time for which application threads were stopped: 0.0000731 seconds, Stopping threads took: 0.0000256 seconds
2017-08-01T00:06:50.702+0000: 4562.275: Total time for which application threads were stopped: 0.0000715 seconds, Stopping threads took: 0.0000239 seconds
2017-08-01T00:06:50.702+0000: 4562.275: Total time for which application threads were stopped: 0.0000660 seconds, Stopping threads took: 0.0000190 seconds
2017-08-01T00:06:50.716+0000: 4562.289: Total time for which application threads were stopped: 0.0001678 seconds, Stopping threads took: 0.0000371 seconds
2017-08-01T00:06:50.721+0000: 4562.294: Total time for which application threads were stopped: 0.0045463 seconds, Stopping threads took: 0.0044648 seconds
2017-08-01T00:06:50.726+0000: 4562.299: Total time for which application threads were stopped: 0.0000953 seconds, Stopping threads took: 0.0000290 seconds
2017-08-01T00:06:50.726+0000: 4562.299: Total time for which application threads were stopped: 0.0000700 seconds, Stopping threads took: 0.0000221 seconds
2017-08-01T00:06:50.726+0000: 4562.299: Total time for which application threads were stopped: 0.0000778 seconds, Stopping threads took: 0.0000304 seconds
2017-08-01T00:06:50.726+0000: 4562.299: Total time for which application threads were stopped: 0.0000665 seconds, Stopping threads took: 0.0000215 seconds
2017-08-01T00:06:50.726+0000: 4562.299: Total time for which application threads were stopped: 0.0000700 seconds, Stopping threads took: 0.0000214 seconds
2017-08-01T00:06:50.726+0000: 4562.299: Total time for which application threads were stopped: 0.0000702 seconds, Stopping threads took: 0.0000244 seconds
2017-08-01T00:06:50.726+0000: 4562.300: Total time for which application threads were stopped: 0.0000691 seconds, Stopping threads took: 0.0000218 seconds
2017-08-01T00:06:50.727+0000: 4562.300: Total time for which application threads were stopped: 0.0002649 seconds, Stopping threads took: 0.0000498 seconds
{Heap before GC invocations=94 (full 2):
 par new generation   total 153344K, used 142901K [0x0000000080000000, 0x000000008a660000, 0x000000008a660000)
  eden space 136320K, 100% used [0x0000000080000000, 0x0000000088520000, 0x0000000088520000)
  from space 17024K,  38% used [0x0000000088520000, 0x0000000088b8d788, 0x00000000895c0000)
  to   space 17024K,   0% used [0x00000000895c0000, 0x00000000895c0000, 0x000000008a660000)
 concurrent mark-sweep generation total 1926784K, used 205211K [0x000000008a660000, 0x0000000100000000, 0x0000000100000000)
 Metaspace       used 86095K, capacity 91798K, committed 92056K, reserved 1130496K
  class space    used 10440K, capacity 10834K, committed 10912K, reserved 1048576K
2017-08-01T00:08:07.438+0000: 4639.011: [GC (Allocation Failure) Before GC:
Statistics for BinaryTreeDictionary:
------------------------------------
Total Free Space: 220227290
Max   Chunk Size: 220227290
Number of Blocks: 1
Av.  Block  Size: 220227290
Tree      Height: 1
2017-08-01T00:08:07.438+0000: 4639.011: [ParNew
Desired survivor size 8716288 bytes, new threshold 6 (max 6)
- age   1:    1315152 bytes,    1315152 total
- age   2:     752392 bytes,    2067544 total
- age   3:     742360 bytes,    2809904 total
- age   4:     607344 bytes,    3417248 total
- age   5:     515600 bytes,    3932848 total
- age   6:     583720 bytes,    4516568 total
: 142901K->6664K(153344K), 0.0233086 secs] 348113K->212460K(2080128K)After GC:
Statistics for BinaryTreeDictionary:
------------------------------------
Total Free Space: 220149216
Max   Chunk Size: 220149216
Number of Blocks: 1
Av.  Block  Size: 220149216
Tree      Height: 1
, 0.0233860 secs] [Times: user=0.05 sys=0.00, real=0.02 secs] 
Heap after GC invocations=95 (full 2):
 par new generation   total 153344K, used 6664K [0x0000000080000000, 0x000000008a660000, 0x000000008a660000)
  eden space 136320K,   0% used [0x0000000080000000, 0x0000000080000000, 0x0000000088520000)
  from space 17024K,  39% used [0x00000000895c0000, 0x0000000089c42390, 0x000000008a660000)
  to   space 17024K,   0% used [0x0000000088520000, 0x0000000088520000, 0x00000000895c0000)
 concurrent mark-sweep generation total 1926784K, used 205796K [0x000000008a660000, 0x0000000100000000, 0x0000000100000000)
 Metaspace       used 86095K, capacity 91798K, committed 92056K, reserved 1130496K
  class space    used 10440K, capacity 10834K, committed 10912K, reserved 1048576K
}
2017-08-01T00:08:07.461+0000: 4639.035: Total time for which application threads were stopped: 0.0236990 seconds, Stopping threads took: 0.0000693 seconds
2017-08-01T00:08:07.462+0000: 4639.036: Total time for which application threads were stopped: 0.0010506 seconds, Stopping threads took: 0.0009245 seconds
2017-08-01T00:08:07.470+0000: 4639.043: Total time for which application threads were stopped: 0.0001595 seconds, Stopping threads took: 0.0000500 seconds
2017-08-01T00:08:07.470+0000: 4639.043: Total time for which application threads were stopped: 0.0000694 seconds, Stopping threads took: 0.0000217 seconds
2017-08-01T00:08:07.470+0000: 4639.044: Total time for which application threads were stopped: 0.0001198 seconds, Stopping threads took: 0.0000493 seconds
2017-08-01T00:08:07.471+0000: 4639.044: Total time for which application threads were stopped: 0.0001481 seconds, Stopping threads took: 0.0000540 seconds
2017-08-01T00:08:07.471+0000: 4639.044: Total time for which application threads were stopped: 0.0001139 seconds, Stopping threads took: 0.0000421 seconds
2017-08-01T00:08:07.472+0000: 4639.045: Total time for which application threads were stopped: 0.0009806 seconds, Stopping threads took: 0.0009182 seconds
2017-08-01T00:08:07.472+0000: 4639.045: Total time for which application threads were stopped: 0.0001084 seconds, Stopping threads took: 0.0000574 seconds
2017-08-01T00:08:07.473+0000: 4639.046: Total time for which application threads were stopped: 0.0001036 seconds, Stopping threads took: 0.0000367 seconds
2017-08-01T00:08:07.474+0000: 4639.047: Total time for which application threads were stopped: 0.0001076 seconds, Stopping threads took: 0.0000401 seconds
2017-08-01T00:08:07.474+0000: 4639.047: Total time for which application threads were stopped: 0.0001126 seconds, Stopping threads took: 0.0000541 seconds
2017-08-01T00:08:07.474+0000: 4639.047: Total time for which application threads were stopped: 0.0000849 seconds, Stopping threads took: 0.0000174 seconds
2017-08-01T00:08:07.474+0000: 4639.047: Total time for which application threads were stopped: 0.0000977 seconds, Stopping threads took: 0.0000387 seconds
2017-08-01T00:08:07.474+0000: 4639.048: Total time for which application threads were stopped: 0.0000913 seconds, Stopping threads took: 0.0000225 seconds
2017-08-01T00:08:07.475+0000: 4639.048: Total time for which application threads were stopped: 0.0000968 seconds, Stopping threads took: 0.0000229 seconds
2017-08-01T00:08:07.475+0000: 4639.048: Total time for which application threads were stopped: 0.0000897 seconds, Stopping threads took: 0.0000275 seconds
2017-08-01T00:08:07.475+0000: 4639.048: Total time for which application threads were stopped: 0.0000984 seconds, Stopping threads took: 0.0000263 seconds
2017-08-01T00:08:07.475+0000: 4639.049: Total time for which application threads were stopped: 0.0001014 seconds, Stopping threads took: 0.0000451 seconds
2017-08-01T00:08:07.477+0000: 4639.050: Total time for which application threads were stopped: 0.0001354 seconds, Stopping threads took: 0.0000738 seconds
2017-08-01T00:08:07.477+0000: 4639.050: Total time for which application threads were stopped: 0.0002839 seconds, Stopping threads took: 0.0000644 seconds
2017-08-01T00:08:08.477+0000: 4640.050: Total time for which application threads were stopped: 0.0001633 seconds, Stopping threads took: 0.0000463 seconds
2017-08-01T00:08:19.481+0000: 4651.054: Total time for which application threads were stopped: 0.0001872 seconds, Stopping threads took: 0.0000683 seconds
2017-08-01T00:08:39.666+0000: 4671.239: Total time for which application threads were stopped: 0.0002285 seconds, Stopping threads took: 0.0000410 seconds
2017-08-01T00:08:39.666+0000: 4671.239: Total time for which application threads were stopped: 0.0000953 seconds, Stopping threads took: 0.0000207 seconds
2017-08-01T00:08:39.666+0000: 4671.240: Total time for which application threads were stopped: 0.0001171 seconds, Stopping threads took: 0.0000193 seconds
2017-08-01T00:08:39.666+0000: 4671.240: Total time for which application threads were stopped: 0.0000861 seconds, Stopping threads took: 0.0000196 seconds
2017-08-01T00:08:39.667+0000: 4671.240: Total time for which application threads were stopped: 0.0001081 seconds, Stopping threads took: 0.0000240 seconds
2017-08-01T00:08:39.667+0000: 4671.240: Total time for which application threads were stopped: 0.0000917 seconds, Stopping threads took: 0.0000214 seconds
2017-08-01T00:08:40.690+0000: 4672.264: Total time for which application threads were stopped: 0.0001824 seconds, Stopping threads took: 0.0000439 seconds
2017-08-01T00:08:40.691+0000: 4672.264: Total time for which application threads were stopped: 0.0000994 seconds, Stopping threads took: 0.0000388 seconds
2017-08-01T00:08:40.691+0000: 4672.264: Total time for which application threads were stopped: 0.0001025 seconds, Stopping threads took: 0.0000419 seconds
2017-08-01T00:08:40.691+0000: 4672.264: Total time for which application threads were stopped: 0.0000676 seconds, Stopping threads took: 0.0000184 seconds
2017-08-01T00:08:40.691+0000: 4672.264: Total time for which application threads were stopped: 0.0001168 seconds, Stopping threads took: 0.0000438 seconds
2017-08-01T00:08:40.691+0000: 4672.264: Total time for which application threads were stopped: 0.0000678 seconds, Stopping threads took: 0.0000186 seconds
{Heap before GC invocations=95 (full 2):
 par new generation   total 153344K, used 142984K [0x0000000080000000, 0x000000008a660000, 0x000000008a660000)
  eden space 136320K, 100% used [0x0000000080000000, 0x0000000088520000, 0x0000000088520000)
  from space 17024K,  39% used [0x00000000895c0000, 0x0000000089c42390, 0x000000008a660000)
  to   space 17024K,   0% used [0x0000000088520000, 0x0000000088520000, 0x00000000895c0000)
 concurrent mark-sweep generation total 1926784K, used 205796K [0x000000008a660000, 0x0000000100000000, 0x0000000100000000)
 Metaspace       used 86096K, capacity 91798K, committed 92056K, reserved 1130496K
  class space    used 10440K, capacity 10834K, committed 10912K, reserved 1048576K
2017-08-01T00:09:25.280+0000: 4716.854: [GC (Allocation Failure) Before GC:
Statistics for BinaryTreeDictionary:
------------------------------------
Total Free Space: 220149216
Max   Chunk Size: 220149216
Number of Blocks: 1
Av.  Block  Size: 220149216
Tree      Height: 1
2017-08-01T00:09:25.280+0000: 4716.854: [ParNew
Desired survivor size 8716288 bytes, new threshold 6 (max 6)
- age   1:    1535872 bytes,    1535872 total
- age   2:     624056 bytes,    2159928 total
- age   3:     687080 bytes,    2847008 total
- age   4:     684696 bytes,    3531704 total
- age   5:     590928 bytes,    4122632 total
- age   6:     507528 bytes,    4630160 total
: 142984K->6669K(153344K), 0.0233314 secs] 348780K->213039K(2080128K)After GC:
Statistics for BinaryTreeDictionary:
------------------------------------
Total Free Space: 220075040
Max   Chunk Size: 220075040
Number of Blocks: 1
Av.  Block  Size: 220075040
Tree      Height: 1
, 0.0234392 secs] [Times: user=0.05 sys=0.00, real=0.03 secs] 
Heap after GC invocations=96 (full 2):
 par new generation   total 153344K, used 6669K [0x0000000080000000, 0x000000008a660000, 0x000000008a660000)
  eden space 136320K,   0% used [0x0000000080000000, 0x0000000080000000, 0x0000000088520000)
  from space 17024K,  39% used [0x0000000088520000, 0x0000000088ba3708, 0x00000000895c0000)
  to   space 17024K,   0% used [0x00000000895c0000, 0x00000000895c0000, 0x000000008a660000)
 concurrent mark-sweep generation total 1926784K, used 206369K [0x000000008a660000, 0x0000000100000000, 0x0000000100000000)
 Metaspace       used 86096K, capacity 91798K, committed 92056K, reserved 1130496K
  class space    used 10440K, capacity 10834K, committed 10912K, reserved 1048576K
}
2017-08-01T00:09:25.304+0000: 4716.877: Total time for which application threads were stopped: 0.0237395 seconds, Stopping threads took: 0.0000805 seconds
2017-08-01T00:09:25.304+0000: 4716.878: Total time for which application threads were stopped: 0.0001269 seconds, Stopping threads took: 0.0000328 seconds
2017-08-01T00:09:25.305+0000: 4716.878: Total time for which application threads were stopped: 0.0000974 seconds, Stopping threads took: 0.0000384 seconds
2017-08-01T00:09:25.305+0000: 4716.878: Total time for which application threads were stopped: 0.0001084 seconds, Stopping threads took: 0.0000480 seconds
2017-08-01T00:09:25.305+0000: 4716.878: Total time for which application threads were stopped: 0.0001108 seconds, Stopping threads took: 0.0000512 seconds
2017-08-01T00:09:25.305+0000: 4716.878: Total time for which application threads were stopped: 0.0001416 seconds, Stopping threads took: 0.0000771 seconds
2017-08-01T00:09:25.305+0000: 4716.878: Total time for which application threads were stopped: 0.0000793 seconds, Stopping threads took: 0.0000267 seconds
2017-08-01T00:09:25.305+0000: 4716.879: Total time for which application threads were stopped: 0.0001117 seconds, Stopping threads took: 0.0000480 seconds
2017-08-01T00:09:25.305+0000: 4716.879: Total time for which application threads were stopped: 0.0000983 seconds, Stopping threads took: 0.0000320 seconds
2017-08-01T00:09:25.305+0000: 4716.879: Total time for which application threads were stopped: 0.0000704 seconds, Stopping threads took: 0.0000187 seconds
2017-08-01T00:09:25.306+0000: 4716.879: Total time for which application threads were stopped: 0.0001094 seconds, Stopping threads took: 0.0000449 seconds
2017-08-01T00:09:25.306+0000: 4716.879: Total time for which application threads were stopped: 0.0001136 seconds, Stopping threads took: 0.0000462 seconds
2017-08-01T00:09:25.306+0000: 4716.879: Total time for which application threads were stopped: 0.0001113 seconds, Stopping threads took: 0.0000458 seconds
2017-08-01T00:09:25.306+0000: 4716.879: Total time for which application threads were stopped: 0.0000748 seconds, Stopping threads took: 0.0000199 seconds
2017-08-01T00:09:25.306+0000: 4716.879: Total time for which application threads were stopped: 0.0000730 seconds, Stopping threads took: 0.0000183 seconds
2017-08-01T00:09:25.306+0000: 4716.879: Total time for which application threads were stopped: 0.0000945 seconds, Stopping threads took: 0.0000190 seconds
2017-08-01T00:09:25.306+0000: 4716.880: Total time for which application threads were stopped: 0.0001032 seconds, Stopping threads took: 0.0000248 seconds
2017-08-01T00:09:25.306+0000: 4716.880: Total time for which application threads were stopped: 0.0000897 seconds, Stopping threads took: 0.0000257 seconds
2017-08-01T00:09:25.307+0000: 4716.880: Total time for which application threads were stopped: 0.0001119 seconds, Stopping threads took: 0.0000479 seconds
2017-08-01T00:09:25.307+0000: 4716.880: Total time for which application threads were stopped: 0.0000931 seconds, Stopping threads took: 0.0000265 seconds
2017-08-01T00:09:25.307+0000: 4716.880: Total time for which application threads were stopped: 0.0003656 seconds, Stopping threads took: 0.0000475 seconds
2017-08-01T00:10:23.320+0000: 4774.894: Total time for which application threads were stopped: 0.0001516 seconds, Stopping threads took: 0.0000470 seconds
2017-08-01T00:10:32.322+0000: 4783.895: Total time for which application threads were stopped: 0.0001661 seconds, Stopping threads took: 0.0000606 seconds
2017-08-01T00:10:36.322+0000: 4787.896: Total time for which application threads were stopped: 0.0001568 seconds, Stopping threads took: 0.0000468 seconds
{Heap before GC invocations=96 (full 2):
 par new generation   total 153344K, used 142989K [0x0000000080000000, 0x000000008a660000, 0x000000008a660000)
  eden space 136320K, 100% used [0x0000000080000000, 0x0000000088520000, 0x0000000088520000)
  from space 17024K,  39% used [0x0000000088520000, 0x0000000088ba3708, 0x00000000895c0000)
  to   space 17024K,   0% used [0x00000000895c0000, 0x00000000895c0000, 0x000000008a660000)
 concurrent mark-sweep generation total 1926784K, used 206369K [0x000000008a660000, 0x0000000100000000, 0x0000000100000000)
 Metaspace       used 86097K, capacity 91798K, committed 92056K, reserved 1130496K
  class space    used 10440K, capacity 10834K, committed 10912K, reserved 1048576K
2017-08-01T00:10:45.173+0000: 4796.747: [GC (Allocation Failure) Before GC:
Statistics for BinaryTreeDictionary:
------------------------------------
Total Free Space: 220075040
Max   Chunk Size: 220075040
Number of Blocks: 1
Av.  Block  Size: 220075040
Tree      Height: 1
2017-08-01T00:10:45.174+0000: 4796.747: [ParNew
Desired survivor size 8716288 bytes, new threshold 6 (max 6)
- age   1:    1482576 bytes,    1482576 total
- age   2:     817184 bytes,    2299760 total
- age   3:     575304 bytes,    2875064 total
- age   4:     633160 bytes,    3508224 total
- age   5:     621632 bytes,    4129856 total
- age   6:     581128 bytes,    4710984 total
: 142989K->6733K(153344K), 0.0226312 secs] 349359K->213603K(2080128K)After GC:
Statistics for BinaryTreeDictionary:
------------------------------------
Total Free Space: 220015603
Max   Chunk Size: 220015603
Number of Blocks: 1
Av.  Block  Size: 220015603
Tree      Height: 1
, 0.0227197 secs] [Times: user=0.05 sys=0.00, real=0.02 secs] 
Heap after GC invocations=97 (full 2):
 par new generation   total 153344K, used 6733K [0x0000000080000000, 0x000000008a660000, 0x000000008a660000)
  eden space 136320K,   0% used [0x0000000080000000, 0x0000000080000000, 0x0000000088520000)
  from space 17024K,  39% used [0x00000000895c0000, 0x0000000089c534d0, 0x000000008a660000)
  to   space 17024K,   0% used [0x0000000088520000, 0x0000000088520000, 0x00000000895c0000)
 concurrent mark-sweep generation total 1926784K, used 206870K [0x000000008a660000, 0x0000000100000000, 0x0000000100000000)
 Metaspace       used 86097K, capacity 91798K, committed 92056K, reserved 1130496K
  class space    used 10440K, capacity 10834K, committed 10912K, reserved 1048576K
}
2017-08-01T00:10:45.196+0000: 4796.770: Total time for which application threads were stopped: 0.0230000 seconds, Stopping threads took: 0.0000643 seconds
2017-08-01T00:10:45.197+0000: 4796.770: Total time for which application threads were stopped: 0.0001531 seconds, Stopping threads took: 0.0000414 seconds
2017-08-01T00:10:45.197+0000: 4796.770: Total time for which application threads were stopped: 0.0000679 seconds, Stopping threads took: 0.0000195 seconds
2017-08-01T00:10:45.197+0000: 4796.770: Total time for which application threads were stopped: 0.0000894 seconds, Stopping threads took: 0.0000283 seconds
2017-08-01T00:10:45.197+0000: 4796.771: Total time for which application threads were stopped: 0.0000969 seconds, Stopping threads took: 0.0000310 seconds
2017-08-01T00:10:45.197+0000: 4796.771: Total time for which application threads were stopped: 0.0000974 seconds, Stopping threads took: 0.0000380 seconds
2017-08-01T00:10:45.198+0000: 4796.771: Total time for which application threads were stopped: 0.0001195 seconds, Stopping threads took: 0.0000569 seconds
2017-08-01T00:10:45.198+0000: 4796.771: Total time for which application threads were stopped: 0.0000689 seconds, Stopping threads took: 0.0000193 seconds
2017-08-01T00:10:45.198+0000: 4796.771: Total time for which application threads were stopped: 0.0001090 seconds, Stopping threads took: 0.0000301 seconds
2017-08-01T00:10:45.198+0000: 4796.771: Total time for which application threads were stopped: 0.0000880 seconds, Stopping threads took: 0.0000314 seconds
2017-08-01T00:10:45.198+0000: 4796.771: Total time for which application threads were stopped: 0.0000802 seconds, Stopping threads took: 0.0000266 seconds
2017-08-01T00:10:45.198+0000: 4796.771: Total time for which application threads were stopped: 0.0001115 seconds, Stopping threads took: 0.0000428 seconds
2017-08-01T00:10:45.198+0000: 4796.772: Total time for which application threads were stopped: 0.0001134 seconds, Stopping threads took: 0.0000472 seconds
2017-08-01T00:10:45.199+0000: 4796.773: Total time for which application threads were stopped: 0.0009868 seconds, Stopping threads took: 0.0009210 seconds
2017-08-01T00:10:45.199+0000: 4796.773: Total time for which application threads were stopped: 0.0001330 seconds, Stopping threads took: 0.0000495 seconds
2017-08-01T00:10:45.200+0000: 4796.773: Total time for which application threads were stopped: 0.0000760 seconds, Stopping threads took: 0.0000200 seconds
2017-08-01T00:10:45.200+0000: 4796.773: Total time for which application threads were stopped: 0.0000775 seconds, Stopping threads took: 0.0000225 seconds
2017-08-01T00:10:45.200+0000: 4796.773: Total time for which application threads were stopped: 0.0001218 seconds, Stopping threads took: 0.0000444 seconds
2017-08-01T00:10:45.200+0000: 4796.773: Total time for which application threads were stopped: 0.0001080 seconds, Stopping threads took: 0.0000391 seconds
2017-08-01T00:10:45.200+0000: 4796.773: Total time for which application threads were stopped: 0.0000945 seconds, Stopping threads took: 0.0000310 seconds
2017-08-01T00:10:45.200+0000: 4796.774: Total time for which application threads were stopped: 0.0003194 seconds, Stopping threads took: 0.0000463 seconds
2017-08-01T00:11:06.203+0000: 4817.776: Total time for which application threads were stopped: 0.0001746 seconds, Stopping threads took: 0.0000416 seconds
2017-08-01T00:11:15.116+0000: 4826.689: Total time for which application threads were stopped: 0.0001796 seconds, Stopping threads took: 0.0000427 seconds
2017-08-01T00:11:15.116+0000: 4826.690: Total time for which application threads were stopped: 0.0001124 seconds, Stopping threads took: 0.0000508 seconds
2017-08-01T00:11:15.116+0000: 4826.690: Total time for which application threads were stopped: 0.0000948 seconds, Stopping threads took: 0.0000194 seconds
2017-08-01T00:11:15.117+0000: 4826.690: Total time for which application threads were stopped: 0.0000868 seconds, Stopping threads took: 0.0000217 seconds
2017-08-01T00:11:15.117+0000: 4826.690: Total time for which application threads were stopped: 0.0000885 seconds, Stopping threads took: 0.0000236 seconds
2017-08-01T00:11:15.117+0000: 4826.690: Total time for which application threads were stopped: 0.0000705 seconds, Stopping threads took: 0.0000216 seconds
{Heap before GC invocations=97 (full 2):
 par new generation   total 153344K, used 143053K [0x0000000080000000, 0x000000008a660000, 0x000000008a660000)
  eden space 136320K, 100% used [0x0000000080000000, 0x0000000088520000, 0x0000000088520000)
  from space 17024K,  39% used [0x00000000895c0000, 0x0000000089c534d0, 0x000000008a660000)
  to   space 17024K,   0% used [0x0000000088520000, 0x0000000088520000, 0x00000000895c0000)
 concurrent mark-sweep generation total 1926784K, used 206870K [0x000000008a660000, 0x0000000100000000, 0x0000000100000000)
 Metaspace       used 86098K, capacity 91798K, committed 92056K, reserved 1130496K
  class space    used 10440K, capacity 10834K, committed 10912K, reserved 1048576K
2017-08-01T00:11:56.856+0000: 4868.429: [GC (Allocation Failure) Before GC:
Statistics for BinaryTreeDictionary:
------------------------------------
Total Free Space: 220015603
Max   Chunk Size: 220015603
Number of Blocks: 1
Av.  Block  Size: 220015603
Tree      Height: 1
2017-08-01T00:11:56.856+0000: 4868.429: [ParNew
Desired survivor size 8716288 bytes, new threshold 6 (max 6)
- age   1:    1393488 bytes,    1393488 total
- age   2:     755656 bytes,    2149144 total
- age   3:     757272 bytes,    2906416 total
- age   4:     549624 bytes,    3456040 total
- age   5:     570072 bytes,    4026112 total
- age   6:     610704 bytes,    4636816 total
: 143053K->6790K(153344K), 0.0236991 secs] 349923K->214232K(2080128K)After GC:
Statistics for BinaryTreeDictionary:
------------------------------------
Total Free Space: 219942787
Max   Chunk Size: 219942787
Number of Blocks: 1
Av.  Block  Size: 219942787
Tree      Height: 1
, 0.0237840 secs] [Times: user=0.05 sys=0.00, real=0.02 secs] 
Heap after GC invocations=98 (full 2):
 par new generation   total 153344K, used 6790K [0x0000000080000000, 0x000000008a660000, 0x000000008a660000)
  eden space 136320K,   0% used [0x0000000080000000, 0x0000000080000000, 0x0000000088520000)
  from space 17024K,  39% used [0x0000000088520000, 0x0000000088bc1958, 0x00000000895c0000)
  to   space 17024K,   0% used [0x00000000895c0000, 0x00000000895c0000, 0x000000008a660000)
 concurrent mark-sweep generation total 1926784K, used 207441K [0x000000008a660000, 0x0000000100000000, 0x0000000100000000)
 Metaspace       used 86098K, capacity 91798K, committed 92056K, reserved 1130496K
  class space    used 10440K, capacity 10834K, committed 10912K, reserved 1048576K
}
2017-08-01T00:11:56.880+0000: 4868.453: Total time for which application threads were stopped: 0.0240626 seconds, Stopping threads took: 0.0000838 seconds
2017-08-01T00:11:56.880+0000: 4868.454: Total time for which application threads were stopped: 0.0001306 seconds, Stopping threads took: 0.0000390 seconds
2017-08-01T00:11:56.881+0000: 4868.454: Total time for which application threads were stopped: 0.0001496 seconds, Stopping threads took: 0.0000873 seconds
2017-08-01T00:11:56.881+0000: 4868.454: Total time for which application threads were stopped: 0.0001052 seconds, Stopping threads took: 0.0000202 seconds
2017-08-01T00:11:56.881+0000: 4868.454: Total time for which application threads were stopped: 0.0001052 seconds, Stopping threads took: 0.0000485 seconds
2017-08-01T00:11:56.881+0000: 4868.454: Total time for which application threads were stopped: 0.0001023 seconds, Stopping threads took: 0.0000457 seconds
2017-08-01T00:11:56.881+0000: 4868.454: Total time for which application threads were stopped: 0.0000679 seconds, Stopping threads took: 0.0000221 seconds
2017-08-01T00:11:56.881+0000: 4868.454: Total time for which application threads were stopped: 0.0000633 seconds, Stopping threads took: 0.0000175 seconds
2017-08-01T00:11:56.881+0000: 4868.455: Total time for which application threads were stopped: 0.0000663 seconds, Stopping threads took: 0.0000208 seconds
2017-08-01T00:11:56.881+0000: 4868.455: Total time for which application threads were stopped: 0.0000640 seconds, Stopping threads took: 0.0000188 seconds
2017-08-01T00:11:56.881+0000: 4868.455: Total time for which application threads were stopped: 0.0000650 seconds, Stopping threads took: 0.0000186 seconds
2017-08-01T00:11:56.882+0000: 4868.455: Total time for which application threads were stopped: 0.0000979 seconds, Stopping threads took: 0.0000423 seconds
2017-08-01T00:11:56.882+0000: 4868.455: Total time for which application threads were stopped: 0.0000851 seconds, Stopping threads took: 0.0000174 seconds
2017-08-01T00:11:56.882+0000: 4868.455: Total time for which application threads were stopped: 0.0001187 seconds, Stopping threads took: 0.0000611 seconds
2017-08-01T00:11:56.882+0000: 4868.455: Total time for which application threads were stopped: 0.0000662 seconds, Stopping threads took: 0.0000207 seconds
2017-08-01T00:11:56.882+0000: 4868.455: Total time for which application threads were stopped: 0.0000655 seconds, Stopping threads took: 0.0000176 seconds
2017-08-01T00:11:56.882+0000: 4868.455: Total time for which application threads were stopped: 0.0000651 seconds, Stopping threads took: 0.0000194 seconds
2017-08-01T00:11:56.882+0000: 4868.455: Total time for which application threads were stopped: 0.0001010 seconds, Stopping threads took: 0.0000283 seconds
2017-08-01T00:11:56.882+0000: 4868.456: Total time for which application threads were stopped: 0.0001028 seconds, Stopping threads took: 0.0000441 seconds
2017-08-01T00:11:56.882+0000: 4868.456: Total time for which application threads were stopped: 0.0000955 seconds, Stopping threads took: 0.0000387 seconds
2017-08-01T00:11:56.883+0000: 4868.456: Total time for which application threads were stopped: 0.0002332 seconds, Stopping threads took: 0.0000470 seconds
2017-08-01T00:12:10.884+0000: 4882.458: Total time for which application threads were stopped: 0.0001913 seconds, Stopping threads took: 0.0000594 seconds
2017-08-01T00:12:23.886+0000: 4895.459: Total time for which application threads were stopped: 0.0001499 seconds, Stopping threads took: 0.0000390 seconds
2017-08-01T00:12:50.889+0000: 4922.463: Total time for which application threads were stopped: 0.0001726 seconds, Stopping threads took: 0.0000647 seconds
{Heap before GC invocations=98 (full 2):
 par new generation   total 153344K, used 143110K [0x0000000080000000, 0x000000008a660000, 0x000000008a660000)
  eden space 136320K, 100% used [0x0000000080000000, 0x0000000088520000, 0x0000000088520000)
  from space 17024K,  39% used [0x0000000088520000, 0x0000000088bc1958, 0x00000000895c0000)
  to   space 17024K,   0% used [0x00000000895c0000, 0x00000000895c0000, 0x000000008a660000)
 concurrent mark-sweep generation total 1926784K, used 207441K [0x000000008a660000, 0x0000000100000000, 0x0000000100000000)
 Metaspace       used 86104K, capacity 91798K, committed 92056K, reserved 1130496K
  class space    used 10440K, capacity 10834K, committed 10912K, reserved 1048576K
2017-08-01T00:13:17.655+0000: 4949.228: [GC (Allocation Failure) Before GC:
Statistics for BinaryTreeDictionary:
------------------------------------
Total Free Space: 219942787
Max   Chunk Size: 219942787
Number of Blocks: 1
Av.  Block  Size: 219942787
Tree      Height: 1
2017-08-01T00:13:17.655+0000: 4949.228: [ParNew
Desired survivor size 8716288 bytes, new threshold 6 (max 6)
- age   1:    1470416 bytes,    1470416 total
- age   2:     658320 bytes,    2128736 total
- age   3:     692712 bytes,    2821448 total
- age   4:     700400 bytes,    3521848 total
- age   5:     536936 bytes,    4058784 total
- age   6:     560648 bytes,    4619432 total
: 143110K->4575K(153344K), 0.0235876 secs] 350552K->212617K(2080128K)After GC:
Statistics for BinaryTreeDictionary:
------------------------------------
Total Free Space: 219862050
Max   Chunk Size: 219862050
Number of Blocks: 1
Av.  Block  Size: 219862050
Tree      Height: 1
, 0.0236843 secs] [Times: user=0.06 sys=0.00, real=0.02 secs] 
Heap after GC invocations=99 (full 2):
 par new generation   total 153344K, used 4575K [0x0000000080000000, 0x000000008a660000, 0x000000008a660000)
  eden space 136320K,   0% used [0x0000000080000000, 0x0000000080000000, 0x0000000088520000)
  from space 17024K,  26% used [0x00000000895c0000, 0x0000000089a37f58, 0x000000008a660000)
  to   space 17024K,   0% used [0x0000000088520000, 0x0000000088520000, 0x00000000895c0000)
 concurrent mark-sweep generation total 1926784K, used 208041K [0x000000008a660000, 0x0000000100000000, 0x0000000100000000)
 Metaspace       used 86104K, capacity 91798K, committed 92056K, reserved 1130496K
  class space    used 10440K, capacity 10834K, committed 10912K, reserved 1048576K
}
2017-08-01T00:13:17.679+0000: 4949.252: Total time for which application threads were stopped: 0.0239539 seconds, Stopping threads took: 0.0000535 seconds
2017-08-01T00:13:17.679+0000: 4949.252: Total time for which application threads were stopped: 0.0001291 seconds, Stopping threads took: 0.0000390 seconds
2017-08-01T00:13:17.679+0000: 4949.253: Total time for which application threads were stopped: 0.0001010 seconds, Stopping threads took: 0.0000440 seconds
2017-08-01T00:13:17.686+0000: 4949.259: Total time for which application threads were stopped: 0.0001267 seconds, Stopping threads took: 0.0000617 seconds
2017-08-01T00:13:17.686+0000: 4949.259: Total time for which application threads were stopped: 0.0001171 seconds, Stopping threads took: 0.0000464 seconds
2017-08-01T00:13:17.686+0000: 4949.259: Total time for which application threads were stopped: 0.0000686 seconds, Stopping threads took: 0.0000225 seconds
2017-08-01T00:13:17.686+0000: 4949.259: Total time for which application threads were stopped: 0.0001199 seconds, Stopping threads took: 0.0000601 seconds
2017-08-01T00:13:17.686+0000: 4949.260: Total time for which application threads were stopped: 0.0000643 seconds, Stopping threads took: 0.0000190 seconds
2017-08-01T00:13:17.686+0000: 4949.260: Total time for which application threads were stopped: 0.0000965 seconds, Stopping threads took: 0.0000375 seconds
2017-08-01T00:13:17.687+0000: 4949.260: Total time for which application threads were stopped: 0.0001091 seconds, Stopping threads took: 0.0000532 seconds
2017-08-01T00:13:17.687+0000: 4949.260: Total time for which application threads were stopped: 0.0000875 seconds, Stopping threads took: 0.0000248 seconds
2017-08-01T00:13:17.687+0000: 4949.260: Total time for which application threads were stopped: 0.0001054 seconds, Stopping threads took: 0.0000479 seconds
2017-08-01T00:13:17.687+0000: 4949.260: Total time for which application threads were stopped: 0.0000956 seconds, Stopping threads took: 0.0000402 seconds
2017-08-01T00:13:17.687+0000: 4949.260: Total time for which application threads were stopped: 0.0001035 seconds, Stopping threads took: 0.0000478 seconds
2017-08-01T00:13:17.687+0000: 4949.260: Total time for which application threads were stopped: 0.0001034 seconds, Stopping threads took: 0.0000383 seconds
2017-08-01T00:13:17.687+0000: 4949.261: Total time for which application threads were stopped: 0.0001003 seconds, Stopping threads took: 0.0000430 seconds
2017-08-01T00:13:17.687+0000: 4949.261: Total time for which application threads were stopped: 0.0000653 seconds, Stopping threads took: 0.0000179 seconds
2017-08-01T00:13:17.687+0000: 4949.261: Total time for which application threads were stopped: 0.0000654 seconds, Stopping threads took: 0.0000180 seconds
2017-08-01T00:13:17.688+0000: 4949.261: Total time for which application threads were stopped: 0.0001199 seconds, Stopping threads took: 0.0000448 seconds
2017-08-01T00:13:17.688+0000: 4949.261: Total time for which application threads were stopped: 0.0001007 seconds, Stopping threads took: 0.0000431 seconds
2017-08-01T00:13:17.688+0000: 4949.261: Total time for which application threads were stopped: 0.0002828 seconds, Stopping threads took: 0.0000273 seconds
2017-08-01T00:14:05.694+0000: 4997.267: Total time for which application threads were stopped: 0.0001576 seconds, Stopping threads took: 0.0000409 seconds
{Heap before GC invocations=99 (full 2):
 par new generation   total 153344K, used 140895K [0x0000000080000000, 0x000000008a660000, 0x000000008a660000)
  eden space 136320K, 100% used [0x0000000080000000, 0x0000000088520000, 0x0000000088520000)
  from space 17024K,  26% used [0x00000000895c0000, 0x0000000089a37f58, 0x000000008a660000)
  to   space 17024K,   0% used [0x0000000088520000, 0x0000000088520000, 0x00000000895c0000)
 concurrent mark-sweep generation total 1926784K, used 208041K [0x000000008a660000, 0x0000000100000000, 0x0000000100000000)
 Metaspace       used 86112K, capacity 91798K, committed 92056K, reserved 1130496K
  class space    used 10440K, capacity 10834K, committed 10912K, reserved 1048576K
2017-08-01T00:14:36.835+0000: 5028.408: [GC (Allocation Failure) Before GC:
Statistics for BinaryTreeDictionary:
------------------------------------
Total Free Space: 219862050
Max   Chunk Size: 219862050
Number of Blocks: 1
Av.  Block  Size: 219862050
Tree      Height: 1
2017-08-01T00:14:36.835+0000: 5028.408: [ParNew
Desired survivor size 8716288 bytes, new threshold 6 (max 6)
- age   1:    1482008 bytes,    1482008 total
- age   2:     754272 bytes,    2236280 total
- age   3:     600336 bytes,    2836616 total
- age   4:     636144 bytes,    3472760 total
- age   5:     637632 bytes,    4110392 total
- age   6:     526584 bytes,    4636976 total
: 140895K->6761K(153344K), 0.0231904 secs] 348937K->215353K(2080128K)After GC:
Statistics for BinaryTreeDictionary:
------------------------------------
Total Free Space: 219791002
Max   Chunk Size: 219791002
Number of Blocks: 1
Av.  Block  Size: 219791002
Tree      Height: 1
, 0.0232982 secs] [Times: user=0.05 sys=0.00, real=0.02 secs] 
Heap after GC invocations=100 (full 2):
 par new generation   total 153344K, used 6761K [0x0000000080000000, 0x000000008a660000, 0x000000008a660000)
  eden space 136320K,   0% used [0x0000000080000000, 0x0000000080000000, 0x0000000088520000)
  from space 17024K,  39% used [0x0000000088520000, 0x0000000088bba758, 0x00000000895c0000)
  to   space 17024K,   0% used [0x00000000895c0000, 0x00000000895c0000, 0x000000008a660000)
 concurrent mark-sweep generation total 1926784K, used 208591K [0x000000008a660000, 0x0000000100000000, 0x0000000100000000)
 Metaspace       used 86112K, capacity 91798K, committed 92056K, reserved 1130496K
  class space    used 10440K, capacity 10834K, committed 10912K, reserved 1048576K
}
2017-08-01T00:14:36.858+0000: 5028.431: Total time for which application threads were stopped: 0.0235720 seconds, Stopping threads took: 0.0000416 seconds
2017-08-01T00:14:36.858+0000: 5028.432: Total time for which application threads were stopped: 0.0001787 seconds, Stopping threads took: 0.0000682 seconds
2017-08-01T00:14:36.859+0000: 5028.432: Total time for which application threads were stopped: 0.0001110 seconds, Stopping threads took: 0.0000480 seconds
2017-08-01T00:14:36.859+0000: 5028.432: Total time for which application threads were stopped: 0.0000819 seconds, Stopping threads took: 0.0000285 seconds
2017-08-01T00:14:36.859+0000: 5028.432: Total time for which application threads were stopped: 0.0000815 seconds, Stopping threads took: 0.0000188 seconds
2017-08-01T00:14:36.859+0000: 5028.432: Total time for which application threads were stopped: 0.0001023 seconds, Stopping threads took: 0.0000245 seconds
2017-08-01T00:14:36.859+0000: 5028.432: Total time for which application threads were stopped: 0.0001081 seconds, Stopping threads took: 0.0000467 seconds
2017-08-01T00:14:36.859+0000: 5028.432: Total time for which application threads were stopped: 0.0000694 seconds, Stopping threads took: 0.0000187 seconds
2017-08-01T00:14:36.859+0000: 5028.433: Total time for which application threads were stopped: 0.0000685 seconds, Stopping threads took: 0.0000186 seconds
2017-08-01T00:14:36.859+0000: 5028.433: Total time for which application threads were stopped: 0.0001090 seconds, Stopping threads took: 0.0000443 seconds
2017-08-01T00:14:36.860+0000: 5028.433: Total time for which application threads were stopped: 0.0000719 seconds, Stopping threads took: 0.0000196 seconds
2017-08-01T00:14:36.860+0000: 5028.433: Total time for which application threads were stopped: 0.0001020 seconds, Stopping threads took: 0.0000415 seconds
2017-08-01T00:14:36.860+0000: 5028.433: Total time for which application threads were stopped: 0.0000982 seconds, Stopping threads took: 0.0000391 seconds
2017-08-01T00:14:36.860+0000: 5028.433: Total time for which application threads were stopped: 0.0000780 seconds, Stopping threads took: 0.0000189 seconds
2017-08-01T00:14:36.860+0000: 5028.433: Total time for which application threads were stopped: 0.0000673 seconds, Stopping threads took: 0.0000189 seconds
2017-08-01T00:14:36.860+0000: 5028.433: Total time for which application threads were stopped: 0.0001148 seconds, Stopping threads took: 0.0000441 seconds
2017-08-01T00:14:36.860+0000: 5028.433: Total time for which application threads were stopped: 0.0000678 seconds, Stopping threads took: 0.0000196 seconds
2017-08-01T00:14:36.860+0000: 5028.434: Total time for which application threads were stopped: 0.0000680 seconds, Stopping threads took: 0.0000205 seconds
2017-08-01T00:14:36.860+0000: 5028.434: Total time for which application threads were stopped: 0.0000934 seconds, Stopping threads took: 0.0000350 seconds
2017-08-01T00:14:36.860+0000: 5028.434: Total time for which application threads were stopped: 0.0000708 seconds, Stopping threads took: 0.0000232 seconds
2017-08-01T00:14:36.861+0000: 5028.434: Total time for which application threads were stopped: 0.0002134 seconds, Stopping threads took: 0.0000187 seconds
2017-08-01T00:14:58.863+0000: 5050.436: Total time for which application threads were stopped: 0.0001596 seconds, Stopping threads took: 0.0000418 seconds
2017-08-01T00:14:59.863+0000: 5051.437: Total time for which application threads were stopped: 0.0001613 seconds, Stopping threads took: 0.0000581 seconds
{Heap before GC invocations=100 (full 2):
 par new generation   total 153344K, used 143081K [0x0000000080000000, 0x000000008a660000, 0x000000008a660000)
  eden space 136320K, 100% used [0x0000000080000000, 0x0000000088520000, 0x0000000088520000)
  from space 17024K,  39% used [0x0000000088520000, 0x0000000088bba758, 0x00000000895c0000)
  to   space 17024K,   0% used [0x00000000895c0000, 0x00000000895c0000, 0x000000008a660000)
 concurrent mark-sweep generation total 1926784K, used 208591K [0x000000008a660000, 0x0000000100000000, 0x0000000100000000)
 Metaspace       used 86113K, capacity 91798K, committed 92056K, reserved 1130496K
  class space    used 10440K, capacity 10834K, committed 10912K, reserved 1048576K
2017-08-01T00:15:50.671+0000: 5102.244: [GC (Allocation Failure) Before GC:
Statistics for BinaryTreeDictionary:
------------------------------------
Total Free Space: 219791002
Max   Chunk Size: 219791002
Number of Blocks: 1
Av.  Block  Size: 219791002
Tree      Height: 1
2017-08-01T00:15:50.671+0000: 5102.244: [ParNew
Desired survivor size 8716288 bytes, new threshold 6 (max 6)
- age   1:    1360240 bytes,    1360240 total
- age   2:     790536 bytes,    2150776 total
- age   3:     700168 bytes,    2850944 total
- age   4:     576264 bytes,    3427208 total
- age   5:     574784 bytes,    4001992 total
- age   6:     627800 bytes,    4629792 total
: 143081K->6716K(153344K), 0.0367308 secs] 351673K->215827K(2080128K)After GC:
Statistics for BinaryTreeDictionary:
------------------------------------
Total Free Space: 219728029
Max   Chunk Size: 219728029
Number of Blocks: 1
Av.  Block  Size: 219728029
Tree      Height: 1
, 0.0368377 secs] [Times: user=0.05 sys=0.00, real=0.04 secs] 
Heap after GC invocations=101 (full 2):
 par new generation   total 153344K, used 6716K [0x0000000080000000, 0x000000008a660000, 0x000000008a660000)
  eden space 136320K,   0% used [0x0000000080000000, 0x0000000080000000, 0x0000000088520000)
  from space 17024K,  39% used [0x00000000895c0000, 0x0000000089c4f260, 0x000000008a660000)
  to   space 17024K,   0% used [0x0000000088520000, 0x0000000088520000, 0x00000000895c0000)
 concurrent mark-sweep generation total 1926784K, used 209111K [0x000000008a660000, 0x0000000100000000, 0x0000000100000000)
 Metaspace       used 86113K, capacity 91798K, committed 92056K, reserved 1130496K
  class space    used 10440K, capacity 10834K, committed 10912K, reserved 1048576K
}
2017-08-01T00:15:50.708+0000: 5102.281: Total time for which application threads were stopped: 0.0371129 seconds, Stopping threads took: 0.0000363 seconds
2017-08-01T00:15:50.708+0000: 5102.282: Total time for which application threads were stopped: 0.0001339 seconds, Stopping threads took: 0.0000356 seconds
2017-08-01T00:15:50.708+0000: 5102.282: Total time for which application threads were stopped: 0.0000680 seconds, Stopping threads took: 0.0000191 seconds
2017-08-01T00:15:50.709+0000: 5102.282: Total time for which application threads were stopped: 0.0000944 seconds, Stopping threads took: 0.0000373 seconds
2017-08-01T00:15:50.709+0000: 5102.282: Total time for which application threads were stopped: 0.0001243 seconds, Stopping threads took: 0.0000660 seconds
2017-08-01T00:15:50.709+0000: 5102.282: Total time for which application threads were stopped: 0.0000743 seconds, Stopping threads took: 0.0000245 seconds
2017-08-01T00:15:50.709+0000: 5102.282: Total time for which application threads were stopped: 0.0000752 seconds, Stopping threads took: 0.0000263 seconds
2017-08-01T00:15:50.709+0000: 5102.282: Total time for which application threads were stopped: 0.0000656 seconds, Stopping threads took: 0.0000183 seconds
2017-08-01T00:15:50.709+0000: 5102.282: Total time for which application threads were stopped: 0.0000929 seconds, Stopping threads took: 0.0000366 seconds
2017-08-01T00:15:50.709+0000: 5102.282: Total time for which application threads were stopped: 0.0000831 seconds, Stopping threads took: 0.0000264 seconds
2017-08-01T00:15:50.709+0000: 5102.283: Total time for which application threads were stopped: 0.0000924 seconds, Stopping threads took: 0.0000245 seconds
2017-08-01T00:15:50.709+0000: 5102.283: Total time for which application threads were stopped: 0.0000663 seconds, Stopping threads took: 0.0000184 seconds
2017-08-01T00:15:50.709+0000: 5102.283: Total time for which application threads were stopped: 0.0000663 seconds, Stopping threads took: 0.0000190 seconds
2017-08-01T00:15:50.710+0000: 5102.283: Total time for which application threads were stopped: 0.0000995 seconds, Stopping threads took: 0.0000259 seconds
2017-08-01T00:15:50.710+0000: 5102.283: Total time for which application threads were stopped: 0.0000953 seconds, Stopping threads took: 0.0000275 seconds
2017-08-01T00:15:50.710+0000: 5102.283: Total time for which application threads were stopped: 0.0000828 seconds, Stopping threads took: 0.0000157 seconds
2017-08-01T00:15:50.710+0000: 5102.284: Total time for which application threads were stopped: 0.0001220 seconds, Stopping threads took: 0.0000621 seconds
2017-08-01T00:15:50.710+0000: 5102.284: Total time for which application threads were stopped: 0.0000670 seconds, Stopping threads took: 0.0000183 seconds
2017-08-01T00:15:50.711+0000: 5102.284: Total time for which application threads were stopped: 0.0001064 seconds, Stopping threads took: 0.0000466 seconds
2017-08-01T00:15:50.711+0000: 5102.284: Total time for which application threads were stopped: 0.0000896 seconds, Stopping threads took: 0.0000296 seconds
2017-08-01T00:15:50.711+0000: 5102.284: Total time for which application threads were stopped: 0.0002454 seconds, Stopping threads took: 0.0000258 seconds
2017-08-01T00:15:51.066+0000: 5102.639: Total time for which application threads were stopped: 0.0002129 seconds, Stopping threads took: 0.0000396 seconds
2017-08-01T00:15:51.066+0000: 5102.640: Total time for which application threads were stopped: 0.0001304 seconds, Stopping threads took: 0.0000441 seconds
2017-08-01T00:15:51.066+0000: 5102.640: Total time for which application threads were stopped: 0.0001114 seconds, Stopping threads took: 0.0000195 seconds
2017-08-01T00:15:51.067+0000: 5102.640: Total time for which application threads were stopped: 0.0001312 seconds, Stopping threads took: 0.0000614 seconds
2017-08-01T00:15:51.067+0000: 5102.640: Total time for which application threads were stopped: 0.0001012 seconds, Stopping threads took: 0.0000234 seconds
2017-08-01T00:15:51.067+0000: 5102.640: Total time for which application threads were stopped: 0.0001169 seconds, Stopping threads took: 0.0000197 seconds
2017-08-01T00:15:52.086+0000: 5103.660: Total time for which application threads were stopped: 0.0001539 seconds, Stopping threads took: 0.0000402 seconds
2017-08-01T00:15:52.087+0000: 5103.660: Total time for which application threads were stopped: 0.0000984 seconds, Stopping threads took: 0.0000240 seconds
2017-08-01T00:15:52.087+0000: 5103.660: Total time for which application threads were stopped: 0.0000859 seconds, Stopping threads took: 0.0000189 seconds
2017-08-01T00:15:52.087+0000: 5103.660: Total time for which application threads were stopped: 0.0000674 seconds, Stopping threads took: 0.0000188 seconds
2017-08-01T00:15:52.087+0000: 5103.660: Total time for which application threads were stopped: 0.0000707 seconds, Stopping threads took: 0.0000193 seconds
2017-08-01T00:15:52.087+0000: 5103.660: Total time for which application threads were stopped: 0.0000659 seconds, Stopping threads took: 0.0000179 seconds
2017-08-01T00:16:02.088+0000: 5113.661: Total time for which application threads were stopped: 0.0001552 seconds, Stopping threads took: 0.0000401 seconds
2017-08-01T00:16:03.540+0000: 5115.113: Total time for which application threads were stopped: 0.0002323 seconds, Stopping threads took: 0.0000604 seconds
2017-08-01T00:16:03.540+0000: 5115.114: Total time for which application threads were stopped: 0.0000986 seconds, Stopping threads took: 0.0000223 seconds
2017-08-01T00:16:03.540+0000: 5115.114: Total time for which application threads were stopped: 0.0001129 seconds, Stopping threads took: 0.0000334 seconds
2017-08-01T00:16:03.541+0000: 5115.114: Total time for which application threads were stopped: 0.0001270 seconds, Stopping threads took: 0.0000363 seconds
2017-08-01T00:16:03.541+0000: 5115.114: Total time for which application threads were stopped: 0.0000878 seconds, Stopping threads took: 0.0000214 seconds
2017-08-01T00:16:03.541+0000: 5115.114: Total time for which application threads were stopped: 0.0001266 seconds, Stopping threads took: 0.0000596 seconds
2017-08-01T00:16:59.557+0000: 5171.130: Total time for which application threads were stopped: 0.0001665 seconds, Stopping threads took: 0.0000480 seconds
{Heap before GC invocations=101 (full 2):
 par new generation   total 153344K, used 143036K [0x0000000080000000, 0x000000008a660000, 0x000000008a660000)
  eden space 136320K, 100% used [0x0000000080000000, 0x0000000088520000, 0x0000000088520000)
  from space 17024K,  39% used [0x00000000895c0000, 0x0000000089c4f260, 0x000000008a660000)
  to   space 17024K,   0% used [0x0000000088520000, 0x0000000088520000, 0x00000000895c0000)
 concurrent mark-sweep generation total 1926784K, used 209111K [0x000000008a660000, 0x0000000100000000, 0x0000000100000000)
 Metaspace       used 86138K, capacity 91926K, committed 92056K, reserved 1130496K
  class space    used 10440K, capacity 10834K, committed 10912K, reserved 1048576K
2017-08-01T00:17:07.915+0000: 5179.488: [GC (Allocation Failure) Before GC:
Statistics for BinaryTreeDictionary:
------------------------------------
Total Free Space: 219728029
Max   Chunk Size: 219728029
Number of Blocks: 1
Av.  Block  Size: 219728029
Tree      Height: 1
2017-08-01T00:17:07.915+0000: 5179.488: [ParNew
Desired survivor size 8716288 bytes, new threshold 6 (max 6)
- age   1:    1436880 bytes,    1436880 total
- age   2:     663152 bytes,    2100032 total
- age   3:     728232 bytes,    2828264 total
- age   4:     647768 bytes,    3476032 total
- age   5:     560992 bytes,    4037024 total
- age   6:     563992 bytes,    4601016 total
: 143036K->6807K(153344K), 0.0234459 secs] 352147K->216536K(2080128K)After GC:
Statistics for BinaryTreeDictionary:
------------------------------------
Total Free Space: 219648632
Max   Chunk Size: 219648632
Number of Blocks: 1
Av.  Block  Size: 219648632
Tree      Height: 1
, 0.0235457 secs] [Times: user=0.06 sys=0.00, real=0.02 secs] 
Heap after GC invocations=102 (full 2):
 par new generation   total 153344K, used 6807K [0x0000000080000000, 0x000000008a660000, 0x000000008a660000)
  eden space 136320K,   0% used [0x0000000080000000, 0x0000000080000000, 0x0000000088520000)
  from space 17024K,  39% used [0x0000000088520000, 0x0000000088bc5ed8, 0x00000000895c0000)
  to   space 17024K,   0% used [0x00000000895c0000, 0x00000000895c0000, 0x000000008a660000)
 concurrent mark-sweep generation total 1926784K, used 209728K [0x000000008a660000, 0x0000000100000000, 0x0000000100000000)
 Metaspace       used 86138K, capacity 91926K, committed 92056K, reserved 1130496K
  class space    used 10440K, capacity 10834K, committed 10912K, reserved 1048576K
}
2017-08-01T00:17:07.938+0000: 5179.512: Total time for which application threads were stopped: 0.0238228 seconds, Stopping threads took: 0.0000638 seconds
2017-08-01T00:17:07.939+0000: 5179.512: Total time for which application threads were stopped: 0.0001261 seconds, Stopping threads took: 0.0000307 seconds
2017-08-01T00:17:07.939+0000: 5179.512: Total time for which application threads were stopped: 0.0001084 seconds, Stopping threads took: 0.0000484 seconds
2017-08-01T00:17:07.939+0000: 5179.512: Total time for which application threads were stopped: 0.0000904 seconds, Stopping threads took: 0.0000398 seconds
2017-08-01T00:17:07.939+0000: 5179.512: Total time for which application threads were stopped: 0.0000822 seconds, Stopping threads took: 0.0000226 seconds
2017-08-01T00:17:07.939+0000: 5179.512: Total time for which application threads were stopped: 0.0000688 seconds, Stopping threads took: 0.0000207 seconds
2017-08-01T00:17:07.939+0000: 5179.512: Total time for which application threads were stopped: 0.0001209 seconds, Stopping threads took: 0.0000580 seconds
2017-08-01T00:17:07.939+0000: 5179.513: Total time for which application threads were stopped: 0.0001326 seconds, Stopping threads took: 0.0000704 seconds
2017-08-01T00:17:07.939+0000: 5179.513: Total time for which application threads were stopped: 0.0001061 seconds, Stopping threads took: 0.0000396 seconds
2017-08-01T00:17:07.940+0000: 5179.513: Total time for which application threads were stopped: 0.0001081 seconds, Stopping threads took: 0.0000454 seconds
2017-08-01T00:17:07.940+0000: 5179.513: Total time for which application threads were stopped: 0.0001186 seconds, Stopping threads took: 0.0000316 seconds
2017-08-01T00:17:07.940+0000: 5179.513: Total time for which application threads were stopped: 0.0000888 seconds, Stopping threads took: 0.0000217 seconds
2017-08-01T00:17:07.940+0000: 5179.513: Total time for which application threads were stopped: 0.0000719 seconds, Stopping threads took: 0.0000241 seconds
2017-08-01T00:17:07.940+0000: 5179.514: Total time for which application threads were stopped: 0.0001050 seconds, Stopping threads took: 0.0000360 seconds
2017-08-01T00:17:07.940+0000: 5179.514: Total time for which application threads were stopped: 0.0001125 seconds, Stopping threads took: 0.0000305 seconds
2017-08-01T00:17:07.941+0000: 5179.514: Total time for which application threads were stopped: 0.0000699 seconds, Stopping threads took: 0.0000191 seconds
2017-08-01T00:17:07.941+0000: 5179.514: Total time for which application threads were stopped: 0.0000938 seconds, Stopping threads took: 0.0000419 seconds
2017-08-01T00:17:07.941+0000: 5179.514: Total time for which application threads were stopped: 0.0001056 seconds, Stopping threads took: 0.0000461 seconds
2017-08-01T00:17:07.941+0000: 5179.514: Total time for which application threads were stopped: 0.0001016 seconds, Stopping threads took: 0.0000417 seconds
2017-08-01T00:17:07.941+0000: 5179.514: Total time for which application threads were stopped: 0.0000867 seconds, Stopping threads took: 0.0000369 seconds
2017-08-01T00:17:07.941+0000: 5179.515: Total time for which application threads were stopped: 0.0003011 seconds, Stopping threads took: 0.0000415 seconds
2017-08-01T00:17:08.942+0000: 5180.515: Total time for which application threads were stopped: 0.0001786 seconds, Stopping threads took: 0.0000599 seconds
2017-08-01T00:17:21.943+0000: 5193.516: Total time for which application threads were stopped: 0.0001437 seconds, Stopping threads took: 0.0000432 seconds
2017-08-01T00:17:54.950+0000: 5226.524: Total time for which application threads were stopped: 0.0001400 seconds, Stopping threads took: 0.0000361 seconds
2017-08-01T00:18:19.953+0000: 5251.527: Total time for which application threads were stopped: 0.0001739 seconds, Stopping threads took: 0.0000578 seconds
{Heap before GC invocations=102 (full 2):
 par new generation   total 153344K, used 143127K [0x0000000080000000, 0x000000008a660000, 0x000000008a660000)
  eden space 136320K, 100% used [0x0000000080000000, 0x0000000088520000, 0x0000000088520000)
  from space 17024K,  39% used [0x0000000088520000, 0x0000000088bc5ed8, 0x00000000895c0000)
  to   space 17024K,   0% used [0x00000000895c0000, 0x00000000895c0000, 0x000000008a660000)
 concurrent mark-sweep generation total 1926784K, used 209728K [0x000000008a660000, 0x0000000100000000, 0x0000000100000000)
 Metaspace       used 86144K, capacity 91926K, committed 92056K, reserved 1130496K
  class space    used 10440K, capacity 10834K, committed 10912K, reserved 1048576K
2017-08-01T00:18:29.409+0000: 5260.982: [GC (Allocation Failure) Before GC:
Statistics for BinaryTreeDictionary:
------------------------------------
Total Free Space: 219648632
Max   Chunk Size: 219648632
Number of Blocks: 1
Av.  Block  Size: 219648632
Tree      Height: 1
2017-08-01T00:18:29.409+0000: 5260.982: [ParNew
Desired survivor size 8716288 bytes, new threshold 6 (max 6)
- age   1:    1440016 bytes,    1440016 total
- age   2:     752488 bytes,    2192504 total
- age   3:     608648 bytes,    2801152 total
- age   4:     674352 bytes,    3475504 total
- age   5:     586240 bytes,    4061744 total
- age   6:     551392 bytes,    4613136 total
: 143127K->6736K(153344K), 0.0227469 secs] 352856K->217018K(2080128K)After GC:
Statistics for BinaryTreeDictionary:
------------------------------------
Total Free Space: 219573874
Max   Chunk Size: 219573874
Number of Blocks: 1
Av.  Block  Size: 219573874
Tree      Height: 1
, 0.0228364 secs] [Times: user=0.06 sys=0.00, real=0.02 secs] 
Heap after GC invocations=103 (full 2):
 par new generation   total 153344K, used 6736K [0x0000000080000000, 0x000000008a660000, 0x000000008a660000)
  eden space 136320K,   0% used [0x0000000080000000, 0x0000000080000000, 0x0000000088520000)
  from space 17024K,  39% used [0x00000000895c0000, 0x0000000089c54008, 0x000000008a660000)
  to   space 17024K,   0% used [0x0000000088520000, 0x0000000088520000, 0x00000000895c0000)
 concurrent mark-sweep generation total 1926784K, used 210282K [0x000000008a660000, 0x0000000100000000, 0x0000000100000000)
 Metaspace       used 86144K, capacity 91926K, committed 92056K, reserved 1130496K
  class space    used 10440K, capacity 10834K, committed 10912K, reserved 1048576K
}
2017-08-01T00:18:29.432+0000: 5261.005: Total time for which application threads were stopped: 0.0230683 seconds, Stopping threads took: 0.0000328 seconds
2017-08-01T00:18:29.432+0000: 5261.005: Total time for which application threads were stopped: 0.0001348 seconds, Stopping threads took: 0.0000390 seconds
2017-08-01T00:18:29.433+0000: 5261.006: Total time for which application threads were stopped: 0.0001124 seconds, Stopping threads took: 0.0000299 seconds
2017-08-01T00:18:29.433+0000: 5261.006: Total time for which application threads were stopped: 0.0000882 seconds, Stopping threads took: 0.0000296 seconds
2017-08-01T00:18:29.433+0000: 5261.006: Total time for which application threads were stopped: 0.0000782 seconds, Stopping threads took: 0.0000192 seconds
2017-08-01T00:18:29.433+0000: 5261.006: Total time for which application threads were stopped: 0.0000681 seconds, Stopping threads took: 0.0000208 seconds
2017-08-01T00:18:29.433+0000: 5261.007: Total time for which application threads were stopped: 0.0001102 seconds, Stopping threads took: 0.0000317 seconds
2017-08-01T00:18:29.434+0000: 5261.007: Total time for which application threads were stopped: 0.0000831 seconds, Stopping threads took: 0.0000195 seconds
2017-08-01T00:18:29.434+0000: 5261.007: Total time for which application threads were stopped: 0.0000747 seconds, Stopping threads took: 0.0000284 seconds
2017-08-01T00:18:29.434+0000: 5261.007: Total time for which application threads were stopped: 0.0000766 seconds, Stopping threads took: 0.0000210 seconds
2017-08-01T00:18:29.434+0000: 5261.007: Total time for which application threads were stopped: 0.0001000 seconds, Stopping threads took: 0.0000289 seconds
2017-08-01T00:18:29.434+0000: 5261.008: Total time for which application threads were stopped: 0.0000753 seconds, Stopping threads took: 0.0000230 seconds
2017-08-01T00:18:29.434+0000: 5261.008: Total time for which application threads were stopped: 0.0000661 seconds, Stopping threads took: 0.0000204 seconds
2017-08-01T00:18:29.435+0000: 5261.008: Total time for which application threads were stopped: 0.0000670 seconds, Stopping threads took: 0.0000216 seconds
2017-08-01T00:18:29.435+0000: 5261.008: Total time for which application threads were stopped: 0.0000918 seconds, Stopping threads took: 0.0000281 seconds
2017-08-01T00:18:29.435+0000: 5261.008: Total time for which application threads were stopped: 0.0000932 seconds, Stopping threads took: 0.0000447 seconds
2017-08-01T00:18:29.435+0000: 5261.008: Total time for which application threads were stopped: 0.0000709 seconds, Stopping threads took: 0.0000192 seconds
2017-08-01T00:18:29.435+0000: 5261.008: Total time for which application threads were stopped: 0.0000655 seconds, Stopping threads took: 0.0000201 seconds
2017-08-01T00:18:29.435+0000: 5261.008: Total time for which application threads were stopped: 0.0000667 seconds, Stopping threads took: 0.0000217 seconds
2017-08-01T00:18:29.435+0000: 5261.009: Total time for which application threads were stopped: 0.0000822 seconds, Stopping threads took: 0.0000363 seconds
2017-08-01T00:18:29.435+0000: 5261.009: Total time for which application threads were stopped: 0.0001844 seconds, Stopping threads took: 0.0000207 seconds
2017-08-01T00:19:23.442+0000: 5315.015: Total time for which application threads were stopped: 0.0001521 seconds, Stopping threads took: 0.0000553 seconds
{Heap before GC invocations=103 (full 2):
 par new generation   total 153344K, used 143056K [0x0000000080000000, 0x000000008a660000, 0x000000008a660000)
  eden space 136320K, 100% used [0x0000000080000000, 0x0000000088520000, 0x0000000088520000)
  from space 17024K,  39% used [0x00000000895c0000, 0x0000000089c54008, 0x000000008a660000)
  to   space 17024K,   0% used [0x0000000088520000, 0x0000000088520000, 0x00000000895c0000)
 concurrent mark-sweep generation total 1926784K, used 210282K [0x000000008a660000, 0x0000000100000000, 0x0000000100000000)
 Metaspace       used 86144K, capacity 91926K, committed 92056K, reserved 1130496K
  class space    used 10440K, capacity 10834K, committed 10912K, reserved 1048576K
2017-08-01T00:19:49.968+0000: 5341.541: [GC (Allocation Failure) Before GC:
Statistics for BinaryTreeDictionary:
------------------------------------
Total Free Space: 219573874
Max   Chunk Size: 219573874
Number of Blocks: 1
Av.  Block  Size: 219573874
Tree      Height: 1
2017-08-01T00:19:49.968+0000: 5341.541: [ParNew
Desired survivor size 8716288 bytes, new threshold 6 (max 6)
- age   1:    1401384 bytes,    1401384 total
- age   2:     746240 bytes,    2147624 total
- age   3:     692808 bytes,    2840432 total
- age   4:     582632 bytes,    3423064 total
- age   5:     611920 bytes,    4034984 total
- age   6:     576136 bytes,    4611120 total
: 143056K->6684K(153344K), 0.0226598 secs] 353338K->217509K(2080128K)After GC:
Statistics for BinaryTreeDictionary:
------------------------------------
Total Free Space: 219505641
Max   Chunk Size: 219505641
Number of Blocks: 1
Av.  Block  Size: 219505641
Tree      Height: 1
, 0.0227418 secs] [Times: user=0.05 sys=0.00, real=0.02 secs] 
Heap after GC invocations=104 (full 2):
 par new generation   total 153344K, used 6684K [0x0000000080000000, 0x000000008a660000, 0x000000008a660000)
  eden space 136320K,   0% used [0x0000000080000000, 0x0000000080000000, 0x0000000088520000)
  from space 17024K,  39% used [0x0000000088520000, 0x0000000088ba71f0, 0x00000000895c0000)
  to   space 17024K,   0% used [0x00000000895c0000, 0x00000000895c0000, 0x000000008a660000)
 concurrent mark-sweep generation total 1926784K, used 210825K [0x000000008a660000, 0x0000000100000000, 0x0000000100000000)
 Metaspace       used 86144K, capacity 91926K, committed 92056K, reserved 1130496K
  class space    used 10440K, capacity 10834K, committed 10912K, reserved 1048576K
}
2017-08-01T00:19:49.991+0000: 5341.564: Total time for which application threads were stopped: 0.0230149 seconds, Stopping threads took: 0.0000746 seconds
2017-08-01T00:19:50.002+0000: 5341.575: Total time for which application threads were stopped: 0.0001664 seconds, Stopping threads took: 0.0000548 seconds
2017-08-01T00:19:50.002+0000: 5341.575: Total time for which application threads were stopped: 0.0000687 seconds, Stopping threads took: 0.0000206 seconds
2017-08-01T00:19:50.002+0000: 5341.575: Total time for which application threads were stopped: 0.0000726 seconds, Stopping threads took: 0.0000240 seconds
2017-08-01T00:19:50.002+0000: 5341.576: Total time for which application threads were stopped: 0.0000801 seconds, Stopping threads took: 0.0000235 seconds
2017-08-01T00:19:50.002+0000: 5341.576: Total time for which application threads were stopped: 0.0000665 seconds, Stopping threads took: 0.0000207 seconds
2017-08-01T00:19:50.003+0000: 5341.576: Total time for which application threads were stopped: 0.0000635 seconds, Stopping threads took: 0.0000181 seconds
2017-08-01T00:19:50.003+0000: 5341.576: Total time for which application threads were stopped: 0.0000862 seconds, Stopping threads took: 0.0000313 seconds
2017-08-01T00:19:50.003+0000: 5341.576: Total time for which application threads were stopped: 0.0000826 seconds, Stopping threads took: 0.0000191 seconds
2017-08-01T00:19:50.003+0000: 5341.576: Total time for which application threads were stopped: 0.0000749 seconds, Stopping threads took: 0.0000195 seconds
2017-08-01T00:19:50.003+0000: 5341.576: Total time for which application threads were stopped: 0.0000674 seconds, Stopping threads took: 0.0000197 seconds
2017-08-01T00:19:50.003+0000: 5341.576: Total time for which application threads were stopped: 0.0000669 seconds, Stopping threads took: 0.0000215 seconds
2017-08-01T00:19:50.003+0000: 5341.576: Total time for which application threads were stopped: 0.0000744 seconds, Stopping threads took: 0.0000208 seconds
2017-08-01T00:19:50.003+0000: 5341.576: Total time for which application threads were stopped: 0.0000664 seconds, Stopping threads took: 0.0000219 seconds
2017-08-01T00:19:50.003+0000: 5341.577: Total time for which application threads were stopped: 0.0000660 seconds, Stopping threads took: 0.0000209 seconds
2017-08-01T00:19:50.003+0000: 5341.577: Total time for which application threads were stopped: 0.0000775 seconds, Stopping threads took: 0.0000314 seconds
2017-08-01T00:19:50.003+0000: 5341.577: Total time for which application threads were stopped: 0.0000632 seconds, Stopping threads took: 0.0000184 seconds
2017-08-01T00:19:50.006+0000: 5341.579: Total time for which application threads were stopped: 0.0001154 seconds, Stopping threads took: 0.0000324 seconds
2017-08-01T00:19:50.006+0000: 5341.579: Total time for which application threads were stopped: 0.0001072 seconds, Stopping threads took: 0.0000293 seconds
2017-08-01T00:19:50.006+0000: 5341.579: Total time for which application threads were stopped: 0.0001056 seconds, Stopping threads took: 0.0000389 seconds
2017-08-01T00:19:50.006+0000: 5341.579: Total time for which application threads were stopped: 0.0002042 seconds, Stopping threads took: 0.0000191 seconds
2017-08-01T00:20:01.008+0000: 5352.581: Total time for which application threads were stopped: 0.0001537 seconds, Stopping threads took: 0.0000372 seconds
2017-08-01T00:20:18.010+0000: 5369.583: Total time for which application threads were stopped: 0.0001672 seconds, Stopping threads took: 0.0000407 seconds
2017-08-01T00:20:23.011+0000: 5374.584: Total time for which application threads were stopped: 0.0001457 seconds, Stopping threads took: 0.0000429 seconds
2017-08-01T00:20:28.012+0000: 5379.585: Total time for which application threads were stopped: 0.0001455 seconds, Stopping threads took: 0.0000439 seconds
2017-08-01T00:20:35.013+0000: 5386.586: Total time for which application threads were stopped: 0.0001600 seconds, Stopping threads took: 0.0000425 seconds
2017-08-01T00:20:59.016+0000: 5410.589: Total time for which application threads were stopped: 0.0001669 seconds, Stopping threads took: 0.0000646 seconds
{Heap before GC invocations=104 (full 2):
 par new generation   total 153344K, used 143004K [0x0000000080000000, 0x000000008a660000, 0x000000008a660000)
  eden space 136320K, 100% used [0x0000000080000000, 0x0000000088520000, 0x0000000088520000)
  from space 17024K,  39% used [0x0000000088520000, 0x0000000088ba71f0, 0x00000000895c0000)
  to   space 17024K,   0% used [0x00000000895c0000, 0x00000000895c0000, 0x000000008a660000)
 concurrent mark-sweep generation total 1926784K, used 210825K [0x000000008a660000, 0x0000000100000000, 0x0000000100000000)
 Metaspace       used 86145K, capacity 91990K, committed 92312K, reserved 1130496K
  class space    used 10440K, capacity 10834K, committed 10912K, reserved 1048576K
2017-08-01T00:21:02.776+0000: 5414.349: [GC (Allocation Failure) Before GC:
Statistics for BinaryTreeDictionary:
------------------------------------
Total Free Space: 219505641
Max   Chunk Size: 219505641
Number of Blocks: 1
Av.  Block  Size: 219505641
Tree      Height: 1
2017-08-01T00:21:02.776+0000: 5414.349: [ParNew
Desired survivor size 8716288 bytes, new threshold 6 (max 6)
- age   1:    1477408 bytes,    1477408 total
- age   2:     688584 bytes,    2165992 total
- age   3:     692720 bytes,    2858712 total
- age   4:     637744 bytes,    3496456 total
- age   5:     569000 bytes,    4065456 total
- age   6:     602608 bytes,    4668064 total
: 143004K->6777K(153344K), 0.0231097 secs] 353829K->218167K(2080128K)After GC:
Statistics for BinaryTreeDictionary:
------------------------------------
Total Free Space: 219433400
Max   Chunk Size: 219433400
Number of Blocks: 1
Av.  Block  Size: 219433400
Tree      Height: 1
, 0.0231992 secs] [Times: user=0.05 sys=0.00, real=0.02 secs] 
Heap after GC invocations=105 (full 2):
 par new generation   total 153344K, used 6777K [0x0000000080000000, 0x000000008a660000, 0x000000008a660000)
  eden space 136320K,   0% used [0x0000000080000000, 0x0000000080000000, 0x0000000088520000)
  from space 17024K,  39% used [0x00000000895c0000, 0x0000000089c5e490, 0x000000008a660000)
  to   space 17024K,   0% used [0x0000000088520000, 0x0000000088520000, 0x00000000895c0000)
 concurrent mark-sweep generation total 1926784K, used 211390K [0x000000008a660000, 0x0000000100000000, 0x0000000100000000)
 Metaspace       used 86145K, capacity 91990K, committed 92312K, reserved 1130496K
  class space    used 10440K, capacity 10834K, committed 10912K, reserved 1048576K
}
2017-08-01T00:21:02.799+0000: 5414.373: Total time for which application threads were stopped: 0.0244590 seconds, Stopping threads took: 0.0010469 seconds
2017-08-01T00:21:02.800+0000: 5414.373: Total time for which application threads were stopped: 0.0001212 seconds, Stopping threads took: 0.0000307 seconds
2017-08-01T00:21:02.800+0000: 5414.373: Total time for which application threads were stopped: 0.0001179 seconds, Stopping threads took: 0.0000569 seconds
2017-08-01T00:21:02.801+0000: 5414.374: Total time for which application threads were stopped: 0.0009757 seconds, Stopping threads took: 0.0009066 seconds
2017-08-01T00:21:02.801+0000: 5414.374: Total time for which application threads were stopped: 0.0001088 seconds, Stopping threads took: 0.0000307 seconds
2017-08-01T00:21:02.801+0000: 5414.375: Total time for which application threads were stopped: 0.0001018 seconds, Stopping threads took: 0.0000432 seconds
2017-08-01T00:21:02.801+0000: 5414.375: Total time for which application threads were stopped: 0.0000698 seconds, Stopping threads took: 0.0000202 seconds
2017-08-01T00:21:02.802+0000: 5414.375: Total time for which application threads were stopped: 0.0001018 seconds, Stopping threads took: 0.0000447 seconds
2017-08-01T00:21:02.802+0000: 5414.375: Total time for which application threads were stopped: 0.0001157 seconds, Stopping threads took: 0.0000584 seconds
2017-08-01T00:21:02.802+0000: 5414.375: Total time for which application threads were stopped: 0.0001004 seconds, Stopping threads took: 0.0000453 seconds
2017-08-01T00:21:02.802+0000: 5414.375: Total time for which application threads were stopped: 0.0000896 seconds, Stopping threads took: 0.0000241 seconds
2017-08-01T00:21:02.802+0000: 5414.375: Total time for which application threads were stopped: 0.0001013 seconds, Stopping threads took: 0.0000425 seconds
2017-08-01T00:21:02.802+0000: 5414.375: Total time for which application threads were stopped: 0.0000647 seconds, Stopping threads took: 0.0000192 seconds
2017-08-01T00:21:02.802+0000: 5414.376: Total time for which application threads were stopped: 0.0000638 seconds, Stopping threads took: 0.0000187 seconds
2017-08-01T00:21:02.802+0000: 5414.376: Total time for which application threads were stopped: 0.0001335 seconds, Stopping threads took: 0.0000731 seconds
2017-08-01T00:21:02.802+0000: 5414.376: Total time for which application threads were stopped: 0.0000749 seconds, Stopping threads took: 0.0000286 seconds
2017-08-01T00:21:02.803+0000: 5414.376: Total time for which application threads were stopped: 0.0000770 seconds, Stopping threads took: 0.0000273 seconds
2017-08-01T00:21:02.803+0000: 5414.376: Total time for which application threads were stopped: 0.0001523 seconds, Stopping threads took: 0.0000910 seconds
2017-08-01T00:21:02.803+0000: 5414.376: Total time for which application threads were stopped: 0.0001006 seconds, Stopping threads took: 0.0000441 seconds
2017-08-01T00:21:02.803+0000: 5414.376: Total time for which application threads were stopped: 0.0000907 seconds, Stopping threads took: 0.0000330 seconds
2017-08-01T00:21:02.803+0000: 5414.377: Total time for which application threads were stopped: 0.0001974 seconds, Stopping threads took: 0.0000300 seconds
2017-08-01T00:21:25.806+0000: 5437.379: Total time for which application threads were stopped: 0.0001752 seconds, Stopping threads took: 0.0000325 seconds
2017-08-01T00:21:28.806+0000: 5440.380: Total time for which application threads were stopped: 0.0001500 seconds, Stopping threads took: 0.0000440 seconds
2017-08-01T00:21:29.807+0000: 5441.380: Total time for which application threads were stopped: 0.0002867 seconds, Stopping threads took: 0.0000676 seconds
2017-08-01T00:21:39.808+0000: 5451.382: Total time for which application threads were stopped: 0.0001865 seconds, Stopping threads took: 0.0000454 seconds
2017-08-01T00:21:47.466+0000: 5459.039: Total time for which application threads were stopped: 0.0002220 seconds, Stopping threads took: 0.0000396 seconds
2017-08-01T00:21:47.466+0000: 5459.039: Total time for which application threads were stopped: 0.0000934 seconds, Stopping threads took: 0.0000205 seconds
2017-08-01T00:21:47.466+0000: 5459.040: Total time for which application threads were stopped: 0.0001135 seconds, Stopping threads took: 0.0000308 seconds
2017-08-01T00:21:47.466+0000: 5459.040: Total time for which application threads were stopped: 0.0001086 seconds, Stopping threads took: 0.0000194 seconds
2017-08-01T00:21:47.467+0000: 5459.040: Total time for which application threads were stopped: 0.0001302 seconds, Stopping threads took: 0.0000532 seconds
2017-08-01T00:21:47.467+0000: 5459.040: Total time for which application threads were stopped: 0.0001102 seconds, Stopping threads took: 0.0000296 seconds
2017-08-01T00:21:48.486+0000: 5460.060: Total time for which application threads were stopped: 0.0001800 seconds, Stopping threads took: 0.0000559 seconds
2017-08-01T00:21:48.487+0000: 5460.060: Total time for which application threads were stopped: 0.0003258 seconds, Stopping threads took: 0.0000561 seconds
2017-08-01T00:21:48.487+0000: 5460.060: Total time for which application threads were stopped: 0.0000711 seconds, Stopping threads took: 0.0000199 seconds
2017-08-01T00:21:48.487+0000: 5460.060: Total time for which application threads were stopped: 0.0000849 seconds, Stopping threads took: 0.0000187 seconds
2017-08-01T00:21:48.487+0000: 5460.060: Total time for which application threads were stopped: 0.0000935 seconds, Stopping threads took: 0.0000199 seconds
2017-08-01T00:21:48.487+0000: 5460.060: Total time for which application threads were stopped: 0.0000678 seconds, Stopping threads took: 0.0000193 seconds
{Heap before GC invocations=105 (full 2):
 par new generation   total 153344K, used 143097K [0x0000000080000000, 0x000000008a660000, 0x000000008a660000)
  eden space 136320K, 100% used [0x0000000080000000, 0x0000000088520000, 0x0000000088520000)
  from space 17024K,  39% used [0x00000000895c0000, 0x0000000089c5e490, 0x000000008a660000)
  to   space 17024K,   0% used [0x0000000088520000, 0x0000000088520000, 0x00000000895c0000)
 concurrent mark-sweep generation total 1926784K, used 211390K [0x000000008a660000, 0x0000000100000000, 0x0000000100000000)
 Metaspace       used 86147K, capacity 91990K, committed 92312K, reserved 1130496K
  class space    used 10440K, capacity 10834K, committed 10912K, reserved 1048576K
2017-08-01T00:22:23.996+0000: 5495.569: [GC (Allocation Failure) Before GC:
Statistics for BinaryTreeDictionary:
------------------------------------
Total Free Space: 219433400
Max   Chunk Size: 219433400
Number of Blocks: 1
Av.  Block  Size: 219433400
Tree      Height: 1
2017-08-01T00:22:23.996+0000: 5495.569: [ParNew
Desired survivor size 8716288 bytes, new threshold 6 (max 6)
- age   1:    1455112 bytes,    1455112 total
- age   2:     708560 bytes,    2163672 total
- age   3:     630464 bytes,    2794136 total
- age   4:     637008 bytes,    3431144 total
- age   5:     575304 bytes,    4006448 total
- age   6:     561120 bytes,    4567568 total
: 143097K->4554K(153344K), 0.0246265 secs] 354487K->216536K(2080128K)After GC:
Statistics for BinaryTreeDictionary:
------------------------------------
Total Free Space: 219361812
Max   Chunk Size: 219361812
Number of Blocks: 1
Av.  Block  Size: 219361812
Tree      Height: 1
, 0.0247232 secs] [Times: user=0.06 sys=0.00, real=0.02 secs] 
Heap after GC invocations=106 (full 2):
 par new generation   total 153344K, used 4554K [0x0000000080000000, 0x000000008a660000, 0x000000008a660000)
  eden space 136320K,   0% used [0x0000000080000000, 0x0000000080000000, 0x0000000088520000)
  from space 17024K,  26% used [0x0000000088520000, 0x00000000889929b0, 0x00000000895c0000)
  to   space 17024K,   0% used [0x00000000895c0000, 0x00000000895c0000, 0x000000008a660000)
 concurrent mark-sweep generation total 1926784K, used 211982K [0x000000008a660000, 0x0000000100000000, 0x0000000100000000)
 Metaspace       used 86147K, capacity 91990K, committed 92312K, reserved 1130496K
  class space    used 10440K, capacity 10834K, committed 10912K, reserved 1048576K
}
2017-08-01T00:22:24.021+0000: 5495.594: Total time for which application threads were stopped: 0.0250148 seconds, Stopping threads took: 0.0000732 seconds
2017-08-01T00:22:24.021+0000: 5495.595: Total time for which application threads were stopped: 0.0001308 seconds, Stopping threads took: 0.0000227 seconds
2017-08-01T00:22:24.022+0000: 5495.595: Total time for which application threads were stopped: 0.0001139 seconds, Stopping threads took: 0.0000541 seconds
2017-08-01T00:22:24.022+0000: 5495.595: Total time for which application threads were stopped: 0.0000761 seconds, Stopping threads took: 0.0000244 seconds
2017-08-01T00:22:24.022+0000: 5495.595: Total time for which application threads were stopped: 0.0001294 seconds, Stopping threads took: 0.0000531 seconds
2017-08-01T00:22:24.022+0000: 5495.595: Total time for which application threads were stopped: 0.0000795 seconds, Stopping threads took: 0.0000283 seconds
2017-08-01T00:22:24.022+0000: 5495.595: Total time for which application threads were stopped: 0.0001033 seconds, Stopping threads took: 0.0000255 seconds
2017-08-01T00:22:24.023+0000: 5495.596: Total time for which application threads were stopped: 0.0001092 seconds, Stopping threads took: 0.0000393 seconds
2017-08-01T00:22:24.023+0000: 5495.596: Total time for which application threads were stopped: 0.0000822 seconds, Stopping threads took: 0.0000205 seconds
2017-08-01T00:22:24.023+0000: 5495.596: Total time for which application threads were stopped: 0.0001162 seconds, Stopping threads took: 0.0000560 seconds
2017-08-01T00:22:24.023+0000: 5495.596: Total time for which application threads were stopped: 0.0000696 seconds, Stopping threads took: 0.0000213 seconds
2017-08-01T00:22:24.023+0000: 5495.597: Total time for which application threads were stopped: 0.0000809 seconds, Stopping threads took: 0.0000265 seconds
2017-08-01T00:22:24.024+0000: 5495.597: Total time for which application threads were stopped: 0.0001232 seconds, Stopping threads took: 0.0000594 seconds
2017-08-01T00:22:24.024+0000: 5495.598: Total time for which application threads were stopped: 0.0001226 seconds, Stopping threads took: 0.0000622 seconds
2017-08-01T00:22:24.024+0000: 5495.598: Total time for which application threads were stopped: 0.0001196 seconds, Stopping threads took: 0.0000223 seconds
2017-08-01T00:22:24.025+0000: 5495.598: Total time for which application threads were stopped: 0.0001172 seconds, Stopping threads took: 0.0000506 seconds
2017-08-01T00:22:24.031+0000: 5495.605: Total time for which application threads were stopped: 0.0001058 seconds, Stopping threads took: 0.0000414 seconds
2017-08-01T00:22:24.034+0000: 5495.607: Total time for which application threads were stopped: 0.0000934 seconds, Stopping threads took: 0.0000228 seconds
2017-08-01T00:22:24.034+0000: 5495.607: Total time for which application threads were stopped: 0.0000707 seconds, Stopping threads took: 0.0000238 seconds
2017-08-01T00:22:24.034+0000: 5495.608: Total time for which application threads were stopped: 0.0001032 seconds, Stopping threads took: 0.0000397 seconds
2017-08-01T00:22:24.035+0000: 5495.608: Total time for which application threads were stopped: 0.0002195 seconds, Stopping threads took: 0.0000419 seconds
2017-08-01T00:23:28.057+0000: 5559.631: Total time for which application threads were stopped: 0.0001442 seconds, Stopping threads took: 0.0000437 seconds
2017-08-01T00:23:30.058+0000: 5561.631: Total time for which application threads were stopped: 0.0002754 seconds, Stopping threads took: 0.0000664 seconds
2017-08-01T00:23:31.058+0000: 5562.632: Total time for which application threads were stopped: 0.0001508 seconds, Stopping threads took: 0.0000380 seconds
2017-08-01T00:23:32.059+0000: 5563.632: Total time for which application threads were stopped: 0.0001604 seconds, Stopping threads took: 0.0000449 seconds
2017-08-01T00:23:38.059+0000: 5569.633: Total time for which application threads were stopped: 0.0001450 seconds, Stopping threads took: 0.0000465 seconds
{Heap before GC invocations=106 (full 2):
 par new generation   total 153344K, used 140874K [0x0000000080000000, 0x000000008a660000, 0x000000008a660000)
  eden space 136320K, 100% used [0x0000000080000000, 0x0000000088520000, 0x0000000088520000)
  from space 17024K,  26% used [0x0000000088520000, 0x00000000889929b0, 0x00000000895c0000)
  to   space 17024K,   0% used [0x00000000895c0000, 0x00000000895c0000, 0x000000008a660000)
 concurrent mark-sweep generation total 1926784K, used 211982K [0x000000008a660000, 0x0000000100000000, 0x0000000100000000)
 Metaspace       used 86149K, capacity 91990K, committed 92312K, reserved 1130496K
  class space    used 10440K, capacity 10834K, committed 10912K, reserved 1048576K
2017-08-01T00:23:44.566+0000: 5576.139: [GC (Allocation Failure) Before GC:
Statistics for BinaryTreeDictionary:
------------------------------------
Total Free Space: 219361812
Max   Chunk Size: 219361812
Number of Blocks: 1
Av.  Block  Size: 219361812
Tree      Height: 1
2017-08-01T00:23:44.566+0000: 5576.139: [ParNew
Desired survivor size 8716288 bytes, new threshold 6 (max 6)
- age   1:    1398928 bytes,    1398928 total
- age   2:     754080 bytes,    2153008 total
- age   3:     631880 bytes,    2784888 total
- age   4:     602752 bytes,    3387640 total
- age   5:     575648 bytes,    3963288 total
- age   6:     565496 bytes,    4528784 total
: 140874K->6696K(153344K), 0.0225364 secs] 352856K->219230K(2080128K)After GC:
Statistics for BinaryTreeDictionary:
------------------------------------
Total Free Space: 219288004
Max   Chunk Size: 219288004
Number of Blocks: 1
Av.  Block  Size: 219288004
Tree      Height: 1
, 0.0226303 secs] [Times: user=0.05 sys=0.00, real=0.02 secs] 
Heap after GC invocations=107 (full 2):
 par new generation   total 153344K, used 6696K [0x0000000080000000, 0x000000008a660000, 0x000000008a660000)
  eden space 136320K,   0% used [0x0000000080000000, 0x0000000080000000, 0x0000000088520000)
  from space 17024K,  39% used [0x00000000895c0000, 0x0000000089c4a220, 0x000000008a660000)
  to   space 17024K,   0% used [0x0000000088520000, 0x0000000088520000, 0x00000000895c0000)
 concurrent mark-sweep generation total 1926784K, used 212533K [0x000000008a660000, 0x0000000100000000, 0x0000000100000000)
 Metaspace       used 86149K, capacity 91990K, committed 92312K, reserved 1130496K
  class space    used 10440K, capacity 10834K, committed 10912K, reserved 1048576K
}
2017-08-01T00:23:44.588+0000: 5576.162: Total time for which application threads were stopped: 0.0228754 seconds, Stopping threads took: 0.0000417 seconds
2017-08-01T00:23:44.589+0000: 5576.163: Total time for which application threads were stopped: 0.0001337 seconds, Stopping threads took: 0.0000352 seconds
2017-08-01T00:23:44.589+0000: 5576.163: Total time for which application threads were stopped: 0.0000769 seconds, Stopping threads took: 0.0000240 seconds
2017-08-01T00:23:44.590+0000: 5576.163: Total time for which application threads were stopped: 0.0000832 seconds, Stopping threads took: 0.0000188 seconds
2017-08-01T00:23:44.590+0000: 5576.163: Total time for which application threads were stopped: 0.0000985 seconds, Stopping threads took: 0.0000393 seconds
2017-08-01T00:23:44.590+0000: 5576.163: Total time for which application threads were stopped: 0.0001253 seconds, Stopping threads took: 0.0000186 seconds
2017-08-01T00:23:44.590+0000: 5576.163: Total time for which application threads were stopped: 0.0000750 seconds, Stopping threads took: 0.0000198 seconds
2017-08-01T00:23:44.590+0000: 5576.163: Total time for which application threads were stopped: 0.0000668 seconds, Stopping threads took: 0.0000184 seconds
2017-08-01T00:23:44.590+0000: 5576.164: Total time for which application threads were stopped: 0.0000959 seconds, Stopping threads took: 0.0000236 seconds
2017-08-01T00:23:44.591+0000: 5576.164: Total time for which application threads were stopped: 0.0000891 seconds, Stopping threads took: 0.0000140 seconds
2017-08-01T00:23:44.591+0000: 5576.164: Total time for which application threads were stopped: 0.0000973 seconds, Stopping threads took: 0.0000121 seconds
2017-08-01T00:23:44.591+0000: 5576.164: Total time for which application threads were stopped: 0.0000870 seconds, Stopping threads took: 0.0000138 seconds
2017-08-01T00:23:44.592+0000: 5576.165: Total time for which application threads were stopped: 0.0000954 seconds, Stopping threads took: 0.0000153 seconds
2017-08-01T00:23:44.592+0000: 5576.166: Total time for which application threads were stopped: 0.0001016 seconds, Stopping threads took: 0.0000130 seconds
2017-08-01T00:23:44.592+0000: 5576.166: Total time for which application threads were stopped: 0.0000834 seconds, Stopping threads took: 0.0000126 seconds
2017-08-01T00:23:44.592+0000: 5576.166: Total time for which application threads were stopped: 0.0000950 seconds, Stopping threads took: 0.0000127 seconds
2017-08-01T00:23:44.593+0000: 5576.166: Total time for which application threads were stopped: 0.0000847 seconds, Stopping threads took: 0.0000124 seconds
2017-08-01T00:23:44.593+0000: 5576.166: Total time for which application threads were stopped: 0.0000921 seconds, Stopping threads took: 0.0000112 seconds
2017-08-01T00:23:44.593+0000: 5576.166: Total time for which application threads were stopped: 0.0000884 seconds, Stopping threads took: 0.0000123 seconds
2017-08-01T00:23:44.594+0000: 5576.167: Total time for which application threads were stopped: 0.0010704 seconds, Stopping threads took: 0.0010011 seconds
2017-08-01T00:23:44.594+0000: 5576.167: Total time for which application threads were stopped: 0.0002418 seconds, Stopping threads took: 0.0000256 seconds
2017-08-01T00:24:03.597+0000: 5595.170: Total time for which application threads were stopped: 0.0001436 seconds, Stopping threads took: 0.0000421 seconds
2017-08-01T00:24:33.557+0000: 5625.130: Total time for which application threads were stopped: 0.0001803 seconds, Stopping threads took: 0.0000441 seconds
2017-08-01T00:24:33.558+0000: 5625.131: Total time for which application threads were stopped: 0.0000798 seconds, Stopping threads took: 0.0000255 seconds
2017-08-01T00:24:33.558+0000: 5625.131: Total time for which application threads were stopped: 0.0000727 seconds, Stopping threads took: 0.0000199 seconds
2017-08-01T00:24:33.558+0000: 5625.131: Total time for which application threads were stopped: 0.0000687 seconds, Stopping threads took: 0.0000197 seconds
2017-08-01T00:24:33.558+0000: 5625.131: Total time for which application threads were stopped: 0.0001198 seconds, Stopping threads took: 0.0000228 seconds
2017-08-01T00:24:33.558+0000: 5625.131: Total time for which application threads were stopped: 0.0001141 seconds, Stopping threads took: 0.0000402 seconds
2017-08-01T00:24:34.566+0000: 5626.139: Total time for which application threads were stopped: 0.0001848 seconds, Stopping threads took: 0.0000435 seconds
2017-08-01T00:24:34.566+0000: 5626.139: Total time for which application threads were stopped: 0.0000726 seconds, Stopping threads took: 0.0000224 seconds
2017-08-01T00:24:34.566+0000: 5626.140: Total time for which application threads were stopped: 0.0003086 seconds, Stopping threads took: 0.0000233 seconds
2017-08-01T00:24:34.567+0000: 5626.140: Total time for which application threads were stopped: 0.0001800 seconds, Stopping threads took: 0.0000222 seconds
2017-08-01T00:24:34.567+0000: 5626.140: Total time for which application threads were stopped: 0.0001969 seconds, Stopping threads took: 0.0000228 seconds
2017-08-01T00:24:34.567+0000: 5626.140: Total time for which application threads were stopped: 0.0001638 seconds, Stopping threads took: 0.0000218 seconds
2017-08-01T00:24:42.886+0000: 5634.459: Total time for which application threads were stopped: 0.0001732 seconds, Stopping threads took: 0.0000443 seconds
2017-08-01T00:24:42.886+0000: 5634.459: Total time for which application threads were stopped: 0.0000711 seconds, Stopping threads took: 0.0000199 seconds
2017-08-01T00:24:42.886+0000: 5634.460: Total time for which application threads were stopped: 0.0000975 seconds, Stopping threads took: 0.0000209 seconds
2017-08-01T00:24:42.886+0000: 5634.460: Total time for which application threads were stopped: 0.0000668 seconds, Stopping threads took: 0.0000182 seconds
{Heap before GC invocations=107 (full 2):
 par new generation   total 153344K, used 143016K [0x0000000080000000, 0x000000008a660000, 0x000000008a660000)
  eden space 136320K, 100% used [0x0000000080000000, 0x0000000088520000, 0x0000000088520000)
  from space 17024K,  39% used [0x00000000895c0000, 0x0000000089c4a220, 0x000000008a660000)
  to   space 17024K,   0% used [0x0000000088520000, 0x0000000088520000, 0x00000000895c0000)
 concurrent mark-sweep generation total 1926784K, used 212533K [0x000000008a660000, 0x0000000100000000, 0x0000000100000000)
 Metaspace       used 86150K, capacity 91990K, committed 92312K, reserved 1130496K
  class space    used 10440K, capacity 10834K, committed 10912K, reserved 1048576K
2017-08-01T00:24:56.416+0000: 5647.989: [GC (Allocation Failure) Before GC:
Statistics for BinaryTreeDictionary:
------------------------------------
Total Free Space: 219288004
Max   Chunk Size: 219288004
Number of Blocks: 1
Av.  Block  Size: 219288004
Tree      Height: 1
2017-08-01T00:24:56.416+0000: 5647.989: [ParNew
Desired survivor size 8716288 bytes, new threshold 6 (max 6)
- age   1:    1423968 bytes,    1423968 total
- age   2:     710608 bytes,    2134576 total
- age   3:     696112 bytes,    2830688 total
- age   4:     561128 bytes,    3391816 total
- age   5:     586416 bytes,    3978232 total
- age   6:     566888 bytes,    4545120 total
: 143016K->6582K(153344K), 0.0280726 secs] 355550K->219672K(2080128K)After GC:
Statistics for BinaryTreeDictionary:
------------------------------------
Total Free Space: 219219609
Max   Chunk Size: 219219609
Number of Blocks: 1
Av.  Block  Size: 219219609
Tree      Height: 1
, 0.0281667 secs] [Times: user=0.05 sys=0.00, real=0.03 secs] 
Heap after GC invocations=108 (full 2):
 par new generation   total 153344K, used 6582K [0x0000000080000000, 0x000000008a660000, 0x000000008a660000)
  eden space 136320K,   0% used [0x0000000080000000, 0x0000000080000000, 0x0000000088520000)
  from space 17024K,  38% used [0x0000000088520000, 0x0000000088b8d870, 0x00000000895c0000)
  to   space 17024K,   0% used [0x00000000895c0000, 0x00000000895c0000, 0x000000008a660000)
 concurrent mark-sweep generation total 1926784K, used 213090K [0x000000008a660000, 0x0000000100000000, 0x0000000100000000)
 Metaspace       used 86150K, capacity 91990K, committed 92312K, reserved 1130496K
  class space    used 10440K, capacity 10834K, committed 10912K, reserved 1048576K
}
2017-08-01T00:24:56.444+0000: 5648.018: Total time for which application threads were stopped: 0.0284151 seconds, Stopping threads took: 0.0000532 seconds
2017-08-01T00:24:56.445+0000: 5648.018: Total time for which application threads were stopped: 0.0001555 seconds, Stopping threads took: 0.0000402 seconds
2017-08-01T00:24:56.445+0000: 5648.018: Total time for which application threads were stopped: 0.0001103 seconds, Stopping threads took: 0.0000499 seconds
2017-08-01T00:24:56.445+0000: 5648.018: Total time for which application threads were stopped: 0.0000832 seconds, Stopping threads took: 0.0000244 seconds
2017-08-01T00:24:56.445+0000: 5648.018: Total time for which application threads were stopped: 0.0000707 seconds, Stopping threads took: 0.0000233 seconds
2017-08-01T00:24:56.446+0000: 5648.020: Total time for which application threads were stopped: 0.0001255 seconds, Stopping threads took: 0.0000663 seconds
2017-08-01T00:24:56.446+0000: 5648.020: Total time for which application threads were stopped: 0.0000665 seconds, Stopping threads took: 0.0000202 seconds
2017-08-01T00:24:56.447+0000: 5648.020: Total time for which application threads were stopped: 0.0000660 seconds, Stopping threads took: 0.0000205 seconds
2017-08-01T00:24:56.447+0000: 5648.020: Total time for which application threads were stopped: 0.0000625 seconds, Stopping threads took: 0.0000172 seconds
2017-08-01T00:24:56.447+0000: 5648.020: Total time for which application threads were stopped: 0.0001106 seconds, Stopping threads took: 0.0000433 seconds
2017-08-01T00:24:56.447+0000: 5648.020: Total time for which application threads were stopped: 0.0000758 seconds, Stopping threads took: 0.0000214 seconds
2017-08-01T00:24:56.447+0000: 5648.020: Total time for which application threads were stopped: 0.0000904 seconds, Stopping threads took: 0.0000439 seconds
2017-08-01T00:24:56.447+0000: 5648.020: Total time for which application threads were stopped: 0.0000641 seconds, Stopping threads took: 0.0000192 seconds
2017-08-01T00:24:56.447+0000: 5648.020: Total time for which application threads were stopped: 0.0000667 seconds, Stopping threads took: 0.0000217 seconds
2017-08-01T00:24:56.447+0000: 5648.021: Total time for which application threads were stopped: 0.0000658 seconds, Stopping threads took: 0.0000212 seconds
2017-08-01T00:24:56.447+0000: 5648.021: Total time for which application threads were stopped: 0.0000840 seconds, Stopping threads took: 0.0000207 seconds
2017-08-01T00:24:56.447+0000: 5648.021: Total time for which application threads were stopped: 0.0000642 seconds, Stopping threads took: 0.0000200 seconds
2017-08-01T00:24:56.448+0000: 5648.021: Total time for which application threads were stopped: 0.0000623 seconds, Stopping threads took: 0.0000180 seconds
2017-08-01T00:24:56.448+0000: 5648.021: Total time for which application threads were stopped: 0.0001080 seconds, Stopping threads took: 0.0000449 seconds
2017-08-01T00:24:56.448+0000: 5648.021: Total time for which application threads were stopped: 0.0000632 seconds, Stopping threads took: 0.0000188 seconds
2017-08-01T00:24:56.448+0000: 5648.021: Total time for which application threads were stopped: 0.0002545 seconds, Stopping threads took: 0.0000530 seconds
2017-08-01T00:25:07.449+0000: 5659.023: Total time for which application threads were stopped: 0.0001733 seconds, Stopping threads took: 0.0000444 seconds
2017-08-01T00:25:42.455+0000: 5694.028: Total time for which application threads were stopped: 0.0002000 seconds, Stopping threads took: 0.0000665 seconds
2017-08-01T00:26:04.906+0000: 5716.479: Total time for which application threads were stopped: 0.0001967 seconds, Stopping threads took: 0.0000720 seconds
2017-08-01T00:26:04.906+0000: 5716.479: Total time for which application threads were stopped: 0.0000825 seconds, Stopping threads took: 0.0000311 seconds
2017-08-01T00:26:04.906+0000: 5716.479: Total time for which application threads were stopped: 0.0000731 seconds, Stopping threads took: 0.0000218 seconds
2017-08-01T00:26:04.906+0000: 5716.479: Total time for which application threads were stopped: 0.0000687 seconds, Stopping threads took: 0.0000194 seconds
2017-08-01T00:26:04.906+0000: 5716.480: Total time for which application threads were stopped: 0.0000770 seconds, Stopping threads took: 0.0000206 seconds
2017-08-01T00:26:04.906+0000: 5716.480: Total time for which application threads were stopped: 0.0000898 seconds, Stopping threads took: 0.0000214 seconds
{Heap before GC invocations=108 (full 2):
 par new generation   total 153344K, used 142902K [0x0000000080000000, 0x000000008a660000, 0x000000008a660000)
  eden space 136320K, 100% used [0x0000000080000000, 0x0000000088520000, 0x0000000088520000)
  from space 17024K,  38% used [0x0000000088520000, 0x0000000088b8d870, 0x00000000895c0000)
  to   space 17024K,   0% used [0x00000000895c0000, 0x00000000895c0000, 0x000000008a660000)
 concurrent mark-sweep generation total 1926784K, used 213090K [0x000000008a660000, 0x0000000100000000, 0x0000000100000000)
 Metaspace       used 86162K, capacity 91990K, committed 92312K, reserved 1130496K
  class space    used 10440K, capacity 10834K, committed 10912K, reserved 1048576K
2017-08-01T00:26:16.381+0000: 5727.955: [GC (Allocation Failure) Before GC:
Statistics for BinaryTreeDictionary:
------------------------------------
Total Free Space: 219219609
Max   Chunk Size: 219219609
Number of Blocks: 1
Av.  Block  Size: 219219609
Tree      Height: 1
2017-08-01T00:26:16.381+0000: 5727.955: [ParNew
Desired survivor size 8716288 bytes, new threshold 6 (max 6)
- age   1:    1526192 bytes,    1526192 total
- age   2:     717120 bytes,    2243312 total
- age   3:     652328 bytes,    2895640 total
- age   4:     638632 bytes,    3534272 total
- age   5:     544192 bytes,    4078464 total
- age   6:     576552 bytes,    4655016 total
: 142902K->6681K(153344K), 0.0234908 secs] 355992K->220328K(2080128K)After GC:
Statistics for BinaryTreeDictionary:
------------------------------------
Total Free Space: 219145721
Max   Chunk Size: 219145721
Number of Blocks: 1
Av.  Block  Size: 219145721
Tree      Height: 1
, 0.0235726 secs] [Times: user=0.05 sys=0.00, real=0.03 secs] 
Heap after GC invocations=109 (full 2):
 par new generation   total 153344K, used 6681K [0x0000000080000000, 0x000000008a660000, 0x000000008a660000)
  eden space 136320K,   0% used [0x0000000080000000, 0x0000000080000000, 0x0000000088520000)
  from space 17024K,  39% used [0x00000000895c0000, 0x0000000089c464c8, 0x000000008a660000)
  to   space 17024K,   0% used [0x0000000088520000, 0x0000000088520000, 0x00000000895c0000)
 concurrent mark-sweep generation total 1926784K, used 213647K [0x000000008a660000, 0x0000000100000000, 0x0000000100000000)
 Metaspace       used 86162K, capacity 91990K, committed 92312K, reserved 1130496K
  class space    used 10440K, capacity 10834K, committed 10912K, reserved 1048576K
}
2017-08-01T00:26:16.405+0000: 5727.978: Total time for which application threads were stopped: 0.0238334 seconds, Stopping threads took: 0.0000643 seconds
2017-08-01T00:26:16.405+0000: 5727.978: Total time for which application threads were stopped: 0.0001623 seconds, Stopping threads took: 0.0000580 seconds
2017-08-01T00:26:16.405+0000: 5727.979: Total time for which application threads were stopped: 0.0000939 seconds, Stopping threads took: 0.0000334 seconds
2017-08-01T00:26:16.405+0000: 5727.979: Total time for which application threads were stopped: 0.0000719 seconds, Stopping threads took: 0.0000231 seconds
2017-08-01T00:26:16.406+0000: 5727.979: Total time for which application threads were stopped: 0.0001043 seconds, Stopping threads took: 0.0000384 seconds
2017-08-01T00:26:16.406+0000: 5727.979: Total time for which application threads were stopped: 0.0001051 seconds, Stopping threads took: 0.0000321 seconds
2017-08-01T00:26:16.406+0000: 5727.979: Total time for which application threads were stopped: 0.0000913 seconds, Stopping threads took: 0.0000349 seconds
2017-08-01T00:26:16.406+0000: 5727.979: Total time for which application threads were stopped: 0.0000720 seconds, Stopping threads took: 0.0000188 seconds
2017-08-01T00:26:16.415+0000: 5727.988: Total time for which application threads were stopped: 0.0001485 seconds, Stopping threads took: 0.0000826 seconds
2017-08-01T00:26:16.415+0000: 5727.988: Total time for which application threads were stopped: 0.0001097 seconds, Stopping threads took: 0.0000402 seconds
2017-08-01T00:26:16.415+0000: 5727.988: Total time for which application threads were stopped: 0.0000662 seconds, Stopping threads took: 0.0000190 seconds
2017-08-01T00:26:16.415+0000: 5727.988: Total time for which application threads were stopped: 0.0001052 seconds, Stopping threads took: 0.0000260 seconds
2017-08-01T00:26:16.415+0000: 5727.989: Total time for which application threads were stopped: 0.0001187 seconds, Stopping threads took: 0.0000539 seconds
2017-08-01T00:26:16.415+0000: 5727.989: Total time for which application threads were stopped: 0.0001066 seconds, Stopping threads took: 0.0000254 seconds
2017-08-01T00:26:16.416+0000: 5727.989: Total time for which application threads were stopped: 0.0001378 seconds, Stopping threads took: 0.0000770 seconds
2017-08-01T00:26:16.416+0000: 5727.989: Total time for which application threads were stopped: 0.0000871 seconds, Stopping threads took: 0.0000213 seconds
2017-08-01T00:26:16.416+0000: 5727.989: Total time for which application threads were stopped: 0.0000934 seconds, Stopping threads took: 0.0000467 seconds
2017-08-01T00:26:16.416+0000: 5727.989: Total time for which application threads were stopped: 0.0000637 seconds, Stopping threads took: 0.0000182 seconds
2017-08-01T00:26:16.416+0000: 5727.989: Total time for which application threads were stopped: 0.0000657 seconds, Stopping threads took: 0.0000197 seconds
2017-08-01T00:26:16.416+0000: 5727.990: Total time for which application threads were stopped: 0.0001090 seconds, Stopping threads took: 0.0000301 seconds
2017-08-01T00:26:16.417+0000: 5727.990: Total time for which application threads were stopped: 0.0002363 seconds, Stopping threads took: 0.0000432 seconds
2017-08-01T00:26:57.421+0000: 5768.994: Total time for which application threads were stopped: 0.0001774 seconds, Stopping threads took: 0.0000407 seconds
2017-08-01T00:27:09.423+0000: 5780.996: Total time for which application threads were stopped: 0.0001708 seconds, Stopping threads took: 0.0000437 seconds
{Heap before GC invocations=109 (full 2):
 par new generation   total 153344K, used 143001K [0x0000000080000000, 0x000000008a660000, 0x000000008a660000)
  eden space 136320K, 100% used [0x0000000080000000, 0x0000000088520000, 0x0000000088520000)
  from space 17024K,  39% used [0x00000000895c0000, 0x0000000089c464c8, 0x000000008a660000)
  to   space 17024K,   0% used [0x0000000088520000, 0x0000000088520000, 0x00000000895c0000)
 concurrent mark-sweep generation total 1926784K, used 213647K [0x000000008a660000, 0x0000000100000000, 0x0000000100000000)
 Metaspace       used 86189K, capacity 91990K, committed 92312K, reserved 1130496K
  class space    used 10440K, capacity 10834K, committed 10912K, reserved 1048576K
2017-08-01T00:27:37.105+0000: 5808.679: [GC (Allocation Failure) Before GC:
Statistics for BinaryTreeDictionary:
------------------------------------
Total Free Space: 219145721
Max   Chunk Size: 219145721
Number of Blocks: 1
Av.  Block  Size: 219145721
Tree      Height: 1
2017-08-01T00:27:37.105+0000: 5808.679: [ParNew
Desired survivor size 8716288 bytes, new threshold 6 (max 6)
- age   1:    1517736 bytes,    1517736 total
- age   2:     781832 bytes,    2299568 total
- age   3:     632728 bytes,    2932296 total
- age   4:     622192 bytes,    3554488 total
- age   5:     574136 bytes,    4128624 total
- age   6:     534808 bytes,    4663432 total
: 143001K->6762K(153344K), 0.0235590 secs] 356648K->220977K(2080128K)After GC:
Statistics for BinaryTreeDictionary:
------------------------------------
Total Free Space: 219075773
Max   Chunk Size: 219075773
Number of Blocks: 1
Av.  Block  Size: 219075773
Tree      Height: 1
, 0.0236489 secs] [Times: user=0.05 sys=0.00, real=0.02 secs] 
Heap after GC invocations=110 (full 2):
 par new generation   total 153344K, used 6762K [0x0000000080000000, 0x000000008a660000, 0x000000008a660000)
  eden space 136320K,   0% used [0x0000000080000000, 0x0000000080000000, 0x0000000088520000)
  from space 17024K,  39% used [0x0000000088520000, 0x0000000088bbabb0, 0x00000000895c0000)
  to   space 17024K,   0% used [0x00000000895c0000, 0x00000000895c0000, 0x000000008a660000)
 concurrent mark-sweep generation total 1926784K, used 214214K [0x000000008a660000, 0x0000000100000000, 0x0000000100000000)
 Metaspace       used 86189K, capacity 91990K, committed 92312K, reserved 1130496K
  class space    used 10440K, capacity 10834K, committed 10912K, reserved 1048576K
}
2017-08-01T00:27:37.129+0000: 5808.702: Total time for which application threads were stopped: 0.0238996 seconds, Stopping threads took: 0.0000409 seconds
2017-08-01T00:27:37.129+0000: 5808.703: Total time for which application threads were stopped: 0.0001328 seconds, Stopping threads took: 0.0000362 seconds
2017-08-01T00:27:37.130+0000: 5808.703: Total time for which application threads were stopped: 0.0001127 seconds, Stopping threads took: 0.0000264 seconds
2017-08-01T00:27:37.130+0000: 5808.703: Total time for which application threads were stopped: 0.0001045 seconds, Stopping threads took: 0.0000426 seconds
2017-08-01T00:27:37.130+0000: 5808.703: Total time for which application threads were stopped: 0.0000747 seconds, Stopping threads took: 0.0000215 seconds
2017-08-01T00:27:37.130+0000: 5808.703: Total time for which application threads were stopped: 0.0000695 seconds, Stopping threads took: 0.0000194 seconds
2017-08-01T00:27:37.130+0000: 5808.703: Total time for which application threads were stopped: 0.0001239 seconds, Stopping threads took: 0.0000587 seconds
2017-08-01T00:27:37.130+0000: 5808.703: Total time for which application threads were stopped: 0.0000714 seconds, Stopping threads took: 0.0000204 seconds
2017-08-01T00:27:37.130+0000: 5808.704: Total time for which application threads were stopped: 0.0000785 seconds, Stopping threads took: 0.0000302 seconds
2017-08-01T00:27:37.130+0000: 5808.704: Total time for which application threads were stopped: 0.0001039 seconds, Stopping threads took: 0.0000458 seconds
2017-08-01T00:27:37.131+0000: 5808.704: Total time for which application threads were stopped: 0.0000948 seconds, Stopping threads took: 0.0000304 seconds
2017-08-01T00:27:37.131+0000: 5808.704: Total time for which application threads were stopped: 0.0001303 seconds, Stopping threads took: 0.0000716 seconds
2017-08-01T00:27:37.131+0000: 5808.704: Total time for which application threads were stopped: 0.0001082 seconds, Stopping threads took: 0.0000511 seconds
2017-08-01T00:27:37.131+0000: 5808.704: Total time for which application threads were stopped: 0.0000669 seconds, Stopping threads took: 0.0000200 seconds
2017-08-01T00:27:37.131+0000: 5808.704: Total time for which application threads were stopped: 0.0000647 seconds, Stopping threads took: 0.0000188 seconds
2017-08-01T00:27:37.131+0000: 5808.704: Total time for which application threads were stopped: 0.0001152 seconds, Stopping threads took: 0.0000518 seconds
2017-08-01T00:27:37.131+0000: 5808.705: Total time for which application threads were stopped: 0.0000916 seconds, Stopping threads took: 0.0000291 seconds
2017-08-01T00:27:37.131+0000: 5808.705: Total time for which application threads were stopped: 0.0000694 seconds, Stopping threads took: 0.0000211 seconds
2017-08-01T00:27:37.131+0000: 5808.705: Total time for which application threads were stopped: 0.0000668 seconds, Stopping threads took: 0.0000184 seconds
2017-08-01T00:27:37.132+0000: 5808.705: Total time for which application threads were stopped: 0.0001151 seconds, Stopping threads took: 0.0000559 seconds
2017-08-01T00:27:37.132+0000: 5808.705: Total time for which application threads were stopped: 0.0002582 seconds, Stopping threads took: 0.0000196 seconds
2017-08-01T00:27:48.133+0000: 5819.706: Total time for which application threads were stopped: 0.0001442 seconds, Stopping threads took: 0.0000412 seconds
2017-08-01T00:28:29.966+0000: 5861.539: Total time for which application threads were stopped: 0.0002139 seconds, Stopping threads took: 0.0000623 seconds
2017-08-01T00:28:29.966+0000: 5861.539: Total time for which application threads were stopped: 0.0000865 seconds, Stopping threads took: 0.0000327 seconds
2017-08-01T00:28:29.966+0000: 5861.539: Total time for which application threads were stopped: 0.0000748 seconds, Stopping threads took: 0.0000222 seconds
2017-08-01T00:28:29.966+0000: 5861.539: Total time for which application threads were stopped: 0.0000739 seconds, Stopping threads took: 0.0000232 seconds
2017-08-01T00:28:29.966+0000: 5861.540: Total time for which application threads were stopped: 0.0000796 seconds, Stopping threads took: 0.0000185 seconds
2017-08-01T00:28:29.966+0000: 5861.540: Total time for which application threads were stopped: 0.0000715 seconds, Stopping threads took: 0.0000204 seconds
{Heap before GC invocations=110 (full 2):
 par new generation   total 153344K, used 143082K [0x0000000080000000, 0x000000008a660000, 0x000000008a660000)
  eden space 136320K, 100% used [0x0000000080000000, 0x0000000088520000, 0x0000000088520000)
  from space 17024K,  39% used [0x0000000088520000, 0x0000000088bbabb0, 0x00000000895c0000)
  to   space 17024K,   0% used [0x00000000895c0000, 0x00000000895c0000, 0x000000008a660000)
 concurrent mark-sweep generation total 1926784K, used 214214K [0x000000008a660000, 0x0000000100000000, 0x0000000100000000)
 Metaspace       used 86191K, capacity 91990K, committed 92312K, reserved 1130496K
  class space    used 10440K, capacity 10834K, committed 10912K, reserved 1048576K
2017-08-01T00:28:50.676+0000: 5882.249: [GC (Allocation Failure) Before GC:
Statistics for BinaryTreeDictionary:
------------------------------------
Total Free Space: 219075773
Max   Chunk Size: 219075773
Number of Blocks: 1
Av.  Block  Size: 219075773
Tree      Height: 1
2017-08-01T00:28:50.676+0000: 5882.249: [ParNew
Desired survivor size 8716288 bytes, new threshold 6 (max 6)
- age   1:    1310696 bytes,    1310696 total
- age   2:     781776 bytes,    2092472 total
- age   3:     720048 bytes,    2812520 total
- age   4:     559344 bytes,    3371864 total
- age   5:     608528 bytes,    3980392 total
- age   6:     566504 bytes,    4546896 total
: 143082K->6745K(153344K), 0.0343142 secs] 357297K->221484K(2080128K)After GC:
Statistics for BinaryTreeDictionary:
------------------------------------
Total Free Space: 219005865
Max   Chunk Size: 219005865
Number of Blocks: 1
Av.  Block  Size: 219005865
Tree      Height: 1
, 0.0344133 secs] [Times: user=0.06 sys=0.00, real=0.03 secs] 
Heap after GC invocations=111 (full 2):
 par new generation   total 153344K, used 6745K [0x0000000080000000, 0x000000008a660000, 0x000000008a660000)
  eden space 136320K,   0% used [0x0000000080000000, 0x0000000080000000, 0x0000000088520000)
  from space 17024K,  39% used [0x00000000895c0000, 0x0000000089c56688, 0x000000008a660000)
  to   space 17024K,   0% used [0x0000000088520000, 0x0000000088520000, 0x00000000895c0000)
 concurrent mark-sweep generation total 1926784K, used 214739K [0x000000008a660000, 0x0000000100000000, 0x0000000100000000)
 Metaspace       used 86191K, capacity 91990K, committed 92312K, reserved 1130496K
  class space    used 10440K, capacity 10834K, committed 10912K, reserved 1048576K
}
2017-08-01T00:28:50.711+0000: 5882.284: Total time for which application threads were stopped: 0.0363070 seconds, Stopping threads took: 0.0016422 seconds
2017-08-01T00:28:50.711+0000: 5882.284: Total time for which application threads were stopped: 0.0001721 seconds, Stopping threads took: 0.0000334 seconds
2017-08-01T00:28:50.711+0000: 5882.284: Total time for which application threads were stopped: 0.0000897 seconds, Stopping threads took: 0.0000144 seconds
2017-08-01T00:28:50.711+0000: 5882.284: Total time for which application threads were stopped: 0.0000873 seconds, Stopping threads took: 0.0000134 seconds
2017-08-01T00:28:50.711+0000: 5882.284: Total time for which application threads were stopped: 0.0000852 seconds, Stopping threads took: 0.0000130 seconds
2017-08-01T00:28:50.711+0000: 5882.285: Total time for which application threads were stopped: 0.0001354 seconds, Stopping threads took: 0.0000734 seconds
2017-08-01T00:28:50.712+0000: 5882.285: Total time for which application threads were stopped: 0.0000675 seconds, Stopping threads took: 0.0000188 seconds
2017-08-01T00:28:50.712+0000: 5882.285: Total time for which application threads were stopped: 0.0001151 seconds, Stopping threads took: 0.0000511 seconds
2017-08-01T00:28:50.712+0000: 5882.286: Total time for which application threads were stopped: 0.0000770 seconds, Stopping threads took: 0.0000244 seconds
2017-08-01T00:28:50.713+0000: 5882.286: Total time for which application threads were stopped: 0.0001336 seconds, Stopping threads took: 0.0000534 seconds
2017-08-01T00:28:50.713+0000: 5882.286: Total time for which application threads were stopped: 0.0000996 seconds, Stopping threads took: 0.0000347 seconds
2017-08-01T00:28:50.713+0000: 5882.286: Total time for which application threads were stopped: 0.0001226 seconds, Stopping threads took: 0.0000517 seconds
2017-08-01T00:28:50.713+0000: 5882.287: Total time for which application threads were stopped: 0.0001239 seconds, Stopping threads took: 0.0000446 seconds
2017-08-01T00:28:50.713+0000: 5882.287: Total time for which application threads were stopped: 0.0001010 seconds, Stopping threads took: 0.0000353 seconds
2017-08-01T00:28:50.714+0000: 5882.287: Total time for which application threads were stopped: 0.0001125 seconds, Stopping threads took: 0.0000414 seconds
2017-08-01T00:28:50.714+0000: 5882.287: Total time for which application threads were stopped: 0.0000716 seconds, Stopping threads took: 0.0000201 seconds
2017-08-01T00:28:50.714+0000: 5882.287: Total time for which application threads were stopped: 0.0001059 seconds, Stopping threads took: 0.0000447 seconds
2017-08-01T00:28:50.714+0000: 5882.287: Total time for which application threads were stopped: 0.0001078 seconds, Stopping threads took: 0.0000473 seconds
2017-08-01T00:28:50.714+0000: 5882.287: Total time for which application threads were stopped: 0.0000733 seconds, Stopping threads took: 0.0000228 seconds
2017-08-01T00:28:50.714+0000: 5882.287: Total time for which application threads were stopped: 0.0001019 seconds, Stopping threads took: 0.0000412 seconds
2017-08-01T00:28:50.714+0000: 5882.288: Total time for which application threads were stopped: 0.0002688 seconds, Stopping threads took: 0.0000509 seconds
{Heap before GC invocations=111 (full 2):
 par new generation   total 153344K, used 143065K [0x0000000080000000, 0x000000008a660000, 0x000000008a660000)
  eden space 136320K, 100% used [0x0000000080000000, 0x0000000088520000, 0x0000000088520000)
  from space 17024K,  39% used [0x00000000895c0000, 0x0000000089c56688, 0x000000008a660000)
  to   space 17024K,   0% used [0x0000000088520000, 0x0000000088520000, 0x00000000895c0000)
 concurrent mark-sweep generation total 1926784K, used 214739K [0x000000008a660000, 0x0000000100000000, 0x0000000100000000)
 Metaspace       used 86194K, capacity 91990K, committed 92312K, reserved 1130496K
  class space    used 10440K, capacity 10834K, committed 10912K, reserved 1048576K
2017-08-01T00:30:11.274+0000: 5962.848: [GC (Allocation Failure) Before GC:
Statistics for BinaryTreeDictionary:
------------------------------------
Total Free Space: 219005865
Max   Chunk Size: 219005865
Number of Blocks: 1
Av.  Block  Size: 219005865
Tree      Height: 1
2017-08-01T00:30:11.274+0000: 5962.848: [ParNew
Desired survivor size 8716288 bytes, new threshold 6 (max 6)
- age   1:    1452704 bytes,    1452704 total
- age   2:     630872 bytes,    2083576 total
- age   3:     715400 bytes,    2798976 total
- age   4:     662872 bytes,    3461848 total
- age   5:     543696 bytes,    4005544 total
- age   6:     598496 bytes,    4604040 total
: 143065K->6724K(153344K), 0.0238095 secs] 357804K->222021K(2080128K)After GC:
Statistics for BinaryTreeDictionary:
------------------------------------
Total Free Space: 218933622
Max   Chunk Size: 218933622
Number of Blocks: 1
Av.  Block  Size: 218933622
Tree      Height: 1
, 0.0238864 secs] [Times: user=0.06 sys=0.00, real=0.02 secs] 
Heap after GC invocations=112 (full 2):
 par new generation   total 153344K, used 6724K [0x0000000080000000, 0x000000008a660000, 0x000000008a660000)
  eden space 136320K,   0% used [0x0000000080000000, 0x0000000080000000, 0x0000000088520000)
  from space 17024K,  39% used [0x0000000088520000, 0x0000000088bb1160, 0x00000000895c0000)
  to   space 17024K,   0% used [0x00000000895c0000, 0x00000000895c0000, 0x000000008a660000)
 concurrent mark-sweep generation total 1926784K, used 215296K [0x000000008a660000, 0x0000000100000000, 0x0000000100000000)
 Metaspace       used 86194K, capacity 91990K, committed 92312K, reserved 1130496K
  class space    used 10440K, capacity 10834K, committed 10912K, reserved 1048576K
}
2017-08-01T00:30:11.298+0000: 5962.871: Total time for which application threads were stopped: 0.0241624 seconds, Stopping threads took: 0.0000541 seconds
2017-08-01T00:30:11.309+0000: 5962.882: Total time for which application threads were stopped: 0.0001578 seconds, Stopping threads took: 0.0000273 seconds
2017-08-01T00:30:11.309+0000: 5962.882: Total time for which application threads were stopped: 0.0000914 seconds, Stopping threads took: 0.0000278 seconds
2017-08-01T00:30:11.309+0000: 5962.882: Total time for which application threads were stopped: 0.0000674 seconds, Stopping threads took: 0.0000188 seconds
2017-08-01T00:30:11.309+0000: 5962.883: Total time for which application threads were stopped: 0.0000679 seconds, Stopping threads took: 0.0000190 seconds
2017-08-01T00:30:11.309+0000: 5962.883: Total time for which application threads were stopped: 0.0000686 seconds, Stopping threads took: 0.0000202 seconds
2017-08-01T00:30:11.310+0000: 5962.883: Total time for which application threads were stopped: 0.0000745 seconds, Stopping threads took: 0.0000256 seconds
2017-08-01T00:30:11.310+0000: 5962.883: Total time for which application threads were stopped: 0.0000872 seconds, Stopping threads took: 0.0000193 seconds
2017-08-01T00:30:11.310+0000: 5962.883: Total time for which application threads were stopped: 0.0000686 seconds, Stopping threads took: 0.0000213 seconds
2017-08-01T00:30:11.310+0000: 5962.883: Total time for which application threads were stopped: 0.0000880 seconds, Stopping threads took: 0.0000217 seconds
2017-08-01T00:30:11.310+0000: 5962.883: Total time for which application threads were stopped: 0.0000648 seconds, Stopping threads took: 0.0000183 seconds
2017-08-01T00:30:11.310+0000: 5962.883: Total time for which application threads were stopped: 0.0000668 seconds, Stopping threads took: 0.0000210 seconds
2017-08-01T00:30:11.310+0000: 5962.884: Total time for which application threads were stopped: 0.0000707 seconds, Stopping threads took: 0.0000206 seconds
2017-08-01T00:30:11.310+0000: 5962.884: Total time for which application threads were stopped: 0.0000650 seconds, Stopping threads took: 0.0000195 seconds
2017-08-01T00:30:11.310+0000: 5962.884: Total time for which application threads were stopped: 0.0000675 seconds, Stopping threads took: 0.0000198 seconds
2017-08-01T00:30:11.311+0000: 5962.884: Total time for which application threads were stopped: 0.0000654 seconds, Stopping threads took: 0.0000188 seconds
2017-08-01T00:30:11.311+0000: 5962.884: Total time for which application threads were stopped: 0.0000642 seconds, Stopping threads took: 0.0000184 seconds
2017-08-01T00:30:11.311+0000: 5962.884: Total time for which application threads were stopped: 0.0000659 seconds, Stopping threads took: 0.0000194 seconds
2017-08-01T00:30:11.311+0000: 5962.884: Total time for which application threads were stopped: 0.0000648 seconds, Stopping threads took: 0.0000184 seconds
2017-08-01T00:30:11.311+0000: 5962.884: Total time for which application threads were stopped: 0.0000900 seconds, Stopping threads took: 0.0000181 seconds
2017-08-01T00:30:11.311+0000: 5962.885: Total time for which application threads were stopped: 0.0002152 seconds, Stopping threads took: 0.0000179 seconds
2017-08-01T00:31:16.321+0000: 6027.894: Total time for which application threads were stopped: 0.0001604 seconds, Stopping threads took: 0.0000403 seconds
{Heap before GC invocations=112 (full 2):
 par new generation   total 153344K, used 143044K [0x0000000080000000, 0x000000008a660000, 0x000000008a660000)
  eden space 136320K, 100% used [0x0000000080000000, 0x0000000088520000, 0x0000000088520000)
  from space 17024K,  39% used [0x0000000088520000, 0x0000000088bb1160, 0x00000000895c0000)
  to   space 17024K,   0% used [0x00000000895c0000, 0x00000000895c0000, 0x000000008a660000)
 concurrent mark-sweep generation total 1926784K, used 215296K [0x000000008a660000, 0x0000000100000000, 0x0000000100000000)
 Metaspace       used 86197K, capacity 91990K, committed 92312K, reserved 1130496K
  class space    used 10440K, capacity 10834K, committed 10912K, reserved 1048576K
2017-08-01T00:31:30.512+0000: 6042.086: [GC (Allocation Failure) Before GC:
Statistics for BinaryTreeDictionary:
------------------------------------
Total Free Space: 218933622
Max   Chunk Size: 218933622
Number of Blocks: 1
Av.  Block  Size: 218933622
Tree      Height: 1
2017-08-01T00:31:30.512+0000: 6042.086: [ParNew
Desired survivor size 8716288 bytes, new threshold 6 (max 6)
- age   1:    1508064 bytes,    1508064 total
- age   2:     772144 bytes,    2280208 total
- age   3:     578200 bytes,    2858408 total
- age   4:     660856 bytes,    3519264 total
- age   5:     597648 bytes,    4116912 total
- age   6:     533880 bytes,    4650792 total
: 143044K->6717K(153344K), 0.0234472 secs] 358341K->222602K(2080128K)After GC:
Statistics for BinaryTreeDictionary:
------------------------------------
Total Free Space: 218858453
Max   Chunk Size: 218858453
Number of Blocks: 1
Av.  Block  Size: 218858453
Tree      Height: 1
, 0.0235366 secs] [Times: user=0.05 sys=0.00, real=0.03 secs] 
Heap after GC invocations=113 (full 2):
 par new generation   total 153344K, used 6717K [0x0000000080000000, 0x000000008a660000, 0x000000008a660000)
  eden space 136320K,   0% used [0x0000000080000000, 0x0000000080000000, 0x0000000088520000)
  from space 17024K,  39% used [0x00000000895c0000, 0x0000000089c4f690, 0x000000008a660000)
  to   space 17024K,   0% used [0x0000000088520000, 0x0000000088520000, 0x00000000895c0000)
 concurrent mark-sweep generation total 1926784K, used 215884K [0x000000008a660000, 0x0000000100000000, 0x0000000100000000)
 Metaspace       used 86197K, capacity 91990K, committed 92312K, reserved 1130496K
  class space    used 10440K, capacity 10834K, committed 10912K, reserved 1048576K
}
2017-08-01T00:31:30.536+0000: 6042.109: Total time for which application threads were stopped: 0.0238146 seconds, Stopping threads took: 0.0000393 seconds
2017-08-01T00:31:30.536+0000: 6042.109: Total time for which application threads were stopped: 0.0001303 seconds, Stopping threads took: 0.0000393 seconds
2017-08-01T00:31:30.536+0000: 6042.110: Total time for which application threads were stopped: 0.0000714 seconds, Stopping threads took: 0.0000206 seconds
2017-08-01T00:31:30.536+0000: 6042.110: Total time for which application threads were stopped: 0.0000920 seconds, Stopping threads took: 0.0000268 seconds
2017-08-01T00:31:30.537+0000: 6042.110: Total time for which application threads were stopped: 0.0001186 seconds, Stopping threads took: 0.0000542 seconds
2017-08-01T00:31:30.537+0000: 6042.110: Total time for which application threads were stopped: 0.0000688 seconds, Stopping threads took: 0.0000191 seconds
2017-08-01T00:31:30.537+0000: 6042.110: Total time for which application threads were stopped: 0.0001104 seconds, Stopping threads took: 0.0000470 seconds
2017-08-01T00:31:30.537+0000: 6042.110: Total time for which application threads were stopped: 0.0000830 seconds, Stopping threads took: 0.0000201 seconds
2017-08-01T00:31:30.537+0000: 6042.110: Total time for which application threads were stopped: 0.0001130 seconds, Stopping threads took: 0.0000450 seconds
2017-08-01T00:31:30.537+0000: 6042.110: Total time for which application threads were stopped: 0.0001081 seconds, Stopping threads took: 0.0000420 seconds
2017-08-01T00:31:30.537+0000: 6042.111: Total time for which application threads were stopped: 0.0001063 seconds, Stopping threads took: 0.0000319 seconds
2017-08-01T00:31:30.537+0000: 6042.111: Total time for which application threads were stopped: 0.0001069 seconds, Stopping threads took: 0.0000466 seconds
2017-08-01T00:31:30.538+0000: 6042.111: Total time for which application threads were stopped: 0.0001116 seconds, Stopping threads took: 0.0000466 seconds
2017-08-01T00:31:30.538+0000: 6042.111: Total time for which application threads were stopped: 0.0001054 seconds, Stopping threads took: 0.0000441 seconds
2017-08-01T00:31:30.538+0000: 6042.111: Total time for which application threads were stopped: 0.0001088 seconds, Stopping threads took: 0.0000470 seconds
2017-08-01T00:31:30.538+0000: 6042.111: Total time for which application threads were stopped: 0.0001048 seconds, Stopping threads took: 0.0000438 seconds
2017-08-01T00:31:30.538+0000: 6042.111: Total time for which application threads were stopped: 0.0001104 seconds, Stopping threads took: 0.0000456 seconds
2017-08-01T00:31:30.538+0000: 6042.112: Total time for which application threads were stopped: 0.0001229 seconds, Stopping threads took: 0.0000441 seconds
2017-08-01T00:31:30.538+0000: 6042.112: Total time for which application threads were stopped: 0.0001010 seconds, Stopping threads took: 0.0000462 seconds
2017-08-01T00:31:30.538+0000: 6042.112: Total time for which application threads were stopped: 0.0000840 seconds, Stopping threads took: 0.0000201 seconds
2017-08-01T00:31:30.539+0000: 6042.112: Total time for which application threads were stopped: 0.0002800 seconds, Stopping threads took: 0.0000440 seconds
2017-08-01T00:32:34.687+0000: 6106.260: Total time for which application threads were stopped: 0.0002358 seconds, Stopping threads took: 0.0000544 seconds
2017-08-01T00:32:34.687+0000: 6106.260: Total time for which application threads were stopped: 0.0001233 seconds, Stopping threads took: 0.0000384 seconds
2017-08-01T00:32:34.687+0000: 6106.260: Total time for which application threads were stopped: 0.0000903 seconds, Stopping threads took: 0.0000223 seconds
2017-08-01T00:32:34.687+0000: 6106.260: Total time for which application threads were stopped: 0.0000877 seconds, Stopping threads took: 0.0000186 seconds
2017-08-01T00:32:34.687+0000: 6106.260: Total time for which application threads were stopped: 0.0001107 seconds, Stopping threads took: 0.0000212 seconds
2017-08-01T00:32:34.687+0000: 6106.261: Total time for which application threads were stopped: 0.0001193 seconds, Stopping threads took: 0.0000425 seconds
2017-08-01T00:32:35.706+0000: 6107.279: Total time for which application threads were stopped: 0.0001846 seconds, Stopping threads took: 0.0000405 seconds
2017-08-01T00:32:35.706+0000: 6107.279: Total time for which application threads were stopped: 0.0000732 seconds, Stopping threads took: 0.0000211 seconds
2017-08-01T00:32:35.706+0000: 6107.280: Total time for which application threads were stopped: 0.0001014 seconds, Stopping threads took: 0.0000403 seconds
2017-08-01T00:32:35.706+0000: 6107.280: Total time for which application threads were stopped: 0.0000850 seconds, Stopping threads took: 0.0000187 seconds
2017-08-01T00:32:35.707+0000: 6107.280: Total time for which application threads were stopped: 0.0000767 seconds, Stopping threads took: 0.0000247 seconds
2017-08-01T00:32:35.707+0000: 6107.280: Total time for which application threads were stopped: 0.0000724 seconds, Stopping threads took: 0.0000206 seconds
{Heap before GC invocations=113 (full 2):
 par new generation   total 153344K, used 143037K [0x0000000080000000, 0x000000008a660000, 0x000000008a660000)
  eden space 136320K, 100% used [0x0000000080000000, 0x0000000088520000, 0x0000000088520000)
  from space 17024K,  39% used [0x00000000895c0000, 0x0000000089c4f690, 0x000000008a660000)
  to   space 17024K,   0% used [0x0000000088520000, 0x0000000088520000, 0x00000000895c0000)
 concurrent mark-sweep generation total 1926784K, used 215884K [0x000000008a660000, 0x0000000100000000, 0x0000000100000000)
 Metaspace       used 86197K, capacity 91990K, committed 92312K, reserved 1130496K
  class space    used 10440K, capacity 10834K, committed 10912K, reserved 1048576K
2017-08-01T00:32:50.661+0000: 6122.235: [GC (Allocation Failure) Before GC:
Statistics for BinaryTreeDictionary:
------------------------------------
Total Free Space: 218858453
Max   Chunk Size: 218858453
Number of Blocks: 1
Av.  Block  Size: 218858453
Tree      Height: 1
2017-08-01T00:32:50.661+0000: 6122.235: [ParNew
Desired survivor size 8716288 bytes, new threshold 6 (max 6)
- age   1:    1356472 bytes,    1356472 total
- age   2:     794744 bytes,    2151216 total
- age   3:     710024 bytes,    2861240 total
- age   4:     553328 bytes,    3414568 total
- age   5:     598752 bytes,    4013320 total
- age   6:     587120 bytes,    4600440 total
: 143037K->6721K(153344K), 0.0346856 secs] 358922K->223132K(2080128K)After GC:
Statistics for BinaryTreeDictionary:
------------------------------------
Total Free Space: 218794753
Max   Chunk Size: 218794753
Number of Blocks: 1
Av.  Block  Size: 218794753
Tree      Height: 1
, 0.0347928 secs] [Times: user=0.05 sys=0.00, real=0.04 secs] 
Heap after GC invocations=114 (full 2):
 par new generation   total 153344K, used 6721K [0x0000000080000000, 0x000000008a660000, 0x000000008a660000)
  eden space 136320K,   0% used [0x0000000080000000, 0x0000000080000000, 0x0000000088520000)
  from space 17024K,  39% used [0x0000000088520000, 0x0000000088bb05f8, 0x00000000895c0000)
  to   space 17024K,   0% used [0x00000000895c0000, 0x00000000895c0000, 0x000000008a660000)
 concurrent mark-sweep generation total 1926784K, used 216411K [0x000000008a660000, 0x0000000100000000, 0x0000000100000000)
 Metaspace       used 86197K, capacity 91990K, committed 92312K, reserved 1130496K
  class space    used 10440K, capacity 10834K, committed 10912K, reserved 1048576K
}
2017-08-01T00:32:50.696+0000: 6122.269: Total time for which application threads were stopped: 0.0350749 seconds, Stopping threads took: 0.0000393 seconds
2017-08-01T00:32:50.696+0000: 6122.270: Total time for which application threads were stopped: 0.0001985 seconds, Stopping threads took: 0.0000606 seconds
2017-08-01T00:32:50.697+0000: 6122.270: Total time for which application threads were stopped: 0.0000922 seconds, Stopping threads took: 0.0000149 seconds
2017-08-01T00:32:50.697+0000: 6122.270: Total time for which application threads were stopped: 0.0001052 seconds, Stopping threads took: 0.0000132 seconds
2017-08-01T00:32:50.697+0000: 6122.270: Total time for which application threads were stopped: 0.0000860 seconds, Stopping threads took: 0.0000311 seconds
2017-08-01T00:32:50.697+0000: 6122.270: Total time for which application threads were stopped: 0.0000926 seconds, Stopping threads took: 0.0000296 seconds
2017-08-01T00:32:50.697+0000: 6122.270: Total time for which application threads were stopped: 0.0000798 seconds, Stopping threads took: 0.0000306 seconds
2017-08-01T00:32:50.697+0000: 6122.271: Total time for which application threads were stopped: 0.0001185 seconds, Stopping threads took: 0.0000410 seconds
2017-08-01T00:32:50.697+0000: 6122.271: Total time for which application threads were stopped: 0.0001040 seconds, Stopping threads took: 0.0000138 seconds
2017-08-01T00:32:50.698+0000: 6122.271: Total time for which application threads were stopped: 0.0000969 seconds, Stopping threads took: 0.0000134 seconds
2017-08-01T00:32:50.698+0000: 6122.271: Total time for which application threads were stopped: 0.0000863 seconds, Stopping threads took: 0.0000208 seconds
2017-08-01T00:32:50.698+0000: 6122.271: Total time for which application threads were stopped: 0.0000842 seconds, Stopping threads took: 0.0000340 seconds
2017-08-01T00:32:50.698+0000: 6122.271: Total time for which application threads were stopped: 0.0000813 seconds, Stopping threads took: 0.0000288 seconds
2017-08-01T00:32:50.698+0000: 6122.271: Total time for which application threads were stopped: 0.0000943 seconds, Stopping threads took: 0.0000240 seconds
2017-08-01T00:32:50.698+0000: 6122.271: Total time for which application threads were stopped: 0.0000671 seconds, Stopping threads took: 0.0000190 seconds
2017-08-01T00:32:50.698+0000: 6122.271: Total time for which application threads were stopped: 0.0000764 seconds, Stopping threads took: 0.0000278 seconds
2017-08-01T00:32:50.698+0000: 6122.272: Total time for which application threads were stopped: 0.0000682 seconds, Stopping threads took: 0.0000201 seconds
2017-08-01T00:32:50.698+0000: 6122.272: Total time for which application threads were stopped: 0.0000844 seconds, Stopping threads took: 0.0000188 seconds
2017-08-01T00:32:50.699+0000: 6122.272: Total time for which application threads were stopped: 0.0000977 seconds, Stopping threads took: 0.0000233 seconds
2017-08-01T00:32:50.699+0000: 6122.272: Total time for which application threads were stopped: 0.0000879 seconds, Stopping threads took: 0.0000133 seconds
2017-08-01T00:32:50.699+0000: 6122.272: Total time for which application threads were stopped: 0.0002402 seconds, Stopping threads took: 0.0000125 seconds
2017-08-01T00:33:48.708+0000: 6180.281: Total time for which application threads were stopped: 0.0001758 seconds, Stopping threads took: 0.0000446 seconds
{Heap before GC invocations=114 (full 2):
 par new generation   total 153344K, used 143041K [0x0000000080000000, 0x000000008a660000, 0x000000008a660000)
  eden space 136320K, 100% used [0x0000000080000000, 0x0000000088520000, 0x0000000088520000)
  from space 17024K,  39% used [0x0000000088520000, 0x0000000088bb05f8, 0x00000000895c0000)
  to   space 17024K,   0% used [0x00000000895c0000, 0x00000000895c0000, 0x000000008a660000)
 concurrent mark-sweep generation total 1926784K, used 216411K [0x000000008a660000, 0x0000000100000000, 0x0000000100000000)
 Metaspace       used 86197K, capacity 91990K, committed 92312K, reserved 1130496K
  class space    used 10440K, capacity 10834K, committed 10912K, reserved 1048576K
2017-08-01T00:34:03.953+0000: 6195.527: [GC (Allocation Failure) Before GC:
Statistics for BinaryTreeDictionary:
------------------------------------
Total Free Space: 218794753
Max   Chunk Size: 218794753
Number of Blocks: 1
Av.  Block  Size: 218794753
Tree      Height: 1
2017-08-01T00:34:03.953+0000: 6195.527: [ParNew
Desired survivor size 8716288 bytes, new threshold 6 (max 6)
- age   1:    1455912 bytes,    1455912 total
- age   2:     660232 bytes,    2116144 total
- age   3:     735840 bytes,    2851984 total
- age   4:     656488 bytes,    3508472 total
- age   5:     542256 bytes,    4050728 total
- age   6:     589680 bytes,    4640408 total
: 143041K->6774K(153344K), 0.0236651 secs] 359452K->223762K(2080128K)After GC:
Statistics for BinaryTreeDictionary:
------------------------------------
Total Free Space: 218716711
Max   Chunk Size: 218716711
Number of Blocks: 1
Av.  Block  Size: 218716711
Tree      Height: 1
, 0.0237590 secs] [Times: user=0.05 sys=0.00, real=0.02 secs] 
Heap after GC invocations=115 (full 2):
 par new generation   total 153344K, used 6774K [0x0000000080000000, 0x000000008a660000, 0x000000008a660000)
  eden space 136320K,   0% used [0x0000000080000000, 0x0000000080000000, 0x0000000088520000)
  from space 17024K,  39% used [0x00000000895c0000, 0x0000000089c5db30, 0x000000008a660000)
  to   space 17024K,   0% used [0x0000000088520000, 0x0000000088520000, 0x00000000895c0000)
 concurrent mark-sweep generation total 1926784K, used 216987K [0x000000008a660000, 0x0000000100000000, 0x0000000100000000)
 Metaspace       used 86197K, capacity 91990K, committed 92312K, reserved 1130496K
  class space    used 10440K, capacity 10834K, committed 10912K, reserved 1048576K
}
2017-08-01T00:34:03.977+0000: 6195.550: Total time for which application threads were stopped: 0.0240255 seconds, Stopping threads took: 0.0000538 seconds
2017-08-01T00:34:03.977+0000: 6195.551: Total time for which application threads were stopped: 0.0001245 seconds, Stopping threads took: 0.0000344 seconds
2017-08-01T00:34:03.978+0000: 6195.551: Total time for which application threads were stopped: 0.0001051 seconds, Stopping threads took: 0.0000442 seconds
2017-08-01T00:34:03.978+0000: 6195.551: Total time for which application threads were stopped: 0.0000755 seconds, Stopping threads took: 0.0000193 seconds
2017-08-01T00:34:03.978+0000: 6195.551: Total time for which application threads were stopped: 0.0000760 seconds, Stopping threads took: 0.0000262 seconds
2017-08-01T00:34:03.978+0000: 6195.551: Total time for which application threads were stopped: 0.0000680 seconds, Stopping threads took: 0.0000199 seconds
2017-08-01T00:34:03.978+0000: 6195.551: Total time for which application threads were stopped: 0.0000928 seconds, Stopping threads took: 0.0000252 seconds
2017-08-01T00:34:03.978+0000: 6195.551: Total time for which application threads were stopped: 0.0000936 seconds, Stopping threads took: 0.0000258 seconds
2017-08-01T00:34:03.978+0000: 6195.551: Total time for which application threads were stopped: 0.0000710 seconds, Stopping threads took: 0.0000226 seconds
2017-08-01T00:34:03.978+0000: 6195.552: Total time for which application threads were stopped: 0.0000914 seconds, Stopping threads took: 0.0000413 seconds
2017-08-01T00:34:03.978+0000: 6195.552: Total time for which application threads were stopped: 0.0001074 seconds, Stopping threads took: 0.0000466 seconds
2017-08-01T00:34:03.979+0000: 6195.552: Total time for which application threads were stopped: 0.0000940 seconds, Stopping threads took: 0.0000363 seconds
2017-08-01T00:34:03.979+0000: 6195.552: Total time for which application threads were stopped: 0.0001142 seconds, Stopping threads took: 0.0000532 seconds
2017-08-01T00:34:03.979+0000: 6195.552: Total time for which application threads were stopped: 0.0000890 seconds, Stopping threads took: 0.0000270 seconds
2017-08-01T00:34:03.979+0000: 6195.552: Total time for which application threads were stopped: 0.0000876 seconds, Stopping threads took: 0.0000380 seconds
2017-08-01T00:34:03.979+0000: 6195.552: Total time for which application threads were stopped: 0.0000879 seconds, Stopping threads took: 0.0000278 seconds
2017-08-01T00:34:03.979+0000: 6195.552: Total time for which application threads were stopped: 0.0000728 seconds, Stopping threads took: 0.0000196 seconds
2017-08-01T00:34:03.979+0000: 6195.553: Total time for which application threads were stopped: 0.0001071 seconds, Stopping threads took: 0.0000456 seconds
2017-08-01T00:34:03.979+0000: 6195.553: Total time for which application threads were stopped: 0.0000678 seconds, Stopping threads took: 0.0000186 seconds
2017-08-01T00:34:03.980+0000: 6195.553: Total time for which application threads were stopped: 0.0000996 seconds, Stopping threads took: 0.0000401 seconds
2017-08-01T00:34:03.980+0000: 6195.553: Total time for which application threads were stopped: 0.0002507 seconds, Stopping threads took: 0.0000469 seconds
2017-08-01T00:34:40.096+0000: 6231.670: Total time for which application threads were stopped: 0.0001993 seconds, Stopping threads took: 0.0000436 seconds
2017-08-01T00:34:40.097+0000: 6231.670: Total time for which application threads were stopped: 0.0000716 seconds, Stopping threads took: 0.0000203 seconds
2017-08-01T00:34:40.097+0000: 6231.670: Total time for which application threads were stopped: 0.0000730 seconds, Stopping threads took: 0.0000208 seconds
2017-08-01T00:34:40.097+0000: 6231.670: Total time for which application threads were stopped: 0.0000861 seconds, Stopping threads took: 0.0000177 seconds
2017-08-01T00:34:40.097+0000: 6231.670: Total time for which application threads were stopped: 0.0000717 seconds, Stopping threads took: 0.0000198 seconds
2017-08-01T00:34:40.097+0000: 6231.670: Total time for which application threads were stopped: 0.0001049 seconds, Stopping threads took: 0.0000314 seconds
2017-08-01T00:34:54.099+0000: 6245.672: Total time for which application threads were stopped: 0.0001617 seconds, Stopping threads took: 0.0000576 seconds
2017-08-01T00:35:07.106+0000: 6258.679: Total time for which application threads were stopped: 0.0056440 seconds, Stopping threads took: 0.0055048 seconds
2017-08-01T00:35:13.296+0000: 6264.869: Total time for which application threads were stopped: 0.0002194 seconds, Stopping threads took: 0.0000427 seconds
2017-08-01T00:35:13.296+0000: 6264.870: Total time for which application threads were stopped: 0.0000953 seconds, Stopping threads took: 0.0000198 seconds
2017-08-01T00:35:13.296+0000: 6264.870: Total time for which application threads were stopped: 0.0001492 seconds, Stopping threads took: 0.0000801 seconds
2017-08-01T00:35:13.297+0000: 6264.870: Total time for which application threads were stopped: 0.0000859 seconds, Stopping threads took: 0.0000193 seconds
2017-08-01T00:35:13.297+0000: 6264.870: Total time for which application threads were stopped: 0.0001112 seconds, Stopping threads took: 0.0000198 seconds
2017-08-01T00:35:13.297+0000: 6264.870: Total time for which application threads were stopped: 0.0000893 seconds, Stopping threads took: 0.0000212 seconds
{Heap before GC invocations=115 (full 2):
 par new generation   total 153344K, used 143094K [0x0000000080000000, 0x000000008a660000, 0x000000008a660000)
  eden space 136320K, 100% used [0x0000000080000000, 0x0000000088520000, 0x0000000088520000)
  from space 17024K,  39% used [0x00000000895c0000, 0x0000000089c5db30, 0x000000008a660000)
  to   space 17024K,   0% used [0x0000000088520000, 0x0000000088520000, 0x00000000895c0000)
 concurrent mark-sweep generation total 1926784K, used 216987K [0x000000008a660000, 0x0000000100000000, 0x0000000100000000)
 Metaspace       used 86198K, capacity 91990K, committed 92312K, reserved 1130496K
  class space    used 10440K, capacity 10834K, committed 10912K, reserved 1048576K
2017-08-01T00:35:26.754+0000: 6278.327: [GC (Allocation Failure) Before GC:
Statistics for BinaryTreeDictionary:
------------------------------------
Total Free Space: 218716711
Max   Chunk Size: 218716711
Number of Blocks: 1
Av.  Block  Size: 218716711
Tree      Height: 1
2017-08-01T00:35:26.754+0000: 6278.327: [ParNew
Desired survivor size 8716288 bytes, new threshold 6 (max 6)
- age   1:    1482600 bytes,    1482600 total
- age   2:     734624 bytes,    2217224 total
- age   3:     610464 bytes,    2827688 total
- age   4:     677280 bytes,    3504968 total
- age   5:     592024 bytes,    4096992 total
- age   6:     533488 bytes,    4630480 total
: 143094K->6771K(153344K), 0.0230306 secs] 360082K->224340K(2080128K)After GC:
Statistics for BinaryTreeDictionary:
------------------------------------
Total Free Space: 218643995
Max   Chunk Size: 218643995
Number of Blocks: 1
Av.  Block  Size: 218643995
Tree      Height: 1
, 0.0231358 secs] [Times: user=0.06 sys=0.00, real=0.02 secs] 
Heap after GC invocations=116 (full 2):
 par new generation   total 153344K, used 6771K [0x0000000080000000, 0x000000008a660000, 0x000000008a660000)
  eden space 136320K,   0% used [0x0000000080000000, 0x0000000080000000, 0x0000000088520000)
  from space 17024K,  39% used [0x0000000088520000, 0x0000000088bbcfb0, 0x00000000895c0000)
  to   space 17024K,   0% used [0x00000000895c0000, 0x00000000895c0000, 0x000000008a660000)
 concurrent mark-sweep generation total 1926784K, used 217568K [0x000000008a660000, 0x0000000100000000, 0x0000000100000000)
 Metaspace       used 86198K, capacity 91990K, committed 92312K, reserved 1130496K
  class space    used 10440K, capacity 10834K, committed 10912K, reserved 1048576K
}
2017-08-01T00:35:26.777+0000: 6278.350: Total time for which application threads were stopped: 0.0233874 seconds, Stopping threads took: 0.0000484 seconds
2017-08-01T00:35:26.777+0000: 6278.351: Total time for which application threads were stopped: 0.0001817 seconds, Stopping threads took: 0.0000664 seconds
2017-08-01T00:35:26.788+0000: 6278.361: Total time for which application threads were stopped: 0.0002344 seconds, Stopping threads took: 0.0001026 seconds
2017-08-01T00:35:26.788+0000: 6278.361: Total time for which application threads were stopped: 0.0001248 seconds, Stopping threads took: 0.0000294 seconds
2017-08-01T00:35:26.788+0000: 6278.361: Total time for which application threads were stopped: 0.0001126 seconds, Stopping threads took: 0.0000457 seconds
2017-08-01T00:35:26.788+0000: 6278.361: Total time for which application threads were stopped: 0.0000925 seconds, Stopping threads took: 0.0000281 seconds
2017-08-01T00:35:26.788+0000: 6278.362: Total time for which application threads were stopped: 0.0001203 seconds, Stopping threads took: 0.0000487 seconds
2017-08-01T00:35:26.788+0000: 6278.362: Total time for which application threads were stopped: 0.0000752 seconds, Stopping threads took: 0.0000202 seconds
2017-08-01T00:35:26.789+0000: 6278.362: Total time for which application threads were stopped: 0.0000769 seconds, Stopping threads took: 0.0000195 seconds
2017-08-01T00:35:26.789+0000: 6278.362: Total time for which application threads were stopped: 0.0001197 seconds, Stopping threads took: 0.0000505 seconds
2017-08-01T00:35:26.789+0000: 6278.362: Total time for which application threads were stopped: 0.0001347 seconds, Stopping threads took: 0.0000644 seconds
2017-08-01T00:35:26.789+0000: 6278.362: Total time for which application threads were stopped: 0.0000825 seconds, Stopping threads took: 0.0000274 seconds
2017-08-01T00:35:26.789+0000: 6278.362: Total time for which application threads were stopped: 0.0001121 seconds, Stopping threads took: 0.0000438 seconds
2017-08-01T00:35:26.789+0000: 6278.363: Total time for which application threads were stopped: 0.0000880 seconds, Stopping threads took: 0.0000260 seconds
2017-08-01T00:35:26.789+0000: 6278.363: Total time for which application threads were stopped: 0.0000820 seconds, Stopping threads took: 0.0000246 seconds
2017-08-01T00:35:26.789+0000: 6278.363: Total time for which application threads were stopped: 0.0000771 seconds, Stopping threads took: 0.0000197 seconds
2017-08-01T00:35:26.790+0000: 6278.363: Total time for which application threads were stopped: 0.0000942 seconds, Stopping threads took: 0.0000387 seconds
2017-08-01T00:35:26.790+0000: 6278.363: Total time for which application threads were stopped: 0.0001077 seconds, Stopping threads took: 0.0000433 seconds
2017-08-01T00:35:26.790+0000: 6278.363: Total time for which application threads were stopped: 0.0001246 seconds, Stopping threads took: 0.0000570 seconds
2017-08-01T00:35:26.790+0000: 6278.363: Total time for which application threads were stopped: 0.0000928 seconds, Stopping threads took: 0.0000283 seconds
2017-08-01T00:35:26.790+0000: 6278.364: Total time for which application threads were stopped: 0.0003527 seconds, Stopping threads took: 0.0000421 seconds
{Heap before GC invocations=116 (full 2):
 par new generation   total 153344K, used 143091K [0x0000000080000000, 0x000000008a660000, 0x000000008a660000)
  eden space 136320K, 100% used [0x0000000080000000, 0x0000000088520000, 0x0000000088520000)
  from space 17024K,  39% used [0x0000000088520000, 0x0000000088bbcfb0, 0x00000000895c0000)
  to   space 17024K,   0% used [0x00000000895c0000, 0x00000000895c0000, 0x000000008a660000)
 concurrent mark-sweep generation total 1926784K, used 217568K [0x000000008a660000, 0x0000000100000000, 0x0000000100000000)
 Metaspace       used 86199K, capacity 91990K, committed 92312K, reserved 1130496K
  class space    used 10440K, capacity 10834K, committed 10912K, reserved 1048576K
2017-08-01T00:36:45.697+0000: 6357.270: [GC (Allocation Failure) Before GC:
Statistics for BinaryTreeDictionary:
------------------------------------
Total Free Space: 218643995
Max   Chunk Size: 218643995
Number of Blocks: 1
Av.  Block  Size: 218643995
Tree      Height: 1
2017-08-01T00:36:45.697+0000: 6357.270: [ParNew
Desired survivor size 8716288 bytes, new threshold 6 (max 6)
- age   1:    1518448 bytes,    1518448 total
- age   2:     762296 bytes,    2280744 total
- age   3:     683208 bytes,    2963952 total
- age   4:     580648 bytes,    3544600 total
- age   5:     614576 bytes,    4159176 total
- age   6:     581632 bytes,    4740808 total
: 143091K->6712K(153344K), 0.0238651 secs] 360660K->224804K(2080128K)After GC:
Statistics for BinaryTreeDictionary:
------------------------------------
Total Free Space: 218576812
Max   Chunk Size: 218576812
Number of Blocks: 1
Av.  Block  Size: 218576812
Tree      Height: 1
, 0.0239383 secs] [Times: user=0.05 sys=0.00, real=0.02 secs] 
Heap after GC invocations=117 (full 2):
 par new generation   total 153344K, used 6712K [0x0000000080000000, 0x000000008a660000, 0x000000008a660000)
  eden space 136320K,   0% used [0x0000000080000000, 0x0000000080000000, 0x0000000088520000)
  from space 17024K,  39% used [0x00000000895c0000, 0x0000000089c4e040, 0x000000008a660000)
  to   space 17024K,   0% used [0x0000000088520000, 0x0000000088520000, 0x00000000895c0000)
 concurrent mark-sweep generation total 1926784K, used 218092K [0x000000008a660000, 0x0000000100000000, 0x0000000100000000)
 Metaspace       used 86199K, capacity 91990K, committed 92312K, reserved 1130496K
  class space    used 10440K, capacity 10834K, committed 10912K, reserved 1048576K
}
2017-08-01T00:36:45.721+0000: 6357.294: Total time for which application threads were stopped: 0.0242187 seconds, Stopping threads took: 0.0000645 seconds
2017-08-01T00:36:45.721+0000: 6357.295: Total time for which application threads were stopped: 0.0001420 seconds, Stopping threads took: 0.0000488 seconds
2017-08-01T00:36:45.722+0000: 6357.295: Total time for which application threads were stopped: 0.0001163 seconds, Stopping threads took: 0.0000525 seconds
2017-08-01T00:36:45.722+0000: 6357.295: Total time for which application threads were stopped: 0.0001319 seconds, Stopping threads took: 0.0000656 seconds
2017-08-01T00:36:45.728+0000: 6357.301: Total time for which application threads were stopped: 0.0000966 seconds, Stopping threads took: 0.0000320 seconds
2017-08-01T00:36:45.728+0000: 6357.301: Total time for which application threads were stopped: 0.0001034 seconds, Stopping threads took: 0.0000465 seconds
2017-08-01T00:36:45.728+0000: 6357.302: Total time for which application threads were stopped: 0.0000990 seconds, Stopping threads took: 0.0000418 seconds
2017-08-01T00:36:45.728+0000: 6357.302: Total time for which application threads were stopped: 0.0001173 seconds, Stopping threads took: 0.0000594 seconds
2017-08-01T00:36:45.729+0000: 6357.302: Total time for which application threads were stopped: 0.0000883 seconds, Stopping threads took: 0.0000220 seconds
2017-08-01T00:36:45.729+0000: 6357.302: Total time for which application threads were stopped: 0.0000648 seconds, Stopping threads took: 0.0000185 seconds
2017-08-01T00:36:45.729+0000: 6357.302: Total time for which application threads were stopped: 0.0001252 seconds, Stopping threads took: 0.0000481 seconds
2017-08-01T00:36:45.729+0000: 6357.302: Total time for which application threads were stopped: 0.0001069 seconds, Stopping threads took: 0.0000457 seconds
2017-08-01T00:36:45.729+0000: 6357.302: Total time for which application threads were stopped: 0.0000954 seconds, Stopping threads took: 0.0000287 seconds
2017-08-01T00:36:45.729+0000: 6357.302: Total time for which application threads were stopped: 0.0000662 seconds, Stopping threads took: 0.0000191 seconds
2017-08-01T00:36:45.729+0000: 6357.303: Total time for which application threads were stopped: 0.0000984 seconds, Stopping threads took: 0.0000418 seconds
2017-08-01T00:36:45.729+0000: 6357.303: Total time for which application threads were stopped: 0.0000652 seconds, Stopping threads took: 0.0000187 seconds
2017-08-01T00:36:45.730+0000: 6357.303: Total time for which application threads were stopped: 0.0000981 seconds, Stopping threads took: 0.0000410 seconds
2017-08-01T00:36:45.730+0000: 6357.303: Total time for which application threads were stopped: 0.0000982 seconds, Stopping threads took: 0.0000419 seconds
2017-08-01T00:36:45.730+0000: 6357.303: Total time for which application threads were stopped: 0.0000651 seconds, Stopping threads took: 0.0000195 seconds
2017-08-01T00:36:45.730+0000: 6357.303: Total time for which application threads were stopped: 0.0001097 seconds, Stopping threads took: 0.0000536 seconds
2017-08-01T00:36:45.730+0000: 6357.303: Total time for which application threads were stopped: 0.0001936 seconds, Stopping threads took: 0.0000192 seconds
2017-08-01T00:37:23.734+0000: 6395.308: Total time for which application threads were stopped: 0.0001632 seconds, Stopping threads took: 0.0000581 seconds
2017-08-01T00:37:27.735+0000: 6399.308: Total time for which application threads were stopped: 0.0001744 seconds, Stopping threads took: 0.0000423 seconds
2017-08-01T00:37:37.456+0000: 6409.030: Total time for which application threads were stopped: 0.0002130 seconds, Stopping threads took: 0.0000405 seconds
2017-08-01T00:37:37.457+0000: 6409.030: Total time for which application threads were stopped: 0.0001220 seconds, Stopping threads took: 0.0000386 seconds
2017-08-01T00:37:37.457+0000: 6409.030: Total time for which application threads were stopped: 0.0000871 seconds, Stopping threads took: 0.0000196 seconds
2017-08-01T00:37:37.457+0000: 6409.030: Total time for which application threads were stopped: 0.0000849 seconds, Stopping threads took: 0.0000189 seconds
2017-08-01T00:37:37.457+0000: 6409.030: Total time for which application threads were stopped: 0.0001144 seconds, Stopping threads took: 0.0000357 seconds
2017-08-01T00:37:37.457+0000: 6409.030: Total time for which application threads were stopped: 0.0000850 seconds, Stopping threads took: 0.0000194 seconds
2017-08-01T00:37:41.458+0000: 6413.031: Total time for which application threads were stopped: 0.0001619 seconds, Stopping threads took: 0.0000440 seconds
2017-08-01T00:37:54.459+0000: 6426.032: Total time for which application threads were stopped: 0.0001630 seconds, Stopping threads took: 0.0000574 seconds
{Heap before GC invocations=117 (full 2):
 par new generation   total 153344K, used 143032K [0x0000000080000000, 0x000000008a660000, 0x000000008a660000)
  eden space 136320K, 100% used [0x0000000080000000, 0x0000000088520000, 0x0000000088520000)
  from space 17024K,  39% used [0x00000000895c0000, 0x0000000089c4e040, 0x000000008a660000)
  to   space 17024K,   0% used [0x0000000088520000, 0x0000000088520000, 0x00000000895c0000)
 concurrent mark-sweep generation total 1926784K, used 218092K [0x000000008a660000, 0x0000000100000000, 0x0000000100000000)
 Metaspace       used 86199K, capacity 91990K, committed 92312K, reserved 1130496K
  class space    used 10440K, capacity 10834K, committed 10912K, reserved 1048576K
2017-08-01T00:38:01.274+0000: 6432.848: [GC (Allocation Failure) Before GC:
Statistics for BinaryTreeDictionary:
------------------------------------
Total Free Space: 218576812
Max   Chunk Size: 218576812
Number of Blocks: 1
Av.  Block  Size: 218576812
Tree      Height: 1
2017-08-01T00:38:01.274+0000: 6432.848: [ParNew
Desired survivor size 8716288 bytes, new threshold 6 (max 6)
- age   1:    1415352 bytes,    1415352 total
- age   2:     709232 bytes,    2124584 total
- age   3:     711936 bytes,    2836520 total
- age   4:     632832 bytes,    3469352 total
- age   5:     567288 bytes,    4036640 total
- age   6:     604968 bytes,    4641608 total
: 143032K->6927K(153344K), 0.0225851 secs] 361124K->225591K(2080128K)After GC:
Statistics for BinaryTreeDictionary:
------------------------------------
Total Free Space: 218504948
Max   Chunk Size: 218504948
Number of Blocks: 1
Av.  Block  Size: 218504948
Tree      Height: 1
, 0.0226681 secs] [Times: user=0.05 sys=0.00, real=0.02 secs] 
Heap after GC invocations=118 (full 2):
 par new generation   total 153344K, used 6927K [0x0000000080000000, 0x000000008a660000, 0x000000008a660000)
  eden space 136320K,   0% used [0x0000000080000000, 0x0000000080000000, 0x0000000088520000)
  from space 17024K,  40% used [0x0000000088520000, 0x0000000088be3c58, 0x00000000895c0000)
  to   space 17024K,   0% used [0x00000000895c0000, 0x00000000895c0000, 0x000000008a660000)
 concurrent mark-sweep generation total 1926784K, used 218664K [0x000000008a660000, 0x0000000100000000, 0x0000000100000000)
 Metaspace       used 86199K, capacity 91990K, committed 92312K, reserved 1130496K
  class space    used 10440K, capacity 10834K, committed 10912K, reserved 1048576K
}
2017-08-01T00:38:01.297+0000: 6432.870: Total time for which application threads were stopped: 0.0229281 seconds, Stopping threads took: 0.0000613 seconds
2017-08-01T00:38:01.297+0000: 6432.871: Total time for which application threads were stopped: 0.0001491 seconds, Stopping threads took: 0.0000533 seconds
2017-08-01T00:38:01.298+0000: 6432.871: Total time for which application threads were stopped: 0.0001071 seconds, Stopping threads took: 0.0000474 seconds
2017-08-01T00:38:01.298+0000: 6432.871: Total time for which application threads were stopped: 0.0000859 seconds, Stopping threads took: 0.0000379 seconds
2017-08-01T00:38:01.298+0000: 6432.871: Total time for which application threads were stopped: 0.0000639 seconds, Stopping threads took: 0.0000178 seconds
2017-08-01T00:38:01.298+0000: 6432.871: Total time for which application threads were stopped: 0.0001041 seconds, Stopping threads took: 0.0000437 seconds
2017-08-01T00:38:01.298+0000: 6432.871: Total time for which application threads were stopped: 0.0000674 seconds, Stopping threads took: 0.0000194 seconds
2017-08-01T00:38:01.298+0000: 6432.871: Total time for which application threads were stopped: 0.0001000 seconds, Stopping threads took: 0.0000407 seconds
2017-08-01T00:38:01.298+0000: 6432.872: Total time for which application threads were stopped: 0.0000924 seconds, Stopping threads took: 0.0000277 seconds
2017-08-01T00:38:01.298+0000: 6432.872: Total time for which application threads were stopped: 0.0001031 seconds, Stopping threads took: 0.0000432 seconds
2017-08-01T00:38:01.299+0000: 6432.872: Total time for which application threads were stopped: 0.0001196 seconds, Stopping threads took: 0.0000517 seconds
2017-08-01T00:38:01.299+0000: 6432.872: Total time for which application threads were stopped: 0.0001051 seconds, Stopping threads took: 0.0000459 seconds
2017-08-01T00:38:01.299+0000: 6432.872: Total time for which application threads were stopped: 0.0001011 seconds, Stopping threads took: 0.0000400 seconds
2017-08-01T00:38:01.299+0000: 6432.872: Total time for which application threads were stopped: 0.0000940 seconds, Stopping threads took: 0.0000257 seconds
2017-08-01T00:38:01.299+0000: 6432.872: Total time for which application threads were stopped: 0.0000706 seconds, Stopping threads took: 0.0000199 seconds
2017-08-01T00:38:01.299+0000: 6432.872: Total time for which application threads were stopped: 0.0001056 seconds, Stopping threads took: 0.0000452 seconds
2017-08-01T00:38:01.299+0000: 6432.873: Total time for which application threads were stopped: 0.0000886 seconds, Stopping threads took: 0.0000395 seconds
2017-08-01T00:38:01.299+0000: 6432.873: Total time for which application threads were stopped: 0.0000677 seconds, Stopping threads took: 0.0000199 seconds
2017-08-01T00:38:01.300+0000: 6432.873: Total time for which application threads were stopped: 0.0000975 seconds, Stopping threads took: 0.0000357 seconds
2017-08-01T00:38:01.300+0000: 6432.873: Total time for which application threads were stopped: 0.0001064 seconds, Stopping threads took: 0.0000480 seconds
2017-08-01T00:38:01.300+0000: 6432.873: Total time for which application threads were stopped: 0.0002265 seconds, Stopping threads took: 0.0000320 seconds
{Heap before GC invocations=118 (full 2):
 par new generation   total 153344K, used 143247K [0x0000000080000000, 0x000000008a660000, 0x000000008a660000)
  eden space 136320K, 100% used [0x0000000080000000, 0x0000000088520000, 0x0000000088520000)
  from space 17024K,  40% used [0x0000000088520000, 0x0000000088be3c58, 0x00000000895c0000)
  to   space 17024K,   0% used [0x00000000895c0000, 0x00000000895c0000, 0x000000008a660000)
 concurrent mark-sweep generation total 1926784K, used 218664K [0x000000008a660000, 0x0000000100000000, 0x0000000100000000)
 Metaspace       used 86199K, capacity 91990K, committed 92312K, reserved 1130496K
  class space    used 10440K, capacity 10834K, committed 10912K, reserved 1048576K
2017-08-01T00:39:24.268+0000: 6515.841: [GC (Allocation Failure) Before GC:
Statistics for BinaryTreeDictionary:
------------------------------------
Total Free Space: 218504948
Max   Chunk Size: 218504948
Number of Blocks: 1
Av.  Block  Size: 218504948
Tree      Height: 1
2017-08-01T00:39:24.268+0000: 6515.841: [ParNew
Desired survivor size 8716288 bytes, new threshold 6 (max 6)
- age   1:    1442896 bytes,    1442896 total
- age   2:     702368 bytes,    2145264 total
- age   3:     649280 bytes,    2794544 total
- age   4:     656376 bytes,    3450920 total
- age   5:     569896 bytes,    4020816 total
- age   6:     555920 bytes,    4576736 total
: 143247K->4559K(153344K), 0.0225531 secs] 361911K->223820K(2080128K)After GC:
Statistics for BinaryTreeDictionary:
------------------------------------
Total Free Space: 218428998
Max   Chunk Size: 218428998
Number of Blocks: 1
Av.  Block  Size: 218428998
Tree      Height: 1
, 0.0226299 secs] [Times: user=0.06 sys=0.00, real=0.02 secs] 
Heap after GC invocations=119 (full 2):
 par new generation   total 153344K, used 4559K [0x0000000080000000, 0x000000008a660000, 0x000000008a660000)
  eden space 136320K,   0% used [0x0000000080000000, 0x0000000080000000, 0x0000000088520000)
  from space 17024K,  26% used [0x00000000895c0000, 0x0000000089a33fe8, 0x000000008a660000)
  to   space 17024K,   0% used [0x0000000088520000, 0x0000000088520000, 0x00000000895c0000)
 concurrent mark-sweep generation total 1926784K, used 219260K [0x000000008a660000, 0x0000000100000000, 0x0000000100000000)
 Metaspace       used 86199K, capacity 91990K, committed 92312K, reserved 1130496K
  class space    used 10440K, capacity 10834K, committed 10912K, reserved 1048576K
}
2017-08-01T00:39:24.290+0000: 6515.863: Total time for which application threads were stopped: 0.0229247 seconds, Stopping threads took: 0.0000745 seconds
2017-08-01T00:39:24.298+0000: 6515.871: Total time for which application threads were stopped: 0.0010838 seconds, Stopping threads took: 0.0009779 seconds
2017-08-01T00:39:24.299+0000: 6515.872: Total time for which application threads were stopped: 0.0001089 seconds, Stopping threads took: 0.0000410 seconds
2017-08-01T00:39:24.299+0000: 6515.872: Total time for which application threads were stopped: 0.0001155 seconds, Stopping threads took: 0.0000449 seconds
2017-08-01T00:39:24.299+0000: 6515.872: Total time for which application threads were stopped: 0.0001437 seconds, Stopping threads took: 0.0000621 seconds
2017-08-01T00:39:24.299+0000: 6515.873: Total time for which application threads were stopped: 0.0001289 seconds, Stopping threads took: 0.0000488 seconds
2017-08-01T00:39:24.299+0000: 6515.873: Total time for which application threads were stopped: 0.0000717 seconds, Stopping threads took: 0.0000239 seconds
2017-08-01T00:39:24.299+0000: 6515.873: Total time for which application threads were stopped: 0.0001062 seconds, Stopping threads took: 0.0000373 seconds
2017-08-01T00:39:24.300+0000: 6515.873: Total time for which application threads were stopped: 0.0000663 seconds, Stopping threads took: 0.0000201 seconds
2017-08-01T00:39:24.300+0000: 6515.873: Total time for which application threads were stopped: 0.0000672 seconds, Stopping threads took: 0.0000210 seconds
2017-08-01T00:39:24.300+0000: 6515.873: Total time for which application threads were stopped: 0.0000655 seconds, Stopping threads took: 0.0000192 seconds
2017-08-01T00:39:24.300+0000: 6515.873: Total time for which application threads were stopped: 0.0000746 seconds, Stopping threads took: 0.0000270 seconds
2017-08-01T00:39:24.300+0000: 6515.873: Total time for which application threads were stopped: 0.0000728 seconds, Stopping threads took: 0.0000243 seconds
2017-08-01T00:39:24.300+0000: 6515.873: Total time for which application threads were stopped: 0.0000922 seconds, Stopping threads took: 0.0000381 seconds
2017-08-01T00:39:24.300+0000: 6515.873: Total time for which application threads were stopped: 0.0000715 seconds, Stopping threads took: 0.0000224 seconds
2017-08-01T00:39:24.300+0000: 6515.874: Total time for which application threads were stopped: 0.0000764 seconds, Stopping threads took: 0.0000295 seconds
2017-08-01T00:39:24.300+0000: 6515.874: Total time for which application threads were stopped: 0.0001210 seconds, Stopping threads took: 0.0000593 seconds
2017-08-01T00:39:24.300+0000: 6515.874: Total time for which application threads were stopped: 0.0000662 seconds, Stopping threads took: 0.0000191 seconds
2017-08-01T00:39:24.301+0000: 6515.874: Total time for which application threads were stopped: 0.0000655 seconds, Stopping threads took: 0.0000184 seconds
2017-08-01T00:39:24.301+0000: 6515.874: Total time for which application threads were stopped: 0.0000996 seconds, Stopping threads took: 0.0000420 seconds
2017-08-01T00:39:24.301+0000: 6515.874: Total time for which application threads were stopped: 0.0002400 seconds, Stopping threads took: 0.0000324 seconds
2017-08-01T00:40:38.312+0000: 6589.885: Total time for which application threads were stopped: 0.0001867 seconds, Stopping threads took: 0.0000559 seconds
2017-08-01T00:40:39.312+0000: 6590.885: Total time for which application threads were stopped: 0.0001832 seconds, Stopping threads took: 0.0000695 seconds
{Heap before GC invocations=119 (full 2):
 par new generation   total 153344K, used 140879K [0x0000000080000000, 0x000000008a660000, 0x000000008a660000)
  eden space 136320K, 100% used [0x0000000080000000, 0x0000000088520000, 0x0000000088520000)
  from space 17024K,  26% used [0x00000000895c0000, 0x0000000089a33fe8, 0x000000008a660000)
  to   space 17024K,   0% used [0x0000000088520000, 0x0000000088520000, 0x00000000895c0000)
 concurrent mark-sweep generation total 1926784K, used 219260K [0x000000008a660000, 0x0000000100000000, 0x0000000100000000)
 Metaspace       used 86199K, capacity 91990K, committed 92312K, reserved 1130496K
  class space    used 10440K, capacity 10834K, committed 10912K, reserved 1048576K
2017-08-01T00:40:45.132+0000: 6596.706: [GC (Allocation Failure) Before GC:
Statistics for BinaryTreeDictionary:
------------------------------------
Total Free Space: 218428998
Max   Chunk Size: 218428998
Number of Blocks: 1
Av.  Block  Size: 218428998
Tree      Height: 1
2017-08-01T00:40:45.133+0000: 6596.706: [ParNew
Desired survivor size 8716288 bytes, new threshold 6 (max 6)
- age   1:    1392304 bytes,    1392304 total
- age   2:     751960 bytes,    2144264 total
- age   3:     643400 bytes,    2787664 total
- age   4:     615616 bytes,    3403280 total
- age   5:     594672 bytes,    3997952 total
- age   6:     558864 bytes,    4556816 total
: 140879K->6662K(153344K), 0.0237055 secs] 360140K->226469K(2080128K)After GC:
Statistics for BinaryTreeDictionary:
------------------------------------
Total Free Space: 218356962
Max   Chunk Size: 218356962
Number of Blocks: 1
Av.  Block  Size: 218356962
Tree      Height: 1
, 0.0237877 secs] [Times: user=0.06 sys=0.00, real=0.03 secs] 
Heap after GC invocations=120 (full 2):
 par new generation   total 153344K, used 6662K [0x0000000080000000, 0x000000008a660000, 0x000000008a660000)
  eden space 136320K,   0% used [0x0000000080000000, 0x0000000080000000, 0x0000000088520000)
  from space 17024K,  39% used [0x0000000088520000, 0x0000000088ba1bd0, 0x00000000895c0000)
  to   space 17024K,   0% used [0x00000000895c0000, 0x00000000895c0000, 0x000000008a660000)
 concurrent mark-sweep generation total 1926784K, used 219806K [0x000000008a660000, 0x0000000100000000, 0x0000000100000000)
 Metaspace       used 86199K, capacity 91990K, committed 92312K, reserved 1130496K
  class space    used 10440K, capacity 10834K, committed 10912K, reserved 1048576K
}
2017-08-01T00:40:45.156+0000: 6596.730: Total time for which application threads were stopped: 0.0240473 seconds, Stopping threads took: 0.0000446 seconds
2017-08-01T00:40:45.157+0000: 6596.730: Total time for which application threads were stopped: 0.0001686 seconds, Stopping threads took: 0.0000561 seconds
2017-08-01T00:40:45.157+0000: 6596.730: Total time for which application threads were stopped: 0.0000710 seconds, Stopping threads took: 0.0000196 seconds
2017-08-01T00:40:45.157+0000: 6596.730: Total time for which application threads were stopped: 0.0001050 seconds, Stopping threads took: 0.0000445 seconds
2017-08-01T00:40:45.157+0000: 6596.730: Total time for which application threads were stopped: 0.0000676 seconds, Stopping threads took: 0.0000183 seconds
2017-08-01T00:40:45.157+0000: 6596.730: Total time for which application threads were stopped: 0.0001090 seconds, Stopping threads took: 0.0000444 seconds
2017-08-01T00:40:45.157+0000: 6596.730: Total time for which application threads were stopped: 0.0000917 seconds, Stopping threads took: 0.0000264 seconds
2017-08-01T00:40:45.157+0000: 6596.731: Total time for which application threads were stopped: 0.0000865 seconds, Stopping threads took: 0.0000322 seconds
2017-08-01T00:40:45.157+0000: 6596.731: Total time for which application threads were stopped: 0.0001065 seconds, Stopping threads took: 0.0000435 seconds
2017-08-01T00:40:45.158+0000: 6596.731: Total time for which application threads were stopped: 0.0000805 seconds, Stopping threads took: 0.0000278 seconds
2017-08-01T00:40:45.158+0000: 6596.731: Total time for which application threads were stopped: 0.0001029 seconds, Stopping threads took: 0.0000413 seconds
2017-08-01T00:40:45.158+0000: 6596.731: Total time for which application threads were stopped: 0.0000804 seconds, Stopping threads took: 0.0000282 seconds
2017-08-01T00:40:45.158+0000: 6596.731: Total time for which application threads were stopped: 0.0000754 seconds, Stopping threads took: 0.0000253 seconds
2017-08-01T00:40:45.158+0000: 6596.732: Total time for which application threads were stopped: 0.0001255 seconds, Stopping threads took: 0.0000597 seconds
2017-08-01T00:40:45.158+0000: 6596.732: Total time for which application threads were stopped: 0.0000697 seconds, Stopping threads took: 0.0000185 seconds
2017-08-01T00:40:45.159+0000: 6596.732: Total time for which application threads were stopped: 0.0001474 seconds, Stopping threads took: 0.0000823 seconds
2017-08-01T00:40:45.159+0000: 6596.732: Total time for which application threads were stopped: 0.0000786 seconds, Stopping threads took: 0.0000144 seconds
2017-08-01T00:40:45.159+0000: 6596.732: Total time for which application threads were stopped: 0.0001001 seconds, Stopping threads took: 0.0000268 seconds
2017-08-01T00:40:45.159+0000: 6596.732: Total time for which application threads were stopped: 0.0000726 seconds, Stopping threads took: 0.0000232 seconds
2017-08-01T00:40:45.170+0000: 6596.743: Total time for which application threads were stopped: 0.0001143 seconds, Stopping threads took: 0.0000397 seconds
2017-08-01T00:40:45.170+0000: 6596.743: Total time for which application threads were stopped: 0.0002781 seconds, Stopping threads took: 0.0000418 seconds
2017-08-01T00:41:03.172+0000: 6614.745: Total time for which application threads were stopped: 0.0001760 seconds, Stopping threads took: 0.0000447 seconds
{Heap before GC invocations=120 (full 2):
 par new generation   total 153344K, used 142982K [0x0000000080000000, 0x000000008a660000, 0x000000008a660000)
  eden space 136320K, 100% used [0x0000000080000000, 0x0000000088520000, 0x0000000088520000)
  from space 17024K,  39% used [0x0000000088520000, 0x0000000088ba1bd0, 0x00000000895c0000)
  to   space 17024K,   0% used [0x00000000895c0000, 0x00000000895c0000, 0x000000008a660000)
 concurrent mark-sweep generation total 1926784K, used 219806K [0x000000008a660000, 0x0000000100000000, 0x0000000100000000)
 Metaspace       used 86199K, capacity 91990K, committed 92312K, reserved 1130496K
  class space    used 10440K, capacity 10834K, committed 10912K, reserved 1048576K
2017-08-01T00:41:58.788+0000: 6670.361: [GC (Allocation Failure) Before GC:
Statistics for BinaryTreeDictionary:
------------------------------------
Total Free Space: 218356962
Max   Chunk Size: 218356962
Number of Blocks: 1
Av.  Block  Size: 218356962
Tree      Height: 1
2017-08-01T00:41:58.788+0000: 6670.361: [ParNew
Desired survivor size 8716288 bytes, new threshold 6 (max 6)
- age   1:    1459520 bytes,    1459520 total
- age   2:     703192 bytes,    2162712 total
- age   3:     697664 bytes,    2860376 total
- age   4:     596616 bytes,    3456992 total
- age   5:     600384 bytes,    4057376 total
- age   6:     584480 bytes,    4641856 total
: 142982K->6712K(153344K), 0.0235574 secs] 362789K->227065K(2080128K)After GC:
Statistics for BinaryTreeDictionary:
------------------------------------
Total Free Space: 218288486
Max   Chunk Size: 218288486
Number of Blocks: 1
Av.  Block  Size: 218288486
Tree      Height: 1
, 0.0236394 secs] [Times: user=0.06 sys=0.00, real=0.02 secs] 
Heap after GC invocations=121 (full 2):
 par new generation   total 153344K, used 6712K [0x0000000080000000, 0x000000008a660000, 0x000000008a660000)
  eden space 136320K,   0% used [0x0000000080000000, 0x0000000080000000, 0x0000000088520000)
  from space 17024K,  39% used [0x00000000895c0000, 0x0000000089c4e100, 0x000000008a660000)
  to   space 17024K,   0% used [0x0000000088520000, 0x0000000088520000, 0x00000000895c0000)
 concurrent mark-sweep generation total 1926784K, used 220353K [0x000000008a660000, 0x0000000100000000, 0x0000000100000000)
 Metaspace       used 86199K, capacity 91990K, committed 92312K, reserved 1130496K
  class space    used 10440K, capacity 10834K, committed 10912K, reserved 1048576K
}
2017-08-01T00:41:58.811+0000: 6670.385: Total time for which application threads were stopped: 0.0238815 seconds, Stopping threads took: 0.0000459 seconds
2017-08-01T00:41:58.811+0000: 6670.385: Total time for which application threads were stopped: 0.0001284 seconds, Stopping threads took: 0.0000364 seconds
2017-08-01T00:41:58.812+0000: 6670.385: Total time for which application threads were stopped: 0.0000736 seconds, Stopping threads took: 0.0000255 seconds
2017-08-01T00:41:58.812+0000: 6670.385: Total time for which application threads were stopped: 0.0000944 seconds, Stopping threads took: 0.0000382 seconds
2017-08-01T00:41:58.812+0000: 6670.385: Total time for which application threads were stopped: 0.0000768 seconds, Stopping threads took: 0.0000183 seconds
2017-08-01T00:41:58.816+0000: 6670.389: Total time for which application threads were stopped: 0.0000987 seconds, Stopping threads took: 0.0000330 seconds
2017-08-01T00:41:58.816+0000: 6670.390: Total time for which application threads were stopped: 0.0000930 seconds, Stopping threads took: 0.0000218 seconds
2017-08-01T00:41:58.816+0000: 6670.390: Total time for which application threads were stopped: 0.0001281 seconds, Stopping threads took: 0.0000506 seconds
2017-08-01T00:41:58.817+0000: 6670.390: Total time for which application threads were stopped: 0.0000939 seconds, Stopping threads took: 0.0000336 seconds
2017-08-01T00:41:58.817+0000: 6670.390: Total time for which application threads were stopped: 0.0000850 seconds, Stopping threads took: 0.0000210 seconds
2017-08-01T00:41:58.817+0000: 6670.390: Total time for which application threads were stopped: 0.0000656 seconds, Stopping threads took: 0.0000188 seconds
2017-08-01T00:41:58.817+0000: 6670.390: Total time for which application threads were stopped: 0.0000957 seconds, Stopping threads took: 0.0000395 seconds
2017-08-01T00:41:58.817+0000: 6670.390: Total time for which application threads were stopped: 0.0001108 seconds, Stopping threads took: 0.0000395 seconds
2017-08-01T00:41:58.817+0000: 6670.390: Total time for which application threads were stopped: 0.0000679 seconds, Stopping threads took: 0.0000214 seconds
2017-08-01T00:41:58.817+0000: 6670.390: Total time for which application threads were stopped: 0.0000662 seconds, Stopping threads took: 0.0000209 seconds
2017-08-01T00:41:58.817+0000: 6670.391: Total time for which application threads were stopped: 0.0000986 seconds, Stopping threads took: 0.0000205 seconds
2017-08-01T00:41:58.817+0000: 6670.391: Total time for which application threads were stopped: 0.0000672 seconds, Stopping threads took: 0.0000210 seconds
2017-08-01T00:41:58.817+0000: 6670.391: Total time for which application threads were stopped: 0.0000671 seconds, Stopping threads took: 0.0000206 seconds
2017-08-01T00:41:58.818+0000: 6670.391: Total time for which application threads were stopped: 0.0000663 seconds, Stopping threads took: 0.0000204 seconds
2017-08-01T00:41:58.818+0000: 6670.391: Total time for which application threads were stopped: 0.0001022 seconds, Stopping threads took: 0.0000460 seconds
2017-08-01T00:41:58.818+0000: 6670.391: Total time for which application threads were stopped: 0.0002087 seconds, Stopping threads took: 0.0000186 seconds
2017-08-01T00:42:47.823+0000: 6719.397: Total time for which application threads were stopped: 0.0001711 seconds, Stopping threads took: 0.0000551 seconds
2017-08-01T00:42:48.440+0000: 6720.013: Total time for which application threads were stopped: 0.0004853 seconds, Stopping threads took: 0.0000380 seconds
2017-08-01T00:42:57.441+0000: 6729.014: Total time for which application threads were stopped: 0.0001963 seconds, Stopping threads took: 0.0000626 seconds
2017-08-01T00:43:09.443+0000: 6741.016: Total time for which application threads were stopped: 0.0001455 seconds, Stopping threads took: 0.0000417 seconds
{Heap before GC invocations=121 (full 2):
 par new generation   total 153344K, used 143032K [0x0000000080000000, 0x000000008a660000, 0x000000008a660000)
  eden space 136320K, 100% used [0x0000000080000000, 0x0000000088520000, 0x0000000088520000)
  from space 17024K,  39% used [0x00000000895c0000, 0x0000000089c4e100, 0x000000008a660000)
  to   space 17024K,   0% used [0x0000000088520000, 0x0000000088520000, 0x00000000895c0000)
 concurrent mark-sweep generation total 1926784K, used 220353K [0x000000008a660000, 0x0000000100000000, 0x0000000100000000)
 Metaspace       used 86205K, capacity 91990K, committed 92312K, reserved 1130496K
  class space    used 10440K, capacity 10834K, committed 10912K, reserved 1048576K
2017-08-01T00:43:22.594+0000: 6754.167: [GC (Allocation Failure) Before GC:
Statistics for BinaryTreeDictionary:
------------------------------------
Total Free Space: 218288486
Max   Chunk Size: 218288486
Number of Blocks: 1
Av.  Block  Size: 218288486
Tree      Height: 1
2017-08-01T00:43:22.594+0000: 6754.167: [ParNew
Desired survivor size 8716288 bytes, new threshold 6 (max 6)
- age   1:    1476568 bytes,    1476568 total
- age   2:     725432 bytes,    2202000 total
- age   3:     640072 bytes,    2842072 total
- age   4:     642680 bytes,    3484752 total
- age   5:     535312 bytes,    4020064 total
- age   6:     589904 bytes,    4609968 total
: 143032K->6757K(153344K), 0.0226531 secs] 363385K->227687K(2080128K)After GC:
Statistics for BinaryTreeDictionary:
------------------------------------
Total Free Space: 218215188
Max   Chunk Size: 218215188
Number of Blocks: 1
Av.  Block  Size: 218215188
Tree      Height: 1
, 0.0227368 secs] [Times: user=0.06 sys=0.00, real=0.02 secs] 
Heap after GC invocations=122 (full 2):
 par new generation   total 153344K, used 6757K [0x0000000080000000, 0x000000008a660000, 0x000000008a660000)
  eden space 136320K,   0% used [0x0000000080000000, 0x0000000080000000, 0x0000000088520000)
  from space 17024K,  39% used [0x0000000088520000, 0x0000000088bb97e8, 0x00000000895c0000)
  to   space 17024K,   0% used [0x00000000895c0000, 0x00000000895c0000, 0x000000008a660000)
 concurrent mark-sweep generation total 1926784K, used 220929K [0x000000008a660000, 0x0000000100000000, 0x0000000100000000)
 Metaspace       used 86205K, capacity 91990K, committed 92312K, reserved 1130496K
  class space    used 10440K, capacity 10834K, committed 10912K, reserved 1048576K
}
2017-08-01T00:43:22.617+0000: 6754.190: Total time for which application threads were stopped: 0.0230275 seconds, Stopping threads took: 0.0000743 seconds
2017-08-01T00:43:22.617+0000: 6754.191: Total time for which application threads were stopped: 0.0001651 seconds, Stopping threads took: 0.0000647 seconds
2017-08-01T00:43:22.617+0000: 6754.191: Total time for which application threads were stopped: 0.0001012 seconds, Stopping threads took: 0.0000287 seconds
2017-08-01T00:43:22.618+0000: 6754.191: Total time for which application threads were stopped: 0.0001283 seconds, Stopping threads took: 0.0000555 seconds
2017-08-01T00:43:22.618+0000: 6754.191: Total time for which application threads were stopped: 0.0000822 seconds, Stopping threads took: 0.0000192 seconds
2017-08-01T00:43:22.618+0000: 6754.191: Total time for which application threads were stopped: 0.0000683 seconds, Stopping threads took: 0.0000186 seconds
2017-08-01T00:43:22.618+0000: 6754.191: Total time for which application threads were stopped: 0.0000698 seconds, Stopping threads took: 0.0000190 seconds
2017-08-01T00:43:22.618+0000: 6754.191: Total time for which application threads were stopped: 0.0001014 seconds, Stopping threads took: 0.0000418 seconds
2017-08-01T00:43:22.618+0000: 6754.192: Total time for which application threads were stopped: 0.0001207 seconds, Stopping threads took: 0.0000519 seconds
2017-08-01T00:43:22.630+0000: 6754.203: Total time for which application threads were stopped: 0.0010525 seconds, Stopping threads took: 0.0009758 seconds
2017-08-01T00:43:22.630+0000: 6754.203: Total time for which application threads were stopped: 0.0001114 seconds, Stopping threads took: 0.0000510 seconds
2017-08-01T00:43:22.630+0000: 6754.203: Total time for which application threads were stopped: 0.0000704 seconds, Stopping threads took: 0.0000222 seconds
2017-08-01T00:43:22.630+0000: 6754.204: Total time for which application threads were stopped: 0.0000984 seconds, Stopping threads took: 0.0000386 seconds
2017-08-01T00:43:22.630+0000: 6754.204: Total time for which application threads were stopped: 0.0000663 seconds, Stopping threads took: 0.0000186 seconds
2017-08-01T00:43:22.630+0000: 6754.204: Total time for which application threads were stopped: 0.0000712 seconds, Stopping threads took: 0.0000229 seconds
2017-08-01T00:43:22.631+0000: 6754.204: Total time for which application threads were stopped: 0.0001168 seconds, Stopping threads took: 0.0000516 seconds
2017-08-01T00:43:22.631+0000: 6754.204: Total time for which application threads were stopped: 0.0000710 seconds, Stopping threads took: 0.0000208 seconds
2017-08-01T00:43:22.631+0000: 6754.204: Total time for which application threads were stopped: 0.0000825 seconds, Stopping threads took: 0.0000240 seconds
2017-08-01T00:43:22.631+0000: 6754.204: Total time for which application threads were stopped: 0.0000807 seconds, Stopping threads took: 0.0000300 seconds
2017-08-01T00:43:22.631+0000: 6754.204: Total time for which application threads were stopped: 0.0000671 seconds, Stopping threads took: 0.0000184 seconds
2017-08-01T00:43:22.631+0000: 6754.205: Total time for which application threads were stopped: 0.0002669 seconds, Stopping threads took: 0.0000413 seconds
2017-08-01T00:43:32.927+0000: 6764.500: Total time for which application threads were stopped: 0.0002485 seconds, Stopping threads took: 0.0000553 seconds
2017-08-01T00:43:32.927+0000: 6764.500: Total time for which application threads were stopped: 0.0000978 seconds, Stopping threads took: 0.0000215 seconds
2017-08-01T00:43:32.927+0000: 6764.500: Total time for which application threads were stopped: 0.0000884 seconds, Stopping threads took: 0.0000199 seconds
2017-08-01T00:43:32.927+0000: 6764.500: Total time for which application threads were stopped: 0.0000939 seconds, Stopping threads took: 0.0000189 seconds
2017-08-01T00:43:32.927+0000: 6764.500: Total time for which application threads were stopped: 0.0001050 seconds, Stopping threads took: 0.0000199 seconds
2017-08-01T00:43:32.927+0000: 6764.501: Total time for which application threads were stopped: 0.0001104 seconds, Stopping threads took: 0.0000209 seconds
2017-08-01T00:43:33.946+0000: 6765.520: Total time for which application threads were stopped: 0.0001559 seconds, Stopping threads took: 0.0000414 seconds
2017-08-01T00:43:33.947+0000: 6765.520: Total time for which application threads were stopped: 0.0000747 seconds, Stopping threads took: 0.0000222 seconds
2017-08-01T00:43:33.947+0000: 6765.520: Total time for which application threads were stopped: 0.0000723 seconds, Stopping threads took: 0.0000201 seconds
2017-08-01T00:43:33.947+0000: 6765.520: Total time for which application threads were stopped: 0.0000693 seconds, Stopping threads took: 0.0000186 seconds
2017-08-01T00:43:33.947+0000: 6765.520: Total time for which application threads were stopped: 0.0000721 seconds, Stopping threads took: 0.0000196 seconds
2017-08-01T00:43:33.947+0000: 6765.520: Total time for which application threads were stopped: 0.0000927 seconds, Stopping threads took: 0.0000318 seconds
2017-08-01T00:43:42.948+0000: 6774.521: Total time for which application threads were stopped: 0.0001752 seconds, Stopping threads took: 0.0000413 seconds
2017-08-01T00:43:48.430+0000: 6780.003: Total time for which application threads were stopped: 0.0001816 seconds, Stopping threads took: 0.0000411 seconds
{Heap before GC invocations=122 (full 2):
 par new generation   total 153344K, used 143077K [0x0000000080000000, 0x000000008a660000, 0x000000008a660000)
  eden space 136320K, 100% used [0x0000000080000000, 0x0000000088520000, 0x0000000088520000)
  from space 17024K,  39% used [0x0000000088520000, 0x0000000088bb97e8, 0x00000000895c0000)
  to   space 17024K,   0% used [0x00000000895c0000, 0x00000000895c0000, 0x000000008a660000)
 concurrent mark-sweep generation total 1926784K, used 220929K [0x000000008a660000, 0x0000000100000000, 0x0000000100000000)
 Metaspace       used 86206K, capacity 91990K, committed 92312K, reserved 1130496K
  class space    used 10440K, capacity 10834K, committed 10912K, reserved 1048576K
2017-08-01T00:44:42.354+0000: 6833.928: [GC (Allocation Failure) Before GC:
Statistics for BinaryTreeDictionary:
------------------------------------
Total Free Space: 218215188
Max   Chunk Size: 218215188
Number of Blocks: 1
Av.  Block  Size: 218215188
Tree      Height: 1
2017-08-01T00:44:42.354+0000: 6833.928: [ParNew
Desired survivor size 8716288 bytes, new threshold 6 (max 6)
- age   1:    1494616 bytes,    1494616 total
- age   2:     724048 bytes,    2218664 total
- age   3:     667928 bytes,    2886592 total
- age   4:     608064 bytes,    3494656 total
- age   5:     578568 bytes,    4073224 total
- age   6:     526736 bytes,    4599960 total
: 143077K->6685K(153344K), 0.0225283 secs] 364007K->228195K(2080128K)After GC:
Statistics for BinaryTreeDictionary:
------------------------------------
Total Free Space: 218140815
Max   Chunk Size: 218140815
Number of Blocks: 1
Av.  Block  Size: 218140815
Tree      Height: 1
, 0.0226148 secs] [Times: user=0.06 sys=0.00, real=0.02 secs] 
Heap after GC invocations=123 (full 2):
 par new generation   total 153344K, used 6685K [0x0000000080000000, 0x000000008a660000, 0x000000008a660000)
  eden space 136320K,   0% used [0x0000000080000000, 0x0000000080000000, 0x0000000088520000)
  from space 17024K,  39% used [0x00000000895c0000, 0x0000000089c477a8, 0x000000008a660000)
  to   space 17024K,   0% used [0x0000000088520000, 0x0000000088520000, 0x00000000895c0000)
 concurrent mark-sweep generation total 1926784K, used 221509K [0x000000008a660000, 0x0000000100000000, 0x0000000100000000)
 Metaspace       used 86206K, capacity 91990K, committed 92312K, reserved 1130496K
  class space    used 10440K, capacity 10834K, committed 10912K, reserved 1048576K
}
2017-08-01T00:44:42.377+0000: 6833.950: Total time for which application threads were stopped: 0.0228605 seconds, Stopping threads took: 0.0000494 seconds
2017-08-01T00:44:42.383+0000: 6833.956: Total time for which application threads were stopped: 0.0001725 seconds, Stopping threads took: 0.0000545 seconds
2017-08-01T00:44:42.383+0000: 6833.956: Total time for which application threads were stopped: 0.0000725 seconds, Stopping threads took: 0.0000219 seconds
2017-08-01T00:44:42.383+0000: 6833.956: Total time for which application threads were stopped: 0.0000785 seconds, Stopping threads took: 0.0000292 seconds
2017-08-01T00:44:42.383+0000: 6833.957: Total time for which application threads were stopped: 0.0000954 seconds, Stopping threads took: 0.0000350 seconds
2017-08-01T00:44:42.383+0000: 6833.957: Total time for which application threads were stopped: 0.0000658 seconds, Stopping threads took: 0.0000196 seconds
2017-08-01T00:44:42.384+0000: 6833.957: Total time for which application threads were stopped: 0.0000681 seconds, Stopping threads took: 0.0000214 seconds
2017-08-01T00:44:42.384+0000: 6833.957: Total time for which application threads were stopped: 0.0000985 seconds, Stopping threads took: 0.0000421 seconds
2017-08-01T00:44:42.384+0000: 6833.957: Total time for which application threads were stopped: 0.0000932 seconds, Stopping threads took: 0.0000458 seconds
2017-08-01T00:44:42.384+0000: 6833.957: Total time for which application threads were stopped: 0.0000768 seconds, Stopping threads took: 0.0000216 seconds
2017-08-01T00:44:42.384+0000: 6833.957: Total time for which application threads were stopped: 0.0000679 seconds, Stopping threads took: 0.0000213 seconds
2017-08-01T00:44:42.384+0000: 6833.957: Total time for which application threads were stopped: 0.0000918 seconds, Stopping threads took: 0.0000208 seconds
2017-08-01T00:44:42.384+0000: 6833.957: Total time for which application threads were stopped: 0.0000684 seconds, Stopping threads took: 0.0000202 seconds
2017-08-01T00:44:42.384+0000: 6833.958: Total time for which application threads were stopped: 0.0000653 seconds, Stopping threads took: 0.0000193 seconds
2017-08-01T00:44:42.384+0000: 6833.958: Total time for which application threads were stopped: 0.0000644 seconds, Stopping threads took: 0.0000187 seconds
2017-08-01T00:44:42.384+0000: 6833.958: Total time for which application threads were stopped: 0.0000803 seconds, Stopping threads took: 0.0000199 seconds
2017-08-01T00:44:42.385+0000: 6833.958: Total time for which application threads were stopped: 0.0000683 seconds, Stopping threads took: 0.0000211 seconds
2017-08-01T00:44:42.385+0000: 6833.958: Total time for which application threads were stopped: 0.0000661 seconds, Stopping threads took: 0.0000202 seconds
2017-08-01T00:44:42.385+0000: 6833.958: Total time for which application threads were stopped: 0.0000884 seconds, Stopping threads took: 0.0000181 seconds
2017-08-01T00:44:42.385+0000: 6833.958: Total time for which application threads were stopped: 0.0000658 seconds, Stopping threads took: 0.0000196 seconds
2017-08-01T00:44:42.385+0000: 6833.958: Total time for which application threads were stopped: 0.0001738 seconds, Stopping threads took: 0.0000226 seconds
{Heap before GC invocations=123 (full 2):
 par new generation   total 153344K, used 143005K [0x0000000080000000, 0x000000008a660000, 0x000000008a660000)
  eden space 136320K, 100% used [0x0000000080000000, 0x0000000088520000, 0x0000000088520000)
  from space 17024K,  39% used [0x00000000895c0000, 0x0000000089c477a8, 0x000000008a660000)
  to   space 17024K,   0% used [0x0000000088520000, 0x0000000088520000, 0x00000000895c0000)
 concurrent mark-sweep generation total 1926784K, used 221509K [0x000000008a660000, 0x0000000100000000, 0x0000000100000000)
 Metaspace       used 86208K, capacity 91990K, committed 92312K, reserved 1130496K
  class space    used 10440K, capacity 10834K, committed 10912K, reserved 1048576K
2017-08-01T00:45:55.676+0000: 6907.249: [GC (Allocation Failure) Before GC:
Statistics for BinaryTreeDictionary:
------------------------------------
Total Free Space: 218140815
Max   Chunk Size: 218140815
Number of Blocks: 1
Av.  Block  Size: 218140815
Tree      Height: 1
2017-08-01T00:45:55.676+0000: 6907.249: [ParNew
Desired survivor size 8716288 bytes, new threshold 6 (max 6)
- age   1:    1392016 bytes,    1392016 total
- age   2:     761736 bytes,    2153752 total
- age   3:     669440 bytes,    2823192 total
- age   4:     618296 bytes,    3441488 total
- age   5:     593416 bytes,    4034904 total
- age   6:     569120 bytes,    4604024 total
: 143005K->6765K(153344K), 0.0232792 secs] 364515K->228793K(2080128K)After GC:
Statistics for BinaryTreeDictionary:
------------------------------------
Total Free Space: 218071562
Max   Chunk Size: 218071562
Number of Blocks: 1
Av.  Block  Size: 218071562
Tree      Height: 1
, 0.0233607 secs] [Times: user=0.05 sys=0.00, real=0.02 secs] 
Heap after GC invocations=124 (full 2):
 par new generation   total 153344K, used 6765K [0x0000000080000000, 0x000000008a660000, 0x000000008a660000)
  eden space 136320K,   0% used [0x0000000080000000, 0x0000000080000000, 0x0000000088520000)
  from space 17024K,  39% used [0x0000000088520000, 0x0000000088bbb668, 0x00000000895c0000)
  to   space 17024K,   0% used [0x00000000895c0000, 0x00000000895c0000, 0x000000008a660000)
 concurrent mark-sweep generation total 1926784K, used 222027K [0x000000008a660000, 0x0000000100000000, 0x0000000100000000)
 Metaspace       used 86208K, capacity 91990K, committed 92312K, reserved 1130496K
  class space    used 10440K, capacity 10834K, committed 10912K, reserved 1048576K
}
2017-08-01T00:45:55.699+0000: 6907.273: Total time for which application threads were stopped: 0.0236593 seconds, Stopping threads took: 0.0000587 seconds
2017-08-01T00:45:55.700+0000: 6907.273: Total time for which application threads were stopped: 0.0001205 seconds, Stopping threads took: 0.0000289 seconds
2017-08-01T00:45:55.700+0000: 6907.273: Total time for which application threads were stopped: 0.0000908 seconds, Stopping threads took: 0.0000206 seconds
2017-08-01T00:45:55.700+0000: 6907.273: Total time for which application threads were stopped: 0.0000664 seconds, Stopping threads took: 0.0000191 seconds
2017-08-01T00:45:55.700+0000: 6907.273: Total time for which application threads were stopped: 0.0000828 seconds, Stopping threads took: 0.0000173 seconds
2017-08-01T00:45:55.700+0000: 6907.273: Total time for which application threads were stopped: 0.0000683 seconds, Stopping threads took: 0.0000200 seconds
2017-08-01T00:45:55.700+0000: 6907.273: Total time for which application threads were stopped: 0.0000646 seconds, Stopping threads took: 0.0000183 seconds
2017-08-01T00:45:55.700+0000: 6907.274: Total time for which application threads were stopped: 0.0000652 seconds, Stopping threads took: 0.0000195 seconds
2017-08-01T00:45:55.700+0000: 6907.274: Total time for which application threads were stopped: 0.0000812 seconds, Stopping threads took: 0.0000175 seconds
2017-08-01T00:45:55.700+0000: 6907.274: Total time for which application threads were stopped: 0.0000628 seconds, Stopping threads took: 0.0000179 seconds
2017-08-01T00:45:55.701+0000: 6907.274: Total time for which application threads were stopped: 0.0000662 seconds, Stopping threads took: 0.0000187 seconds
2017-08-01T00:45:55.701+0000: 6907.274: Total time for which application threads were stopped: 0.0000869 seconds, Stopping threads took: 0.0000174 seconds
2017-08-01T00:45:55.701+0000: 6907.274: Total time for which application threads were stopped: 0.0000864 seconds, Stopping threads took: 0.0000290 seconds
2017-08-01T00:45:55.701+0000: 6907.274: Total time for which application threads were stopped: 0.0000967 seconds, Stopping threads took: 0.0000181 seconds
2017-08-01T00:45:55.701+0000: 6907.274: Total time for which application threads were stopped: 0.0000650 seconds, Stopping threads took: 0.0000191 seconds
2017-08-01T00:45:55.701+0000: 6907.274: Total time for which application threads were stopped: 0.0000894 seconds, Stopping threads took: 0.0000297 seconds
2017-08-01T00:45:55.701+0000: 6907.274: Total time for which application threads were stopped: 0.0000839 seconds, Stopping threads took: 0.0000185 seconds
2017-08-01T00:45:55.701+0000: 6907.275: Total time for which application threads were stopped: 0.0000639 seconds, Stopping threads took: 0.0000182 seconds
2017-08-01T00:45:55.701+0000: 6907.275: Total time for which application threads were stopped: 0.0000647 seconds, Stopping threads took: 0.0000183 seconds
2017-08-01T00:45:55.702+0000: 6907.275: Total time for which application threads were stopped: 0.0000827 seconds, Stopping threads took: 0.0000178 seconds
2017-08-01T00:45:55.702+0000: 6907.275: Total time for which application threads were stopped: 0.0001880 seconds, Stopping threads took: 0.0000183 seconds
{Heap before GC invocations=124 (full 2):
 par new generation   total 153344K, used 143085K [0x0000000080000000, 0x000000008a660000, 0x000000008a660000)
  eden space 136320K, 100% used [0x0000000080000000, 0x0000000088520000, 0x0000000088520000)
  from space 17024K,  39% used [0x0000000088520000, 0x0000000088bbb668, 0x00000000895c0000)
  to   space 17024K,   0% used [0x00000000895c0000, 0x00000000895c0000, 0x000000008a660000)
 concurrent mark-sweep generation total 1926784K, used 222027K [0x000000008a660000, 0x0000000100000000, 0x0000000100000000)
 Metaspace       used 86211K, capacity 91990K, committed 92312K, reserved 1130496K
  class space    used 10440K, capacity 10834K, committed 10912K, reserved 1048576K
2017-08-01T00:47:15.732+0000: 6987.306: [GC (Allocation Failure) Before GC:
Statistics for BinaryTreeDictionary:
------------------------------------
Total Free Space: 218071562
Max   Chunk Size: 218071562
Number of Blocks: 1
Av.  Block  Size: 218071562
Tree      Height: 1
2017-08-01T00:47:15.732+0000: 6987.306: [ParNew
Desired survivor size 8716288 bytes, new threshold 6 (max 6)
- age   1:    1477832 bytes,    1477832 total
- age   2:     712576 bytes,    2190408 total
- age   3:     700568 bytes,    2890976 total
- age   4:     616184 bytes,    3507160 total
- age   5:     556256 bytes,    4063416 total
- age   6:     582648 bytes,    4646064 total
: 143085K->6729K(153344K), 0.0230534 secs] 365113K->229315K(2080128K)After GC:
Statistics for BinaryTreeDictionary:
------------------------------------
Total Free Space: 218001888
Max   Chunk Size: 218001888
Number of Blocks: 1
Av.  Block  Size: 218001888
Tree      Height: 1
, 0.0231326 secs] [Times: user=0.06 sys=0.00, real=0.03 secs] 
Heap after GC invocations=125 (full 2):
 par new generation   total 153344K, used 6729K [0x0000000080000000, 0x000000008a660000, 0x000000008a660000)
  eden space 136320K,   0% used [0x0000000080000000, 0x0000000080000000, 0x0000000088520000)
  from space 17024K,  39% used [0x00000000895c0000, 0x0000000089c524f0, 0x000000008a660000)
  to   space 17024K,   0% used [0x0000000088520000, 0x0000000088520000, 0x00000000895c0000)
 concurrent mark-sweep generation total 1926784K, used 222586K [0x000000008a660000, 0x0000000100000000, 0x0000000100000000)
 Metaspace       used 86211K, capacity 91990K, committed 92312K, reserved 1130496K
  class space    used 10440K, capacity 10834K, committed 10912K, reserved 1048576K
}
2017-08-01T00:47:15.755+0000: 6987.329: Total time for which application threads were stopped: 0.0234284 seconds, Stopping threads took: 0.0000708 seconds
2017-08-01T00:47:15.756+0000: 6987.329: Total time for which application threads were stopped: 0.0001697 seconds, Stopping threads took: 0.0000636 seconds
2017-08-01T00:47:15.756+0000: 6987.330: Total time for which application threads were stopped: 0.0001231 seconds, Stopping threads took: 0.0000580 seconds
2017-08-01T00:47:15.756+0000: 6987.330: Total time for which application threads were stopped: 0.0000869 seconds, Stopping threads took: 0.0000181 seconds
2017-08-01T00:47:15.756+0000: 6987.330: Total time for which application threads were stopped: 0.0000776 seconds, Stopping threads took: 0.0000123 seconds
2017-08-01T00:47:15.757+0000: 6987.330: Total time for which application threads were stopped: 0.0000696 seconds, Stopping threads took: 0.0000186 seconds
2017-08-01T00:47:15.757+0000: 6987.330: Total time for which application threads were stopped: 0.0001327 seconds, Stopping threads took: 0.0000626 seconds
2017-08-01T00:47:15.757+0000: 6987.330: Total time for which application threads were stopped: 0.0001135 seconds, Stopping threads took: 0.0000463 seconds
2017-08-01T00:47:15.757+0000: 6987.331: Total time for which application threads were stopped: 0.0001144 seconds, Stopping threads took: 0.0000520 seconds
2017-08-01T00:47:15.758+0000: 6987.331: Total time for which application threads were stopped: 0.0001269 seconds, Stopping threads took: 0.0000487 seconds
2017-08-01T00:47:15.758+0000: 6987.331: Total time for which application threads were stopped: 0.0001105 seconds, Stopping threads took: 0.0000489 seconds
2017-08-01T00:47:15.758+0000: 6987.331: Total time for which application threads were stopped: 0.0001168 seconds, Stopping threads took: 0.0000494 seconds
2017-08-01T00:47:15.758+0000: 6987.331: Total time for which application threads were stopped: 0.0001228 seconds, Stopping threads took: 0.0000432 seconds
2017-08-01T00:47:15.758+0000: 6987.331: Total time for which application threads were stopped: 0.0001098 seconds, Stopping threads took: 0.0000274 seconds
2017-08-01T00:47:15.758+0000: 6987.332: Total time for which application threads were stopped: 0.0001219 seconds, Stopping threads took: 0.0000482 seconds
2017-08-01T00:47:15.758+0000: 6987.332: Total time for which application threads were stopped: 0.0001059 seconds, Stopping threads took: 0.0000433 seconds
2017-08-01T00:47:15.759+0000: 6987.332: Total time for which application threads were stopped: 0.0001171 seconds, Stopping threads took: 0.0000476 seconds
2017-08-01T00:47:15.759+0000: 6987.332: Total time for which application threads were stopped: 0.0001137 seconds, Stopping threads took: 0.0000447 seconds
2017-08-01T00:47:15.759+0000: 6987.332: Total time for which application threads were stopped: 0.0001177 seconds, Stopping threads took: 0.0000517 seconds
2017-08-01T00:47:15.759+0000: 6987.332: Total time for which application threads were stopped: 0.0001111 seconds, Stopping threads took: 0.0000484 seconds
2017-08-01T00:47:15.759+0000: 6987.333: Total time for which application threads were stopped: 0.0002207 seconds, Stopping threads took: 0.0000252 seconds
{Heap before GC invocations=125 (full 2):
 par new generation   total 153344K, used 143049K [0x0000000080000000, 0x000000008a660000, 0x000000008a660000)
  eden space 136320K, 100% used [0x0000000080000000, 0x0000000088520000, 0x0000000088520000)
  from space 17024K,  39% used [0x00000000895c0000, 0x0000000089c524f0, 0x000000008a660000)
  to   space 17024K,   0% used [0x0000000088520000, 0x0000000088520000, 0x00000000895c0000)
 concurrent mark-sweep generation total 1926784K, used 222586K [0x000000008a660000, 0x0000000100000000, 0x0000000100000000)
 Metaspace       used 86212K, capacity 91990K, committed 92312K, reserved 1130496K
  class space    used 10440K, capacity 10834K, committed 10912K, reserved 1048576K
2017-08-01T00:48:39.749+0000: 7071.322: [GC (Allocation Failure) Before GC:
Statistics for BinaryTreeDictionary:
------------------------------------
Total Free Space: 218001888
Max   Chunk Size: 218001888
Number of Blocks: 1
Av.  Block  Size: 218001888
Tree      Height: 1
2017-08-01T00:48:39.749+0000: 7071.322: [ParNew
Desired survivor size 8716288 bytes, new threshold 6 (max 6)
- age   1:    1393456 bytes,    1393456 total
- age   2:     775256 bytes,    2168712 total
- age   3:     660296 bytes,    2829008 total
- age   4:     671336 bytes,    3500344 total
- age   5:     553800 bytes,    4054144 total
- age   6:     547352 bytes,    4601496 total
: 143049K->6719K(153344K), 0.0233013 secs] 365635K->229879K(2080128K)After GC:
Statistics for BinaryTreeDictionary:
------------------------------------
Total Free Space: 217927889
Max   Chunk Size: 217927889
Number of Blocks: 1
Av.  Block  Size: 217927889
Tree      Height: 1
, 0.0233858 secs] [Times: user=0.06 sys=0.00, real=0.02 secs] 
Heap after GC invocations=126 (full 2):
 par new generation   total 153344K, used 6719K [0x0000000080000000, 0x000000008a660000, 0x000000008a660000)
  eden space 136320K,   0% used [0x0000000080000000, 0x0000000080000000, 0x0000000088520000)
  from space 17024K,  39% used [0x0000000088520000, 0x0000000088baff40, 0x00000000895c0000)
  to   space 17024K,   0% used [0x00000000895c0000, 0x00000000895c0000, 0x000000008a660000)
 concurrent mark-sweep generation total 1926784K, used 223160K [0x000000008a660000, 0x0000000100000000, 0x0000000100000000)
 Metaspace       used 86212K, capacity 91990K, committed 92312K, reserved 1130496K
  class space    used 10440K, capacity 10834K, committed 10912K, reserved 1048576K
}
2017-08-01T00:48:39.772+0000: 7071.345: Total time for which application threads were stopped: 0.0236639 seconds, Stopping threads took: 0.0000472 seconds
2017-08-01T00:48:39.772+0000: 7071.346: Total time for which application threads were stopped: 0.0001346 seconds, Stopping threads took: 0.0000376 seconds
2017-08-01T00:48:39.772+0000: 7071.346: Total time for which application threads were stopped: 0.0000703 seconds, Stopping threads took: 0.0000196 seconds
2017-08-01T00:48:39.779+0000: 7071.352: Total time for which application threads were stopped: 0.0001219 seconds, Stopping threads took: 0.0000407 seconds
2017-08-01T00:48:39.779+0000: 7071.352: Total time for which application threads were stopped: 0.0000710 seconds, Stopping threads took: 0.0000209 seconds
2017-08-01T00:48:39.779+0000: 7071.352: Total time for which application threads were stopped: 0.0000886 seconds, Stopping threads took: 0.0000220 seconds
2017-08-01T00:48:39.779+0000: 7071.353: Total time for which application threads were stopped: 0.0000822 seconds, Stopping threads took: 0.0000202 seconds
2017-08-01T00:48:39.779+0000: 7071.353: Total time for which application threads were stopped: 0.0000676 seconds, Stopping threads took: 0.0000199 seconds
2017-08-01T00:48:39.780+0000: 7071.353: Total time for which application threads were stopped: 0.0001083 seconds, Stopping threads took: 0.0000395 seconds
2017-08-01T00:48:39.780+0000: 7071.353: Total time for which application threads were stopped: 0.0000838 seconds, Stopping threads took: 0.0000308 seconds
2017-08-01T00:48:39.780+0000: 7071.353: Total time for which application threads were stopped: 0.0000683 seconds, Stopping threads took: 0.0000195 seconds
2017-08-01T00:48:39.780+0000: 7071.353: Total time for which application threads were stopped: 0.0001348 seconds, Stopping threads took: 0.0000697 seconds
2017-08-01T00:48:39.780+0000: 7071.353: Total time for which application threads were stopped: 0.0000976 seconds, Stopping threads took: 0.0000431 seconds
2017-08-01T00:48:39.780+0000: 7071.353: Total time for which application threads were stopped: 0.0000847 seconds, Stopping threads took: 0.0000282 seconds
2017-08-01T00:48:39.780+0000: 7071.354: Total time for which application threads were stopped: 0.0000687 seconds, Stopping threads took: 0.0000215 seconds
2017-08-01T00:48:39.780+0000: 7071.354: Total time for which application threads were stopped: 0.0000995 seconds, Stopping threads took: 0.0000401 seconds
2017-08-01T00:48:39.780+0000: 7071.354: Total time for which application threads were stopped: 0.0000652 seconds, Stopping threads took: 0.0000191 seconds
2017-08-01T00:48:39.781+0000: 7071.354: Total time for which application threads were stopped: 0.0001048 seconds, Stopping threads took: 0.0000371 seconds
2017-08-01T00:48:39.781+0000: 7071.354: Total time for which application threads were stopped: 0.0000799 seconds, Stopping threads took: 0.0000313 seconds
2017-08-01T00:48:39.781+0000: 7071.354: Total time for which application threads were stopped: 0.0000681 seconds, Stopping threads took: 0.0000213 seconds
2017-08-01T00:48:39.781+0000: 7071.354: Total time for which application threads were stopped: 0.0002742 seconds, Stopping threads took: 0.0000430 seconds
2017-08-01T00:48:57.789+0000: 7089.362: Total time for which application threads were stopped: 0.0001656 seconds, Stopping threads took: 0.0000421 seconds
2017-08-01T00:49:11.791+0000: 7103.364: Total time for which application threads were stopped: 0.0001815 seconds, Stopping threads took: 0.0000522 seconds
{Heap before GC invocations=126 (full 2):
 par new generation   total 153344K, used 143039K [0x0000000080000000, 0x000000008a660000, 0x000000008a660000)
  eden space 136320K, 100% used [0x0000000080000000, 0x0000000088520000, 0x0000000088520000)
  from space 17024K,  39% used [0x0000000088520000, 0x0000000088baff40, 0x00000000895c0000)
  to   space 17024K,   0% used [0x00000000895c0000, 0x00000000895c0000, 0x000000008a660000)
 concurrent mark-sweep generation total 1926784K, used 223160K [0x000000008a660000, 0x0000000100000000, 0x0000000100000000)
 Metaspace       used 86218K, capacity 91990K, committed 92312K, reserved 1130496K
  class space    used 10440K, capacity 10834K, committed 10912K, reserved 1048576K
2017-08-01T00:49:52.730+0000: 7144.304: [GC (Allocation Failure) Before GC:
Statistics for BinaryTreeDictionary:
------------------------------------
Total Free Space: 217927889
Max   Chunk Size: 217927889
Number of Blocks: 1
Av.  Block  Size: 217927889
Tree      Height: 1
2017-08-01T00:49:52.730+0000: 7144.304: [ParNew
Desired survivor size 8716288 bytes, new threshold 6 (max 6)
- age   1:    1409976 bytes,    1409976 total
- age   2:     662480 bytes,    2072456 total
- age   3:     720728 bytes,    2793184 total
- age   4:     607712 bytes,    3400896 total
- age   5:     655024 bytes,    4055920 total
- age   6:     545936 bytes,    4601856 total
: 143039K->6774K(153344K), 0.0225031 secs] 366199K->230473K(2080128K)After GC:
Statistics for BinaryTreeDictionary:
------------------------------------
Total Free Space: 217858297
Max   Chunk Size: 217858297
Number of Blocks: 1
Av.  Block  Size: 217858297
Tree      Height: 1
, 0.0225984 secs] [Times: user=0.06 sys=0.00, real=0.03 secs] 
Heap after GC invocations=127 (full 2):
 par new generation   total 153344K, used 6774K [0x0000000080000000, 0x000000008a660000, 0x000000008a660000)
  eden space 136320K,   0% used [0x0000000080000000, 0x0000000080000000, 0x0000000088520000)
  from space 17024K,  39% used [0x00000000895c0000, 0x0000000089c5db18, 0x000000008a660000)
  to   space 17024K,   0% used [0x0000000088520000, 0x0000000088520000, 0x00000000895c0000)
 concurrent mark-sweep generation total 1926784K, used 223698K [0x000000008a660000, 0x0000000100000000, 0x0000000100000000)
 Metaspace       used 86218K, capacity 91990K, committed 92312K, reserved 1130496K
  class space    used 10440K, capacity 10834K, committed 10912K, reserved 1048576K
}
2017-08-01T00:49:52.753+0000: 7144.326: Total time for which application threads were stopped: 0.0228608 seconds, Stopping threads took: 0.0000629 seconds
2017-08-01T00:49:52.753+0000: 7144.327: Total time for which application threads were stopped: 0.0001628 seconds, Stopping threads took: 0.0000610 seconds
2017-08-01T00:49:52.754+0000: 7144.327: Total time for which application threads were stopped: 0.0001127 seconds, Stopping threads took: 0.0000454 seconds
2017-08-01T00:49:52.754+0000: 7144.327: Total time for which application threads were stopped: 0.0000744 seconds, Stopping threads took: 0.0000242 seconds
2017-08-01T00:49:52.754+0000: 7144.327: Total time for which application threads were stopped: 0.0000980 seconds, Stopping threads took: 0.0000305 seconds
2017-08-01T00:49:52.754+0000: 7144.327: Total time for which application threads were stopped: 0.0000756 seconds, Stopping threads took: 0.0000248 seconds
2017-08-01T00:49:52.754+0000: 7144.327: Total time for which application threads were stopped: 0.0000717 seconds, Stopping threads took: 0.0000221 seconds
2017-08-01T00:49:52.754+0000: 7144.327: Total time for which application threads were stopped: 0.0001044 seconds, Stopping threads took: 0.0000430 seconds
2017-08-01T00:49:52.754+0000: 7144.328: Total time for which application threads were stopped: 0.0001100 seconds, Stopping threads took: 0.0000478 seconds
2017-08-01T00:49:52.754+0000: 7144.328: Total time for which application threads were stopped: 0.0000699 seconds, Stopping threads took: 0.0000190 seconds
2017-08-01T00:49:52.754+0000: 7144.328: Total time for which application threads were stopped: 0.0000672 seconds, Stopping threads took: 0.0000171 seconds
2017-08-01T00:49:52.755+0000: 7144.328: Total time for which application threads were stopped: 0.0000921 seconds, Stopping threads took: 0.0000313 seconds
2017-08-01T00:49:52.755+0000: 7144.328: Total time for which application threads were stopped: 0.0000732 seconds, Stopping threads took: 0.0000228 seconds
2017-08-01T00:49:52.755+0000: 7144.328: Total time for which application threads were stopped: 0.0000863 seconds, Stopping threads took: 0.0000281 seconds
2017-08-01T00:49:52.755+0000: 7144.328: Total time for which application threads were stopped: 0.0000660 seconds, Stopping threads took: 0.0000194 seconds
2017-08-01T00:49:52.755+0000: 7144.329: Total time for which application threads were stopped: 0.0000981 seconds, Stopping threads took: 0.0000412 seconds
2017-08-01T00:49:52.755+0000: 7144.329: Total time for which application threads were stopped: 0.0000659 seconds, Stopping threads took: 0.0000196 seconds
2017-08-01T00:49:52.755+0000: 7144.329: Total time for which application threads were stopped: 0.0000974 seconds, Stopping threads took: 0.0000401 seconds
2017-08-01T00:49:52.756+0000: 7144.329: Total time for which application threads were stopped: 0.0000999 seconds, Stopping threads took: 0.0000408 seconds
2017-08-01T00:49:52.756+0000: 7144.329: Total time for which application threads were stopped: 0.0001309 seconds, Stopping threads took: 0.0000547 seconds
2017-08-01T00:49:52.756+0000: 7144.329: Total time for which application threads were stopped: 0.0002251 seconds, Stopping threads took: 0.0000460 seconds
2017-08-01T00:50:50.760+0000: 7202.334: Total time for which application threads were stopped: 0.0002399 seconds, Stopping threads took: 0.0000604 seconds
2017-08-01T00:50:50.760+0000: 7202.334: Total time for which application threads were stopped: 0.0001003 seconds, Stopping threads took: 0.0000235 seconds
2017-08-01T00:50:50.761+0000: 7202.334: Total time for which application threads were stopped: 0.0001262 seconds, Stopping threads took: 0.0000224 seconds
2017-08-01T00:50:50.761+0000: 7202.334: Total time for which application threads were stopped: 0.0000869 seconds, Stopping threads took: 0.0000200 seconds
2017-08-01T00:50:50.761+0000: 7202.334: Total time for which application threads were stopped: 0.0001095 seconds, Stopping threads took: 0.0000239 seconds
2017-08-01T00:50:50.761+0000: 7202.334: Total time for which application threads were stopped: 0.0000856 seconds, Stopping threads took: 0.0000191 seconds
2017-08-01T00:50:57.026+0000: 7208.600: Total time for which application threads were stopped: 0.0002139 seconds, Stopping threads took: 0.0000579 seconds
2017-08-01T00:50:57.026+0000: 7208.600: Total time for which application threads were stopped: 0.0000940 seconds, Stopping threads took: 0.0000195 seconds
2017-08-01T00:50:57.027+0000: 7208.600: Total time for which application threads were stopped: 0.0000870 seconds, Stopping threads took: 0.0000197 seconds
2017-08-01T00:50:57.027+0000: 7208.600: Total time for which application threads were stopped: 0.0000848 seconds, Stopping threads took: 0.0000186 seconds
2017-08-01T00:50:57.027+0000: 7208.600: Total time for which application threads were stopped: 0.0000957 seconds, Stopping threads took: 0.0000282 seconds
2017-08-01T00:50:57.027+0000: 7208.600: Total time for which application threads were stopped: 0.0000843 seconds, Stopping threads took: 0.0000189 seconds
{Heap before GC invocations=127 (full 2):
 par new generation   total 153344K, used 143094K [0x0000000080000000, 0x000000008a660000, 0x000000008a660000)
  eden space 136320K, 100% used [0x0000000080000000, 0x0000000088520000, 0x0000000088520000)
  from space 17024K,  39% used [0x00000000895c0000, 0x0000000089c5db18, 0x000000008a660000)
  to   space 17024K,   0% used [0x0000000088520000, 0x0000000088520000, 0x00000000895c0000)
 concurrent mark-sweep generation total 1926784K, used 223698K [0x000000008a660000, 0x0000000100000000, 0x0000000100000000)
 Metaspace       used 86221K, capacity 91990K, committed 92312K, reserved 1130496K
  class space    used 10440K, capacity 10834K, committed 10912K, reserved 1048576K
2017-08-01T00:51:13.636+0000: 7225.209: [GC (Allocation Failure) Before GC:
Statistics for BinaryTreeDictionary:
------------------------------------
Total Free Space: 217858297
Max   Chunk Size: 217858297
Number of Blocks: 1
Av.  Block  Size: 217858297
Tree      Height: 1
2017-08-01T00:51:13.636+0000: 7225.209: [ParNew
Desired survivor size 8716288 bytes, new threshold 6 (max 6)
- age   1:    1692984 bytes,    1692984 total
- age   2:     706496 bytes,    2399480 total
- age   3:     591392 bytes,    2990872 total
- age   4:     658664 bytes,    3649536 total
- age   5:     543408 bytes,    4192944 total
- age   6:     643568 bytes,    4836512 total
: 143094K->6729K(153344K), 0.0234936 secs] 366793K->230964K(2080128K)After GC:
Statistics for BinaryTreeDictionary:
------------------------------------
Total Free Space: 217790289
Max   Chunk Size: 217790289
Number of Blocks: 1
Av.  Block  Size: 217790289
Tree      Height: 1
, 0.0235893 secs] [Times: user=0.06 sys=0.00, real=0.02 secs] 
Heap after GC invocations=128 (full 2):
 par new generation   total 153344K, used 6729K [0x0000000080000000, 0x000000008a660000, 0x000000008a660000)
  eden space 136320K,   0% used [0x0000000080000000, 0x0000000080000000, 0x0000000088520000)
  from space 17024K,  39% used [0x0000000088520000, 0x0000000088bb25a8, 0x00000000895c0000)
  to   space 17024K,   0% used [0x00000000895c0000, 0x00000000895c0000, 0x000000008a660000)
 concurrent mark-sweep generation total 1926784K, used 224234K [0x000000008a660000, 0x0000000100000000, 0x0000000100000000)
 Metaspace       used 86221K, capacity 91990K, committed 92312K, reserved 1130496K
  class space    used 10440K, capacity 10834K, committed 10912K, reserved 1048576K
}
2017-08-01T00:51:13.660+0000: 7225.233: Total time for which application threads were stopped: 0.0238666 seconds, Stopping threads took: 0.0000744 seconds
2017-08-01T00:51:13.660+0000: 7225.233: Total time for which application threads were stopped: 0.0001705 seconds, Stopping threads took: 0.0000564 seconds
2017-08-01T00:51:13.660+0000: 7225.234: Total time for which application threads were stopped: 0.0000978 seconds, Stopping threads took: 0.0000196 seconds
2017-08-01T00:51:13.660+0000: 7225.234: Total time for which application threads were stopped: 0.0001081 seconds, Stopping threads took: 0.0000432 seconds
2017-08-01T00:51:13.661+0000: 7225.234: Total time for which application threads were stopped: 0.0001057 seconds, Stopping threads took: 0.0000445 seconds
2017-08-01T00:51:13.661+0000: 7225.234: Total time for which application threads were stopped: 0.0001049 seconds, Stopping threads took: 0.0000441 seconds
2017-08-01T00:51:13.661+0000: 7225.234: Total time for which application threads were stopped: 0.0000692 seconds, Stopping threads took: 0.0000185 seconds
2017-08-01T00:51:13.661+0000: 7225.234: Total time for which application threads were stopped: 0.0000795 seconds, Stopping threads took: 0.0000190 seconds
2017-08-01T00:51:13.661+0000: 7225.234: Total time for which application threads were stopped: 0.0000733 seconds, Stopping threads took: 0.0000225 seconds
2017-08-01T00:51:13.661+0000: 7225.234: Total time for which application threads were stopped: 0.0001126 seconds, Stopping threads took: 0.0000379 seconds
2017-08-01T00:51:13.661+0000: 7225.234: Total time for which application threads were stopped: 0.0001049 seconds, Stopping threads took: 0.0000437 seconds
2017-08-01T00:51:13.661+0000: 7225.235: Total time for which application threads were stopped: 0.0000675 seconds, Stopping threads took: 0.0000172 seconds
2017-08-01T00:51:13.661+0000: 7225.235: Total time for which application threads were stopped: 0.0000692 seconds, Stopping threads took: 0.0000191 seconds
2017-08-01T00:51:13.662+0000: 7225.235: Total time for which application threads were stopped: 0.0001120 seconds, Stopping threads took: 0.0000401 seconds
2017-08-01T00:51:13.662+0000: 7225.235: Total time for which application threads were stopped: 0.0000697 seconds, Stopping threads took: 0.0000190 seconds
2017-08-01T00:51:13.662+0000: 7225.235: Total time for which application threads were stopped: 0.0001023 seconds, Stopping threads took: 0.0000411 seconds
2017-08-01T00:51:13.662+0000: 7225.235: Total time for which application threads were stopped: 0.0001116 seconds, Stopping threads took: 0.0000501 seconds
2017-08-01T00:51:13.662+0000: 7225.235: Total time for which application threads were stopped: 0.0001035 seconds, Stopping threads took: 0.0000431 seconds
2017-08-01T00:51:13.662+0000: 7225.235: Total time for which application threads were stopped: 0.0000686 seconds, Stopping threads took: 0.0000183 seconds
2017-08-01T00:51:13.662+0000: 7225.235: Total time for which application threads were stopped: 0.0000733 seconds, Stopping threads took: 0.0000191 seconds
2017-08-01T00:51:13.662+0000: 7225.236: Total time for which application threads were stopped: 0.0002594 seconds, Stopping threads took: 0.0000395 seconds
{Heap before GC invocations=128 (full 2):
 par new generation   total 153344K, used 143049K [0x0000000080000000, 0x000000008a660000, 0x000000008a660000)
  eden space 136320K, 100% used [0x0000000080000000, 0x0000000088520000, 0x0000000088520000)
  from space 17024K,  39% used [0x0000000088520000, 0x0000000088bb25a8, 0x00000000895c0000)
  to   space 17024K,   0% used [0x00000000895c0000, 0x00000000895c0000, 0x000000008a660000)
 concurrent mark-sweep generation total 1926784K, used 224234K [0x000000008a660000, 0x0000000100000000, 0x0000000100000000)
 Metaspace       used 86224K, capacity 91990K, committed 92312K, reserved 1130496K
  class space    used 10440K, capacity 10834K, committed 10912K, reserved 1048576K
2017-08-01T00:52:36.783+0000: 7308.356: [GC (Allocation Failure) Before GC:
Statistics for BinaryTreeDictionary:
------------------------------------
Total Free Space: 217790289
Max   Chunk Size: 217790289
Number of Blocks: 1
Av.  Block  Size: 217790289
Tree      Height: 1
2017-08-01T00:52:36.783+0000: 7308.356: [ParNew
Desired survivor size 8716288 bytes, new threshold 6 (max 6)
- age   1:    1372064 bytes,    1372064 total
- age   2:     879304 bytes,    2251368 total
- age   3:     660896 bytes,    2912264 total
- age   4:     566904 bytes,    3479168 total
- age   5:     599720 bytes,    4078888 total
- age   6:     532688 bytes,    4611576 total
: 143049K->6928K(153344K), 0.0229636 secs] 367284K->231793K(2080128K)After GC:
Statistics for BinaryTreeDictionary:
------------------------------------
Total Free Space: 217711239
Max   Chunk Size: 217711239
Number of Blocks: 1
Av.  Block  Size: 217711239
Tree      Height: 1
, 0.0230400 secs] [Times: user=0.06 sys=0.00, real=0.02 secs] 
Heap after GC invocations=129 (full 2):
 par new generation   total 153344K, used 6928K [0x0000000080000000, 0x000000008a660000, 0x000000008a660000)
  eden space 136320K,   0% used [0x0000000080000000, 0x0000000080000000, 0x0000000088520000)
  from space 17024K,  40% used [0x00000000895c0000, 0x0000000089c84330, 0x000000008a660000)
  to   space 17024K,   0% used [0x0000000088520000, 0x0000000088520000, 0x00000000895c0000)
 concurrent mark-sweep generation total 1926784K, used 224864K [0x000000008a660000, 0x0000000100000000, 0x0000000100000000)
 Metaspace       used 86224K, capacity 91990K, committed 92312K, reserved 1130496K
  class space    used 10440K, capacity 10834K, committed 10912K, reserved 1048576K
}
2017-08-01T00:52:36.806+0000: 7308.379: Total time for which application threads were stopped: 0.0233269 seconds, Stopping threads took: 0.0000443 seconds
2017-08-01T00:52:36.807+0000: 7308.380: Total time for which application threads were stopped: 0.0001596 seconds, Stopping threads took: 0.0000346 seconds
2017-08-01T00:52:36.807+0000: 7308.380: Total time for which application threads were stopped: 0.0000934 seconds, Stopping threads took: 0.0000420 seconds
2017-08-01T00:52:36.807+0000: 7308.381: Total time for which application threads were stopped: 0.0000686 seconds, Stopping threads took: 0.0000198 seconds
2017-08-01T00:52:36.807+0000: 7308.381: Total time for which application threads were stopped: 0.0001278 seconds, Stopping threads took: 0.0000475 seconds
2017-08-01T00:52:36.808+0000: 7308.381: Total time for which application threads were stopped: 0.0000927 seconds, Stopping threads took: 0.0000225 seconds
2017-08-01T00:52:36.808+0000: 7308.381: Total time for which application threads were stopped: 0.0001506 seconds, Stopping threads took: 0.0000876 seconds
2017-08-01T00:52:36.808+0000: 7308.381: Total time for which application threads were stopped: 0.0001270 seconds, Stopping threads took: 0.0000668 seconds
2017-08-01T00:52:36.808+0000: 7308.382: Total time for which application threads were stopped: 0.0001022 seconds, Stopping threads took: 0.0000262 seconds
2017-08-01T00:52:36.809+0000: 7308.382: Total time for which application threads were stopped: 0.0001158 seconds, Stopping threads took: 0.0000549 seconds
2017-08-01T00:52:36.809+0000: 7308.382: Total time for which application threads were stopped: 0.0000954 seconds, Stopping threads took: 0.0000389 seconds
2017-08-01T00:52:36.809+0000: 7308.382: Total time for which application threads were stopped: 0.0000896 seconds, Stopping threads took: 0.0000216 seconds
2017-08-01T00:52:36.809+0000: 7308.382: Total time for which application threads were stopped: 0.0000864 seconds, Stopping threads took: 0.0000326 seconds
2017-08-01T00:52:36.809+0000: 7308.382: Total time for which application threads were stopped: 0.0001068 seconds, Stopping threads took: 0.0000442 seconds
2017-08-01T00:52:36.809+0000: 7308.382: Total time for which application threads were stopped: 0.0000906 seconds, Stopping threads took: 0.0000353 seconds
2017-08-01T00:52:36.809+0000: 7308.383: Total time for which application threads were stopped: 0.0001064 seconds, Stopping threads took: 0.0000437 seconds
2017-08-01T00:52:36.809+0000: 7308.383: Total time for which application threads were stopped: 0.0000724 seconds, Stopping threads took: 0.0000203 seconds
2017-08-01T00:52:36.809+0000: 7308.383: Total time for which application threads were stopped: 0.0000776 seconds, Stopping threads took: 0.0000255 seconds
2017-08-01T00:52:36.810+0000: 7308.383: Total time for which application threads were stopped: 0.0001154 seconds, Stopping threads took: 0.0000535 seconds
2017-08-01T00:52:36.810+0000: 7308.383: Total time for which application threads were stopped: 0.0000766 seconds, Stopping threads took: 0.0000258 seconds
2017-08-01T00:52:36.810+0000: 7308.383: Total time for which application threads were stopped: 0.0002309 seconds, Stopping threads took: 0.0000356 seconds
2017-08-01T00:53:02.813+0000: 7334.386: Total time for which application threads were stopped: 0.0001875 seconds, Stopping threads took: 0.0000746 seconds
{Heap before GC invocations=129 (full 2):
 par new generation   total 153344K, used 143248K [0x0000000080000000, 0x000000008a660000, 0x000000008a660000)
  eden space 136320K, 100% used [0x0000000080000000, 0x0000000088520000, 0x0000000088520000)
  from space 17024K,  40% used [0x00000000895c0000, 0x0000000089c84330, 0x000000008a660000)
  to   space 17024K,   0% used [0x0000000088520000, 0x0000000088520000, 0x00000000895c0000)
 concurrent mark-sweep generation total 1926784K, used 224864K [0x000000008a660000, 0x0000000100000000, 0x0000000100000000)
 Metaspace       used 86225K, capacity 91990K, committed 92312K, reserved 1130496K
  class space    used 10440K, capacity 10834K, committed 10912K, reserved 1048576K
2017-08-01T00:53:50.680+0000: 7382.253: [GC (Allocation Failure) Before GC:
Statistics for BinaryTreeDictionary:
------------------------------------
Total Free Space: 217711239
Max   Chunk Size: 217711239
Number of Blocks: 1
Av.  Block  Size: 217711239
Tree      Height: 1
2017-08-01T00:53:50.680+0000: 7382.253: [ParNew
Desired survivor size 8716288 bytes, new threshold 6 (max 6)
- age   1:    1422248 bytes,    1422248 total
- age   2:     612416 bytes,    2034664 total
- age   3:     784256 bytes,    2818920 total
- age   4:     613984 bytes,    3432904 total
- age   5:     557192 bytes,    3990096 total
- age   6:     591272 bytes,    4581368 total
: 143248K->6838K(153344K), 0.0343512 secs] 368113K->232226K(2080128K)After GC:
Statistics for BinaryTreeDictionary:
------------------------------------
Total Free Space: 217643183
Max   Chunk Size: 217643183
Number of Blocks: 1
Av.  Block  Size: 217643183
Tree      Height: 1
, 0.0344573 secs] [Times: user=0.06 sys=0.00, real=0.04 secs] 
Heap after GC invocations=130 (full 2):
 par new generation   total 153344K, used 6838K [0x0000000080000000, 0x000000008a660000, 0x000000008a660000)
  eden space 136320K,   0% used [0x0000000080000000, 0x0000000080000000, 0x0000000088520000)
  from space 17024K,  40% used [0x0000000088520000, 0x0000000088bcd9d8, 0x00000000895c0000)
  to   space 17024K,   0% used [0x00000000895c0000, 0x00000000895c0000, 0x000000008a660000)
 concurrent mark-sweep generation total 1926784K, used 225388K [0x000000008a660000, 0x0000000100000000, 0x0000000100000000)
 Metaspace       used 86225K, capacity 91990K, committed 92312K, reserved 1130496K
  class space    used 10440K, capacity 10834K, committed 10912K, reserved 1048576K
}
2017-08-01T00:53:50.714+0000: 7382.287: Total time for which application threads were stopped: 0.0347845 seconds, Stopping threads took: 0.0000621 seconds
2017-08-01T00:53:50.725+0000: 7382.298: Total time for which application threads were stopped: 0.0075286 seconds, Stopping threads took: 0.0074179 seconds
2017-08-01T00:53:50.725+0000: 7382.298: Total time for which application threads were stopped: 0.0001072 seconds, Stopping threads took: 0.0000549 seconds
2017-08-01T00:53:50.725+0000: 7382.298: Total time for which application threads were stopped: 0.0000785 seconds, Stopping threads took: 0.0000199 seconds
2017-08-01T00:53:50.725+0000: 7382.298: Total time for which application threads were stopped: 0.0000742 seconds, Stopping threads took: 0.0000267 seconds
2017-08-01T00:53:50.725+0000: 7382.298: Total time for which application threads were stopped: 0.0000666 seconds, Stopping threads took: 0.0000194 seconds
2017-08-01T00:53:50.725+0000: 7382.298: Total time for which application threads were stopped: 0.0000647 seconds, Stopping threads took: 0.0000185 seconds
2017-08-01T00:53:50.725+0000: 7382.299: Total time for which application threads were stopped: 0.0000725 seconds, Stopping threads took: 0.0000261 seconds
2017-08-01T00:53:50.725+0000: 7382.299: Total time for which application threads were stopped: 0.0000669 seconds, Stopping threads took: 0.0000207 seconds
2017-08-01T00:53:50.726+0000: 7382.299: Total time for which application threads were stopped: 0.0000665 seconds, Stopping threads took: 0.0000211 seconds
2017-08-01T00:53:50.726+0000: 7382.299: Total time for which application threads were stopped: 0.0001026 seconds, Stopping threads took: 0.0000337 seconds
2017-08-01T00:53:50.726+0000: 7382.299: Total time for which application threads were stopped: 0.0000649 seconds, Stopping threads took: 0.0000189 seconds
2017-08-01T00:53:50.726+0000: 7382.299: Total time for which application threads were stopped: 0.0000742 seconds, Stopping threads took: 0.0000187 seconds
2017-08-01T00:53:50.726+0000: 7382.299: Total time for which application threads were stopped: 0.0000717 seconds, Stopping threads took: 0.0000218 seconds
2017-08-01T00:53:50.726+0000: 7382.299: Total time for which application threads were stopped: 0.0000644 seconds, Stopping threads took: 0.0000187 seconds
2017-08-01T00:53:50.726+0000: 7382.299: Total time for which application threads were stopped: 0.0000664 seconds, Stopping threads took: 0.0000209 seconds
2017-08-01T00:53:50.726+0000: 7382.299: Total time for which application threads were stopped: 0.0000991 seconds, Stopping threads took: 0.0000409 seconds
2017-08-01T00:53:50.726+0000: 7382.300: Total time for which application threads were stopped: 0.0000631 seconds, Stopping threads took: 0.0000172 seconds
2017-08-01T00:53:50.726+0000: 7382.300: Total time for which application threads were stopped: 0.0000650 seconds, Stopping threads took: 0.0000193 seconds
2017-08-01T00:53:50.727+0000: 7382.300: Total time for which application threads were stopped: 0.0000817 seconds, Stopping threads took: 0.0000206 seconds
2017-08-01T00:53:50.727+0000: 7382.300: Total time for which application threads were stopped: 0.0002300 seconds, Stopping threads took: 0.0000200 seconds
2017-08-01T00:54:27.736+0000: 7419.309: Total time for which application threads were stopped: 0.0001731 seconds, Stopping threads took: 0.0000553 seconds
2017-08-01T00:54:39.738+0000: 7431.311: Total time for which application threads were stopped: 0.0002101 seconds, Stopping threads took: 0.0000829 seconds
{Heap before GC invocations=130 (full 2):
 par new generation   total 153344K, used 143158K [0x0000000080000000, 0x000000008a660000, 0x000000008a660000)
  eden space 136320K, 100% used [0x0000000080000000, 0x0000000088520000, 0x0000000088520000)
  from space 17024K,  40% used [0x0000000088520000, 0x0000000088bcd9d8, 0x00000000895c0000)
  to   space 17024K,   0% used [0x00000000895c0000, 0x00000000895c0000, 0x000000008a660000)
 concurrent mark-sweep generation total 1926784K, used 225388K [0x000000008a660000, 0x0000000100000000, 0x0000000100000000)
 Metaspace       used 86232K, capacity 91990K, committed 92312K, reserved 1130496K
  class space    used 10440K, capacity 10834K, committed 10912K, reserved 1048576K
2017-08-01T00:55:12.022+0000: 7463.595: [GC (Allocation Failure) Before GC:
Statistics for BinaryTreeDictionary:
------------------------------------
Total Free Space: 217643183
Max   Chunk Size: 217643183
Number of Blocks: 1
Av.  Block  Size: 217643183
Tree      Height: 1
2017-08-01T00:55:12.022+0000: 7463.595: [ParNew
Desired survivor size 8716288 bytes, new threshold 6 (max 6)
- age   1:    1404312 bytes,    1404312 total
- age   2:     653912 bytes,    2058224 total
- age   3:     541616 bytes,    2599840 total
- age   4:     706264 bytes,    3306104 total
- age   5:     556696 bytes,    3862800 total
- age   6:     549872 bytes,    4412672 total
: 143158K->6722K(153344K), 0.0227060 secs] 368546K->232691K(2080128K)After GC:
Statistics for BinaryTreeDictionary:
------------------------------------
Total Free Space: 217570571
Max   Chunk Size: 217570571
Number of Blocks: 1
Av.  Block  Size: 217570571
Tree      Height: 1
, 0.0227923 secs] [Times: user=0.06 sys=0.00, real=0.03 secs] 
Heap after GC invocations=131 (full 2):
 par new generation   total 153344K, used 6722K [0x0000000080000000, 0x000000008a660000, 0x000000008a660000)
  eden space 136320K,   0% used [0x0000000080000000, 0x0000000080000000, 0x0000000088520000)
  from space 17024K,  39% used [0x00000000895c0000, 0x0000000089c50a90, 0x000000008a660000)
  to   space 17024K,   0% used [0x0000000088520000, 0x0000000088520000, 0x00000000895c0000)
 concurrent mark-sweep generation total 1926784K, used 225968K [0x000000008a660000, 0x0000000100000000, 0x0000000100000000)
 Metaspace       used 86232K, capacity 91990K, committed 92312K, reserved 1130496K
  class space    used 10440K, capacity 10834K, committed 10912K, reserved 1048576K
}
2017-08-01T00:55:12.045+0000: 7463.618: Total time for which application threads were stopped: 0.0230593 seconds, Stopping threads took: 0.0000577 seconds
2017-08-01T00:55:12.045+0000: 7463.618: Total time for which application threads were stopped: 0.0001833 seconds, Stopping threads took: 0.0000670 seconds
2017-08-01T00:55:12.045+0000: 7463.618: Total time for which application threads were stopped: 0.0000729 seconds, Stopping threads took: 0.0000224 seconds
2017-08-01T00:55:12.045+0000: 7463.618: Total time for which application threads were stopped: 0.0000681 seconds, Stopping threads took: 0.0000187 seconds
2017-08-01T00:55:12.045+0000: 7463.619: Total time for which application threads were stopped: 0.0000798 seconds, Stopping threads took: 0.0000291 seconds
2017-08-01T00:55:12.046+0000: 7463.619: Total time for which application threads were stopped: 0.0001621 seconds, Stopping threads took: 0.0000651 seconds
2017-08-01T00:55:12.046+0000: 7463.619: Total time for which application threads were stopped: 0.0001149 seconds, Stopping threads took: 0.0000295 seconds
2017-08-01T00:55:12.046+0000: 7463.620: Total time for which application threads were stopped: 0.0001015 seconds, Stopping threads took: 0.0000441 seconds
2017-08-01T00:55:12.046+0000: 7463.620: Total time for which application threads were stopped: 0.0000655 seconds, Stopping threads took: 0.0000183 seconds
2017-08-01T00:55:12.046+0000: 7463.620: Total time for which application threads were stopped: 0.0001116 seconds, Stopping threads took: 0.0000361 seconds
2017-08-01T00:55:12.047+0000: 7463.620: Total time for which application threads were stopped: 0.0000881 seconds, Stopping threads took: 0.0000195 seconds
2017-08-01T00:55:12.047+0000: 7463.620: Total time for which application threads were stopped: 0.0000720 seconds, Stopping threads took: 0.0000220 seconds
2017-08-01T00:55:12.047+0000: 7463.620: Total time for which application threads were stopped: 0.0001151 seconds, Stopping threads took: 0.0000429 seconds
2017-08-01T00:55:12.047+0000: 7463.620: Total time for which application threads were stopped: 0.0001136 seconds, Stopping threads took: 0.0000433 seconds
2017-08-01T00:55:12.047+0000: 7463.620: Total time for which application threads were stopped: 0.0000803 seconds, Stopping threads took: 0.0000213 seconds
2017-08-01T00:55:12.047+0000: 7463.620: Total time for which application threads were stopped: 0.0001105 seconds, Stopping threads took: 0.0000444 seconds
2017-08-01T00:55:12.047+0000: 7463.621: Total time for which application threads were stopped: 0.0001086 seconds, Stopping threads took: 0.0000425 seconds
2017-08-01T00:55:12.047+0000: 7463.621: Total time for which application threads were stopped: 0.0001078 seconds, Stopping threads took: 0.0000438 seconds
2017-08-01T00:55:12.048+0000: 7463.621: Total time for which application threads were stopped: 0.0001085 seconds, Stopping threads took: 0.0000422 seconds
2017-08-01T00:55:12.048+0000: 7463.621: Total time for which application threads were stopped: 0.0000846 seconds, Stopping threads took: 0.0000191 seconds
2017-08-01T00:55:12.048+0000: 7463.621: Total time for which application threads were stopped: 0.0002766 seconds, Stopping threads took: 0.0000433 seconds
2017-08-01T00:56:15.286+0000: 7526.859: Total time for which application threads were stopped: 0.0002074 seconds, Stopping threads took: 0.0000577 seconds
2017-08-01T00:56:15.286+0000: 7526.859: Total time for which application threads were stopped: 0.0000763 seconds, Stopping threads took: 0.0000222 seconds
2017-08-01T00:56:15.286+0000: 7526.860: Total time for which application threads were stopped: 0.0000873 seconds, Stopping threads took: 0.0000215 seconds
2017-08-01T00:56:15.286+0000: 7526.860: Total time for which application threads were stopped: 0.0000683 seconds, Stopping threads took: 0.0000182 seconds
2017-08-01T00:56:15.287+0000: 7526.860: Total time for which application threads were stopped: 0.0000888 seconds, Stopping threads took: 0.0000199 seconds
2017-08-01T00:56:15.287+0000: 7526.860: Total time for which application threads were stopped: 0.0000654 seconds, Stopping threads took: 0.0000166 seconds
2017-08-01T00:56:16.036+0000: 7527.609: Total time for which application threads were stopped: 0.0001856 seconds, Stopping threads took: 0.0000437 seconds
2017-08-01T00:56:16.037+0000: 7527.610: Total time for which application threads were stopped: 0.0001012 seconds, Stopping threads took: 0.0000246 seconds
2017-08-01T00:56:16.037+0000: 7527.610: Total time for which application threads were stopped: 0.0000740 seconds, Stopping threads took: 0.0000216 seconds
2017-08-01T00:56:16.037+0000: 7527.610: Total time for which application threads were stopped: 0.0000813 seconds, Stopping threads took: 0.0000302 seconds
2017-08-01T00:56:16.037+0000: 7527.611: Total time for which application threads were stopped: 0.0000757 seconds, Stopping threads took: 0.0000231 seconds
2017-08-01T00:56:16.037+0000: 7527.611: Total time for which application threads were stopped: 0.0000902 seconds, Stopping threads took: 0.0000209 seconds
2017-08-01T00:56:28.039+0000: 7539.612: Total time for which application threads were stopped: 0.0001531 seconds, Stopping threads took: 0.0000459 seconds
{Heap before GC invocations=131 (full 2):
 par new generation   total 153344K, used 143042K [0x0000000080000000, 0x000000008a660000, 0x000000008a660000)
  eden space 136320K, 100% used [0x0000000080000000, 0x0000000088520000, 0x0000000088520000)
  from space 17024K,  39% used [0x00000000895c0000, 0x0000000089c50a90, 0x000000008a660000)
  to   space 17024K,   0% used [0x0000000088520000, 0x0000000088520000, 0x00000000895c0000)
 concurrent mark-sweep generation total 1926784K, used 225968K [0x000000008a660000, 0x0000000100000000, 0x0000000100000000)
 Metaspace       used 86243K, capacity 91990K, committed 92312K, reserved 1130496K
  class space    used 10440K, capacity 10834K, committed 10912K, reserved 1048576K
2017-08-01T00:56:32.634+0000: 7544.207: [GC (Allocation Failure) Before GC:
Statistics for BinaryTreeDictionary:
------------------------------------
Total Free Space: 217570571
Max   Chunk Size: 217570571
Number of Blocks: 1
Av.  Block  Size: 217570571
Tree      Height: 1
2017-08-01T00:56:32.634+0000: 7544.207: [ParNew
Desired survivor size 8716288 bytes, new threshold 6 (max 6)
- age   1:    1394736 bytes,    1394736 total
- age   2:     637032 bytes,    2031768 total
- age   3:     590248 bytes,    2622016 total
- age   4:     500328 bytes,    3122344 total
- age   5:     633992 bytes,    3756336 total
- age   6:     548064 bytes,    4304400 total
: 143042K->6461K(153344K), 0.0219423 secs] 369011K->232971K(2080128K)After GC:
Statistics for BinaryTreeDictionary:
------------------------------------
Total Free Space: 217500683
Max   Chunk Size: 217500683
Number of Blocks: 1
Av.  Block  Size: 217500683
Tree      Height: 1
, 0.0220328 secs] [Times: user=0.05 sys=0.00, real=0.02 secs] 
Heap after GC invocations=132 (full 2):
 par new generation   total 153344K, used 6461K [0x0000000080000000, 0x000000008a660000, 0x000000008a660000)
  eden space 136320K,   0% used [0x0000000080000000, 0x0000000080000000, 0x0000000088520000)
  from space 17024K,  37% used [0x0000000088520000, 0x0000000088b6f4a0, 0x00000000895c0000)
  to   space 17024K,   0% used [0x00000000895c0000, 0x00000000895c0000, 0x000000008a660000)
 concurrent mark-sweep generation total 1926784K, used 226510K [0x000000008a660000, 0x0000000100000000, 0x0000000100000000)
 Metaspace       used 86243K, capacity 91990K, committed 92312K, reserved 1130496K
  class space    used 10440K, capacity 10834K, committed 10912K, reserved 1048576K
}
2017-08-01T00:56:32.656+0000: 7544.229: Total time for which application threads were stopped: 0.0231739 seconds, Stopping threads took: 0.0009278 seconds
2017-08-01T00:56:32.656+0000: 7544.230: Total time for which application threads were stopped: 0.0001279 seconds, Stopping threads took: 0.0000341 seconds
2017-08-01T00:56:32.657+0000: 7544.230: Total time for which application threads were stopped: 0.0000828 seconds, Stopping threads took: 0.0000331 seconds
2017-08-01T00:56:32.657+0000: 7544.230: Total time for which application threads were stopped: 0.0001173 seconds, Stopping threads took: 0.0000516 seconds
2017-08-01T00:56:32.657+0000: 7544.230: Total time for which application threads were stopped: 0.0000799 seconds, Stopping threads took: 0.0000297 seconds
2017-08-01T00:56:32.657+0000: 7544.230: Total time for which application threads were stopped: 0.0001274 seconds, Stopping threads took: 0.0000400 seconds
2017-08-01T00:56:32.657+0000: 7544.230: Total time for which application threads were stopped: 0.0000711 seconds, Stopping threads took: 0.0000222 seconds
2017-08-01T00:56:32.657+0000: 7544.230: Total time for which application threads were stopped: 0.0001057 seconds, Stopping threads took: 0.0000252 seconds
2017-08-01T00:56:32.657+0000: 7544.231: Total time for which application threads were stopped: 0.0000707 seconds, Stopping threads took: 0.0000225 seconds
2017-08-01T00:56:32.657+0000: 7544.231: Total time for which application threads were stopped: 0.0001143 seconds, Stopping threads took: 0.0000462 seconds
2017-08-01T00:56:32.658+0000: 7544.231: Total time for which application threads were stopped: 0.0000709 seconds, Stopping threads took: 0.0000189 seconds
2017-08-01T00:56:32.658+0000: 7544.231: Total time for which application threads were stopped: 0.0000887 seconds, Stopping threads took: 0.0000190 seconds
2017-08-01T00:56:32.658+0000: 7544.231: Total time for which application threads were stopped: 0.0001206 seconds, Stopping threads took: 0.0000586 seconds
2017-08-01T00:56:32.658+0000: 7544.231: Total time for which application threads were stopped: 0.0000969 seconds, Stopping threads took: 0.0000199 seconds
2017-08-01T00:56:32.658+0000: 7544.231: Total time for which application threads were stopped: 0.0000948 seconds, Stopping threads took: 0.0000401 seconds
2017-08-01T00:56:32.658+0000: 7544.231: Total time for which application threads were stopped: 0.0000712 seconds, Stopping threads took: 0.0000237 seconds
2017-08-01T00:56:32.658+0000: 7544.232: Total time for which application threads were stopped: 0.0000838 seconds, Stopping threads took: 0.0000201 seconds
2017-08-01T00:56:32.658+0000: 7544.232: Total time for which application threads were stopped: 0.0000673 seconds, Stopping threads took: 0.0000199 seconds
2017-08-01T00:56:32.658+0000: 7544.232: Total time for which application threads were stopped: 0.0000660 seconds, Stopping threads took: 0.0000194 seconds
2017-08-01T00:56:32.659+0000: 7544.232: Total time for which application threads were stopped: 0.0000827 seconds, Stopping threads took: 0.0000350 seconds
2017-08-01T00:56:32.659+0000: 7544.232: Total time for which application threads were stopped: 0.0002248 seconds, Stopping threads took: 0.0000194 seconds
2017-08-01T00:57:05.672+0000: 7577.245: Total time for which application threads were stopped: 0.0001730 seconds, Stopping threads took: 0.0000611 seconds
2017-08-01T00:57:23.674+0000: 7595.248: Total time for which application threads were stopped: 0.0001800 seconds, Stopping threads took: 0.0000559 seconds
2017-08-01T00:57:24.675+0000: 7596.248: Total time for which application threads were stopped: 0.0001517 seconds, Stopping threads took: 0.0000513 seconds
2017-08-01T00:57:27.675+0000: 7599.248: Total time for which application threads were stopped: 0.0001569 seconds, Stopping threads took: 0.0000492 seconds
{Heap before GC invocations=132 (full 2):
 par new generation   total 153344K, used 142781K [0x0000000080000000, 0x000000008a660000, 0x000000008a660000)
  eden space 136320K, 100% used [0x0000000080000000, 0x0000000088520000, 0x0000000088520000)
  from space 17024K,  37% used [0x0000000088520000, 0x0000000088b6f4a0, 0x00000000895c0000)
  to   space 17024K,   0% used [0x00000000895c0000, 0x00000000895c0000, 0x000000008a660000)
 concurrent mark-sweep generation total 1926784K, used 226510K [0x000000008a660000, 0x0000000100000000, 0x0000000100000000)
 Metaspace       used 86262K, capacity 92054K, committed 92312K, reserved 1130496K
  class space    used 10440K, capacity 10834K, committed 10912K, reserved 1048576K
2017-08-01T00:57:50.662+0000: 7622.235: [GC (Allocation Failure) Before GC:
Statistics for BinaryTreeDictionary:
------------------------------------
Total Free Space: 217500683
Max   Chunk Size: 217500683
Number of Blocks: 1
Av.  Block  Size: 217500683
Tree      Height: 1
2017-08-01T00:57:50.662+0000: 7622.235: [ParNew
Desired survivor size 8716288 bytes, new threshold 6 (max 6)
- age   1:    1377824 bytes,    1377824 total
- age   2:     622880 bytes,    2000704 total
- age   3:     571544 bytes,    2572248 total
- age   4:     523520 bytes,    3095768 total
- age   5:     477688 bytes,    3573456 total
- age   6:     620632 bytes,    4194088 total
: 142781K->4275K(153344K), 0.0382540 secs] 369291K->231325K(2080128K)After GC:
Statistics for BinaryTreeDictionary:
------------------------------------
Total Free Space: 217430859
Max   Chunk Size: 217430859
Number of Blocks: 1
Av.  Block  Size: 217430859
Tree      Height: 1
, 0.0383666 secs] [Times: user=0.05 sys=0.00, real=0.04 secs] 
Heap after GC invocations=133 (full 2):
 par new generation   total 153344K, used 4275K [0x0000000080000000, 0x000000008a660000, 0x000000008a660000)
  eden space 136320K,   0% used [0x0000000080000000, 0x0000000080000000, 0x0000000088520000)
  from space 17024K,  25% used [0x00000000895c0000, 0x00000000899ecf40, 0x000000008a660000)
  to   space 17024K,   0% used [0x0000000088520000, 0x0000000088520000, 0x00000000895c0000)
 concurrent mark-sweep generation total 1926784K, used 227049K [0x000000008a660000, 0x0000000100000000, 0x0000000100000000)
 Metaspace       used 86262K, capacity 92054K, committed 92312K, reserved 1130496K
  class space    used 10440K, capacity 10834K, committed 10912K, reserved 1048576K
}
2017-08-01T00:57:50.700+0000: 7622.274: Total time for which application threads were stopped: 0.0386528 seconds, Stopping threads took: 0.0000369 seconds
2017-08-01T00:57:50.701+0000: 7622.274: Total time for which application threads were stopped: 0.0002153 seconds, Stopping threads took: 0.0000757 seconds
2017-08-01T00:57:50.701+0000: 7622.274: Total time for which application threads were stopped: 0.0000917 seconds, Stopping threads took: 0.0000142 seconds
2017-08-01T00:57:50.701+0000: 7622.275: Total time for which application threads were stopped: 0.0000976 seconds, Stopping threads took: 0.0000139 seconds
2017-08-01T00:57:50.701+0000: 7622.275: Total time for which application threads were stopped: 0.0000928 seconds, Stopping threads took: 0.0000145 seconds
2017-08-01T00:57:50.702+0000: 7622.275: Total time for which application threads were stopped: 0.0000887 seconds, Stopping threads took: 0.0000133 seconds
2017-08-01T00:57:50.702+0000: 7622.275: Total time for which application threads were stopped: 0.0000899 seconds, Stopping threads took: 0.0000138 seconds
2017-08-01T00:57:50.702+0000: 7622.275: Total time for which application threads were stopped: 0.0000871 seconds, Stopping threads took: 0.0000126 seconds
2017-08-01T00:57:50.702+0000: 7622.275: Total time for which application threads were stopped: 0.0000948 seconds, Stopping threads took: 0.0000145 seconds
2017-08-01T00:57:50.702+0000: 7622.275: Total time for which application threads were stopped: 0.0000883 seconds, Stopping threads took: 0.0000133 seconds
2017-08-01T00:57:50.702+0000: 7622.275: Total time for which application threads were stopped: 0.0000897 seconds, Stopping threads took: 0.0000139 seconds
2017-08-01T00:57:50.702+0000: 7622.276: Total time for which application threads were stopped: 0.0001228 seconds, Stopping threads took: 0.0000482 seconds
2017-08-01T00:57:50.702+0000: 7622.276: Total time for which application threads were stopped: 0.0000802 seconds, Stopping threads took: 0.0000295 seconds
2017-08-01T00:57:50.703+0000: 7622.276: Total time for which application threads were stopped: 0.0000898 seconds, Stopping threads took: 0.0000366 seconds
2017-08-01T00:57:50.703+0000: 7622.276: Total time for which application threads were stopped: 0.0000691 seconds, Stopping threads took: 0.0000193 seconds
2017-08-01T00:57:50.703+0000: 7622.276: Total time for which application threads were stopped: 0.0000750 seconds, Stopping threads took: 0.0000254 seconds
2017-08-01T00:57:50.703+0000: 7622.276: Total time for which application threads were stopped: 0.0000685 seconds, Stopping threads took: 0.0000177 seconds
2017-08-01T00:57:50.703+0000: 7622.276: Total time for which application threads were stopped: 0.0000733 seconds, Stopping threads took: 0.0000206 seconds
2017-08-01T00:57:50.703+0000: 7622.276: Total time for which application threads were stopped: 0.0000698 seconds, Stopping threads took: 0.0000201 seconds
2017-08-01T00:57:50.703+0000: 7622.276: Total time for which application threads were stopped: 0.0000901 seconds, Stopping threads took: 0.0000194 seconds
2017-08-01T00:57:50.703+0000: 7622.277: Total time for which application threads were stopped: 0.0002278 seconds, Stopping threads took: 0.0000197 seconds
2017-08-01T00:57:59.705+0000: 7631.278: Total time for which application threads were stopped: 0.0001774 seconds, Stopping threads took: 0.0000414 seconds
2017-08-01T00:58:15.707+0000: 7647.280: Total time for which application threads were stopped: 0.0002007 seconds, Stopping threads took: 0.0000877 seconds
2017-08-01T00:58:23.708+0000: 7655.281: Total time for which application threads were stopped: 0.0001622 seconds, Stopping threads took: 0.0000406 seconds
2017-08-01T00:58:31.146+0000: 7662.719: Total time for which application threads were stopped: 0.0002213 seconds, Stopping threads took: 0.0000439 seconds
2017-08-01T00:58:31.146+0000: 7662.720: Total time for which application threads were stopped: 0.0000972 seconds, Stopping threads took: 0.0000221 seconds
2017-08-01T00:58:31.146+0000: 7662.720: Total time for which application threads were stopped: 0.0001409 seconds, Stopping threads took: 0.0000428 seconds
2017-08-01T00:58:31.147+0000: 7662.720: Total time for which application threads were stopped: 0.0000877 seconds, Stopping threads took: 0.0000212 seconds
2017-08-01T00:58:31.147+0000: 7662.720: Total time for which application threads were stopped: 0.0000896 seconds, Stopping threads took: 0.0000222 seconds
2017-08-01T00:58:31.147+0000: 7662.720: Total time for which application threads were stopped: 0.0000871 seconds, Stopping threads took: 0.0000199 seconds
2017-08-01T00:58:32.182+0000: 7663.756: Total time for which application threads were stopped: 0.0002094 seconds, Stopping threads took: 0.0000673 seconds
2017-08-01T00:58:32.183+0000: 7663.756: Total time for which application threads were stopped: 0.0000731 seconds, Stopping threads took: 0.0000217 seconds
2017-08-01T00:58:32.183+0000: 7663.756: Total time for which application threads were stopped: 0.0001065 seconds, Stopping threads took: 0.0000450 seconds
2017-08-01T00:58:32.183+0000: 7663.756: Total time for which application threads were stopped: 0.0001093 seconds, Stopping threads took: 0.0000486 seconds
2017-08-01T00:58:32.183+0000: 7663.756: Total time for which application threads were stopped: 0.0000710 seconds, Stopping threads took: 0.0000186 seconds
2017-08-01T00:58:32.183+0000: 7663.756: Total time for which application threads were stopped: 0.0000725 seconds, Stopping threads took: 0.0000207 seconds
2017-08-01T00:58:51.186+0000: 7682.759: Total time for which application threads were stopped: 0.0001770 seconds, Stopping threads took: 0.0000396 seconds
2017-08-01T00:58:58.186+0000: 7689.760: Total time for which application threads were stopped: 0.0001521 seconds, Stopping threads took: 0.0000370 seconds
2017-08-01T00:59:06.187+0000: 7697.761: Total time for which application threads were stopped: 0.0001479 seconds, Stopping threads took: 0.0000435 seconds
{Heap before GC invocations=133 (full 2):
 par new generation   total 153344K, used 140595K [0x0000000080000000, 0x000000008a660000, 0x000000008a660000)
  eden space 136320K, 100% used [0x0000000080000000, 0x0000000088520000, 0x0000000088520000)
  from space 17024K,  25% used [0x00000000895c0000, 0x00000000899ecf40, 0x000000008a660000)
  to   space 17024K,   0% used [0x0000000088520000, 0x0000000088520000, 0x00000000895c0000)
 concurrent mark-sweep generation total 1926784K, used 227049K [0x000000008a660000, 0x0000000100000000, 0x0000000100000000)
 Metaspace       used 86292K, capacity 92054K, committed 92312K, reserved 1130496K
  class space    used 10440K, capacity 10834K, committed 10912K, reserved 1048576K
2017-08-01T00:59:07.405+0000: 7698.979: [GC (Allocation Failure) Before GC:
Statistics for BinaryTreeDictionary:
------------------------------------
Total Free Space: 217430859
Max   Chunk Size: 217430859
Number of Blocks: 1
Av.  Block  Size: 217430859
Tree      Height: 1
2017-08-01T00:59:07.405+0000: 7698.979: [ParNew
Desired survivor size 8716288 bytes, new threshold 6 (max 6)
- age   1:    1322248 bytes,    1322248 total
- age   2:     662256 bytes,    1984504 total
- age   3:     559760 bytes,    2544264 total
- age   4:     512192 bytes,    3056456 total
- age   5:     457200 bytes,    3513656 total
- age   6:     468472 bytes,    3982128 total
: 140595K->6182K(153344K), 0.0213426 secs] 367645K->233840K(2080128K)After GC:
Statistics for BinaryTreeDictionary:
------------------------------------
Total Free Space: 217351085
Max   Chunk Size: 217351085
Number of Blocks: 1
Av.  Block  Size: 217351085
Tree      Height: 1
, 0.0214260 secs] [Times: user=0.05 sys=0.00, real=0.02 secs] 
Heap after GC invocations=134 (full 2):
 par new generation   total 153344K, used 6182K [0x0000000080000000, 0x000000008a660000, 0x000000008a660000)
  eden space 136320K,   0% used [0x0000000080000000, 0x0000000080000000, 0x0000000088520000)
  from space 17024K,  36% used [0x0000000088520000, 0x0000000088b29950, 0x00000000895c0000)
  to   space 17024K,   0% used [0x00000000895c0000, 0x00000000895c0000, 0x000000008a660000)
 concurrent mark-sweep generation total 1926784K, used 227658K [0x000000008a660000, 0x0000000100000000, 0x0000000100000000)
 Metaspace       used 86292K, capacity 92054K, committed 92312K, reserved 1130496K
  class space    used 10440K, capacity 10834K, committed 10912K, reserved 1048576K
}
2017-08-01T00:59:07.427+0000: 7699.000: Total time for which application threads were stopped: 0.0217229 seconds, Stopping threads took: 0.0000933 seconds
2017-08-01T00:59:07.427+0000: 7699.001: Total time for which application threads were stopped: 0.0001434 seconds, Stopping threads took: 0.0000527 seconds
2017-08-01T00:59:07.427+0000: 7699.001: Total time for which application threads were stopped: 0.0000947 seconds, Stopping threads took: 0.0000288 seconds
2017-08-01T00:59:07.427+0000: 7699.001: Total time for which application threads were stopped: 0.0000668 seconds, Stopping threads took: 0.0000182 seconds
2017-08-01T00:59:07.428+0000: 7699.001: Total time for which application threads were stopped: 0.0001054 seconds, Stopping threads took: 0.0000467 seconds
2017-08-01T00:59:07.428+0000: 7699.001: Total time for which application threads were stopped: 0.0001168 seconds, Stopping threads took: 0.0000557 seconds
2017-08-01T00:59:07.428+0000: 7699.002: Total time for which application threads were stopped: 0.0000680 seconds, Stopping threads took: 0.0000204 seconds
2017-08-01T00:59:07.428+0000: 7699.002: Total time for which application threads were stopped: 0.0000700 seconds, Stopping threads took: 0.0000227 seconds
2017-08-01T00:59:07.429+0000: 7699.002: Total time for which application threads were stopped: 0.0000969 seconds, Stopping threads took: 0.0000405 seconds
2017-08-01T00:59:07.429+0000: 7699.002: Total time for which application threads were stopped: 0.0000885 seconds, Stopping threads took: 0.0000316 seconds
2017-08-01T00:59:07.429+0000: 7699.002: Total time for which application threads were stopped: 0.0000993 seconds, Stopping threads took: 0.0000431 seconds
2017-08-01T00:59:07.429+0000: 7699.002: Total time for which application threads were stopped: 0.0000749 seconds, Stopping threads took: 0.0000191 seconds
2017-08-01T00:59:07.429+0000: 7699.002: Total time for which application threads were stopped: 0.0000984 seconds, Stopping threads took: 0.0000309 seconds
2017-08-01T00:59:07.430+0000: 7699.003: Total time for which application threads were stopped: 0.0001315 seconds, Stopping threads took: 0.0000704 seconds
2017-08-01T00:59:07.430+0000: 7699.003: Total time for which application threads were stopped: 0.0001177 seconds, Stopping threads took: 0.0000564 seconds
2017-08-01T00:59:07.437+0000: 7699.011: Total time for which application threads were stopped: 0.0001228 seconds, Stopping threads took: 0.0000546 seconds
2017-08-01T00:59:07.437+0000: 7699.011: Total time for which application threads were stopped: 0.0000756 seconds, Stopping threads took: 0.0000273 seconds
2017-08-01T00:59:07.438+0000: 7699.011: Total time for which application threads were stopped: 0.0001318 seconds, Stopping threads took: 0.0000501 seconds
2017-08-01T00:59:07.438+0000: 7699.011: Total time for which application threads were stopped: 0.0001265 seconds, Stopping threads took: 0.0000623 seconds
2017-08-01T00:59:07.438+0000: 7699.011: Total time for which application threads were stopped: 0.0000995 seconds, Stopping threads took: 0.0000200 seconds
2017-08-01T00:59:07.438+0000: 7699.012: Total time for which application threads were stopped: 0.0002893 seconds, Stopping threads took: 0.0000639 seconds
2017-08-01T00:59:24.440+0000: 7716.013: Total time for which application threads were stopped: 0.0001684 seconds, Stopping threads took: 0.0000443 seconds
2017-08-01T00:59:27.440+0000: 7719.014: Total time for which application threads were stopped: 0.0001511 seconds, Stopping threads took: 0.0000430 seconds
2017-08-01T00:59:41.442+0000: 7733.015: Total time for which application threads were stopped: 0.0001631 seconds, Stopping threads took: 0.0000442 seconds
2017-08-01T00:59:59.444+0000: 7751.017: Total time for which application threads were stopped: 0.0001612 seconds, Stopping threads took: 0.0000428 seconds
2017-08-01T01:00:24.452+0000: 7776.025: Total time for which application threads were stopped: 0.0001555 seconds, Stopping threads took: 0.0000468 seconds
{Heap before GC invocations=134 (full 2):
 par new generation   total 153344K, used 142502K [0x0000000080000000, 0x000000008a660000, 0x000000008a660000)
  eden space 136320K, 100% used [0x0000000080000000, 0x0000000088520000, 0x0000000088520000)
  from space 17024K,  36% used [0x0000000088520000, 0x0000000088b29950, 0x00000000895c0000)
  to   space 17024K,   0% used [0x00000000895c0000, 0x00000000895c0000, 0x000000008a660000)
 concurrent mark-sweep generation total 1926784K, used 227658K [0x000000008a660000, 0x0000000100000000, 0x0000000100000000)
 Metaspace       used 86297K, capacity 92054K, committed 92312K, reserved 1130496K
  class space    used 10440K, capacity 10834K, committed 10912K, reserved 1048576K
2017-08-01T01:00:27.360+0000: 7778.934: [GC (Allocation Failure) Before GC:
Statistics for BinaryTreeDictionary:
------------------------------------
Total Free Space: 217351085
Max   Chunk Size: 217351085
Number of Blocks: 1
Av.  Block  Size: 217351085
Tree      Height: 1
2017-08-01T01:00:27.360+0000: 7778.934: [ParNew
Desired survivor size 8716288 bytes, new threshold 6 (max 6)
- age   1:    1460712 bytes,    1460712 total
- age   2:     614960 bytes,    2075672 total
- age   3:     593624 bytes,    2669296 total
- age   4:     524896 bytes,    3194192 total
- age   5:     448632 bytes,    3642824 total
- age   6:     447320 bytes,    4090144 total
: 142502K->5853K(153344K), 0.0238206 secs] 370160K->233973K(2080128K)After GC:
Statistics for BinaryTreeDictionary:
------------------------------------
Total Free Space: 217294736
Max   Chunk Size: 217294736
Number of Blocks: 1
Av.  Block  Size: 217294736
Tree      Height: 1
, 0.0239049 secs] [Times: user=0.06 sys=0.00, real=0.03 secs] 
Heap after GC invocations=135 (full 2):
 par new generation   total 153344K, used 5853K [0x0000000080000000, 0x000000008a660000, 0x000000008a660000)
  eden space 136320K,   0% used [0x0000000080000000, 0x0000000080000000, 0x0000000088520000)
  from space 17024K,  34% used [0x00000000895c0000, 0x0000000089b776f8, 0x000000008a660000)
  to   space 17024K,   0% used [0x0000000088520000, 0x0000000088520000, 0x00000000895c0000)
 concurrent mark-sweep generation total 1926784K, used 228119K [0x000000008a660000, 0x0000000100000000, 0x0000000100000000)
 Metaspace       used 86297K, capacity 92054K, committed 92312K, reserved 1130496K
  class space    used 10440K, capacity 10834K, committed 10912K, reserved 1048576K
}
2017-08-01T01:00:27.384+0000: 7778.958: Total time for which application threads were stopped: 0.0241669 seconds, Stopping threads took: 0.0000456 seconds
2017-08-01T01:00:27.385+0000: 7778.958: Total time for which application threads were stopped: 0.0001648 seconds, Stopping threads took: 0.0000388 seconds
2017-08-01T01:00:27.385+0000: 7778.958: Total time for which application threads were stopped: 0.0001105 seconds, Stopping threads took: 0.0000448 seconds
2017-08-01T01:00:27.385+0000: 7778.959: Total time for which application threads were stopped: 0.0001257 seconds, Stopping threads took: 0.0000571 seconds
2017-08-01T01:00:27.391+0000: 7778.965: Total time for which application threads were stopped: 0.0001131 seconds, Stopping threads took: 0.0000369 seconds
2017-08-01T01:00:27.391+0000: 7778.965: Total time for which application threads were stopped: 0.0000711 seconds, Stopping threads took: 0.0000231 seconds
2017-08-01T01:00:27.392+0000: 7778.965: Total time for which application threads were stopped: 0.0000819 seconds, Stopping threads took: 0.0000214 seconds
2017-08-01T01:00:27.392+0000: 7778.965: Total time for which application threads were stopped: 0.0000876 seconds, Stopping threads took: 0.0000189 seconds
2017-08-01T01:00:27.392+0000: 7778.966: Total time for which application threads were stopped: 0.0001277 seconds, Stopping threads took: 0.0000622 seconds
2017-08-01T01:00:27.392+0000: 7778.966: Total time for which application threads were stopped: 0.0000985 seconds, Stopping threads took: 0.0000211 seconds
2017-08-01T01:00:27.393+0000: 7778.966: Total time for which application threads were stopped: 0.0000969 seconds, Stopping threads took: 0.0000407 seconds
2017-08-01T01:00:27.393+0000: 7778.966: Total time for which application threads were stopped: 0.0001198 seconds, Stopping threads took: 0.0000541 seconds
2017-08-01T01:00:27.393+0000: 7778.966: Total time for which application threads were stopped: 0.0000806 seconds, Stopping threads took: 0.0000202 seconds
2017-08-01T01:00:27.393+0000: 7778.966: Total time for which application threads were stopped: 0.0000895 seconds, Stopping threads took: 0.0000383 seconds
2017-08-01T01:00:27.393+0000: 7778.966: Total time for which application threads were stopped: 0.0001194 seconds, Stopping threads took: 0.0000586 seconds
2017-08-01T01:00:27.393+0000: 7778.966: Total time for which application threads were stopped: 0.0001101 seconds, Stopping threads took: 0.0000474 seconds
2017-08-01T01:00:27.393+0000: 7778.967: Total time for which application threads were stopped: 0.0000711 seconds, Stopping threads took: 0.0000222 seconds
2017-08-01T01:00:27.393+0000: 7778.967: Total time for which application threads were stopped: 0.0000745 seconds, Stopping threads took: 0.0000274 seconds
2017-08-01T01:00:27.393+0000: 7778.967: Total time for which application threads were stopped: 0.0000675 seconds, Stopping threads took: 0.0000188 seconds
2017-08-01T01:00:27.394+0000: 7778.967: Total time for which application threads were stopped: 0.0000673 seconds, Stopping threads took: 0.0000202 seconds
2017-08-01T01:00:27.394+0000: 7778.967: Total time for which application threads were stopped: 0.0002817 seconds, Stopping threads took: 0.0000487 seconds
2017-08-01T01:00:58.398+0000: 7809.971: Total time for which application threads were stopped: 0.0001521 seconds, Stopping threads took: 0.0000466 seconds
2017-08-01T01:01:41.403+0000: 7852.976: Total time for which application threads were stopped: 0.0001475 seconds, Stopping threads took: 0.0000417 seconds
{Heap before GC invocations=135 (full 2):
 par new generation   total 153344K, used 142173K [0x0000000080000000, 0x000000008a660000, 0x000000008a660000)
  eden space 136320K, 100% used [0x0000000080000000, 0x0000000088520000, 0x0000000088520000)
  from space 17024K,  34% used [0x00000000895c0000, 0x0000000089b776f8, 0x000000008a660000)
  to   space 17024K,   0% used [0x0000000088520000, 0x0000000088520000, 0x00000000895c0000)
 concurrent mark-sweep generation total 1926784K, used 228119K [0x000000008a660000, 0x0000000100000000, 0x0000000100000000)
 Metaspace       used 86303K, capacity 92054K, committed 92312K, reserved 1130496K
  class space    used 10440K, capacity 10834K, committed 10912K, reserved 1048576K
2017-08-01T01:01:49.377+0000: 7860.950: [GC (Allocation Failure) Before GC:
Statistics for BinaryTreeDictionary:
------------------------------------
Total Free Space: 217294736
Max   Chunk Size: 217294736
Number of Blocks: 1
Av.  Block  Size: 217294736
Tree      Height: 1
2017-08-01T01:01:49.377+0000: 7860.950: [ParNew
Desired survivor size 8716288 bytes, new threshold 6 (max 6)
- age   1:    1474440 bytes,    1474440 total
- age   2:     714984 bytes,    2189424 total
- age   3:     565552 bytes,    2754976 total
- age   4:     536912 bytes,    3291888 total
- age   5:     505864 bytes,    3797752 total
- age   6:     440024 bytes,    4237776 total
: 142173K->5998K(153344K), 0.0214402 secs] 370293K->234557K(2080128K)After GC:
Statistics for BinaryTreeDictionary:
------------------------------------
Total Free Space: 217236012
Max   Chunk Size: 217236012
Number of Blocks: 1
Av.  Block  Size: 217236012
Tree      Height: 1
, 0.0215353 secs] [Times: user=0.05 sys=0.00, real=0.02 secs] 
Heap after GC invocations=136 (full 2):
 par new generation   total 153344K, used 5998K [0x0000000080000000, 0x000000008a660000, 0x000000008a660000)
  eden space 136320K,   0% used [0x0000000080000000, 0x0000000080000000, 0x0000000088520000)
  from space 17024K,  35% used [0x0000000088520000, 0x0000000088afba18, 0x00000000895c0000)
  to   space 17024K,   0% used [0x00000000895c0000, 0x00000000895c0000, 0x000000008a660000)
 concurrent mark-sweep generation total 1926784K, used 228559K [0x000000008a660000, 0x0000000100000000, 0x0000000100000000)
 Metaspace       used 86303K, capacity 92054K, committed 92312K, reserved 1130496K
  class space    used 10440K, capacity 10834K, committed 10912K, reserved 1048576K
}
2017-08-01T01:01:49.398+0000: 7860.972: Total time for which application threads were stopped: 0.0218094 seconds, Stopping threads took: 0.0000699 seconds
2017-08-01T01:01:49.399+0000: 7860.972: Total time for which application threads were stopped: 0.0001620 seconds, Stopping threads took: 0.0000588 seconds
2017-08-01T01:01:49.399+0000: 7860.973: Total time for which application threads were stopped: 0.0000694 seconds, Stopping threads took: 0.0000206 seconds
2017-08-01T01:01:49.399+0000: 7860.973: Total time for which application threads were stopped: 0.0000999 seconds, Stopping threads took: 0.0000402 seconds
2017-08-01T01:01:49.399+0000: 7860.973: Total time for which application threads were stopped: 0.0000979 seconds, Stopping threads took: 0.0000214 seconds
2017-08-01T01:01:49.400+0000: 7860.973: Total time for which application threads were stopped: 0.0000792 seconds, Stopping threads took: 0.0000204 seconds
2017-08-01T01:01:49.400+0000: 7860.973: Total time for which application threads were stopped: 0.0000684 seconds, Stopping threads took: 0.0000189 seconds
2017-08-01T01:01:49.400+0000: 7860.973: Total time for which application threads were stopped: 0.0000722 seconds, Stopping threads took: 0.0000190 seconds
2017-08-01T01:01:49.400+0000: 7860.973: Total time for which application threads were stopped: 0.0000940 seconds, Stopping threads took: 0.0000430 seconds
2017-08-01T01:01:49.400+0000: 7860.973: Total time for which application threads were stopped: 0.0001082 seconds, Stopping threads took: 0.0000448 seconds
2017-08-01T01:01:49.400+0000: 7860.973: Total time for which application threads were stopped: 0.0000701 seconds, Stopping threads took: 0.0000235 seconds
2017-08-01T01:01:49.401+0000: 7860.974: Total time for which application threads were stopped: 0.0001100 seconds, Stopping threads took: 0.0000479 seconds
2017-08-01T01:01:49.401+0000: 7860.974: Total time for which application threads were stopped: 0.0001069 seconds, Stopping threads took: 0.0000462 seconds
2017-08-01T01:01:49.401+0000: 7860.974: Total time for which application threads were stopped: 0.0000996 seconds, Stopping threads took: 0.0000292 seconds
2017-08-01T01:01:49.401+0000: 7860.975: Total time for which application threads were stopped: 0.0000690 seconds, Stopping threads took: 0.0000216 seconds
2017-08-01T01:01:49.401+0000: 7860.975: Total time for which application threads were stopped: 0.0001329 seconds, Stopping threads took: 0.0000728 seconds
2017-08-01T01:01:49.402+0000: 7860.975: Total time for which application threads were stopped: 0.0000686 seconds, Stopping threads took: 0.0000214 seconds
2017-08-01T01:01:49.402+0000: 7860.975: Total time for which application threads were stopped: 0.0001025 seconds, Stopping threads took: 0.0000414 seconds
2017-08-01T01:01:49.402+0000: 7860.975: Total time for which application threads were stopped: 0.0001131 seconds, Stopping threads took: 0.0000486 seconds
2017-08-01T01:01:49.402+0000: 7860.975: Total time for which application threads were stopped: 0.0001112 seconds, Stopping threads took: 0.0000484 seconds
2017-08-01T01:01:49.402+0000: 7860.975: Total time for which application threads were stopped: 0.0002851 seconds, Stopping threads took: 0.0000467 seconds
2017-08-01T01:02:41.408+0000: 7912.981: Total time for which application threads were stopped: 0.0001747 seconds, Stopping threads took: 0.0000452 seconds
2017-08-01T01:02:58.410+0000: 7929.983: Total time for which application threads were stopped: 0.0001533 seconds, Stopping threads took: 0.0000439 seconds
{Heap before GC invocations=136 (full 2):
 par new generation   total 153344K, used 142318K [0x0000000080000000, 0x000000008a660000, 0x000000008a660000)
  eden space 136320K, 100% used [0x0000000080000000, 0x0000000088520000, 0x0000000088520000)
  from space 17024K,  35% used [0x0000000088520000, 0x0000000088afba18, 0x00000000895c0000)
  to   space 17024K,   0% used [0x00000000895c0000, 0x00000000895c0000, 0x000000008a660000)
 concurrent mark-sweep generation total 1926784K, used 228559K [0x000000008a660000, 0x0000000100000000, 0x0000000100000000)
 Metaspace       used 86312K, capacity 92054K, committed 92312K, reserved 1130496K
  class space    used 10440K, capacity 10834K, committed 10912K, reserved 1048576K
2017-08-01T01:03:02.646+0000: 7934.219: [GC (Allocation Failure) Before GC:
Statistics for BinaryTreeDictionary:
------------------------------------
Total Free Space: 217236012
Max   Chunk Size: 217236012
Number of Blocks: 1
Av.  Block  Size: 217236012
Tree      Height: 1
2017-08-01T01:03:02.646+0000: 7934.219: [ParNew
Desired survivor size 8716288 bytes, new threshold 6 (max 6)
- age   1:    1380208 bytes,    1380208 total
- age   2:     757640 bytes,    2137848 total
- age   3:     654648 bytes,    2792496 total
- age   4:     511880 bytes,    3304376 total
- age   5:     475384 bytes,    3779760 total
- age   6:     496384 bytes,    4276144 total
: 142318K->6132K(153344K), 0.0213941 secs] 370877K->235123K(2080128K)After GC:
Statistics for BinaryTreeDictionary:
------------------------------------
Total Free Space: 217181405
Max   Chunk Size: 217181405
Number of Blocks: 1
Av.  Block  Size: 217181405
Tree      Height: 1
, 0.0215032 secs] [Times: user=0.06 sys=0.00, real=0.02 secs] 
Heap after GC invocations=137 (full 2):
 par new generation   total 153344K, used 6132K [0x0000000080000000, 0x000000008a660000, 0x000000008a660000)
  eden space 136320K,   0% used [0x0000000080000000, 0x0000000080000000, 0x0000000088520000)
  from space 17024K,  36% used [0x00000000895c0000, 0x0000000089bbd150, 0x000000008a660000)
  to   space 17024K,   0% used [0x0000000088520000, 0x0000000088520000, 0x00000000895c0000)
 concurrent mark-sweep generation total 1926784K, used 228990K [0x000000008a660000, 0x0000000100000000, 0x0000000100000000)
 Metaspace       used 86312K, capacity 92054K, committed 92312K, reserved 1130496K
  class space    used 10440K, capacity 10834K, committed 10912K, reserved 1048576K
}
2017-08-01T01:03:02.667+0000: 7934.240: Total time for which application threads were stopped: 0.0217418 seconds, Stopping threads took: 0.0000423 seconds
2017-08-01T01:03:02.673+0000: 7934.246: Total time for which application threads were stopped: 0.0001754 seconds, Stopping threads took: 0.0000544 seconds
2017-08-01T01:03:02.673+0000: 7934.246: Total time for which application threads were stopped: 0.0000746 seconds, Stopping threads took: 0.0000230 seconds
2017-08-01T01:03:02.673+0000: 7934.246: Total time for which application threads were stopped: 0.0000701 seconds, Stopping threads took: 0.0000220 seconds
2017-08-01T01:03:02.673+0000: 7934.247: Total time for which application threads were stopped: 0.0000910 seconds, Stopping threads took: 0.0000210 seconds
2017-08-01T01:03:02.673+0000: 7934.247: Total time for which application threads were stopped: 0.0000669 seconds, Stopping threads took: 0.0000204 seconds
2017-08-01T01:03:02.673+0000: 7934.247: Total time for which application threads were stopped: 0.0000973 seconds, Stopping threads took: 0.0000412 seconds
2017-08-01T01:03:02.674+0000: 7934.247: Total time for which application threads were stopped: 0.0000969 seconds, Stopping threads took: 0.0000405 seconds
2017-08-01T01:03:02.674+0000: 7934.247: Total time for which application threads were stopped: 0.0000752 seconds, Stopping threads took: 0.0000228 seconds
2017-08-01T01:03:02.674+0000: 7934.247: Total time for which application threads were stopped: 0.0000778 seconds, Stopping threads took: 0.0000205 seconds
2017-08-01T01:03:02.674+0000: 7934.247: Total time for which application threads were stopped: 0.0000736 seconds, Stopping threads took: 0.0000209 seconds
2017-08-01T01:03:02.674+0000: 7934.247: Total time for which application threads were stopped: 0.0000679 seconds, Stopping threads took: 0.0000215 seconds
2017-08-01T01:03:02.674+0000: 7934.247: Total time for which application threads were stopped: 0.0000665 seconds, Stopping threads took: 0.0000208 seconds
2017-08-01T01:03:02.674+0000: 7934.247: Total time for which application threads were stopped: 0.0000895 seconds, Stopping threads took: 0.0000424 seconds
2017-08-01T01:03:02.674+0000: 7934.248: Total time for which application threads were stopped: 0.0000660 seconds, Stopping threads took: 0.0000206 seconds
2017-08-01T01:03:02.674+0000: 7934.248: Total time for which application threads were stopped: 0.0000665 seconds, Stopping threads took: 0.0000207 seconds
2017-08-01T01:03:02.675+0000: 7934.248: Total time for which application threads were stopped: 0.0000838 seconds, Stopping threads took: 0.0000213 seconds
2017-08-01T01:03:02.675+0000: 7934.248: Total time for which application threads were stopped: 0.0000676 seconds, Stopping threads took: 0.0000212 seconds
2017-08-01T01:03:02.675+0000: 7934.248: Total time for which application threads were stopped: 0.0000668 seconds, Stopping threads took: 0.0000209 seconds
2017-08-01T01:03:02.675+0000: 7934.248: Total time for which application threads were stopped: 0.0000990 seconds, Stopping threads took: 0.0000337 seconds
2017-08-01T01:03:02.675+0000: 7934.248: Total time for which application threads were stopped: 0.0002089 seconds, Stopping threads took: 0.0000215 seconds
2017-08-01T01:04:04.427+0000: 7996.000: Total time for which application threads were stopped: 0.0002455 seconds, Stopping threads took: 0.0000638 seconds
2017-08-01T01:04:04.427+0000: 7996.000: Total time for which application threads were stopped: 0.0000978 seconds, Stopping threads took: 0.0000207 seconds
2017-08-01T01:04:04.427+0000: 7996.000: Total time for which application threads were stopped: 0.0000889 seconds, Stopping threads took: 0.0000204 seconds
2017-08-01T01:04:04.427+0000: 7996.000: Total time for which application threads were stopped: 0.0000867 seconds, Stopping threads took: 0.0000183 seconds
2017-08-01T01:04:04.427+0000: 7996.001: Total time for which application threads were stopped: 0.0000929 seconds, Stopping threads took: 0.0000198 seconds
2017-08-01T01:04:04.427+0000: 7996.001: Total time for which application threads were stopped: 0.0000838 seconds, Stopping threads took: 0.0000180 seconds
2017-08-01T01:04:05.446+0000: 7997.019: Total time for which application threads were stopped: 0.0002180 seconds, Stopping threads took: 0.0000735 seconds
2017-08-01T01:04:05.446+0000: 7997.019: Total time for which application threads were stopped: 0.0001239 seconds, Stopping threads took: 0.0000619 seconds
2017-08-01T01:04:05.446+0000: 7997.019: Total time for which application threads were stopped: 0.0000729 seconds, Stopping threads took: 0.0000210 seconds
2017-08-01T01:04:05.446+0000: 7997.019: Total time for which application threads were stopped: 0.0000687 seconds, Stopping threads took: 0.0000185 seconds
2017-08-01T01:04:05.446+0000: 7997.020: Total time for which application threads were stopped: 0.0000981 seconds, Stopping threads took: 0.0000201 seconds
2017-08-01T01:04:05.447+0000: 7997.020: Total time for which application threads were stopped: 0.0000926 seconds, Stopping threads took: 0.0000207 seconds
{Heap before GC invocations=137 (full 2):
 par new generation   total 153344K, used 142452K [0x0000000080000000, 0x000000008a660000, 0x000000008a660000)
  eden space 136320K, 100% used [0x0000000080000000, 0x0000000088520000, 0x0000000088520000)
  from space 17024K,  36% used [0x00000000895c0000, 0x0000000089bbd150, 0x000000008a660000)
  to   space 17024K,   0% used [0x0000000088520000, 0x0000000088520000, 0x00000000895c0000)
 concurrent mark-sweep generation total 1926784K, used 228990K [0x000000008a660000, 0x0000000100000000, 0x0000000100000000)
 Metaspace       used 86312K, capacity 92054K, committed 92312K, reserved 1130496K
  class space    used 10440K, capacity 10834K, committed 10912K, reserved 1048576K
2017-08-01T01:04:24.144+0000: 8015.717: [GC (Allocation Failure) Before GC:
Statistics for BinaryTreeDictionary:
------------------------------------
Total Free Space: 217181405
Max   Chunk Size: 217181405
Number of Blocks: 1
Av.  Block  Size: 217181405
Tree      Height: 1
2017-08-01T01:04:24.144+0000: 8015.717: [ParNew
Desired survivor size 8716288 bytes, new threshold 6 (max 6)
- age   1:    1395528 bytes,    1395528 total
- age   2:     703320 bytes,    2098848 total
- age   3:     695440 bytes,    2794288 total
- age   4:     627544 bytes,    3421832 total
- age   5:     450456 bytes,    3872288 total
- age   6:     464456 bytes,    4336744 total
: 142452K->6165K(153344K), 0.0221521 secs] 371443K->235644K(2080128K)After GC:
Statistics for BinaryTreeDictionary:
------------------------------------
Total Free Space: 217124296
Max   Chunk Size: 217124296
Number of Blocks: 1
Av.  Block  Size: 217124296
Tree      Height: 1
, 0.0222543 secs] [Times: user=0.05 sys=0.00, real=0.02 secs] 
Heap after GC invocations=138 (full 2):
 par new generation   total 153344K, used 6165K [0x0000000080000000, 0x000000008a660000, 0x000000008a660000)
  eden space 136320K,   0% used [0x0000000080000000, 0x0000000080000000, 0x0000000088520000)
  from space 17024K,  36% used [0x0000000088520000, 0x0000000088b25418, 0x00000000895c0000)
  to   space 17024K,   0% used [0x00000000895c0000, 0x00000000895c0000, 0x000000008a660000)
 concurrent mark-sweep generation total 1926784K, used 229479K [0x000000008a660000, 0x0000000100000000, 0x0000000100000000)
 Metaspace       used 86312K, capacity 92054K, committed 92312K, reserved 1130496K
  class space    used 10440K, capacity 10834K, committed 10912K, reserved 1048576K
}
2017-08-01T01:04:24.166+0000: 8015.739: Total time for which application threads were stopped: 0.0225407 seconds, Stopping threads took: 0.0000714 seconds
2017-08-01T01:04:24.175+0000: 8015.748: Total time for which application threads were stopped: 0.0001792 seconds, Stopping threads took: 0.0000481 seconds
2017-08-01T01:04:24.175+0000: 8015.748: Total time for which application threads were stopped: 0.0001064 seconds, Stopping threads took: 0.0000429 seconds
2017-08-01T01:04:24.175+0000: 8015.748: Total time for which application threads were stopped: 0.0000729 seconds, Stopping threads took: 0.0000198 seconds
2017-08-01T01:04:24.175+0000: 8015.748: Total time for which application threads were stopped: 0.0000762 seconds, Stopping threads took: 0.0000239 seconds
2017-08-01T01:04:24.175+0000: 8015.749: Total time for which application threads were stopped: 0.0000965 seconds, Stopping threads took: 0.0000185 seconds
2017-08-01T01:04:24.175+0000: 8015.749: Total time for which application threads were stopped: 0.0000741 seconds, Stopping threads took: 0.0000215 seconds
2017-08-01T01:04:24.176+0000: 8015.749: Total time for which application threads were stopped: 0.0000729 seconds, Stopping threads took: 0.0000208 seconds
2017-08-01T01:04:24.176+0000: 8015.749: Total time for which application threads were stopped: 0.0000941 seconds, Stopping threads took: 0.0000332 seconds
2017-08-01T01:04:24.176+0000: 8015.749: Total time for which application threads were stopped: 0.0000696 seconds, Stopping threads took: 0.0000187 seconds
2017-08-01T01:04:24.176+0000: 8015.749: Total time for which application threads were stopped: 0.0001140 seconds, Stopping threads took: 0.0000497 seconds
2017-08-01T01:04:24.176+0000: 8015.749: Total time for which application threads were stopped: 0.0000709 seconds, Stopping threads took: 0.0000186 seconds
2017-08-01T01:04:24.176+0000: 8015.750: Total time for which application threads were stopped: 0.0001122 seconds, Stopping threads took: 0.0000456 seconds
2017-08-01T01:04:24.186+0000: 8015.759: Total time for which application threads were stopped: 0.0001291 seconds, Stopping threads took: 0.0000375 seconds
2017-08-01T01:04:24.186+0000: 8015.759: Total time for which application threads were stopped: 0.0000742 seconds, Stopping threads took: 0.0000213 seconds
2017-08-01T01:04:24.186+0000: 8015.759: Total time for which application threads were stopped: 0.0000711 seconds, Stopping threads took: 0.0000204 seconds
2017-08-01T01:04:24.186+0000: 8015.759: Total time for which application threads were stopped: 0.0001101 seconds, Stopping threads took: 0.0000573 seconds
2017-08-01T01:04:24.186+0000: 8015.759: Total time for which application threads were stopped: 0.0000974 seconds, Stopping threads took: 0.0000186 seconds
2017-08-01T01:04:24.186+0000: 8015.759: Total time for which application threads were stopped: 0.0001315 seconds, Stopping threads took: 0.0000643 seconds
2017-08-01T01:04:24.186+0000: 8015.760: Total time for which application threads were stopped: 0.0000977 seconds, Stopping threads took: 0.0000283 seconds
2017-08-01T01:04:24.187+0000: 8015.760: Total time for which application threads were stopped: 0.0003538 seconds, Stopping threads took: 0.0000454 seconds
2017-08-01T01:04:39.746+0000: 8031.319: Total time for which application threads were stopped: 0.0002047 seconds, Stopping threads took: 0.0000613 seconds
2017-08-01T01:04:39.746+0000: 8031.319: Total time for which application threads were stopped: 0.0002616 seconds, Stopping threads took: 0.0000202 seconds
2017-08-01T01:04:39.746+0000: 8031.320: Total time for which application threads were stopped: 0.0001051 seconds, Stopping threads took: 0.0000423 seconds
2017-08-01T01:04:39.746+0000: 8031.320: Total time for which application threads were stopped: 0.0000713 seconds, Stopping threads took: 0.0000214 seconds
2017-08-01T01:04:39.747+0000: 8031.320: Total time for which application threads were stopped: 0.0000708 seconds, Stopping threads took: 0.0000185 seconds
2017-08-01T01:04:39.747+0000: 8031.320: Total time for which application threads were stopped: 0.0000944 seconds, Stopping threads took: 0.0000180 seconds
2017-08-01T01:04:41.816+0000: 8033.389: Total time for which application threads were stopped: 0.0001856 seconds, Stopping threads took: 0.0000426 seconds
{Heap before GC invocations=138 (full 2):
 par new generation   total 153344K, used 142485K [0x0000000080000000, 0x000000008a660000, 0x000000008a660000)
  eden space 136320K, 100% used [0x0000000080000000, 0x0000000088520000, 0x0000000088520000)
  from space 17024K,  36% used [0x0000000088520000, 0x0000000088b25418, 0x00000000895c0000)
  to   space 17024K,   0% used [0x00000000895c0000, 0x00000000895c0000, 0x000000008a660000)
 concurrent mark-sweep generation total 1926784K, used 229479K [0x000000008a660000, 0x0000000100000000, 0x0000000100000000)
 Metaspace       used 86316K, capacity 92054K, committed 92312K, reserved 1130496K
  class space    used 10440K, capacity 10834K, committed 10912K, reserved 1048576K
2017-08-01T01:05:43.132+0000: 8094.705: [GC (Allocation Failure) Before GC:
Statistics for BinaryTreeDictionary:
------------------------------------
Total Free Space: 217124296
Max   Chunk Size: 217124296
Number of Blocks: 1
Av.  Block  Size: 217124296
Tree      Height: 1
2017-08-01T01:05:43.132+0000: 8094.705: [ParNew
Desired survivor size 8716288 bytes, new threshold 6 (max 6)
- age   1:    1490488 bytes,    1490488 total
- age   2:     700392 bytes,    2190880 total
- age   3:     647320 bytes,    2838200 total
- age   4:     636424 bytes,    3474624 total
- age   5:     610384 bytes,    4085008 total
- age   6:     441792 bytes,    4526800 total
: 142485K->6346K(153344K), 0.0225469 secs] 371964K->236280K(2080128K)After GC:
Statistics for BinaryTreeDictionary:
------------------------------------
Total Free Space: 217061553
Max   Chunk Size: 217061553
Number of Blocks: 1
Av.  Block  Size: 217061553
Tree      Height: 1
, 0.0226275 secs] [Times: user=0.06 sys=0.00, real=0.03 secs] 
Heap after GC invocations=139 (full 2):
 par new generation   total 153344K, used 6346K [0x0000000080000000, 0x000000008a660000, 0x000000008a660000)
  eden space 136320K,   0% used [0x0000000080000000, 0x0000000080000000, 0x0000000088520000)
  from space 17024K,  37% used [0x00000000895c0000, 0x0000000089bf2af0, 0x000000008a660000)
  to   space 17024K,   0% used [0x0000000088520000, 0x0000000088520000, 0x00000000895c0000)
 concurrent mark-sweep generation total 1926784K, used 229933K [0x000000008a660000, 0x0000000100000000, 0x0000000100000000)
 Metaspace       used 86316K, capacity 92054K, committed 92312K, reserved 1130496K
  class space    used 10440K, capacity 10834K, committed 10912K, reserved 1048576K
}
2017-08-01T01:05:43.154+0000: 8094.728: Total time for which application threads were stopped: 0.0229057 seconds, Stopping threads took: 0.0000809 seconds
2017-08-01T01:05:43.163+0000: 8094.737: Total time for which application threads were stopped: 0.0001622 seconds, Stopping threads took: 0.0000571 seconds
2017-08-01T01:05:43.164+0000: 8094.737: Total time for which application threads were stopped: 0.0000680 seconds, Stopping threads took: 0.0000190 seconds
2017-08-01T01:05:43.164+0000: 8094.737: Total time for which application threads were stopped: 0.0001024 seconds, Stopping threads took: 0.0000447 seconds
2017-08-01T01:05:43.164+0000: 8094.737: Total time for which application threads were stopped: 0.0000819 seconds, Stopping threads took: 0.0000191 seconds
2017-08-01T01:05:43.164+0000: 8094.737: Total time for which application threads were stopped: 0.0000693 seconds, Stopping threads took: 0.0000226 seconds
2017-08-01T01:05:43.164+0000: 8094.737: Total time for which application threads were stopped: 0.0000674 seconds, Stopping threads took: 0.0000208 seconds
2017-08-01T01:05:43.164+0000: 8094.737: Total time for which application threads were stopped: 0.0001018 seconds, Stopping threads took: 0.0000316 seconds
2017-08-01T01:05:43.164+0000: 8094.737: Total time for which application threads were stopped: 0.0000685 seconds, Stopping threads took: 0.0000222 seconds
2017-08-01T01:05:43.164+0000: 8094.738: Total time for which application threads were stopped: 0.0000657 seconds, Stopping threads took: 0.0000198 seconds
2017-08-01T01:05:43.164+0000: 8094.738: Total time for which application threads were stopped: 0.0001109 seconds, Stopping threads took: 0.0000424 seconds
2017-08-01T01:05:43.165+0000: 8094.738: Total time for which application threads were stopped: 0.0000987 seconds, Stopping threads took: 0.0000430 seconds
2017-08-01T01:05:43.165+0000: 8094.738: Total time for which application threads were stopped: 0.0000692 seconds, Stopping threads took: 0.0000233 seconds
2017-08-01T01:05:43.165+0000: 8094.738: Total time for which application threads were stopped: 0.0000861 seconds, Stopping threads took: 0.0000209 seconds
2017-08-01T01:05:43.165+0000: 8094.738: Total time for which application threads were stopped: 0.0000647 seconds, Stopping threads took: 0.0000184 seconds
2017-08-01T01:05:43.165+0000: 8094.738: Total time for which application threads were stopped: 0.0000813 seconds, Stopping threads took: 0.0000176 seconds
2017-08-01T01:05:43.165+0000: 8094.738: Total time for which application threads were stopped: 0.0000696 seconds, Stopping threads took: 0.0000220 seconds
2017-08-01T01:05:43.165+0000: 8094.738: Total time for which application threads were stopped: 0.0000861 seconds, Stopping threads took: 0.0000177 seconds
2017-08-01T01:05:43.165+0000: 8094.739: Total time for which application threads were stopped: 0.0000861 seconds, Stopping threads took: 0.0000278 seconds
2017-08-01T01:05:43.165+0000: 8094.739: Total time for which application threads were stopped: 0.0000666 seconds, Stopping threads took: 0.0000194 seconds
2017-08-01T01:05:43.166+0000: 8094.739: Total time for which application threads were stopped: 0.0002355 seconds, Stopping threads took: 0.0000389 seconds
2017-08-01T01:06:27.796+0000: 8139.370: Total time for which application threads were stopped: 0.0002434 seconds, Stopping threads took: 0.0000607 seconds
2017-08-01T01:06:27.797+0000: 8139.370: Total time for which application threads were stopped: 0.0000968 seconds, Stopping threads took: 0.0000221 seconds
2017-08-01T01:06:27.797+0000: 8139.370: Total time for which application threads were stopped: 0.0001180 seconds, Stopping threads took: 0.0000219 seconds
2017-08-01T01:06:27.797+0000: 8139.370: Total time for which application threads were stopped: 0.0001157 seconds, Stopping threads took: 0.0000189 seconds
2017-08-01T01:06:27.797+0000: 8139.370: Total time for which application threads were stopped: 0.0001112 seconds, Stopping threads took: 0.0000223 seconds
2017-08-01T01:06:27.797+0000: 8139.370: Total time for which application threads were stopped: 0.0000914 seconds, Stopping threads took: 0.0000182 seconds
2017-08-01T01:06:45.799+0000: 8157.373: Total time for which application threads were stopped: 0.0001522 seconds, Stopping threads took: 0.0000460 seconds
{Heap before GC invocations=139 (full 2):
 par new generation   total 153344K, used 142666K [0x0000000080000000, 0x000000008a660000, 0x000000008a660000)
  eden space 136320K, 100% used [0x0000000080000000, 0x0000000088520000, 0x0000000088520000)
  from space 17024K,  37% used [0x00000000895c0000, 0x0000000089bf2af0, 0x000000008a660000)
  to   space 17024K,   0% used [0x0000000088520000, 0x0000000088520000, 0x00000000895c0000)
 concurrent mark-sweep generation total 1926784K, used 229933K [0x000000008a660000, 0x0000000100000000, 0x0000000100000000)
 Metaspace       used 86316K, capacity 92054K, committed 92312K, reserved 1130496K
  class space    used 10440K, capacity 10834K, committed 10912K, reserved 1048576K
2017-08-01T01:06:57.435+0000: 8169.008: [GC (Allocation Failure) Before GC:
Statistics for BinaryTreeDictionary:
------------------------------------
Total Free Space: 217061553
Max   Chunk Size: 217061553
Number of Blocks: 1
Av.  Block  Size: 217061553
Tree      Height: 1
2017-08-01T01:06:57.435+0000: 8169.008: [ParNew
Desired survivor size 8716288 bytes, new threshold 6 (max 6)
- age   1:    1390504 bytes,    1390504 total
- age   2:     789136 bytes,    2179640 total
- age   3:     647608 bytes,    2827248 total
- age   4:     596072 bytes,    3423320 total
- age   5:     573728 bytes,    3997048 total
- age   6:     600176 bytes,    4597224 total
: 142666K->6537K(153344K), 0.0235844 secs] 372600K->236907K(2080128K)After GC:
Statistics for BinaryTreeDictionary:
------------------------------------
Total Free Space: 217004866
Max   Chunk Size: 217004866
Number of Blocks: 1
Av.  Block  Size: 217004866
Tree      Height: 1
, 0.0236857 secs] [Times: user=0.05 sys=0.00, real=0.02 secs] 
Heap after GC invocations=140 (full 2):
 par new generation   total 153344K, used 6537K [0x0000000080000000, 0x000000008a660000, 0x000000008a660000)
  eden space 136320K,   0% used [0x0000000080000000, 0x0000000080000000, 0x0000000088520000)
  from space 17024K,  38% used [0x0000000088520000, 0x0000000088b826e0, 0x00000000895c0000)
  to   space 17024K,   0% used [0x00000000895c0000, 0x00000000895c0000, 0x000000008a660000)
 concurrent mark-sweep generation total 1926784K, used 230369K [0x000000008a660000, 0x0000000100000000, 0x0000000100000000)
 Metaspace       used 86316K, capacity 92054K, committed 92312K, reserved 1130496K
  class space    used 10440K, capacity 10834K, committed 10912K, reserved 1048576K
}
2017-08-01T01:06:57.459+0000: 8169.032: Total time for which application threads were stopped: 0.0239704 seconds, Stopping threads took: 0.0000723 seconds
2017-08-01T01:06:57.460+0000: 8169.033: Total time for which application threads were stopped: 0.0010926 seconds, Stopping threads took: 0.0009738 seconds
2017-08-01T01:06:57.466+0000: 8169.039: Total time for which application threads were stopped: 0.0001227 seconds, Stopping threads took: 0.0000385 seconds
2017-08-01T01:06:57.466+0000: 8169.039: Total time for which application threads were stopped: 0.0000725 seconds, Stopping threads took: 0.0000228 seconds
2017-08-01T01:06:57.466+0000: 8169.040: Total time for which application threads were stopped: 0.0000907 seconds, Stopping threads took: 0.0000220 seconds
2017-08-01T01:06:57.466+0000: 8169.040: Total time for which application threads were stopped: 0.0000724 seconds, Stopping threads took: 0.0000253 seconds
2017-08-01T01:06:57.466+0000: 8169.040: Total time for which application threads were stopped: 0.0000654 seconds, Stopping threads took: 0.0000185 seconds
2017-08-01T01:06:57.467+0000: 8169.040: Total time for which application threads were stopped: 0.0000872 seconds, Stopping threads took: 0.0000185 seconds
2017-08-01T01:06:57.467+0000: 8169.040: Total time for which application threads were stopped: 0.0000699 seconds, Stopping threads took: 0.0000198 seconds
2017-08-01T01:06:57.467+0000: 8169.040: Total time for which application threads were stopped: 0.0000669 seconds, Stopping threads took: 0.0000194 seconds
2017-08-01T01:06:57.467+0000: 8169.040: Total time for which application threads were stopped: 0.0001078 seconds, Stopping threads took: 0.0000449 seconds
2017-08-01T01:06:57.467+0000: 8169.040: Total time for which application threads were stopped: 0.0000915 seconds, Stopping threads took: 0.0000202 seconds
2017-08-01T01:06:57.467+0000: 8169.041: Total time for which application threads were stopped: 0.0000998 seconds, Stopping threads took: 0.0000415 seconds
2017-08-01T01:06:57.467+0000: 8169.041: Total time for which application threads were stopped: 0.0000673 seconds, Stopping threads took: 0.0000188 seconds
2017-08-01T01:06:57.467+0000: 8169.041: Total time for which application threads were stopped: 0.0000974 seconds, Stopping threads took: 0.0000400 seconds
2017-08-01T01:06:57.468+0000: 8169.041: Total time for which application threads were stopped: 0.0000671 seconds, Stopping threads took: 0.0000188 seconds
2017-08-01T01:06:57.468+0000: 8169.041: Total time for which application threads were stopped: 0.0001008 seconds, Stopping threads took: 0.0000411 seconds
2017-08-01T01:06:57.468+0000: 8169.041: Total time for which application threads were stopped: 0.0000693 seconds, Stopping threads took: 0.0000208 seconds
2017-08-01T01:06:57.468+0000: 8169.041: Total time for which application threads were stopped: 0.0001046 seconds, Stopping threads took: 0.0000409 seconds
2017-08-01T01:06:57.468+0000: 8169.041: Total time for which application threads were stopped: 0.0000663 seconds, Stopping threads took: 0.0000184 seconds
2017-08-01T01:06:57.468+0000: 8169.042: Total time for which application threads were stopped: 0.0002584 seconds, Stopping threads took: 0.0000309 seconds
2017-08-01T01:07:42.475+0000: 8214.048: Total time for which application threads were stopped: 0.0001548 seconds, Stopping threads took: 0.0000469 seconds
2017-08-01T01:07:54.476+0000: 8226.050: Total time for which application threads were stopped: 0.0001592 seconds, Stopping threads took: 0.0000541 seconds
2017-08-01T01:07:57.477+0000: 8229.050: Total time for which application threads were stopped: 0.0001633 seconds, Stopping threads took: 0.0000590 seconds
{Heap before GC invocations=140 (full 2):
 par new generation   total 153344K, used 142857K [0x0000000080000000, 0x000000008a660000, 0x000000008a660000)
  eden space 136320K, 100% used [0x0000000080000000, 0x0000000088520000, 0x0000000088520000)
  from space 17024K,  38% used [0x0000000088520000, 0x0000000088b826e0, 0x00000000895c0000)
  to   space 17024K,   0% used [0x00000000895c0000, 0x00000000895c0000, 0x000000008a660000)
 concurrent mark-sweep generation total 1926784K, used 230369K [0x000000008a660000, 0x0000000100000000, 0x0000000100000000)
 Metaspace       used 86316K, capacity 92054K, committed 92312K, reserved 1130496K
  class space    used 10440K, capacity 10834K, committed 10912K, reserved 1048576K
2017-08-01T01:08:19.123+0000: 8250.696: [GC (Allocation Failure) Before GC:
Statistics for BinaryTreeDictionary:
------------------------------------
Total Free Space: 217004866
Max   Chunk Size: 217004866
Number of Blocks: 1
Av.  Block  Size: 217004866
Tree      Height: 1
2017-08-01T01:08:19.123+0000: 8250.696: [ParNew
Desired survivor size 8716288 bytes, new threshold 6 (max 6)
- age   1:    1413344 bytes,    1413344 total
- age   2:     696928 bytes,    2110272 total
- age   3:     724416 bytes,    2834688 total
- age   4:     614960 bytes,    3449648 total
- age   5:     534144 bytes,    3983792 total
- age   6:     562664 bytes,    4546456 total
: 142857K->6619K(153344K), 0.0229589 secs] 373227K->237577K(2080128K)After GC:
Statistics for BinaryTreeDictionary:
------------------------------------
Total Free Space: 216930996
Max   Chunk Size: 216930996
Number of Blocks: 1
Av.  Block  Size: 216930996
Tree      Height: 1
, 0.0230569 secs] [Times: user=0.06 sys=0.00, real=0.03 secs] 
Heap after GC invocations=141 (full 2):
 par new generation   total 153344K, used 6619K [0x0000000080000000, 0x000000008a660000, 0x000000008a660000)
  eden space 136320K,   0% used [0x0000000080000000, 0x0000000080000000, 0x0000000088520000)
  from space 17024K,  38% used [0x00000000895c0000, 0x0000000089c36c08, 0x000000008a660000)
  to   space 17024K,   0% used [0x0000000088520000, 0x0000000088520000, 0x00000000895c0000)
 concurrent mark-sweep generation total 1926784K, used 230958K [0x000000008a660000, 0x0000000100000000, 0x0000000100000000)
 Metaspace       used 86316K, capacity 92054K, committed 92312K, reserved 1130496K
  class space    used 10440K, capacity 10834K, committed 10912K, reserved 1048576K
}
2017-08-01T01:08:19.146+0000: 8250.719: Total time for which application threads were stopped: 0.0233416 seconds, Stopping threads took: 0.0000736 seconds
2017-08-01T01:08:19.147+0000: 8250.720: Total time for which application threads were stopped: 0.0001729 seconds, Stopping threads took: 0.0000736 seconds
2017-08-01T01:08:19.153+0000: 8250.726: Total time for which application threads were stopped: 0.0001400 seconds, Stopping threads took: 0.0000652 seconds
2017-08-01T01:08:19.153+0000: 8250.727: Total time for which application threads were stopped: 0.0000744 seconds, Stopping threads took: 0.0000225 seconds
2017-08-01T01:08:19.153+0000: 8250.727: Total time for which application threads were stopped: 0.0000708 seconds, Stopping threads took: 0.0000210 seconds
2017-08-01T01:08:19.153+0000: 8250.727: Total time for which application threads were stopped: 0.0000703 seconds, Stopping threads took: 0.0000208 seconds
2017-08-01T01:08:19.154+0000: 8250.727: Total time for which application threads were stopped: 0.0000692 seconds, Stopping threads took: 0.0000206 seconds
2017-08-01T01:08:19.154+0000: 8250.727: Total time for which application threads were stopped: 0.0000795 seconds, Stopping threads took: 0.0000319 seconds
2017-08-01T01:08:19.154+0000: 8250.727: Total time for which application threads were stopped: 0.0001020 seconds, Stopping threads took: 0.0000448 seconds
2017-08-01T01:08:19.154+0000: 8250.727: Total time for which application threads were stopped: 0.0001090 seconds, Stopping threads took: 0.0000571 seconds
2017-08-01T01:08:19.154+0000: 8250.727: Total time for which application threads were stopped: 0.0000656 seconds, Stopping threads took: 0.0000178 seconds
2017-08-01T01:08:19.154+0000: 8250.727: Total time for which application threads were stopped: 0.0001048 seconds, Stopping threads took: 0.0000470 seconds
2017-08-01T01:08:19.154+0000: 8250.728: Total time for which application threads were stopped: 0.0001151 seconds, Stopping threads took: 0.0000553 seconds
2017-08-01T01:08:19.154+0000: 8250.728: Total time for which application threads were stopped: 0.0000654 seconds, Stopping threads took: 0.0000165 seconds
2017-08-01T01:08:19.154+0000: 8250.728: Total time for which application threads were stopped: 0.0000678 seconds, Stopping threads took: 0.0000189 seconds
2017-08-01T01:08:19.155+0000: 8250.728: Total time for which application threads were stopped: 0.0000690 seconds, Stopping threads took: 0.0000199 seconds
2017-08-01T01:08:19.155+0000: 8250.728: Total time for which application threads were stopped: 0.0001062 seconds, Stopping threads took: 0.0000322 seconds
2017-08-01T01:08:19.155+0000: 8250.728: Total time for which application threads were stopped: 0.0001244 seconds, Stopping threads took: 0.0000595 seconds
2017-08-01T01:08:19.155+0000: 8250.728: Total time for which application threads were stopped: 0.0000796 seconds, Stopping threads took: 0.0000197 seconds
2017-08-01T01:08:19.155+0000: 8250.728: Total time for which application threads were stopped: 0.0000673 seconds, Stopping threads took: 0.0000187 seconds
2017-08-01T01:08:19.155+0000: 8250.729: Total time for which application threads were stopped: 0.0002460 seconds, Stopping threads took: 0.0000397 seconds
{Heap before GC invocations=141 (full 2):
 par new generation   total 153344K, used 142939K [0x0000000080000000, 0x000000008a660000, 0x000000008a660000)
  eden space 136320K, 100% used [0x0000000080000000, 0x0000000088520000, 0x0000000088520000)
  from space 17024K,  38% used [0x00000000895c0000, 0x0000000089c36c08, 0x000000008a660000)
  to   space 17024K,   0% used [0x0000000088520000, 0x0000000088520000, 0x00000000895c0000)
 concurrent mark-sweep generation total 1926784K, used 230958K [0x000000008a660000, 0x0000000100000000, 0x0000000100000000)
 Metaspace       used 86316K, capacity 92054K, committed 92312K, reserved 1130496K
  class space    used 10440K, capacity 10834K, committed 10912K, reserved 1048576K
2017-08-01T01:09:41.783+0000: 8333.356: [GC (Allocation Failure) Before GC:
Statistics for BinaryTreeDictionary:
------------------------------------
Total Free Space: 216930996
Max   Chunk Size: 216930996
Number of Blocks: 1
Av.  Block  Size: 216930996
Tree      Height: 1
2017-08-01T01:09:41.783+0000: 8333.356: [ParNew
Desired survivor size 8716288 bytes, new threshold 6 (max 6)
- age   1:    1494104 bytes,    1494104 total
- age   2:     681384 bytes,    2175488 total
- age   3:     642944 bytes,    2818432 total
- age   4:     666848 bytes,    3485280 total
- age   5:     599824 bytes,    4085104 total
- age   6:     525616 bytes,    4610720 total
: 142939K->6690K(153344K), 0.0228896 secs] 373897K->238202K(2080128K)After GC:
Statistics for BinaryTreeDictionary:
------------------------------------
Total Free Space: 216861130
Max   Chunk Size: 216861130
Number of Blocks: 1
Av.  Block  Size: 216861130
Tree      Height: 1
, 0.0229757 secs] [Times: user=0.05 sys=0.00, real=0.02 secs] 
Heap after GC invocations=142 (full 2):
 par new generation   total 153344K, used 6690K [0x0000000080000000, 0x000000008a660000, 0x000000008a660000)
  eden space 136320K,   0% used [0x0000000080000000, 0x0000000080000000, 0x0000000088520000)
  from space 17024K,  39% used [0x0000000088520000, 0x0000000088ba8bf8, 0x00000000895c0000)
  to   space 17024K,   0% used [0x00000000895c0000, 0x00000000895c0000, 0x000000008a660000)
 concurrent mark-sweep generation total 1926784K, used 231511K [0x000000008a660000, 0x0000000100000000, 0x0000000100000000)
 Metaspace       used 86316K, capacity 92054K, committed 92312K, reserved 1130496K
  class space    used 10440K, capacity 10834K, committed 10912K, reserved 1048576K
}
2017-08-01T01:09:41.806+0000: 8333.379: Total time for which application threads were stopped: 0.0232604 seconds, Stopping threads took: 0.0000476 seconds
2017-08-01T01:09:41.806+0000: 8333.380: Total time for which application threads were stopped: 0.0002042 seconds, Stopping threads took: 0.0001012 seconds
2017-08-01T01:09:41.807+0000: 8333.380: Total time for which application threads were stopped: 0.0001815 seconds, Stopping threads took: 0.0001157 seconds
2017-08-01T01:09:41.807+0000: 8333.380: Total time for which application threads were stopped: 0.0000888 seconds, Stopping threads took: 0.0000286 seconds
2017-08-01T01:09:41.807+0000: 8333.380: Total time for which application threads were stopped: 0.0001176 seconds, Stopping threads took: 0.0000585 seconds
2017-08-01T01:09:41.807+0000: 8333.380: Total time for which application threads were stopped: 0.0001005 seconds, Stopping threads took: 0.0000401 seconds
2017-08-01T01:09:41.807+0000: 8333.381: Total time for which application threads were stopped: 0.0001105 seconds, Stopping threads took: 0.0000483 seconds
2017-08-01T01:09:41.807+0000: 8333.381: Total time for which application threads were stopped: 0.0001133 seconds, Stopping threads took: 0.0000520 seconds
2017-08-01T01:09:41.808+0000: 8333.381: Total time for which application threads were stopped: 0.0000973 seconds, Stopping threads took: 0.0000423 seconds
2017-08-01T01:09:41.808+0000: 8333.381: Total time for which application threads were stopped: 0.0000763 seconds, Stopping threads took: 0.0000256 seconds
2017-08-01T01:09:41.808+0000: 8333.381: Total time for which application threads were stopped: 0.0000744 seconds, Stopping threads took: 0.0000260 seconds
2017-08-01T01:09:41.808+0000: 8333.382: Total time for which application threads were stopped: 0.0000898 seconds, Stopping threads took: 0.0000388 seconds
2017-08-01T01:09:41.808+0000: 8333.382: Total time for which application threads were stopped: 0.0000672 seconds, Stopping threads took: 0.0000197 seconds
2017-08-01T01:09:41.808+0000: 8333.382: Total time for which application threads were stopped: 0.0000901 seconds, Stopping threads took: 0.0000386 seconds
2017-08-01T01:09:41.809+0000: 8333.382: Total time for which application threads were stopped: 0.0000995 seconds, Stopping threads took: 0.0000404 seconds
2017-08-01T01:09:41.809+0000: 8333.382: Total time for which application threads were stopped: 0.0001029 seconds, Stopping threads took: 0.0000365 seconds
2017-08-01T01:09:41.809+0000: 8333.382: Total time for which application threads were stopped: 0.0001145 seconds, Stopping threads took: 0.0000406 seconds
2017-08-01T01:09:41.809+0000: 8333.382: Total time for which application threads were stopped: 0.0000996 seconds, Stopping threads took: 0.0000258 seconds
2017-08-01T01:09:41.809+0000: 8333.382: Total time for which application threads were stopped: 0.0001044 seconds, Stopping threads took: 0.0000439 seconds
2017-08-01T01:09:41.809+0000: 8333.383: Total time for which application threads were stopped: 0.0001209 seconds, Stopping threads took: 0.0000537 seconds
2017-08-01T01:09:41.810+0000: 8333.383: Total time for which application threads were stopped: 0.0003241 seconds, Stopping threads took: 0.0000571 seconds
{Heap before GC invocations=142 (full 2):
 par new generation   total 153344K, used 143010K [0x0000000080000000, 0x000000008a660000, 0x000000008a660000)
  eden space 136320K, 100% used [0x0000000080000000, 0x0000000088520000, 0x0000000088520000)
  from space 17024K,  39% used [0x0000000088520000, 0x0000000088ba8bf8, 0x00000000895c0000)
  to   space 17024K,   0% used [0x00000000895c0000, 0x00000000895c0000, 0x000000008a660000)
 concurrent mark-sweep generation total 1926784K, used 231511K [0x000000008a660000, 0x0000000100000000, 0x0000000100000000)
 Metaspace       used 86316K, capacity 92054K, committed 92312K, reserved 1130496K
  class space    used 10440K, capacity 10834K, committed 10912K, reserved 1048576K
2017-08-01T01:10:56.426+0000: 8408.000: [GC (Allocation Failure) Before GC:
Statistics for BinaryTreeDictionary:
------------------------------------
Total Free Space: 216861130
Max   Chunk Size: 216861130
Number of Blocks: 1
Av.  Block  Size: 216861130
Tree      Height: 1
2017-08-01T01:10:56.426+0000: 8408.000: [ParNew
Desired survivor size 8716288 bytes, new threshold 6 (max 6)
- age   1:    1402328 bytes,    1402328 total
- age   2:     758344 bytes,    2160672 total
- age   3:     626088 bytes,    2786760 total
- age   4:     590616 bytes,    3377376 total
- age   5:     602184 bytes,    3979560 total
- age   6:     589856 bytes,    4569416 total
: 143010K->6715K(153344K), 0.0230300 secs] 374522K->238744K(2080128K)After GC:
Statistics for BinaryTreeDictionary:
------------------------------------
Total Free Space: 216794073
Max   Chunk Size: 216794073
Number of Blocks: 1
Av.  Block  Size: 216794073
Tree      Height: 1
, 0.0231181 secs] [Times: user=0.05 sys=0.00, real=0.02 secs] 
Heap after GC invocations=143 (full 2):
 par new generation   total 153344K, used 6715K [0x0000000080000000, 0x000000008a660000, 0x000000008a660000)
  eden space 136320K,   0% used [0x0000000080000000, 0x0000000080000000, 0x0000000088520000)
  from space 17024K,  39% used [0x00000000895c0000, 0x0000000089c4eca8, 0x000000008a660000)
  to   space 17024K,   0% used [0x0000000088520000, 0x0000000088520000, 0x00000000895c0000)
 concurrent mark-sweep generation total 1926784K, used 232028K [0x000000008a660000, 0x0000000100000000, 0x0000000100000000)
 Metaspace       used 86316K, capacity 92054K, committed 92312K, reserved 1130496K
  class space    used 10440K, capacity 10834K, committed 10912K, reserved 1048576K
}
2017-08-01T01:10:56.450+0000: 8408.023: Total time for which application threads were stopped: 0.0234190 seconds, Stopping threads took: 0.0000515 seconds
2017-08-01T01:10:56.450+0000: 8408.023: Total time for which application threads were stopped: 0.0001797 seconds, Stopping threads took: 0.0000668 seconds
2017-08-01T01:10:56.450+0000: 8408.024: Total time for which application threads were stopped: 0.0001042 seconds, Stopping threads took: 0.0000263 seconds
2017-08-01T01:10:56.450+0000: 8408.024: Total time for which application threads were stopped: 0.0001173 seconds, Stopping threads took: 0.0000432 seconds
2017-08-01T01:10:56.451+0000: 8408.024: Total time for which application threads were stopped: 0.0000704 seconds, Stopping threads took: 0.0000191 seconds
2017-08-01T01:10:56.451+0000: 8408.024: Total time for which application threads were stopped: 0.0001105 seconds, Stopping threads took: 0.0000466 seconds
2017-08-01T01:10:56.451+0000: 8408.024: Total time for which application threads were stopped: 0.0001087 seconds, Stopping threads took: 0.0000437 seconds
2017-08-01T01:10:56.451+0000: 8408.024: Total time for which application threads were stopped: 0.0001085 seconds, Stopping threads took: 0.0000455 seconds
2017-08-01T01:10:56.451+0000: 8408.024: Total time for which application threads were stopped: 0.0001152 seconds, Stopping threads took: 0.0000522 seconds
2017-08-01T01:10:56.451+0000: 8408.024: Total time for which application threads were stopped: 0.0000704 seconds, Stopping threads took: 0.0000188 seconds
2017-08-01T01:10:56.451+0000: 8408.025: Total time for which application threads were stopped: 0.0001070 seconds, Stopping threads took: 0.0000439 seconds
2017-08-01T01:10:56.451+0000: 8408.025: Total time for which application threads were stopped: 0.0001018 seconds, Stopping threads took: 0.0000353 seconds
2017-08-01T01:10:56.461+0000: 8408.034: Total time for which application threads were stopped: 0.0001170 seconds, Stopping threads took: 0.0000396 seconds
2017-08-01T01:10:56.461+0000: 8408.034: Total time for which application threads were stopped: 0.0001038 seconds, Stopping threads took: 0.0000451 seconds
2017-08-01T01:10:56.461+0000: 8408.034: Total time for which application threads were stopped: 0.0000659 seconds, Stopping threads took: 0.0000188 seconds
2017-08-01T01:10:56.461+0000: 8408.034: Total time for which application threads were stopped: 0.0001039 seconds, Stopping threads took: 0.0000431 seconds
2017-08-01T01:10:56.461+0000: 8408.034: Total time for which application threads were stopped: 0.0000911 seconds, Stopping threads took: 0.0000303 seconds
2017-08-01T01:10:56.462+0000: 8408.035: Total time for which application threads were stopped: 0.0001013 seconds, Stopping threads took: 0.0000396 seconds
2017-08-01T01:10:56.462+0000: 8408.035: Total time for which application threads were stopped: 0.0001017 seconds, Stopping threads took: 0.0000444 seconds
2017-08-01T01:10:56.462+0000: 8408.035: Total time for which application threads were stopped: 0.0000851 seconds, Stopping threads took: 0.0000203 seconds
2017-08-01T01:10:56.462+0000: 8408.035: Total time for which application threads were stopped: 0.0002811 seconds, Stopping threads took: 0.0000200 seconds
2017-08-01T01:10:57.462+0000: 8409.036: Total time for which application threads were stopped: 0.0001785 seconds, Stopping threads took: 0.0000404 seconds
2017-08-01T01:11:43.097+0000: 8454.670: Total time for which application threads were stopped: 0.0002436 seconds, Stopping threads took: 0.0000572 seconds
2017-08-01T01:11:43.097+0000: 8454.670: Total time for which application threads were stopped: 0.0000931 seconds, Stopping threads took: 0.0000191 seconds
2017-08-01T01:11:43.097+0000: 8454.671: Total time for which application threads were stopped: 0.0003168 seconds, Stopping threads took: 0.0000183 seconds
2017-08-01T01:11:43.098+0000: 8454.671: Total time for which application threads were stopped: 0.0001901 seconds, Stopping threads took: 0.0000186 seconds
2017-08-01T01:11:43.098+0000: 8454.671: Total time for which application threads were stopped: 0.0002134 seconds, Stopping threads took: 0.0000200 seconds
2017-08-01T01:11:43.098+0000: 8454.672: Total time for which application threads were stopped: 0.0002830 seconds, Stopping threads took: 0.0000194 seconds
2017-08-01T01:11:44.117+0000: 8455.690: Total time for which application threads were stopped: 0.0001949 seconds, Stopping threads took: 0.0000618 seconds
2017-08-01T01:11:44.117+0000: 8455.690: Total time for which application threads were stopped: 0.0000749 seconds, Stopping threads took: 0.0000222 seconds
2017-08-01T01:11:44.117+0000: 8455.691: Total time for which application threads were stopped: 0.0000724 seconds, Stopping threads took: 0.0000193 seconds
2017-08-01T01:11:44.117+0000: 8455.691: Total time for which application threads were stopped: 0.0000688 seconds, Stopping threads took: 0.0000188 seconds
2017-08-01T01:11:44.131+0000: 8455.704: Total time for which application threads were stopped: 0.0001641 seconds, Stopping threads took: 0.0000572 seconds
2017-08-01T01:11:44.131+0000: 8455.704: Total time for which application threads were stopped: 0.0000947 seconds, Stopping threads took: 0.0000193 seconds
2017-08-01T01:11:44.131+0000: 8455.704: Total time for which application threads were stopped: 0.0001139 seconds, Stopping threads took: 0.0000206 seconds
2017-08-01T01:11:44.131+0000: 8455.704: Total time for which application threads were stopped: 0.0001008 seconds, Stopping threads took: 0.0000343 seconds
2017-08-01T01:11:45.156+0000: 8456.730: Total time for which application threads were stopped: 0.0001762 seconds, Stopping threads took: 0.0000436 seconds
2017-08-01T01:11:45.156+0000: 8456.730: Total time for which application threads were stopped: 0.0000723 seconds, Stopping threads took: 0.0000203 seconds
{Heap before GC invocations=143 (full 2):
 par new generation   total 153344K, used 143035K [0x0000000080000000, 0x000000008a660000, 0x000000008a660000)
  eden space 136320K, 100% used [0x0000000080000000, 0x0000000088520000, 0x0000000088520000)
  from space 17024K,  39% used [0x00000000895c0000, 0x0000000089c4eca8, 0x000000008a660000)
  to   space 17024K,   0% used [0x0000000088520000, 0x0000000088520000, 0x00000000895c0000)
 concurrent mark-sweep generation total 1926784K, used 232028K [0x000000008a660000, 0x0000000100000000, 0x0000000100000000)
 Metaspace       used 86316K, capacity 92054K, committed 92312K, reserved 1130496K
  class space    used 10440K, capacity 10834K, committed 10912K, reserved 1048576K
2017-08-01T01:12:16.461+0000: 8488.035: [GC (Allocation Failure) Before GC:
Statistics for BinaryTreeDictionary:
------------------------------------
Total Free Space: 216794073
Max   Chunk Size: 216794073
Number of Blocks: 1
Av.  Block  Size: 216794073
Tree      Height: 1
2017-08-01T01:12:16.461+0000: 8488.035: [ParNew
Desired survivor size 8716288 bytes, new threshold 6 (max 6)
- age   1:    1524752 bytes,    1524752 total
- age   2:     700272 bytes,    2225024 total
- age   3:     698152 bytes,    2923176 total
- age   4:     597584 bytes,    3520760 total
- age   5:     527848 bytes,    4048608 total
- age   6:     590304 bytes,    4638912 total
: 143035K->6632K(153344K), 0.0245783 secs] 375064K->239241K(2080128K)After GC:
Statistics for BinaryTreeDictionary:
------------------------------------
Total Free Space: 216718428
Max   Chunk Size: 216718428
Number of Blocks: 1
Av.  Block  Size: 216718428
Tree      Height: 1
, 0.0246709 secs] [Times: user=0.06 sys=0.00, real=0.03 secs] 
Heap after GC invocations=144 (full 2):
 par new generation   total 153344K, used 6632K [0x0000000080000000, 0x000000008a660000, 0x000000008a660000)
  eden space 136320K,   0% used [0x0000000080000000, 0x0000000080000000, 0x0000000088520000)
  from space 17024K,  38% used [0x0000000088520000, 0x0000000088b9a260, 0x00000000895c0000)
  to   space 17024K,   0% used [0x00000000895c0000, 0x00000000895c0000, 0x000000008a660000)
 concurrent mark-sweep generation total 1926784K, used 232608K [0x000000008a660000, 0x0000000100000000, 0x0000000100000000)
 Metaspace       used 86316K, capacity 92054K, committed 92312K, reserved 1130496K
  class space    used 10440K, capacity 10834K, committed 10912K, reserved 1048576K
}
2017-08-01T01:12:16.486+0000: 8488.059: Total time for which application threads were stopped: 0.0249391 seconds, Stopping threads took: 0.0000705 seconds
2017-08-01T01:12:16.487+0000: 8488.060: Total time for which application threads were stopped: 0.0001224 seconds, Stopping threads took: 0.0000281 seconds
2017-08-01T01:12:16.487+0000: 8488.060: Total time for which application threads were stopped: 0.0001005 seconds, Stopping threads took: 0.0000304 seconds
2017-08-01T01:12:16.487+0000: 8488.060: Total time for which application threads were stopped: 0.0001255 seconds, Stopping threads took: 0.0000662 seconds
2017-08-01T01:12:16.487+0000: 8488.060: Total time for which application threads were stopped: 0.0000795 seconds, Stopping threads took: 0.0000322 seconds
2017-08-01T01:12:16.487+0000: 8488.060: Total time for which application threads were stopped: 0.0000952 seconds, Stopping threads took: 0.0000408 seconds
2017-08-01T01:12:16.487+0000: 8488.061: Total time for which application threads were stopped: 0.0000685 seconds, Stopping threads took: 0.0000192 seconds
2017-08-01T01:12:16.487+0000: 8488.061: Total time for which application threads were stopped: 0.0000900 seconds, Stopping threads took: 0.0000394 seconds
2017-08-01T01:12:16.488+0000: 8488.061: Total time for which application threads were stopped: 0.0001054 seconds, Stopping threads took: 0.0000462 seconds
2017-08-01T01:12:16.488+0000: 8488.061: Total time for which application threads were stopped: 0.0000686 seconds, Stopping threads took: 0.0000197 seconds
2017-08-01T01:12:16.488+0000: 8488.061: Total time for which application threads were stopped: 0.0000731 seconds, Stopping threads took: 0.0000207 seconds
2017-08-01T01:12:16.488+0000: 8488.061: Total time for which application threads were stopped: 0.0001021 seconds, Stopping threads took: 0.0000191 seconds
2017-08-01T01:12:16.488+0000: 8488.061: Total time for which application threads were stopped: 0.0000699 seconds, Stopping threads took: 0.0000219 seconds
2017-08-01T01:12:16.488+0000: 8488.061: Total time for which application threads were stopped: 0.0000957 seconds, Stopping threads took: 0.0000376 seconds
2017-08-01T01:12:16.488+0000: 8488.061: Total time for which application threads were stopped: 0.0000707 seconds, Stopping threads took: 0.0000233 seconds
2017-08-01T01:12:16.488+0000: 8488.062: Total time for which application threads were stopped: 0.0000644 seconds, Stopping threads took: 0.0000181 seconds
2017-08-01T01:12:16.488+0000: 8488.062: Total time for which application threads were stopped: 0.0000656 seconds, Stopping threads took: 0.0000190 seconds
2017-08-01T01:12:16.488+0000: 8488.062: Total time for which application threads were stopped: 0.0000702 seconds, Stopping threads took: 0.0000199 seconds
2017-08-01T01:12:16.493+0000: 8488.067: Total time for which application threads were stopped: 0.0000734 seconds, Stopping threads took: 0.0000236 seconds
2017-08-01T01:12:16.494+0000: 8488.067: Total time for which application threads were stopped: 0.0000679 seconds, Stopping threads took: 0.0000209 seconds
2017-08-01T01:12:16.494+0000: 8488.067: Total time for which application threads were stopped: 0.0002277 seconds, Stopping threads took: 0.0000201 seconds
2017-08-01T01:12:22.494+0000: 8494.068: Total time for which application threads were stopped: 0.0001651 seconds, Stopping threads took: 0.0000440 seconds
2017-08-01T01:12:52.757+0000: 8524.330: Total time for which application threads were stopped: 0.0002257 seconds, Stopping threads took: 0.0000439 seconds
2017-08-01T01:12:52.757+0000: 8524.330: Total time for which application threads were stopped: 0.0000983 seconds, Stopping threads took: 0.0000229 seconds
2017-08-01T01:12:52.757+0000: 8524.331: Total time for which application threads were stopped: 0.0001116 seconds, Stopping threads took: 0.0000222 seconds
2017-08-01T01:12:52.758+0000: 8524.331: Total time for which application threads were stopped: 0.0001422 seconds, Stopping threads took: 0.0000208 seconds
2017-08-01T01:12:52.758+0000: 8524.331: Total time for which application threads were stopped: 0.0001469 seconds, Stopping threads took: 0.0000665 seconds
2017-08-01T01:12:52.758+0000: 8524.331: Total time for which application threads were stopped: 0.0001014 seconds, Stopping threads took: 0.0000200 seconds
{Heap before GC invocations=144 (full 2):
 par new generation   total 153344K, used 142952K [0x0000000080000000, 0x000000008a660000, 0x000000008a660000)
  eden space 136320K, 100% used [0x0000000080000000, 0x0000000088520000, 0x0000000088520000)
  from space 17024K,  38% used [0x0000000088520000, 0x0000000088b9a260, 0x00000000895c0000)
  to   space 17024K,   0% used [0x00000000895c0000, 0x00000000895c0000, 0x000000008a660000)
 concurrent mark-sweep generation total 1926784K, used 232608K [0x000000008a660000, 0x0000000100000000, 0x0000000100000000)
 Metaspace       used 86318K, capacity 92054K, committed 92312K, reserved 1130496K
  class space    used 10440K, capacity 10834K, committed 10912K, reserved 1048576K
2017-08-01T01:13:37.503+0000: 8569.076: [GC (Allocation Failure) Before GC:
Statistics for BinaryTreeDictionary:
------------------------------------
Total Free Space: 216718428
Max   Chunk Size: 216718428
Number of Blocks: 1
Av.  Block  Size: 216718428
Tree      Height: 1
2017-08-01T01:13:37.503+0000: 8569.076: [ParNew
Desired survivor size 8716288 bytes, new threshold 6 (max 6)
- age   1:    1545736 bytes,    1545736 total
- age   2:     692392 bytes,    2238128 total
- age   3:     647456 bytes,    2885584 total
- age   4:     643776 bytes,    3529360 total
- age   5:     582144 bytes,    4111504 total
- age   6:     516480 bytes,    4627984 total
: 142952K->6796K(153344K), 0.0242617 secs] 375561K->239985K(2080128K)After GC:
Statistics for BinaryTreeDictionary:
------------------------------------
Total Free Space: 216646404
Max   Chunk Size: 216646404
Number of Blocks: 1
Av.  Block  Size: 216646404
Tree      Height: 1
, 0.0243597 secs] [Times: user=0.06 sys=0.00, real=0.02 secs] 
Heap after GC invocations=145 (full 2):
 par new generation   total 153344K, used 6796K [0x0000000080000000, 0x000000008a660000, 0x000000008a660000)
  eden space 136320K,   0% used [0x0000000080000000, 0x0000000080000000, 0x0000000088520000)
  from space 17024K,  39% used [0x00000000895c0000, 0x0000000089c63000, 0x000000008a660000)
  to   space 17024K,   0% used [0x0000000088520000, 0x0000000088520000, 0x00000000895c0000)
 concurrent mark-sweep generation total 1926784K, used 233189K [0x000000008a660000, 0x0000000100000000, 0x0000000100000000)
 Metaspace       used 86318K, capacity 92054K, committed 92312K, reserved 1130496K
  class space    used 10440K, capacity 10834K, committed 10912K, reserved 1048576K
}
2017-08-01T01:13:37.527+0000: 8569.101: Total time for which application threads were stopped: 0.0246534 seconds, Stopping threads took: 0.0000877 seconds
2017-08-01T01:13:37.528+0000: 8569.101: Total time for which application threads were stopped: 0.0001361 seconds, Stopping threads took: 0.0000332 seconds
2017-08-01T01:13:37.528+0000: 8569.101: Total time for which application threads were stopped: 0.0001143 seconds, Stopping threads took: 0.0000494 seconds
2017-08-01T01:13:37.528+0000: 8569.101: Total time for which application threads were stopped: 0.0001156 seconds, Stopping threads took: 0.0000470 seconds
2017-08-01T01:13:37.528+0000: 8569.102: Total time for which application threads were stopped: 0.0001262 seconds, Stopping threads took: 0.0000596 seconds
2017-08-01T01:13:37.529+0000: 8569.102: Total time for which application threads were stopped: 0.0001026 seconds, Stopping threads took: 0.0000218 seconds
2017-08-01T01:13:37.529+0000: 8569.102: Total time for which application threads were stopped: 0.0000775 seconds, Stopping threads took: 0.0000268 seconds
2017-08-01T01:13:37.529+0000: 8569.102: Total time for which application threads were stopped: 0.0001079 seconds, Stopping threads took: 0.0000481 seconds
2017-08-01T01:13:37.529+0000: 8569.102: Total time for which application threads were stopped: 0.0001149 seconds, Stopping threads took: 0.0000436 seconds
2017-08-01T01:13:37.529+0000: 8569.102: Total time for which application threads were stopped: 0.0001180 seconds, Stopping threads took: 0.0000603 seconds
2017-08-01T01:13:37.529+0000: 8569.103: Total time for which application threads were stopped: 0.0001248 seconds, Stopping threads took: 0.0000583 seconds
2017-08-01T01:13:37.530+0000: 8569.103: Total time for which application threads were stopped: 0.0001056 seconds, Stopping threads took: 0.0000525 seconds
2017-08-01T01:13:37.530+0000: 8569.103: Total time for which application threads were stopped: 0.0000729 seconds, Stopping threads took: 0.0000200 seconds
2017-08-01T01:13:37.530+0000: 8569.103: Total time for which application threads were stopped: 0.0001075 seconds, Stopping threads took: 0.0000449 seconds
2017-08-01T01:13:37.530+0000: 8569.103: Total time for which application threads were stopped: 0.0001250 seconds, Stopping threads took: 0.0000626 seconds
2017-08-01T01:13:37.530+0000: 8569.104: Total time for which application threads were stopped: 0.0000702 seconds, Stopping threads took: 0.0000213 seconds
2017-08-01T01:13:37.530+0000: 8569.104: Total time for which application threads were stopped: 0.0000682 seconds, Stopping threads took: 0.0000198 seconds
2017-08-01T01:13:37.531+0000: 8569.104: Total time for which application threads were stopped: 0.0001060 seconds, Stopping threads took: 0.0000471 seconds
2017-08-01T01:13:37.531+0000: 8569.104: Total time for which application threads were stopped: 0.0001007 seconds, Stopping threads took: 0.0000425 seconds
2017-08-01T01:13:37.531+0000: 8569.104: Total time for which application threads were stopped: 0.0001209 seconds, Stopping threads took: 0.0000594 seconds
2017-08-01T01:13:37.531+0000: 8569.104: Total time for which application threads were stopped: 0.0002452 seconds, Stopping threads took: 0.0000201 seconds
2017-08-01T01:13:46.534+0000: 8578.108: Total time for which application threads were stopped: 0.0001716 seconds, Stopping threads took: 0.0000443 seconds
2017-08-01T01:13:54.536+0000: 8586.109: Total time for which application threads were stopped: 0.0001634 seconds, Stopping threads took: 0.0000410 seconds
2017-08-01T01:14:08.656+0000: 8600.229: Total time for which application threads were stopped: 0.0001769 seconds, Stopping threads took: 0.0000508 seconds
2017-08-01T01:14:08.656+0000: 8600.230: Total time for which application threads were stopped: 0.0000739 seconds, Stopping threads took: 0.0000210 seconds
2017-08-01T01:14:08.656+0000: 8600.230: Total time for which application threads were stopped: 0.0000730 seconds, Stopping threads took: 0.0000214 seconds
2017-08-01T01:14:08.657+0000: 8600.230: Total time for which application threads were stopped: 0.0000686 seconds, Stopping threads took: 0.0000181 seconds
2017-08-01T01:14:08.657+0000: 8600.230: Total time for which application threads were stopped: 0.0000711 seconds, Stopping threads took: 0.0000188 seconds
2017-08-01T01:14:08.657+0000: 8600.230: Total time for which application threads were stopped: 0.0000977 seconds, Stopping threads took: 0.0000369 seconds
2017-08-01T01:14:14.658+0000: 8606.231: Total time for which application threads were stopped: 0.0001823 seconds, Stopping threads took: 0.0000415 seconds
2017-08-01T01:14:23.659+0000: 8615.232: Total time for which application threads were stopped: 0.0001635 seconds, Stopping threads took: 0.0000639 seconds
{Heap before GC invocations=145 (full 2):
 par new generation   total 153344K, used 143116K [0x0000000080000000, 0x000000008a660000, 0x000000008a660000)
  eden space 136320K, 100% used [0x0000000080000000, 0x0000000088520000, 0x0000000088520000)
  from space 17024K,  39% used [0x00000000895c0000, 0x0000000089c63000, 0x000000008a660000)
  to   space 17024K,   0% used [0x0000000088520000, 0x0000000088520000, 0x00000000895c0000)
 concurrent mark-sweep generation total 1926784K, used 233189K [0x000000008a660000, 0x0000000100000000, 0x0000000100000000)
 Metaspace       used 86358K, capacity 92118K, committed 92312K, reserved 1130496K
  class space    used 10440K, capacity 10834K, committed 10912K, reserved 1048576K
2017-08-01T01:14:53.527+0000: 8645.100: [GC (Allocation Failure) Before GC:
Statistics for BinaryTreeDictionary:
------------------------------------
Total Free Space: 216646404
Max   Chunk Size: 216646404
Number of Blocks: 1
Av.  Block  Size: 216646404
Tree      Height: 1
2017-08-01T01:14:53.527+0000: 8645.100: [ParNew
Desired survivor size 8716288 bytes, new threshold 6 (max 6)
- age   1:    1340336 bytes,    1340336 total
- age   2:     793400 bytes,    2133736 total
- age   3:     637368 bytes,    2771104 total
- age   4:     598480 bytes,    3369584 total
- age   5:     580448 bytes,    3950032 total
- age   6:     572624 bytes,    4522656 total
: 143116K->6760K(153344K), 0.0240913 secs] 376305K->240458K(2080128K)After GC:
Statistics for BinaryTreeDictionary:
------------------------------------
Total Free Space: 216577135
Max   Chunk Size: 216577135
Number of Blocks: 1
Av.  Block  Size: 216577135
Tree      Height: 1
, 0.0242006 secs] [Times: user=0.06 sys=0.00, real=0.02 secs] 
Heap after GC invocations=146 (full 2):
 par new generation   total 153344K, used 6760K [0x0000000080000000, 0x000000008a660000, 0x000000008a660000)
  eden space 136320K,   0% used [0x0000000080000000, 0x0000000080000000, 0x0000000088520000)
  from space 17024K,  39% used [0x0000000088520000, 0x0000000088bba3f8, 0x00000000895c0000)
  to   space 17024K,   0% used [0x00000000895c0000, 0x00000000895c0000, 0x000000008a660000)
 concurrent mark-sweep generation total 1926784K, used 233697K [0x000000008a660000, 0x0000000100000000, 0x0000000100000000)
 Metaspace       used 86358K, capacity 92118K, committed 92312K, reserved 1130496K
  class space    used 10440K, capacity 10834K, committed 10912K, reserved 1048576K
}
2017-08-01T01:14:53.551+0000: 8645.125: Total time for which application threads were stopped: 0.0244710 seconds, Stopping threads took: 0.0000463 seconds
2017-08-01T01:14:53.552+0000: 8645.125: Total time for which application threads were stopped: 0.0001724 seconds, Stopping threads took: 0.0000406 seconds
2017-08-01T01:14:53.552+0000: 8645.125: Total time for which application threads were stopped: 0.0001208 seconds, Stopping threads took: 0.0000485 seconds
2017-08-01T01:14:53.552+0000: 8645.125: Total time for which application threads were stopped: 0.0000965 seconds, Stopping threads took: 0.0000365 seconds
2017-08-01T01:14:53.552+0000: 8645.125: Total time for which application threads were stopped: 0.0001046 seconds, Stopping threads took: 0.0000187 seconds
2017-08-01T01:14:53.552+0000: 8645.125: Total time for which application threads were stopped: 0.0000685 seconds, Stopping threads took: 0.0000191 seconds
2017-08-01T01:14:53.552+0000: 8645.125: Total time for which application threads were stopped: 0.0001132 seconds, Stopping threads took: 0.0000443 seconds
2017-08-01T01:14:53.552+0000: 8645.126: Total time for which application threads were stopped: 0.0000854 seconds, Stopping threads took: 0.0000250 seconds
2017-08-01T01:14:53.552+0000: 8645.126: Total time for which application threads were stopped: 0.0000669 seconds, Stopping threads took: 0.0000203 seconds
2017-08-01T01:14:53.552+0000: 8645.126: Total time for which application threads were stopped: 0.0000647 seconds, Stopping threads took: 0.0000192 seconds
2017-08-01T01:14:53.553+0000: 8645.126: Total time for which application threads were stopped: 0.0001032 seconds, Stopping threads took: 0.0000262 seconds
2017-08-01T01:14:53.553+0000: 8645.126: Total time for which application threads were stopped: 0.0001032 seconds, Stopping threads took: 0.0000456 seconds
2017-08-01T01:14:53.553+0000: 8645.126: Total time for which application threads were stopped: 0.0001280 seconds, Stopping threads took: 0.0000567 seconds
2017-08-01T01:14:53.553+0000: 8645.126: Total time for which application threads were stopped: 0.0000680 seconds, Stopping threads took: 0.0000194 seconds
2017-08-01T01:14:53.553+0000: 8645.126: Total time for which application threads were stopped: 0.0001132 seconds, Stopping threads took: 0.0000459 seconds
2017-08-01T01:14:53.553+0000: 8645.127: Total time for which application threads were stopped: 0.0000712 seconds, Stopping threads took: 0.0000232 seconds
2017-08-01T01:14:53.553+0000: 8645.127: Total time for which application threads were stopped: 0.0000685 seconds, Stopping threads took: 0.0000210 seconds
2017-08-01T01:14:53.553+0000: 8645.127: Total time for which application threads were stopped: 0.0000669 seconds, Stopping threads took: 0.0000198 seconds
2017-08-01T01:14:53.554+0000: 8645.127: Total time for which application threads were stopped: 0.0000722 seconds, Stopping threads took: 0.0000212 seconds
2017-08-01T01:14:53.559+0000: 8645.132: Total time for which application threads were stopped: 0.0000719 seconds, Stopping threads took: 0.0000227 seconds
2017-08-01T01:14:53.559+0000: 8645.133: Total time for which application threads were stopped: 0.0002522 seconds, Stopping threads took: 0.0000206 seconds
2017-08-01T01:15:09.561+0000: 8661.135: Total time for which application threads were stopped: 0.0003361 seconds, Stopping threads took: 0.0000690 seconds
2017-08-01T01:15:16.562+0000: 8668.135: Total time for which application threads were stopped: 0.0001472 seconds, Stopping threads took: 0.0000438 seconds
{Heap before GC invocations=146 (full 2):
 par new generation   total 153344K, used 143080K [0x0000000080000000, 0x000000008a660000, 0x000000008a660000)
  eden space 136320K, 100% used [0x0000000080000000, 0x0000000088520000, 0x0000000088520000)
  from space 17024K,  39% used [0x0000000088520000, 0x0000000088bba3f8, 0x00000000895c0000)
  to   space 17024K,   0% used [0x00000000895c0000, 0x00000000895c0000, 0x000000008a660000)
 concurrent mark-sweep generation total 1926784K, used 233697K [0x000000008a660000, 0x0000000100000000, 0x0000000100000000)
 Metaspace       used 86360K, capacity 92118K, committed 92312K, reserved 1130496K
  class space    used 10440K, capacity 10834K, committed 10912K, reserved 1048576K
2017-08-01T01:16:15.246+0000: 8726.819: [GC (Allocation Failure) Before GC:
Statistics for BinaryTreeDictionary:
------------------------------------
Total Free Space: 216577135
Max   Chunk Size: 216577135
Number of Blocks: 1
Av.  Block  Size: 216577135
Tree      Height: 1
2017-08-01T01:16:15.246+0000: 8726.819: [ParNew
Desired survivor size 8716288 bytes, new threshold 6 (max 6)
- age   1:    1529344 bytes,    1529344 total
- age   2:     660520 bytes,    2189864 total
- age   3:     704536 bytes,    2894400 total
- age   4:     608256 bytes,    3502656 total
- age   5:     536048 bytes,    4038704 total
- age   6:     571336 bytes,    4610040 total
: 143080K->6638K(153344K), 0.0242851 secs] 376778K->240897K(2080128K)After GC:
Statistics for BinaryTreeDictionary:
------------------------------------
Total Free Space: 216505973
Max   Chunk Size: 216505973
Number of Blocks: 1
Av.  Block  Size: 216505973
Tree      Height: 1
, 0.0243707 secs] [Times: user=0.06 sys=0.00, real=0.02 secs] 
Heap after GC invocations=147 (full 2):
 par new generation   total 153344K, used 6638K [0x0000000080000000, 0x000000008a660000, 0x000000008a660000)
  eden space 136320K,   0% used [0x0000000080000000, 0x0000000080000000, 0x0000000088520000)
  from space 17024K,  38% used [0x00000000895c0000, 0x0000000089c3b9b0, 0x000000008a660000)
  to   space 17024K,   0% used [0x0000000088520000, 0x0000000088520000, 0x00000000895c0000)
 concurrent mark-sweep generation total 1926784K, used 234259K [0x000000008a660000, 0x0000000100000000, 0x0000000100000000)
 Metaspace       used 86360K, capacity 92118K, committed 92312K, reserved 1130496K
  class space    used 10440K, capacity 10834K, committed 10912K, reserved 1048576K
}
2017-08-01T01:16:15.270+0000: 8726.844: Total time for which application threads were stopped: 0.0246566 seconds, Stopping threads took: 0.0000589 seconds
2017-08-01T01:16:15.271+0000: 8726.844: Total time for which application threads were stopped: 0.0001406 seconds, Stopping threads took: 0.0000462 seconds
2017-08-01T01:16:15.271+0000: 8726.845: Total time for which application threads were stopped: 0.0000769 seconds, Stopping threads took: 0.0000218 seconds
2017-08-01T01:16:15.271+0000: 8726.845: Total time for which application threads were stopped: 0.0000682 seconds, Stopping threads took: 0.0000203 seconds
2017-08-01T01:16:15.273+0000: 8726.846: Total time for which application threads were stopped: 0.0001011 seconds, Stopping threads took: 0.0000243 seconds
2017-08-01T01:16:15.273+0000: 8726.847: Total time for which application threads were stopped: 0.0000784 seconds, Stopping threads took: 0.0000278 seconds
2017-08-01T01:16:15.273+0000: 8726.847: Total time for which application threads were stopped: 0.0000667 seconds, Stopping threads took: 0.0000189 seconds
2017-08-01T01:16:15.274+0000: 8726.847: Total time for which application threads were stopped: 0.0000998 seconds, Stopping threads took: 0.0000293 seconds
2017-08-01T01:16:15.274+0000: 8726.847: Total time for which application threads were stopped: 0.0000983 seconds, Stopping threads took: 0.0000358 seconds
2017-08-01T01:16:15.274+0000: 8726.847: Total time for which application threads were stopped: 0.0001014 seconds, Stopping threads took: 0.0000323 seconds
2017-08-01T01:16:15.274+0000: 8726.847: Total time for which application threads were stopped: 0.0000671 seconds, Stopping threads took: 0.0000193 seconds
2017-08-01T01:16:15.282+0000: 8726.856: Total time for which application threads were stopped: 0.0001192 seconds, Stopping threads took: 0.0000526 seconds
2017-08-01T01:16:15.283+0000: 8726.856: Total time for which application threads were stopped: 0.0001045 seconds, Stopping threads took: 0.0000459 seconds
2017-08-01T01:16:15.283+0000: 8726.856: Total time for which application threads were stopped: 0.0000643 seconds, Stopping threads took: 0.0000167 seconds
2017-08-01T01:16:15.283+0000: 8726.856: Total time for which application threads were stopped: 0.0001027 seconds, Stopping threads took: 0.0000253 seconds
2017-08-01T01:16:15.283+0000: 8726.856: Total time for which application threads were stopped: 0.0001264 seconds, Stopping threads took: 0.0000506 seconds
2017-08-01T01:16:15.283+0000: 8726.856: Total time for which application threads were stopped: 0.0000678 seconds, Stopping threads took: 0.0000197 seconds
2017-08-01T01:16:15.283+0000: 8726.857: Total time for which application threads were stopped: 0.0000951 seconds, Stopping threads took: 0.0000450 seconds
2017-08-01T01:16:15.283+0000: 8726.857: Total time for which application threads were stopped: 0.0001045 seconds, Stopping threads took: 0.0000455 seconds
2017-08-01T01:16:15.283+0000: 8726.857: Total time for which application threads were stopped: 0.0001035 seconds, Stopping threads took: 0.0000451 seconds
2017-08-01T01:16:15.284+0000: 8726.857: Total time for which application threads were stopped: 0.0002539 seconds, Stopping threads took: 0.0000426 seconds
2017-08-01T01:16:24.285+0000: 8735.858: Total time for which application threads were stopped: 0.0001533 seconds, Stopping threads took: 0.0000445 seconds
2017-08-01T01:16:27.285+0000: 8738.859: Total time for which application threads were stopped: 0.0001604 seconds, Stopping threads took: 0.0000546 seconds
{Heap before GC invocations=147 (full 2):
 par new generation   total 153344K, used 142958K [0x0000000080000000, 0x000000008a660000, 0x000000008a660000)
  eden space 136320K, 100% used [0x0000000080000000, 0x0000000088520000, 0x0000000088520000)
  from space 17024K,  38% used [0x00000000895c0000, 0x0000000089c3b9b0, 0x000000008a660000)
  to   space 17024K,   0% used [0x0000000088520000, 0x0000000088520000, 0x00000000895c0000)
 concurrent mark-sweep generation total 1926784K, used 234259K [0x000000008a660000, 0x0000000100000000, 0x0000000100000000)
 Metaspace       used 86362K, capacity 92118K, committed 92312K, reserved 1130496K
  class space    used 10440K, capacity 10834K, committed 10912K, reserved 1048576K
2017-08-01T01:17:35.383+0000: 8806.956: [GC (Allocation Failure) Before GC:
Statistics for BinaryTreeDictionary:
------------------------------------
Total Free Space: 216505973
Max   Chunk Size: 216505973
Number of Blocks: 1
Av.  Block  Size: 216505973
Tree      Height: 1
2017-08-01T01:17:35.383+0000: 8806.956: [ParNew
Desired survivor size 8716288 bytes, new threshold 6 (max 6)
- age   1:    1506512 bytes,    1506512 total
- age   2:     742040 bytes,    2248552 total
- age   3:     585744 bytes,    2834296 total
- age   4:     626480 bytes,    3460776 total
- age   5:     589640 bytes,    4050416 total
- age   6:     525768 bytes,    4576184 total
: 142958K->6702K(153344K), 0.0238958 secs] 377217K->241520K(2080128K)After GC:
Statistics for BinaryTreeDictionary:
------------------------------------
Total Free Space: 216435174
Max   Chunk Size: 216435174
Number of Blocks: 1
Av.  Block  Size: 216435174
Tree      Height: 1
, 0.0239946 secs] [Times: user=0.05 sys=0.00, real=0.02 secs] 
Heap after GC invocations=148 (full 2):
 par new generation   total 153344K, used 6702K [0x0000000080000000, 0x000000008a660000, 0x000000008a660000)
  eden space 136320K,   0% used [0x0000000080000000, 0x0000000080000000, 0x0000000088520000)
  from space 17024K,  39% used [0x0000000088520000, 0x0000000088baba38, 0x00000000895c0000)
  to   space 17024K,   0% used [0x00000000895c0000, 0x00000000895c0000, 0x000000008a660000)
 concurrent mark-sweep generation total 1926784K, used 234817K [0x000000008a660000, 0x0000000100000000, 0x0000000100000000)
 Metaspace       used 86362K, capacity 92118K, committed 92312K, reserved 1130496K
  class space    used 10440K, capacity 10834K, committed 10912K, reserved 1048576K
}
2017-08-01T01:17:35.407+0000: 8806.980: Total time for which application threads were stopped: 0.0242605 seconds, Stopping threads took: 0.0000434 seconds
2017-08-01T01:17:35.407+0000: 8806.981: Total time for which application threads were stopped: 0.0001492 seconds, Stopping threads took: 0.0000417 seconds
2017-08-01T01:17:35.407+0000: 8806.981: Total time for which application threads were stopped: 0.0000790 seconds, Stopping threads took: 0.0000293 seconds
2017-08-01T01:17:35.407+0000: 8806.981: Total time for which application threads were stopped: 0.0001016 seconds, Stopping threads took: 0.0000245 seconds
2017-08-01T01:17:35.408+0000: 8806.981: Total time for which application threads were stopped: 0.0000793 seconds, Stopping threads took: 0.0000299 seconds
2017-08-01T01:17:35.408+0000: 8806.981: Total time for which application threads were stopped: 0.0000675 seconds, Stopping threads took: 0.0000199 seconds
2017-08-01T01:17:35.408+0000: 8806.981: Total time for which application threads were stopped: 0.0000969 seconds, Stopping threads took: 0.0000187 seconds
2017-08-01T01:17:35.408+0000: 8806.981: Total time for which application threads were stopped: 0.0000785 seconds, Stopping threads took: 0.0000285 seconds
2017-08-01T01:17:35.408+0000: 8806.981: Total time for which application threads were stopped: 0.0001157 seconds, Stopping threads took: 0.0000546 seconds
2017-08-01T01:17:35.408+0000: 8806.981: Total time for which application threads were stopped: 0.0001210 seconds, Stopping threads took: 0.0000565 seconds
2017-08-01T01:17:35.408+0000: 8806.982: Total time for which application threads were stopped: 0.0001111 seconds, Stopping threads took: 0.0000446 seconds
2017-08-01T01:17:35.408+0000: 8806.982: Total time for which application threads were stopped: 0.0001205 seconds, Stopping threads took: 0.0000572 seconds
2017-08-01T01:17:35.409+0000: 8806.982: Total time for which application threads were stopped: 0.0001070 seconds, Stopping threads took: 0.0000440 seconds
2017-08-01T01:17:35.409+0000: 8806.982: Total time for which application threads were stopped: 0.0000750 seconds, Stopping threads took: 0.0000229 seconds
2017-08-01T01:17:35.409+0000: 8806.982: Total time for which application threads were stopped: 0.0000823 seconds, Stopping threads took: 0.0000195 seconds
2017-08-01T01:17:35.409+0000: 8806.982: Total time for which application threads were stopped: 0.0000709 seconds, Stopping threads took: 0.0000192 seconds
2017-08-01T01:17:35.409+0000: 8806.982: Total time for which application threads were stopped: 0.0001043 seconds, Stopping threads took: 0.0000241 seconds
2017-08-01T01:17:35.409+0000: 8806.982: Total time for which application threads were stopped: 0.0000922 seconds, Stopping threads took: 0.0000367 seconds
2017-08-01T01:17:35.409+0000: 8806.983: Total time for which application threads were stopped: 0.0001141 seconds, Stopping threads took: 0.0000492 seconds
2017-08-01T01:17:35.410+0000: 8806.983: Total time for which application threads were stopped: 0.0001016 seconds, Stopping threads took: 0.0000412 seconds
2017-08-01T01:17:35.410+0000: 8806.983: Total time for which application threads were stopped: 0.0002832 seconds, Stopping threads took: 0.0000188 seconds
2017-08-01T01:17:46.411+0000: 8817.984: Total time for which application threads were stopped: 0.0001831 seconds, Stopping threads took: 0.0000444 seconds
{Heap before GC invocations=148 (full 2):
 par new generation   total 153344K, used 143022K [0x0000000080000000, 0x000000008a660000, 0x000000008a660000)
  eden space 136320K, 100% used [0x0000000080000000, 0x0000000088520000, 0x0000000088520000)
  from space 17024K,  39% used [0x0000000088520000, 0x0000000088baba38, 0x00000000895c0000)
  to   space 17024K,   0% used [0x00000000895c0000, 0x00000000895c0000, 0x000000008a660000)
 concurrent mark-sweep generation total 1926784K, used 234817K [0x000000008a660000, 0x0000000100000000, 0x0000000100000000)
 Metaspace       used 86362K, capacity 92118K, committed 92312K, reserved 1130496K
  class space    used 10440K, capacity 10834K, committed 10912K, reserved 1048576K
2017-08-01T01:18:50.673+0000: 8882.246: [GC (Allocation Failure) Before GC:
Statistics for BinaryTreeDictionary:
------------------------------------
Total Free Space: 216435174
Max   Chunk Size: 216435174
Number of Blocks: 1
Av.  Block  Size: 216435174
Tree      Height: 1
2017-08-01T01:18:50.673+0000: 8882.246: [ParNew
Desired survivor size 8716288 bytes, new threshold 6 (max 6)
- age   1:    1314696 bytes,    1314696 total
- age   2:     817552 bytes,    2132248 total
- age   3:     688000 bytes,    2820248 total
- age   4:     516824 bytes,    3337072 total
- age   5:     612488 bytes,    3949560 total
- age   6:     579928 bytes,    4529488 total
: 143022K->6635K(153344K), 0.0369706 secs] 377840K->241969K(2080128K)After GC:
Statistics for BinaryTreeDictionary:
------------------------------------
Total Free Space: 216369857
Max   Chunk Size: 216369857
Number of Blocks: 1
Av.  Block  Size: 216369857
Tree      Height: 1
, 0.0370666 secs] [Times: user=0.06 sys=0.00, real=0.04 secs] 
Heap after GC invocations=149 (full 2):
 par new generation   total 153344K, used 6635K [0x0000000080000000, 0x000000008a660000, 0x000000008a660000)
  eden space 136320K,   0% used [0x0000000080000000, 0x0000000080000000, 0x0000000088520000)
  from space 17024K,  38% used [0x00000000895c0000, 0x0000000089c3ac10, 0x000000008a660000)
  to   space 17024K,   0% used [0x0000000088520000, 0x0000000088520000, 0x00000000895c0000)
 concurrent mark-sweep generation total 1926784K, used 235334K [0x000000008a660000, 0x0000000100000000, 0x0000000100000000)
 Metaspace       used 86362K, capacity 92118K, committed 92312K, reserved 1130496K
  class space    used 10440K, capacity 10834K, committed 10912K, reserved 1048576K
}
2017-08-01T01:18:50.710+0000: 8882.283: Total time for which application threads were stopped: 0.0373660 seconds, Stopping threads took: 0.0000460 seconds
2017-08-01T01:18:50.719+0000: 8882.292: Total time for which application threads were stopped: 0.0001777 seconds, Stopping threads took: 0.0000377 seconds
2017-08-01T01:18:50.719+0000: 8882.292: Total time for which application threads were stopped: 0.0001175 seconds, Stopping threads took: 0.0000368 seconds
2017-08-01T01:18:50.719+0000: 8882.292: Total time for which application threads were stopped: 0.0001064 seconds, Stopping threads took: 0.0000136 seconds
2017-08-01T01:18:50.719+0000: 8882.292: Total time for which application threads were stopped: 0.0000917 seconds, Stopping threads took: 0.0000134 seconds
2017-08-01T01:18:50.719+0000: 8882.292: Total time for which application threads were stopped: 0.0000941 seconds, Stopping threads took: 0.0000132 seconds
2017-08-01T01:18:50.719+0000: 8882.292: Total time for which application threads were stopped: 0.0000899 seconds, Stopping threads took: 0.0000130 seconds
2017-08-01T01:18:50.719+0000: 8882.293: Total time for which application threads were stopped: 0.0000903 seconds, Stopping threads took: 0.0000130 seconds
2017-08-01T01:18:50.719+0000: 8882.293: Total time for which application threads were stopped: 0.0000894 seconds, Stopping threads took: 0.0000128 seconds
2017-08-01T01:18:50.720+0000: 8882.293: Total time for which application threads were stopped: 0.0001007 seconds, Stopping threads took: 0.0000133 seconds
2017-08-01T01:18:50.720+0000: 8882.293: Total time for which application threads were stopped: 0.0000708 seconds, Stopping threads took: 0.0000196 seconds
2017-08-01T01:18:50.720+0000: 8882.293: Total time for which application threads were stopped: 0.0000680 seconds, Stopping threads took: 0.0000182 seconds
2017-08-01T01:18:50.720+0000: 8882.293: Total time for which application threads were stopped: 0.0000779 seconds, Stopping threads took: 0.0000180 seconds
2017-08-01T01:18:50.720+0000: 8882.293: Total time for which application threads were stopped: 0.0000689 seconds, Stopping threads took: 0.0000186 seconds
2017-08-01T01:18:50.720+0000: 8882.293: Total time for which application threads were stopped: 0.0000678 seconds, Stopping threads took: 0.0000182 seconds
2017-08-01T01:18:50.720+0000: 8882.293: Total time for which application threads were stopped: 0.0000675 seconds, Stopping threads took: 0.0000179 seconds
2017-08-01T01:18:50.720+0000: 8882.293: Total time for which application threads were stopped: 0.0000669 seconds, Stopping threads took: 0.0000175 seconds
2017-08-01T01:18:50.720+0000: 8882.294: Total time for which application threads were stopped: 0.0000666 seconds, Stopping threads took: 0.0000174 seconds
2017-08-01T01:18:50.720+0000: 8882.294: Total time for which application threads were stopped: 0.0000671 seconds, Stopping threads took: 0.0000181 seconds
2017-08-01T01:18:50.720+0000: 8882.294: Total time for which application threads were stopped: 0.0000674 seconds, Stopping threads took: 0.0000179 seconds
2017-08-01T01:18:50.721+0000: 8882.294: Total time for which application threads were stopped: 0.0002820 seconds, Stopping threads took: 0.0000457 seconds
2017-08-01T01:18:53.721+0000: 8885.295: Total time for which application threads were stopped: 0.0001751 seconds, Stopping threads took: 0.0000421 seconds
{Heap before GC invocations=149 (full 2):
 par new generation   total 153344K, used 142955K [0x0000000080000000, 0x000000008a660000, 0x000000008a660000)
  eden space 136320K, 100% used [0x0000000080000000, 0x0000000088520000, 0x0000000088520000)
  from space 17024K,  38% used [0x00000000895c0000, 0x0000000089c3ac10, 0x000000008a660000)
  to   space 17024K,   0% used [0x0000000088520000, 0x0000000088520000, 0x00000000895c0000)
 concurrent mark-sweep generation total 1926784K, used 235334K [0x000000008a660000, 0x0000000100000000, 0x0000000100000000)
 Metaspace       used 86366K, capacity 92118K, committed 92312K, reserved 1130496K
  class space    used 10440K, capacity 10834K, committed 10912K, reserved 1048576K
2017-08-01T01:20:11.934+0000: 8963.507: [GC (Allocation Failure) Before GC:
Statistics for BinaryTreeDictionary:
------------------------------------
Total Free Space: 216369857
Max   Chunk Size: 216369857
Number of Blocks: 1
Av.  Block  Size: 216369857
Tree      Height: 1
2017-08-01T01:20:11.934+0000: 8963.507: [ParNew
Desired survivor size 8716288 bytes, new threshold 6 (max 6)
- age   1:    1422520 bytes,    1422520 total
- age   2:     624864 bytes,    2047384 total
- age   3:     752680 bytes,    2800064 total
- age   4:     634472 bytes,    3434536 total
- age   5:     502832 bytes,    3937368 total
- age   6:     602096 bytes,    4539464 total
: 142955K->6677K(153344K), 0.0236360 secs] 378289K->242581K(2080128K)After GC:
Statistics for BinaryTreeDictionary:
------------------------------------
Total Free Space: 216298448
Max   Chunk Size: 216298448
Number of Blocks: 1
Av.  Block  Size: 216298448
Tree      Height: 1
, 0.0237308 secs] [Times: user=0.06 sys=0.00, real=0.02 secs] 
Heap after GC invocations=150 (full 2):
 par new generation   total 153344K, used 6677K [0x0000000080000000, 0x000000008a660000, 0x000000008a660000)
  eden space 136320K,   0% used [0x0000000080000000, 0x0000000080000000, 0x0000000088520000)
  from space 17024K,  39% used [0x0000000088520000, 0x0000000088ba55a0, 0x00000000895c0000)
  to   space 17024K,   0% used [0x00000000895c0000, 0x00000000895c0000, 0x000000008a660000)
 concurrent mark-sweep generation total 1926784K, used 235903K [0x000000008a660000, 0x0000000100000000, 0x0000000100000000)
 Metaspace       used 86366K, capacity 92118K, committed 92312K, reserved 1130496K
  class space    used 10440K, capacity 10834K, committed 10912K, reserved 1048576K
}
2017-08-01T01:20:11.958+0000: 8963.531: Total time for which application threads were stopped: 0.0240351 seconds, Stopping threads took: 0.0000765 seconds
2017-08-01T01:20:11.959+0000: 8963.532: Total time for which application threads were stopped: 0.0001599 seconds, Stopping threads took: 0.0000554 seconds
2017-08-01T01:20:11.959+0000: 8963.532: Total time for which application threads were stopped: 0.0001076 seconds, Stopping threads took: 0.0000485 seconds
2017-08-01T01:20:11.959+0000: 8963.532: Total time for which application threads were stopped: 0.0001225 seconds, Stopping threads took: 0.0000190 seconds
2017-08-01T01:20:11.959+0000: 8963.532: Total time for which application threads were stopped: 0.0001335 seconds, Stopping threads took: 0.0000515 seconds
2017-08-01T01:20:11.959+0000: 8963.533: Total time for which application threads were stopped: 0.0000822 seconds, Stopping threads took: 0.0000333 seconds
2017-08-01T01:20:11.959+0000: 8963.533: Total time for which application threads were stopped: 0.0000773 seconds, Stopping threads took: 0.0000191 seconds
2017-08-01T01:20:11.959+0000: 8963.533: Total time for which application threads were stopped: 0.0001273 seconds, Stopping threads took: 0.0000627 seconds
2017-08-01T01:20:11.961+0000: 8963.534: Total time for which application threads were stopped: 0.0010040 seconds, Stopping threads took: 0.0009392 seconds
2017-08-01T01:20:11.961+0000: 8963.534: Total time for which application threads were stopped: 0.0000817 seconds, Stopping threads took: 0.0000306 seconds
2017-08-01T01:20:11.961+0000: 8963.534: Total time for which application threads were stopped: 0.0000687 seconds, Stopping threads took: 0.0000187 seconds
2017-08-01T01:20:11.961+0000: 8963.535: Total time for which application threads were stopped: 0.0001269 seconds, Stopping threads took: 0.0000482 seconds
2017-08-01T01:20:11.962+0000: 8963.535: Total time for which application threads were stopped: 0.0001073 seconds, Stopping threads took: 0.0000576 seconds
2017-08-01T01:20:11.962+0000: 8963.535: Total time for which application threads were stopped: 0.0001183 seconds, Stopping threads took: 0.0000578 seconds
2017-08-01T01:20:11.962+0000: 8963.535: Total time for which application threads were stopped: 0.0000805 seconds, Stopping threads took: 0.0000208 seconds
2017-08-01T01:20:11.962+0000: 8963.536: Total time for which application threads were stopped: 0.0001312 seconds, Stopping threads took: 0.0000472 seconds
2017-08-01T01:20:11.962+0000: 8963.536: Total time for which application threads were stopped: 0.0000706 seconds, Stopping threads took: 0.0000231 seconds
2017-08-01T01:20:11.962+0000: 8963.536: Total time for which application threads were stopped: 0.0000983 seconds, Stopping threads took: 0.0000411 seconds
2017-08-01T01:20:11.963+0000: 8963.536: Total time for which application threads were stopped: 0.0000693 seconds, Stopping threads took: 0.0000222 seconds
2017-08-01T01:20:11.963+0000: 8963.536: Total time for which application threads were stopped: 0.0000643 seconds, Stopping threads took: 0.0000184 seconds
2017-08-01T01:20:11.963+0000: 8963.536: Total time for which application threads were stopped: 0.0002310 seconds, Stopping threads took: 0.0000187 seconds
2017-08-01T01:20:39.897+0000: 8991.470: Total time for which application threads were stopped: 0.0004225 seconds, Stopping threads took: 0.0000819 seconds
2017-08-01T01:20:39.897+0000: 8991.470: Total time for which application threads were stopped: 0.0001055 seconds, Stopping threads took: 0.0000300 seconds
2017-08-01T01:20:39.897+0000: 8991.470: Total time for which application threads were stopped: 0.0000790 seconds, Stopping threads took: 0.0000211 seconds
2017-08-01T01:20:39.897+0000: 8991.470: Total time for which application threads were stopped: 0.0001170 seconds, Stopping threads took: 0.0000481 seconds
2017-08-01T01:20:39.898+0000: 8991.471: Total time for which application threads were stopped: 0.0001144 seconds, Stopping threads took: 0.0000525 seconds
2017-08-01T01:20:39.898+0000: 8991.471: Total time for which application threads were stopped: 0.0000735 seconds, Stopping threads took: 0.0000186 seconds
2017-08-01T01:20:40.906+0000: 8992.480: Total time for which application threads were stopped: 0.0001639 seconds, Stopping threads took: 0.0000364 seconds
2017-08-01T01:20:40.906+0000: 8992.480: Total time for which application threads were stopped: 0.0000723 seconds, Stopping threads took: 0.0000198 seconds
2017-08-01T01:20:40.907+0000: 8992.480: Total time for which application threads were stopped: 0.0000874 seconds, Stopping threads took: 0.0000177 seconds
2017-08-01T01:20:40.907+0000: 8992.480: Total time for which application threads were stopped: 0.0000700 seconds, Stopping threads took: 0.0000172 seconds
2017-08-01T01:20:40.907+0000: 8992.480: Total time for which application threads were stopped: 0.0000849 seconds, Stopping threads took: 0.0000178 seconds
2017-08-01T01:20:41.957+0000: 8993.530: Total time for which application threads were stopped: 0.0001920 seconds, Stopping threads took: 0.0000404 seconds
2017-08-01T01:20:42.977+0000: 8994.550: Total time for which application threads were stopped: 0.0001766 seconds, Stopping threads took: 0.0000416 seconds
2017-08-01T01:20:43.977+0000: 8995.550: Total time for which application threads were stopped: 0.0001545 seconds, Stopping threads took: 0.0000403 seconds
2017-08-01T01:21:25.981+0000: 9037.555: Total time for which application threads were stopped: 0.0001946 seconds, Stopping threads took: 0.0000454 seconds
{Heap before GC invocations=150 (full 2):
 par new generation   total 153344K, used 142997K [0x0000000080000000, 0x000000008a660000, 0x000000008a660000)
  eden space 136320K, 100% used [0x0000000080000000, 0x0000000088520000, 0x0000000088520000)
  from space 17024K,  39% used [0x0000000088520000, 0x0000000088ba55a0, 0x00000000895c0000)
  to   space 17024K,   0% used [0x00000000895c0000, 0x00000000895c0000, 0x000000008a660000)
 concurrent mark-sweep generation total 1926784K, used 235903K [0x000000008a660000, 0x0000000100000000, 0x0000000100000000)
 Metaspace       used 86368K, capacity 92118K, committed 92312K, reserved 1130496K
  class space    used 10440K, capacity 10834K, committed 10912K, reserved 1048576K
2017-08-01T01:21:34.880+0000: 9046.453: [GC (Allocation Failure) Before GC:
Statistics for BinaryTreeDictionary:
------------------------------------
Total Free Space: 216298448
Max   Chunk Size: 216298448
Number of Blocks: 1
Av.  Block  Size: 216298448
Tree      Height: 1
2017-08-01T01:21:34.880+0000: 9046.453: [ParNew
Desired survivor size 8716288 bytes, new threshold 6 (max 6)
- age   1:    1456536 bytes,    1456536 total
- age   2:     723240 bytes,    2179776 total
- age   3:     566840 bytes,    2746616 total
- age   4:     694832 bytes,    3441448 total
- age   5:     572392 bytes,    4013840 total
- age   6:     494640 bytes,    4508480 total
: 142997K->6635K(153344K), 0.0234704 secs] 378901K->243130K(2080128K)After GC:
Statistics for BinaryTreeDictionary:
------------------------------------
Total Free Space: 216223019
Max   Chunk Size: 216223019
Number of Blocks: 1
Av.  Block  Size: 216223019
Tree      Height: 1
, 0.0235621 secs] [Times: user=0.06 sys=0.00, real=0.03 secs] 
Heap after GC invocations=151 (full 2):
 par new generation   total 153344K, used 6635K [0x0000000080000000, 0x000000008a660000, 0x000000008a660000)
  eden space 136320K,   0% used [0x0000000080000000, 0x0000000080000000, 0x0000000088520000)
  from space 17024K,  38% used [0x00000000895c0000, 0x0000000089c3aca8, 0x000000008a660000)
  to   space 17024K,   0% used [0x0000000088520000, 0x0000000088520000, 0x00000000895c0000)
 concurrent mark-sweep generation total 1926784K, used 236494K [0x000000008a660000, 0x0000000100000000, 0x0000000100000000)
 Metaspace       used 86368K, capacity 92118K, committed 92312K, reserved 1130496K
  class space    used 10440K, capacity 10834K, committed 10912K, reserved 1048576K
}
2017-08-01T01:21:34.904+0000: 9046.477: Total time for which application threads were stopped: 0.0238340 seconds, Stopping threads took: 0.0000659 seconds
2017-08-01T01:21:34.904+0000: 9046.477: Total time for which application threads were stopped: 0.0001753 seconds, Stopping threads took: 0.0000673 seconds
2017-08-01T01:21:34.919+0000: 9046.493: Total time for which application threads were stopped: 0.0001622 seconds, Stopping threads took: 0.0000760 seconds
2017-08-01T01:21:34.920+0000: 9046.493: Total time for which application threads were stopped: 0.0000704 seconds, Stopping threads took: 0.0000199 seconds
2017-08-01T01:21:34.920+0000: 9046.493: Total time for which application threads were stopped: 0.0001238 seconds, Stopping threads took: 0.0000556 seconds
2017-08-01T01:21:34.921+0000: 9046.494: Total time for which application threads were stopped: 0.0009787 seconds, Stopping threads took: 0.0009138 seconds
2017-08-01T01:21:34.921+0000: 9046.494: Total time for which application threads were stopped: 0.0001052 seconds, Stopping threads took: 0.0000443 seconds
2017-08-01T01:21:34.921+0000: 9046.495: Total time for which application threads were stopped: 0.0000696 seconds, Stopping threads took: 0.0000197 seconds
2017-08-01T01:21:34.921+0000: 9046.495: Total time for which application threads were stopped: 0.0000979 seconds, Stopping threads took: 0.0000371 seconds
2017-08-01T01:21:34.922+0000: 9046.495: Total time for which application threads were stopped: 0.0000965 seconds, Stopping threads took: 0.0000338 seconds
2017-08-01T01:21:34.922+0000: 9046.495: Total time for which application threads were stopped: 0.0000687 seconds, Stopping threads took: 0.0000184 seconds
2017-08-01T01:21:34.922+0000: 9046.495: Total time for which application threads were stopped: 0.0000692 seconds, Stopping threads took: 0.0000194 seconds
2017-08-01T01:21:34.922+0000: 9046.495: Total time for which application threads were stopped: 0.0000951 seconds, Stopping threads took: 0.0000182 seconds
2017-08-01T01:21:34.922+0000: 9046.495: Total time for which application threads were stopped: 0.0000716 seconds, Stopping threads took: 0.0000210 seconds
2017-08-01T01:21:34.922+0000: 9046.495: Total time for which application threads were stopped: 0.0000691 seconds, Stopping threads took: 0.0000191 seconds
2017-08-01T01:21:34.922+0000: 9046.495: Total time for which application threads were stopped: 0.0000721 seconds, Stopping threads took: 0.0000219 seconds
2017-08-01T01:21:34.922+0000: 9046.496: Total time for which application threads were stopped: 0.0001024 seconds, Stopping threads took: 0.0000429 seconds
2017-08-01T01:21:34.922+0000: 9046.496: Total time for which application threads were stopped: 0.0001116 seconds, Stopping threads took: 0.0000493 seconds
2017-08-01T01:21:34.922+0000: 9046.496: Total time for which application threads were stopped: 0.0001077 seconds, Stopping threads took: 0.0000440 seconds
2017-08-01T01:21:34.923+0000: 9046.496: Total time for which application threads were stopped: 0.0000699 seconds, Stopping threads took: 0.0000179 seconds
2017-08-01T01:21:34.923+0000: 9046.496: Total time for which application threads were stopped: 0.0002558 seconds, Stopping threads took: 0.0000249 seconds
{Heap before GC invocations=151 (full 2):
 par new generation   total 153344K, used 142955K [0x0000000080000000, 0x000000008a660000, 0x000000008a660000)
  eden space 136320K, 100% used [0x0000000080000000, 0x0000000088520000, 0x0000000088520000)
  from space 17024K,  38% used [0x00000000895c0000, 0x0000000089c3aca8, 0x000000008a660000)
  to   space 17024K,   0% used [0x0000000088520000, 0x0000000088520000, 0x00000000895c0000)
 concurrent mark-sweep generation total 1926784K, used 236494K [0x000000008a660000, 0x0000000100000000, 0x0000000100000000)
 Metaspace       used 86370K, capacity 92118K, committed 92312K, reserved 1130496K
  class space    used 10440K, capacity 10834K, committed 10912K, reserved 1048576K
2017-08-01T01:22:50.676+0000: 9122.249: [GC (Allocation Failure) Before GC:
Statistics for BinaryTreeDictionary:
------------------------------------
Total Free Space: 216223019
Max   Chunk Size: 216223019
Number of Blocks: 1
Av.  Block  Size: 216223019
Tree      Height: 1
2017-08-01T01:22:50.676+0000: 9122.250: [ParNew
Desired survivor size 8716288 bytes, new threshold 6 (max 6)
- age   1:    1340208 bytes,    1340208 total
- age   2:     740072 bytes,    2080280 total
- age   3:     668232 bytes,    2748512 total
- age   4:     544352 bytes,    3292864 total
- age   5:     629992 bytes,    3922856 total
- age   6:     563416 bytes,    4486272 total
: 142955K->6543K(153344K), 0.0269159 secs] 379450K->243524K(2080128K)After GC:
Statistics for BinaryTreeDictionary:
------------------------------------
Total Free Space: 216157117
Max   Chunk Size: 216157117
Number of Blocks: 1
Av.  Block  Size: 216157117
Tree      Height: 1
, 0.0270251 secs] [Times: user=0.06 sys=0.00, real=0.03 secs] 
Heap after GC invocations=152 (full 2):
 par new generation   total 153344K, used 6543K [0x0000000080000000, 0x000000008a660000, 0x000000008a660000)
  eden space 136320K,   0% used [0x0000000080000000, 0x0000000080000000, 0x0000000088520000)
  from space 17024K,  38% used [0x0000000088520000, 0x0000000088b83d88, 0x00000000895c0000)
  to   space 17024K,   0% used [0x00000000895c0000, 0x00000000895c0000, 0x000000008a660000)
 concurrent mark-sweep generation total 1926784K, used 236980K [0x000000008a660000, 0x0000000100000000, 0x0000000100000000)
 Metaspace       used 86370K, capacity 92118K, committed 92312K, reserved 1130496K
  class space    used 10440K, capacity 10834K, committed 10912K, reserved 1048576K
}
2017-08-01T01:22:50.703+0000: 9122.277: Total time for which application threads were stopped: 0.0304794 seconds, Stopping threads took: 0.0031677 seconds
2017-08-01T01:22:50.707+0000: 9122.281: Total time for which application threads were stopped: 0.0001519 seconds, Stopping threads took: 0.0000238 seconds
2017-08-01T01:22:50.708+0000: 9122.281: Total time for which application threads were stopped: 0.0000889 seconds, Stopping threads took: 0.0000141 seconds
2017-08-01T01:22:50.708+0000: 9122.281: Total time for which application threads were stopped: 0.0000868 seconds, Stopping threads took: 0.0000132 seconds
2017-08-01T01:22:50.708+0000: 9122.281: Total time for which application threads were stopped: 0.0000873 seconds, Stopping threads took: 0.0000137 seconds
2017-08-01T01:22:50.708+0000: 9122.281: Total time for which application threads were stopped: 0.0001413 seconds, Stopping threads took: 0.0000135 seconds
2017-08-01T01:22:50.708+0000: 9122.281: Total time for which application threads were stopped: 0.0000901 seconds, Stopping threads took: 0.0000148 seconds
2017-08-01T01:22:50.708+0000: 9122.282: Total time for which application threads were stopped: 0.0000864 seconds, Stopping threads took: 0.0000135 seconds
2017-08-01T01:22:50.708+0000: 9122.282: Total time for which application threads were stopped: 0.0000858 seconds, Stopping threads took: 0.0000133 seconds
2017-08-01T01:22:50.708+0000: 9122.282: Total time for which application threads were stopped: 0.0000851 seconds, Stopping threads took: 0.0000133 seconds
2017-08-01T01:22:50.715+0000: 9122.288: Total time for which application threads were stopped: 0.0063577 seconds, Stopping threads took: 0.0062917 seconds
2017-08-01T01:22:50.719+0000: 9122.292: Total time for which application threads were stopped: 0.0038265 seconds, Stopping threads took: 0.0037577 seconds
2017-08-01T01:22:50.719+0000: 9122.292: Total time for which application threads were stopped: 0.0000861 seconds, Stopping threads took: 0.0000352 seconds
2017-08-01T01:22:50.719+0000: 9122.292: Total time for which application threads were stopped: 0.0000683 seconds, Stopping threads took: 0.0000207 seconds
2017-08-01T01:22:50.719+0000: 9122.292: Total time for which application threads were stopped: 0.0000729 seconds, Stopping threads took: 0.0000243 seconds
2017-08-01T01:22:50.719+0000: 9122.293: Total time for which application threads were stopped: 0.0001059 seconds, Stopping threads took: 0.0000296 seconds
2017-08-01T01:22:50.719+0000: 9122.293: Total time for which application threads were stopped: 0.0000685 seconds, Stopping threads took: 0.0000211 seconds
2017-08-01T01:22:50.719+0000: 9122.293: Total time for which application threads were stopped: 0.0000672 seconds, Stopping threads took: 0.0000204 seconds
2017-08-01T01:22:50.720+0000: 9122.294: Total time for which application threads were stopped: 0.0000765 seconds, Stopping threads took: 0.0000249 seconds
2017-08-01T01:22:50.720+0000: 9122.294: Total time for which application threads were stopped: 0.0001274 seconds, Stopping threads took: 0.0000552 seconds
2017-08-01T01:22:50.721+0000: 9122.294: Total time for which application threads were stopped: 0.0002357 seconds, Stopping threads took: 0.0000201 seconds
2017-08-01T01:23:56.728+0000: 9188.302: Total time for which application threads were stopped: 0.0001486 seconds, Stopping threads took: 0.0000429 seconds
2017-08-01T01:24:04.246+0000: 9195.819: Total time for which application threads were stopped: 0.0002403 seconds, Stopping threads took: 0.0000431 seconds
2017-08-01T01:24:04.246+0000: 9195.819: Total time for which application threads were stopped: 0.0000974 seconds, Stopping threads took: 0.0000222 seconds
2017-08-01T01:24:04.246+0000: 9195.820: Total time for which application threads were stopped: 0.0001209 seconds, Stopping threads took: 0.0000421 seconds
2017-08-01T01:24:04.246+0000: 9195.820: Total time for which application threads were stopped: 0.0001052 seconds, Stopping threads took: 0.0000185 seconds
2017-08-01T01:24:04.247+0000: 9195.820: Total time for which application threads were stopped: 0.0001069 seconds, Stopping threads took: 0.0000191 seconds
2017-08-01T01:24:04.247+0000: 9195.820: Total time for which application threads were stopped: 0.0001035 seconds, Stopping threads took: 0.0000183 seconds
2017-08-01T01:24:05.266+0000: 9196.840: Total time for which application threads were stopped: 0.0001729 seconds, Stopping threads took: 0.0000426 seconds
2017-08-01T01:24:05.267+0000: 9196.840: Total time for which application threads were stopped: 0.0000755 seconds, Stopping threads took: 0.0000212 seconds
2017-08-01T01:24:05.267+0000: 9196.840: Total time for which application threads were stopped: 0.0000725 seconds, Stopping threads took: 0.0000203 seconds
2017-08-01T01:24:05.267+0000: 9196.840: Total time for which application threads were stopped: 0.0000687 seconds, Stopping threads took: 0.0000186 seconds
2017-08-01T01:24:05.267+0000: 9196.841: Total time for which application threads were stopped: 0.0000724 seconds, Stopping threads took: 0.0000199 seconds
2017-08-01T01:24:05.267+0000: 9196.841: Total time for which application threads were stopped: 0.0000684 seconds, Stopping threads took: 0.0000186 seconds
{Heap before GC invocations=152 (full 2):
 par new generation   total 153344K, used 142863K [0x0000000080000000, 0x000000008a660000, 0x000000008a660000)
  eden space 136320K, 100% used [0x0000000080000000, 0x0000000088520000, 0x0000000088520000)
  from space 17024K,  38% used [0x0000000088520000, 0x0000000088b83d88, 0x00000000895c0000)
  to   space 17024K,   0% used [0x00000000895c0000, 0x00000000895c0000, 0x000000008a660000)
 concurrent mark-sweep generation total 1926784K, used 236980K [0x000000008a660000, 0x0000000100000000, 0x0000000100000000)
 Metaspace       used 86372K, capacity 92118K, committed 92312K, reserved 1130496K
  class space    used 10440K, capacity 10834K, committed 10912K, reserved 1048576K
2017-08-01T01:24:09.656+0000: 9201.229: [GC (Allocation Failure) Before GC:
Statistics for BinaryTreeDictionary:
------------------------------------
Total Free Space: 216157117
Max   Chunk Size: 216157117
Number of Blocks: 1
Av.  Block  Size: 216157117
Tree      Height: 1
2017-08-01T01:24:09.656+0000: 9201.229: [ParNew
Desired survivor size 8716288 bytes, new threshold 6 (max 6)
- age   1:    1439640 bytes,    1439640 total
- age   2:     631208 bytes,    2070848 total
- age   3:     681216 bytes,    2752064 total
- age   4:     613720 bytes,    3365784 total
- age   5:     527912 bytes,    3893696 total
- age   6:     617504 bytes,    4511200 total
: 142863K->6606K(153344K), 0.0243800 secs] 379844K->244140K(2080128K)After GC:
Statistics for BinaryTreeDictionary:
------------------------------------
Total Free Space: 216087465
Max   Chunk Size: 216087465
Number of Blocks: 1
Av.  Block  Size: 216087465
Tree      Height: 1
, 0.0244830 secs] [Times: user=0.05 sys=0.00, real=0.02 secs] 
Heap after GC invocations=153 (full 2):
 par new generation   total 153344K, used 6606K [0x0000000080000000, 0x000000008a660000, 0x000000008a660000)
  eden space 136320K,   0% used [0x0000000080000000, 0x0000000080000000, 0x0000000088520000)
  from space 17024K,  38% used [0x00000000895c0000, 0x0000000089c339b0, 0x000000008a660000)
  to   space 17024K,   0% used [0x0000000088520000, 0x0000000088520000, 0x00000000895c0000)
 concurrent mark-sweep generation total 1926784K, used 237533K [0x000000008a660000, 0x0000000100000000, 0x0000000100000000)
 Metaspace       used 86372K, capacity 92118K, committed 92312K, reserved 1130496K
  class space    used 10440K, capacity 10834K, committed 10912K, reserved 1048576K
}
2017-08-01T01:24:09.680+0000: 9201.254: Total time for which application threads were stopped: 0.0247354 seconds, Stopping threads took: 0.0000473 seconds
2017-08-01T01:24:09.681+0000: 9201.254: Total time for which application threads were stopped: 0.0001705 seconds, Stopping threads took: 0.0000658 seconds
2017-08-01T01:24:09.681+0000: 9201.254: Total time for which application threads were stopped: 0.0001051 seconds, Stopping threads took: 0.0000534 seconds
2017-08-01T01:24:09.681+0000: 9201.254: Total time for which application threads were stopped: 0.0001017 seconds, Stopping threads took: 0.0000441 seconds
2017-08-01T01:24:09.681+0000: 9201.254: Total time for which application threads were stopped: 0.0000758 seconds, Stopping threads took: 0.0000179 seconds
2017-08-01T01:24:09.681+0000: 9201.254: Total time for which application threads were stopped: 0.0001121 seconds, Stopping threads took: 0.0000548 seconds
2017-08-01T01:24:09.681+0000: 9201.254: Total time for which application threads were stopped: 0.0000969 seconds, Stopping threads took: 0.0000408 seconds
2017-08-01T01:24:09.681+0000: 9201.255: Total time for which application threads were stopped: 0.0000653 seconds, Stopping threads took: 0.0000185 seconds
2017-08-01T01:24:09.681+0000: 9201.255: Total time for which application threads were stopped: 0.0001018 seconds, Stopping threads took: 0.0000441 seconds
2017-08-01T01:24:09.681+0000: 9201.255: Total time for which application threads were stopped: 0.0000649 seconds, Stopping threads took: 0.0000186 seconds
2017-08-01T01:24:09.682+0000: 9201.255: Total time for which application threads were stopped: 0.0000637 seconds, Stopping threads took: 0.0000175 seconds
2017-08-01T01:24:09.682+0000: 9201.255: Total time for which application threads were stopped: 0.0001072 seconds, Stopping threads took: 0.0000402 seconds
2017-08-01T01:24:09.682+0000: 9201.255: Total time for which application threads were stopped: 0.0001001 seconds, Stopping threads took: 0.0000436 seconds
2017-08-01T01:24:09.682+0000: 9201.255: Total time for which application threads were stopped: 0.0000652 seconds, Stopping threads took: 0.0000189 seconds
2017-08-01T01:24:09.682+0000: 9201.255: Total time for which application threads were stopped: 0.0001056 seconds, Stopping threads took: 0.0000487 seconds
2017-08-01T01:24:09.682+0000: 9201.255: Total time for which application threads were stopped: 0.0000960 seconds, Stopping threads took: 0.0000399 seconds
2017-08-01T01:24:09.682+0000: 9201.256: Total time for which application threads were stopped: 0.0000637 seconds, Stopping threads took: 0.0000174 seconds
2017-08-01T01:24:09.682+0000: 9201.256: Total time for which application threads were stopped: 0.0000989 seconds, Stopping threads took: 0.0000427 seconds
2017-08-01T01:24:09.682+0000: 9201.256: Total time for which application threads were stopped: 0.0000990 seconds, Stopping threads took: 0.0000440 seconds
2017-08-01T01:24:09.683+0000: 9201.256: Total time for which application threads were stopped: 0.0000649 seconds, Stopping threads took: 0.0000186 seconds
2017-08-01T01:24:09.683+0000: 9201.256: Total time for which application threads were stopped: 0.0002345 seconds, Stopping threads took: 0.0000498 seconds
2017-08-01T01:24:57.694+0000: 9249.268: Total time for which application threads were stopped: 0.0001712 seconds, Stopping threads took: 0.0000649 seconds
2017-08-01T01:25:17.696+0000: 9269.270: Total time for which application threads were stopped: 0.0001492 seconds, Stopping threads took: 0.0000420 seconds
2017-08-01T01:25:23.697+0000: 9275.270: Total time for which application threads were stopped: 0.0001465 seconds, Stopping threads took: 0.0000415 seconds
{Heap before GC invocations=153 (full 2):
 par new generation   total 153344K, used 142926K [0x0000000080000000, 0x000000008a660000, 0x000000008a660000)
  eden space 136320K, 100% used [0x0000000080000000, 0x0000000088520000, 0x0000000088520000)
  from space 17024K,  38% used [0x00000000895c0000, 0x0000000089c339b0, 0x000000008a660000)
  to   space 17024K,   0% used [0x0000000088520000, 0x0000000088520000, 0x00000000895c0000)
 concurrent mark-sweep generation total 1926784K, used 237533K [0x000000008a660000, 0x0000000100000000, 0x0000000100000000)
 Metaspace       used 86374K, capacity 92118K, committed 92312K, reserved 1130496K
  class space    used 10440K, capacity 10834K, committed 10912K, reserved 1048576K
2017-08-01T01:25:31.602+0000: 9283.175: [GC (Allocation Failure) Before GC:
Statistics for BinaryTreeDictionary:
------------------------------------
Total Free Space: 216087465
Max   Chunk Size: 216087465
Number of Blocks: 1
Av.  Block  Size: 216087465
Tree      Height: 1
2017-08-01T01:25:31.602+0000: 9283.175: [ParNew
Desired survivor size 8716288 bytes, new threshold 6 (max 6)
- age   1:    1516584 bytes,    1516584 total
- age   2:     746296 bytes,    2262880 total
- age   3:     578152 bytes,    2841032 total
- age   4:     627184 bytes,    3468216 total
- age   5:     552888 bytes,    4021104 total
- age   6:     519000 bytes,    4540104 total
: 142926K->6586K(153344K), 0.0234794 secs] 380460K->244724K(2080128K)After GC:
Statistics for BinaryTreeDictionary:
------------------------------------
Total Free Space: 216011871
Max   Chunk Size: 216011871
Number of Blocks: 1
Av.  Block  Size: 216011871
Tree      Height: 1
, 0.0235849 secs] [Times: user=0.06 sys=0.00, real=0.03 secs] 
Heap after GC invocations=154 (full 2):
 par new generation   total 153344K, used 6586K [0x0000000080000000, 0x000000008a660000, 0x000000008a660000)
  eden space 136320K,   0% used [0x0000000080000000, 0x0000000080000000, 0x0000000088520000)
  from space 17024K,  38% used [0x0000000088520000, 0x0000000088b8ea30, 0x00000000895c0000)
  to   space 17024K,   0% used [0x00000000895c0000, 0x00000000895c0000, 0x000000008a660000)
 concurrent mark-sweep generation total 1926784K, used 238138K [0x000000008a660000, 0x0000000100000000, 0x0000000100000000)
 Metaspace       used 86374K, capacity 92118K, committed 92312K, reserved 1130496K
  class space    used 10440K, capacity 10834K, committed 10912K, reserved 1048576K
}
2017-08-01T01:25:31.626+0000: 9283.199: Total time for which application threads were stopped: 0.0238606 seconds, Stopping threads took: 0.0000522 seconds
2017-08-01T01:25:31.632+0000: 9283.205: Total time for which application threads were stopped: 0.0001723 seconds, Stopping threads took: 0.0000370 seconds
2017-08-01T01:25:31.632+0000: 9283.205: Total time for which application threads were stopped: 0.0000967 seconds, Stopping threads took: 0.0000394 seconds
2017-08-01T01:25:31.633+0000: 9283.206: Total time for which application threads were stopped: 0.0009757 seconds, Stopping threads took: 0.0008940 seconds
2017-08-01T01:25:31.635+0000: 9283.208: Total time for which application threads were stopped: 0.0000965 seconds, Stopping threads took: 0.0000156 seconds
2017-08-01T01:25:31.635+0000: 9283.208: Total time for which application threads were stopped: 0.0000878 seconds, Stopping threads took: 0.0000140 seconds
2017-08-01T01:25:31.635+0000: 9283.208: Total time for which application threads were stopped: 0.0000889 seconds, Stopping threads took: 0.0000129 seconds
2017-08-01T01:25:31.635+0000: 9283.209: Total time for which application threads were stopped: 0.0000842 seconds, Stopping threads took: 0.0000127 seconds
2017-08-01T01:25:31.637+0000: 9283.211: Total time for which application threads were stopped: 0.0010308 seconds, Stopping threads took: 0.0009478 seconds
2017-08-01T01:25:31.638+0000: 9283.211: Total time for which application threads were stopped: 0.0001008 seconds, Stopping threads took: 0.0000160 seconds
2017-08-01T01:25:31.641+0000: 9283.214: Total time for which application threads were stopped: 0.0000928 seconds, Stopping threads took: 0.0000151 seconds
2017-08-01T01:25:31.641+0000: 9283.214: Total time for which application threads were stopped: 0.0001011 seconds, Stopping threads took: 0.0000136 seconds
2017-08-01T01:25:31.641+0000: 9283.215: Total time for which application threads were stopped: 0.0000868 seconds, Stopping threads took: 0.0000141 seconds
2017-08-01T01:25:31.641+0000: 9283.215: Total time for which application threads were stopped: 0.0000989 seconds, Stopping threads took: 0.0000141 seconds
2017-08-01T01:25:31.642+0000: 9283.215: Total time for which application threads were stopped: 0.0001032 seconds, Stopping threads took: 0.0000147 seconds
2017-08-01T01:25:31.642+0000: 9283.215: Total time for which application threads were stopped: 0.0000857 seconds, Stopping threads took: 0.0000137 seconds
2017-08-01T01:25:31.642+0000: 9283.215: Total time for which application threads were stopped: 0.0001019 seconds, Stopping threads took: 0.0000288 seconds
2017-08-01T01:25:31.642+0000: 9283.215: Total time for which application threads were stopped: 0.0000846 seconds, Stopping threads took: 0.0000139 seconds
2017-08-01T01:25:31.642+0000: 9283.215: Total time for which application threads were stopped: 0.0001040 seconds, Stopping threads took: 0.0000130 seconds
2017-08-01T01:25:31.642+0000: 9283.216: Total time for which application threads were stopped: 0.0000850 seconds, Stopping threads took: 0.0000138 seconds
2017-08-01T01:25:31.643+0000: 9283.216: Total time for which application threads were stopped: 0.0002453 seconds, Stopping threads took: 0.0000133 seconds
2017-08-01T01:25:38.940+0000: 9290.513: Total time for which application threads were stopped: 0.0002591 seconds, Stopping threads took: 0.0000828 seconds
2017-08-01T01:25:38.940+0000: 9290.513: Total time for which application threads were stopped: 0.0001460 seconds, Stopping threads took: 0.0000327 seconds
2017-08-01T01:25:38.940+0000: 9290.513: Total time for which application threads were stopped: 0.0000941 seconds, Stopping threads took: 0.0000233 seconds
2017-08-01T01:25:38.940+0000: 9290.514: Total time for which application threads were stopped: 0.0001280 seconds, Stopping threads took: 0.0000457 seconds
2017-08-01T01:25:38.940+0000: 9290.514: Total time for which application threads were stopped: 0.0000886 seconds, Stopping threads took: 0.0000206 seconds
2017-08-01T01:25:38.941+0000: 9290.514: Total time for which application threads were stopped: 0.0001125 seconds, Stopping threads took: 0.0000331 seconds
2017-08-01T01:26:45.952+0000: 9357.526: Total time for which application threads were stopped: 0.0001804 seconds, Stopping threads took: 0.0000628 seconds
{Heap before GC invocations=154 (full 2):
 par new generation   total 153344K, used 142906K [0x0000000080000000, 0x000000008a660000, 0x000000008a660000)
  eden space 136320K, 100% used [0x0000000080000000, 0x0000000088520000, 0x0000000088520000)
  from space 17024K,  38% used [0x0000000088520000, 0x0000000088b8ea30, 0x00000000895c0000)
  to   space 17024K,   0% used [0x00000000895c0000, 0x00000000895c0000, 0x000000008a660000)
 concurrent mark-sweep generation total 1926784K, used 238138K [0x000000008a660000, 0x0000000100000000, 0x0000000100000000)
 Metaspace       used 86375K, capacity 92118K, committed 92312K, reserved 1130496K
  class space    used 10440K, capacity 10834K, committed 10912K, reserved 1048576K
2017-08-01T01:26:50.665+0000: 9362.238: [GC (Allocation Failure) Before GC:
Statistics for BinaryTreeDictionary:
------------------------------------
Total Free Space: 216011871
Max   Chunk Size: 216011871
Number of Blocks: 1
Av.  Block  Size: 216011871
Tree      Height: 1
2017-08-01T01:26:50.665+0000: 9362.238: [ParNew
Desired survivor size 8716288 bytes, new threshold 6 (max 6)
- age   1:    1363696 bytes,    1363696 total
- age   2:     753208 bytes,    2116904 total
- age   3:     686424 bytes,    2803328 total
- age   4:     552848 bytes,    3356176 total
- age   5:     563840 bytes,    3920016 total
- age   6:     544168 bytes,    4464184 total
: 142906K->6566K(153344K), 0.0316573 secs] 381044K->245214K(2080128K)After GC:
Statistics for BinaryTreeDictionary:
------------------------------------
Total Free Space: 215946684
Max   Chunk Size: 215946684
Number of Blocks: 1
Av.  Block  Size: 215946684
Tree      Height: 1
, 0.0317789 secs] [Times: user=0.06 sys=0.00, real=0.03 secs] 
Heap after GC invocations=155 (full 2):
 par new generation   total 153344K, used 6566K [0x0000000080000000, 0x000000008a660000, 0x000000008a660000)
  eden space 136320K,   0% used [0x0000000080000000, 0x0000000080000000, 0x0000000088520000)
  from space 17024K,  38% used [0x00000000895c0000, 0x0000000089c299e0, 0x000000008a660000)
  to   space 17024K,   0% used [0x0000000088520000, 0x0000000088520000, 0x00000000895c0000)
 concurrent mark-sweep generation total 1926784K, used 238647K [0x000000008a660000, 0x0000000100000000, 0x0000000100000000)
 Metaspace       used 86375K, capacity 92118K, committed 92312K, reserved 1130496K
  class space    used 10440K, capacity 10834K, committed 10912K, reserved 1048576K
}
2017-08-01T01:26:50.697+0000: 9362.270: Total time for which application threads were stopped: 0.0320842 seconds, Stopping threads took: 0.0000467 seconds
2017-08-01T01:26:50.708+0000: 9362.282: Total time for which application threads were stopped: 0.0013940 seconds, Stopping threads took: 0.0012826 seconds
2017-08-01T01:26:50.715+0000: 9362.288: Total time for which application threads were stopped: 0.0065721 seconds, Stopping threads took: 0.0064878 seconds
2017-08-01T01:26:50.715+0000: 9362.288: Total time for which application threads were stopped: 0.0000919 seconds, Stopping threads took: 0.0000411 seconds
2017-08-01T01:26:50.715+0000: 9362.288: Total time for which application threads were stopped: 0.0001111 seconds, Stopping threads took: 0.0000343 seconds
2017-08-01T01:26:50.721+0000: 9362.294: Total time for which application threads were stopped: 0.0053670 seconds, Stopping threads took: 0.0052975 seconds
2017-08-01T01:26:50.721+0000: 9362.294: Total time for which application threads were stopped: 0.0000751 seconds, Stopping threads took: 0.0000241 seconds
2017-08-01T01:26:50.721+0000: 9362.294: Total time for which application threads were stopped: 0.0000686 seconds, Stopping threads took: 0.0000193 seconds
2017-08-01T01:26:50.721+0000: 9362.294: Total time for which application threads were stopped: 0.0000953 seconds, Stopping threads took: 0.0000451 seconds
2017-08-01T01:26:50.721+0000: 9362.294: Total time for which application threads were stopped: 0.0001152 seconds, Stopping threads took: 0.0000447 seconds
2017-08-01T01:26:50.721+0000: 9362.294: Total time for which application threads were stopped: 0.0000750 seconds, Stopping threads took: 0.0000248 seconds
2017-08-01T01:26:50.721+0000: 9362.294: Total time for which application threads were stopped: 0.0000691 seconds, Stopping threads took: 0.0000216 seconds
2017-08-01T01:26:50.722+0000: 9362.295: Total time for which application threads were stopped: 0.0002586 seconds, Stopping threads took: 0.0002009 seconds
2017-08-01T01:26:50.722+0000: 9362.295: Total time for which application threads were stopped: 0.0000862 seconds, Stopping threads took: 0.0000373 seconds
2017-08-01T01:26:50.722+0000: 9362.295: Total time for which application threads were stopped: 0.0000680 seconds, Stopping threads took: 0.0000215 seconds
2017-08-01T01:26:50.722+0000: 9362.295: Total time for which application threads were stopped: 0.0000913 seconds, Stopping threads took: 0.0000434 seconds
2017-08-01T01:26:50.722+0000: 9362.295: Total time for which application threads were stopped: 0.0000659 seconds, Stopping threads took: 0.0000178 seconds
2017-08-01T01:26:50.722+0000: 9362.295: Total time for which application threads were stopped: 0.0000643 seconds, Stopping threads took: 0.0000181 seconds
2017-08-01T01:26:50.722+0000: 9362.295: Total time for which application threads were stopped: 0.0000669 seconds, Stopping threads took: 0.0000208 seconds
2017-08-01T01:26:50.722+0000: 9362.295: Total time for which application threads were stopped: 0.0000881 seconds, Stopping threads took: 0.0000315 seconds
2017-08-01T01:26:50.722+0000: 9362.296: Total time for which application threads were stopped: 0.0002370 seconds, Stopping threads took: 0.0000185 seconds
2017-08-01T01:27:45.729+0000: 9417.302: Total time for which application threads were stopped: 0.0001622 seconds, Stopping threads took: 0.0000605 seconds
{Heap before GC invocations=155 (full 2):
 par new generation   total 153344K, used 142886K [0x0000000080000000, 0x000000008a660000, 0x000000008a660000)
  eden space 136320K, 100% used [0x0000000080000000, 0x0000000088520000, 0x0000000088520000)
  from space 17024K,  38% used [0x00000000895c0000, 0x0000000089c299e0, 0x000000008a660000)
  to   space 17024K,   0% used [0x0000000088520000, 0x0000000088520000, 0x00000000895c0000)
 concurrent mark-sweep generation total 1926784K, used 238647K [0x000000008a660000, 0x0000000100000000, 0x0000000100000000)
 Metaspace       used 86377K, capacity 92118K, committed 92312K, reserved 1130496K
  class space    used 10440K, capacity 10834K, committed 10912K, reserved 1048576K
2017-08-01T01:28:07.548+0000: 9439.122: [GC (Allocation Failure) Before GC:
Statistics for BinaryTreeDictionary:
------------------------------------
Total Free Space: 215946684
Max   Chunk Size: 215946684
Number of Blocks: 1
Av.  Block  Size: 215946684
Tree      Height: 1
2017-08-01T01:28:07.548+0000: 9439.122: [ParNew
Desired survivor size 8716288 bytes, new threshold 6 (max 6)
- age   1:    1411584 bytes,    1411584 total
- age   2:     681912 bytes,    2093496 total
- age   3:     688368 bytes,    2781864 total
- age   4:     636032 bytes,    3417896 total
- age   5:     538064 bytes,    3955960 total
- age   6:     554216 bytes,    4510176 total
: 142886K->6587K(153344K), 0.0233335 secs] 381534K->245770K(2080128K)After GC:
Statistics for BinaryTreeDictionary:
------------------------------------
Total Free Space: 215877329
Max   Chunk Size: 215877329
Number of Blocks: 1
Av.  Block  Size: 215877329
Tree      Height: 1
, 0.0234335 secs] [Times: user=0.06 sys=0.00, real=0.02 secs] 
Heap after GC invocations=156 (full 2):
 par new generation   total 153344K, used 6587K [0x0000000080000000, 0x000000008a660000, 0x000000008a660000)
  eden space 136320K,   0% used [0x0000000080000000, 0x0000000080000000, 0x0000000088520000)
  from space 17024K,  38% used [0x0000000088520000, 0x0000000088b8ecd8, 0x00000000895c0000)
  to   space 17024K,   0% used [0x00000000895c0000, 0x00000000895c0000, 0x000000008a660000)
 concurrent mark-sweep generation total 1926784K, used 239183K [0x000000008a660000, 0x0000000100000000, 0x0000000100000000)
 Metaspace       used 86377K, capacity 92118K, committed 92312K, reserved 1130496K
  class space    used 10440K, capacity 10834K, committed 10912K, reserved 1048576K
}
2017-08-01T01:28:07.572+0000: 9439.145: Total time for which application threads were stopped: 0.0237173 seconds, Stopping threads took: 0.0000948 seconds
2017-08-01T01:28:07.573+0000: 9439.146: Total time for which application threads were stopped: 0.0001910 seconds, Stopping threads took: 0.0000850 seconds
2017-08-01T01:28:07.573+0000: 9439.146: Total time for which application threads were stopped: 0.0000806 seconds, Stopping threads took: 0.0000213 seconds
2017-08-01T01:28:07.574+0000: 9439.147: Total time for which application threads were stopped: 0.0001622 seconds, Stopping threads took: 0.0000811 seconds
2017-08-01T01:28:07.574+0000: 9439.147: Total time for which application threads were stopped: 0.0001250 seconds, Stopping threads took: 0.0000452 seconds
2017-08-01T01:28:07.574+0000: 9439.147: Total time for which application threads were stopped: 0.0000972 seconds, Stopping threads took: 0.0000189 seconds
2017-08-01T01:28:07.574+0000: 9439.147: Total time for which application threads were stopped: 0.0000991 seconds, Stopping threads took: 0.0000349 seconds
2017-08-01T01:28:07.574+0000: 9439.148: Total time for which application threads were stopped: 0.0000684 seconds, Stopping threads took: 0.0000210 seconds
2017-08-01T01:28:07.574+0000: 9439.148: Total time for which application threads were stopped: 0.0000645 seconds, Stopping threads took: 0.0000181 seconds
2017-08-01T01:28:07.575+0000: 9439.148: Total time for which application threads were stopped: 0.0001285 seconds, Stopping threads took: 0.0000551 seconds
2017-08-01T01:28:07.575+0000: 9439.148: Total time for which application threads were stopped: 0.0001066 seconds, Stopping threads took: 0.0000440 seconds
2017-08-01T01:28:07.575+0000: 9439.148: Total time for which application threads were stopped: 0.0001160 seconds, Stopping threads took: 0.0000521 seconds
2017-08-01T01:28:07.575+0000: 9439.148: Total time for which application threads were stopped: 0.0001048 seconds, Stopping threads took: 0.0000430 seconds
2017-08-01T01:28:07.575+0000: 9439.148: Total time for which application threads were stopped: 0.0000944 seconds, Stopping threads took: 0.0000393 seconds
2017-08-01T01:28:07.575+0000: 9439.148: Total time for which application threads were stopped: 0.0001039 seconds, Stopping threads took: 0.0000491 seconds
2017-08-01T01:28:07.575+0000: 9439.149: Total time for which application threads were stopped: 0.0000712 seconds, Stopping threads took: 0.0000190 seconds
2017-08-01T01:28:07.575+0000: 9439.149: Total time for which application threads were stopped: 0.0000725 seconds, Stopping threads took: 0.0000212 seconds
2017-08-01T01:28:07.575+0000: 9439.149: Total time for which application threads were stopped: 0.0000704 seconds, Stopping threads took: 0.0000191 seconds
2017-08-01T01:28:07.576+0000: 9439.149: Total time for which application threads were stopped: 0.0001027 seconds, Stopping threads took: 0.0000387 seconds
2017-08-01T01:28:07.576+0000: 9439.149: Total time for which application threads were stopped: 0.0000682 seconds, Stopping threads took: 0.0000162 seconds
2017-08-01T01:28:07.576+0000: 9439.149: Total time for which application threads were stopped: 0.0002653 seconds, Stopping threads took: 0.0000260 seconds
2017-08-01T01:28:37.967+0000: 9469.540: Total time for which application threads were stopped: 0.0001988 seconds, Stopping threads took: 0.0000567 seconds
2017-08-01T01:28:37.967+0000: 9469.540: Total time for which application threads were stopped: 0.0000762 seconds, Stopping threads took: 0.0000241 seconds
2017-08-01T01:28:37.967+0000: 9469.540: Total time for which application threads were stopped: 0.0000725 seconds, Stopping threads took: 0.0000204 seconds
2017-08-01T01:28:37.967+0000: 9469.540: Total time for which application threads were stopped: 0.0000905 seconds, Stopping threads took: 0.0000185 seconds
2017-08-01T01:28:37.967+0000: 9469.540: Total time for which application threads were stopped: 0.0000801 seconds, Stopping threads took: 0.0000274 seconds
2017-08-01T01:28:37.967+0000: 9469.540: Total time for which application threads were stopped: 0.0000680 seconds, Stopping threads took: 0.0000185 seconds
2017-08-01T01:28:45.968+0000: 9477.541: Total time for which application threads were stopped: 0.0001601 seconds, Stopping threads took: 0.0000419 seconds
2017-08-01T01:29:08.971+0000: 9500.544: Total time for which application threads were stopped: 0.0001687 seconds, Stopping threads took: 0.0000446 seconds
2017-08-01T01:29:23.972+0000: 9515.545: Total time for which application threads were stopped: 0.0001708 seconds, Stopping threads took: 0.0000548 seconds
{Heap before GC invocations=156 (full 2):
 par new generation   total 153344K, used 142907K [0x0000000080000000, 0x000000008a660000, 0x000000008a660000)
  eden space 136320K, 100% used [0x0000000080000000, 0x0000000088520000, 0x0000000088520000)
  from space 17024K,  38% used [0x0000000088520000, 0x0000000088b8ecd8, 0x00000000895c0000)
  to   space 17024K,   0% used [0x00000000895c0000, 0x00000000895c0000, 0x000000008a660000)
 concurrent mark-sweep generation total 1926784K, used 239183K [0x000000008a660000, 0x0000000100000000, 0x0000000100000000)
 Metaspace       used 86388K, capacity 92118K, committed 92312K, reserved 1130496K
  class space    used 10440K, capacity 10834K, committed 10912K, reserved 1048576K
2017-08-01T01:29:31.985+0000: 9523.558: [GC (Allocation Failure) Before GC:
Statistics for BinaryTreeDictionary:
------------------------------------
Total Free Space: 215877329
Max   Chunk Size: 215877329
Number of Blocks: 1
Av.  Block  Size: 215877329
Tree      Height: 1
2017-08-01T01:29:31.985+0000: 9523.558: [ParNew
Desired survivor size 8716288 bytes, new threshold 6 (max 6)
- age   1:    1470424 bytes,    1470424 total
- age   2:     681096 bytes,    2151520 total
- age   3:     617176 bytes,    2768696 total
- age   4:     630920 bytes,    3399616 total
- age   5:     576624 bytes,    3976240 total
- age   6:     528016 bytes,    4504256 total
: 142907K->6581K(153344K), 0.0229408 secs] 382090K->246308K(2080128K)After GC:
Statistics for BinaryTreeDictionary:
------------------------------------
Total Free Space: 215805597
Max   Chunk Size: 215805597
Number of Blocks: 1
Av.  Block  Size: 215805597
Tree      Height: 1
, 0.0230299 secs] [Times: user=0.06 sys=0.00, real=0.02 secs] 
Heap after GC invocations=157 (full 2):
 par new generation   total 153344K, used 6581K [0x0000000080000000, 0x000000008a660000, 0x000000008a660000)
  eden space 136320K,   0% used [0x0000000080000000, 0x0000000080000000, 0x0000000088520000)
  from space 17024K,  38% used [0x00000000895c0000, 0x0000000089c2d5b8, 0x000000008a660000)
  to   space 17024K,   0% used [0x0000000088520000, 0x0000000088520000, 0x00000000895c0000)
 concurrent mark-sweep generation total 1926784K, used 239726K [0x000000008a660000, 0x0000000100000000, 0x0000000100000000)
 Metaspace       used 86388K, capacity 92118K, committed 92312K, reserved 1130496K
  class space    used 10440K, capacity 10834K, committed 10912K, reserved 1048576K
}
2017-08-01T01:29:32.008+0000: 9523.581: Total time for which application threads were stopped: 0.0232913 seconds, Stopping threads took: 0.0000449 seconds
2017-08-01T01:29:32.008+0000: 9523.582: Total time for which application threads were stopped: 0.0001613 seconds, Stopping threads took: 0.0000575 seconds
2017-08-01T01:29:32.016+0000: 9523.590: Total time for which application threads were stopped: 0.0001441 seconds, Stopping threads took: 0.0000452 seconds
2017-08-01T01:29:32.017+0000: 9523.590: Total time for which application threads were stopped: 0.0000709 seconds, Stopping threads took: 0.0000225 seconds
2017-08-01T01:29:32.017+0000: 9523.590: Total time for which application threads were stopped: 0.0001002 seconds, Stopping threads took: 0.0000420 seconds
2017-08-01T01:29:32.017+0000: 9523.590: Total time for which application threads were stopped: 0.0001050 seconds, Stopping threads took: 0.0000444 seconds
2017-08-01T01:29:32.017+0000: 9523.590: Total time for which application threads were stopped: 0.0001008 seconds, Stopping threads took: 0.0000438 seconds
2017-08-01T01:29:32.017+0000: 9523.590: Total time for which application threads were stopped: 0.0000942 seconds, Stopping threads took: 0.0000351 seconds
2017-08-01T01:29:32.017+0000: 9523.590: Total time for which application threads were stopped: 0.0001075 seconds, Stopping threads took: 0.0000424 seconds
2017-08-01T01:29:32.017+0000: 9523.591: Total time for which application threads were stopped: 0.0000655 seconds, Stopping threads took: 0.0000182 seconds
2017-08-01T01:29:32.017+0000: 9523.591: Total time for which application threads were stopped: 0.0001031 seconds, Stopping threads took: 0.0000463 seconds
2017-08-01T01:29:32.017+0000: 9523.591: Total time for which application threads were stopped: 0.0000686 seconds, Stopping threads took: 0.0000225 seconds
2017-08-01T01:29:32.018+0000: 9523.591: Total time for which application threads were stopped: 0.0000931 seconds, Stopping threads took: 0.0000378 seconds
2017-08-01T01:29:32.018+0000: 9523.591: Total time for which application threads were stopped: 0.0001063 seconds, Stopping threads took: 0.0000500 seconds
2017-08-01T01:29:32.018+0000: 9523.591: Total time for which application threads were stopped: 0.0000676 seconds, Stopping threads took: 0.0000213 seconds
2017-08-01T01:29:32.018+0000: 9523.591: Total time for which application threads were stopped: 0.0000961 seconds, Stopping threads took: 0.0000348 seconds
2017-08-01T01:29:32.018+0000: 9523.591: Total time for which application threads were stopped: 0.0001079 seconds, Stopping threads took: 0.0000413 seconds
2017-08-01T01:29:32.018+0000: 9523.591: Total time for which application threads were stopped: 0.0000968 seconds, Stopping threads took: 0.0000408 seconds
2017-08-01T01:29:32.018+0000: 9523.592: Total time for which application threads were stopped: 0.0000649 seconds, Stopping threads took: 0.0000181 seconds
2017-08-01T01:29:32.018+0000: 9523.592: Total time for which application threads were stopped: 0.0000987 seconds, Stopping threads took: 0.0000415 seconds
2017-08-01T01:29:32.019+0000: 9523.592: Total time for which application threads were stopped: 0.0002507 seconds, Stopping threads took: 0.0000409 seconds
2017-08-01T01:29:47.557+0000: 9539.130: Total time for which application threads were stopped: 0.0002718 seconds, Stopping threads took: 0.0000672 seconds
2017-08-01T01:29:47.557+0000: 9539.130: Total time for which application threads were stopped: 0.0000975 seconds, Stopping threads took: 0.0000208 seconds
2017-08-01T01:29:47.557+0000: 9539.130: Total time for which application threads were stopped: 0.0000903 seconds, Stopping threads took: 0.0000225 seconds
2017-08-01T01:29:47.557+0000: 9539.130: Total time for which application threads were stopped: 0.0000838 seconds, Stopping threads took: 0.0000183 seconds
2017-08-01T01:29:47.557+0000: 9539.131: Total time for which application threads were stopped: 0.0001043 seconds, Stopping threads took: 0.0000222 seconds
2017-08-01T01:29:47.557+0000: 9539.131: Total time for which application threads were stopped: 0.0000898 seconds, Stopping threads took: 0.0000224 seconds
{Heap before GC invocations=157 (full 2):
 par new generation   total 153344K, used 142901K [0x0000000080000000, 0x000000008a660000, 0x000000008a660000)
  eden space 136320K, 100% used [0x0000000080000000, 0x0000000088520000, 0x0000000088520000)
  from space 17024K,  38% used [0x00000000895c0000, 0x0000000089c2d5b8, 0x000000008a660000)
  to   space 17024K,   0% used [0x0000000088520000, 0x0000000088520000, 0x00000000895c0000)
 concurrent mark-sweep generation total 1926784K, used 239726K [0x000000008a660000, 0x0000000100000000, 0x0000000100000000)
 Metaspace       used 86388K, capacity 92118K, committed 92312K, reserved 1130496K
  class space    used 10440K, capacity 10834K, committed 10912K, reserved 1048576K
2017-08-01T01:30:50.670+0000: 9602.243: [GC (Allocation Failure) Before GC:
Statistics for BinaryTreeDictionary:
------------------------------------
Total Free Space: 215805597
Max   Chunk Size: 215805597
Number of Blocks: 1
Av.  Block  Size: 215805597
Tree      Height: 1
2017-08-01T01:30:50.670+0000: 9602.243: [ParNew
Desired survivor size 8716288 bytes, new threshold 6 (max 6)
- age   1:    1285600 bytes,    1285600 total
- age   2:     736440 bytes,    2022040 total
- age   3:     625296 bytes,    2647336 total
- age   4:     591576 bytes,    3238912 total
- age   5:     570944 bytes,    3809856 total
- age   6:     566120 bytes,    4375976 total
: 142901K->6525K(153344K), 0.0389803 secs] 382628K->246771K(2080128K)After GC:
Statistics for BinaryTreeDictionary:
------------------------------------
Total Free Space: 215741615
Max   Chunk Size: 215741615
Number of Blocks: 1
Av.  Block  Size: 215741615
Tree      Height: 1
, 0.0390767 secs] [Times: user=0.07 sys=0.00, real=0.04 secs] 
Heap after GC invocations=158 (full 2):
 par new generation   total 153344K, used 6525K [0x0000000080000000, 0x000000008a660000, 0x000000008a660000)
  eden space 136320K,   0% used [0x0000000080000000, 0x0000000080000000, 0x0000000088520000)
  from space 17024K,  38% used [0x0000000088520000, 0x0000000088b7f618, 0x00000000895c0000)
  to   space 17024K,   0% used [0x00000000895c0000, 0x00000000895c0000, 0x000000008a660000)
 concurrent mark-sweep generation total 1926784K, used 240246K [0x000000008a660000, 0x0000000100000000, 0x0000000100000000)
 Metaspace       used 86388K, capacity 92118K, committed 92312K, reserved 1130496K
  class space    used 10440K, capacity 10834K, committed 10912K, reserved 1048576K
}
2017-08-01T01:30:50.709+0000: 9602.282: Total time for which application threads were stopped: 0.0393376 seconds, Stopping threads took: 0.0000596 seconds
2017-08-01T01:30:50.724+0000: 9602.297: Total time for which application threads were stopped: 0.0107164 seconds, Stopping threads took: 0.0105578 seconds
2017-08-01T01:30:50.724+0000: 9602.297: Total time for which application threads were stopped: 0.0000966 seconds, Stopping threads took: 0.0000218 seconds
2017-08-01T01:30:50.724+0000: 9602.298: Total time for which application threads were stopped: 0.0000859 seconds, Stopping threads took: 0.0000137 seconds
2017-08-01T01:30:50.724+0000: 9602.298: Total time for which application threads were stopped: 0.0000848 seconds, Stopping threads took: 0.0000131 seconds
2017-08-01T01:30:50.724+0000: 9602.298: Total time for which application threads were stopped: 0.0000846 seconds, Stopping threads took: 0.0000128 seconds
2017-08-01T01:30:50.725+0000: 9602.298: Total time for which application threads were stopped: 0.0000845 seconds, Stopping threads took: 0.0000129 seconds
2017-08-01T01:30:50.725+0000: 9602.298: Total time for which application threads were stopped: 0.0000844 seconds, Stopping threads took: 0.0000126 seconds
2017-08-01T01:30:50.725+0000: 9602.298: Total time for which application threads were stopped: 0.0000850 seconds, Stopping threads took: 0.0000128 seconds
2017-08-01T01:30:50.725+0000: 9602.298: Total time for which application threads were stopped: 0.0000866 seconds, Stopping threads took: 0.0000140 seconds
2017-08-01T01:30:50.725+0000: 9602.298: Total time for which application threads were stopped: 0.0000844 seconds, Stopping threads took: 0.0000131 seconds
2017-08-01T01:30:50.725+0000: 9602.298: Total time for which application threads were stopped: 0.0000849 seconds, Stopping threads took: 0.0000129 seconds
2017-08-01T01:30:50.725+0000: 9602.298: Total time for which application threads were stopped: 0.0000845 seconds, Stopping threads took: 0.0000130 seconds
2017-08-01T01:30:50.725+0000: 9602.299: Total time for which application threads were stopped: 0.0000840 seconds, Stopping threads took: 0.0000123 seconds
2017-08-01T01:30:50.725+0000: 9602.299: Total time for which application threads were stopped: 0.0000838 seconds, Stopping threads took: 0.0000128 seconds
2017-08-01T01:30:50.726+0000: 9602.299: Total time for which application threads were stopped: 0.0000850 seconds, Stopping threads took: 0.0000133 seconds
2017-08-01T01:30:50.726+0000: 9602.299: Total time for which application threads were stopped: 0.0000857 seconds, Stopping threads took: 0.0000130 seconds
2017-08-01T01:30:50.726+0000: 9602.299: Total time for which application threads were stopped: 0.0000850 seconds, Stopping threads took: 0.0000134 seconds
2017-08-01T01:30:50.726+0000: 9602.299: Total time for which application threads were stopped: 0.0000979 seconds, Stopping threads took: 0.0000253 seconds
2017-08-01T01:30:50.726+0000: 9602.299: Total time for which application threads were stopped: 0.0000856 seconds, Stopping threads took: 0.0000133 seconds
2017-08-01T01:30:50.726+0000: 9602.300: Total time for which application threads were stopped: 0.0003208 seconds, Stopping threads took: 0.0000131 seconds
2017-08-01T01:30:57.727+0000: 9609.301: Total time for which application threads were stopped: 0.0001724 seconds, Stopping threads took: 0.0000417 seconds
2017-08-01T01:31:08.729+0000: 9620.302: Total time for which application threads were stopped: 0.0001795 seconds, Stopping threads took: 0.0000470 seconds
2017-08-01T01:31:23.733+0000: 9635.306: Total time for which application threads were stopped: 0.0001748 seconds, Stopping threads took: 0.0000434 seconds
2017-08-01T01:31:39.739+0000: 9651.312: Total time for which application threads were stopped: 0.0001563 seconds, Stopping threads took: 0.0000453 seconds
2017-08-01T01:31:42.740+0000: 9654.313: Total time for which application threads were stopped: 0.0001643 seconds, Stopping threads took: 0.0000626 seconds
{Heap before GC invocations=158 (full 2):
 par new generation   total 153344K, used 142845K [0x0000000080000000, 0x000000008a660000, 0x000000008a660000)
  eden space 136320K, 100% used [0x0000000080000000, 0x0000000088520000, 0x0000000088520000)
  from space 17024K,  38% used [0x0000000088520000, 0x0000000088b7f618, 0x00000000895c0000)
  to   space 17024K,   0% used [0x00000000895c0000, 0x00000000895c0000, 0x000000008a660000)
 concurrent mark-sweep generation total 1926784K, used 240246K [0x000000008a660000, 0x0000000100000000, 0x0000000100000000)
 Metaspace       used 86397K, capacity 92182K, committed 92312K, reserved 1130496K
  class space    used 10440K, capacity 10834K, committed 10912K, reserved 1048576K
2017-08-01T01:32:10.746+0000: 9682.320: [GC (Allocation Failure) Before GC:
Statistics for BinaryTreeDictionary:
------------------------------------
Total Free Space: 215741615
Max   Chunk Size: 215741615
Number of Blocks: 1
Av.  Block  Size: 215741615
Tree      Height: 1
2017-08-01T01:32:10.746+0000: 9682.320: [ParNew
Desired survivor size 8716288 bytes, new threshold 6 (max 6)
- age   1:    1433904 bytes,    1433904 total
- age   2:     602184 bytes,    2036088 total
- age   3:     671712 bytes,    2707800 total
- age   4:     575024 bytes,    3282824 total
- age   5:     576008 bytes,    3858832 total
- age   6:     561448 bytes,    4420280 total
: 142845K->6480K(153344K), 0.0241421 secs] 383091K->247282K(2080128K)After GC:
Statistics for BinaryTreeDictionary:
------------------------------------
Total Free Space: 215671475
Max   Chunk Size: 215671475
Number of Blocks: 1
Av.  Block  Size: 215671475
Tree      Height: 1
, 0.0242513 secs] [Times: user=0.06 sys=0.00, real=0.02 secs] 
Heap after GC invocations=159 (full 2):
 par new generation   total 153344K, used 6480K [0x0000000080000000, 0x000000008a660000, 0x000000008a660000)
  eden space 136320K,   0% used [0x0000000080000000, 0x0000000080000000, 0x0000000088520000)
  from space 17024K,  38% used [0x00000000895c0000, 0x0000000089c14218, 0x000000008a660000)
  to   space 17024K,   0% used [0x0000000088520000, 0x0000000088520000, 0x00000000895c0000)
 concurrent mark-sweep generation total 1926784K, used 240801K [0x000000008a660000, 0x0000000100000000, 0x0000000100000000)
 Metaspace       used 86397K, capacity 92182K, committed 92312K, reserved 1130496K
  class space    used 10440K, capacity 10834K, committed 10912K, reserved 1048576K
}
2017-08-01T01:32:10.771+0000: 9682.344: Total time for which application threads were stopped: 0.0245187 seconds, Stopping threads took: 0.0000453 seconds
2017-08-01T01:32:10.776+0000: 9682.350: Total time for which application threads were stopped: 0.0001840 seconds, Stopping threads took: 0.0000425 seconds
2017-08-01T01:32:10.777+0000: 9682.350: Total time for which application threads were stopped: 0.0001072 seconds, Stopping threads took: 0.0000425 seconds
2017-08-01T01:32:10.777+0000: 9682.350: Total time for which application threads were stopped: 0.0001211 seconds, Stopping threads took: 0.0000426 seconds
2017-08-01T01:32:10.777+0000: 9682.350: Total time for which application threads were stopped: 0.0000698 seconds, Stopping threads took: 0.0000188 seconds
2017-08-01T01:32:10.777+0000: 9682.350: Total time for which application threads were stopped: 0.0000907 seconds, Stopping threads took: 0.0000213 seconds
2017-08-01T01:32:10.777+0000: 9682.350: Total time for which application threads were stopped: 0.0000707 seconds, Stopping threads took: 0.0000201 seconds
2017-08-01T01:32:10.777+0000: 9682.350: Total time for which application threads were stopped: 0.0000822 seconds, Stopping threads took: 0.0000305 seconds
2017-08-01T01:32:10.777+0000: 9682.351: Total time for which application threads were stopped: 0.0000728 seconds, Stopping threads took: 0.0000222 seconds
2017-08-01T01:32:10.777+0000: 9682.351: Total time for which application threads were stopped: 0.0000724 seconds, Stopping threads took: 0.0000211 seconds
2017-08-01T01:32:10.778+0000: 9682.351: Total time for which application threads were stopped: 0.0000725 seconds, Stopping threads took: 0.0000215 seconds
2017-08-01T01:32:10.778+0000: 9682.351: Total time for which application threads were stopped: 0.0001290 seconds, Stopping threads took: 0.0000558 seconds
2017-08-01T01:32:10.778+0000: 9682.351: Total time for which application threads were stopped: 0.0000763 seconds, Stopping threads took: 0.0000257 seconds
2017-08-01T01:32:10.778+0000: 9682.351: Total time for which application threads were stopped: 0.0001079 seconds, Stopping threads took: 0.0000410 seconds
2017-08-01T01:32:10.778+0000: 9682.351: Total time for which application threads were stopped: 0.0000695 seconds, Stopping threads took: 0.0000190 seconds
2017-08-01T01:32:10.778+0000: 9682.351: Total time for which application threads were stopped: 0.0000756 seconds, Stopping threads took: 0.0000212 seconds
2017-08-01T01:32:10.778+0000: 9682.352: Total time for which application threads were stopped: 0.0001015 seconds, Stopping threads took: 0.0000363 seconds
2017-08-01T01:32:10.778+0000: 9682.352: Total time for which application threads were stopped: 0.0001127 seconds, Stopping threads took: 0.0000421 seconds
2017-08-01T01:32:10.779+0000: 9682.352: Total time for which application threads were stopped: 0.0000712 seconds, Stopping threads took: 0.0000200 seconds
2017-08-01T01:32:10.779+0000: 9682.352: Total time for which application threads were stopped: 0.0000902 seconds, Stopping threads took: 0.0000299 seconds
2017-08-01T01:32:10.779+0000: 9682.352: Total time for which application threads were stopped: 0.0003128 seconds, Stopping threads took: 0.0000367 seconds
2017-08-01T01:32:23.780+0000: 9695.354: Total time for which application threads were stopped: 0.0001709 seconds, Stopping threads took: 0.0000444 seconds
2017-08-01T01:33:00.785+0000: 9732.358: Total time for which application threads were stopped: 0.0001703 seconds, Stopping threads took: 0.0000640 seconds
{Heap before GC invocations=159 (full 2):
 par new generation   total 153344K, used 142800K [0x0000000080000000, 0x000000008a660000, 0x000000008a660000)
  eden space 136320K, 100% used [0x0000000080000000, 0x0000000088520000, 0x0000000088520000)
  from space 17024K,  38% used [0x00000000895c0000, 0x0000000089c14218, 0x000000008a660000)
  to   space 17024K,   0% used [0x0000000088520000, 0x0000000088520000, 0x00000000895c0000)
 concurrent mark-sweep generation total 1926784K, used 240801K [0x000000008a660000, 0x0000000100000000, 0x0000000100000000)
 Metaspace       used 86399K, capacity 92182K, committed 92312K, reserved 1130496K
  class space    used 10440K, capacity 10834K, committed 10912K, reserved 1048576K
2017-08-01T01:33:34.101+0000: 9765.675: [GC (Allocation Failure) Before GC:
Statistics for BinaryTreeDictionary:
------------------------------------
Total Free Space: 215671475
Max   Chunk Size: 215671475
Number of Blocks: 1
Av.  Block  Size: 215671475
Tree      Height: 1
2017-08-01T01:33:34.101+0000: 9765.675: [ParNew
Desired survivor size 8716288 bytes, new threshold 6 (max 6)
- age   1:    1486728 bytes,    1486728 total
- age   2:     748560 bytes,    2235288 total
- age   3:     549216 bytes,    2784504 total
- age   4:     622696 bytes,    3407200 total
- age   5:     511960 bytes,    3919160 total
- age   6:     565816 bytes,    4484976 total
: 142800K->6455K(153344K), 0.0239115 secs] 383602K->247805K(2080128K)After GC:
Statistics for BinaryTreeDictionary:
------------------------------------
Total Free Space: 215601579
Max   Chunk Size: 215601579
Number of Blocks: 1
Av.  Block  Size: 215601579
Tree      Height: 1
, 0.0239998 secs] [Times: user=0.06 sys=0.00, real=0.03 secs] 
Heap after GC invocations=160 (full 2):
 par new generation   total 153344K, used 6455K [0x0000000080000000, 0x000000008a660000, 0x000000008a660000)
  eden space 136320K,   0% used [0x0000000080000000, 0x0000000080000000, 0x0000000088520000)
  from space 17024K,  37% used [0x0000000088520000, 0x0000000088b6dcc0, 0x00000000895c0000)
  to   space 17024K,   0% used [0x00000000895c0000, 0x00000000895c0000, 0x000000008a660000)
 concurrent mark-sweep generation total 1926784K, used 241350K [0x000000008a660000, 0x0000000100000000, 0x0000000100000000)
 Metaspace       used 86399K, capacity 92182K, committed 92312K, reserved 1130496K
  class space    used 10440K, capacity 10834K, committed 10912K, reserved 1048576K
}
2017-08-01T01:33:34.125+0000: 9765.699: Total time for which application threads were stopped: 0.0242726 seconds, Stopping threads took: 0.0000548 seconds
2017-08-01T01:33:34.126+0000: 9765.699: Total time for which application threads were stopped: 0.0001942 seconds, Stopping threads took: 0.0000729 seconds
2017-08-01T01:33:34.126+0000: 9765.699: Total time for which application threads were stopped: 0.0000764 seconds, Stopping threads took: 0.0000231 seconds
2017-08-01T01:33:34.126+0000: 9765.700: Total time for which application threads were stopped: 0.0001530 seconds, Stopping threads took: 0.0000415 seconds
2017-08-01T01:33:34.126+0000: 9765.700: Total time for which application threads were stopped: 0.0001130 seconds, Stopping threads took: 0.0000490 seconds
2017-08-01T01:33:34.127+0000: 9765.700: Total time for which application threads were stopped: 0.0000872 seconds, Stopping threads took: 0.0000309 seconds
2017-08-01T01:33:34.127+0000: 9765.700: Total time for which application threads were stopped: 0.0001014 seconds, Stopping threads took: 0.0000371 seconds
2017-08-01T01:33:34.127+0000: 9765.700: Total time for which application threads were stopped: 0.0001219 seconds, Stopping threads took: 0.0000491 seconds
2017-08-01T01:33:34.127+0000: 9765.700: Total time for which application threads were stopped: 0.0001033 seconds, Stopping threads took: 0.0000285 seconds
2017-08-01T01:33:34.127+0000: 9765.700: Total time for which application threads were stopped: 0.0000735 seconds, Stopping threads took: 0.0000198 seconds
2017-08-01T01:33:34.127+0000: 9765.700: Total time for which application threads were stopped: 0.0000770 seconds, Stopping threads took: 0.0000231 seconds
2017-08-01T01:33:34.127+0000: 9765.701: Total time for which application threads were stopped: 0.0001304 seconds, Stopping threads took: 0.0000623 seconds
2017-08-01T01:33:34.127+0000: 9765.701: Total time for which application threads were stopped: 0.0001036 seconds, Stopping threads took: 0.0000404 seconds
2017-08-01T01:33:34.127+0000: 9765.701: Total time for which application threads were stopped: 0.0000699 seconds, Stopping threads took: 0.0000199 seconds
2017-08-01T01:33:34.128+0000: 9765.701: Total time for which application threads were stopped: 0.0001036 seconds, Stopping threads took: 0.0000376 seconds
2017-08-01T01:33:34.128+0000: 9765.701: Total time for which application threads were stopped: 0.0001094 seconds, Stopping threads took: 0.0000434 seconds
2017-08-01T01:33:34.128+0000: 9765.701: Total time for which application threads were stopped: 0.0000892 seconds, Stopping threads took: 0.0000379 seconds
2017-08-01T01:33:34.128+0000: 9765.701: Total time for which application threads were stopped: 0.0001048 seconds, Stopping threads took: 0.0000445 seconds
2017-08-01T01:33:34.128+0000: 9765.702: Total time for which application threads were stopped: 0.0001233 seconds, Stopping threads took: 0.0000643 seconds
2017-08-01T01:33:34.129+0000: 9765.702: Total time for which application threads were stopped: 0.0009650 seconds, Stopping threads took: 0.0009058 seconds
2017-08-01T01:33:34.130+0000: 9765.703: Total time for which application threads were stopped: 0.0002736 seconds, Stopping threads took: 0.0000220 seconds
2017-08-01T01:33:51.132+0000: 9782.705: Total time for which application threads were stopped: 0.0001487 seconds, Stopping threads took: 0.0000433 seconds
2017-08-01T01:33:57.946+0000: 9789.519: Total time for which application threads were stopped: 0.0001909 seconds, Stopping threads took: 0.0000404 seconds
2017-08-01T01:33:57.946+0000: 9789.519: Total time for which application threads were stopped: 0.0000958 seconds, Stopping threads took: 0.0000212 seconds
2017-08-01T01:33:57.946+0000: 9789.520: Total time for which application threads were stopped: 0.0000999 seconds, Stopping threads took: 0.0000289 seconds
2017-08-01T01:33:57.946+0000: 9789.520: Total time for which application threads were stopped: 0.0000905 seconds, Stopping threads took: 0.0000228 seconds
2017-08-01T01:33:57.947+0000: 9789.520: Total time for which application threads were stopped: 0.0000885 seconds, Stopping threads took: 0.0000212 seconds
2017-08-01T01:33:57.947+0000: 9789.520: Total time for which application threads were stopped: 0.0001158 seconds, Stopping threads took: 0.0000235 seconds
2017-08-01T01:33:59.026+0000: 9790.599: Total time for which application threads were stopped: 0.0002565 seconds, Stopping threads took: 0.0000715 seconds
2017-08-01T01:33:59.026+0000: 9790.599: Total time for which application threads were stopped: 0.0001018 seconds, Stopping threads took: 0.0000251 seconds
2017-08-01T01:33:59.026+0000: 9790.599: Total time for which application threads were stopped: 0.0001239 seconds, Stopping threads took: 0.0000205 seconds
2017-08-01T01:33:59.026+0000: 9790.600: Total time for which application threads were stopped: 0.0001084 seconds, Stopping threads took: 0.0000196 seconds
2017-08-01T01:33:59.026+0000: 9790.600: Total time for which application threads were stopped: 0.0000868 seconds, Stopping threads took: 0.0000200 seconds
2017-08-01T01:33:59.027+0000: 9790.600: Total time for which application threads were stopped: 0.0000851 seconds, Stopping threads took: 0.0000188 seconds
{Heap before GC invocations=160 (full 2):
 par new generation   total 153344K, used 142775K [0x0000000080000000, 0x000000008a660000, 0x000000008a660000)
  eden space 136320K, 100% used [0x0000000080000000, 0x0000000088520000, 0x0000000088520000)
  from space 17024K,  37% used [0x0000000088520000, 0x0000000088b6dcc0, 0x00000000895c0000)
  to   space 17024K,   0% used [0x00000000895c0000, 0x00000000895c0000, 0x000000008a660000)
 concurrent mark-sweep generation total 1926784K, used 241350K [0x000000008a660000, 0x0000000100000000, 0x0000000100000000)
 Metaspace       used 86399K, capacity 92182K, committed 92312K, reserved 1130496K
  class space    used 10440K, capacity 10834K, committed 10912K, reserved 1048576K
2017-08-01T01:34:50.671+0000: 9842.244: [GC (Allocation Failure) Before GC:
Statistics for BinaryTreeDictionary:
------------------------------------
Total Free Space: 215601579
Max   Chunk Size: 215601579
Number of Blocks: 1
Av.  Block  Size: 215601579
Tree      Height: 1
2017-08-01T01:34:50.671+0000: 9842.245: [ParNew
Desired survivor size 8716288 bytes, new threshold 6 (max 6)
- age   1:    1303024 bytes,    1303024 total
- age   2:     741352 bytes,    2044376 total
- age   3:     697288 bytes,    2741664 total
- age   4:     529928 bytes,    3271592 total
- age   5:     558552 bytes,    3830144 total
- age   6:     502176 bytes,    4332320 total
: 142775K->6472K(153344K), 0.0397452 secs] 384125K->248379K(2080128K)After GC:
Statistics for BinaryTreeDictionary:
------------------------------------
Total Free Space: 215527050
Max   Chunk Size: 215527050
Number of Blocks: 1
Av.  Block  Size: 215527050
Tree      Height: 1
, 0.0398562 secs] [Times: user=0.05 sys=0.00, real=0.04 secs] 
Heap after GC invocations=161 (full 2):
 par new generation   total 153344K, used 6472K [0x0000000080000000, 0x000000008a660000, 0x000000008a660000)
  eden space 136320K,   0% used [0x0000000080000000, 0x0000000080000000, 0x0000000088520000)
  from space 17024K,  38% used [0x00000000895c0000, 0x0000000089c122e8, 0x000000008a660000)
  to   space 17024K,   0% used [0x0000000088520000, 0x0000000088520000, 0x00000000895c0000)
 concurrent mark-sweep generation total 1926784K, used 241907K [0x000000008a660000, 0x0000000100000000, 0x0000000100000000)
 Metaspace       used 86399K, capacity 92182K, committed 92312K, reserved 1130496K
  class space    used 10440K, capacity 10834K, committed 10912K, reserved 1048576K
}
2017-08-01T01:34:50.711+0000: 9842.284: Total time for which application threads were stopped: 0.0401378 seconds, Stopping threads took: 0.0000381 seconds
2017-08-01T01:34:50.720+0000: 9842.293: Total time for which application threads were stopped: 0.0063986 seconds, Stopping threads took: 0.0062613 seconds
2017-08-01T01:34:50.720+0000: 9842.294: Total time for which application threads were stopped: 0.0000929 seconds, Stopping threads took: 0.0000172 seconds
2017-08-01T01:34:50.720+0000: 9842.294: Total time for which application threads were stopped: 0.0001002 seconds, Stopping threads took: 0.0000262 seconds
2017-08-01T01:34:50.721+0000: 9842.294: Total time for which application threads were stopped: 0.0000878 seconds, Stopping threads took: 0.0000137 seconds
2017-08-01T01:34:50.721+0000: 9842.294: Total time for which application threads were stopped: 0.0000984 seconds, Stopping threads took: 0.0000134 seconds
2017-08-01T01:34:50.721+0000: 9842.294: Total time for which application threads were stopped: 0.0001013 seconds, Stopping threads took: 0.0000136 seconds
2017-08-01T01:34:50.721+0000: 9842.294: Total time for which application threads were stopped: 0.0000977 seconds, Stopping threads took: 0.0000137 seconds
2017-08-01T01:34:50.721+0000: 9842.294: Total time for which application threads were stopped: 0.0000870 seconds, Stopping threads took: 0.0000140 seconds
2017-08-01T01:34:50.721+0000: 9842.295: Total time for which application threads were stopped: 0.0000984 seconds, Stopping threads took: 0.0000129 seconds
2017-08-01T01:34:50.721+0000: 9842.295: Total time for which application threads were stopped: 0.0000869 seconds, Stopping threads took: 0.0000140 seconds
2017-08-01T01:34:50.721+0000: 9842.295: Total time for which application threads were stopped: 0.0000982 seconds, Stopping threads took: 0.0000133 seconds
2017-08-01T01:34:50.722+0000: 9842.295: Total time for which application threads were stopped: 0.0000857 seconds, Stopping threads took: 0.0000133 seconds
2017-08-01T01:34:50.722+0000: 9842.295: Total time for which application threads were stopped: 0.0000981 seconds, Stopping threads took: 0.0000132 seconds
2017-08-01T01:34:50.722+0000: 9842.295: Total time for which application threads were stopped: 0.0001013 seconds, Stopping threads took: 0.0000134 seconds
2017-08-01T01:34:50.722+0000: 9842.295: Total time for which application threads were stopped: 0.0000973 seconds, Stopping threads took: 0.0000136 seconds
2017-08-01T01:34:50.722+0000: 9842.295: Total time for which application threads were stopped: 0.0000859 seconds, Stopping threads took: 0.0000137 seconds
2017-08-01T01:34:50.722+0000: 9842.296: Total time for which application threads were stopped: 0.0000980 seconds, Stopping threads took: 0.0000135 seconds
2017-08-01T01:34:50.722+0000: 9842.296: Total time for which application threads were stopped: 0.0000854 seconds, Stopping threads took: 0.0000133 seconds
2017-08-01T01:34:50.723+0000: 9842.296: Total time for which application threads were stopped: 0.0000975 seconds, Stopping threads took: 0.0000128 seconds
2017-08-01T01:34:50.723+0000: 9842.296: Total time for which application threads were stopped: 0.0003344 seconds, Stopping threads took: 0.0000133 seconds
{Heap before GC invocations=161 (full 2):
 par new generation   total 153344K, used 142792K [0x0000000080000000, 0x000000008a660000, 0x000000008a660000)
  eden space 136320K, 100% used [0x0000000080000000, 0x0000000088520000, 0x0000000088520000)
  from space 17024K,  38% used [0x00000000895c0000, 0x0000000089c122e8, 0x000000008a660000)
  to   space 17024K,   0% used [0x0000000088520000, 0x0000000088520000, 0x00000000895c0000)
 concurrent mark-sweep generation total 1926784K, used 241907K [0x000000008a660000, 0x0000000100000000, 0x0000000100000000)
 Metaspace       used 86399K, capacity 92182K, committed 92312K, reserved 1130496K
  class space    used 10440K, capacity 10834K, committed 10912K, reserved 1048576K
2017-08-01T01:36:12.241+0000: 9923.814: [GC (Allocation Failure) Before GC:
Statistics for BinaryTreeDictionary:
------------------------------------
Total Free Space: 215527050
Max   Chunk Size: 215527050
Number of Blocks: 1
Av.  Block  Size: 215527050
Tree      Height: 1
2017-08-01T01:36:12.241+0000: 9923.814: [ParNew
Desired survivor size 8716288 bytes, new threshold 6 (max 6)
- age   1:    1465064 bytes,    1465064 total
- age   2:     609936 bytes,    2075000 total
- age   3:     682024 bytes,    2757024 total
- age   4:     642360 bytes,    3399384 total
- age   5:     514688 bytes,    3914072 total
- age   6:     547152 bytes,    4461224 total
: 142792K->6419K(153344K), 0.0236363 secs] 384699K->248818K(2080128K)After GC:
Statistics for BinaryTreeDictionary:
------------------------------------
Total Free Space: 215466670
Max   Chunk Size: 215466670
Number of Blocks: 1
Av.  Block  Size: 215466670
Tree      Height: 1
, 0.0237146 secs] [Times: user=0.06 sys=0.00, real=0.03 secs] 
Heap after GC invocations=162 (full 2):
 par new generation   total 153344K, used 6419K [0x0000000080000000, 0x000000008a660000, 0x000000008a660000)
  eden space 136320K,   0% used [0x0000000080000000, 0x0000000080000000, 0x0000000088520000)
  from space 17024K,  37% used [0x0000000088520000, 0x0000000088b64f90, 0x00000000895c0000)
  to   space 17024K,   0% used [0x00000000895c0000, 0x00000000895c0000, 0x000000008a660000)
 concurrent mark-sweep generation total 1926784K, used 242398K [0x000000008a660000, 0x0000000100000000, 0x0000000100000000)
 Metaspace       used 86399K, capacity 92182K, committed 92312K, reserved 1130496K
  class space    used 10440K, capacity 10834K, committed 10912K, reserved 1048576K
}
2017-08-01T01:36:12.265+0000: 9923.838: Total time for which application threads were stopped: 0.0240443 seconds, Stopping threads took: 0.0000895 seconds
2017-08-01T01:36:12.265+0000: 9923.838: Total time for which application threads were stopped: 0.0001224 seconds, Stopping threads took: 0.0000287 seconds
2017-08-01T01:36:12.274+0000: 9923.847: Total time for which application threads were stopped: 0.0001324 seconds, Stopping threads took: 0.0000629 seconds
2017-08-01T01:36:12.274+0000: 9923.847: Total time for which application threads were stopped: 0.0001048 seconds, Stopping threads took: 0.0000273 seconds
2017-08-01T01:36:12.274+0000: 9923.847: Total time for which application threads were stopped: 0.0000663 seconds, Stopping threads took: 0.0000189 seconds
2017-08-01T01:36:12.274+0000: 9923.847: Total time for which application threads were stopped: 0.0000712 seconds, Stopping threads took: 0.0000225 seconds
2017-08-01T01:36:12.274+0000: 9923.847: Total time for which application threads were stopped: 0.0000671 seconds, Stopping threads took: 0.0000189 seconds
2017-08-01T01:36:12.274+0000: 9923.848: Total time for which application threads were stopped: 0.0000666 seconds, Stopping threads took: 0.0000189 seconds
2017-08-01T01:36:12.274+0000: 9923.848: Total time for which application threads were stopped: 0.0000662 seconds, Stopping threads took: 0.0000187 seconds
2017-08-01T01:36:12.275+0000: 9923.848: Total time for which application threads were stopped: 0.0000884 seconds, Stopping threads took: 0.0000186 seconds
2017-08-01T01:36:12.275+0000: 9923.848: Total time for which application threads were stopped: 0.0000656 seconds, Stopping threads took: 0.0000186 seconds
2017-08-01T01:36:12.275+0000: 9923.848: Total time for which application threads were stopped: 0.0000656 seconds, Stopping threads took: 0.0000188 seconds
2017-08-01T01:36:12.275+0000: 9923.848: Total time for which application threads were stopped: 0.0000779 seconds, Stopping threads took: 0.0000179 seconds
2017-08-01T01:36:12.275+0000: 9923.848: Total time for which application threads were stopped: 0.0000876 seconds, Stopping threads took: 0.0000193 seconds
2017-08-01T01:36:12.275+0000: 9923.848: Total time for which application threads were stopped: 0.0000856 seconds, Stopping threads took: 0.0000385 seconds
2017-08-01T01:36:12.275+0000: 9923.848: Total time for which application threads were stopped: 0.0000671 seconds, Stopping threads took: 0.0000207 seconds
2017-08-01T01:36:12.275+0000: 9923.849: Total time for which application threads were stopped: 0.0000654 seconds, Stopping threads took: 0.0000190 seconds
2017-08-01T01:36:12.275+0000: 9923.849: Total time for which application threads were stopped: 0.0000953 seconds, Stopping threads took: 0.0000175 seconds
2017-08-01T01:36:12.276+0000: 9923.849: Total time for which application threads were stopped: 0.0000640 seconds, Stopping threads took: 0.0000185 seconds
2017-08-01T01:36:12.276+0000: 9923.849: Total time for which application threads were stopped: 0.0000660 seconds, Stopping threads took: 0.0000197 seconds
2017-08-01T01:36:12.276+0000: 9923.849: Total time for which application threads were stopped: 0.0002519 seconds, Stopping threads took: 0.0000266 seconds
{Heap before GC invocations=162 (full 2):
 par new generation   total 153344K, used 142739K [0x0000000080000000, 0x000000008a660000, 0x000000008a660000)
  eden space 136320K, 100% used [0x0000000080000000, 0x0000000088520000, 0x0000000088520000)
  from space 17024K,  37% used [0x0000000088520000, 0x0000000088b64f90, 0x00000000895c0000)
  to   space 17024K,   0% used [0x00000000895c0000, 0x00000000895c0000, 0x000000008a660000)
 concurrent mark-sweep generation total 1926784K, used 242398K [0x000000008a660000, 0x0000000100000000, 0x0000000100000000)
 Metaspace       used 86402K, capacity 92182K, committed 92312K, reserved 1130496K
  class space    used 10440K, capacity 10834K, committed 10912K, reserved 1048576K
2017-08-01T01:37:35.953+0000: 10007.526: [GC (Allocation Failure) Before GC:
Statistics for BinaryTreeDictionary:
------------------------------------
Total Free Space: 215466670
Max   Chunk Size: 215466670
Number of Blocks: 1
Av.  Block  Size: 215466670
Tree      Height: 1
2017-08-01T01:37:35.953+0000: 10007.526: [ParNew
Desired survivor size 8716288 bytes, new threshold 6 (max 6)
- age   1:    1497696 bytes,    1497696 total
- age   2:     715760 bytes,    2213456 total
- age   3:     552504 bytes,    2765960 total
- age   4:     629536 bytes,    3395496 total
- age   5:     577352 bytes,    3972848 total
- age   6:     504376 bytes,    4477224 total
: 142739K->6485K(153344K), 0.0239517 secs] 385138K->249419K(2080128K)After GC:
Statistics for BinaryTreeDictionary:
------------------------------------
Total Free Space: 215395826
Max   Chunk Size: 215395826
Number of Blocks: 1
Av.  Block  Size: 215395826
Tree      Height: 1
, 0.0240502 secs] [Times: user=0.06 sys=0.00, real=0.02 secs] 
Heap after GC invocations=163 (full 2):
 par new generation   total 153344K, used 6485K [0x0000000080000000, 0x000000008a660000, 0x000000008a660000)
  eden space 136320K,   0% used [0x0000000080000000, 0x0000000080000000, 0x0000000088520000)
  from space 17024K,  38% used [0x00000000895c0000, 0x0000000089c15418, 0x000000008a660000)
  to   space 17024K,   0% used [0x0000000088520000, 0x0000000088520000, 0x00000000895c0000)
 concurrent mark-sweep generation total 1926784K, used 242934K [0x000000008a660000, 0x0000000100000000, 0x0000000100000000)
 Metaspace       used 86402K, capacity 92182K, committed 92312K, reserved 1130496K
  class space    used 10440K, capacity 10834K, committed 10912K, reserved 1048576K
}
2017-08-01T01:37:35.977+0000: 10007.550: Total time for which application threads were stopped: 0.0243208 seconds, Stopping threads took: 0.0000428 seconds
2017-08-01T01:37:35.977+0000: 10007.551: Total time for which application threads were stopped: 0.0001367 seconds, Stopping threads took: 0.0000426 seconds
2017-08-01T01:37:35.978+0000: 10007.551: Total time for which application threads were stopped: 0.0000671 seconds, Stopping threads took: 0.0000192 seconds
2017-08-01T01:37:35.978+0000: 10007.551: Total time for which application threads were stopped: 0.0001089 seconds, Stopping threads took: 0.0000207 seconds
2017-08-01T01:37:35.978+0000: 10007.551: Total time for which application threads were stopped: 0.0001000 seconds, Stopping threads took: 0.0000285 seconds
2017-08-01T01:37:35.978+0000: 10007.551: Total time for which application threads were stopped: 0.0000822 seconds, Stopping threads took: 0.0000340 seconds
2017-08-01T01:37:35.978+0000: 10007.551: Total time for which application threads were stopped: 0.0001222 seconds, Stopping threads took: 0.0000578 seconds
2017-08-01T01:37:35.978+0000: 10007.551: Total time for which application threads were stopped: 0.0000906 seconds, Stopping threads took: 0.0000275 seconds
2017-08-01T01:37:35.978+0000: 10007.552: Total time for which application threads were stopped: 0.0000732 seconds, Stopping threads took: 0.0000214 seconds
2017-08-01T01:37:35.978+0000: 10007.552: Total time for which application threads were stopped: 0.0000881 seconds, Stopping threads took: 0.0000252 seconds
2017-08-01T01:37:35.979+0000: 10007.552: Total time for which application threads were stopped: 0.0000883 seconds, Stopping threads took: 0.0000404 seconds
2017-08-01T01:37:35.979+0000: 10007.552: Total time for which application threads were stopped: 0.0000733 seconds, Stopping threads took: 0.0000211 seconds
2017-08-01T01:37:35.979+0000: 10007.552: Total time for which application threads were stopped: 0.0000679 seconds, Stopping threads took: 0.0000191 seconds
2017-08-01T01:37:35.979+0000: 10007.552: Total time for which application threads were stopped: 0.0000997 seconds, Stopping threads took: 0.0000288 seconds
2017-08-01T01:37:35.979+0000: 10007.552: Total time for which application threads were stopped: 0.0000764 seconds, Stopping threads took: 0.0000250 seconds
2017-08-01T01:37:35.979+0000: 10007.552: Total time for which application threads were stopped: 0.0001100 seconds, Stopping threads took: 0.0000499 seconds
2017-08-01T01:37:35.979+0000: 10007.552: Total time for which application threads were stopped: 0.0000778 seconds, Stopping threads took: 0.0000192 seconds
2017-08-01T01:37:35.979+0000: 10007.553: Total time for which application threads were stopped: 0.0000681 seconds, Stopping threads took: 0.0000177 seconds
2017-08-01T01:37:35.979+0000: 10007.553: Total time for which application threads were stopped: 0.0001185 seconds, Stopping threads took: 0.0000500 seconds
2017-08-01T01:37:35.980+0000: 10007.553: Total time for which application threads were stopped: 0.0000695 seconds, Stopping threads took: 0.0000229 seconds
2017-08-01T01:37:35.980+0000: 10007.553: Total time for which application threads were stopped: 0.0002076 seconds, Stopping threads took: 0.0000201 seconds
2017-08-01T01:38:38.996+0000: 10070.569: Total time for which application threads were stopped: 0.0001532 seconds, Stopping threads took: 0.0000453 seconds
{Heap before GC invocations=163 (full 2):
 par new generation   total 153344K, used 142805K [0x0000000080000000, 0x000000008a660000, 0x000000008a660000)
  eden space 136320K, 100% used [0x0000000080000000, 0x0000000088520000, 0x0000000088520000)
  from space 17024K,  38% used [0x00000000895c0000, 0x0000000089c15418, 0x000000008a660000)
  to   space 17024K,   0% used [0x0000000088520000, 0x0000000088520000, 0x00000000895c0000)
 concurrent mark-sweep generation total 1926784K, used 242934K [0x000000008a660000, 0x0000000100000000, 0x0000000100000000)
 Metaspace       used 86404K, capacity 92182K, committed 92312K, reserved 1130496K
  class space    used 10440K, capacity 10834K, committed 10912K, reserved 1048576K
2017-08-01T01:38:51.175+0000: 10082.748: [GC (Allocation Failure) Before GC:
Statistics for BinaryTreeDictionary:
------------------------------------
Total Free Space: 215395826
Max   Chunk Size: 215395826
Number of Blocks: 1
Av.  Block  Size: 215395826
Tree      Height: 1
2017-08-01T01:38:51.175+0000: 10082.748: [ParNew
Desired survivor size 8716288 bytes, new threshold 6 (max 6)
- age   1:    1322024 bytes,    1322024 total
- age   2:     750000 bytes,    2072024 total
- age   3:     661392 bytes,    2733416 total
- age   4:     534232 bytes,    3267648 total
- age   5:     567984 bytes,    3835632 total
- age   6:     566520 bytes,    4402152 total
: 142805K->6471K(153344K), 0.0227425 secs] 385739K->249902K(2080128K)After GC:
Statistics for BinaryTreeDictionary:
------------------------------------
Total Free Space: 215332964
Max   Chunk Size: 215332964
Number of Blocks: 1
Av.  Block  Size: 215332964
Tree      Height: 1
, 0.0228312 secs] [Times: user=0.05 sys=0.00, real=0.02 secs] 
Heap after GC invocations=164 (full 2):
 par new generation   total 153344K, used 6471K [0x0000000080000000, 0x000000008a660000, 0x000000008a660000)
  eden space 136320K,   0% used [0x0000000080000000, 0x0000000080000000, 0x0000000088520000)
  from space 17024K,  38% used [0x0000000088520000, 0x0000000088b71cc0, 0x00000000895c0000)
  to   space 17024K,   0% used [0x00000000895c0000, 0x00000000895c0000, 0x000000008a660000)
 concurrent mark-sweep generation total 1926784K, used 243431K [0x000000008a660000, 0x0000000100000000, 0x0000000100000000)
 Metaspace       used 86404K, capacity 92182K, committed 92312K, reserved 1130496K
  class space    used 10440K, capacity 10834K, committed 10912K, reserved 1048576K
}
2017-08-01T01:38:51.198+0000: 10082.771: Total time for which application threads were stopped: 0.0240107 seconds, Stopping threads took: 0.0009783 seconds
2017-08-01T01:38:51.198+0000: 10082.771: Total time for which application threads were stopped: 0.0001446 seconds, Stopping threads took: 0.0000313 seconds
2017-08-01T01:38:51.198+0000: 10082.771: Total time for which application threads were stopped: 0.0000893 seconds, Stopping threads took: 0.0000302 seconds
2017-08-01T01:38:51.198+0000: 10082.771: Total time for which application threads were stopped: 0.0001060 seconds, Stopping threads took: 0.0000448 seconds
2017-08-01T01:38:51.198+0000: 10082.771: Total time for which application threads were stopped: 0.0000664 seconds, Stopping threads took: 0.0000185 seconds
2017-08-01T01:38:51.198+0000: 10082.772: Total time for which application threads were stopped: 0.0001120 seconds, Stopping threads took: 0.0000526 seconds
2017-08-01T01:38:51.207+0000: 10082.781: Total time for which application threads were stopped: 0.0000822 seconds, Stopping threads took: 0.0000246 seconds
2017-08-01T01:38:51.207+0000: 10082.781: Total time for which application threads were stopped: 0.0001015 seconds, Stopping threads took: 0.0000428 seconds
2017-08-01T01:38:51.208+0000: 10082.781: Total time for which application threads were stopped: 0.0000782 seconds, Stopping threads took: 0.0000186 seconds
2017-08-01T01:38:51.208+0000: 10082.781: Total time for which application threads were stopped: 0.0001006 seconds, Stopping threads took: 0.0000441 seconds
2017-08-01T01:38:51.208+0000: 10082.781: Total time for which application threads were stopped: 0.0000657 seconds, Stopping threads took: 0.0000190 seconds
2017-08-01T01:38:51.208+0000: 10082.781: Total time for which application threads were stopped: 0.0000726 seconds, Stopping threads took: 0.0000217 seconds
2017-08-01T01:38:51.208+0000: 10082.781: Total time for which application threads were stopped: 0.0000706 seconds, Stopping threads took: 0.0000217 seconds
2017-08-01T01:38:51.208+0000: 10082.781: Total time for which application threads were stopped: 0.0000846 seconds, Stopping threads took: 0.0000291 seconds
2017-08-01T01:38:51.208+0000: 10082.782: Total time for which application threads were stopped: 0.0001076 seconds, Stopping threads took: 0.0000409 seconds
2017-08-01T01:38:51.208+0000: 10082.782: Total time for which application threads were stopped: 0.0000899 seconds, Stopping threads took: 0.0000231 seconds
2017-08-01T01:38:51.208+0000: 10082.782: Total time for which application threads were stopped: 0.0000674 seconds, Stopping threads took: 0.0000207 seconds
2017-08-01T01:38:51.209+0000: 10082.782: Total time for which application threads were stopped: 0.0000801 seconds, Stopping threads took: 0.0000174 seconds
2017-08-01T01:38:51.209+0000: 10082.782: Total time for which application threads were stopped: 0.0000646 seconds, Stopping threads took: 0.0000183 seconds
2017-08-01T01:38:51.209+0000: 10082.782: Total time for which application threads were stopped: 0.0000842 seconds, Stopping threads took: 0.0000171 seconds
2017-08-01T01:38:51.209+0000: 10082.782: Total time for which application threads were stopped: 0.0002405 seconds, Stopping threads took: 0.0000184 seconds
2017-08-01T01:39:46.215+0000: 10137.788: Total time for which application threads were stopped: 0.0001636 seconds, Stopping threads took: 0.0000572 seconds
{Heap before GC invocations=164 (full 2):
 par new generation   total 153344K, used 142791K [0x0000000080000000, 0x000000008a660000, 0x000000008a660000)
  eden space 136320K, 100% used [0x0000000080000000, 0x0000000088520000, 0x0000000088520000)
  from space 17024K,  38% used [0x0000000088520000, 0x0000000088b71cc0, 0x00000000895c0000)
  to   space 17024K,   0% used [0x00000000895c0000, 0x00000000895c0000, 0x000000008a660000)
 concurrent mark-sweep generation total 1926784K, used 243431K [0x000000008a660000, 0x0000000100000000, 0x0000000100000000)
 Metaspace       used 86409K, capacity 92182K, committed 92312K, reserved 1130496K
  class space    used 10440K, capacity 10834K, committed 10912K, reserved 1048576K
2017-08-01T01:40:13.636+0000: 10165.209: [GC (Allocation Failure) Before GC:
Statistics for BinaryTreeDictionary:
------------------------------------
Total Free Space: 215332964
Max   Chunk Size: 215332964
Number of Blocks: 1
Av.  Block  Size: 215332964
Tree      Height: 1
2017-08-01T01:40:13.636+0000: 10165.209: [ParNew
Desired survivor size 8716288 bytes, new threshold 6 (max 6)
- age   1:    1457408 bytes,    1457408 total
- age   2:     610240 bytes,    2067648 total
- age   3:     690184 bytes,    2757832 total
- age   4:     607568 bytes,    3365400 total
- age   5:     518984 bytes,    3884384 total
- age   6:     558112 bytes,    4442496 total
: 142791K->6496K(153344K), 0.0236088 secs] 386222K->250481K(2080128K)After GC:
Statistics for BinaryTreeDictionary:
------------------------------------
Total Free Space: 215258606
Max   Chunk Size: 215258606
Number of Blocks: 1
Av.  Block  Size: 215258606
Tree      Height: 1
, 0.0236974 secs] [Times: user=0.06 sys=0.00, real=0.02 secs] 
Heap after GC invocations=165 (full 2):
 par new generation   total 153344K, used 6496K [0x0000000080000000, 0x000000008a660000, 0x000000008a660000)
  eden space 136320K,   0% used [0x0000000080000000, 0x0000000080000000, 0x0000000088520000)
  from space 17024K,  38% used [0x00000000895c0000, 0x0000000089c18358, 0x000000008a660000)
  to   space 17024K,   0% used [0x0000000088520000, 0x0000000088520000, 0x00000000895c0000)
 concurrent mark-sweep generation total 1926784K, used 243984K [0x000000008a660000, 0x0000000100000000, 0x0000000100000000)
 Metaspace       used 86409K, capacity 92182K, committed 92312K, reserved 1130496K
  class space    used 10440K, capacity 10834K, committed 10912K, reserved 1048576K
}
2017-08-01T01:40:13.660+0000: 10165.233: Total time for which application threads were stopped: 0.0239957 seconds, Stopping threads took: 0.0000586 seconds
2017-08-01T01:40:13.660+0000: 10165.233: Total time for which application threads were stopped: 0.0001584 seconds, Stopping threads took: 0.0000523 seconds
2017-08-01T01:40:13.660+0000: 10165.234: Total time for which application threads were stopped: 0.0001376 seconds, Stopping threads took: 0.0000866 seconds
2017-08-01T01:40:13.660+0000: 10165.234: Total time for which application threads were stopped: 0.0001020 seconds, Stopping threads took: 0.0000442 seconds
2017-08-01T01:40:13.661+0000: 10165.234: Total time for which application threads were stopped: 0.0000664 seconds, Stopping threads took: 0.0000190 seconds
2017-08-01T01:40:13.661+0000: 10165.234: Total time for which application threads were stopped: 0.0000648 seconds, Stopping threads took: 0.0000180 seconds
2017-08-01T01:40:13.661+0000: 10165.234: Total time for which application threads were stopped: 0.0001009 seconds, Stopping threads took: 0.0000437 seconds
2017-08-01T01:40:13.661+0000: 10165.234: Total time for which application threads were stopped: 0.0001013 seconds, Stopping threads took: 0.0000395 seconds
2017-08-01T01:40:13.661+0000: 10165.234: Total time for which application threads were stopped: 0.0000994 seconds, Stopping threads took: 0.0000429 seconds
2017-08-01T01:40:13.661+0000: 10165.234: Total time for which application threads were stopped: 0.0001139 seconds, Stopping threads took: 0.0000514 seconds
2017-08-01T01:40:13.661+0000: 10165.235: Total time for which application threads were stopped: 0.0000751 seconds, Stopping threads took: 0.0000249 seconds
2017-08-01T01:40:13.661+0000: 10165.235: Total time for which application threads were stopped: 0.0001026 seconds, Stopping threads took: 0.0000428 seconds
2017-08-01T01:40:13.662+0000: 10165.235: Total time for which application threads were stopped: 0.0001181 seconds, Stopping threads took: 0.0000561 seconds
2017-08-01T01:40:13.662+0000: 10165.235: Total time for which application threads were stopped: 0.0001053 seconds, Stopping threads took: 0.0000363 seconds
2017-08-01T01:40:13.668+0000: 10165.242: Total time for which application threads were stopped: 0.0001285 seconds, Stopping threads took: 0.0000593 seconds
2017-08-01T01:40:13.668+0000: 10165.242: Total time for which application threads were stopped: 0.0001031 seconds, Stopping threads took: 0.0000448 seconds
2017-08-01T01:40:13.669+0000: 10165.242: Total time for which application threads were stopped: 0.0001027 seconds, Stopping threads took: 0.0000445 seconds
2017-08-01T01:40:13.669+0000: 10165.243: Total time for which application threads were stopped: 0.0000917 seconds, Stopping threads took: 0.0000381 seconds
2017-08-01T01:40:13.669+0000: 10165.243: Total time for which application threads were stopped: 0.0001154 seconds, Stopping threads took: 0.0000466 seconds
2017-08-01T01:40:13.670+0000: 10165.243: Total time for which application threads were stopped: 0.0001071 seconds, Stopping threads took: 0.0000457 seconds
2017-08-01T01:40:13.670+0000: 10165.243: Total time for which application threads were stopped: 0.0002584 seconds, Stopping threads took: 0.0000419 seconds
{Heap before GC invocations=165 (full 2):
 par new generation   total 153344K, used 142816K [0x0000000080000000, 0x000000008a660000, 0x000000008a660000)
  eden space 136320K, 100% used [0x0000000080000000, 0x0000000088520000, 0x0000000088520000)
  from space 17024K,  38% used [0x00000000895c0000, 0x0000000089c18358, 0x000000008a660000)
  to   space 17024K,   0% used [0x0000000088520000, 0x0000000088520000, 0x00000000895c0000)
 concurrent mark-sweep generation total 1926784K, used 243984K [0x000000008a660000, 0x0000000100000000, 0x0000000100000000)
 Metaspace       used 86409K, capacity 92182K, committed 92312K, reserved 1130496K
  class space    used 10440K, capacity 10834K, committed 10912K, reserved 1048576K
2017-08-01T01:41:36.599+0000: 10248.173: [GC (Allocation Failure) Before GC:
Statistics for BinaryTreeDictionary:
------------------------------------
Total Free Space: 215258606
Max   Chunk Size: 215258606
Number of Blocks: 1
Av.  Block  Size: 215258606
Tree      Height: 1
2017-08-01T01:41:36.599+0000: 10248.173: [ParNew
Desired survivor size 8716288 bytes, new threshold 6 (max 6)
- age   1:    1437928 bytes,    1437928 total
- age   2:     740968 bytes,    2178896 total
- age   3:     558184 bytes,    2737080 total
- age   4:     634880 bytes,    3371960 total
- age   5:     544176 bytes,    3916136 total
- age   6:     509232 bytes,    4425368 total
: 142816K->6483K(153344K), 0.0232921 secs] 386801K->251014K(2080128K)After GC:
Statistics for BinaryTreeDictionary:
------------------------------------
Total Free Space: 215194199
Max   Chunk Size: 215194199
Number of Blocks: 1
Av.  Block  Size: 215194199
Tree      Height: 1
, 0.0233701 secs] [Times: user=0.05 sys=0.00, real=0.02 secs] 
Heap after GC invocations=166 (full 2):
 par new generation   total 153344K, used 6483K [0x0000000080000000, 0x000000008a660000, 0x000000008a660000)
  eden space 136320K,   0% used [0x0000000080000000, 0x0000000080000000, 0x0000000088520000)
  from space 17024K,  38% used [0x0000000088520000, 0x0000000088b74c08, 0x00000000895c0000)
  to   space 17024K,   0% used [0x00000000895c0000, 0x00000000895c0000, 0x000000008a660000)
 concurrent mark-sweep generation total 1926784K, used 244531K [0x000000008a660000, 0x0000000100000000, 0x0000000100000000)
 Metaspace       used 86409K, capacity 92182K, committed 92312K, reserved 1130496K
  class space    used 10440K, capacity 10834K, committed 10912K, reserved 1048576K
}
2017-08-01T01:41:36.623+0000: 10248.196: Total time for which application threads were stopped: 0.0236901 seconds, Stopping threads took: 0.0000777 seconds
2017-08-01T01:41:36.623+0000: 10248.197: Total time for which application threads were stopped: 0.0001905 seconds, Stopping threads took: 0.0000839 seconds
2017-08-01T01:41:36.624+0000: 10248.197: Total time for which application threads were stopped: 0.0001140 seconds, Stopping threads took: 0.0000490 seconds
2017-08-01T01:41:36.624+0000: 10248.197: Total time for which application threads were stopped: 0.0000932 seconds, Stopping threads took: 0.0000384 seconds
2017-08-01T01:41:36.624+0000: 10248.197: Total time for which application threads were stopped: 0.0001056 seconds, Stopping threads took: 0.0000262 seconds
2017-08-01T01:41:36.624+0000: 10248.197: Total time for which application threads were stopped: 0.0000716 seconds, Stopping threads took: 0.0000193 seconds
2017-08-01T01:41:36.624+0000: 10248.197: Total time for which application threads were stopped: 0.0000879 seconds, Stopping threads took: 0.0000349 seconds
2017-08-01T01:41:36.624+0000: 10248.197: Total time for which application threads were stopped: 0.0001026 seconds, Stopping threads took: 0.0000356 seconds
2017-08-01T01:41:36.624+0000: 10248.198: Total time for which application threads were stopped: 0.0001075 seconds, Stopping threads took: 0.0000440 seconds
2017-08-01T01:41:36.624+0000: 10248.198: Total time for which application threads were stopped: 0.0001020 seconds, Stopping threads took: 0.0000380 seconds
2017-08-01T01:41:36.625+0000: 10248.198: Total time for which application threads were stopped: 0.0000712 seconds, Stopping threads took: 0.0000182 seconds
2017-08-01T01:41:36.625+0000: 10248.198: Total time for which application threads were stopped: 0.0000718 seconds, Stopping threads took: 0.0000185 seconds
2017-08-01T01:41:36.625+0000: 10248.198: Total time for which application threads were stopped: 0.0001079 seconds, Stopping threads took: 0.0000427 seconds
2017-08-01T01:41:36.625+0000: 10248.198: Total time for which application threads were stopped: 0.0001157 seconds, Stopping threads took: 0.0000407 seconds
2017-08-01T01:41:36.625+0000: 10248.198: Total time for which application threads were stopped: 0.0000747 seconds, Stopping threads took: 0.0000223 seconds
2017-08-01T01:41:36.625+0000: 10248.198: Total time for which application threads were stopped: 0.0000694 seconds, Stopping threads took: 0.0000188 seconds
2017-08-01T01:41:36.625+0000: 10248.198: Total time for which application threads were stopped: 0.0000884 seconds, Stopping threads took: 0.0000183 seconds
2017-08-01T01:41:36.625+0000: 10248.199: Total time for which application threads were stopped: 0.0001403 seconds, Stopping threads took: 0.0000790 seconds
2017-08-01T01:41:36.625+0000: 10248.199: Total time for which application threads were stopped: 0.0000734 seconds, Stopping threads took: 0.0000226 seconds
2017-08-01T01:41:36.626+0000: 10248.199: Total time for which application threads were stopped: 0.0000682 seconds, Stopping threads took: 0.0000183 seconds
2017-08-01T01:41:36.626+0000: 10248.199: Total time for which application threads were stopped: 0.0002753 seconds, Stopping threads took: 0.0000410 seconds
{Heap before GC invocations=166 (full 2):
 par new generation   total 153344K, used 142803K [0x0000000080000000, 0x000000008a660000, 0x000000008a660000)
  eden space 136320K, 100% used [0x0000000080000000, 0x0000000088520000, 0x0000000088520000)
  from space 17024K,  38% used [0x0000000088520000, 0x0000000088b74c08, 0x00000000895c0000)
  to   space 17024K,   0% used [0x00000000895c0000, 0x00000000895c0000, 0x000000008a660000)
 concurrent mark-sweep generation total 1926784K, used 244531K [0x000000008a660000, 0x0000000100000000, 0x0000000100000000)
 Metaspace       used 86410K, capacity 92182K, committed 92312K, reserved 1130496K
  class space    used 10440K, capacity 10834K, committed 10912K, reserved 1048576K
2017-08-01T01:42:50.672+0000: 10322.245: [GC (Allocation Failure) Before GC:
Statistics for BinaryTreeDictionary:
------------------------------------
Total Free Space: 215194199
Max   Chunk Size: 215194199
Number of Blocks: 1
Av.  Block  Size: 215194199
Tree      Height: 1
2017-08-01T01:42:50.672+0000: 10322.245: [ParNew
Desired survivor size 8716288 bytes, new threshold 6 (max 6)
- age   1:    1352088 bytes,    1352088 total
- age   2:     751992 bytes,    2104080 total
- age   3:     684272 bytes,    2788352 total
- age   4:     533336 bytes,    3321688 total
- age   5:     572128 bytes,    3893816 total
- age   6:     535680 bytes,    4429496 total
: 142803K->6413K(153344K), 0.0353579 secs] 387334K->251445K(2080128K)After GC:
Statistics for BinaryTreeDictionary:
------------------------------------
Total Free Space: 215128794
Max   Chunk Size: 215128794
Number of Blocks: 1
Av.  Block  Size: 215128794
Tree      Height: 1
, 0.0354528 secs] [Times: user=0.06 sys=0.00, real=0.04 secs] 
Heap after GC invocations=167 (full 2):
 par new generation   total 153344K, used 6413K [0x0000000080000000, 0x000000008a660000, 0x000000008a660000)
  eden space 136320K,   0% used [0x0000000080000000, 0x0000000080000000, 0x0000000088520000)
  from space 17024K,  37% used [0x00000000895c0000, 0x0000000089c036a8, 0x000000008a660000)
  to   space 17024K,   0% used [0x0000000088520000, 0x0000000088520000, 0x00000000895c0000)
 concurrent mark-sweep generation total 1926784K, used 245031K [0x000000008a660000, 0x0000000100000000, 0x0000000100000000)
 Metaspace       used 86410K, capacity 92182K, committed 92312K, reserved 1130496K
  class space    used 10440K, capacity 10834K, committed 10912K, reserved 1048576K
}
2017-08-01T01:42:50.708+0000: 10322.281: Total time for which application threads were stopped: 0.0357674 seconds, Stopping threads took: 0.0000458 seconds
2017-08-01T01:42:50.721+0000: 10322.295: Total time for which application threads were stopped: 0.0036733 seconds, Stopping threads took: 0.0035599 seconds
2017-08-01T01:42:50.722+0000: 10322.295: Total time for which application threads were stopped: 0.0001064 seconds, Stopping threads took: 0.0000475 seconds
2017-08-01T01:42:50.722+0000: 10322.295: Total time for which application threads were stopped: 0.0000679 seconds, Stopping threads took: 0.0000203 seconds
2017-08-01T01:42:50.722+0000: 10322.295: Total time for which application threads were stopped: 0.0001005 seconds, Stopping threads took: 0.0000317 seconds
2017-08-01T01:42:50.722+0000: 10322.295: Total time for which application threads were stopped: 0.0001016 seconds, Stopping threads took: 0.0000447 seconds
2017-08-01T01:42:50.722+0000: 10322.295: Total time for which application threads were stopped: 0.0000659 seconds, Stopping threads took: 0.0000196 seconds
2017-08-01T01:42:50.722+0000: 10322.295: Total time for which application threads were stopped: 0.0001043 seconds, Stopping threads took: 0.0000474 seconds
2017-08-01T01:42:50.722+0000: 10322.296: Total time for which application threads were stopped: 0.0000661 seconds, Stopping threads took: 0.0000176 seconds
2017-08-01T01:42:50.722+0000: 10322.296: Total time for which application threads were stopped: 0.0000674 seconds, Stopping threads took: 0.0000207 seconds
2017-08-01T01:42:50.723+0000: 10322.296: Total time for which application threads were stopped: 0.0001317 seconds, Stopping threads took: 0.0000752 seconds
2017-08-01T01:42:50.723+0000: 10322.296: Total time for which application threads were stopped: 0.0000652 seconds, Stopping threads took: 0.0000190 seconds
2017-08-01T01:42:50.723+0000: 10322.296: Total time for which application threads were stopped: 0.0000643 seconds, Stopping threads took: 0.0000181 seconds
2017-08-01T01:42:50.723+0000: 10322.296: Total time for which application threads were stopped: 0.0001025 seconds, Stopping threads took: 0.0000451 seconds
2017-08-01T01:42:50.723+0000: 10322.296: Total time for which application threads were stopped: 0.0001055 seconds, Stopping threads took: 0.0000465 seconds
2017-08-01T01:42:50.723+0000: 10322.296: Total time for which application threads were stopped: 0.0000666 seconds, Stopping threads took: 0.0000198 seconds
2017-08-01T01:42:50.723+0000: 10322.296: Total time for which application threads were stopped: 0.0000999 seconds, Stopping threads took: 0.0000432 seconds
2017-08-01T01:42:50.723+0000: 10322.297: Total time for which application threads were stopped: 0.0001085 seconds, Stopping threads took: 0.0000508 seconds
2017-08-01T01:42:50.723+0000: 10322.297: Total time for which application threads were stopped: 0.0001105 seconds, Stopping threads took: 0.0000534 seconds
2017-08-01T01:42:50.724+0000: 10322.297: Total time for which application threads were stopped: 0.0000653 seconds, Stopping threads took: 0.0000188 seconds
2017-08-01T01:42:50.724+0000: 10322.297: Total time for which application threads were stopped: 0.0002886 seconds, Stopping threads took: 0.0000558 seconds
2017-08-01T01:43:08.726+0000: 10340.299: Total time for which application threads were stopped: 0.0001892 seconds, Stopping threads took: 0.0000590 seconds
2017-08-01T01:44:02.626+0000: 10394.200: Total time for which application threads were stopped: 0.0001947 seconds, Stopping threads took: 0.0000577 seconds
2017-08-01T01:44:02.626+0000: 10394.200: Total time for which application threads were stopped: 0.0000888 seconds, Stopping threads took: 0.0000360 seconds
2017-08-01T01:44:02.627+0000: 10394.200: Total time for which application threads were stopped: 0.0000988 seconds, Stopping threads took: 0.0000219 seconds
2017-08-01T01:44:02.627+0000: 10394.200: Total time for which application threads were stopped: 0.0000694 seconds, Stopping threads took: 0.0000192 seconds
2017-08-01T01:44:02.627+0000: 10394.200: Total time for which application threads were stopped: 0.0000717 seconds, Stopping threads took: 0.0000195 seconds
2017-08-01T01:44:02.627+0000: 10394.200: Total time for which application threads were stopped: 0.0000899 seconds, Stopping threads took: 0.0000177 seconds
2017-08-01T01:44:02.786+0000: 10394.360: Total time for which application threads were stopped: 0.0001587 seconds, Stopping threads took: 0.0000424 seconds
2017-08-01T01:44:02.786+0000: 10394.360: Total time for which application threads were stopped: 0.0000878 seconds, Stopping threads took: 0.0000194 seconds
2017-08-01T01:44:02.787+0000: 10394.360: Total time for which application threads were stopped: 0.0000705 seconds, Stopping threads took: 0.0000194 seconds
2017-08-01T01:44:02.787+0000: 10394.360: Total time for which application threads were stopped: 0.0000876 seconds, Stopping threads took: 0.0000192 seconds
2017-08-01T01:44:02.787+0000: 10394.360: Total time for which application threads were stopped: 0.0000717 seconds, Stopping threads took: 0.0000195 seconds
2017-08-01T01:44:02.787+0000: 10394.360: Total time for which application threads were stopped: 0.0001010 seconds, Stopping threads took: 0.0000381 seconds
{Heap before GC invocations=167 (full 2):
 par new generation   total 153344K, used 142733K [0x0000000080000000, 0x000000008a660000, 0x000000008a660000)
  eden space 136320K, 100% used [0x0000000080000000, 0x0000000088520000, 0x0000000088520000)
  from space 17024K,  37% used [0x00000000895c0000, 0x0000000089c036a8, 0x000000008a660000)
  to   space 17024K,   0% used [0x0000000088520000, 0x0000000088520000, 0x00000000895c0000)
 concurrent mark-sweep generation total 1926784K, used 245031K [0x000000008a660000, 0x0000000100000000, 0x0000000100000000)
 Metaspace       used 86412K, capacity 92182K, committed 92312K, reserved 1130496K
  class space    used 10440K, capacity 10834K, committed 10912K, reserved 1048576K
2017-08-01T01:44:13.275+0000: 10404.848: [GC (Allocation Failure) Before GC:
Statistics for BinaryTreeDictionary:
------------------------------------
Total Free Space: 215128794
Max   Chunk Size: 215128794
Number of Blocks: 1
Av.  Block  Size: 215128794
Tree      Height: 1
2017-08-01T01:44:13.275+0000: 10404.848: [ParNew
Desired survivor size 8716288 bytes, new threshold 6 (max 6)
- age   1:    1447072 bytes,    1447072 total
- age   2:     658784 bytes,    2105856 total
- age   3:     691992 bytes,    2797848 total
- age   4:     631680 bytes,    3429528 total
- age   5:     519560 bytes,    3949088 total
- age   6:     561176 bytes,    4510264 total
: 142733K->6512K(153344K), 0.0231288 secs] 387765K->252071K(2080128K)After GC:
Statistics for BinaryTreeDictionary:
------------------------------------
Total Free Space: 215063101
Max   Chunk Size: 215063101
Number of Blocks: 1
Av.  Block  Size: 215063101
Tree      Height: 1
, 0.0232297 secs] [Times: user=0.06 sys=0.00, real=0.02 secs] 
Heap after GC invocations=168 (full 2):
 par new generation   total 153344K, used 6512K [0x0000000080000000, 0x000000008a660000, 0x000000008a660000)
  eden space 136320K,   0% used [0x0000000080000000, 0x0000000080000000, 0x0000000088520000)
  from space 17024K,  38% used [0x0000000088520000, 0x0000000088b7c298, 0x00000000895c0000)
  to   space 17024K,   0% used [0x00000000895c0000, 0x00000000895c0000, 0x000000008a660000)
 concurrent mark-sweep generation total 1926784K, used 245559K [0x000000008a660000, 0x0000000100000000, 0x0000000100000000)
 Metaspace       used 86412K, capacity 92182K, committed 92312K, reserved 1130496K
  class space    used 10440K, capacity 10834K, committed 10912K, reserved 1048576K
}
2017-08-01T01:44:13.298+0000: 10404.871: Total time for which application threads were stopped: 0.0243952 seconds, Stopping threads took: 0.0009576 seconds
2017-08-01T01:44:13.299+0000: 10404.872: Total time for which application threads were stopped: 0.0001664 seconds, Stopping threads took: 0.0000614 seconds
2017-08-01T01:44:13.299+0000: 10404.872: Total time for which application threads were stopped: 0.0000772 seconds, Stopping threads took: 0.0000265 seconds
2017-08-01T01:44:13.299+0000: 10404.872: Total time for which application threads were stopped: 0.0000657 seconds, Stopping threads took: 0.0000184 seconds
2017-08-01T01:44:13.299+0000: 10404.872: Total time for which application threads were stopped: 0.0000656 seconds, Stopping threads took: 0.0000190 seconds
2017-08-01T01:44:13.299+0000: 10404.873: Total time for which application threads were stopped: 0.0001100 seconds, Stopping threads took: 0.0000525 seconds
2017-08-01T01:44:13.299+0000: 10404.873: Total time for which application threads were stopped: 0.0000670 seconds, Stopping threads took: 0.0000200 seconds
2017-08-01T01:44:13.299+0000: 10404.873: Total time for which application threads were stopped: 0.0001189 seconds, Stopping threads took: 0.0000618 seconds
2017-08-01T01:44:13.300+0000: 10404.873: Total time for which application threads were stopped: 0.0000664 seconds, Stopping threads took: 0.0000178 seconds
2017-08-01T01:44:13.300+0000: 10404.873: Total time for which application threads were stopped: 0.0000662 seconds, Stopping threads took: 0.0000189 seconds
2017-08-01T01:44:13.300+0000: 10404.873: Total time for which application threads were stopped: 0.0000637 seconds, Stopping threads took: 0.0000173 seconds
2017-08-01T01:44:13.300+0000: 10404.873: Total time for which application threads were stopped: 0.0001052 seconds, Stopping threads took: 0.0000480 seconds
2017-08-01T01:44:13.300+0000: 10404.873: Total time for which application threads were stopped: 0.0001009 seconds, Stopping threads took: 0.0000451 seconds
2017-08-01T01:44:13.300+0000: 10404.873: Total time for which application threads were stopped: 0.0000639 seconds, Stopping threads took: 0.0000175 seconds
2017-08-01T01:44:13.300+0000: 10404.873: Total time for which application threads were stopped: 0.0000670 seconds, Stopping threads took: 0.0000208 seconds
2017-08-01T01:44:13.300+0000: 10404.874: Total time for which application threads were stopped: 0.0000984 seconds, Stopping threads took: 0.0000422 seconds
2017-08-01T01:44:13.300+0000: 10404.874: Total time for which application threads were stopped: 0.0000652 seconds, Stopping threads took: 0.0000192 seconds
2017-08-01T01:44:13.301+0000: 10404.874: Total time for which application threads were stopped: 0.0000974 seconds, Stopping threads took: 0.0000412 seconds
2017-08-01T01:44:13.301+0000: 10404.874: Total time for which application threads were stopped: 0.0000664 seconds, Stopping threads took: 0.0000203 seconds
2017-08-01T01:44:13.301+0000: 10404.874: Total time for which application threads were stopped: 0.0000968 seconds, Stopping threads took: 0.0000404 seconds
2017-08-01T01:44:13.301+0000: 10404.874: Total time for which application threads were stopped: 0.0002474 seconds, Stopping threads took: 0.0000576 seconds
{Heap before GC invocations=168 (full 2):
 par new generation   total 153344K, used 142832K [0x0000000080000000, 0x000000008a660000, 0x000000008a660000)
  eden space 136320K, 100% used [0x0000000080000000, 0x0000000088520000, 0x0000000088520000)
  from space 17024K,  38% used [0x0000000088520000, 0x0000000088b7c298, 0x00000000895c0000)
  to   space 17024K,   0% used [0x00000000895c0000, 0x00000000895c0000, 0x000000008a660000)
 concurrent mark-sweep generation total 1926784K, used 245559K [0x000000008a660000, 0x0000000100000000, 0x0000000100000000)
 Metaspace       used 86412K, capacity 92182K, committed 92312K, reserved 1130496K
  class space    used 10440K, capacity 10834K, committed 10912K, reserved 1048576K
2017-08-01T01:45:35.154+0000: 10486.727: [GC (Allocation Failure) Before GC:
Statistics for BinaryTreeDictionary:
------------------------------------
Total Free Space: 215063101
Max   Chunk Size: 215063101
Number of Blocks: 1
Av.  Block  Size: 215063101
Tree      Height: 1
2017-08-01T01:45:35.154+0000: 10486.727: [ParNew
Desired survivor size 8716288 bytes, new threshold 6 (max 6)
- age   1:    1537440 bytes,    1537440 total
- age   2:     723936 bytes,    2261376 total
- age   3:     602472 bytes,    2863848 total
- age   4:     637280 bytes,    3501128 total
- age   5:     567352 bytes,    4068480 total
- age   6:     509016 bytes,    4577496 total
: 142832K->6561K(153344K), 0.0231675 secs] 388391K->252671K(2080128K)After GC:
Statistics for BinaryTreeDictionary:
------------------------------------
Total Free Space: 214991987
Max   Chunk Size: 214991987
Number of Blocks: 1
Av.  Block  Size: 214991987
Tree      Height: 1
, 0.0232468 secs] [Times: user=0.06 sys=0.00, real=0.02 secs] 
Heap after GC invocations=169 (full 2):
 par new generation   total 153344K, used 6561K [0x0000000080000000, 0x000000008a660000, 0x000000008a660000)
  eden space 136320K,   0% used [0x0000000080000000, 0x0000000080000000, 0x0000000088520000)
  from space 17024K,  38% used [0x00000000895c0000, 0x0000000089c28610, 0x000000008a660000)
  to   space 17024K,   0% used [0x0000000088520000, 0x0000000088520000, 0x00000000895c0000)
 concurrent mark-sweep generation total 1926784K, used 246110K [0x000000008a660000, 0x0000000100000000, 0x0000000100000000)
 Metaspace       used 86412K, capacity 92182K, committed 92312K, reserved 1130496K
  class space    used 10440K, capacity 10834K, committed 10912K, reserved 1048576K
}
2017-08-01T01:45:35.177+0000: 10486.751: Total time for which application threads were stopped: 0.0236172 seconds, Stopping threads took: 0.0001360 seconds
2017-08-01T01:45:35.178+0000: 10486.751: Total time for which application threads were stopped: 0.0001492 seconds, Stopping threads took: 0.0000403 seconds
2017-08-01T01:45:35.178+0000: 10486.751: Total time for which application threads were stopped: 0.0000718 seconds, Stopping threads took: 0.0000200 seconds
2017-08-01T01:45:35.178+0000: 10486.751: Total time for which application threads were stopped: 0.0001215 seconds, Stopping threads took: 0.0000567 seconds
2017-08-01T01:45:35.178+0000: 10486.751: Total time for which application threads were stopped: 0.0001077 seconds, Stopping threads took: 0.0000313 seconds
2017-08-01T01:45:35.178+0000: 10486.751: Total time for which application threads were stopped: 0.0000886 seconds, Stopping threads took: 0.0000258 seconds
2017-08-01T01:45:35.178+0000: 10486.752: Total time for which application threads were stopped: 0.0000789 seconds, Stopping threads took: 0.0000276 seconds
2017-08-01T01:45:35.178+0000: 10486.752: Total time for which application threads were stopped: 0.0000745 seconds, Stopping threads took: 0.0000242 seconds
2017-08-01T01:45:35.179+0000: 10486.752: Total time for which application threads were stopped: 0.0000831 seconds, Stopping threads took: 0.0000246 seconds
2017-08-01T01:45:35.179+0000: 10486.752: Total time for which application threads were stopped: 0.0000882 seconds, Stopping threads took: 0.0000189 seconds
2017-08-01T01:45:35.179+0000: 10486.752: Total time for which application threads were stopped: 0.0001100 seconds, Stopping threads took: 0.0000453 seconds
2017-08-01T01:45:35.179+0000: 10486.752: Total time for which application threads were stopped: 0.0000815 seconds, Stopping threads took: 0.0000191 seconds
2017-08-01T01:45:35.179+0000: 10486.752: Total time for which application threads were stopped: 0.0000714 seconds, Stopping threads took: 0.0000194 seconds
2017-08-01T01:45:35.179+0000: 10486.752: Total time for which application threads were stopped: 0.0001378 seconds, Stopping threads took: 0.0000578 seconds
2017-08-01T01:45:35.179+0000: 10486.753: Total time for which application threads were stopped: 0.0001142 seconds, Stopping threads took: 0.0000471 seconds
2017-08-01T01:45:35.179+0000: 10486.753: Total time for which application threads were stopped: 0.0001103 seconds, Stopping threads took: 0.0000429 seconds
2017-08-01T01:45:35.180+0000: 10486.753: Total time for which application threads were stopped: 0.0001032 seconds, Stopping threads took: 0.0000261 seconds
2017-08-01T01:45:35.180+0000: 10486.753: Total time for which application threads were stopped: 0.0001127 seconds, Stopping threads took: 0.0000484 seconds
2017-08-01T01:45:35.180+0000: 10486.753: Total time for which application threads were stopped: 0.0000833 seconds, Stopping threads took: 0.0000207 seconds
2017-08-01T01:45:35.180+0000: 10486.753: Total time for which application threads were stopped: 0.0001232 seconds, Stopping threads took: 0.0000498 seconds
2017-08-01T01:45:35.180+0000: 10486.754: Total time for which application threads were stopped: 0.0002210 seconds, Stopping threads took: 0.0000214 seconds
2017-08-01T01:46:30.476+0000: 10542.049: Total time for which application threads were stopped: 0.0002309 seconds, Stopping threads took: 0.0000706 seconds
2017-08-01T01:46:30.476+0000: 10542.049: Total time for which application threads were stopped: 0.0000958 seconds, Stopping threads took: 0.0000212 seconds
2017-08-01T01:46:30.476+0000: 10542.050: Total time for which application threads were stopped: 0.0000892 seconds, Stopping threads took: 0.0000210 seconds
2017-08-01T01:46:30.476+0000: 10542.050: Total time for which application threads were stopped: 0.0000847 seconds, Stopping threads took: 0.0000181 seconds
2017-08-01T01:46:30.477+0000: 10542.050: Total time for which application threads were stopped: 0.0000875 seconds, Stopping threads took: 0.0000199 seconds
2017-08-01T01:46:30.477+0000: 10542.050: Total time for which application threads were stopped: 0.0000848 seconds, Stopping threads took: 0.0000191 seconds
{Heap before GC invocations=169 (full 2):
 par new generation   total 153344K, used 142881K [0x0000000080000000, 0x000000008a660000, 0x000000008a660000)
  eden space 136320K, 100% used [0x0000000080000000, 0x0000000088520000, 0x0000000088520000)
  from space 17024K,  38% used [0x00000000895c0000, 0x0000000089c28610, 0x000000008a660000)
  to   space 17024K,   0% used [0x0000000088520000, 0x0000000088520000, 0x00000000895c0000)
 concurrent mark-sweep generation total 1926784K, used 246110K [0x000000008a660000, 0x0000000100000000, 0x0000000100000000)
 Metaspace       used 86412K, capacity 92182K, committed 92312K, reserved 1130496K
  class space    used 10440K, capacity 10834K, committed 10912K, reserved 1048576K
2017-08-01T01:46:50.681+0000: 10562.254: [GC (Allocation Failure) Before GC:
Statistics for BinaryTreeDictionary:
------------------------------------
Total Free Space: 214991987
Max   Chunk Size: 214991987
Number of Blocks: 1
Av.  Block  Size: 214991987
Tree      Height: 1
2017-08-01T01:46:50.681+0000: 10562.254: [ParNew
Desired survivor size 8716288 bytes, new threshold 6 (max 6)
- age   1:    1289352 bytes,    1289352 total
- age   2:     780792 bytes,    2070144 total
- age   3:     671880 bytes,    2742024 total
- age   4:     579072 bytes,    3321096 total
- age   5:     575224 bytes,    3896320 total
- age   6:     557616 bytes,    4453936 total
: 142881K->6600K(153344K), 0.0334665 secs] 388991K->253212K(2080128K)After GC:
Statistics for BinaryTreeDictionary:
------------------------------------
Total Free Space: 214925406
Max   Chunk Size: 214925406
Number of Blocks: 1
Av.  Block  Size: 214925406
Tree      Height: 1
, 0.0335507 secs] [Times: user=0.05 sys=0.00, real=0.04 secs] 
Heap after GC invocations=170 (full 2):
 par new generation   total 153344K, used 6600K [0x0000000080000000, 0x000000008a660000, 0x000000008a660000)
  eden space 136320K,   0% used [0x0000000080000000, 0x0000000080000000, 0x0000000088520000)
  from space 17024K,  38% used [0x0000000088520000, 0x0000000088b923b0, 0x00000000895c0000)
  to   space 17024K,   0% used [0x00000000895c0000, 0x00000000895c0000, 0x000000008a660000)
 concurrent mark-sweep generation total 1926784K, used 246611K [0x000000008a660000, 0x0000000100000000, 0x0000000100000000)
 Metaspace       used 86412K, capacity 92182K, committed 92312K, reserved 1130496K
  class space    used 10440K, capacity 10834K, committed 10912K, reserved 1048576K
}
2017-08-01T01:46:50.715+0000: 10562.288: Total time for which application threads were stopped: 0.0338064 seconds, Stopping threads took: 0.0000497 seconds
2017-08-01T01:46:50.721+0000: 10562.294: Total time for which application threads were stopped: 0.0001712 seconds, Stopping threads took: 0.0000517 seconds
2017-08-01T01:46:50.721+0000: 10562.294: Total time for which application threads were stopped: 0.0000863 seconds, Stopping threads took: 0.0000222 seconds
2017-08-01T01:46:50.721+0000: 10562.294: Total time for which application threads were stopped: 0.0001213 seconds, Stopping threads took: 0.0000569 seconds
2017-08-01T01:46:50.721+0000: 10562.294: Total time for which application threads were stopped: 0.0000719 seconds, Stopping threads took: 0.0000210 seconds
2017-08-01T01:46:50.721+0000: 10562.294: Total time for which application threads were stopped: 0.0000687 seconds, Stopping threads took: 0.0000185 seconds
2017-08-01T01:46:50.721+0000: 10562.295: Total time for which application threads were stopped: 0.0001199 seconds, Stopping threads took: 0.0000437 seconds
2017-08-01T01:46:50.721+0000: 10562.295: Total time for which application threads were stopped: 0.0000736 seconds, Stopping threads took: 0.0000208 seconds
2017-08-01T01:46:50.722+0000: 10562.295: Total time for which application threads were stopped: 0.0000834 seconds, Stopping threads took: 0.0000211 seconds
2017-08-01T01:46:50.722+0000: 10562.295: Total time for which application threads were stopped: 0.0001094 seconds, Stopping threads took: 0.0000487 seconds
2017-08-01T01:46:50.722+0000: 10562.295: Total time for which application threads were stopped: 0.0000775 seconds, Stopping threads took: 0.0000188 seconds
2017-08-01T01:46:50.722+0000: 10562.295: Total time for which application threads were stopped: 0.0000738 seconds, Stopping threads took: 0.0000223 seconds
2017-08-01T01:46:50.722+0000: 10562.295: Total time for which application threads were stopped: 0.0000742 seconds, Stopping threads took: 0.0000212 seconds
2017-08-01T01:46:50.722+0000: 10562.295: Total time for which application threads were stopped: 0.0000999 seconds, Stopping threads took: 0.0000350 seconds
2017-08-01T01:46:50.722+0000: 10562.295: Total time for which application threads were stopped: 0.0000831 seconds, Stopping threads took: 0.0000191 seconds
2017-08-01T01:46:50.722+0000: 10562.296: Total time for which application threads were stopped: 0.0000724 seconds, Stopping threads took: 0.0000213 seconds
2017-08-01T01:46:50.722+0000: 10562.296: Total time for which application threads were stopped: 0.0000681 seconds, Stopping threads took: 0.0000183 seconds
2017-08-01T01:46:50.723+0000: 10562.296: Total time for which application threads were stopped: 0.0001222 seconds, Stopping threads took: 0.0000572 seconds
2017-08-01T01:46:50.723+0000: 10562.296: Total time for which application threads were stopped: 0.0000692 seconds, Stopping threads took: 0.0000187 seconds
2017-08-01T01:46:50.723+0000: 10562.296: Total time for which application threads were stopped: 0.0000721 seconds, Stopping threads took: 0.0000215 seconds
2017-08-01T01:46:50.723+0000: 10562.296: Total time for which application threads were stopped: 0.0002769 seconds, Stopping threads took: 0.0000207 seconds
2017-08-01T01:46:57.724+0000: 10569.297: Total time for which application threads were stopped: 0.0001828 seconds, Stopping threads took: 0.0000427 seconds
2017-08-01T01:47:03.725+0000: 10575.298: Total time for which application threads were stopped: 0.0001627 seconds, Stopping threads took: 0.0000409 seconds
2017-08-01T01:47:08.726+0000: 10580.299: Total time for which application threads were stopped: 0.0001689 seconds, Stopping threads took: 0.0000453 seconds
{Heap before GC invocations=170 (full 2):
 par new generation   total 153344K, used 142920K [0x0000000080000000, 0x000000008a660000, 0x000000008a660000)
  eden space 136320K, 100% used [0x0000000080000000, 0x0000000088520000, 0x0000000088520000)
  from space 17024K,  38% used [0x0000000088520000, 0x0000000088b923b0, 0x00000000895c0000)
  to   space 17024K,   0% used [0x00000000895c0000, 0x00000000895c0000, 0x000000008a660000)
 concurrent mark-sweep generation total 1926784K, used 246611K [0x000000008a660000, 0x0000000100000000, 0x0000000100000000)
 Metaspace       used 86414K, capacity 92182K, committed 92312K, reserved 1130496K
  class space    used 10440K, capacity 10834K, committed 10912K, reserved 1048576K
2017-08-01T01:48:12.604+0000: 10644.177: [GC (Allocation Failure) Before GC:
Statistics for BinaryTreeDictionary:
------------------------------------
Total Free Space: 214925406
Max   Chunk Size: 214925406
Number of Blocks: 1
Av.  Block  Size: 214925406
Tree      Height: 1
2017-08-01T01:48:12.604+0000: 10644.177: [ParNew
Desired survivor size 8716288 bytes, new threshold 6 (max 6)
- age   1:    1430848 bytes,    1430848 total
- age   2:     604712 bytes,    2035560 total
- age   3:     714224 bytes,    2749784 total
- age   4:     618088 bytes,    3367872 total
- age   5:     562312 bytes,    3930184 total
- age   6:     565536 bytes,    4495720 total
: 142920K->6585K(153344K), 0.0230644 secs] 389532K->253743K(2080128K)After GC:
Statistics for BinaryTreeDictionary:
------------------------------------
Total Free Space: 214856577
Max   Chunk Size: 214856577
Number of Blocks: 1
Av.  Block  Size: 214856577
Tree      Height: 1
, 0.0231642 secs] [Times: user=0.06 sys=0.00, real=0.02 secs] 
Heap after GC invocations=171 (full 2):
 par new generation   total 153344K, used 6585K [0x0000000080000000, 0x000000008a660000, 0x000000008a660000)
  eden space 136320K,   0% used [0x0000000080000000, 0x0000000080000000, 0x0000000088520000)
  from space 17024K,  38% used [0x00000000895c0000, 0x0000000089c2e7a8, 0x000000008a660000)
  to   space 17024K,   0% used [0x0000000088520000, 0x0000000088520000, 0x00000000895c0000)
 concurrent mark-sweep generation total 1926784K, used 247157K [0x000000008a660000, 0x0000000100000000, 0x0000000100000000)
 Metaspace       used 86414K, capacity 92182K, committed 92312K, reserved 1130496K
  class space    used 10440K, capacity 10834K, committed 10912K, reserved 1048576K
}
2017-08-01T01:48:12.627+0000: 10644.200: Total time for which application threads were stopped: 0.0234487 seconds, Stopping threads took: 0.0000674 seconds
2017-08-01T01:48:12.628+0000: 10644.201: Total time for which application threads were stopped: 0.0001576 seconds, Stopping threads took: 0.0000514 seconds
2017-08-01T01:48:12.630+0000: 10644.203: Total time for which application threads were stopped: 0.0000724 seconds, Stopping threads took: 0.0000210 seconds
2017-08-01T01:48:12.630+0000: 10644.203: Total time for which application threads were stopped: 0.0000673 seconds, Stopping threads took: 0.0000190 seconds
2017-08-01T01:48:12.630+0000: 10644.203: Total time for which application threads were stopped: 0.0000908 seconds, Stopping threads took: 0.0000186 seconds
2017-08-01T01:48:12.630+0000: 10644.203: Total time for which application threads were stopped: 0.0000654 seconds, Stopping threads took: 0.0000186 seconds
2017-08-01T01:48:12.630+0000: 10644.204: Total time for which application threads were stopped: 0.0000712 seconds, Stopping threads took: 0.0000205 seconds
2017-08-01T01:48:12.630+0000: 10644.204: Total time for which application threads were stopped: 0.0000696 seconds, Stopping threads took: 0.0000224 seconds
2017-08-01T01:48:12.631+0000: 10644.204: Total time for which application threads were stopped: 0.0000815 seconds, Stopping threads took: 0.0000216 seconds
2017-08-01T01:48:12.631+0000: 10644.204: Total time for which application threads were stopped: 0.0000679 seconds, Stopping threads took: 0.0000213 seconds
2017-08-01T01:48:12.631+0000: 10644.204: Total time for which application threads were stopped: 0.0000868 seconds, Stopping threads took: 0.0000210 seconds
2017-08-01T01:48:12.631+0000: 10644.204: Total time for which application threads were stopped: 0.0000679 seconds, Stopping threads took: 0.0000210 seconds
2017-08-01T01:48:12.631+0000: 10644.204: Total time for which application threads were stopped: 0.0000730 seconds, Stopping threads took: 0.0000212 seconds
2017-08-01T01:48:12.634+0000: 10644.207: Total time for which application threads were stopped: 0.0000991 seconds, Stopping threads took: 0.0000417 seconds
2017-08-01T01:48:12.634+0000: 10644.208: Total time for which application threads were stopped: 0.0000687 seconds, Stopping threads took: 0.0000216 seconds
2017-08-01T01:48:12.634+0000: 10644.208: Total time for which application threads were stopped: 0.0000670 seconds, Stopping threads took: 0.0000207 seconds
2017-08-01T01:48:12.634+0000: 10644.208: Total time for which application threads were stopped: 0.0000660 seconds, Stopping threads took: 0.0000199 seconds
2017-08-01T01:48:12.635+0000: 10644.208: Total time for which application threads were stopped: 0.0000670 seconds, Stopping threads took: 0.0000208 seconds
2017-08-01T01:48:12.635+0000: 10644.208: Total time for which application threads were stopped: 0.0000825 seconds, Stopping threads took: 0.0000189 seconds
2017-08-01T01:48:12.635+0000: 10644.208: Total time for which application threads were stopped: 0.0000648 seconds, Stopping threads took: 0.0000184 seconds
2017-08-01T01:48:12.635+0000: 10644.208: Total time for which application threads were stopped: 0.0002146 seconds, Stopping threads took: 0.0000204 seconds
2017-08-01T01:49:27.866+0000: 10719.439: Total time for which application threads were stopped: 0.0002570 seconds, Stopping threads took: 0.0000706 seconds
2017-08-01T01:49:27.866+0000: 10719.439: Total time for which application threads were stopped: 0.0000968 seconds, Stopping threads took: 0.0000214 seconds
2017-08-01T01:49:27.866+0000: 10719.439: Total time for which application threads were stopped: 0.0001071 seconds, Stopping threads took: 0.0000194 seconds
2017-08-01T01:49:27.866+0000: 10719.440: Total time for which application threads were stopped: 0.0000851 seconds, Stopping threads took: 0.0000191 seconds
2017-08-01T01:49:27.866+0000: 10719.440: Total time for which application threads were stopped: 0.0001047 seconds, Stopping threads took: 0.0000199 seconds
2017-08-01T01:49:27.867+0000: 10719.440: Total time for which application threads were stopped: 0.0000849 seconds, Stopping threads took: 0.0000185 seconds
2017-08-01T01:49:28.896+0000: 10720.469: Total time for which application threads were stopped: 0.0001755 seconds, Stopping threads took: 0.0000428 seconds
2017-08-01T01:49:28.896+0000: 10720.469: Total time for which application threads were stopped: 0.0000717 seconds, Stopping threads took: 0.0000203 seconds
2017-08-01T01:49:28.896+0000: 10720.470: Total time for which application threads were stopped: 0.0000716 seconds, Stopping threads took: 0.0000191 seconds
2017-08-01T01:49:28.896+0000: 10720.470: Total time for which application threads were stopped: 0.0000685 seconds, Stopping threads took: 0.0000187 seconds
2017-08-01T01:49:28.897+0000: 10720.470: Total time for which application threads were stopped: 0.0000755 seconds, Stopping threads took: 0.0000239 seconds
2017-08-01T01:49:28.897+0000: 10720.470: Total time for which application threads were stopped: 0.0001164 seconds, Stopping threads took: 0.0000416 seconds
{Heap before GC invocations=171 (full 2):
 par new generation   total 153344K, used 142905K [0x0000000080000000, 0x000000008a660000, 0x000000008a660000)
  eden space 136320K, 100% used [0x0000000080000000, 0x0000000088520000, 0x0000000088520000)
  from space 17024K,  38% used [0x00000000895c0000, 0x0000000089c2e7a8, 0x000000008a660000)
  to   space 17024K,   0% used [0x0000000088520000, 0x0000000088520000, 0x00000000895c0000)
 concurrent mark-sweep generation total 1926784K, used 247157K [0x000000008a660000, 0x0000000100000000, 0x0000000100000000)
 Metaspace       used 86414K, capacity 92182K, committed 92312K, reserved 1130496K
  class space    used 10440K, capacity 10834K, committed 10912K, reserved 1048576K
2017-08-01T01:49:33.275+0000: 10724.848: [GC (Allocation Failure) Before GC:
Statistics for BinaryTreeDictionary:
------------------------------------
Total Free Space: 214856577
Max   Chunk Size: 214856577
Number of Blocks: 1
Av.  Block  Size: 214856577
Tree      Height: 1
2017-08-01T01:49:33.275+0000: 10724.848: [ParNew
Desired survivor size 8716288 bytes, new threshold 6 (max 6)
- age   1:    1538264 bytes,    1538264 total
- age   2:     746488 bytes,    2284752 total
- age   3:     547456 bytes,    2832208 total
- age   4:     659160 bytes,    3491368 total
- age   5:     555872 bytes,    4047240 total
- age   6:     552536 bytes,    4599776 total
: 142905K->6563K(153344K), 0.0261964 secs] 390063K->254275K(2080128K)After GC:
Statistics for BinaryTreeDictionary:
------------------------------------
Total Free Space: 214784902
Max   Chunk Size: 214784902
Number of Blocks: 1
Av.  Block  Size: 214784902
Tree      Height: 1
, 0.0262857 secs] [Times: user=0.06 sys=0.00, real=0.02 secs] 
Heap after GC invocations=172 (full 2):
 par new generation   total 153344K, used 6563K [0x0000000080000000, 0x000000008a660000, 0x000000008a660000)
  eden space 136320K,   0% used [0x0000000080000000, 0x0000000080000000, 0x0000000088520000)
  from space 17024K,  38% used [0x0000000088520000, 0x0000000088b88d60, 0x00000000895c0000)
  to   space 17024K,   0% used [0x00000000895c0000, 0x00000000895c0000, 0x000000008a660000)
 concurrent mark-sweep generation total 1926784K, used 247712K [0x000000008a660000, 0x0000000100000000, 0x0000000100000000)
 Metaspace       used 86414K, capacity 92182K, committed 92312K, reserved 1130496K
  class space    used 10440K, capacity 10834K, committed 10912K, reserved 1048576K
}
2017-08-01T01:49:33.301+0000: 10724.875: Total time for which application threads were stopped: 0.0265326 seconds, Stopping threads took: 0.0000441 seconds
2017-08-01T01:49:33.307+0000: 10724.880: Total time for which application threads were stopped: 0.0001694 seconds, Stopping threads took: 0.0000474 seconds
2017-08-01T01:49:33.307+0000: 10724.880: Total time for which application threads were stopped: 0.0000744 seconds, Stopping threads took: 0.0000233 seconds
2017-08-01T01:49:33.307+0000: 10724.880: Total time for which application threads were stopped: 0.0001296 seconds, Stopping threads took: 0.0000592 seconds
2017-08-01T01:49:33.307+0000: 10724.880: Total time for which application threads were stopped: 0.0000734 seconds, Stopping threads took: 0.0000251 seconds
2017-08-01T01:49:33.307+0000: 10724.881: Total time for which application threads were stopped: 0.0000645 seconds, Stopping threads took: 0.0000179 seconds
2017-08-01T01:49:33.307+0000: 10724.881: Total time for which application threads were stopped: 0.0000965 seconds, Stopping threads took: 0.0000195 seconds
2017-08-01T01:49:33.307+0000: 10724.881: Total time for which application threads were stopped: 0.0000911 seconds, Stopping threads took: 0.0000258 seconds
2017-08-01T01:49:33.308+0000: 10724.881: Total time for which application threads were stopped: 0.0000872 seconds, Stopping threads took: 0.0000261 seconds
2017-08-01T01:49:33.308+0000: 10724.881: Total time for which application threads were stopped: 0.0001119 seconds, Stopping threads took: 0.0000518 seconds
2017-08-01T01:49:33.308+0000: 10724.881: Total time for which application threads were stopped: 0.0000788 seconds, Stopping threads took: 0.0000196 seconds
2017-08-01T01:49:33.308+0000: 10724.881: Total time for which application threads were stopped: 0.0000695 seconds, Stopping threads took: 0.0000198 seconds
2017-08-01T01:49:33.308+0000: 10724.881: Total time for which application threads were stopped: 0.0001160 seconds, Stopping threads took: 0.0000559 seconds
2017-08-01T01:49:33.308+0000: 10724.881: Total time for which application threads were stopped: 0.0001056 seconds, Stopping threads took: 0.0000472 seconds
2017-08-01T01:49:33.308+0000: 10724.882: Total time for which application threads were stopped: 0.0000857 seconds, Stopping threads took: 0.0000258 seconds
2017-08-01T01:49:33.309+0000: 10724.882: Total time for which application threads were stopped: 0.0001174 seconds, Stopping threads took: 0.0000457 seconds
2017-08-01T01:49:33.309+0000: 10724.882: Total time for which application threads were stopped: 0.0000967 seconds, Stopping threads took: 0.0000204 seconds
2017-08-01T01:49:33.309+0000: 10724.882: Total time for which application threads were stopped: 0.0000692 seconds, Stopping threads took: 0.0000191 seconds
2017-08-01T01:49:33.309+0000: 10724.882: Total time for which application threads were stopped: 0.0000712 seconds, Stopping threads took: 0.0000211 seconds
2017-08-01T01:49:33.309+0000: 10724.882: Total time for which application threads were stopped: 0.0001037 seconds, Stopping threads took: 0.0000270 seconds
2017-08-01T01:49:33.309+0000: 10724.883: Total time for which application threads were stopped: 0.0002950 seconds, Stopping threads took: 0.0000467 seconds
2017-08-01T01:50:06.313+0000: 10757.886: Total time for which application threads were stopped: 0.0001799 seconds, Stopping threads took: 0.0000439 seconds
{Heap before GC invocations=172 (full 2):
 par new generation   total 153344K, used 142883K [0x0000000080000000, 0x000000008a660000, 0x000000008a660000)
  eden space 136320K, 100% used [0x0000000080000000, 0x0000000088520000, 0x0000000088520000)
  from space 17024K,  38% used [0x0000000088520000, 0x0000000088b88d60, 0x00000000895c0000)
  to   space 17024K,   0% used [0x00000000895c0000, 0x00000000895c0000, 0x000000008a660000)
 concurrent mark-sweep generation total 1926784K, used 247712K [0x000000008a660000, 0x0000000100000000, 0x0000000100000000)
 Metaspace       used 86414K, capacity 92182K, committed 92312K, reserved 1130496K
  class space    used 10440K, capacity 10834K, committed 10912K, reserved 1048576K
2017-08-01T01:50:50.671+0000: 10802.244: [GC (Allocation Failure) Before GC:
Statistics for BinaryTreeDictionary:
------------------------------------
Total Free Space: 214784902
Max   Chunk Size: 214784902
Number of Blocks: 1
Av.  Block  Size: 214784902
Tree      Height: 1
2017-08-01T01:50:50.671+0000: 10802.244: [ParNew
Desired survivor size 8716288 bytes, new threshold 6 (max 6)
- age   1:    1352392 bytes,    1352392 total
- age   2:     778224 bytes,    2130616 total
- age   3:     687616 bytes,    2818232 total
- age   4:     525240 bytes,    3343472 total
- age   5:     593752 bytes,    3937224 total
- age   6:     548832 bytes,    4486056 total
: 142883K->6626K(153344K), 0.0300992 secs] 390595K->254879K(2080128K)After GC:
Statistics for BinaryTreeDictionary:
------------------------------------
Total Free Space: 214713899
Max   Chunk Size: 214713899
Number of Blocks: 1
Av.  Block  Size: 214713899
Tree      Height: 1
, 0.0301992 secs] [Times: user=0.05 sys=0.00, real=0.03 secs] 
Heap after GC invocations=173 (full 2):
 par new generation   total 153344K, used 6626K [0x0000000080000000, 0x000000008a660000, 0x000000008a660000)
  eden space 136320K,   0% used [0x0000000080000000, 0x0000000080000000, 0x0000000088520000)
  from space 17024K,  38% used [0x00000000895c0000, 0x0000000089c38a98, 0x000000008a660000)
  to   space 17024K,   0% used [0x0000000088520000, 0x0000000088520000, 0x00000000895c0000)
 concurrent mark-sweep generation total 1926784K, used 248253K [0x000000008a660000, 0x0000000100000000, 0x0000000100000000)
 Metaspace       used 86414K, capacity 92182K, committed 92312K, reserved 1130496K
  class space    used 10440K, capacity 10834K, committed 10912K, reserved 1048576K
}
2017-08-01T01:50:50.701+0000: 10802.275: Total time for which application threads were stopped: 0.0305021 seconds, Stopping threads took: 0.0000473 seconds
2017-08-01T01:50:50.702+0000: 10802.275: Total time for which application threads were stopped: 0.0001709 seconds, Stopping threads took: 0.0000403 seconds
2017-08-01T01:50:50.702+0000: 10802.275: Total time for which application threads were stopped: 0.0000903 seconds, Stopping threads took: 0.0000139 seconds
2017-08-01T01:50:50.702+0000: 10802.275: Total time for which application threads were stopped: 0.0001032 seconds, Stopping threads took: 0.0000133 seconds
2017-08-01T01:50:50.702+0000: 10802.275: Total time for which application threads were stopped: 0.0000815 seconds, Stopping threads took: 0.0000140 seconds
2017-08-01T01:50:50.702+0000: 10802.275: Total time for which application threads were stopped: 0.0000695 seconds, Stopping threads took: 0.0000202 seconds
2017-08-01T01:50:50.702+0000: 10802.275: Total time for which application threads were stopped: 0.0000732 seconds, Stopping threads took: 0.0000244 seconds
2017-08-01T01:50:50.702+0000: 10802.276: Total time for which application threads were stopped: 0.0000732 seconds, Stopping threads took: 0.0000228 seconds
2017-08-01T01:50:50.702+0000: 10802.276: Total time for which application threads were stopped: 0.0000800 seconds, Stopping threads took: 0.0000308 seconds
2017-08-01T01:50:50.703+0000: 10802.276: Total time for which application threads were stopped: 0.0001184 seconds, Stopping threads took: 0.0000562 seconds
2017-08-01T01:50:50.703+0000: 10802.276: Total time for which application threads were stopped: 0.0000726 seconds, Stopping threads took: 0.0000223 seconds
2017-08-01T01:50:50.703+0000: 10802.276: Total time for which application threads were stopped: 0.0000731 seconds, Stopping threads took: 0.0000232 seconds
2017-08-01T01:50:50.703+0000: 10802.276: Total time for which application threads were stopped: 0.0001130 seconds, Stopping threads took: 0.0000509 seconds
2017-08-01T01:50:50.703+0000: 10802.276: Total time for which application threads were stopped: 0.0000698 seconds, Stopping threads took: 0.0000201 seconds
2017-08-01T01:50:50.703+0000: 10802.276: Total time for which application threads were stopped: 0.0000928 seconds, Stopping threads took: 0.0000331 seconds
2017-08-01T01:50:50.703+0000: 10802.276: Total time for which application threads were stopped: 0.0000970 seconds, Stopping threads took: 0.0000296 seconds
2017-08-01T01:50:50.703+0000: 10802.277: Total time for which application threads were stopped: 0.0000728 seconds, Stopping threads took: 0.0000235 seconds
2017-08-01T01:50:50.703+0000: 10802.277: Total time for which application threads were stopped: 0.0001081 seconds, Stopping threads took: 0.0000316 seconds
2017-08-01T01:50:50.704+0000: 10802.277: Total time for which application threads were stopped: 0.0000897 seconds, Stopping threads took: 0.0000143 seconds
2017-08-01T01:50:50.704+0000: 10802.277: Total time for which application threads were stopped: 0.0000876 seconds, Stopping threads took: 0.0000126 seconds
2017-08-01T01:50:50.704+0000: 10802.277: Total time for which application threads were stopped: 0.0002424 seconds, Stopping threads took: 0.0000215 seconds
2017-08-01T01:50:55.705+0000: 10807.278: Total time for which application threads were stopped: 0.0001848 seconds, Stopping threads took: 0.0000434 seconds
2017-08-01T01:51:00.536+0000: 10812.109: Total time for which application threads were stopped: 0.0002515 seconds, Stopping threads took: 0.0001105 seconds
2017-08-01T01:51:00.536+0000: 10812.110: Total time for which application threads were stopped: 0.0002642 seconds, Stopping threads took: 0.0000206 seconds
2017-08-01T01:51:00.536+0000: 10812.110: Total time for which application threads were stopped: 0.0000723 seconds, Stopping threads took: 0.0000203 seconds
2017-08-01T01:51:00.536+0000: 10812.110: Total time for which application threads were stopped: 0.0000681 seconds, Stopping threads took: 0.0000187 seconds
2017-08-01T01:51:00.537+0000: 10812.110: Total time for which application threads were stopped: 0.0000738 seconds, Stopping threads took: 0.0000215 seconds
2017-08-01T01:51:00.537+0000: 10812.110: Total time for which application threads were stopped: 0.0000701 seconds, Stopping threads took: 0.0000202 seconds
2017-08-01T01:51:05.537+0000: 10817.111: Total time for which application threads were stopped: 0.0001500 seconds, Stopping threads took: 0.0000431 seconds
2017-08-01T01:51:20.406+0000: 10831.979: Total time for which application threads were stopped: 0.0002517 seconds, Stopping threads took: 0.0000583 seconds
{Heap before GC invocations=173 (full 2):
 par new generation   total 153344K, used 142946K [0x0000000080000000, 0x000000008a660000, 0x000000008a660000)
  eden space 136320K, 100% used [0x0000000080000000, 0x0000000088520000, 0x0000000088520000)
  from space 17024K,  38% used [0x00000000895c0000, 0x0000000089c38a98, 0x000000008a660000)
  to   space 17024K,   0% used [0x0000000088520000, 0x0000000088520000, 0x00000000895c0000)
 concurrent mark-sweep generation total 1926784K, used 248253K [0x000000008a660000, 0x0000000100000000, 0x0000000100000000)
 Metaspace       used 86427K, capacity 92182K, committed 92312K, reserved 1130496K
  class space    used 10440K, capacity 10834K, committed 10912K, reserved 1048576K
2017-08-01T01:52:07.222+0000: 10878.796: [GC (Allocation Failure) Before GC:
Statistics for BinaryTreeDictionary:
------------------------------------
Total Free Space: 214713899
Max   Chunk Size: 214713899
Number of Blocks: 1
Av.  Block  Size: 214713899
Tree      Height: 1
2017-08-01T01:52:07.223+0000: 10878.796: [ParNew
Desired survivor size 8716288 bytes, new threshold 6 (max 6)
- age   1:    1594480 bytes,    1594480 total
- age   2:     642608 bytes,    2237088 total
- age   3:     709120 bytes,    2946208 total
- age   4:     631384 bytes,    3577592 total
- age   5:     510536 bytes,    4088128 total
- age   6:     583608 bytes,    4671736 total
: 142946K->6626K(153344K), 0.0236531 secs] 391199K->255416K(2080128K)After GC:
Statistics for BinaryTreeDictionary:
------------------------------------
Total Free Space: 214648765
Max   Chunk Size: 214648765
Number of Blocks: 1
Av.  Block  Size: 214648765
Tree      Height: 1
, 0.0237481 secs] [Times: user=0.06 sys=0.00, real=0.03 secs] 
Heap after GC invocations=174 (full 2):
 par new generation   total 153344K, used 6626K [0x0000000080000000, 0x000000008a660000, 0x000000008a660000)
  eden space 136320K,   0% used [0x0000000080000000, 0x0000000080000000, 0x0000000088520000)
  from space 17024K,  38% used [0x0000000088520000, 0x0000000088b988a8, 0x00000000895c0000)
  to   space 17024K,   0% used [0x00000000895c0000, 0x00000000895c0000, 0x000000008a660000)
 concurrent mark-sweep generation total 1926784K, used 248790K [0x000000008a660000, 0x0000000100000000, 0x0000000100000000)
 Metaspace       used 86427K, capacity 92182K, committed 92312K, reserved 1130496K
  class space    used 10440K, capacity 10834K, committed 10912K, reserved 1048576K
}
2017-08-01T01:52:07.246+0000: 10878.820: Total time for which application threads were stopped: 0.0240048 seconds, Stopping threads took: 0.0000563 seconds
2017-08-01T01:52:07.247+0000: 10878.820: Total time for which application threads were stopped: 0.0001984 seconds, Stopping threads took: 0.0000856 seconds
2017-08-01T01:52:07.247+0000: 10878.820: Total time for which application threads were stopped: 0.0000794 seconds, Stopping threads took: 0.0000264 seconds
2017-08-01T01:52:07.247+0000: 10878.821: Total time for which application threads were stopped: 0.0001445 seconds, Stopping threads took: 0.0000592 seconds
2017-08-01T01:52:07.247+0000: 10878.821: Total time for which application threads were stopped: 0.0001202 seconds, Stopping threads took: 0.0000440 seconds
2017-08-01T01:52:07.248+0000: 10878.821: Total time for which application threads were stopped: 0.0000932 seconds, Stopping threads took: 0.0000258 seconds
2017-08-01T01:52:07.248+0000: 10878.821: Total time for which application threads were stopped: 0.0000706 seconds, Stopping threads took: 0.0000180 seconds
2017-08-01T01:52:07.248+0000: 10878.821: Total time for which application threads were stopped: 0.0001985 seconds, Stopping threads took: 0.0001084 seconds
2017-08-01T01:52:07.248+0000: 10878.821: Total time for which application threads were stopped: 0.0001037 seconds, Stopping threads took: 0.0000242 seconds
2017-08-01T01:52:07.248+0000: 10878.821: Total time for which application threads were stopped: 0.0001025 seconds, Stopping threads took: 0.0000350 seconds
2017-08-01T01:52:07.248+0000: 10878.822: Total time for which application threads were stopped: 0.0001099 seconds, Stopping threads took: 0.0000434 seconds
2017-08-01T01:52:07.248+0000: 10878.822: Total time for which application threads were stopped: 0.0001345 seconds, Stopping threads took: 0.0000569 seconds
2017-08-01T01:52:07.249+0000: 10878.822: Total time for which application threads were stopped: 0.0000840 seconds, Stopping threads took: 0.0000187 seconds
2017-08-01T01:52:07.249+0000: 10878.822: Total time for which application threads were stopped: 0.0000875 seconds, Stopping threads took: 0.0000197 seconds
2017-08-01T01:52:07.249+0000: 10878.822: Total time for which application threads were stopped: 0.0001425 seconds, Stopping threads took: 0.0000506 seconds
2017-08-01T01:52:07.249+0000: 10878.822: Total time for which application threads were stopped: 0.0001542 seconds, Stopping threads took: 0.0000759 seconds
2017-08-01T01:52:07.249+0000: 10878.822: Total time for which application threads were stopped: 0.0001255 seconds, Stopping threads took: 0.0000439 seconds
2017-08-01T01:52:07.249+0000: 10878.823: Total time for which application threads were stopped: 0.0001220 seconds, Stopping threads took: 0.0000432 seconds
2017-08-01T01:52:07.249+0000: 10878.823: Total time for which application threads were stopped: 0.0001208 seconds, Stopping threads took: 0.0000427 seconds
2017-08-01T01:52:07.250+0000: 10878.823: Total time for which application threads were stopped: 0.0001114 seconds, Stopping threads took: 0.0000329 seconds
2017-08-01T01:52:07.250+0000: 10878.823: Total time for which application threads were stopped: 0.0003029 seconds, Stopping threads took: 0.0000268 seconds
2017-08-01T01:52:18.251+0000: 10889.824: Total time for which application threads were stopped: 0.0001557 seconds, Stopping threads took: 0.0000441 seconds
2017-08-01T01:52:18.677+0000: 10890.250: Total time for which application threads were stopped: 0.0003065 seconds, Stopping threads took: 0.0000424 seconds
2017-08-01T01:52:18.677+0000: 10890.250: Total time for which application threads were stopped: 0.0001294 seconds, Stopping threads took: 0.0000444 seconds
2017-08-01T01:52:18.677+0000: 10890.250: Total time for which application threads were stopped: 0.0001307 seconds, Stopping threads took: 0.0000417 seconds
2017-08-01T01:52:18.677+0000: 10890.250: Total time for which application threads were stopped: 0.0000855 seconds, Stopping threads took: 0.0000192 seconds
2017-08-01T01:52:18.677+0000: 10890.250: Total time for which application threads were stopped: 0.0000996 seconds, Stopping threads took: 0.0000290 seconds
2017-08-01T01:52:18.677+0000: 10890.251: Total time for which application threads were stopped: 0.0000900 seconds, Stopping threads took: 0.0000209 seconds
{Heap before GC invocations=174 (full 2):
 par new generation   total 153344K, used 142946K [0x0000000080000000, 0x000000008a660000, 0x000000008a660000)
  eden space 136320K, 100% used [0x0000000080000000, 0x0000000088520000, 0x0000000088520000)
  from space 17024K,  38% used [0x0000000088520000, 0x0000000088b988a8, 0x00000000895c0000)
  to   space 17024K,   0% used [0x00000000895c0000, 0x00000000895c0000, 0x000000008a660000)
 concurrent mark-sweep generation total 1926784K, used 248790K [0x000000008a660000, 0x0000000100000000, 0x0000000100000000)
 Metaspace       used 86427K, capacity 92182K, committed 92312K, reserved 1130496K
  class space    used 10440K, capacity 10834K, committed 10912K, reserved 1048576K
2017-08-01T01:53:27.282+0000: 10958.855: [GC (Allocation Failure) Before GC:
Statistics for BinaryTreeDictionary:
------------------------------------
Total Free Space: 214648765
Max   Chunk Size: 214648765
Number of Blocks: 1
Av.  Block  Size: 214648765
Tree      Height: 1
2017-08-01T01:53:27.282+0000: 10958.855: [ParNew
Desired survivor size 8716288 bytes, new threshold 6 (max 6)
- age   1:    1528992 bytes,    1528992 total
- age   2:     755368 bytes,    2284360 total
- age   3:     591008 bytes,    2875368 total
- age   4:     656048 bytes,    3531416 total
- age   5:     572200 bytes,    4103616 total
- age   6:     502712 bytes,    4606328 total
: 142946K->6768K(153344K), 0.0235405 secs] 391736K->256130K(2080128K)After GC:
Statistics for BinaryTreeDictionary:
------------------------------------
Total Free Space: 214577756
Max   Chunk Size: 214577756
Number of Blocks: 1
Av.  Block  Size: 214577756
Tree      Height: 1
, 0.0236404 secs] [Times: user=0.06 sys=0.00, real=0.03 secs] 
Heap after GC invocations=175 (full 2):
 par new generation   total 153344K, used 6768K [0x0000000080000000, 0x000000008a660000, 0x000000008a660000)
  eden space 136320K,   0% used [0x0000000080000000, 0x0000000080000000, 0x0000000088520000)
  from space 17024K,  39% used [0x00000000895c0000, 0x0000000089c5c1b0, 0x000000008a660000)
  to   space 17024K,   0% used [0x0000000088520000, 0x0000000088520000, 0x00000000895c0000)
 concurrent mark-sweep generation total 1926784K, used 249362K [0x000000008a660000, 0x0000000100000000, 0x0000000100000000)
 Metaspace       used 86427K, capacity 92182K, committed 92312K, reserved 1130496K
  class space    used 10440K, capacity 10834K, committed 10912K, reserved 1048576K
}
2017-08-01T01:53:27.305+0000: 10958.879: Total time for which application threads were stopped: 0.0254784 seconds, Stopping threads took: 0.0016224 seconds
2017-08-01T01:53:27.306+0000: 10958.879: Total time for which application threads were stopped: 0.0001599 seconds, Stopping threads took: 0.0000585 seconds
2017-08-01T01:53:27.306+0000: 10958.879: Total time for which application threads were stopped: 0.0000738 seconds, Stopping threads took: 0.0000230 seconds
2017-08-01T01:53:27.306+0000: 10958.879: Total time for which application threads were stopped: 0.0000715 seconds, Stopping threads took: 0.0000209 seconds
2017-08-01T01:53:27.306+0000: 10958.879: Total time for which application threads were stopped: 0.0001053 seconds, Stopping threads took: 0.0000437 seconds
2017-08-01T01:53:27.306+0000: 10958.879: Total time for which application threads were stopped: 0.0000664 seconds, Stopping threads took: 0.0000185 seconds
2017-08-01T01:53:27.306+0000: 10958.879: Total time for which application threads were stopped: 0.0000677 seconds, Stopping threads took: 0.0000194 seconds
2017-08-01T01:53:27.306+0000: 10958.879: Total time for which application threads were stopped: 0.0000840 seconds, Stopping threads took: 0.0000186 seconds
2017-08-01T01:53:27.306+0000: 10958.880: Total time for which application threads were stopped: 0.0000885 seconds, Stopping threads took: 0.0000254 seconds
2017-08-01T01:53:27.306+0000: 10958.880: Total time for which application threads were stopped: 0.0000702 seconds, Stopping threads took: 0.0000189 seconds
2017-08-01T01:53:27.307+0000: 10958.880: Total time for which application threads were stopped: 0.0001130 seconds, Stopping threads took: 0.0000489 seconds
2017-08-01T01:53:27.307+0000: 10958.880: Total time for which application threads were stopped: 0.0001107 seconds, Stopping threads took: 0.0000490 seconds
2017-08-01T01:53:27.307+0000: 10958.880: Total time for which application threads were stopped: 0.0000697 seconds, Stopping threads took: 0.0000208 seconds
2017-08-01T01:53:27.307+0000: 10958.880: Total time for which application threads were stopped: 0.0000725 seconds, Stopping threads took: 0.0000235 seconds
2017-08-01T01:53:27.307+0000: 10958.880: Total time for which application threads were stopped: 0.0000680 seconds, Stopping threads took: 0.0000218 seconds
2017-08-01T01:53:27.307+0000: 10958.880: Total time for which application threads were stopped: 0.0000657 seconds, Stopping threads took: 0.0000194 seconds
2017-08-01T01:53:27.307+0000: 10958.881: Total time for which application threads were stopped: 0.0000831 seconds, Stopping threads took: 0.0000201 seconds
2017-08-01T01:53:27.307+0000: 10958.881: Total time for which application threads were stopped: 0.0000653 seconds, Stopping threads took: 0.0000193 seconds
2017-08-01T01:53:27.307+0000: 10958.881: Total time for which application threads were stopped: 0.0000866 seconds, Stopping threads took: 0.0000184 seconds
2017-08-01T01:53:27.308+0000: 10958.881: Total time for which application threads were stopped: 0.0001000 seconds, Stopping threads took: 0.0000307 seconds
2017-08-01T01:53:27.308+0000: 10958.881: Total time for which application threads were stopped: 0.0001966 seconds, Stopping threads took: 0.0000217 seconds
{Heap before GC invocations=175 (full 2):
 par new generation   total 153344K, used 143088K [0x0000000080000000, 0x000000008a660000, 0x000000008a660000)
  eden space 136320K, 100% used [0x0000000080000000, 0x0000000088520000, 0x0000000088520000)
  from space 17024K,  39% used [0x00000000895c0000, 0x0000000089c5c1b0, 0x000000008a660000)
  to   space 17024K,   0% used [0x0000000088520000, 0x0000000088520000, 0x00000000895c0000)
 concurrent mark-sweep generation total 1926784K, used 249362K [0x000000008a660000, 0x0000000100000000, 0x0000000100000000)
 Metaspace       used 86428K, capacity 92182K, committed 92312K, reserved 1130496K
  class space    used 10440K, capacity 10834K, committed 10912K, reserved 1048576K
2017-08-01T01:54:50.661+0000: 11042.235: [GC (Allocation Failure) Before GC:
Statistics for BinaryTreeDictionary:
------------------------------------
Total Free Space: 214577756
Max   Chunk Size: 214577756
Number of Blocks: 1
Av.  Block  Size: 214577756
Tree      Height: 1
2017-08-01T01:54:50.661+0000: 11042.235: [ParNew
Desired survivor size 8716288 bytes, new threshold 6 (max 6)
- age   1:    1320840 bytes,    1320840 total
- age   2:     680176 bytes,    2001016 total
- age   3:     639472 bytes,    2640488 total
- age   4:     573408 bytes,    3213896 total
- age   5:     595136 bytes,    3809032 total
- age   6:     562480 bytes,    4371512 total
: 143088K->6731K(153344K), 0.0289507 secs] 392450K->256589K(2080128K)After GC:
Statistics for BinaryTreeDictionary:
------------------------------------
Total Free Space: 214511451
Max   Chunk Size: 214511451
Number of Blocks: 1
Av.  Block  Size: 214511451
Tree      Height: 1
, 0.0290406 secs] [Times: user=0.06 sys=0.00, real=0.03 secs] 
Heap after GC invocations=176 (full 2):
 par new generation   total 153344K, used 6731K [0x0000000080000000, 0x000000008a660000, 0x000000008a660000)
  eden space 136320K,   0% used [0x0000000080000000, 0x0000000080000000, 0x0000000088520000)
  from space 17024K,  39% used [0x0000000088520000, 0x0000000088bb2ef0, 0x00000000895c0000)
  to   space 17024K,   0% used [0x00000000895c0000, 0x00000000895c0000, 0x000000008a660000)
 concurrent mark-sweep generation total 1926784K, used 249857K [0x000000008a660000, 0x0000000100000000, 0x0000000100000000)
 Metaspace       used 86428K, capacity 92182K, committed 92312K, reserved 1130496K
  class space    used 10440K, capacity 10834K, committed 10912K, reserved 1048576K
}
2017-08-01T01:54:50.690+0000: 11042.264: Total time for which application threads were stopped: 0.0293423 seconds, Stopping threads took: 0.0000439 seconds
2017-08-01T01:54:50.701+0000: 11042.274: Total time for which application threads were stopped: 0.0001834 seconds, Stopping threads took: 0.0000387 seconds
2017-08-01T01:54:50.722+0000: 11042.295: Total time for which application threads were stopped: 0.0044094 seconds, Stopping threads took: 0.0043242 seconds
2017-08-01T01:54:50.722+0000: 11042.295: Total time for which application threads were stopped: 0.0000807 seconds, Stopping threads took: 0.0000209 seconds
2017-08-01T01:54:50.722+0000: 11042.295: Total time for which application threads were stopped: 0.0000680 seconds, Stopping threads took: 0.0000195 seconds
2017-08-01T01:54:50.722+0000: 11042.295: Total time for which application threads were stopped: 0.0000657 seconds, Stopping threads took: 0.0000189 seconds
2017-08-01T01:54:50.722+0000: 11042.295: Total time for which application threads were stopped: 0.0001112 seconds, Stopping threads took: 0.0000543 seconds
2017-08-01T01:54:50.722+0000: 11042.296: Total time for which application threads were stopped: 0.0000647 seconds, Stopping threads took: 0.0000182 seconds
2017-08-01T01:54:50.722+0000: 11042.296: Total time for which application threads were stopped: 0.0000692 seconds, Stopping threads took: 0.0000210 seconds
2017-08-01T01:54:50.723+0000: 11042.296: Total time for which application threads were stopped: 0.0000919 seconds, Stopping threads took: 0.0000322 seconds
2017-08-01T01:54:50.723+0000: 11042.296: Total time for which application threads were stopped: 0.0000906 seconds, Stopping threads took: 0.0000432 seconds
2017-08-01T01:54:50.723+0000: 11042.296: Total time for which application threads were stopped: 0.0001100 seconds, Stopping threads took: 0.0000414 seconds
2017-08-01T01:54:50.723+0000: 11042.296: Total time for which application threads were stopped: 0.0000981 seconds, Stopping threads took: 0.0000414 seconds
2017-08-01T01:54:50.723+0000: 11042.296: Total time for which application threads were stopped: 0.0000643 seconds, Stopping threads took: 0.0000184 seconds
2017-08-01T01:54:50.723+0000: 11042.296: Total time for which application threads were stopped: 0.0000959 seconds, Stopping threads took: 0.0000406 seconds
2017-08-01T01:54:50.723+0000: 11042.297: Total time for which application threads were stopped: 0.0001212 seconds, Stopping threads took: 0.0000646 seconds
2017-08-01T01:54:50.723+0000: 11042.297: Total time for which application threads were stopped: 0.0000646 seconds, Stopping threads took: 0.0000186 seconds
2017-08-01T01:54:50.723+0000: 11042.297: Total time for which application threads were stopped: 0.0000665 seconds, Stopping threads took: 0.0000200 seconds
2017-08-01T01:54:50.724+0000: 11042.297: Total time for which application threads were stopped: 0.0000840 seconds, Stopping threads took: 0.0000204 seconds
2017-08-01T01:54:50.724+0000: 11042.297: Total time for which application threads were stopped: 0.0000657 seconds, Stopping threads took: 0.0000195 seconds
2017-08-01T01:54:50.724+0000: 11042.297: Total time for which application threads were stopped: 0.0002600 seconds, Stopping threads took: 0.0000198 seconds
2017-08-01T01:54:59.086+0000: 11050.659: Total time for which application threads were stopped: 0.0001590 seconds, Stopping threads took: 0.0000429 seconds
2017-08-01T01:54:59.086+0000: 11050.660: Total time for which application threads were stopped: 0.0000799 seconds, Stopping threads took: 0.0000263 seconds
2017-08-01T01:54:59.086+0000: 11050.660: Total time for which application threads were stopped: 0.0000752 seconds, Stopping threads took: 0.0000227 seconds
2017-08-01T01:54:59.087+0000: 11050.660: Total time for which application threads were stopped: 0.0000816 seconds, Stopping threads took: 0.0000185 seconds
2017-08-01T01:54:59.087+0000: 11050.660: Total time for which application threads were stopped: 0.0000711 seconds, Stopping threads took: 0.0000187 seconds
2017-08-01T01:54:59.087+0000: 11050.660: Total time for which application threads were stopped: 0.0001130 seconds, Stopping threads took: 0.0000514 seconds
{Heap before GC invocations=176 (full 2):
 par new generation   total 153344K, used 143050K [0x0000000080000000, 0x000000008a660000, 0x000000008a660000)
  eden space 136320K,  99% used [0x0000000080000000, 0x000000008851fb28, 0x0000000088520000)
  from space 17024K,  39% used [0x0000000088520000, 0x0000000088bb2ef0, 0x00000000895c0000)
  to   space 17024K,   0% used [0x00000000895c0000, 0x00000000895c0000, 0x000000008a660000)
 concurrent mark-sweep generation total 1926784K, used 249857K [0x000000008a660000, 0x0000000100000000, 0x0000000100000000)
 Metaspace       used 86428K, capacity 92182K, committed 92312K, reserved 1130496K
  class space    used 10440K, capacity 10834K, committed 10912K, reserved 1048576K
2017-08-01T01:56:08.878+0000: 11120.452: [GC (Allocation Failure) Before GC:
Statistics for BinaryTreeDictionary:
------------------------------------
Total Free Space: 214511451
Max   Chunk Size: 214511451
Number of Blocks: 1
Av.  Block  Size: 214511451
Tree      Height: 1
2017-08-01T01:56:08.878+0000: 11120.452: [ParNew
Desired survivor size 8716288 bytes, new threshold 6 (max 6)
- age   1:    1285840 bytes,    1285840 total
- age   2:     607448 bytes,    1893288 total
- age   3:     583904 bytes,    2477192 total
- age   4:     548544 bytes,    3025736 total
- age   5:     563992 bytes,    3589728 total
- age   6:     588264 bytes,    4177992 total
: 143050K->6462K(153344K), 0.0221874 secs] 392908K->256872K(2080128K)After GC:
Statistics for BinaryTreeDictionary:
------------------------------------
Total Free Space: 214441095
Max   Chunk Size: 214441095
Number of Blocks: 1
Av.  Block  Size: 214441095
Tree      Height: 1
, 0.0222811 secs] [Times: user=0.05 sys=0.00, real=0.02 secs] 
Heap after GC invocations=177 (full 2):
 par new generation   total 153344K, used 6462K [0x0000000080000000, 0x000000008a660000, 0x000000008a660000)
  eden space 136320K,   0% used [0x0000000080000000, 0x0000000080000000, 0x0000000088520000)
  from space 17024K,  37% used [0x00000000895c0000, 0x0000000089c0f938, 0x000000008a660000)
  to   space 17024K,   0% used [0x0000000088520000, 0x0000000088520000, 0x00000000895c0000)
 concurrent mark-sweep generation total 1926784K, used 250410K [0x000000008a660000, 0x0000000100000000, 0x0000000100000000)
 Metaspace       used 86428K, capacity 92182K, committed 92312K, reserved 1130496K
  class space    used 10440K, capacity 10834K, committed 10912K, reserved 1048576K
}
2017-08-01T01:56:08.901+0000: 11120.474: Total time for which application threads were stopped: 0.0225379 seconds, Stopping threads took: 0.0000361 seconds
2017-08-01T01:56:08.904+0000: 11120.477: Total time for which application threads were stopped: 0.0001573 seconds, Stopping threads took: 0.0000308 seconds
2017-08-01T01:56:08.904+0000: 11120.477: Total time for which application threads were stopped: 0.0000973 seconds, Stopping threads took: 0.0000210 seconds
2017-08-01T01:56:08.904+0000: 11120.478: Total time for which application threads were stopped: 0.0001363 seconds, Stopping threads took: 0.0000634 seconds
2017-08-01T01:56:08.904+0000: 11120.478: Total time for which application threads were stopped: 0.0000710 seconds, Stopping threads took: 0.0000191 seconds
2017-08-01T01:56:08.905+0000: 11120.478: Total time for which application threads were stopped: 0.0001038 seconds, Stopping threads took: 0.0000420 seconds
2017-08-01T01:56:08.906+0000: 11120.479: Total time for which application threads were stopped: 0.0010258 seconds, Stopping threads took: 0.0009629 seconds
2017-08-01T01:56:08.906+0000: 11120.479: Total time for which application threads were stopped: 0.0000712 seconds, Stopping threads took: 0.0000201 seconds
2017-08-01T01:56:08.906+0000: 11120.479: Total time for which application threads were stopped: 0.0000988 seconds, Stopping threads took: 0.0000349 seconds
2017-08-01T01:56:08.906+0000: 11120.479: Total time for which application threads were stopped: 0.0000881 seconds, Stopping threads took: 0.0000193 seconds
2017-08-01T01:56:08.906+0000: 11120.479: Total time for which application threads were stopped: 0.0001140 seconds, Stopping threads took: 0.0000501 seconds
2017-08-01T01:56:08.906+0000: 11120.479: Total time for which application threads were stopped: 0.0000709 seconds, Stopping threads took: 0.0000182 seconds
2017-08-01T01:56:08.906+0000: 11120.480: Total time for which application threads were stopped: 0.0000705 seconds, Stopping threads took: 0.0000188 seconds
2017-08-01T01:56:08.906+0000: 11120.480: Total time for which application threads were stopped: 0.0001076 seconds, Stopping threads took: 0.0000449 seconds
2017-08-01T01:56:08.906+0000: 11120.480: Total time for which application threads were stopped: 0.0000706 seconds, Stopping threads took: 0.0000189 seconds
2017-08-01T01:56:08.907+0000: 11120.480: Total time for which application threads were stopped: 0.0001294 seconds, Stopping threads took: 0.0000676 seconds
2017-08-01T01:56:08.907+0000: 11120.480: Total time for which application threads were stopped: 0.0001129 seconds, Stopping threads took: 0.0000517 seconds
2017-08-01T01:56:08.907+0000: 11120.480: Total time for which application threads were stopped: 0.0000852 seconds, Stopping threads took: 0.0000193 seconds
2017-08-01T01:56:08.907+0000: 11120.480: Total time for which application threads were stopped: 0.0001097 seconds, Stopping threads took: 0.0000461 seconds
2017-08-01T01:56:08.907+0000: 11120.480: Total time for which application threads were stopped: 0.0000704 seconds, Stopping threads took: 0.0000172 seconds
2017-08-01T01:56:08.907+0000: 11120.481: Total time for which application threads were stopped: 0.0002710 seconds, Stopping threads took: 0.0000187 seconds
2017-08-01T01:57:23.920+0000: 11195.494: Total time for which application threads were stopped: 0.0001511 seconds, Stopping threads took: 0.0000446 seconds
2017-08-01T01:57:26.921+0000: 11198.494: Total time for which application threads were stopped: 0.0001962 seconds, Stopping threads took: 0.0000448 seconds
2017-08-01T01:57:27.921+0000: 11199.494: Total time for which application threads were stopped: 0.0001534 seconds, Stopping threads took: 0.0000464 seconds
{Heap before GC invocations=177 (full 2):
 par new generation   total 153344K, used 142782K [0x0000000080000000, 0x000000008a660000, 0x000000008a660000)
  eden space 136320K, 100% used [0x0000000080000000, 0x0000000088520000, 0x0000000088520000)
  from space 17024K,  37% used [0x00000000895c0000, 0x0000000089c0f938, 0x000000008a660000)
  to   space 17024K,   0% used [0x0000000088520000, 0x0000000088520000, 0x00000000895c0000)
 concurrent mark-sweep generation total 1926784K, used 250410K [0x000000008a660000, 0x0000000100000000, 0x0000000100000000)
 Metaspace       used 86428K, capacity 92182K, committed 92312K, reserved 1130496K
  class space    used 10440K, capacity 10834K, committed 10912K, reserved 1048576K
2017-08-01T01:57:32.136+0000: 11203.710: [GC (Allocation Failure) Before GC:
Statistics for BinaryTreeDictionary:
------------------------------------
Total Free Space: 214441095
Max   Chunk Size: 214441095
Number of Blocks: 1
Av.  Block  Size: 214441095
Tree      Height: 1
2017-08-01T01:57:32.137+0000: 11203.710: [ParNew
Desired survivor size 8716288 bytes, new threshold 6 (max 6)
- age   1:    1374584 bytes,    1374584 total
- age   2:     551752 bytes,    1926336 total
- age   3:     539120 bytes,    2465456 total
- age   4:     502888 bytes,    2968344 total
- age   5:     517888 bytes,    3486232 total
- age   6:     555216 bytes,    4041448 total
: 142782K->6140K(153344K), 0.0229767 secs] 393192K->257129K(2080128K)After GC:
Statistics for BinaryTreeDictionary:
------------------------------------
Total Free Space: 214366819
Max   Chunk Size: 214366819
Number of Blocks: 1
Av.  Block  Size: 214366819
Tree      Height: 1
, 0.0230852 secs] [Times: user=0.05 sys=0.00, real=0.02 secs] 
Heap after GC invocations=178 (full 2):
 par new generation   total 153344K, used 6140K [0x0000000080000000, 0x000000008a660000, 0x000000008a660000)
  eden space 136320K,   0% used [0x0000000080000000, 0x0000000080000000, 0x0000000088520000)
  from space 17024K,  36% used [0x0000000088520000, 0x0000000088b1f228, 0x00000000895c0000)
  to   space 17024K,   0% used [0x00000000895c0000, 0x00000000895c0000, 0x000000008a660000)
 concurrent mark-sweep generation total 1926784K, used 250989K [0x000000008a660000, 0x0000000100000000, 0x0000000100000000)
 Metaspace       used 86428K, capacity 92182K, committed 92312K, reserved 1130496K
  class space    used 10440K, capacity 10834K, committed 10912K, reserved 1048576K
}
2017-08-01T01:57:32.160+0000: 11203.733: Total time for which application threads were stopped: 0.0233502 seconds, Stopping threads took: 0.0000667 seconds
2017-08-01T01:57:32.160+0000: 11203.733: Total time for which application threads were stopped: 0.0001862 seconds, Stopping threads took: 0.0000747 seconds
2017-08-01T01:57:32.160+0000: 11203.734: Total time for which application threads were stopped: 0.0001013 seconds, Stopping threads took: 0.0000402 seconds
2017-08-01T01:57:32.166+0000: 11203.740: Total time for which application threads were stopped: 0.0001034 seconds, Stopping threads took: 0.0000381 seconds
2017-08-01T01:57:32.166+0000: 11203.740: Total time for which application threads were stopped: 0.0001016 seconds, Stopping threads took: 0.0000427 seconds
2017-08-01T01:57:32.167+0000: 11203.740: Total time for which application threads were stopped: 0.0000757 seconds, Stopping threads took: 0.0000282 seconds
2017-08-01T01:57:32.167+0000: 11203.740: Total time for which application threads were stopped: 0.0000686 seconds, Stopping threads took: 0.0000213 seconds
2017-08-01T01:57:32.167+0000: 11203.740: Total time for which application threads were stopped: 0.0001010 seconds, Stopping threads took: 0.0000207 seconds
2017-08-01T01:57:32.167+0000: 11203.740: Total time for which application threads were stopped: 0.0000935 seconds, Stopping threads took: 0.0000331 seconds
2017-08-01T01:57:32.167+0000: 11203.740: Total time for which application threads were stopped: 0.0000878 seconds, Stopping threads took: 0.0000299 seconds
2017-08-01T01:57:32.167+0000: 11203.740: Total time for which application threads were stopped: 0.0000665 seconds, Stopping threads took: 0.0000200 seconds
2017-08-01T01:57:32.167+0000: 11203.741: Total time for which application threads were stopped: 0.0000969 seconds, Stopping threads took: 0.0000196 seconds
2017-08-01T01:57:32.167+0000: 11203.741: Total time for which application threads were stopped: 0.0000649 seconds, Stopping threads took: 0.0000184 seconds
2017-08-01T01:57:32.167+0000: 11203.741: Total time for which application threads were stopped: 0.0000684 seconds, Stopping threads took: 0.0000210 seconds
2017-08-01T01:57:32.168+0000: 11203.741: Total time for which application threads were stopped: 0.0000643 seconds, Stopping threads took: 0.0000182 seconds
2017-08-01T01:57:32.168+0000: 11203.741: Total time for which application threads were stopped: 0.0000846 seconds, Stopping threads took: 0.0000297 seconds
2017-08-01T01:57:32.168+0000: 11203.741: Total time for which application threads were stopped: 0.0000679 seconds, Stopping threads took: 0.0000207 seconds
2017-08-01T01:57:32.168+0000: 11203.741: Total time for which application threads were stopped: 0.0000863 seconds, Stopping threads took: 0.0000393 seconds
2017-08-01T01:57:32.168+0000: 11203.741: Total time for which application threads were stopped: 0.0000645 seconds, Stopping threads took: 0.0000185 seconds
2017-08-01T01:57:32.168+0000: 11203.741: Total time for which application threads were stopped: 0.0000937 seconds, Stopping threads took: 0.0000176 seconds
2017-08-01T01:57:32.168+0000: 11203.742: Total time for which application threads were stopped: 0.0002217 seconds, Stopping threads took: 0.0000183 seconds
{Heap before GC invocations=178 (full 2):
 par new generation   total 153344K, used 142460K [0x0000000080000000, 0x000000008a660000, 0x000000008a660000)
  eden space 136320K, 100% used [0x0000000080000000, 0x0000000088520000, 0x0000000088520000)
  from space 17024K,  36% used [0x0000000088520000, 0x0000000088b1f228, 0x00000000895c0000)
  to   space 17024K,   0% used [0x00000000895c0000, 0x00000000895c0000, 0x000000008a660000)
 concurrent mark-sweep generation total 1926784K, used 250989K [0x000000008a660000, 0x0000000100000000, 0x0000000100000000)
 Metaspace       used 86428K, capacity 92182K, committed 92312K, reserved 1130496K
  class space    used 10440K, capacity 10834K, committed 10912K, reserved 1048576K
2017-08-01T01:58:50.663+0000: 11282.236: [GC (Allocation Failure) Before GC:
Statistics for BinaryTreeDictionary:
------------------------------------
Total Free Space: 214366819
Max   Chunk Size: 214366819
Number of Blocks: 1
Av.  Block  Size: 214366819
Tree      Height: 1
2017-08-01T01:58:50.663+0000: 11282.236: [ParNew
Desired survivor size 8716288 bytes, new threshold 6 (max 6)
- age   1:    1380232 bytes,    1380232 total
- age   2:     588544 bytes,    1968776 total
- age   3:     488536 bytes,    2457312 total
- age   4:     481320 bytes,    2938632 total
- age   5:     475648 bytes,    3414280 total
- age   6:     502896 bytes,    3917176 total
: 142460K->6014K(153344K), 0.0350717 secs] 393449K->257548K(2080128K)After GC:
Statistics for BinaryTreeDictionary:
------------------------------------
Total Free Space: 214295553
Max   Chunk Size: 214295553
Number of Blocks: 1
Av.  Block  Size: 214295553
Tree      Height: 1
, 0.0351638 secs] [Times: user=0.05 sys=0.00, real=0.03 secs] 
Heap after GC invocations=179 (full 2):
 par new generation   total 153344K, used 6014K [0x0000000080000000, 0x000000008a660000, 0x000000008a660000)
  eden space 136320K,   0% used [0x0000000080000000, 0x0000000080000000, 0x0000000088520000)
  from space 17024K,  35% used [0x00000000895c0000, 0x0000000089b9fb10, 0x000000008a660000)
  to   space 17024K,   0% used [0x0000000088520000, 0x0000000088520000, 0x00000000895c0000)
 concurrent mark-sweep generation total 1926784K, used 251533K [0x000000008a660000, 0x0000000100000000, 0x0000000100000000)
 Metaspace       used 86428K, capacity 92182K, committed 92312K, reserved 1130496K
  class space    used 10440K, capacity 10834K, committed 10912K, reserved 1048576K
}
2017-08-01T01:58:50.698+0000: 11282.271: Total time for which application threads were stopped: 0.0354611 seconds, Stopping threads took: 0.0000378 seconds
2017-08-01T01:58:50.708+0000: 11282.282: Total time for which application threads were stopped: 0.0001594 seconds, Stopping threads took: 0.0000283 seconds
2017-08-01T01:58:50.709+0000: 11282.282: Total time for which application threads were stopped: 0.0000872 seconds, Stopping threads took: 0.0000139 seconds
2017-08-01T01:58:50.709+0000: 11282.282: Total time for which application threads were stopped: 0.0000853 seconds, Stopping threads took: 0.0000130 seconds
2017-08-01T01:58:50.709+0000: 11282.282: Total time for which application threads were stopped: 0.0000847 seconds, Stopping threads took: 0.0000135 seconds
2017-08-01T01:58:50.709+0000: 11282.282: Total time for which application threads were stopped: 0.0000980 seconds, Stopping threads took: 0.0000127 seconds
2017-08-01T01:58:50.709+0000: 11282.282: Total time for which application threads were stopped: 0.0000858 seconds, Stopping threads took: 0.0000134 seconds
2017-08-01T01:58:50.709+0000: 11282.282: Total time for which application threads were stopped: 0.0000852 seconds, Stopping threads took: 0.0000137 seconds
2017-08-01T01:58:50.709+0000: 11282.282: Total time for which application threads were stopped: 0.0000850 seconds, Stopping threads took: 0.0000132 seconds
2017-08-01T01:58:50.709+0000: 11282.283: Total time for which application threads were stopped: 0.0000850 seconds, Stopping threads took: 0.0000134 seconds
2017-08-01T01:58:50.709+0000: 11282.283: Total time for which application threads were stopped: 0.0000833 seconds, Stopping threads took: 0.0000129 seconds
2017-08-01T01:58:50.710+0000: 11282.283: Total time for which application threads were stopped: 0.0000847 seconds, Stopping threads took: 0.0000133 seconds
2017-08-01T01:58:50.710+0000: 11282.283: Total time for which application threads were stopped: 0.0000841 seconds, Stopping threads took: 0.0000127 seconds
2017-08-01T01:58:50.710+0000: 11282.283: Total time for which application threads were stopped: 0.0000838 seconds, Stopping threads took: 0.0000130 seconds
2017-08-01T01:58:50.710+0000: 11282.283: Total time for which application threads were stopped: 0.0000979 seconds, Stopping threads took: 0.0000129 seconds
2017-08-01T01:58:50.710+0000: 11282.283: Total time for which application threads were stopped: 0.0000846 seconds, Stopping threads took: 0.0000133 seconds
2017-08-01T01:58:50.710+0000: 11282.283: Total time for which application threads were stopped: 0.0000833 seconds, Stopping threads took: 0.0000127 seconds
2017-08-01T01:58:50.710+0000: 11282.283: Total time for which application threads were stopped: 0.0000843 seconds, Stopping threads took: 0.0000129 seconds
2017-08-01T01:58:50.710+0000: 11282.284: Total time for which application threads were stopped: 0.0000831 seconds, Stopping threads took: 0.0000128 seconds
2017-08-01T01:58:50.710+0000: 11282.284: Total time for which application threads were stopped: 0.0000830 seconds, Stopping threads took: 0.0000123 seconds
2017-08-01T01:58:50.711+0000: 11282.284: Total time for which application threads were stopped: 0.0003114 seconds, Stopping threads took: 0.0000131 seconds
2017-08-01T01:59:27.714+0000: 11319.288: Total time for which application threads were stopped: 0.0001736 seconds, Stopping threads took: 0.0000691 seconds
2017-08-01T02:00:06.719+0000: 11358.292: Total time for which application threads were stopped: 0.0001924 seconds, Stopping threads took: 0.0000681 seconds
{Heap before GC invocations=179 (full 2):
 par new generation   total 153344K, used 142334K [0x0000000080000000, 0x000000008a660000, 0x000000008a660000)
  eden space 136320K, 100% used [0x0000000080000000, 0x0000000088520000, 0x0000000088520000)
  from space 17024K,  35% used [0x00000000895c0000, 0x0000000089b9fb10, 0x000000008a660000)
  to   space 17024K,   0% used [0x0000000088520000, 0x0000000088520000, 0x00000000895c0000)
 concurrent mark-sweep generation total 1926784K, used 251533K [0x000000008a660000, 0x0000000100000000, 0x0000000100000000)
 Metaspace       used 86432K, capacity 92182K, committed 92312K, reserved 1130496K
  class space    used 10440K, capacity 10834K, committed 10912K, reserved 1048576K
2017-08-01T02:00:06.811+0000: 11358.384: [GC (Allocation Failure) Before GC:
Statistics for BinaryTreeDictionary:
------------------------------------
Total Free Space: 214295553
Max   Chunk Size: 214295553
Number of Blocks: 1
Av.  Block  Size: 214295553
Tree      Height: 1
2017-08-01T02:00:06.811+0000: 11358.384: [ParNew
Desired survivor size 8716288 bytes, new threshold 6 (max 6)
- age   1:    1362448 bytes,    1362448 total
- age   2:     656800 bytes,    2019248 total
- age   3:     528112 bytes,    2547360 total
- age   4:     434744 bytes,    2982104 total
- age   5:     410768 bytes,    3392872 total
- age   6:     462328 bytes,    3855200 total
: 142334K->5785K(153344K), 0.0219282 secs] 393868K->257811K(2080128K)After GC:
Statistics for BinaryTreeDictionary:
------------------------------------
Total Free Space: 214234075
Max   Chunk Size: 214234075
Number of Blocks: 1
Av.  Block  Size: 214234075
Tree      Height: 1
, 0.0220311 secs] [Times: user=0.06 sys=0.00, real=0.03 secs] 
Heap after GC invocations=180 (full 2):
 par new generation   total 153344K, used 5785K [0x0000000080000000, 0x000000008a660000, 0x000000008a660000)
  eden space 136320K,   0% used [0x0000000080000000, 0x0000000080000000, 0x0000000088520000)
  from space 17024K,  33% used [0x0000000088520000, 0x0000000088ac64f8, 0x00000000895c0000)
  to   space 17024K,   0% used [0x00000000895c0000, 0x00000000895c0000, 0x000000008a660000)
 concurrent mark-sweep generation total 1926784K, used 252026K [0x000000008a660000, 0x0000000100000000, 0x0000000100000000)
 Metaspace       used 86432K, capacity 92182K, committed 92312K, reserved 1130496K
  class space    used 10440K, capacity 10834K, committed 10912K, reserved 1048576K
}
2017-08-01T02:00:06.833+0000: 11358.406: Total time for which application threads were stopped: 0.0223154 seconds, Stopping threads took: 0.0000740 seconds
2017-08-01T02:00:06.834+0000: 11358.407: Total time for which application threads were stopped: 0.0001356 seconds, Stopping threads took: 0.0000324 seconds
2017-08-01T02:00:06.834+0000: 11358.407: Total time for which application threads were stopped: 0.0000723 seconds, Stopping threads took: 0.0000195 seconds
2017-08-01T02:00:06.834+0000: 11358.407: Total time for which application threads were stopped: 0.0000702 seconds, Stopping threads took: 0.0000194 seconds
2017-08-01T02:00:06.834+0000: 11358.407: Total time for which application threads were stopped: 0.0000901 seconds, Stopping threads took: 0.0000219 seconds
2017-08-01T02:00:06.834+0000: 11358.407: Total time for which application threads were stopped: 0.0000703 seconds, Stopping threads took: 0.0000190 seconds
2017-08-01T02:00:06.834+0000: 11358.407: Total time for which application threads were stopped: 0.0000699 seconds, Stopping threads took: 0.0000189 seconds
2017-08-01T02:00:06.834+0000: 11358.407: Total time for which application threads were stopped: 0.0000827 seconds, Stopping threads took: 0.0000315 seconds
2017-08-01T02:00:06.834+0000: 11358.408: Total time for which application threads were stopped: 0.0000735 seconds, Stopping threads took: 0.0000229 seconds
2017-08-01T02:00:06.834+0000: 11358.408: Total time for which application threads were stopped: 0.0000990 seconds, Stopping threads took: 0.0000317 seconds
2017-08-01T02:00:06.835+0000: 11358.408: Total time for which application threads were stopped: 0.0000939 seconds, Stopping threads took: 0.0000344 seconds
2017-08-01T02:00:06.835+0000: 11358.408: Total time for which application threads were stopped: 0.0000693 seconds, Stopping threads took: 0.0000191 seconds
2017-08-01T02:00:06.835+0000: 11358.408: Total time for which application threads were stopped: 0.0000698 seconds, Stopping threads took: 0.0000193 seconds
2017-08-01T02:00:06.835+0000: 11358.408: Total time for which application threads were stopped: 0.0000799 seconds, Stopping threads took: 0.0000190 seconds
2017-08-01T02:00:06.835+0000: 11358.408: Total time for which application threads were stopped: 0.0000899 seconds, Stopping threads took: 0.0000215 seconds
2017-08-01T02:00:06.835+0000: 11358.408: Total time for which application threads were stopped: 0.0000722 seconds, Stopping threads took: 0.0000216 seconds
2017-08-01T02:00:06.835+0000: 11358.408: Total time for which application threads were stopped: 0.0000742 seconds, Stopping threads took: 0.0000220 seconds
2017-08-01T02:00:06.835+0000: 11358.409: Total time for which application threads were stopped: 0.0000929 seconds, Stopping threads took: 0.0000212 seconds
2017-08-01T02:00:06.835+0000: 11358.409: Total time for which application threads were stopped: 0.0001052 seconds, Stopping threads took: 0.0000444 seconds
2017-08-01T02:00:06.835+0000: 11358.409: Total time for which application threads were stopped: 0.0000694 seconds, Stopping threads took: 0.0000173 seconds
2017-08-01T02:00:06.836+0000: 11358.409: Total time for which application threads were stopped: 0.0002462 seconds, Stopping threads took: 0.0000190 seconds
2017-08-01T02:00:27.844+0000: 11379.417: Total time for which application threads were stopped: 0.0001565 seconds, Stopping threads took: 0.0000472 seconds
2017-08-01T02:01:21.856+0000: 11433.429: Total time for which application threads were stopped: 0.0002635 seconds, Stopping threads took: 0.0000916 seconds
2017-08-01T02:01:26.467+0000: 11438.040: Total time for which application threads were stopped: 0.0004291 seconds, Stopping threads took: 0.0000724 seconds
2017-08-01T02:01:26.467+0000: 11438.040: Total time for which application threads were stopped: 0.0001380 seconds, Stopping threads took: 0.0000548 seconds
2017-08-01T02:01:26.467+0000: 11438.040: Total time for which application threads were stopped: 0.0002073 seconds, Stopping threads took: 0.0000216 seconds
2017-08-01T02:01:26.467+0000: 11438.041: Total time for which application threads were stopped: 0.0001796 seconds, Stopping threads took: 0.0000187 seconds
2017-08-01T02:01:26.468+0000: 11438.041: Total time for which application threads were stopped: 0.0001819 seconds, Stopping threads took: 0.0000221 seconds
2017-08-01T02:01:26.468+0000: 11438.041: Total time for which application threads were stopped: 0.0002187 seconds, Stopping threads took: 0.0000367 seconds
2017-08-01T02:01:27.468+0000: 11439.041: Total time for which application threads were stopped: 0.0001542 seconds, Stopping threads took: 0.0000459 seconds
2017-08-01T02:01:27.506+0000: 11439.079: Total time for which application threads were stopped: 0.0002005 seconds, Stopping threads took: 0.0000711 seconds
2017-08-01T02:01:27.506+0000: 11439.079: Total time for which application threads were stopped: 0.0000752 seconds, Stopping threads took: 0.0000211 seconds
2017-08-01T02:01:27.506+0000: 11439.079: Total time for which application threads were stopped: 0.0000870 seconds, Stopping threads took: 0.0000182 seconds
2017-08-01T02:01:27.506+0000: 11439.079: Total time for which application threads were stopped: 0.0000897 seconds, Stopping threads took: 0.0000194 seconds
2017-08-01T02:01:27.506+0000: 11439.080: Total time for which application threads were stopped: 0.0000704 seconds, Stopping threads took: 0.0000207 seconds
{Heap before GC invocations=180 (full 2):
 par new generation   total 153344K, used 142105K [0x0000000080000000, 0x000000008a660000, 0x000000008a660000)
  eden space 136320K, 100% used [0x0000000080000000, 0x0000000088520000, 0x0000000088520000)
  from space 17024K,  33% used [0x0000000088520000, 0x0000000088ac64f8, 0x00000000895c0000)
  to   space 17024K,   0% used [0x00000000895c0000, 0x00000000895c0000, 0x000000008a660000)
 concurrent mark-sweep generation total 1926784K, used 252026K [0x000000008a660000, 0x0000000100000000, 0x0000000100000000)
 Metaspace       used 86458K, capacity 92246K, committed 92568K, reserved 1130496K
  class space    used 10440K, capacity 10834K, committed 10912K, reserved 1048576K
2017-08-01T02:01:29.721+0000: 11441.294: [GC (Allocation Failure) Before GC:
Statistics for BinaryTreeDictionary:
------------------------------------
Total Free Space: 214234075
Max   Chunk Size: 214234075
Number of Blocks: 1
Av.  Block  Size: 214234075
Tree      Height: 1
2017-08-01T02:01:29.721+0000: 11441.294: [ParNew
Desired survivor size 8716288 bytes, new threshold 6 (max 6)
- age   1:    1343744 bytes,    1343744 total
- age   2:     644976 bytes,    1988720 total
- age   3:     587312 bytes,    2576032 total
- age   4:     483072 bytes,    3059104 total
- age   5:     381664 bytes,    3440768 total
- age   6:     399616 bytes,    3840384 total
: 142105K->5615K(153344K), 0.0212652 secs] 394131K->258094K(2080128K)After GC:
Statistics for BinaryTreeDictionary:
------------------------------------
Total Free Space: 214173530
Max   Chunk Size: 214173530
Number of Blocks: 1
Av.  Block  Size: 214173530
Tree      Height: 1
, 0.0213574 secs] [Times: user=0.05 sys=0.00, real=0.02 secs] 
Heap after GC invocations=181 (full 2):
 par new generation   total 153344K, used 5615K [0x0000000080000000, 0x000000008a660000, 0x000000008a660000)
  eden space 136320K,   0% used [0x0000000080000000, 0x0000000080000000, 0x0000000088520000)
  from space 17024K,  32% used [0x00000000895c0000, 0x0000000089b3be90, 0x000000008a660000)
  to   space 17024K,   0% used [0x0000000088520000, 0x0000000088520000, 0x00000000895c0000)
 concurrent mark-sweep generation total 1926784K, used 252479K [0x000000008a660000, 0x0000000100000000, 0x0000000100000000)
 Metaspace       used 86458K, capacity 92246K, committed 92568K, reserved 1130496K
  class space    used 10440K, capacity 10834K, committed 10912K, reserved 1048576K
}
2017-08-01T02:01:29.742+0000: 11441.316: Total time for which application threads were stopped: 0.0216106 seconds, Stopping threads took: 0.0000470 seconds
2017-08-01T02:01:29.743+0000: 11441.316: Total time for which application threads were stopped: 0.0001864 seconds, Stopping threads took: 0.0000632 seconds
2017-08-01T02:01:29.743+0000: 11441.316: Total time for which application threads were stopped: 0.0001510 seconds, Stopping threads took: 0.0000689 seconds
2017-08-01T02:01:29.750+0000: 11441.323: Total time for which application threads were stopped: 0.0001570 seconds, Stopping threads took: 0.0000912 seconds
2017-08-01T02:01:29.750+0000: 11441.323: Total time for which application threads were stopped: 0.0001079 seconds, Stopping threads took: 0.0000417 seconds
2017-08-01T02:01:29.750+0000: 11441.323: Total time for which application threads were stopped: 0.0001040 seconds, Stopping threads took: 0.0000415 seconds
2017-08-01T02:01:29.750+0000: 11441.323: Total time for which application threads were stopped: 0.0001034 seconds, Stopping threads took: 0.0000450 seconds
2017-08-01T02:01:29.750+0000: 11441.323: Total time for which application threads were stopped: 0.0001094 seconds, Stopping threads took: 0.0000444 seconds
2017-08-01T02:01:29.750+0000: 11441.324: Total time for which application threads were stopped: 0.0000658 seconds, Stopping threads took: 0.0000192 seconds
2017-08-01T02:01:29.750+0000: 11441.324: Total time for which application threads were stopped: 0.0001202 seconds, Stopping threads took: 0.0000208 seconds
2017-08-01T02:01:29.751+0000: 11441.324: Total time for which application threads were stopped: 0.0000862 seconds, Stopping threads took: 0.0000347 seconds
2017-08-01T02:01:29.751+0000: 11441.324: Total time for which application threads were stopped: 0.0000659 seconds, Stopping threads took: 0.0000187 seconds
2017-08-01T02:01:29.751+0000: 11441.325: Total time for which application threads were stopped: 0.0000916 seconds, Stopping threads took: 0.0000395 seconds
2017-08-01T02:01:29.751+0000: 11441.325: Total time for which application threads were stopped: 0.0001255 seconds, Stopping threads took: 0.0000687 seconds
2017-08-01T02:01:29.752+0000: 11441.325: Total time for which application threads were stopped: 0.0000889 seconds, Stopping threads took: 0.0000403 seconds
2017-08-01T02:01:29.752+0000: 11441.325: Total time for which application threads were stopped: 0.0000662 seconds, Stopping threads took: 0.0000195 seconds
2017-08-01T02:01:29.752+0000: 11441.325: Total time for which application threads were stopped: 0.0000927 seconds, Stopping threads took: 0.0000341 seconds
2017-08-01T02:01:29.752+0000: 11441.325: Total time for which application threads were stopped: 0.0000884 seconds, Stopping threads took: 0.0000263 seconds
2017-08-01T02:01:29.752+0000: 11441.325: Total time for which application threads were stopped: 0.0000935 seconds, Stopping threads took: 0.0000418 seconds
2017-08-01T02:01:29.752+0000: 11441.326: Total time for which application threads were stopped: 0.0001085 seconds, Stopping threads took: 0.0000439 seconds
2017-08-01T02:01:29.753+0000: 11441.326: Total time for which application threads were stopped: 0.0003033 seconds, Stopping threads took: 0.0000132 seconds
2017-08-01T02:02:01.757+0000: 11473.330: Total time for which application threads were stopped: 0.0001731 seconds, Stopping threads took: 0.0000464 seconds
2017-08-01T02:02:23.763+0000: 11495.337: Total time for which application threads were stopped: 0.0001975 seconds, Stopping threads took: 0.0000828 seconds
{Heap before GC invocations=181 (full 2):
 par new generation   total 153344K, used 141935K [0x0000000080000000, 0x000000008a660000, 0x000000008a660000)
  eden space 136320K, 100% used [0x0000000080000000, 0x0000000088520000, 0x0000000088520000)
  from space 17024K,  32% used [0x00000000895c0000, 0x0000000089b3be90, 0x000000008a660000)
  to   space 17024K,   0% used [0x0000000088520000, 0x0000000088520000, 0x00000000895c0000)
 concurrent mark-sweep generation total 1926784K, used 252479K [0x000000008a660000, 0x0000000100000000, 0x0000000100000000)
 Metaspace       used 86465K, capacity 92246K, committed 92568K, reserved 1130496K
  class space    used 10440K, capacity 10834K, committed 10912K, reserved 1048576K
2017-08-01T02:02:50.678+0000: 11522.251: [GC (Allocation Failure) Before GC:
Statistics for BinaryTreeDictionary:
------------------------------------
Total Free Space: 214173530
Max   Chunk Size: 214173530
Number of Blocks: 1
Av.  Block  Size: 214173530
Tree      Height: 1
2017-08-01T02:02:50.678+0000: 11522.251: [ParNew
Desired survivor size 8716288 bytes, new threshold 6 (max 6)
- age   1:    1314488 bytes,    1314488 total
- age   2:     611120 bytes,    1925608 total
- age   3:     583112 bytes,    2508720 total
- age   4:     531632 bytes,    3040352 total
- age   5:     467192 bytes,    3507544 total
- age   6:     372768 bytes,    3880312 total
: 141935K->5663K(153344K), 0.0245893 secs] 394414K->258536K(2080128K)After GC:
Statistics for BinaryTreeDictionary:
------------------------------------
Total Free Space: 214125192
Max   Chunk Size: 214125192
Number of Blocks: 1
Av.  Block  Size: 214125192
Tree      Height: 1
, 0.0246884 secs] [Times: user=0.05 sys=0.00, real=0.02 secs] 
Heap after GC invocations=182 (full 2):
 par new generation   total 153344K, used 5663K [0x0000000080000000, 0x000000008a660000, 0x000000008a660000)
  eden space 136320K,   0% used [0x0000000080000000, 0x0000000080000000, 0x0000000088520000)
  from space 17024K,  33% used [0x0000000088520000, 0x0000000088aa7f68, 0x00000000895c0000)
  to   space 17024K,   0% used [0x00000000895c0000, 0x00000000895c0000, 0x000000008a660000)
 concurrent mark-sweep generation total 1926784K, used 252872K [0x000000008a660000, 0x0000000100000000, 0x0000000100000000)
 Metaspace       used 86465K, capacity 92246K, committed 92568K, reserved 1130496K
  class space    used 10440K, capacity 10834K, committed 10912K, reserved 1048576K
}
2017-08-01T02:02:50.702+0000: 11522.276: Total time for which application threads were stopped: 0.0360327 seconds, Stopping threads took: 0.0110947 seconds
2017-08-01T02:02:50.719+0000: 11522.292: Total time for which application threads were stopped: 0.0078770 seconds, Stopping threads took: 0.0077259 seconds
2017-08-01T02:02:50.726+0000: 11522.299: Total time for which application threads were stopped: 0.0000984 seconds, Stopping threads took: 0.0000283 seconds
2017-08-01T02:02:50.726+0000: 11522.299: Total time for which application threads were stopped: 0.0001001 seconds, Stopping threads took: 0.0000208 seconds
2017-08-01T02:02:50.726+0000: 11522.299: Total time for which application threads were stopped: 0.0000716 seconds, Stopping threads took: 0.0000199 seconds
2017-08-01T02:02:50.726+0000: 11522.299: Total time for which application threads were stopped: 0.0000710 seconds, Stopping threads took: 0.0000191 seconds
2017-08-01T02:02:50.726+0000: 11522.299: Total time for which application threads were stopped: 0.0001169 seconds, Stopping threads took: 0.0000542 seconds
2017-08-01T02:02:50.726+0000: 11522.299: Total time for which application threads were stopped: 0.0000709 seconds, Stopping threads took: 0.0000199 seconds
2017-08-01T02:02:50.726+0000: 11522.300: Total time for which application threads were stopped: 0.0001100 seconds, Stopping threads took: 0.0000489 seconds
2017-08-01T02:02:50.726+0000: 11522.300: Total time for which application threads were stopped: 0.0000940 seconds, Stopping threads took: 0.0000190 seconds
2017-08-01T02:02:50.726+0000: 11522.300: Total time for which application threads were stopped: 0.0000703 seconds, Stopping threads took: 0.0000201 seconds
2017-08-01T02:02:50.727+0000: 11522.300: Total time for which application threads were stopped: 0.0000691 seconds, Stopping threads took: 0.0000187 seconds
2017-08-01T02:02:50.727+0000: 11522.300: Total time for which application threads were stopped: 0.0001115 seconds, Stopping threads took: 0.0000503 seconds
2017-08-01T02:02:50.727+0000: 11522.300: Total time for which application threads were stopped: 0.0000680 seconds, Stopping threads took: 0.0000182 seconds
2017-08-01T02:02:50.727+0000: 11522.300: Total time for which application threads were stopped: 0.0000720 seconds, Stopping threads took: 0.0000213 seconds
2017-08-01T02:02:50.727+0000: 11522.300: Total time for which application threads were stopped: 0.0000928 seconds, Stopping threads took: 0.0000210 seconds
2017-08-01T02:02:50.727+0000: 11522.300: Total time for which application threads were stopped: 0.0000681 seconds, Stopping threads took: 0.0000182 seconds
2017-08-01T02:02:50.727+0000: 11522.300: Total time for which application threads were stopped: 0.0000705 seconds, Stopping threads took: 0.0000202 seconds
2017-08-01T02:02:50.727+0000: 11522.301: Total time for which application threads were stopped: 0.0000863 seconds, Stopping threads took: 0.0000220 seconds
2017-08-01T02:02:50.727+0000: 11522.301: Total time for which application threads were stopped: 0.0000753 seconds, Stopping threads took: 0.0000198 seconds
2017-08-01T02:02:50.728+0000: 11522.301: Total time for which application threads were stopped: 0.0002870 seconds, Stopping threads took: 0.0000215 seconds
2017-08-01T02:02:57.729+0000: 11529.302: Total time for which application threads were stopped: 0.0001856 seconds, Stopping threads took: 0.0000630 seconds
2017-08-01T02:03:08.731+0000: 11540.304: Total time for which application threads were stopped: 0.0002442 seconds, Stopping threads took: 0.0000694 seconds
2017-08-01T02:03:27.733+0000: 11559.306: Total time for which application threads were stopped: 0.0001604 seconds, Stopping threads took: 0.0000414 seconds
2017-08-01T02:03:51.736+0000: 11583.309: Total time for which application threads were stopped: 0.0002159 seconds, Stopping threads took: 0.0000847 seconds
2017-08-01T02:03:57.737+0000: 11589.310: Total time for which application threads were stopped: 0.0001652 seconds, Stopping threads took: 0.0000403 seconds
{Heap before GC invocations=182 (full 2):
 par new generation   total 153344K, used 141983K [0x0000000080000000, 0x000000008a660000, 0x000000008a660000)
  eden space 136320K, 100% used [0x0000000080000000, 0x0000000088520000, 0x0000000088520000)
  from space 17024K,  33% used [0x0000000088520000, 0x0000000088aa7f68, 0x00000000895c0000)
  to   space 17024K,   0% used [0x00000000895c0000, 0x00000000895c0000, 0x000000008a660000)
 concurrent mark-sweep generation total 1926784K, used 252872K [0x000000008a660000, 0x0000000100000000, 0x0000000100000000)
 Metaspace       used 86486K, capacity 92246K, committed 92568K, reserved 1130496K
  class space    used 10441K, capacity 10834K, committed 10912K, reserved 1048576K
2017-08-01T02:04:09.287+0000: 11600.860: [GC (Allocation Failure) Before GC:
Statistics for BinaryTreeDictionary:
------------------------------------
Total Free Space: 214125192
Max   Chunk Size: 214125192
Number of Blocks: 1
Av.  Block  Size: 214125192
Tree      Height: 1
2017-08-01T02:04:09.287+0000: 11600.860: [ParNew
Desired survivor size 8716288 bytes, new threshold 6 (max 6)
- age   1:    1393256 bytes,    1393256 total
- age   2:     616056 bytes,    2009312 total
- age   3:     537520 bytes,    2546832 total
- age   4:     528848 bytes,    3075680 total
- age   5:     469816 bytes,    3545496 total
- age   6:     456712 bytes,    4002208 total
: 141983K->5656K(153344K), 0.0210013 secs] 394856K->258895K(2080128K)After GC:
Statistics for BinaryTreeDictionary:
------------------------------------
Total Free Space: 214080110
Max   Chunk Size: 214080110
Number of Blocks: 1
Av.  Block  Size: 214080110
Tree      Height: 1
, 0.0211028 secs] [Times: user=0.05 sys=0.00, real=0.02 secs] 
Heap after GC invocations=183 (full 2):
 par new generation   total 153344K, used 5656K [0x0000000080000000, 0x000000008a660000, 0x000000008a660000)
  eden space 136320K,   0% used [0x0000000080000000, 0x0000000080000000, 0x0000000088520000)
  from space 17024K,  33% used [0x00000000895c0000, 0x0000000089b463a8, 0x000000008a660000)
  to   space 17024K,   0% used [0x0000000088520000, 0x0000000088520000, 0x00000000895c0000)
 concurrent mark-sweep generation total 1926784K, used 253239K [0x000000008a660000, 0x0000000100000000, 0x0000000100000000)
 Metaspace       used 86486K, capacity 92246K, committed 92568K, reserved 1130496K
  class space    used 10441K, capacity 10834K, committed 10912K, reserved 1048576K
}
2017-08-01T02:04:09.308+0000: 11600.881: Total time for which application threads were stopped: 0.0215004 seconds, Stopping threads took: 0.0000681 seconds
2017-08-01T02:04:09.308+0000: 11600.881: Total time for which application threads were stopped: 0.0001230 seconds, Stopping threads took: 0.0000299 seconds
2017-08-01T02:04:09.308+0000: 11600.882: Total time for which application threads were stopped: 0.0000663 seconds, Stopping threads took: 0.0000183 seconds
2017-08-01T02:04:09.308+0000: 11600.882: Total time for which application threads were stopped: 0.0000637 seconds, Stopping threads took: 0.0000171 seconds
2017-08-01T02:04:09.308+0000: 11600.882: Total time for which application threads were stopped: 0.0000908 seconds, Stopping threads took: 0.0000195 seconds
2017-08-01T02:04:09.309+0000: 11600.882: Total time for which application threads were stopped: 0.0000659 seconds, Stopping threads took: 0.0000189 seconds
2017-08-01T02:04:09.309+0000: 11600.882: Total time for which application threads were stopped: 0.0000639 seconds, Stopping threads took: 0.0000178 seconds
2017-08-01T02:04:09.309+0000: 11600.882: Total time for which application threads were stopped: 0.0000870 seconds, Stopping threads took: 0.0000285 seconds
2017-08-01T02:04:09.309+0000: 11600.882: Total time for which application threads were stopped: 0.0000760 seconds, Stopping threads took: 0.0000188 seconds
2017-08-01T02:04:09.309+0000: 11600.882: Total time for which application threads were stopped: 0.0000646 seconds, Stopping threads took: 0.0000190 seconds
2017-08-01T02:04:09.309+0000: 11600.882: Total time for which application threads were stopped: 0.0000660 seconds, Stopping threads took: 0.0000176 seconds
2017-08-01T02:04:09.309+0000: 11600.882: Total time for which application threads were stopped: 0.0000653 seconds, Stopping threads took: 0.0000196 seconds
2017-08-01T02:04:09.309+0000: 11600.883: Total time for which application threads were stopped: 0.0000947 seconds, Stopping threads took: 0.0000205 seconds
2017-08-01T02:04:09.309+0000: 11600.883: Total time for which application threads were stopped: 0.0000672 seconds, Stopping threads took: 0.0000203 seconds
2017-08-01T02:04:09.309+0000: 11600.883: Total time for which application threads were stopped: 0.0000657 seconds, Stopping threads took: 0.0000186 seconds
2017-08-01T02:04:09.310+0000: 11600.883: Total time for which application threads were stopped: 0.0000884 seconds, Stopping threads took: 0.0000321 seconds
2017-08-01T02:04:09.310+0000: 11600.883: Total time for which application threads were stopped: 0.0000645 seconds, Stopping threads took: 0.0000184 seconds
2017-08-01T02:04:09.310+0000: 11600.883: Total time for which application threads were stopped: 0.0000636 seconds, Stopping threads took: 0.0000178 seconds
2017-08-01T02:04:09.310+0000: 11600.883: Total time for which application threads were stopped: 0.0000921 seconds, Stopping threads took: 0.0000177 seconds
2017-08-01T02:04:09.310+0000: 11600.883: Total time for which application threads were stopped: 0.0000634 seconds, Stopping threads took: 0.0000180 seconds
2017-08-01T02:04:09.310+0000: 11600.884: Total time for which application threads were stopped: 0.0001977 seconds, Stopping threads took: 0.0000228 seconds
2017-08-01T02:04:59.556+0000: 11651.130: Total time for which application threads were stopped: 0.0002263 seconds, Stopping threads took: 0.0000721 seconds
2017-08-01T02:04:59.556+0000: 11651.130: Total time for which application threads were stopped: 0.0001028 seconds, Stopping threads took: 0.0000270 seconds
2017-08-01T02:04:59.557+0000: 11651.130: Total time for which application threads were stopped: 0.0001269 seconds, Stopping threads took: 0.0000210 seconds
2017-08-01T02:04:59.557+0000: 11651.130: Total time for which application threads were stopped: 0.0000981 seconds, Stopping threads took: 0.0000193 seconds
2017-08-01T02:04:59.557+0000: 11651.130: Total time for which application threads were stopped: 0.0000866 seconds, Stopping threads took: 0.0000194 seconds
2017-08-01T02:04:59.557+0000: 11651.130: Total time for which application threads were stopped: 0.0001058 seconds, Stopping threads took: 0.0000179 seconds
2017-08-01T02:05:00.577+0000: 11652.150: Total time for which application threads were stopped: 0.0001782 seconds, Stopping threads took: 0.0000408 seconds
2017-08-01T02:05:00.577+0000: 11652.150: Total time for which application threads were stopped: 0.0000861 seconds, Stopping threads took: 0.0000199 seconds
2017-08-01T02:05:00.577+0000: 11652.150: Total time for which application threads were stopped: 0.0000731 seconds, Stopping threads took: 0.0000204 seconds
2017-08-01T02:05:00.577+0000: 11652.150: Total time for which application threads were stopped: 0.0000926 seconds, Stopping threads took: 0.0000180 seconds
2017-08-01T02:05:00.577+0000: 11652.150: Total time for which application threads were stopped: 0.0000718 seconds, Stopping threads took: 0.0000194 seconds
2017-08-01T02:05:00.577+0000: 11652.151: Total time for which application threads were stopped: 0.0000896 seconds, Stopping threads took: 0.0000177 seconds
{Heap before GC invocations=183 (full 2):
 par new generation   total 153344K, used 141976K [0x0000000080000000, 0x000000008a660000, 0x000000008a660000)
  eden space 136320K, 100% used [0x0000000080000000, 0x0000000088520000, 0x0000000088520000)
  from space 17024K,  33% used [0x00000000895c0000, 0x0000000089b463a8, 0x000000008a660000)
  to   space 17024K,   0% used [0x0000000088520000, 0x0000000088520000, 0x00000000895c0000)
 concurrent mark-sweep generation total 1926784K, used 253239K [0x000000008a660000, 0x0000000100000000, 0x0000000100000000)
 Metaspace       used 86491K, capacity 92246K, committed 92568K, reserved 1130496K
  class space    used 10441K, capacity 10834K, committed 10912K, reserved 1048576K
2017-08-01T02:05:31.720+0000: 11683.294: [GC (Allocation Failure) Before GC:
Statistics for BinaryTreeDictionary:
------------------------------------
Total Free Space: 214080110
Max   Chunk Size: 214080110
Number of Blocks: 1
Av.  Block  Size: 214080110
Tree      Height: 1
2017-08-01T02:05:31.720+0000: 11683.294: [ParNew
Desired survivor size 8716288 bytes, new threshold 6 (max 6)
- age   1:    1425544 bytes,    1425544 total
- age   2:     703928 bytes,    2129472 total
- age   3:     557928 bytes,    2687400 total
- age   4:     508072 bytes,    3195472 total
- age   5:     467000 bytes,    3662472 total
- age   6:     459256 bytes,    4121728 total
: 141976K->5744K(153344K), 0.0227328 secs] 395215K->259431K(2080128K)After GC:
Statistics for BinaryTreeDictionary:
------------------------------------
Total Free Space: 214023301
Max   Chunk Size: 214023301
Number of Blocks: 1
Av.  Block  Size: 214023301
Tree      Height: 1
, 0.0228310 secs] [Times: user=0.06 sys=0.00, real=0.03 secs] 
Heap after GC invocations=184 (full 2):
 par new generation   total 153344K, used 5744K [0x0000000080000000, 0x000000008a660000, 0x000000008a660000)
  eden space 136320K,   0% used [0x0000000080000000, 0x0000000080000000, 0x0000000088520000)
  from space 17024K,  33% used [0x0000000088520000, 0x0000000088abc2c0, 0x00000000895c0000)
  to   space 17024K,   0% used [0x00000000895c0000, 0x00000000895c0000, 0x000000008a660000)
 concurrent mark-sweep generation total 1926784K, used 253687K [0x000000008a660000, 0x0000000100000000, 0x0000000100000000)
 Metaspace       used 86491K, capacity 92246K, committed 92568K, reserved 1130496K
  class space    used 10441K, capacity 10834K, committed 10912K, reserved 1048576K
}
2017-08-01T02:05:31.743+0000: 11683.317: Total time for which application threads were stopped: 0.0230939 seconds, Stopping threads took: 0.0000459 seconds
2017-08-01T02:05:31.744+0000: 11683.317: Total time for which application threads were stopped: 0.0001702 seconds, Stopping threads took: 0.0000666 seconds
2017-08-01T02:05:31.744+0000: 11683.318: Total time for which application threads were stopped: 0.0001499 seconds, Stopping threads took: 0.0000876 seconds
2017-08-01T02:05:31.744+0000: 11683.318: Total time for which application threads were stopped: 0.0000699 seconds, Stopping threads took: 0.0000208 seconds
2017-08-01T02:05:31.745+0000: 11683.318: Total time for which application threads were stopped: 0.0001263 seconds, Stopping threads took: 0.0000616 seconds
2017-08-01T02:05:31.745+0000: 11683.318: Total time for which application threads were stopped: 0.0001329 seconds, Stopping threads took: 0.0000469 seconds
2017-08-01T02:05:31.746+0000: 11683.319: Total time for which application threads were stopped: 0.0009552 seconds, Stopping threads took: 0.0008789 seconds
2017-08-01T02:05:31.746+0000: 11683.319: Total time for which application threads were stopped: 0.0001072 seconds, Stopping threads took: 0.0000450 seconds
2017-08-01T02:05:31.753+0000: 11683.326: Total time for which application threads were stopped: 0.0001202 seconds, Stopping threads took: 0.0000553 seconds
2017-08-01T02:05:31.753+0000: 11683.326: Total time for which application threads were stopped: 0.0001023 seconds, Stopping threads took: 0.0000443 seconds
2017-08-01T02:05:31.753+0000: 11683.326: Total time for which application threads were stopped: 0.0001451 seconds, Stopping threads took: 0.0000851 seconds
2017-08-01T02:05:31.753+0000: 11683.327: Total time for which application threads were stopped: 0.0001105 seconds, Stopping threads took: 0.0000426 seconds
2017-08-01T02:05:31.754+0000: 11683.327: Total time for which application threads were stopped: 0.0001382 seconds, Stopping threads took: 0.0000753 seconds
2017-08-01T02:05:31.754+0000: 11683.327: Total time for which application threads were stopped: 0.0000881 seconds, Stopping threads took: 0.0000226 seconds
2017-08-01T02:05:31.754+0000: 11683.327: Total time for which application threads were stopped: 0.0000634 seconds, Stopping threads took: 0.0000176 seconds
2017-08-01T02:05:31.754+0000: 11683.327: Total time for which application threads were stopped: 0.0000736 seconds, Stopping threads took: 0.0000182 seconds
2017-08-01T02:05:31.754+0000: 11683.327: Total time for which application threads were stopped: 0.0000915 seconds, Stopping threads took: 0.0000202 seconds
2017-08-01T02:05:31.754+0000: 11683.327: Total time for which application threads were stopped: 0.0000996 seconds, Stopping threads took: 0.0000359 seconds
2017-08-01T02:05:31.754+0000: 11683.328: Total time for which application threads were stopped: 0.0001117 seconds, Stopping threads took: 0.0000506 seconds
2017-08-01T02:05:31.754+0000: 11683.328: Total time for which application threads were stopped: 0.0001099 seconds, Stopping threads took: 0.0000433 seconds
2017-08-01T02:05:31.755+0000: 11683.328: Total time for which application threads were stopped: 0.0002818 seconds, Stopping threads took: 0.0000622 seconds
2017-08-01T02:05:59.765+0000: 11711.338: Total time for which application threads were stopped: 0.0001734 seconds, Stopping threads took: 0.0000726 seconds
2017-08-01T02:06:22.626+0000: 11734.199: Total time for which application threads were stopped: 0.0001923 seconds, Stopping threads took: 0.0000566 seconds
2017-08-01T02:06:22.626+0000: 11734.199: Total time for which application threads were stopped: 0.0000718 seconds, Stopping threads took: 0.0000201 seconds
2017-08-01T02:06:22.626+0000: 11734.200: Total time for which application threads were stopped: 0.0000992 seconds, Stopping threads took: 0.0000216 seconds
2017-08-01T02:06:22.626+0000: 11734.200: Total time for which application threads were stopped: 0.0000698 seconds, Stopping threads took: 0.0000195 seconds
2017-08-01T02:06:22.627+0000: 11734.200: Total time for which application threads were stopped: 0.0000895 seconds, Stopping threads took: 0.0000196 seconds
2017-08-01T02:06:22.627+0000: 11734.200: Total time for which application threads were stopped: 0.0000901 seconds, Stopping threads took: 0.0000192 seconds
{Heap before GC invocations=184 (full 2):
 par new generation   total 153344K, used 142064K [0x0000000080000000, 0x000000008a660000, 0x000000008a660000)
  eden space 136320K, 100% used [0x0000000080000000, 0x0000000088520000, 0x0000000088520000)
  from space 17024K,  33% used [0x0000000088520000, 0x0000000088abc2c0, 0x00000000895c0000)
  to   space 17024K,   0% used [0x00000000895c0000, 0x00000000895c0000, 0x000000008a660000)
 concurrent mark-sweep generation total 1926784K, used 253687K [0x000000008a660000, 0x0000000100000000, 0x0000000100000000)
 Metaspace       used 86491K, capacity 92246K, committed 92568K, reserved 1130496K
  class space    used 10441K, capacity 10834K, committed 10912K, reserved 1048576K
2017-08-01T02:06:50.664+0000: 11762.237: [GC (Allocation Failure) Before GC:
Statistics for BinaryTreeDictionary:
------------------------------------
Total Free Space: 214023301
Max   Chunk Size: 214023301
Number of Blocks: 1
Av.  Block  Size: 214023301
Tree      Height: 1
2017-08-01T02:06:50.664+0000: 11762.237: [ParNew
Desired survivor size 8716288 bytes, new threshold 6 (max 6)
- age   1:    1422784 bytes,    1422784 total
- age   2:     670632 bytes,    2093416 total
- age   3:     646192 bytes,    2739608 total
- age   4:     508704 bytes,    3248312 total
- age   5:     490344 bytes,    3738656 total
- age   6:     457888 bytes,    4196544 total
: 142064K->6004K(153344K), 0.0355580 secs] 395751K->260143K(2080128K)After GC:
Statistics for BinaryTreeDictionary:
------------------------------------
Total Free Space: 213963401
Max   Chunk Size: 213963401
Number of Blocks: 1
Av.  Block  Size: 213963401
Tree      Height: 1
, 0.0356537 secs] [Times: user=0.06 sys=0.00, real=0.03 secs] 
Heap after GC invocations=185 (full 2):
 par new generation   total 153344K, used 6004K [0x0000000080000000, 0x000000008a660000, 0x000000008a660000)
  eden space 136320K,   0% used [0x0000000080000000, 0x0000000080000000, 0x0000000088520000)
  from space 17024K,  35% used [0x00000000895c0000, 0x0000000089b9d398, 0x000000008a660000)
  to   space 17024K,   0% used [0x0000000088520000, 0x0000000088520000, 0x00000000895c0000)
 concurrent mark-sweep generation total 1926784K, used 254138K [0x000000008a660000, 0x0000000100000000, 0x0000000100000000)
 Metaspace       used 86491K, capacity 92246K, committed 92568K, reserved 1130496K
  class space    used 10441K, capacity 10834K, committed 10912K, reserved 1048576K
}
2017-08-01T02:06:50.700+0000: 11762.273: Total time for which application threads were stopped: 0.0359436 seconds, Stopping threads took: 0.0000349 seconds
2017-08-01T02:06:50.722+0000: 11762.295: Total time for which application threads were stopped: 0.0011843 seconds, Stopping threads took: 0.0010305 seconds
2017-08-01T02:06:50.722+0000: 11762.295: Total time for which application threads were stopped: 0.0000972 seconds, Stopping threads took: 0.0000157 seconds
2017-08-01T02:06:50.722+0000: 11762.296: Total time for which application threads were stopped: 0.0000937 seconds, Stopping threads took: 0.0000136 seconds
2017-08-01T02:06:50.722+0000: 11762.296: Total time for which application threads were stopped: 0.0000927 seconds, Stopping threads took: 0.0000136 seconds
2017-08-01T02:06:50.722+0000: 11762.296: Total time for which application threads were stopped: 0.0000925 seconds, Stopping threads took: 0.0000135 seconds
2017-08-01T02:06:50.723+0000: 11762.296: Total time for which application threads were stopped: 0.0000910 seconds, Stopping threads took: 0.0000133 seconds
2017-08-01T02:06:50.723+0000: 11762.296: Total time for which application threads were stopped: 0.0000917 seconds, Stopping threads took: 0.0000136 seconds
2017-08-01T02:06:50.723+0000: 11762.296: Total time for which application threads were stopped: 0.0001080 seconds, Stopping threads took: 0.0000129 seconds
2017-08-01T02:06:50.723+0000: 11762.296: Total time for which application threads were stopped: 0.0000933 seconds, Stopping threads took: 0.0000142 seconds
2017-08-01T02:06:50.723+0000: 11762.296: Total time for which application threads were stopped: 0.0000923 seconds, Stopping threads took: 0.0000135 seconds
2017-08-01T02:06:50.723+0000: 11762.296: Total time for which application threads were stopped: 0.0000927 seconds, Stopping threads took: 0.0000136 seconds
2017-08-01T02:06:50.723+0000: 11762.297: Total time for which application threads were stopped: 0.0000914 seconds, Stopping threads took: 0.0000133 seconds
2017-08-01T02:06:50.723+0000: 11762.297: Total time for which application threads were stopped: 0.0000911 seconds, Stopping threads took: 0.0000132 seconds
2017-08-01T02:06:50.724+0000: 11762.297: Total time for which application threads were stopped: 0.0000914 seconds, Stopping threads took: 0.0000131 seconds
2017-08-01T02:06:50.724+0000: 11762.297: Total time for which application threads were stopped: 0.0000914 seconds, Stopping threads took: 0.0000127 seconds
2017-08-01T02:06:50.724+0000: 11762.297: Total time for which application threads were stopped: 0.0000914 seconds, Stopping threads took: 0.0000135 seconds
2017-08-01T02:06:50.724+0000: 11762.297: Total time for which application threads were stopped: 0.0001044 seconds, Stopping threads took: 0.0000125 seconds
2017-08-01T02:06:50.724+0000: 11762.297: Total time for which application threads were stopped: 0.0000932 seconds, Stopping threads took: 0.0000143 seconds
2017-08-01T02:06:50.724+0000: 11762.297: Total time for which application threads were stopped: 0.0000914 seconds, Stopping threads took: 0.0000134 seconds
2017-08-01T02:06:50.724+0000: 11762.298: Total time for which application threads were stopped: 0.0003759 seconds, Stopping threads took: 0.0000129 seconds
{Heap before GC invocations=185 (full 2):
 par new generation   total 153344K, used 142324K [0x0000000080000000, 0x000000008a660000, 0x000000008a660000)
  eden space 136320K, 100% used [0x0000000080000000, 0x0000000088520000, 0x0000000088520000)
  from space 17024K,  35% used [0x00000000895c0000, 0x0000000089b9d398, 0x000000008a660000)
  to   space 17024K,   0% used [0x0000000088520000, 0x0000000088520000, 0x00000000895c0000)
 concurrent mark-sweep generation total 1926784K, used 254138K [0x000000008a660000, 0x0000000100000000, 0x0000000100000000)
 Metaspace       used 86491K, capacity 92246K, committed 92568K, reserved 1130496K
  class space    used 10441K, capacity 10834K, committed 10912K, reserved 1048576K
2017-08-01T02:08:06.657+0000: 11838.230: [GC (Allocation Failure) Before GC:
Statistics for BinaryTreeDictionary:
------------------------------------
Total Free Space: 213963401
Max   Chunk Size: 213963401
Number of Blocks: 1
Av.  Block  Size: 213963401
Tree      Height: 1
2017-08-01T02:08:06.657+0000: 11838.230: [ParNew
Desired survivor size 8716288 bytes, new threshold 6 (max 6)
- age   1:    1474000 bytes,    1474000 total
- age   2:     730568 bytes,    2204568 total
- age   3:     612128 bytes,    2816696 total
- age   4:     593440 bytes,    3410136 total
- age   5:     446480 bytes,    3856616 total
- age   6:     479504 bytes,    4336120 total
: 142324K->6089K(153344K), 0.0234888 secs] 396463K->260678K(2080128K)After GC:
Statistics for BinaryTreeDictionary:
------------------------------------
Total Free Space: 213907153
Max   Chunk Size: 213907153
Number of Blocks: 1
Av.  Block  Size: 213907153
Tree      Height: 1
, 0.0235709 secs] [Times: user=0.06 sys=0.00, real=0.02 secs] 
Heap after GC invocations=186 (full 2):
 par new generation   total 153344K, used 6089K [0x0000000080000000, 0x000000008a660000, 0x000000008a660000)
  eden space 136320K,   0% used [0x0000000080000000, 0x0000000080000000, 0x0000000088520000)
  from space 17024K,  35% used [0x0000000088520000, 0x0000000088b126c8, 0x00000000895c0000)
  to   space 17024K,   0% used [0x00000000895c0000, 0x00000000895c0000, 0x000000008a660000)
 concurrent mark-sweep generation total 1926784K, used 254588K [0x000000008a660000, 0x0000000100000000, 0x0000000100000000)
 Metaspace       used 86491K, capacity 92246K, committed 92568K, reserved 1130496K
  class space    used 10441K, capacity 10834K, committed 10912K, reserved 1048576K
}
2017-08-01T02:08:06.681+0000: 11838.254: Total time for which application threads were stopped: 0.0238776 seconds, Stopping threads took: 0.0000802 seconds
2017-08-01T02:08:06.681+0000: 11838.255: Total time for which application threads were stopped: 0.0001494 seconds, Stopping threads took: 0.0000562 seconds
2017-08-01T02:08:06.681+0000: 11838.255: Total time for which application threads were stopped: 0.0001507 seconds, Stopping threads took: 0.0000616 seconds
2017-08-01T02:08:06.682+0000: 11838.255: Total time for which application threads were stopped: 0.0000820 seconds, Stopping threads took: 0.0000306 seconds
2017-08-01T02:08:06.682+0000: 11838.255: Total time for which application threads were stopped: 0.0001143 seconds, Stopping threads took: 0.0000499 seconds
2017-08-01T02:08:06.682+0000: 11838.255: Total time for which application threads were stopped: 0.0000886 seconds, Stopping threads took: 0.0000205 seconds
2017-08-01T02:08:06.682+0000: 11838.255: Total time for which application threads were stopped: 0.0001111 seconds, Stopping threads took: 0.0000476 seconds
2017-08-01T02:08:06.682+0000: 11838.255: Total time for which application threads were stopped: 0.0001081 seconds, Stopping threads took: 0.0000438 seconds
2017-08-01T02:08:06.682+0000: 11838.255: Total time for which application threads were stopped: 0.0000792 seconds, Stopping threads took: 0.0000253 seconds
2017-08-01T02:08:06.682+0000: 11838.256: Total time for which application threads were stopped: 0.0001038 seconds, Stopping threads took: 0.0000412 seconds
2017-08-01T02:08:06.682+0000: 11838.256: Total time for which application threads were stopped: 0.0001170 seconds, Stopping threads took: 0.0000494 seconds
2017-08-01T02:08:06.683+0000: 11838.256: Total time for which application threads were stopped: 0.0001103 seconds, Stopping threads took: 0.0000464 seconds
2017-08-01T02:08:06.683+0000: 11838.256: Total time for which application threads were stopped: 0.0000853 seconds, Stopping threads took: 0.0000317 seconds
2017-08-01T02:08:06.683+0000: 11838.256: Total time for which application threads were stopped: 0.0001130 seconds, Stopping threads took: 0.0000387 seconds
2017-08-01T02:08:06.683+0000: 11838.256: Total time for which application threads were stopped: 0.0001058 seconds, Stopping threads took: 0.0000508 seconds
2017-08-01T02:08:06.683+0000: 11838.257: Total time for which application threads were stopped: 0.0001272 seconds, Stopping threads took: 0.0000578 seconds
2017-08-01T02:08:06.683+0000: 11838.257: Total time for which application threads were stopped: 0.0000757 seconds, Stopping threads took: 0.0000203 seconds
2017-08-01T02:08:06.684+0000: 11838.257: Total time for which application threads were stopped: 0.0001141 seconds, Stopping threads took: 0.0000489 seconds
2017-08-01T02:08:06.684+0000: 11838.257: Total time for which application threads were stopped: 0.0000918 seconds, Stopping threads took: 0.0000387 seconds
2017-08-01T02:08:06.684+0000: 11838.257: Total time for which application threads were stopped: 0.0000820 seconds, Stopping threads took: 0.0000189 seconds
2017-08-01T02:08:06.684+0000: 11838.257: Total time for which application threads were stopped: 0.0002268 seconds, Stopping threads took: 0.0000188 seconds
{Heap before GC invocations=186 (full 2):
 par new generation   total 153344K, used 142409K [0x0000000080000000, 0x000000008a660000, 0x000000008a660000)
  eden space 136320K, 100% used [0x0000000080000000, 0x0000000088520000, 0x0000000088520000)
  from space 17024K,  35% used [0x0000000088520000, 0x0000000088b126c8, 0x00000000895c0000)
  to   space 17024K,   0% used [0x00000000895c0000, 0x00000000895c0000, 0x000000008a660000)
 concurrent mark-sweep generation total 1926784K, used 254588K [0x000000008a660000, 0x0000000100000000, 0x0000000100000000)
 Metaspace       used 86493K, capacity 92246K, committed 92568K, reserved 1130496K
  class space    used 10441K, capacity 10834K, committed 10912K, reserved 1048576K
2017-08-01T02:09:28.842+0000: 11920.415: [GC (Allocation Failure) Before GC:
Statistics for BinaryTreeDictionary:
------------------------------------
Total Free Space: 213907153
Max   Chunk Size: 213907153
Number of Blocks: 1
Av.  Block  Size: 213907153
Tree      Height: 1
2017-08-01T02:09:28.842+0000: 11920.415: [ParNew
Desired survivor size 8716288 bytes, new threshold 6 (max 6)
- age   1:    1380120 bytes,    1380120 total
- age   2:     699720 bytes,    2079840 total
- age   3:     666408 bytes,    2746248 total
- age   4:     582824 bytes,    3329072 total
- age   5:     530056 bytes,    3859128 total
- age   6:     437568 bytes,    4296696 total
: 142409K->6219K(153344K), 0.0231483 secs] 396998K->261278K(2080128K)After GC:
Statistics for BinaryTreeDictionary:
------------------------------------
Total Free Space: 213845549
Max   Chunk Size: 213845549
Number of Blocks: 1
Av.  Block  Size: 213845549
Tree      Height: 1
, 0.0232243 secs] [Times: user=0.06 sys=0.00, real=0.03 secs] 
Heap after GC invocations=187 (full 2):
 par new generation   total 153344K, used 6219K [0x0000000080000000, 0x000000008a660000, 0x000000008a660000)
  eden space 136320K,   0% used [0x0000000080000000, 0x0000000080000000, 0x0000000088520000)
  from space 17024K,  36% used [0x00000000895c0000, 0x0000000089bd2fb0, 0x000000008a660000)
  to   space 17024K,   0% used [0x0000000088520000, 0x0000000088520000, 0x00000000895c0000)
 concurrent mark-sweep generation total 1926784K, used 255058K [0x000000008a660000, 0x0000000100000000, 0x0000000100000000)
 Metaspace       used 86493K, capacity 92246K, committed 92568K, reserved 1130496K
  class space    used 10441K, capacity 10834K, committed 10912K, reserved 1048576K
}
2017-08-01T02:09:28.865+0000: 11920.439: Total time for which application threads were stopped: 0.0235427 seconds, Stopping threads took: 0.0000792 seconds
2017-08-01T02:09:28.866+0000: 11920.439: Total time for which application threads were stopped: 0.0001240 seconds, Stopping threads took: 0.0000300 seconds
2017-08-01T02:09:28.866+0000: 11920.439: Total time for which application threads were stopped: 0.0000709 seconds, Stopping threads took: 0.0000218 seconds
2017-08-01T02:09:28.866+0000: 11920.439: Total time for which application threads were stopped: 0.0000673 seconds, Stopping threads took: 0.0000205 seconds
2017-08-01T02:09:28.866+0000: 11920.440: Total time for which application threads were stopped: 0.0001083 seconds, Stopping threads took: 0.0000501 seconds
2017-08-01T02:09:28.866+0000: 11920.440: Total time for which application threads were stopped: 0.0000671 seconds, Stopping threads took: 0.0000203 seconds
2017-08-01T02:09:28.866+0000: 11920.440: Total time for which application threads were stopped: 0.0000680 seconds, Stopping threads took: 0.0000218 seconds
2017-08-01T02:09:28.867+0000: 11920.440: Total time for which application threads were stopped: 0.0000882 seconds, Stopping threads took: 0.0000216 seconds
2017-08-01T02:09:28.867+0000: 11920.440: Total time for which application threads were stopped: 0.0000663 seconds, Stopping threads took: 0.0000197 seconds
2017-08-01T02:09:28.867+0000: 11920.440: Total time for which application threads were stopped: 0.0000753 seconds, Stopping threads took: 0.0000196 seconds
2017-08-01T02:09:28.867+0000: 11920.440: Total time for which application threads were stopped: 0.0000714 seconds, Stopping threads took: 0.0000205 seconds
2017-08-01T02:09:28.867+0000: 11920.440: Total time for which application threads were stopped: 0.0000671 seconds, Stopping threads took: 0.0000208 seconds
2017-08-01T02:09:28.867+0000: 11920.440: Total time for which application threads were stopped: 0.0000833 seconds, Stopping threads took: 0.0000198 seconds
2017-08-01T02:09:28.867+0000: 11920.440: Total time for which application threads were stopped: 0.0000656 seconds, Stopping threads took: 0.0000195 seconds
2017-08-01T02:09:28.867+0000: 11920.441: Total time for which application threads were stopped: 0.0000666 seconds, Stopping threads took: 0.0000207 seconds
2017-08-01T02:09:28.867+0000: 11920.441: Total time for which application threads were stopped: 0.0000790 seconds, Stopping threads took: 0.0000217 seconds
2017-08-01T02:09:28.867+0000: 11920.441: Total time for which application threads were stopped: 0.0000658 seconds, Stopping threads took: 0.0000200 seconds
2017-08-01T02:09:28.868+0000: 11920.441: Total time for which application threads were stopped: 0.0000653 seconds, Stopping threads took: 0.0000198 seconds
2017-08-01T02:09:28.868+0000: 11920.441: Total time for which application threads were stopped: 0.0000817 seconds, Stopping threads took: 0.0000208 seconds
2017-08-01T02:09:28.868+0000: 11920.441: Total time for which application threads were stopped: 0.0000654 seconds, Stopping threads took: 0.0000195 seconds
2017-08-01T02:09:28.868+0000: 11920.441: Total time for which application threads were stopped: 0.0002368 seconds, Stopping threads took: 0.0000208 seconds
2017-08-01T02:09:30.847+0000: 11922.420: Total time for which application threads were stopped: 0.0002036 seconds, Stopping threads took: 0.0000472 seconds
2017-08-01T02:09:30.847+0000: 11922.420: Total time for which application threads were stopped: 0.0001011 seconds, Stopping threads took: 0.0000251 seconds
2017-08-01T02:09:30.847+0000: 11922.420: Total time for which application threads were stopped: 0.0001046 seconds, Stopping threads took: 0.0000360 seconds
2017-08-01T02:09:30.847+0000: 11922.420: Total time for which application threads were stopped: 0.0001061 seconds, Stopping threads took: 0.0000218 seconds
2017-08-01T02:09:30.847+0000: 11922.420: Total time for which application threads were stopped: 0.0001030 seconds, Stopping threads took: 0.0000344 seconds
2017-08-01T02:09:30.847+0000: 11922.421: Total time for which application threads were stopped: 0.0000857 seconds, Stopping threads took: 0.0000198 seconds
2017-08-01T02:10:10.857+0000: 11962.430: Total time for which application threads were stopped: 0.0001488 seconds, Stopping threads took: 0.0000434 seconds
{Heap before GC invocations=187 (full 2):
 par new generation   total 153344K, used 142539K [0x0000000080000000, 0x000000008a660000, 0x000000008a660000)
  eden space 136320K, 100% used [0x0000000080000000, 0x0000000088520000, 0x0000000088520000)
  from space 17024K,  36% used [0x00000000895c0000, 0x0000000089bd2fb0, 0x000000008a660000)
  to   space 17024K,   0% used [0x0000000088520000, 0x0000000088520000, 0x00000000895c0000)
 concurrent mark-sweep generation total 1926784K, used 255058K [0x000000008a660000, 0x0000000100000000, 0x0000000100000000)
 Metaspace       used 86495K, capacity 92246K, committed 92568K, reserved 1130496K
  class space    used 10441K, capacity 10834K, committed 10912K, reserved 1048576K
2017-08-01T02:10:50.664+0000: 12002.237: [GC (Allocation Failure) Before GC:
Statistics for BinaryTreeDictionary:
------------------------------------
Total Free Space: 213845549
Max   Chunk Size: 213845549
Number of Blocks: 1
Av.  Block  Size: 213845549
Tree      Height: 1
2017-08-01T02:10:50.664+0000: 12002.237: [ParNew
Desired survivor size 8716288 bytes, new threshold 6 (max 6)
- age   1:    1448072 bytes,    1448072 total
- age   2:     675400 bytes,    2123472 total
- age   3:     647824 bytes,    2771296 total
- age   4:     615376 bytes,    3386672 total
- age   5:     569040 bytes,    3955712 total
- age   6:     521536 bytes,    4477248 total
: 142539K->8402K(153344K), 0.0360174 secs] 397598K->263891K(2080128K)After GC:
Statistics for BinaryTreeDictionary:
------------------------------------
Total Free Space: 213789031
Max   Chunk Size: 213789031
Number of Blocks: 1
Av.  Block  Size: 213789031
Tree      Height: 1
, 0.0361254 secs] [Times: user=0.06 sys=0.00, real=0.03 secs] 
Heap after GC invocations=188 (full 2):
 par new generation   total 153344K, used 8402K [0x0000000080000000, 0x000000008a660000, 0x000000008a660000)
  eden space 136320K,   0% used [0x0000000080000000, 0x0000000080000000, 0x0000000088520000)
  from space 17024K,  49% used [0x0000000088520000, 0x0000000088d54bc0, 0x00000000895c0000)
  to   space 17024K,   0% used [0x00000000895c0000, 0x00000000895c0000, 0x000000008a660000)
 concurrent mark-sweep generation total 1926784K, used 255488K [0x000000008a660000, 0x0000000100000000, 0x0000000100000000)
 Metaspace       used 86495K, capacity 92246K, committed 92568K, reserved 1130496K
  class space    used 10441K, capacity 10834K, committed 10912K, reserved 1048576K
}
2017-08-01T02:10:50.700+0000: 12002.274: Total time for which application threads were stopped: 0.0364208 seconds, Stopping threads took: 0.0000481 seconds
2017-08-01T02:10:50.716+0000: 12002.289: Total time for which application threads were stopped: 0.0051424 seconds, Stopping threads took: 0.0049922 seconds
2017-08-01T02:10:50.724+0000: 12002.297: Total time for which application threads were stopped: 0.0001353 seconds, Stopping threads took: 0.0000341 seconds
2017-08-01T02:10:50.724+0000: 12002.298: Total time for which application threads were stopped: 0.0001007 seconds, Stopping threads took: 0.0000135 seconds
2017-08-01T02:10:50.724+0000: 12002.298: Total time for which application threads were stopped: 0.0000865 seconds, Stopping threads took: 0.0000142 seconds
2017-08-01T02:10:50.725+0000: 12002.298: Total time for which application threads were stopped: 0.0000981 seconds, Stopping threads took: 0.0000125 seconds
2017-08-01T02:10:50.725+0000: 12002.298: Total time for which application threads were stopped: 0.0000858 seconds, Stopping threads took: 0.0000136 seconds
2017-08-01T02:10:50.725+0000: 12002.298: Total time for which application threads were stopped: 0.0000983 seconds, Stopping threads took: 0.0000126 seconds
2017-08-01T02:10:50.725+0000: 12002.298: Total time for which application threads were stopped: 0.0000868 seconds, Stopping threads took: 0.0000142 seconds
2017-08-01T02:10:50.725+0000: 12002.298: Total time for which application threads were stopped: 0.0000960 seconds, Stopping threads took: 0.0000127 seconds
2017-08-01T02:10:50.725+0000: 12002.298: Total time for which application threads were stopped: 0.0000860 seconds, Stopping threads took: 0.0000140 seconds
2017-08-01T02:10:50.725+0000: 12002.299: Total time for which application threads were stopped: 0.0000960 seconds, Stopping threads took: 0.0000132 seconds
2017-08-01T02:10:50.725+0000: 12002.299: Total time for which application threads were stopped: 0.0000842 seconds, Stopping threads took: 0.0000133 seconds
2017-08-01T02:10:50.725+0000: 12002.299: Total time for which application threads were stopped: 0.0000957 seconds, Stopping threads took: 0.0000132 seconds
2017-08-01T02:10:50.726+0000: 12002.299: Total time for which application threads were stopped: 0.0000855 seconds, Stopping threads took: 0.0000136 seconds
2017-08-01T02:10:50.726+0000: 12002.299: Total time for which application threads were stopped: 0.0000965 seconds, Stopping threads took: 0.0000133 seconds
2017-08-01T02:10:50.726+0000: 12002.299: Total time for which application threads were stopped: 0.0000851 seconds, Stopping threads took: 0.0000135 seconds
2017-08-01T02:10:50.726+0000: 12002.299: Total time for which application threads were stopped: 0.0000864 seconds, Stopping threads took: 0.0000143 seconds
2017-08-01T02:10:50.726+0000: 12002.299: Total time for which application threads were stopped: 0.0000973 seconds, Stopping threads took: 0.0000132 seconds
2017-08-01T02:10:50.726+0000: 12002.300: Total time for which application threads were stopped: 0.0000852 seconds, Stopping threads took: 0.0000135 seconds
2017-08-01T02:10:50.727+0000: 12002.300: Total time for which application threads were stopped: 0.0003434 seconds, Stopping threads took: 0.0000130 seconds
{Heap before GC invocations=188 (full 2):
 par new generation   total 153344K, used 144722K [0x0000000080000000, 0x000000008a660000, 0x000000008a660000)
  eden space 136320K, 100% used [0x0000000080000000, 0x0000000088520000, 0x0000000088520000)
  from space 17024K,  49% used [0x0000000088520000, 0x0000000088d54bc0, 0x00000000895c0000)
  to   space 17024K,   0% used [0x00000000895c0000, 0x00000000895c0000, 0x000000008a660000)
 concurrent mark-sweep generation total 1926784K, used 255488K [0x000000008a660000, 0x0000000100000000, 0x0000000100000000)
 Metaspace       used 86496K, capacity 92246K, committed 92568K, reserved 1130496K
  class space    used 10441K, capacity 10834K, committed 10912K, reserved 1048576K
2017-08-01T02:12:08.292+0000: 12079.865: [GC (Allocation Failure) Before GC:
Statistics for BinaryTreeDictionary:
------------------------------------
Total Free Space: 213789031
Max   Chunk Size: 213789031
Number of Blocks: 1
Av.  Block  Size: 213789031
Tree      Height: 1
2017-08-01T02:12:08.292+0000: 12079.865: [ParNew
Desired survivor size 8716288 bytes, new threshold 6 (max 6)
- age   1:    1398032 bytes,    1398032 total
- age   2:     688336 bytes,    2086368 total
- age   3:     620680 bytes,    2707048 total
- age   4:     595200 bytes,    3302248 total
- age   5:     554008 bytes,    3856256 total
- age   6:     559224 bytes,    4415480 total
: 144722K->5379K(153344K), 0.0231099 secs] 400211K->261378K(2080128K)After GC:
Statistics for BinaryTreeDictionary:
------------------------------------
Total Free Space: 213727023
Max   Chunk Size: 213727023
Number of Blocks: 1
Av.  Block  Size: 213727023
Tree      Height: 1
, 0.0231914 secs] [Times: user=0.06 sys=0.00, real=0.03 secs] 
Heap after GC invocations=189 (full 2):
 par new generation   total 153344K, used 5379K [0x0000000080000000, 0x000000008a660000, 0x000000008a660000)
  eden space 136320K,   0% used [0x0000000080000000, 0x0000000080000000, 0x0000000088520000)
  from space 17024K,  31% used [0x00000000895c0000, 0x0000000089b00ce8, 0x000000008a660000)
  to   space 17024K,   0% used [0x0000000088520000, 0x0000000088520000, 0x00000000895c0000)
 concurrent mark-sweep generation total 1926784K, used 255999K [0x000000008a660000, 0x0000000100000000, 0x0000000100000000)
 Metaspace       used 86496K, capacity 92246K, committed 92568K, reserved 1130496K
  class space    used 10441K, capacity 10834K, committed 10912K, reserved 1048576K
}
2017-08-01T02:12:08.315+0000: 12079.888: Total time for which application threads were stopped: 0.0234648 seconds, Stopping threads took: 0.0000412 seconds
2017-08-01T02:12:08.315+0000: 12079.889: Total time for which application threads were stopped: 0.0001737 seconds, Stopping threads took: 0.0000635 seconds
2017-08-01T02:12:08.316+0000: 12079.889: Total time for which application threads were stopped: 0.0000726 seconds, Stopping threads took: 0.0000206 seconds
2017-08-01T02:12:08.316+0000: 12079.890: Total time for which application threads were stopped: 0.0001516 seconds, Stopping threads took: 0.0000889 seconds
2017-08-01T02:12:08.317+0000: 12079.890: Total time for which application threads were stopped: 0.0001481 seconds, Stopping threads took: 0.0000502 seconds
2017-08-01T02:12:08.317+0000: 12079.890: Total time for which application threads were stopped: 0.0001277 seconds, Stopping threads took: 0.0000463 seconds
2017-08-01T02:12:08.317+0000: 12079.890: Total time for which application threads were stopped: 0.0000700 seconds, Stopping threads took: 0.0000207 seconds
2017-08-01T02:12:08.317+0000: 12079.890: Total time for which application threads were stopped: 0.0000797 seconds, Stopping threads took: 0.0000296 seconds
2017-08-01T02:12:08.317+0000: 12079.890: Total time for which application threads were stopped: 0.0000925 seconds, Stopping threads took: 0.0000262 seconds
2017-08-01T02:12:08.317+0000: 12079.890: Total time for which application threads were stopped: 0.0001002 seconds, Stopping threads took: 0.0000421 seconds
2017-08-01T02:12:08.317+0000: 12079.890: Total time for which application threads were stopped: 0.0000878 seconds, Stopping threads took: 0.0000264 seconds
2017-08-01T02:12:08.317+0000: 12079.891: Total time for which application threads were stopped: 0.0001136 seconds, Stopping threads took: 0.0000489 seconds
2017-08-01T02:12:08.317+0000: 12079.891: Total time for which application threads were stopped: 0.0001080 seconds, Stopping threads took: 0.0000439 seconds
2017-08-01T02:12:08.318+0000: 12079.891: Total time for which application threads were stopped: 0.0001398 seconds, Stopping threads took: 0.0000740 seconds
2017-08-01T02:12:08.318+0000: 12079.891: Total time for which application threads were stopped: 0.0000813 seconds, Stopping threads took: 0.0000206 seconds
2017-08-01T02:12:08.318+0000: 12079.891: Total time for which application threads were stopped: 0.0001093 seconds, Stopping threads took: 0.0000485 seconds
2017-08-01T02:12:08.318+0000: 12079.891: Total time for which application threads were stopped: 0.0001290 seconds, Stopping threads took: 0.0000629 seconds
2017-08-01T02:12:08.318+0000: 12079.892: Total time for which application threads were stopped: 0.0001152 seconds, Stopping threads took: 0.0000506 seconds
2017-08-01T02:12:08.318+0000: 12079.892: Total time for which application threads were stopped: 0.0000703 seconds, Stopping threads took: 0.0000199 seconds
2017-08-01T02:12:08.319+0000: 12079.892: Total time for which application threads were stopped: 0.0000999 seconds, Stopping threads took: 0.0000343 seconds
2017-08-01T02:12:08.319+0000: 12079.892: Total time for which application threads were stopped: 0.0003051 seconds, Stopping threads took: 0.0000612 seconds
2017-08-01T02:13:00.057+0000: 12131.630: Total time for which application threads were stopped: 0.0002608 seconds, Stopping threads took: 0.0000830 seconds
2017-08-01T02:13:00.057+0000: 12131.630: Total time for which application threads were stopped: 0.0000947 seconds, Stopping threads took: 0.0000201 seconds
2017-08-01T02:13:00.057+0000: 12131.630: Total time for which application threads were stopped: 0.0000871 seconds, Stopping threads took: 0.0000193 seconds
2017-08-01T02:13:00.057+0000: 12131.630: Total time for which application threads were stopped: 0.0001079 seconds, Stopping threads took: 0.0000219 seconds
2017-08-01T02:13:00.057+0000: 12131.630: Total time for which application threads were stopped: 0.0000865 seconds, Stopping threads took: 0.0000197 seconds
2017-08-01T02:13:00.057+0000: 12131.631: Total time for which application threads were stopped: 0.0001240 seconds, Stopping threads took: 0.0000392 seconds
2017-08-01T02:13:01.077+0000: 12132.650: Total time for which application threads were stopped: 0.0001935 seconds, Stopping threads took: 0.0000460 seconds
2017-08-01T02:13:01.077+0000: 12132.650: Total time for which application threads were stopped: 0.0001062 seconds, Stopping threads took: 0.0000430 seconds
2017-08-01T02:13:01.077+0000: 12132.650: Total time for which application threads were stopped: 0.0000992 seconds, Stopping threads took: 0.0000219 seconds
2017-08-01T02:13:01.077+0000: 12132.650: Total time for which application threads were stopped: 0.0000691 seconds, Stopping threads took: 0.0000189 seconds
2017-08-01T02:13:01.077+0000: 12132.651: Total time for which application threads were stopped: 0.0000944 seconds, Stopping threads took: 0.0000233 seconds
2017-08-01T02:13:01.077+0000: 12132.651: Total time for which application threads were stopped: 0.0000914 seconds, Stopping threads took: 0.0000187 seconds
{Heap before GC invocations=189 (full 2):
 par new generation   total 153344K, used 141699K [0x0000000080000000, 0x000000008a660000, 0x000000008a660000)
  eden space 136320K, 100% used [0x0000000080000000, 0x0000000088520000, 0x0000000088520000)
  from space 17024K,  31% used [0x00000000895c0000, 0x0000000089b00ce8, 0x000000008a660000)
  to   space 17024K,   0% used [0x0000000088520000, 0x0000000088520000, 0x00000000895c0000)
 concurrent mark-sweep generation total 1926784K, used 255999K [0x000000008a660000, 0x0000000100000000, 0x0000000100000000)
 Metaspace       used 86496K, capacity 92246K, committed 92568K, reserved 1130496K
  class space    used 10441K, capacity 10834K, committed 10912K, reserved 1048576K
2017-08-01T02:13:33.261+0000: 12164.835: [GC (Allocation Failure) Before GC:
Statistics for BinaryTreeDictionary:
------------------------------------
Total Free Space: 213727023
Max   Chunk Size: 213727023
Number of Blocks: 1
Av.  Block  Size: 213727023
Tree      Height: 1
2017-08-01T02:13:33.261+0000: 12164.835: [ParNew
Desired survivor size 8716288 bytes, new threshold 6 (max 6)
- age   1:    1381784 bytes,    1381784 total
- age   2:     659960 bytes,    2041744 total
- age   3:     628592 bytes,    2670336 total
- age   4:     594720 bytes,    3265056 total
- age   5:     529304 bytes,    3794360 total
- age   6:     544528 bytes,    4338888 total
: 141699K->5796K(153344K), 0.0234042 secs] 397698K->262344K(2080128K)After GC:
Statistics for BinaryTreeDictionary:
------------------------------------
Total Free Space: 213656691
Max   Chunk Size: 213656691
Number of Blocks: 1
Av.  Block  Size: 213656691
Tree      Height: 1
, 0.0234991 secs] [Times: user=0.06 sys=0.00, real=0.03 secs] 
Heap after GC invocations=190 (full 2):
 par new generation   total 153344K, used 5796K [0x0000000080000000, 0x000000008a660000, 0x000000008a660000)
  eden space 136320K,   0% used [0x0000000080000000, 0x0000000080000000, 0x0000000088520000)
  from space 17024K,  34% used [0x0000000088520000, 0x0000000088ac93e0, 0x00000000895c0000)
  to   space 17024K,   0% used [0x00000000895c0000, 0x00000000895c0000, 0x000000008a660000)
 concurrent mark-sweep generation total 1926784K, used 256547K [0x000000008a660000, 0x0000000100000000, 0x0000000100000000)
 Metaspace       used 86496K, capacity 92246K, committed 92568K, reserved 1130496K
  class space    used 10441K, capacity 10834K, committed 10912K, reserved 1048576K
}
2017-08-01T02:13:33.285+0000: 12164.858: Total time for which application threads were stopped: 0.0237926 seconds, Stopping threads took: 0.0000606 seconds
2017-08-01T02:13:33.294+0000: 12164.867: Total time for which application threads were stopped: 0.0001750 seconds, Stopping threads took: 0.0000614 seconds
2017-08-01T02:13:33.294+0000: 12164.867: Total time for which application threads were stopped: 0.0001684 seconds, Stopping threads took: 0.0000876 seconds
2017-08-01T02:13:33.294+0000: 12164.867: Total time for which application threads were stopped: 0.0000707 seconds, Stopping threads took: 0.0000218 seconds
2017-08-01T02:13:33.294+0000: 12164.868: Total time for which application threads were stopped: 0.0001236 seconds, Stopping threads took: 0.0000639 seconds
2017-08-01T02:13:33.295+0000: 12164.868: Total time for which application threads were stopped: 0.0001275 seconds, Stopping threads took: 0.0000642 seconds
2017-08-01T02:13:33.295+0000: 12164.868: Total time for which application threads were stopped: 0.0000672 seconds, Stopping threads took: 0.0000199 seconds
2017-08-01T02:13:33.295+0000: 12164.868: Total time for which application threads were stopped: 0.0000800 seconds, Stopping threads took: 0.0000235 seconds
2017-08-01T02:13:33.295+0000: 12164.868: Total time for which application threads were stopped: 0.0001013 seconds, Stopping threads took: 0.0000443 seconds
2017-08-01T02:13:33.295+0000: 12164.868: Total time for which application threads were stopped: 0.0001030 seconds, Stopping threads took: 0.0000492 seconds
2017-08-01T02:13:33.295+0000: 12164.868: Total time for which application threads were stopped: 0.0000773 seconds, Stopping threads took: 0.0000240 seconds
2017-08-01T02:13:33.295+0000: 12164.869: Total time for which application threads were stopped: 0.0001352 seconds, Stopping threads took: 0.0000717 seconds
2017-08-01T02:13:33.295+0000: 12164.869: Total time for which application threads were stopped: 0.0000875 seconds, Stopping threads took: 0.0000358 seconds
2017-08-01T02:13:33.296+0000: 12164.869: Total time for which application threads were stopped: 0.0001116 seconds, Stopping threads took: 0.0000510 seconds
2017-08-01T02:13:33.296+0000: 12164.869: Total time for which application threads were stopped: 0.0000698 seconds, Stopping threads took: 0.0000199 seconds
2017-08-01T02:13:33.296+0000: 12164.869: Total time for which application threads were stopped: 0.0001214 seconds, Stopping threads took: 0.0000585 seconds
2017-08-01T02:13:33.296+0000: 12164.869: Total time for which application threads were stopped: 0.0001104 seconds, Stopping threads took: 0.0000426 seconds
2017-08-01T02:13:33.296+0000: 12164.869: Total time for which application threads were stopped: 0.0001037 seconds, Stopping threads took: 0.0000378 seconds
2017-08-01T02:13:33.296+0000: 12164.869: Total time for which application threads were stopped: 0.0000944 seconds, Stopping threads took: 0.0000221 seconds
2017-08-01T02:13:33.296+0000: 12164.870: Total time for which application threads were stopped: 0.0001001 seconds, Stopping threads took: 0.0000368 seconds
2017-08-01T02:13:33.297+0000: 12164.870: Total time for which application threads were stopped: 0.0002684 seconds, Stopping threads took: 0.0000203 seconds
2017-08-01T02:14:06.506+0000: 12198.080: Total time for which application threads were stopped: 0.0002203 seconds, Stopping threads took: 0.0000423 seconds
2017-08-01T02:14:06.506+0000: 12198.080: Total time for which application threads were stopped: 0.0000977 seconds, Stopping threads took: 0.0000232 seconds
2017-08-01T02:14:06.507+0000: 12198.080: Total time for which application threads were stopped: 0.0000940 seconds, Stopping threads took: 0.0000211 seconds
2017-08-01T02:14:06.507+0000: 12198.080: Total time for which application threads were stopped: 0.0001126 seconds, Stopping threads took: 0.0000359 seconds
2017-08-01T02:14:06.507+0000: 12198.080: Total time for which application threads were stopped: 0.0000873 seconds, Stopping threads took: 0.0000200 seconds
2017-08-01T02:14:06.507+0000: 12198.080: Total time for which application threads were stopped: 0.0001103 seconds, Stopping threads took: 0.0000179 seconds
{Heap before GC invocations=190 (full 2):
 par new generation   total 153344K, used 142116K [0x0000000080000000, 0x000000008a660000, 0x000000008a660000)
  eden space 136320K, 100% used [0x0000000080000000, 0x0000000088520000, 0x0000000088520000)
  from space 17024K,  34% used [0x0000000088520000, 0x0000000088ac93e0, 0x00000000895c0000)
  to   space 17024K,   0% used [0x00000000895c0000, 0x00000000895c0000, 0x000000008a660000)
 concurrent mark-sweep generation total 1926784K, used 256547K [0x000000008a660000, 0x0000000100000000, 0x0000000100000000)
 Metaspace       used 86497K, capacity 92246K, committed 92568K, reserved 1130496K
  class space    used 10441K, capacity 10834K, committed 10912K, reserved 1048576K
2017-08-01T02:14:50.675+0000: 12242.248: [GC (Allocation Failure) Before GC:
Statistics for BinaryTreeDictionary:
------------------------------------
Total Free Space: 213656691
Max   Chunk Size: 213656691
Number of Blocks: 1
Av.  Block  Size: 213656691
Tree      Height: 1
2017-08-01T02:14:50.675+0000: 12242.248: [ParNew
Desired survivor size 8716288 bytes, new threshold 6 (max 6)
- age   1:    1410680 bytes,    1410680 total
- age   2:     646968 bytes,    2057648 total
- age   3:     604592 bytes,    2662240 total
- age   4:     579776 bytes,    3242016 total
- age   5:     577848 bytes,    3819864 total
- age   6:     519688 bytes,    4339552 total
: 142116K->6256K(153344K), 0.0315891 secs] 398664K->263334K(2080128K)After GC:
Statistics for BinaryTreeDictionary:
------------------------------------
Total Free Space: 213586324
Max   Chunk Size: 213586324
Number of Blocks: 1
Av.  Block  Size: 213586324
Tree      Height: 1
, 0.0317038 secs] [Times: user=0.06 sys=0.00, real=0.03 secs] 
Heap after GC invocations=191 (full 2):
 par new generation   total 153344K, used 6256K [0x0000000080000000, 0x000000008a660000, 0x000000008a660000)
  eden space 136320K,   0% used [0x0000000080000000, 0x0000000080000000, 0x0000000088520000)
  from space 17024K,  36% used [0x00000000895c0000, 0x0000000089bdc048, 0x000000008a660000)
  to   space 17024K,   0% used [0x0000000088520000, 0x0000000088520000, 0x00000000895c0000)
 concurrent mark-sweep generation total 1926784K, used 257078K [0x000000008a660000, 0x0000000100000000, 0x0000000100000000)
 Metaspace       used 86497K, capacity 92246K, committed 92568K, reserved 1130496K
  class space    used 10441K, capacity 10834K, committed 10912K, reserved 1048576K
}
2017-08-01T02:14:50.707+0000: 12242.280: Total time for which application threads were stopped: 0.0320106 seconds, Stopping threads took: 0.0000369 seconds
2017-08-01T02:14:50.718+0000: 12242.291: Total time for which application threads were stopped: 0.0001437 seconds, Stopping threads took: 0.0000400 seconds
2017-08-01T02:14:50.718+0000: 12242.291: Total time for which application threads were stopped: 0.0000712 seconds, Stopping threads took: 0.0000220 seconds
2017-08-01T02:14:50.725+0000: 12242.298: Total time for which application threads were stopped: 0.0067311 seconds, Stopping threads took: 0.0066644 seconds
2017-08-01T02:14:50.725+0000: 12242.298: Total time for which application threads were stopped: 0.0000808 seconds, Stopping threads took: 0.0000320 seconds
2017-08-01T02:14:50.725+0000: 12242.298: Total time for which application threads were stopped: 0.0000683 seconds, Stopping threads took: 0.0000207 seconds
2017-08-01T02:14:50.725+0000: 12242.298: Total time for which application threads were stopped: 0.0000872 seconds, Stopping threads took: 0.0000193 seconds
2017-08-01T02:14:50.725+0000: 12242.299: Total time for which application threads were stopped: 0.0000665 seconds, Stopping threads took: 0.0000194 seconds
2017-08-01T02:14:50.725+0000: 12242.299: Total time for which application threads were stopped: 0.0000761 seconds, Stopping threads took: 0.0000288 seconds
2017-08-01T02:14:50.726+0000: 12242.299: Total time for which application threads were stopped: 0.0001003 seconds, Stopping threads took: 0.0000294 seconds
2017-08-01T02:14:50.729+0000: 12242.302: Total time for which application threads were stopped: 0.0033681 seconds, Stopping threads took: 0.0033007 seconds
2017-08-01T02:14:50.729+0000: 12242.302: Total time for which application threads were stopped: 0.0000726 seconds, Stopping threads took: 0.0000243 seconds
2017-08-01T02:14:50.729+0000: 12242.302: Total time for which application threads were stopped: 0.0000681 seconds, Stopping threads took: 0.0000203 seconds
2017-08-01T02:14:50.729+0000: 12242.302: Total time for which application threads were stopped: 0.0000649 seconds, Stopping threads took: 0.0000183 seconds
2017-08-01T02:14:50.729+0000: 12242.303: Total time for which application threads were stopped: 0.0000671 seconds, Stopping threads took: 0.0000209 seconds
2017-08-01T02:14:50.729+0000: 12242.303: Total time for which application threads were stopped: 0.0000873 seconds, Stopping threads took: 0.0000211 seconds
2017-08-01T02:14:50.730+0000: 12242.303: Total time for which application threads were stopped: 0.0000899 seconds, Stopping threads took: 0.0000350 seconds
2017-08-01T02:14:50.730+0000: 12242.303: Total time for which application threads were stopped: 0.0000650 seconds, Stopping threads took: 0.0000189 seconds
2017-08-01T02:14:50.730+0000: 12242.303: Total time for which application threads were stopped: 0.0000862 seconds, Stopping threads took: 0.0000218 seconds
2017-08-01T02:14:50.730+0000: 12242.303: Total time for which application threads were stopped: 0.0000651 seconds, Stopping threads took: 0.0000186 seconds
2017-08-01T02:14:50.730+0000: 12242.303: Total time for which application threads were stopped: 0.0002556 seconds, Stopping threads took: 0.0000211 seconds
2017-08-01T02:15:27.735+0000: 12279.309: Total time for which application threads were stopped: 0.0002270 seconds, Stopping threads took: 0.0000987 seconds
{Heap before GC invocations=191 (full 2):
 par new generation   total 153344K, used 142576K [0x0000000080000000, 0x000000008a660000, 0x000000008a660000)
  eden space 136320K, 100% used [0x0000000080000000, 0x0000000088520000, 0x0000000088520000)
  from space 17024K,  36% used [0x00000000895c0000, 0x0000000089bdc048, 0x000000008a660000)
  to   space 17024K,   0% used [0x0000000088520000, 0x0000000088520000, 0x00000000895c0000)
 concurrent mark-sweep generation total 1926784K, used 257078K [0x000000008a660000, 0x0000000100000000, 0x0000000100000000)
 Metaspace       used 86497K, capacity 92246K, committed 92568K, reserved 1130496K
  class space    used 10441K, capacity 10834K, committed 10912K, reserved 1048576K
2017-08-01T02:16:12.295+0000: 12323.868: [GC (Allocation Failure) Before GC:
Statistics for BinaryTreeDictionary:
------------------------------------
Total Free Space: 213586324
Max   Chunk Size: 213586324
Number of Blocks: 1
Av.  Block  Size: 213586324
Tree      Height: 1
2017-08-01T02:16:12.295+0000: 12323.868: [ParNew
Desired survivor size 8716288 bytes, new threshold 6 (max 6)
- age   1:    1374128 bytes,    1374128 total
- age   2:     712904 bytes,    2087032 total
- age   3:     590216 bytes,    2677248 total
- age   4:     555352 bytes,    3232600 total
- age   5:     519584 bytes,    3752184 total
- age   6:     567128 bytes,    4319312 total
: 142576K->6310K(153344K), 0.0229230 secs] 399654K->263899K(2080128K)After GC:
Statistics for BinaryTreeDictionary:
------------------------------------
Total Free Space: 213520337
Max   Chunk Size: 213520337
Number of Blocks: 1
Av.  Block  Size: 213520337
Tree      Height: 1
, 0.0230138 secs] [Times: user=0.05 sys=0.00, real=0.02 secs] 
Heap after GC invocations=192 (full 2):
 par new generation   total 153344K, used 6310K [0x0000000080000000, 0x000000008a660000, 0x000000008a660000)
  eden space 136320K,   0% used [0x0000000080000000, 0x0000000080000000, 0x0000000088520000)
  from space 17024K,  37% used [0x0000000088520000, 0x0000000088b49a40, 0x00000000895c0000)
  to   space 17024K,   0% used [0x00000000895c0000, 0x00000000895c0000, 0x000000008a660000)
 concurrent mark-sweep generation total 1926784K, used 257588K [0x000000008a660000, 0x0000000100000000, 0x0000000100000000)
 Metaspace       used 86497K, capacity 92246K, committed 92568K, reserved 1130496K
  class space    used 10441K, capacity 10834K, committed 10912K, reserved 1048576K
}
2017-08-01T02:16:12.318+0000: 12323.891: Total time for which application threads were stopped: 0.0232882 seconds, Stopping threads took: 0.0000610 seconds
2017-08-01T02:16:12.318+0000: 12323.891: Total time for which application threads were stopped: 0.0001802 seconds, Stopping threads took: 0.0000416 seconds
2017-08-01T02:16:12.329+0000: 12323.902: Total time for which application threads were stopped: 0.0001549 seconds, Stopping threads took: 0.0000563 seconds
2017-08-01T02:16:12.329+0000: 12323.902: Total time for which application threads were stopped: 0.0001056 seconds, Stopping threads took: 0.0000456 seconds
2017-08-01T02:16:12.329+0000: 12323.903: Total time for which application threads were stopped: 0.0001136 seconds, Stopping threads took: 0.0000453 seconds
2017-08-01T02:16:12.329+0000: 12323.903: Total time for which application threads were stopped: 0.0000980 seconds, Stopping threads took: 0.0000405 seconds
2017-08-01T02:16:12.330+0000: 12323.903: Total time for which application threads were stopped: 0.0001006 seconds, Stopping threads took: 0.0000420 seconds
2017-08-01T02:16:12.330+0000: 12323.903: Total time for which application threads were stopped: 0.0000669 seconds, Stopping threads took: 0.0000199 seconds
2017-08-01T02:16:12.330+0000: 12323.903: Total time for which application threads were stopped: 0.0001063 seconds, Stopping threads took: 0.0000493 seconds
2017-08-01T02:16:12.330+0000: 12323.903: Total time for which application threads were stopped: 0.0001094 seconds, Stopping threads took: 0.0000420 seconds
2017-08-01T02:16:12.330+0000: 12323.903: Total time for which application threads were stopped: 0.0000679 seconds, Stopping threads took: 0.0000210 seconds
2017-08-01T02:16:12.330+0000: 12323.903: Total time for which application threads were stopped: 0.0001014 seconds, Stopping threads took: 0.0000428 seconds
2017-08-01T02:16:12.330+0000: 12323.904: Total time for which application threads were stopped: 0.0001102 seconds, Stopping threads took: 0.0000413 seconds
2017-08-01T02:16:12.330+0000: 12323.904: Total time for which application threads were stopped: 0.0001001 seconds, Stopping threads took: 0.0000429 seconds
2017-08-01T02:16:12.331+0000: 12323.904: Total time for which application threads were stopped: 0.0001053 seconds, Stopping threads took: 0.0000425 seconds
2017-08-01T02:16:12.331+0000: 12323.904: Total time for which application threads were stopped: 0.0000992 seconds, Stopping threads took: 0.0000425 seconds
2017-08-01T02:16:12.331+0000: 12323.904: Total time for which application threads were stopped: 0.0001050 seconds, Stopping threads took: 0.0000422 seconds
2017-08-01T02:16:12.331+0000: 12323.904: Total time for which application threads were stopped: 0.0001008 seconds, Stopping threads took: 0.0000444 seconds
2017-08-01T02:16:12.331+0000: 12323.904: Total time for which application threads were stopped: 0.0001043 seconds, Stopping threads took: 0.0000417 seconds
2017-08-01T02:16:12.331+0000: 12323.904: Total time for which application threads were stopped: 0.0001004 seconds, Stopping threads took: 0.0000436 seconds
2017-08-01T02:16:12.331+0000: 12323.905: Total time for which application threads were stopped: 0.0002639 seconds, Stopping threads took: 0.0000410 seconds
2017-08-01T02:16:24.333+0000: 12335.906: Total time for which application threads were stopped: 0.0001724 seconds, Stopping threads took: 0.0000655 seconds
2017-08-01T02:17:27.340+0000: 12398.913: Total time for which application threads were stopped: 0.0001628 seconds, Stopping threads took: 0.0000465 seconds
{Heap before GC invocations=192 (full 2):
 par new generation   total 153344K, used 142630K [0x0000000080000000, 0x000000008a660000, 0x000000008a660000)
  eden space 136320K, 100% used [0x0000000080000000, 0x0000000088520000, 0x0000000088520000)
  from space 17024K,  37% used [0x0000000088520000, 0x0000000088b49a40, 0x00000000895c0000)
  to   space 17024K,   0% used [0x00000000895c0000, 0x00000000895c0000, 0x000000008a660000)
 concurrent mark-sweep generation total 1926784K, used 257588K [0x000000008a660000, 0x0000000100000000, 0x0000000100000000)
 Metaspace       used 86497K, capacity 92246K, committed 92568K, reserved 1130496K
  class space    used 10441K, capacity 10834K, committed 10912K, reserved 1048576K
2017-08-01T02:17:34.343+0000: 12405.916: [GC (Allocation Failure) Before GC:
Statistics for BinaryTreeDictionary:
------------------------------------
Total Free Space: 213520337
Max   Chunk Size: 213520337
Number of Blocks: 1
Av.  Block  Size: 213520337
Tree      Height: 1
2017-08-01T02:17:34.343+0000: 12405.916: [ParNew
Desired survivor size 8716288 bytes, new threshold 6 (max 6)
- age   1:    1376248 bytes,    1376248 total
- age   2:     666784 bytes,    2043032 total
- age   3:     650000 bytes,    2693032 total
- age   4:     559000 bytes,    3252032 total
- age   5:     490728 bytes,    3742760 total
- age   6:     508168 bytes,    4250928 total
: 142630K->6255K(153344K), 0.0239945 secs] 400219K->264400K(2080128K)After GC:
Statistics for BinaryTreeDictionary:
------------------------------------
Total Free Space: 213449131
Max   Chunk Size: 213449131
Number of Blocks: 1
Av.  Block  Size: 213449131
Tree      Height: 1
, 0.0241031 secs] [Times: user=0.06 sys=0.00, real=0.02 secs] 
Heap after GC invocations=193 (full 2):
 par new generation   total 153344K, used 6255K [0x0000000080000000, 0x000000008a660000, 0x000000008a660000)
  eden space 136320K,   0% used [0x0000000080000000, 0x0000000080000000, 0x0000000088520000)
  from space 17024K,  36% used [0x00000000895c0000, 0x0000000089bdbed8, 0x000000008a660000)
  to   space 17024K,   0% used [0x0000000088520000, 0x0000000088520000, 0x00000000895c0000)
 concurrent mark-sweep generation total 1926784K, used 258145K [0x000000008a660000, 0x0000000100000000, 0x0000000100000000)
 Metaspace       used 86497K, capacity 92246K, committed 92568K, reserved 1130496K
  class space    used 10441K, capacity 10834K, committed 10912K, reserved 1048576K
}
2017-08-01T02:17:34.367+0000: 12405.940: Total time for which application threads were stopped: 0.0243792 seconds, Stopping threads took: 0.0000543 seconds
2017-08-01T02:17:34.367+0000: 12405.941: Total time for which application threads were stopped: 0.0001766 seconds, Stopping threads took: 0.0000709 seconds
2017-08-01T02:17:34.368+0000: 12405.941: Total time for which application threads were stopped: 0.0000702 seconds, Stopping threads took: 0.0000210 seconds
2017-08-01T02:17:34.368+0000: 12405.941: Total time for which application threads were stopped: 0.0000665 seconds, Stopping threads took: 0.0000186 seconds
2017-08-01T02:17:34.368+0000: 12405.941: Total time for which application threads were stopped: 0.0000671 seconds, Stopping threads took: 0.0000208 seconds
2017-08-01T02:17:34.368+0000: 12405.941: Total time for which application threads were stopped: 0.0000932 seconds, Stopping threads took: 0.0000306 seconds
2017-08-01T02:17:34.368+0000: 12405.941: Total time for which application threads were stopped: 0.0000642 seconds, Stopping threads took: 0.0000181 seconds
2017-08-01T02:17:34.368+0000: 12405.941: Total time for which application threads were stopped: 0.0001066 seconds, Stopping threads took: 0.0000489 seconds
2017-08-01T02:17:34.368+0000: 12405.941: Total time for which application threads were stopped: 0.0000795 seconds, Stopping threads took: 0.0000192 seconds
2017-08-01T02:17:34.368+0000: 12405.942: Total time for which application threads were stopped: 0.0001035 seconds, Stopping threads took: 0.0000459 seconds
2017-08-01T02:17:34.368+0000: 12405.942: Total time for which application threads were stopped: 0.0000653 seconds, Stopping threads took: 0.0000180 seconds
2017-08-01T02:17:34.368+0000: 12405.942: Total time for which application threads were stopped: 0.0000652 seconds, Stopping threads took: 0.0000187 seconds
2017-08-01T02:17:34.369+0000: 12405.942: Total time for which application threads were stopped: 0.0000932 seconds, Stopping threads took: 0.0000292 seconds
2017-08-01T02:17:34.369+0000: 12405.942: Total time for which application threads were stopped: 0.0000670 seconds, Stopping threads took: 0.0000208 seconds
2017-08-01T02:17:34.369+0000: 12405.942: Total time for which application threads were stopped: 0.0000644 seconds, Stopping threads took: 0.0000183 seconds
2017-08-01T02:17:34.369+0000: 12405.942: Total time for which application threads were stopped: 0.0001007 seconds, Stopping threads took: 0.0000442 seconds
2017-08-01T02:17:34.369+0000: 12405.942: Total time for which application threads were stopped: 0.0001282 seconds, Stopping threads took: 0.0000697 seconds
2017-08-01T02:17:34.369+0000: 12405.942: Total time for which application threads were stopped: 0.0001011 seconds, Stopping threads took: 0.0000449 seconds
2017-08-01T02:17:34.369+0000: 12405.943: Total time for which application threads were stopped: 0.0000645 seconds, Stopping threads took: 0.0000182 seconds
2017-08-01T02:17:34.369+0000: 12405.943: Total time for which application threads were stopped: 0.0000647 seconds, Stopping threads took: 0.0000185 seconds
2017-08-01T02:17:34.370+0000: 12405.943: Total time for which application threads were stopped: 0.0002511 seconds, Stopping threads took: 0.0000426 seconds
{Heap before GC invocations=193 (full 2):
 par new generation   total 153344K, used 142575K [0x0000000080000000, 0x000000008a660000, 0x000000008a660000)
  eden space 136320K, 100% used [0x0000000080000000, 0x0000000088520000, 0x0000000088520000)
  from space 17024K,  36% used [0x00000000895c0000, 0x0000000089bdbed8, 0x000000008a660000)
  to   space 17024K,   0% used [0x0000000088520000, 0x0000000088520000, 0x00000000895c0000)
 concurrent mark-sweep generation total 1926784K, used 258145K [0x000000008a660000, 0x0000000100000000, 0x0000000100000000)
 Metaspace       used 86497K, capacity 92246K, committed 92568K, reserved 1130496K
  class space    used 10441K, capacity 10834K, committed 10912K, reserved 1048576K
2017-08-01T02:18:50.673+0000: 12482.246: [GC (Allocation Failure) Before GC:
Statistics for BinaryTreeDictionary:
------------------------------------
Total Free Space: 213449131
Max   Chunk Size: 213449131
Number of Blocks: 1
Av.  Block  Size: 213449131
Tree      Height: 1
2017-08-01T02:18:50.673+0000: 12482.246: [ParNew
Desired survivor size 8716288 bytes, new threshold 6 (max 6)
- age   1:    1346336 bytes,    1346336 total
- age   2:     688304 bytes,    2034640 total
- age   3:     611128 bytes,    2645768 total
- age   4:     600176 bytes,    3245944 total
- age   5:     542856 bytes,    3788800 total
- age   6:     483344 bytes,    4272144 total
: 142575K->6274K(153344K), 0.0367912 secs] 400720K->264916K(2080128K)After GC:
Statistics for BinaryTreeDictionary:
------------------------------------
Total Free Space: 213384523
Max   Chunk Size: 213384523
Number of Blocks: 1
Av.  Block  Size: 213384523
Tree      Height: 1
, 0.0368987 secs] [Times: user=0.07 sys=0.00, real=0.04 secs] 
Heap after GC invocations=194 (full 2):
 par new generation   total 153344K, used 6274K [0x0000000080000000, 0x000000008a660000, 0x000000008a660000)
  eden space 136320K,   0% used [0x0000000080000000, 0x0000000080000000, 0x0000000088520000)
  from space 17024K,  36% used [0x0000000088520000, 0x0000000088b40a08, 0x00000000895c0000)
  to   space 17024K,   0% used [0x00000000895c0000, 0x00000000895c0000, 0x000000008a660000)
 concurrent mark-sweep generation total 1926784K, used 258642K [0x000000008a660000, 0x0000000100000000, 0x0000000100000000)
 Metaspace       used 86497K, capacity 92246K, committed 92568K, reserved 1130496K
  class space    used 10441K, capacity 10834K, committed 10912K, reserved 1048576K
}
2017-08-01T02:18:50.710+0000: 12482.283: Total time for which application threads were stopped: 0.0372105 seconds, Stopping threads took: 0.0000473 seconds
2017-08-01T02:18:50.710+0000: 12482.283: Total time for which application threads were stopped: 0.0001495 seconds, Stopping threads took: 0.0000387 seconds
2017-08-01T02:18:50.711+0000: 12482.284: Total time for which application threads were stopped: 0.0000854 seconds, Stopping threads took: 0.0000305 seconds
2017-08-01T02:18:50.711+0000: 12482.284: Total time for which application threads were stopped: 0.0001207 seconds, Stopping threads took: 0.0000416 seconds
2017-08-01T02:18:50.711+0000: 12482.284: Total time for which application threads were stopped: 0.0000711 seconds, Stopping threads took: 0.0000206 seconds
2017-08-01T02:18:50.711+0000: 12482.284: Total time for which application threads were stopped: 0.0001356 seconds, Stopping threads took: 0.0000651 seconds
2017-08-01T02:18:50.711+0000: 12482.284: Total time for which application threads were stopped: 0.0000729 seconds, Stopping threads took: 0.0000227 seconds
2017-08-01T02:18:50.711+0000: 12482.284: Total time for which application threads were stopped: 0.0001108 seconds, Stopping threads took: 0.0000443 seconds
2017-08-01T02:18:50.711+0000: 12482.285: Total time for which application threads were stopped: 0.0000672 seconds, Stopping threads took: 0.0000187 seconds
2017-08-01T02:18:50.711+0000: 12482.285: Total time for which application threads were stopped: 0.0000803 seconds, Stopping threads took: 0.0000306 seconds
2017-08-01T02:18:50.711+0000: 12482.285: Total time for which application threads were stopped: 0.0000919 seconds, Stopping threads took: 0.0000305 seconds
2017-08-01T02:18:50.712+0000: 12482.285: Total time for which application threads were stopped: 0.0000717 seconds, Stopping threads took: 0.0000220 seconds
2017-08-01T02:18:50.712+0000: 12482.285: Total time for which application threads were stopped: 0.0000670 seconds, Stopping threads took: 0.0000189 seconds
2017-08-01T02:18:50.712+0000: 12482.285: Total time for which application threads were stopped: 0.0000685 seconds, Stopping threads took: 0.0000198 seconds
2017-08-01T02:18:50.712+0000: 12482.285: Total time for which application threads were stopped: 0.0003142 seconds, Stopping threads took: 0.0002466 seconds
2017-08-01T02:18:50.712+0000: 12482.286: Total time for which application threads were stopped: 0.0000692 seconds, Stopping threads took: 0.0000190 seconds
2017-08-01T02:18:50.712+0000: 12482.286: Total time for which application threads were stopped: 0.0000683 seconds, Stopping threads took: 0.0000189 seconds
2017-08-01T02:18:50.712+0000: 12482.286: Total time for which application threads were stopped: 0.0001092 seconds, Stopping threads took: 0.0000481 seconds
2017-08-01T02:18:50.713+0000: 12482.286: Total time for which application threads were stopped: 0.0000910 seconds, Stopping threads took: 0.0000401 seconds
2017-08-01T02:18:50.713+0000: 12482.286: Total time for which application threads were stopped: 0.0001011 seconds, Stopping threads took: 0.0000429 seconds
2017-08-01T02:18:50.713+0000: 12482.286: Total time for which application threads were stopped: 0.0002564 seconds, Stopping threads took: 0.0000191 seconds
2017-08-01T02:19:08.716+0000: 12500.289: Total time for which application threads were stopped: 0.0001809 seconds, Stopping threads took: 0.0000587 seconds
2017-08-01T02:19:29.316+0000: 12520.889: Total time for which application threads were stopped: 0.0002201 seconds, Stopping threads took: 0.0000412 seconds
2017-08-01T02:19:29.316+0000: 12520.890: Total time for which application threads were stopped: 0.0000987 seconds, Stopping threads took: 0.0000222 seconds
2017-08-01T02:19:29.316+0000: 12520.890: Total time for which application threads were stopped: 0.0001038 seconds, Stopping threads took: 0.0000225 seconds
2017-08-01T02:19:29.316+0000: 12520.890: Total time for which application threads were stopped: 0.0000909 seconds, Stopping threads took: 0.0000190 seconds
2017-08-01T02:19:29.317+0000: 12520.890: Total time for which application threads were stopped: 0.0001125 seconds, Stopping threads took: 0.0000205 seconds
2017-08-01T02:19:29.317+0000: 12520.890: Total time for which application threads were stopped: 0.0000897 seconds, Stopping threads took: 0.0000214 seconds
2017-08-01T02:19:30.342+0000: 12521.915: Total time for which application threads were stopped: 0.0001993 seconds, Stopping threads took: 0.0000560 seconds
2017-08-01T02:19:30.342+0000: 12521.915: Total time for which application threads were stopped: 0.0000983 seconds, Stopping threads took: 0.0000370 seconds
2017-08-01T02:19:30.342+0000: 12521.915: Total time for which application threads were stopped: 0.0000747 seconds, Stopping threads took: 0.0000225 seconds
2017-08-01T02:19:30.342+0000: 12521.915: Total time for which application threads were stopped: 0.0000739 seconds, Stopping threads took: 0.0000223 seconds
2017-08-01T02:19:30.342+0000: 12521.916: Total time for which application threads were stopped: 0.0000767 seconds, Stopping threads took: 0.0000197 seconds
2017-08-01T02:19:30.342+0000: 12521.916: Total time for which application threads were stopped: 0.0000908 seconds, Stopping threads took: 0.0000183 seconds
{Heap before GC invocations=194 (full 2):
 par new generation   total 153344K, used 142594K [0x0000000080000000, 0x000000008a660000, 0x000000008a660000)
  eden space 136320K, 100% used [0x0000000080000000, 0x0000000088520000, 0x0000000088520000)
  from space 17024K,  36% used [0x0000000088520000, 0x0000000088b40a08, 0x00000000895c0000)
  to   space 17024K,   0% used [0x00000000895c0000, 0x00000000895c0000, 0x000000008a660000)
 concurrent mark-sweep generation total 1926784K, used 258642K [0x000000008a660000, 0x0000000100000000, 0x0000000100000000)
 Metaspace       used 86497K, capacity 92246K, committed 92568K, reserved 1130496K
  class space    used 10441K, capacity 10834K, committed 10912K, reserved 1048576K
2017-08-01T02:20:15.091+0000: 12566.665: [GC (Allocation Failure) Before GC:
Statistics for BinaryTreeDictionary:
------------------------------------
Total Free Space: 213384523
Max   Chunk Size: 213384523
Number of Blocks: 1
Av.  Block  Size: 213384523
Tree      Height: 1
2017-08-01T02:20:15.091+0000: 12566.665: [ParNew
Desired survivor size 8716288 bytes, new threshold 6 (max 6)
- age   1:    1437360 bytes,    1437360 total
- age   2:     660168 bytes,    2097528 total
- age   3:     620616 bytes,    2718144 total
- age   4:     557000 bytes,    3275144 total
- age   5:     537576 bytes,    3812720 total
- age   6:     532984 bytes,    4345704 total
: 142594K->6241K(153344K), 0.0226910 secs] 401236K->265357K(2080128K)After GC:
Statistics for BinaryTreeDictionary:
------------------------------------
Total Free Space: 213328149
Max   Chunk Size: 213328149
Number of Blocks: 1
Av.  Block  Size: 213328149
Tree      Height: 1
, 0.0227859 secs] [Times: user=0.06 sys=0.00, real=0.03 secs] 
Heap after GC invocations=195 (full 2):
 par new generation   total 153344K, used 6241K [0x0000000080000000, 0x000000008a660000, 0x000000008a660000)
  eden space 136320K,   0% used [0x0000000080000000, 0x0000000080000000, 0x0000000088520000)
  from space 17024K,  36% used [0x00000000895c0000, 0x0000000089bd8700, 0x000000008a660000)
  to   space 17024K,   0% used [0x0000000088520000, 0x0000000088520000, 0x00000000895c0000)
 concurrent mark-sweep generation total 1926784K, used 259115K [0x000000008a660000, 0x0000000100000000, 0x0000000100000000)
 Metaspace       used 86497K, capacity 92246K, committed 92568K, reserved 1130496K
  class space    used 10441K, capacity 10834K, committed 10912K, reserved 1048576K
}
2017-08-01T02:20:15.114+0000: 12566.687: Total time for which application threads were stopped: 0.0230488 seconds, Stopping threads took: 0.0000643 seconds
2017-08-01T02:20:15.115+0000: 12566.688: Total time for which application threads were stopped: 0.0001883 seconds, Stopping threads took: 0.0000617 seconds
2017-08-01T02:20:15.115+0000: 12566.688: Total time for which application threads were stopped: 0.0000723 seconds, Stopping threads took: 0.0000212 seconds
2017-08-01T02:20:15.115+0000: 12566.688: Total time for which application threads were stopped: 0.0001113 seconds, Stopping threads took: 0.0000317 seconds
2017-08-01T02:20:15.115+0000: 12566.688: Total time for which application threads were stopped: 0.0000732 seconds, Stopping threads took: 0.0000231 seconds
2017-08-01T02:20:15.115+0000: 12566.688: Total time for which application threads were stopped: 0.0001179 seconds, Stopping threads took: 0.0000426 seconds
2017-08-01T02:20:15.115+0000: 12566.688: Total time for which application threads were stopped: 0.0000680 seconds, Stopping threads took: 0.0000187 seconds
2017-08-01T02:20:15.115+0000: 12566.688: Total time for which application threads were stopped: 0.0000672 seconds, Stopping threads took: 0.0000180 seconds
2017-08-01T02:20:15.115+0000: 12566.689: Total time for which application threads were stopped: 0.0001064 seconds, Stopping threads took: 0.0000377 seconds
2017-08-01T02:20:15.116+0000: 12566.689: Total time for which application threads were stopped: 0.0001111 seconds, Stopping threads took: 0.0000348 seconds
2017-08-01T02:20:15.116+0000: 12566.689: Total time for which application threads were stopped: 0.0000754 seconds, Stopping threads took: 0.0000204 seconds
2017-08-01T02:20:15.116+0000: 12566.689: Total time for which application threads were stopped: 0.0001126 seconds, Stopping threads took: 0.0000458 seconds
2017-08-01T02:20:15.116+0000: 12566.690: Total time for which application threads were stopped: 0.0001112 seconds, Stopping threads took: 0.0000460 seconds
2017-08-01T02:20:15.116+0000: 12566.690: Total time for which application threads were stopped: 0.0000899 seconds, Stopping threads took: 0.0000193 seconds
2017-08-01T02:20:15.116+0000: 12566.690: Total time for which application threads were stopped: 0.0000768 seconds, Stopping threads took: 0.0000228 seconds
2017-08-01T02:20:15.117+0000: 12566.690: Total time for which application threads were stopped: 0.0001110 seconds, Stopping threads took: 0.0000453 seconds
2017-08-01T02:20:15.117+0000: 12566.690: Total time for which application threads were stopped: 0.0000880 seconds, Stopping threads took: 0.0000242 seconds
2017-08-01T02:20:15.117+0000: 12566.690: Total time for which application threads were stopped: 0.0000785 seconds, Stopping threads took: 0.0000197 seconds
2017-08-01T02:20:15.117+0000: 12566.690: Total time for which application threads were stopped: 0.0000748 seconds, Stopping threads took: 0.0000202 seconds
2017-08-01T02:20:15.117+0000: 12566.690: Total time for which application threads were stopped: 0.0000754 seconds, Stopping threads took: 0.0000212 seconds
2017-08-01T02:20:15.117+0000: 12566.691: Total time for which application threads were stopped: 0.0002902 seconds, Stopping threads took: 0.0000251 seconds
{Heap before GC invocations=195 (full 2):
 par new generation   total 153344K, used 142561K [0x0000000080000000, 0x000000008a660000, 0x000000008a660000)
  eden space 136320K, 100% used [0x0000000080000000, 0x0000000088520000, 0x0000000088520000)
  from space 17024K,  36% used [0x00000000895c0000, 0x0000000089bd8700, 0x000000008a660000)
  to   space 17024K,   0% used [0x0000000088520000, 0x0000000088520000, 0x00000000895c0000)
 concurrent mark-sweep generation total 1926784K, used 259115K [0x000000008a660000, 0x0000000100000000, 0x0000000100000000)
 Metaspace       used 86497K, capacity 92246K, committed 92568K, reserved 1130496K
  class space    used 10441K, capacity 10834K, committed 10912K, reserved 1048576K
2017-08-01T02:21:39.083+0000: 12650.656: [GC (Allocation Failure) Before GC:
Statistics for BinaryTreeDictionary:
------------------------------------
Total Free Space: 213328149
Max   Chunk Size: 213328149
Number of Blocks: 1
Av.  Block  Size: 213328149
Tree      Height: 1
2017-08-01T02:21:39.083+0000: 12650.656: [ParNew
Desired survivor size 8716288 bytes, new threshold 6 (max 6)
- age   1:    1398672 bytes,    1398672 total
- age   2:     699744 bytes,    2098416 total
- age   3:     603960 bytes,    2702376 total
- age   4:     596440 bytes,    3298816 total
- age   5:     494880 bytes,    3793696 total
- age   6:     525904 bytes,    4319600 total
: 142561K->6267K(153344K), 0.0230966 secs] 401677K->265905K(2080128K)After GC:
Statistics for BinaryTreeDictionary:
------------------------------------
Total Free Space: 213262081
Max   Chunk Size: 213262081
Number of Blocks: 1
Av.  Block  Size: 213262081
Tree      Height: 1
, 0.0231766 secs] [Times: user=0.06 sys=0.00, real=0.02 secs] 
Heap after GC invocations=196 (full 2):
 par new generation   total 153344K, used 6267K [0x0000000080000000, 0x000000008a660000, 0x000000008a660000)
  eden space 136320K,   0% used [0x0000000080000000, 0x0000000080000000, 0x0000000088520000)
  from space 17024K,  36% used [0x0000000088520000, 0x0000000088b3ec90, 0x00000000895c0000)
  to   space 17024K,   0% used [0x00000000895c0000, 0x00000000895c0000, 0x000000008a660000)
 concurrent mark-sweep generation total 1926784K, used 259638K [0x000000008a660000, 0x0000000100000000, 0x0000000100000000)
 Metaspace       used 86497K, capacity 92246K, committed 92568K, reserved 1130496K
  class space    used 10441K, capacity 10834K, committed 10912K, reserved 1048576K
}
2017-08-01T02:21:39.106+0000: 12650.679: Total time for which application threads were stopped: 0.0234711 seconds, Stopping threads took: 0.0000798 seconds
2017-08-01T02:21:39.106+0000: 12650.680: Total time for which application threads were stopped: 0.0001252 seconds, Stopping threads took: 0.0000315 seconds
2017-08-01T02:21:39.107+0000: 12650.680: Total time for which application threads were stopped: 0.0000700 seconds, Stopping threads took: 0.0000209 seconds
2017-08-01T02:21:39.107+0000: 12650.680: Total time for which application threads were stopped: 0.0001050 seconds, Stopping threads took: 0.0000473 seconds
2017-08-01T02:21:39.107+0000: 12650.680: Total time for which application threads were stopped: 0.0000766 seconds, Stopping threads took: 0.0000187 seconds
2017-08-01T02:21:39.107+0000: 12650.680: Total time for which application threads were stopped: 0.0001337 seconds, Stopping threads took: 0.0000675 seconds
2017-08-01T02:21:39.107+0000: 12650.680: Total time for which application threads were stopped: 0.0000673 seconds, Stopping threads took: 0.0000186 seconds
2017-08-01T02:21:39.107+0000: 12650.680: Total time for which application threads were stopped: 0.0000666 seconds, Stopping threads took: 0.0000182 seconds
2017-08-01T02:21:39.107+0000: 12650.681: Total time for which application threads were stopped: 0.0000660 seconds, Stopping threads took: 0.0000177 seconds
2017-08-01T02:21:39.107+0000: 12650.681: Total time for which application threads were stopped: 0.0000723 seconds, Stopping threads took: 0.0000234 seconds
2017-08-01T02:21:39.114+0000: 12650.687: Total time for which application threads were stopped: 0.0001135 seconds, Stopping threads took: 0.0000487 seconds
2017-08-01T02:21:39.114+0000: 12650.687: Total time for which application threads were stopped: 0.0000716 seconds, Stopping threads took: 0.0000220 seconds
2017-08-01T02:21:39.114+0000: 12650.687: Total time for which application threads were stopped: 0.0000667 seconds, Stopping threads took: 0.0000193 seconds
2017-08-01T02:21:39.114+0000: 12650.687: Total time for which application threads were stopped: 0.0001025 seconds, Stopping threads took: 0.0000458 seconds
2017-08-01T02:21:39.114+0000: 12650.687: Total time for which application threads were stopped: 0.0000685 seconds, Stopping threads took: 0.0000203 seconds
2017-08-01T02:21:39.114+0000: 12650.687: Total time for which application threads were stopped: 0.0000898 seconds, Stopping threads took: 0.0000247 seconds
2017-08-01T02:21:39.114+0000: 12650.688: Total time for which application threads were stopped: 0.0001181 seconds, Stopping threads took: 0.0000438 seconds
2017-08-01T02:21:39.114+0000: 12650.688: Total time for which application threads were stopped: 0.0000919 seconds, Stopping threads took: 0.0000208 seconds
2017-08-01T02:21:39.115+0000: 12650.688: Total time for which application threads were stopped: 0.0000673 seconds, Stopping threads took: 0.0000193 seconds
2017-08-01T02:21:39.115+0000: 12650.688: Total time for which application threads were stopped: 0.0001187 seconds, Stopping threads took: 0.0000450 seconds
2017-08-01T02:21:39.115+0000: 12650.688: Total time for which application threads were stopped: 0.0003059 seconds, Stopping threads took: 0.0000594 seconds
{Heap before GC invocations=196 (full 2):
 par new generation   total 153344K, used 142587K [0x0000000080000000, 0x000000008a660000, 0x000000008a660000)
  eden space 136320K, 100% used [0x0000000080000000, 0x0000000088520000, 0x0000000088520000)
  from space 17024K,  36% used [0x0000000088520000, 0x0000000088b3ec90, 0x00000000895c0000)
  to   space 17024K,   0% used [0x00000000895c0000, 0x00000000895c0000, 0x000000008a660000)
 concurrent mark-sweep generation total 1926784K, used 259638K [0x000000008a660000, 0x0000000100000000, 0x0000000100000000)
 Metaspace       used 86497K, capacity 92246K, committed 92568K, reserved 1130496K
  class space    used 10441K, capacity 10834K, committed 10912K, reserved 1048576K
2017-08-01T02:22:54.151+0000: 12725.725: [GC (Allocation Failure) Before GC:
Statistics for BinaryTreeDictionary:
------------------------------------
Total Free Space: 213262081
Max   Chunk Size: 213262081
Number of Blocks: 1
Av.  Block  Size: 213262081
Tree      Height: 1
2017-08-01T02:22:54.151+0000: 12725.725: [ParNew
Desired survivor size 8716288 bytes, new threshold 6 (max 6)
- age   1:    1378000 bytes,    1378000 total
- age   2:     681264 bytes,    2059264 total
- age   3:     642360 bytes,    2701624 total
- age   4:     554168 bytes,    3255792 total
- age   5:     579672 bytes,    3835464 total
- age   6:     486168 bytes,    4321632 total
: 142587K->6352K(153344K), 0.0228334 secs] 402225K->266506K(2080128K)After GC:
Statistics for BinaryTreeDictionary:
------------------------------------
Total Free Space: 213192847
Max   Chunk Size: 213192847
Number of Blocks: 1
Av.  Block  Size: 213192847
Tree      Height: 1
, 0.0229114 secs] [Times: user=0.06 sys=0.00, real=0.03 secs] 
Heap after GC invocations=197 (full 2):
 par new generation   total 153344K, used 6352K [0x0000000080000000, 0x000000008a660000, 0x000000008a660000)
  eden space 136320K,   0% used [0x0000000080000000, 0x0000000080000000, 0x0000000088520000)
  from space 17024K,  37% used [0x00000000895c0000, 0x0000000089bf4048, 0x000000008a660000)
  to   space 17024K,   0% used [0x0000000088520000, 0x0000000088520000, 0x00000000895c0000)
 concurrent mark-sweep generation total 1926784K, used 260153K [0x000000008a660000, 0x0000000100000000, 0x0000000100000000)
 Metaspace       used 86497K, capacity 92246K, committed 92568K, reserved 1130496K
  class space    used 10441K, capacity 10834K, committed 10912K, reserved 1048576K
}
2017-08-01T02:22:54.174+0000: 12725.748: Total time for which application threads were stopped: 0.0232104 seconds, Stopping threads took: 0.0000792 seconds
2017-08-01T02:22:54.175+0000: 12725.748: Total time for which application threads were stopped: 0.0001534 seconds, Stopping threads took: 0.0000408 seconds
2017-08-01T02:22:54.175+0000: 12725.748: Total time for which application threads were stopped: 0.0001013 seconds, Stopping threads took: 0.0000360 seconds
2017-08-01T02:22:54.175+0000: 12725.748: Total time for which application threads were stopped: 0.0001085 seconds, Stopping threads took: 0.0000431 seconds
2017-08-01T02:22:54.175+0000: 12725.748: Total time for which application threads were stopped: 0.0000708 seconds, Stopping threads took: 0.0000216 seconds
2017-08-01T02:22:54.175+0000: 12725.748: Total time for which application threads were stopped: 0.0001161 seconds, Stopping threads took: 0.0000540 seconds
2017-08-01T02:22:54.175+0000: 12725.749: Total time for which application threads were stopped: 0.0000674 seconds, Stopping threads took: 0.0000171 seconds
2017-08-01T02:22:54.175+0000: 12725.749: Total time for which application threads were stopped: 0.0000956 seconds, Stopping threads took: 0.0000314 seconds
2017-08-01T02:22:54.181+0000: 12725.755: Total time for which application threads were stopped: 0.0000731 seconds, Stopping threads took: 0.0000223 seconds
2017-08-01T02:22:54.182+0000: 12725.755: Total time for which application threads were stopped: 0.0000687 seconds, Stopping threads took: 0.0000199 seconds
2017-08-01T02:22:54.182+0000: 12725.755: Total time for which application threads were stopped: 0.0001180 seconds, Stopping threads took: 0.0000508 seconds
2017-08-01T02:22:54.182+0000: 12725.755: Total time for which application threads were stopped: 0.0001013 seconds, Stopping threads took: 0.0000202 seconds
2017-08-01T02:22:54.182+0000: 12725.755: Total time for which application threads were stopped: 0.0000735 seconds, Stopping threads took: 0.0000238 seconds
2017-08-01T02:22:54.182+0000: 12725.755: Total time for which application threads were stopped: 0.0000866 seconds, Stopping threads took: 0.0000178 seconds
2017-08-01T02:22:54.182+0000: 12725.755: Total time for which application threads were stopped: 0.0001276 seconds, Stopping threads took: 0.0000464 seconds
2017-08-01T02:22:54.182+0000: 12725.756: Total time for which application threads were stopped: 0.0000897 seconds, Stopping threads took: 0.0000207 seconds
2017-08-01T02:22:54.182+0000: 12725.756: Total time for which application threads were stopped: 0.0000662 seconds, Stopping threads took: 0.0000170 seconds
2017-08-01T02:22:54.182+0000: 12725.756: Total time for which application threads were stopped: 0.0000670 seconds, Stopping threads took: 0.0000182 seconds
2017-08-01T02:22:54.183+0000: 12725.756: Total time for which application threads were stopped: 0.0000728 seconds, Stopping threads took: 0.0000212 seconds
2017-08-01T02:22:54.183+0000: 12725.756: Total time for which application threads were stopped: 0.0001032 seconds, Stopping threads took: 0.0000221 seconds
2017-08-01T02:22:54.183+0000: 12725.756: Total time for which application threads were stopped: 0.0002449 seconds, Stopping threads took: 0.0000202 seconds
{Heap before GC invocations=197 (full 2):
 par new generation   total 153344K, used 142672K [0x0000000080000000, 0x000000008a660000, 0x000000008a660000)
  eden space 136320K, 100% used [0x0000000080000000, 0x0000000088520000, 0x0000000088520000)
  from space 17024K,  37% used [0x00000000895c0000, 0x0000000089bf4048, 0x000000008a660000)
  to   space 17024K,   0% used [0x0000000088520000, 0x0000000088520000, 0x00000000895c0000)
 concurrent mark-sweep generation total 1926784K, used 260153K [0x000000008a660000, 0x0000000100000000, 0x0000000100000000)
 Metaspace       used 86497K, capacity 92246K, committed 92568K, reserved 1130496K
  class space    used 10441K, capacity 10834K, committed 10912K, reserved 1048576K
2017-08-01T02:24:15.124+0000: 12806.697: [GC (Allocation Failure) Before GC:
Statistics for BinaryTreeDictionary:
------------------------------------
Total Free Space: 213192847
Max   Chunk Size: 213192847
Number of Blocks: 1
Av.  Block  Size: 213192847
Tree      Height: 1
2017-08-01T02:24:15.124+0000: 12806.697: [ParNew
Desired survivor size 8716288 bytes, new threshold 6 (max 6)
- age   1:    1527744 bytes,    1527744 total
- age   2:     666768 bytes,    2194512 total
- age   3:     612840 bytes,    2807352 total
- age   4:     589456 bytes,    3396808 total
- age   5:     490256 bytes,    3887064 total
- age   6:     568384 bytes,    4455448 total
: 142672K->6315K(153344K), 0.0232985 secs] 402826K->266945K(2080128K)After GC:
Statistics for BinaryTreeDictionary:
------------------------------------
Total Free Space: 213134797
Max   Chunk Size: 213134797
Number of Blocks: 1
Av.  Block  Size: 213134797
Tree      Height: 1
, 0.0233781 secs] [Times: user=0.06 sys=0.00, real=0.02 secs] 
Heap after GC invocations=198 (full 2):
 par new generation   total 153344K, used 6315K [0x0000000080000000, 0x000000008a660000, 0x000000008a660000)
  eden space 136320K,   0% used [0x0000000080000000, 0x0000000080000000, 0x0000000088520000)
  from space 17024K,  37% used [0x0000000088520000, 0x0000000088b4ada8, 0x00000000895c0000)
  to   space 17024K,   0% used [0x00000000895c0000, 0x00000000895c0000, 0x000000008a660000)
 concurrent mark-sweep generation total 1926784K, used 260630K [0x000000008a660000, 0x0000000100000000, 0x0000000100000000)
 Metaspace       used 86497K, capacity 92246K, committed 92568K, reserved 1130496K
  class space    used 10441K, capacity 10834K, committed 10912K, reserved 1048576K
}
2017-08-01T02:24:15.148+0000: 12806.721: Total time for which application threads were stopped: 0.0245886 seconds, Stopping threads took: 0.0009973 seconds
2017-08-01T02:24:15.148+0000: 12806.721: Total time for which application threads were stopped: 0.0001583 seconds, Stopping threads took: 0.0000471 seconds
2017-08-01T02:24:15.148+0000: 12806.721: Total time for which application threads were stopped: 0.0000859 seconds, Stopping threads took: 0.0000346 seconds
2017-08-01T02:24:15.150+0000: 12806.723: Total time for which application threads were stopped: 0.0001092 seconds, Stopping threads took: 0.0000453 seconds
2017-08-01T02:24:15.150+0000: 12806.723: Total time for which application threads were stopped: 0.0001079 seconds, Stopping threads took: 0.0000473 seconds
2017-08-01T02:24:15.151+0000: 12806.725: Total time for which application threads were stopped: 0.0001602 seconds, Stopping threads took: 0.0000967 seconds
2017-08-01T02:24:15.152+0000: 12806.725: Total time for which application threads were stopped: 0.0001062 seconds, Stopping threads took: 0.0000458 seconds
2017-08-01T02:24:15.152+0000: 12806.725: Total time for which application threads were stopped: 0.0001395 seconds, Stopping threads took: 0.0000662 seconds
2017-08-01T02:24:15.152+0000: 12806.725: Total time for which application threads were stopped: 0.0000939 seconds, Stopping threads took: 0.0000206 seconds
2017-08-01T02:24:15.152+0000: 12806.725: Total time for which application threads were stopped: 0.0001326 seconds, Stopping threads took: 0.0000653 seconds
2017-08-01T02:24:15.152+0000: 12806.726: Total time for which application threads were stopped: 0.0000686 seconds, Stopping threads took: 0.0000214 seconds
2017-08-01T02:24:15.152+0000: 12806.726: Total time for which application threads were stopped: 0.0000680 seconds, Stopping threads took: 0.0000217 seconds
2017-08-01T02:24:15.153+0000: 12806.726: Total time for which application threads were stopped: 0.0001327 seconds, Stopping threads took: 0.0000715 seconds
2017-08-01T02:24:15.153+0000: 12806.726: Total time for which application threads were stopped: 0.0001262 seconds, Stopping threads took: 0.0000447 seconds
2017-08-01T02:24:15.153+0000: 12806.727: Total time for which application threads were stopped: 0.0000658 seconds, Stopping threads took: 0.0000190 seconds
2017-08-01T02:24:15.153+0000: 12806.727: Total time for which application threads were stopped: 0.0001073 seconds, Stopping threads took: 0.0000299 seconds
2017-08-01T02:24:15.153+0000: 12806.727: Total time for which application threads were stopped: 0.0000681 seconds, Stopping threads took: 0.0000202 seconds
2017-08-01T02:24:15.154+0000: 12806.727: Total time for which application threads were stopped: 0.0000670 seconds, Stopping threads took: 0.0000192 seconds
2017-08-01T02:24:15.154+0000: 12806.727: Total time for which application threads were stopped: 0.0000671 seconds, Stopping threads took: 0.0000191 seconds
2017-08-01T02:24:15.154+0000: 12806.727: Total time for which application threads were stopped: 0.0000735 seconds, Stopping threads took: 0.0000252 seconds
2017-08-01T02:24:15.154+0000: 12806.727: Total time for which application threads were stopped: 0.0002482 seconds, Stopping threads took: 0.0000189 seconds
{Heap before GC invocations=198 (full 2):
 par new generation   total 153344K, used 142635K [0x0000000080000000, 0x000000008a660000, 0x000000008a660000)
  eden space 136320K, 100% used [0x0000000080000000, 0x0000000088520000, 0x0000000088520000)
  from space 17024K,  37% used [0x0000000088520000, 0x0000000088b4ada8, 0x00000000895c0000)
  to   space 17024K,   0% used [0x00000000895c0000, 0x00000000895c0000, 0x000000008a660000)
 concurrent mark-sweep generation total 1926784K, used 260630K [0x000000008a660000, 0x0000000100000000, 0x0000000100000000)
 Metaspace       used 86504K, capacity 92246K, committed 92568K, reserved 1130496K
  class space    used 10441K, capacity 10834K, committed 10912K, reserved 1048576K
2017-08-01T02:25:39.363+0000: 12890.936: [GC (Allocation Failure) Before GC:
Statistics for BinaryTreeDictionary:
------------------------------------
Total Free Space: 213134797
Max   Chunk Size: 213134797
Number of Blocks: 1
Av.  Block  Size: 213134797
Tree      Height: 1
2017-08-01T02:25:39.363+0000: 12890.936: [ParNew
Desired survivor size 8716288 bytes, new threshold 6 (max 6)
- age   1:    1432104 bytes,    1432104 total
- age   2:     743344 bytes,    2175448 total
- age   3:     585184 bytes,    2760632 total
- age   4:     585424 bytes,    3346056 total
- age   5:     525904 bytes,    3871960 total
- age   6:     481624 bytes,    4353584 total
: 142635K->6452K(153344K), 0.0237152 secs] 403265K->267640K(2080128K)After GC:
Statistics for BinaryTreeDictionary:
------------------------------------
Total Free Space: 213060052
Max   Chunk Size: 213060052
Number of Blocks: 1
Av.  Block  Size: 213060052
Tree      Height: 1
, 0.0237971 secs] [Times: user=0.06 sys=0.00, real=0.03 secs] 
Heap after GC invocations=199 (full 2):
 par new generation   total 153344K, used 6452K [0x0000000080000000, 0x000000008a660000, 0x000000008a660000)
  eden space 136320K,   0% used [0x0000000080000000, 0x0000000080000000, 0x0000000088520000)
  from space 17024K,  37% used [0x00000000895c0000, 0x0000000089c0d238, 0x000000008a660000)
  to   space 17024K,   0% used [0x0000000088520000, 0x0000000088520000, 0x00000000895c0000)
 concurrent mark-sweep generation total 1926784K, used 261187K [0x000000008a660000, 0x0000000100000000, 0x0000000100000000)
 Metaspace       used 86504K, capacity 92246K, committed 92568K, reserved 1130496K
  class space    used 10441K, capacity 10834K, committed 10912K, reserved 1048576K
}
2017-08-01T02:25:39.387+0000: 12890.960: Total time for which application threads were stopped: 0.0240600 seconds, Stopping threads took: 0.0000396 seconds
2017-08-01T02:25:39.393+0000: 12890.966: Total time for which application threads were stopped: 0.0001897 seconds, Stopping threads took: 0.0000778 seconds
2017-08-01T02:25:39.393+0000: 12890.966: Total time for which application threads were stopped: 0.0000707 seconds, Stopping threads took: 0.0000209 seconds
2017-08-01T02:25:39.393+0000: 12890.967: Total time for which application threads were stopped: 0.0000718 seconds, Stopping threads took: 0.0000244 seconds
2017-08-01T02:25:39.393+0000: 12890.967: Total time for which application threads were stopped: 0.0000684 seconds, Stopping threads took: 0.0000222 seconds
2017-08-01T02:25:39.393+0000: 12890.967: Total time for which application threads were stopped: 0.0000935 seconds, Stopping threads took: 0.0000249 seconds
2017-08-01T02:25:39.394+0000: 12890.967: Total time for which application threads were stopped: 0.0001110 seconds, Stopping threads took: 0.0000542 seconds
2017-08-01T02:25:39.394+0000: 12890.967: Total time for which application threads were stopped: 0.0001288 seconds, Stopping threads took: 0.0000563 seconds
2017-08-01T02:25:39.394+0000: 12890.967: Total time for which application threads were stopped: 0.0001465 seconds, Stopping threads took: 0.0000740 seconds
2017-08-01T02:25:39.394+0000: 12890.967: Total time for which application threads were stopped: 0.0001061 seconds, Stopping threads took: 0.0000386 seconds
2017-08-01T02:25:39.394+0000: 12890.968: Total time for which application threads were stopped: 0.0001158 seconds, Stopping threads took: 0.0000423 seconds
2017-08-01T02:25:39.394+0000: 12890.968: Total time for which application threads were stopped: 0.0001123 seconds, Stopping threads took: 0.0000531 seconds
2017-08-01T02:25:39.395+0000: 12890.968: Total time for which application threads were stopped: 0.0000673 seconds, Stopping threads took: 0.0000184 seconds
2017-08-01T02:25:39.395+0000: 12890.968: Total time for which application threads were stopped: 0.0000683 seconds, Stopping threads took: 0.0000183 seconds
2017-08-01T02:25:39.395+0000: 12890.968: Total time for which application threads were stopped: 0.0000820 seconds, Stopping threads took: 0.0000194 seconds
2017-08-01T02:25:39.395+0000: 12890.968: Total time for which application threads were stopped: 0.0000789 seconds, Stopping threads took: 0.0000287 seconds
2017-08-01T02:25:39.395+0000: 12890.969: Total time for which application threads were stopped: 0.0001025 seconds, Stopping threads took: 0.0000483 seconds
2017-08-01T02:25:39.395+0000: 12890.969: Total time for which application threads were stopped: 0.0000685 seconds, Stopping threads took: 0.0000195 seconds
2017-08-01T02:25:39.395+0000: 12890.969: Total time for which application threads were stopped: 0.0000668 seconds, Stopping threads took: 0.0000186 seconds
2017-08-01T02:25:39.396+0000: 12890.969: Total time for which application threads were stopped: 0.0000954 seconds, Stopping threads took: 0.0000300 seconds
2017-08-01T02:25:39.396+0000: 12890.969: Total time for which application threads were stopped: 0.0002918 seconds, Stopping threads took: 0.0000391 seconds
2017-08-01T02:25:44.516+0000: 12896.089: Total time for which application threads were stopped: 0.0002636 seconds, Stopping threads took: 0.0000821 seconds
2017-08-01T02:25:44.516+0000: 12896.089: Total time for which application threads were stopped: 0.0000971 seconds, Stopping threads took: 0.0000219 seconds
2017-08-01T02:25:44.516+0000: 12896.090: Total time for which application threads were stopped: 0.0001152 seconds, Stopping threads took: 0.0000208 seconds
2017-08-01T02:25:44.516+0000: 12896.090: Total time for which application threads were stopped: 0.0001071 seconds, Stopping threads took: 0.0000191 seconds
2017-08-01T02:25:44.517+0000: 12896.090: Total time for which application threads were stopped: 0.0001225 seconds, Stopping threads took: 0.0000286 seconds
2017-08-01T02:25:44.517+0000: 12896.090: Total time for which application threads were stopped: 0.0000848 seconds, Stopping threads took: 0.0000185 seconds
{Heap before GC invocations=199 (full 2):
 par new generation   total 153344K, used 142772K [0x0000000080000000, 0x000000008a660000, 0x000000008a660000)
  eden space 136320K, 100% used [0x0000000080000000, 0x0000000088520000, 0x0000000088520000)
  from space 17024K,  37% used [0x00000000895c0000, 0x0000000089c0d238, 0x000000008a660000)
  to   space 17024K,   0% used [0x0000000088520000, 0x0000000088520000, 0x00000000895c0000)
 concurrent mark-sweep generation total 1926784K, used 261187K [0x000000008a660000, 0x0000000100000000, 0x0000000100000000)
 Metaspace       used 86504K, capacity 92246K, committed 92568K, reserved 1130496K
  class space    used 10441K, capacity 10834K, committed 10912K, reserved 1048576K
2017-08-01T02:26:55.995+0000: 12967.568: [GC (Allocation Failure) Before GC:
Statistics for BinaryTreeDictionary:
------------------------------------
Total Free Space: 213060052
Max   Chunk Size: 213060052
Number of Blocks: 1
Av.  Block  Size: 213060052
Tree      Height: 1
2017-08-01T02:26:55.995+0000: 12967.568: [ParNew
Desired survivor size 8716288 bytes, new threshold 6 (max 6)
- age   1:    1295632 bytes,    1295632 total
- age   2:     711808 bytes,    2007440 total
- age   3:     681936 bytes,    2689376 total
- age   4:     516208 bytes,    3205584 total
- age   5:     569568 bytes,    3775152 total
- age   6:     516200 bytes,    4291352 total
: 142772K->6327K(153344K), 0.0240246 secs] 403960K->267989K(2080128K)After GC:
Statistics for BinaryTreeDictionary:
------------------------------------
Total Free Space: 212999971
Max   Chunk Size: 212999971
Number of Blocks: 1
Av.  Block  Size: 212999971
Tree      Height: 1
, 0.0241129 secs] [Times: user=0.06 sys=0.00, real=0.02 secs] 
Heap after GC invocations=200 (full 2):
 par new generation   total 153344K, used 6327K [0x0000000080000000, 0x000000008a660000, 0x000000008a660000)
  eden space 136320K,   0% used [0x0000000080000000, 0x0000000080000000, 0x0000000088520000)
  from space 17024K,  37% used [0x0000000088520000, 0x0000000088b4dd10, 0x00000000895c0000)
  to   space 17024K,   0% used [0x00000000895c0000, 0x00000000895c0000, 0x000000008a660000)
 concurrent mark-sweep generation total 1926784K, used 261662K [0x000000008a660000, 0x0000000100000000, 0x0000000100000000)
 Metaspace       used 86504K, capacity 92246K, committed 92568K, reserved 1130496K
  class space    used 10441K, capacity 10834K, committed 10912K, reserved 1048576K
}
2017-08-01T02:26:56.019+0000: 12967.592: Total time for which application threads were stopped: 0.0243981 seconds, Stopping threads took: 0.0000581 seconds
2017-08-01T02:26:56.020+0000: 12967.593: Total time for which application threads were stopped: 0.0001788 seconds, Stopping threads took: 0.0000592 seconds
2017-08-01T02:26:56.020+0000: 12967.593: Total time for which application threads were stopped: 0.0001073 seconds, Stopping threads took: 0.0000450 seconds
2017-08-01T02:26:56.020+0000: 12967.593: Total time for which application threads were stopped: 0.0001380 seconds, Stopping threads took: 0.0000557 seconds
2017-08-01T02:26:56.020+0000: 12967.593: Total time for which application threads were stopped: 0.0000942 seconds, Stopping threads took: 0.0000222 seconds
2017-08-01T02:26:56.020+0000: 12967.593: Total time for which application threads were stopped: 0.0000687 seconds, Stopping threads took: 0.0000203 seconds
2017-08-01T02:26:56.020+0000: 12967.593: Total time for which application threads were stopped: 0.0000745 seconds, Stopping threads took: 0.0000263 seconds
2017-08-01T02:26:56.020+0000: 12967.594: Total time for which application threads were stopped: 0.0000709 seconds, Stopping threads took: 0.0000187 seconds
2017-08-01T02:26:56.020+0000: 12967.594: Total time for which application threads were stopped: 0.0001056 seconds, Stopping threads took: 0.0000470 seconds
2017-08-01T02:26:56.021+0000: 12967.594: Total time for which application threads were stopped: 0.0001120 seconds, Stopping threads took: 0.0000514 seconds
2017-08-01T02:26:56.021+0000: 12967.594: Total time for which application threads were stopped: 0.0000879 seconds, Stopping threads took: 0.0000246 seconds
2017-08-01T02:26:56.021+0000: 12967.594: Total time for which application threads were stopped: 0.0001087 seconds, Stopping threads took: 0.0000509 seconds
2017-08-01T02:26:56.021+0000: 12967.594: Total time for which application threads were stopped: 0.0000681 seconds, Stopping threads took: 0.0000207 seconds
2017-08-01T02:26:56.021+0000: 12967.594: Total time for which application threads were stopped: 0.0000762 seconds, Stopping threads took: 0.0000191 seconds
2017-08-01T02:26:56.021+0000: 12967.594: Total time for which application threads were stopped: 0.0000679 seconds, Stopping threads took: 0.0000205 seconds
2017-08-01T02:26:56.021+0000: 12967.595: Total time for which application threads were stopped: 0.0000883 seconds, Stopping threads took: 0.0000189 seconds
2017-08-01T02:26:56.021+0000: 12967.595: Total time for which application threads were stopped: 0.0000930 seconds, Stopping threads took: 0.0000356 seconds
2017-08-01T02:26:56.022+0000: 12967.595: Total time for which application threads were stopped: 0.0001130 seconds, Stopping threads took: 0.0000282 seconds
2017-08-01T02:26:56.022+0000: 12967.595: Total time for which application threads were stopped: 0.0000960 seconds, Stopping threads took: 0.0000215 seconds
2017-08-01T02:26:56.022+0000: 12967.595: Total time for which application threads were stopped: 0.0000944 seconds, Stopping threads took: 0.0000434 seconds
2017-08-01T02:26:56.022+0000: 12967.595: Total time for which application threads were stopped: 0.0002355 seconds, Stopping threads took: 0.0000221 seconds
{Heap before GC invocations=200 (full 2):
 par new generation   total 153344K, used 142647K [0x0000000080000000, 0x000000008a660000, 0x000000008a660000)
  eden space 136320K, 100% used [0x0000000080000000, 0x0000000088520000, 0x0000000088520000)
  from space 17024K,  37% used [0x0000000088520000, 0x0000000088b4dd10, 0x00000000895c0000)
  to   space 17024K,   0% used [0x00000000895c0000, 0x00000000895c0000, 0x000000008a660000)
 concurrent mark-sweep generation total 1926784K, used 261662K [0x000000008a660000, 0x0000000100000000, 0x0000000100000000)
 Metaspace       used 86504K, capacity 92246K, committed 92568K, reserved 1130496K
  class space    used 10441K, capacity 10834K, committed 10912K, reserved 1048576K
2017-08-01T02:28:20.055+0000: 13051.628: [GC (Allocation Failure) Before GC:
Statistics for BinaryTreeDictionary:
------------------------------------
Total Free Space: 212999971
Max   Chunk Size: 212999971
Number of Blocks: 1
Av.  Block  Size: 212999971
Tree      Height: 1
2017-08-01T02:28:20.055+0000: 13051.628: [ParNew
Desired survivor size 8716288 bytes, new threshold 6 (max 6)
- age   1:    1421560 bytes,    1421560 total
- age   2:     601088 bytes,    2022648 total
- age   3:     644896 bytes,    2667544 total
- age   4:     633616 bytes,    3301160 total
- age   5:     500712 bytes,    3801872 total
- age   6:     560288 bytes,    4362160 total
: 142647K->6339K(153344K), 0.0233080 secs] 404309K->268507K(2080128K)After GC:
Statistics for BinaryTreeDictionary:
------------------------------------
Total Free Space: 212937648
Max   Chunk Size: 212937648
Number of Blocks: 1
Av.  Block  Size: 212937648
Tree      Height: 1
, 0.0233859 secs] [Times: user=0.05 sys=0.00, real=0.02 secs] 
Heap after GC invocations=201 (full 2):
 par new generation   total 153344K, used 6339K [0x0000000080000000, 0x000000008a660000, 0x000000008a660000)
  eden space 136320K,   0% used [0x0000000080000000, 0x0000000080000000, 0x0000000088520000)
  from space 17024K,  37% used [0x00000000895c0000, 0x0000000089bf0c40, 0x000000008a660000)
  to   space 17024K,   0% used [0x0000000088520000, 0x0000000088520000, 0x00000000895c0000)
 concurrent mark-sweep generation total 1926784K, used 262168K [0x000000008a660000, 0x0000000100000000, 0x0000000100000000)
 Metaspace       used 86504K, capacity 92246K, committed 92568K, reserved 1130496K
  class space    used 10441K, capacity 10834K, committed 10912K, reserved 1048576K
}
2017-08-01T02:28:20.078+0000: 13051.652: Total time for which application threads were stopped: 0.0236783 seconds, Stopping threads took: 0.0000576 seconds
2017-08-01T02:28:20.079+0000: 13051.652: Total time for which application threads were stopped: 0.0001582 seconds, Stopping threads took: 0.0000362 seconds
2017-08-01T02:28:20.079+0000: 13051.652: Total time for which application threads were stopped: 0.0000687 seconds, Stopping threads took: 0.0000199 seconds
2017-08-01T02:28:20.079+0000: 13051.652: Total time for which application threads were stopped: 0.0001155 seconds, Stopping threads took: 0.0000529 seconds
2017-08-01T02:28:20.079+0000: 13051.652: Total time for which application threads were stopped: 0.0000680 seconds, Stopping threads took: 0.0000196 seconds
2017-08-01T02:28:20.079+0000: 13051.653: Total time for which application threads were stopped: 0.0001253 seconds, Stopping threads took: 0.0000535 seconds
2017-08-01T02:28:20.079+0000: 13051.653: Total time for which application threads were stopped: 0.0000983 seconds, Stopping threads took: 0.0000264 seconds
2017-08-01T02:28:20.080+0000: 13051.653: Total time for which application threads were stopped: 0.0001214 seconds, Stopping threads took: 0.0000463 seconds
2017-08-01T02:28:20.080+0000: 13051.653: Total time for which application threads were stopped: 0.0001050 seconds, Stopping threads took: 0.0000423 seconds
2017-08-01T02:28:20.080+0000: 13051.653: Total time for which application threads were stopped: 0.0001263 seconds, Stopping threads took: 0.0000430 seconds
2017-08-01T02:28:20.080+0000: 13051.653: Total time for which application threads were stopped: 0.0001054 seconds, Stopping threads took: 0.0000304 seconds
2017-08-01T02:28:20.080+0000: 13051.653: Total time for which application threads were stopped: 0.0000720 seconds, Stopping threads took: 0.0000189 seconds
2017-08-01T02:28:20.080+0000: 13051.653: Total time for which application threads were stopped: 0.0001226 seconds, Stopping threads took: 0.0000427 seconds
2017-08-01T02:28:20.080+0000: 13051.654: Total time for which application threads were stopped: 0.0000942 seconds, Stopping threads took: 0.0000313 seconds
2017-08-01T02:28:20.080+0000: 13051.654: Total time for which application threads were stopped: 0.0001149 seconds, Stopping threads took: 0.0000363 seconds
2017-08-01T02:28:20.081+0000: 13051.654: Total time for which application threads were stopped: 0.0001025 seconds, Stopping threads took: 0.0000405 seconds
2017-08-01T02:28:20.081+0000: 13051.654: Total time for which application threads were stopped: 0.0001033 seconds, Stopping threads took: 0.0000407 seconds
2017-08-01T02:28:20.081+0000: 13051.654: Total time for which application threads were stopped: 0.0001165 seconds, Stopping threads took: 0.0000441 seconds
2017-08-01T02:28:20.081+0000: 13051.654: Total time for which application threads were stopped: 0.0001157 seconds, Stopping threads took: 0.0000421 seconds
2017-08-01T02:28:20.081+0000: 13051.654: Total time for which application threads were stopped: 0.0001092 seconds, Stopping threads took: 0.0000409 seconds
2017-08-01T02:28:20.082+0000: 13051.655: Total time for which application threads were stopped: 0.0002181 seconds, Stopping threads took: 0.0000234 seconds
2017-08-01T02:28:22.256+0000: 13053.830: Total time for which application threads were stopped: 0.0002221 seconds, Stopping threads took: 0.0000424 seconds
2017-08-01T02:28:22.256+0000: 13053.830: Total time for which application threads were stopped: 0.0000949 seconds, Stopping threads took: 0.0000202 seconds
2017-08-01T02:28:22.257+0000: 13053.830: Total time for which application threads were stopped: 0.0001251 seconds, Stopping threads took: 0.0000188 seconds
2017-08-01T02:28:22.257+0000: 13053.830: Total time for which application threads were stopped: 0.0000854 seconds, Stopping threads took: 0.0000187 seconds
2017-08-01T02:28:22.257+0000: 13053.830: Total time for which application threads were stopped: 0.0001032 seconds, Stopping threads took: 0.0000184 seconds
2017-08-01T02:28:22.257+0000: 13053.830: Total time for which application threads were stopped: 0.0000893 seconds, Stopping threads took: 0.0000190 seconds
{Heap before GC invocations=201 (full 2):
 par new generation   total 153344K, used 142659K [0x0000000080000000, 0x000000008a660000, 0x000000008a660000)
  eden space 136320K, 100% used [0x0000000080000000, 0x0000000088520000, 0x0000000088520000)
  from space 17024K,  37% used [0x00000000895c0000, 0x0000000089bf0c40, 0x000000008a660000)
  to   space 17024K,   0% used [0x0000000088520000, 0x0000000088520000, 0x00000000895c0000)
 concurrent mark-sweep generation total 1926784K, used 262168K [0x000000008a660000, 0x0000000100000000, 0x0000000100000000)
 Metaspace       used 86510K, capacity 92246K, committed 92568K, reserved 1130496K
  class space    used 10441K, capacity 10834K, committed 10912K, reserved 1048576K
2017-08-01T02:29:45.433+0000: 13137.006: [GC (Allocation Failure) Before GC:
Statistics for BinaryTreeDictionary:
------------------------------------
Total Free Space: 212937648
Max   Chunk Size: 212937648
Number of Blocks: 1
Av.  Block  Size: 212937648
Tree      Height: 1
2017-08-01T02:29:45.433+0000: 13137.006: [ParNew
Desired survivor size 8716288 bytes, new threshold 6 (max 6)
- age   1:    1449272 bytes,    1449272 total
- age   2:     687584 bytes,    2136856 total
- age   3:     543512 bytes,    2680368 total
- age   4:     596352 bytes,    3276720 total
- age   5:     570784 bytes,    3847504 total
- age   6:     493376 bytes,    4340880 total
: 142659K->6355K(153344K), 0.0233747 secs] 404827K->269072K(2080128K)After GC:
Statistics for BinaryTreeDictionary:
------------------------------------
Total Free Space: 212865460
Max   Chunk Size: 212865460
Number of Blocks: 1
Av.  Block  Size: 212865460
Tree      Height: 1
, 0.0234608 secs] [Times: user=0.06 sys=0.00, real=0.03 secs] 
Heap after GC invocations=202 (full 2):
 par new generation   total 153344K, used 6355K [0x0000000080000000, 0x000000008a660000, 0x000000008a660000)
  eden space 136320K,   0% used [0x0000000080000000, 0x0000000080000000, 0x0000000088520000)
  from space 17024K,  37% used [0x0000000088520000, 0x0000000088b54e20, 0x00000000895c0000)
  to   space 17024K,   0% used [0x00000000895c0000, 0x00000000895c0000, 0x000000008a660000)
 concurrent mark-sweep generation total 1926784K, used 262716K [0x000000008a660000, 0x0000000100000000, 0x0000000100000000)
 Metaspace       used 86510K, capacity 92246K, committed 92568K, reserved 1130496K
  class space    used 10441K, capacity 10834K, committed 10912K, reserved 1048576K
}
2017-08-01T02:29:45.456+0000: 13137.030: Total time for which application threads were stopped: 0.0237447 seconds, Stopping threads took: 0.0000684 seconds
2017-08-01T02:29:45.456+0000: 13137.030: Total time for which application threads were stopped: 0.0001282 seconds, Stopping threads took: 0.0000346 seconds
2017-08-01T02:29:45.457+0000: 13137.030: Total time for which application threads were stopped: 0.0000772 seconds, Stopping threads took: 0.0000266 seconds
2017-08-01T02:29:45.457+0000: 13137.030: Total time for which application threads were stopped: 0.0001014 seconds, Stopping threads took: 0.0000417 seconds
2017-08-01T02:29:45.457+0000: 13137.030: Total time for which application threads were stopped: 0.0001050 seconds, Stopping threads took: 0.0000429 seconds
2017-08-01T02:29:45.463+0000: 13137.036: Total time for which application threads were stopped: 0.0001145 seconds, Stopping threads took: 0.0000399 seconds
2017-08-01T02:29:45.463+0000: 13137.037: Total time for which application threads were stopped: 0.0000678 seconds, Stopping threads took: 0.0000200 seconds
2017-08-01T02:29:45.463+0000: 13137.037: Total time for which application threads were stopped: 0.0000655 seconds, Stopping threads took: 0.0000184 seconds
2017-08-01T02:29:45.464+0000: 13137.037: Total time for which application threads were stopped: 0.0001066 seconds, Stopping threads took: 0.0000468 seconds
2017-08-01T02:29:45.464+0000: 13137.037: Total time for which application threads were stopped: 0.0001010 seconds, Stopping threads took: 0.0000449 seconds
2017-08-01T02:29:45.464+0000: 13137.037: Total time for which application threads were stopped: 0.0001021 seconds, Stopping threads took: 0.0000421 seconds
2017-08-01T02:29:45.464+0000: 13137.037: Total time for which application threads were stopped: 0.0001000 seconds, Stopping threads took: 0.0000436 seconds
2017-08-01T02:29:45.464+0000: 13137.037: Total time for which application threads were stopped: 0.0000649 seconds, Stopping threads took: 0.0000187 seconds
2017-08-01T02:29:45.464+0000: 13137.037: Total time for which application threads were stopped: 0.0000962 seconds, Stopping threads took: 0.0000405 seconds
2017-08-01T02:29:45.464+0000: 13137.038: Total time for which application threads were stopped: 0.0000690 seconds, Stopping threads took: 0.0000219 seconds
2017-08-01T02:29:45.464+0000: 13137.038: Total time for which application threads were stopped: 0.0000749 seconds, Stopping threads took: 0.0000205 seconds
2017-08-01T02:29:45.464+0000: 13137.038: Total time for which application threads were stopped: 0.0000682 seconds, Stopping threads took: 0.0000219 seconds
2017-08-01T02:29:45.465+0000: 13137.038: Total time for which application threads were stopped: 0.0000666 seconds, Stopping threads took: 0.0000208 seconds
2017-08-01T02:29:45.465+0000: 13137.038: Total time for which application threads were stopped: 0.0000969 seconds, Stopping threads took: 0.0000414 seconds
2017-08-01T02:29:45.465+0000: 13137.038: Total time for which application threads were stopped: 0.0001029 seconds, Stopping threads took: 0.0000467 seconds
2017-08-01T02:29:45.465+0000: 13137.038: Total time for which application threads were stopped: 0.0002522 seconds, Stopping threads took: 0.0000174 seconds
2017-08-01T02:29:59.466+0000: 13151.040: Total time for which application threads were stopped: 0.0001941 seconds, Stopping threads took: 0.0000564 seconds
2017-08-01T02:30:12.366+0000: 13163.939: Total time for which application threads were stopped: 0.0002332 seconds, Stopping threads took: 0.0000528 seconds
2017-08-01T02:30:12.366+0000: 13163.939: Total time for which application threads were stopped: 0.0000949 seconds, Stopping threads took: 0.0000201 seconds
2017-08-01T02:30:12.366+0000: 13163.940: Total time for which application threads were stopped: 0.0001064 seconds, Stopping threads took: 0.0000187 seconds
2017-08-01T02:30:12.366+0000: 13163.940: Total time for which application threads were stopped: 0.0000879 seconds, Stopping threads took: 0.0000189 seconds
2017-08-01T02:30:12.367+0000: 13163.940: Total time for which application threads were stopped: 0.0000896 seconds, Stopping threads took: 0.0000181 seconds
2017-08-01T02:30:12.367+0000: 13163.940: Total time for which application threads were stopped: 0.0000852 seconds, Stopping threads took: 0.0000191 seconds
{Heap before GC invocations=202 (full 2):
 par new generation   total 153344K, used 142675K [0x0000000080000000, 0x000000008a660000, 0x000000008a660000)
  eden space 136320K, 100% used [0x0000000080000000, 0x0000000088520000, 0x0000000088520000)
  from space 17024K,  37% used [0x0000000088520000, 0x0000000088b54e20, 0x00000000895c0000)
  to   space 17024K,   0% used [0x00000000895c0000, 0x00000000895c0000, 0x000000008a660000)
 concurrent mark-sweep generation total 1926784K, used 262716K [0x000000008a660000, 0x0000000100000000, 0x0000000100000000)
 Metaspace       used 86556K, capacity 92316K, committed 92568K, reserved 1130496K
  class space    used 10447K, capacity 10835K, committed 10912K, reserved 1048576K
2017-08-01T02:30:57.426+0000: 13209.000: [GC (Allocation Failure) Before GC:
Statistics for BinaryTreeDictionary:
------------------------------------
Total Free Space: 212865460
Max   Chunk Size: 212865460
Number of Blocks: 1
Av.  Block  Size: 212865460
Tree      Height: 1
2017-08-01T02:30:57.426+0000: 13209.000: [ParNew
Desired survivor size 8716288 bytes, new threshold 6 (max 6)
- age   1:    1468392 bytes,    1468392 total
- age   2:     712816 bytes,    2181208 total
- age   3:     602456 bytes,    2783664 total
- age   4:     521608 bytes,    3305272 total
- age   5:     534024 bytes,    3839296 total
- age   6:     558600 bytes,    4397896 total
: 142675K->6358K(153344K), 0.0235145 secs] 405392K->269558K(2080128K)After GC:
Statistics for BinaryTreeDictionary:
------------------------------------
Total Free Space: 212805798
Max   Chunk Size: 212805798
Number of Blocks: 1
Av.  Block  Size: 212805798
Tree      Height: 1
, 0.0236205 secs] [Times: user=0.05 sys=0.00, real=0.02 secs] 
Heap after GC invocations=203 (full 2):
 par new generation   total 153344K, used 6358K [0x0000000080000000, 0x000000008a660000, 0x000000008a660000)
  eden space 136320K,   0% used [0x0000000080000000, 0x0000000080000000, 0x0000000088520000)
  from space 17024K,  37% used [0x00000000895c0000, 0x0000000089bf59b0, 0x000000008a660000)
  to   space 17024K,   0% used [0x0000000088520000, 0x0000000088520000, 0x00000000895c0000)
 concurrent mark-sweep generation total 1926784K, used 263199K [0x000000008a660000, 0x0000000100000000, 0x0000000100000000)
 Metaspace       used 86556K, capacity 92316K, committed 92568K, reserved 1130496K
  class space    used 10447K, capacity 10835K, committed 10912K, reserved 1048576K
}
2017-08-01T02:30:57.450+0000: 13209.023: Total time for which application threads were stopped: 0.0239137 seconds, Stopping threads took: 0.0000859 seconds
2017-08-01T02:30:57.450+0000: 13209.024: Total time for which application threads were stopped: 0.0001981 seconds, Stopping threads took: 0.0000629 seconds
2017-08-01T02:30:57.451+0000: 13209.024: Total time for which application threads were stopped: 0.0001015 seconds, Stopping threads took: 0.0000375 seconds
2017-08-01T02:30:57.451+0000: 13209.024: Total time for which application threads were stopped: 0.0001055 seconds, Stopping threads took: 0.0000444 seconds
2017-08-01T02:30:57.451+0000: 13209.024: Total time for which application threads were stopped: 0.0001213 seconds, Stopping threads took: 0.0000449 seconds
2017-08-01T02:30:57.451+0000: 13209.024: Total time for which application threads were stopped: 0.0001105 seconds, Stopping threads took: 0.0000243 seconds
2017-08-01T02:30:57.451+0000: 13209.025: Total time for which application threads were stopped: 0.0001675 seconds, Stopping threads took: 0.0000995 seconds
2017-08-01T02:30:57.451+0000: 13209.025: Total time for which application threads were stopped: 0.0001023 seconds, Stopping threads took: 0.0000274 seconds
2017-08-01T02:30:57.452+0000: 13209.025: Total time for which application threads were stopped: 0.0001054 seconds, Stopping threads took: 0.0000448 seconds
2017-08-01T02:30:57.452+0000: 13209.025: Total time for which application threads were stopped: 0.0000689 seconds, Stopping threads took: 0.0000193 seconds
2017-08-01T02:30:57.452+0000: 13209.025: Total time for which application threads were stopped: 0.0001056 seconds, Stopping threads took: 0.0000453 seconds
2017-08-01T02:30:57.452+0000: 13209.025: Total time for which application threads were stopped: 0.0001085 seconds, Stopping threads took: 0.0000335 seconds
2017-08-01T02:30:57.452+0000: 13209.025: Total time for which application threads were stopped: 0.0000855 seconds, Stopping threads took: 0.0000287 seconds
2017-08-01T02:30:57.452+0000: 13209.025: Total time for which application threads were stopped: 0.0000689 seconds, Stopping threads took: 0.0000217 seconds
2017-08-01T02:30:57.452+0000: 13209.025: Total time for which application threads were stopped: 0.0001040 seconds, Stopping threads took: 0.0000474 seconds
2017-08-01T02:30:57.452+0000: 13209.026: Total time for which application threads were stopped: 0.0000905 seconds, Stopping threads took: 0.0000422 seconds
2017-08-01T02:30:57.452+0000: 13209.026: Total time for which application threads were stopped: 0.0000649 seconds, Stopping threads took: 0.0000183 seconds
2017-08-01T02:30:57.453+0000: 13209.026: Total time for which application threads were stopped: 0.0000659 seconds, Stopping threads took: 0.0000190 seconds
2017-08-01T02:30:57.453+0000: 13209.026: Total time for which application threads were stopped: 0.0001141 seconds, Stopping threads took: 0.0000448 seconds
2017-08-01T02:30:57.453+0000: 13209.026: Total time for which application threads were stopped: 0.0000704 seconds, Stopping threads took: 0.0000200 seconds
2017-08-01T02:30:57.453+0000: 13209.026: Total time for which application threads were stopped: 0.0002168 seconds, Stopping threads took: 0.0000355 seconds
2017-08-01T02:32:12.460+0000: 13284.033: Total time for which application threads were stopped: 0.0001536 seconds, Stopping threads took: 0.0000486 seconds
{Heap before GC invocations=203 (full 2):
 par new generation   total 153344K, used 142678K [0x0000000080000000, 0x000000008a660000, 0x000000008a660000)
  eden space 136320K, 100% used [0x0000000080000000, 0x0000000088520000, 0x0000000088520000)
  from space 17024K,  37% used [0x00000000895c0000, 0x0000000089bf59b0, 0x000000008a660000)
  to   space 17024K,   0% used [0x0000000088520000, 0x0000000088520000, 0x00000000895c0000)
 concurrent mark-sweep generation total 1926784K, used 263199K [0x000000008a660000, 0x0000000100000000, 0x0000000100000000)
 Metaspace       used 86556K, capacity 92316K, committed 92568K, reserved 1130496K
  class space    used 10447K, capacity 10835K, committed 10912K, reserved 1048576K
2017-08-01T02:32:21.838+0000: 13293.411: [GC (Allocation Failure) Before GC:
Statistics for BinaryTreeDictionary:
------------------------------------
Total Free Space: 212805798
Max   Chunk Size: 212805798
Number of Blocks: 1
Av.  Block  Size: 212805798
Tree      Height: 1
2017-08-01T02:32:21.838+0000: 13293.411: [ParNew
Desired survivor size 8716288 bytes, new threshold 6 (max 6)
- age   1:    1349872 bytes,    1349872 total
- age   2:     717544 bytes,    2067416 total
- age   3:     648416 bytes,    2715832 total
- age   4:     530576 bytes,    3246408 total
- age   5:     506040 bytes,    3752448 total
- age   6:     523488 bytes,    4275936 total
: 142678K->6322K(153344K), 0.0233039 secs] 405878K->270070K(2080128K)After GC:
Statistics for BinaryTreeDictionary:
------------------------------------
Total Free Space: 212737637
Max   Chunk Size: 212737637
Number of Blocks: 1
Av.  Block  Size: 212737637
Tree      Height: 1
, 0.0233915 secs] [Times: user=0.06 sys=0.00, real=0.02 secs] 
Heap after GC invocations=204 (full 2):
 par new generation   total 153344K, used 6322K [0x0000000080000000, 0x000000008a660000, 0x000000008a660000)
  eden space 136320K,   0% used [0x0000000080000000, 0x0000000080000000, 0x0000000088520000)
  from space 17024K,  37% used [0x0000000088520000, 0x0000000088b4ca00, 0x00000000895c0000)
  to   space 17024K,   0% used [0x00000000895c0000, 0x00000000895c0000, 0x000000008a660000)
 concurrent mark-sweep generation total 1926784K, used 263747K [0x000000008a660000, 0x0000000100000000, 0x0000000100000000)
 Metaspace       used 86556K, capacity 92316K, committed 92568K, reserved 1130496K
  class space    used 10447K, capacity 10835K, committed 10912K, reserved 1048576K
}
2017-08-01T02:32:21.862+0000: 13293.435: Total time for which application threads were stopped: 0.0236872 seconds, Stopping threads took: 0.0000866 seconds
2017-08-01T02:32:21.869+0000: 13293.442: Total time for which application threads were stopped: 0.0002189 seconds, Stopping threads took: 0.0000606 seconds
2017-08-01T02:32:21.869+0000: 13293.442: Total time for which application threads were stopped: 0.0001102 seconds, Stopping threads took: 0.0000477 seconds
2017-08-01T02:32:21.869+0000: 13293.443: Total time for which application threads were stopped: 0.0001321 seconds, Stopping threads took: 0.0000600 seconds
2017-08-01T02:32:21.869+0000: 13293.443: Total time for which application threads were stopped: 0.0000895 seconds, Stopping threads took: 0.0000139 seconds
2017-08-01T02:32:21.870+0000: 13293.443: Total time for which application threads were stopped: 0.0000826 seconds, Stopping threads took: 0.0000311 seconds
2017-08-01T02:32:21.870+0000: 13293.443: Total time for which application threads were stopped: 0.0001081 seconds, Stopping threads took: 0.0000479 seconds
2017-08-01T02:32:21.870+0000: 13293.443: Total time for which application threads were stopped: 0.0001244 seconds, Stopping threads took: 0.0000604 seconds
2017-08-01T02:32:21.870+0000: 13293.443: Total time for which application threads were stopped: 0.0001272 seconds, Stopping threads took: 0.0000655 seconds
2017-08-01T02:32:21.870+0000: 13293.443: Total time for which application threads were stopped: 0.0000934 seconds, Stopping threads took: 0.0000195 seconds
2017-08-01T02:32:21.870+0000: 13293.444: Total time for which application threads were stopped: 0.0000857 seconds, Stopping threads took: 0.0000319 seconds
2017-08-01T02:32:21.870+0000: 13293.444: Total time for which application threads were stopped: 0.0000721 seconds, Stopping threads took: 0.0000194 seconds
2017-08-01T02:32:21.870+0000: 13293.444: Total time for which application threads were stopped: 0.0000835 seconds, Stopping threads took: 0.0000129 seconds
2017-08-01T02:32:21.871+0000: 13293.444: Total time for which application threads were stopped: 0.0000712 seconds, Stopping threads took: 0.0000183 seconds
2017-08-01T02:32:21.871+0000: 13293.444: Total time for which application threads were stopped: 0.0000709 seconds, Stopping threads took: 0.0000189 seconds
2017-08-01T02:32:21.871+0000: 13293.444: Total time for which application threads were stopped: 0.0001037 seconds, Stopping threads took: 0.0000287 seconds
2017-08-01T02:32:21.871+0000: 13293.444: Total time for which application threads were stopped: 0.0000784 seconds, Stopping threads took: 0.0000242 seconds
2017-08-01T02:32:21.871+0000: 13293.445: Total time for which application threads were stopped: 0.0001040 seconds, Stopping threads took: 0.0000447 seconds
2017-08-01T02:32:21.871+0000: 13293.445: Total time for which application threads were stopped: 0.0001074 seconds, Stopping threads took: 0.0000282 seconds
2017-08-01T02:32:21.872+0000: 13293.445: Total time for which application threads were stopped: 0.0000731 seconds, Stopping threads took: 0.0000196 seconds
2017-08-01T02:32:21.872+0000: 13293.445: Total time for which application threads were stopped: 0.0002925 seconds, Stopping threads took: 0.0000226 seconds
2017-08-01T02:32:27.873+0000: 13299.446: Total time for which application threads were stopped: 0.0001595 seconds, Stopping threads took: 0.0000555 seconds
2017-08-01T02:33:21.880+0000: 13353.453: Total time for which application threads were stopped: 0.0001833 seconds, Stopping threads took: 0.0000659 seconds
{Heap before GC invocations=204 (full 2):
 par new generation   total 153344K, used 142642K [0x0000000080000000, 0x000000008a660000, 0x000000008a660000)
  eden space 136320K, 100% used [0x0000000080000000, 0x0000000088520000, 0x0000000088520000)
  from space 17024K,  37% used [0x0000000088520000, 0x0000000088b4ca00, 0x00000000895c0000)
  to   space 17024K,   0% used [0x00000000895c0000, 0x00000000895c0000, 0x000000008a660000)
 concurrent mark-sweep generation total 1926784K, used 263747K [0x000000008a660000, 0x0000000100000000, 0x0000000100000000)
 Metaspace       used 86556K, capacity 92316K, committed 92568K, reserved 1130496K
  class space    used 10447K, capacity 10835K, committed 10912K, reserved 1048576K
2017-08-01T02:33:45.806+0000: 13377.379: [GC (Allocation Failure) Before GC:
Statistics for BinaryTreeDictionary:
------------------------------------
Total Free Space: 212737637
Max   Chunk Size: 212737637
Number of Blocks: 1
Av.  Block  Size: 212737637
Tree      Height: 1
2017-08-01T02:33:45.806+0000: 13377.379: [ParNew
Desired survivor size 8716288 bytes, new threshold 6 (max 6)
- age   1:    1410160 bytes,    1410160 total
- age   2:     642688 bytes,    2052848 total
- age   3:     666096 bytes,    2718944 total
- age   4:     597296 bytes,    3316240 total
- age   5:     516328 bytes,    3832568 total
- age   6:     496712 bytes,    4329280 total
: 142642K->6319K(153344K), 0.0233746 secs] 406390K->270579K(2080128K)After GC:
Statistics for BinaryTreeDictionary:
------------------------------------
Total Free Space: 212668674
Max   Chunk Size: 212668674
Number of Blocks: 1
Av.  Block  Size: 212668674
Tree      Height: 1
, 0.0234863 secs] [Times: user=0.06 sys=0.00, real=0.02 secs] 
Heap after GC invocations=205 (full 2):
 par new generation   total 153344K, used 6319K [0x0000000080000000, 0x000000008a660000, 0x000000008a660000)
  eden space 136320K,   0% used [0x0000000080000000, 0x0000000080000000, 0x0000000088520000)
  from space 17024K,  37% used [0x00000000895c0000, 0x0000000089bebcd8, 0x000000008a660000)
  to   space 17024K,   0% used [0x0000000088520000, 0x0000000088520000, 0x00000000895c0000)
 concurrent mark-sweep generation total 1926784K, used 264260K [0x000000008a660000, 0x0000000100000000, 0x0000000100000000)
 Metaspace       used 86556K, capacity 92316K, committed 92568K, reserved 1130496K
  class space    used 10447K, capacity 10835K, committed 10912K, reserved 1048576K
}
2017-08-01T02:33:45.829+0000: 13377.403: Total time for which application threads were stopped: 0.0237729 seconds, Stopping threads took: 0.0000757 seconds
2017-08-01T02:33:45.830+0000: 13377.403: Total time for which application threads were stopped: 0.0001440 seconds, Stopping threads took: 0.0000424 seconds
2017-08-01T02:33:45.830+0000: 13377.403: Total time for which application threads were stopped: 0.0000825 seconds, Stopping threads took: 0.0000286 seconds
2017-08-01T02:33:45.830+0000: 13377.403: Total time for which application threads were stopped: 0.0001167 seconds, Stopping threads took: 0.0000544 seconds
2017-08-01T02:33:45.830+0000: 13377.403: Total time for which application threads were stopped: 0.0000774 seconds, Stopping threads took: 0.0000259 seconds
2017-08-01T02:33:45.830+0000: 13377.403: Total time for which application threads were stopped: 0.0000692 seconds, Stopping threads took: 0.0000190 seconds
2017-08-01T02:33:45.830+0000: 13377.403: Total time for which application threads were stopped: 0.0000750 seconds, Stopping threads took: 0.0000249 seconds
2017-08-01T02:33:45.830+0000: 13377.404: Total time for which application threads were stopped: 0.0000668 seconds, Stopping threads took: 0.0000179 seconds
2017-08-01T02:33:45.830+0000: 13377.404: Total time for which application threads were stopped: 0.0000725 seconds, Stopping threads took: 0.0000196 seconds
2017-08-01T02:33:45.830+0000: 13377.404: Total time for which application threads were stopped: 0.0000696 seconds, Stopping threads took: 0.0000195 seconds
2017-08-01T02:33:45.831+0000: 13377.404: Total time for which application threads were stopped: 0.0001254 seconds, Stopping threads took: 0.0000584 seconds
2017-08-01T02:33:45.831+0000: 13377.404: Total time for which application threads were stopped: 0.0000761 seconds, Stopping threads took: 0.0000240 seconds
2017-08-01T02:33:45.831+0000: 13377.404: Total time for which application threads were stopped: 0.0001062 seconds, Stopping threads took: 0.0000435 seconds
2017-08-01T02:33:45.831+0000: 13377.404: Total time for which application threads were stopped: 0.0000725 seconds, Stopping threads took: 0.0000187 seconds
2017-08-01T02:33:45.831+0000: 13377.404: Total time for which application threads were stopped: 0.0000946 seconds, Stopping threads took: 0.0000334 seconds
2017-08-01T02:33:45.831+0000: 13377.404: Total time for which application threads were stopped: 0.0000683 seconds, Stopping threads took: 0.0000174 seconds
2017-08-01T02:33:45.831+0000: 13377.405: Total time for which application threads were stopped: 0.0001099 seconds, Stopping threads took: 0.0000494 seconds
2017-08-01T02:33:45.831+0000: 13377.405: Total time for which application threads were stopped: 0.0000792 seconds, Stopping threads took: 0.0000250 seconds
2017-08-01T02:33:45.831+0000: 13377.405: Total time for which application threads were stopped: 0.0000722 seconds, Stopping threads took: 0.0000218 seconds
2017-08-01T02:33:45.832+0000: 13377.405: Total time for which application threads were stopped: 0.0000704 seconds, Stopping threads took: 0.0000205 seconds
2017-08-01T02:33:45.832+0000: 13377.405: Total time for which application threads were stopped: 0.0002737 seconds, Stopping threads took: 0.0000300 seconds
2017-08-01T02:34:27.456+0000: 13419.030: Total time for which application threads were stopped: 0.0002184 seconds, Stopping threads took: 0.0000446 seconds
2017-08-01T02:34:27.456+0000: 13419.030: Total time for which application threads were stopped: 0.0000943 seconds, Stopping threads took: 0.0000203 seconds
2017-08-01T02:34:27.457+0000: 13419.030: Total time for which application threads were stopped: 0.0001209 seconds, Stopping threads took: 0.0000312 seconds
2017-08-01T02:34:27.457+0000: 13419.030: Total time for which application threads were stopped: 0.0000869 seconds, Stopping threads took: 0.0000196 seconds
2017-08-01T02:34:27.457+0000: 13419.030: Total time for which application threads were stopped: 0.0001174 seconds, Stopping threads took: 0.0000197 seconds
2017-08-01T02:34:27.457+0000: 13419.030: Total time for which application threads were stopped: 0.0001043 seconds, Stopping threads took: 0.0000187 seconds
2017-08-01T02:34:54.460+0000: 13446.033: Total time for which application threads were stopped: 0.0001620 seconds, Stopping threads took: 0.0000429 seconds
2017-08-01T02:34:57.460+0000: 13449.034: Total time for which application threads were stopped: 0.0001766 seconds, Stopping threads took: 0.0000410 seconds
{Heap before GC invocations=205 (full 2):
 par new generation   total 153344K, used 142639K [0x0000000080000000, 0x000000008a660000, 0x000000008a660000)
  eden space 136320K, 100% used [0x0000000080000000, 0x0000000088520000, 0x0000000088520000)
  from space 17024K,  37% used [0x00000000895c0000, 0x0000000089bebcd8, 0x000000008a660000)
  to   space 17024K,   0% used [0x0000000088520000, 0x0000000088520000, 0x00000000895c0000)
 concurrent mark-sweep generation total 1926784K, used 264260K [0x000000008a660000, 0x0000000100000000, 0x0000000100000000)
 Metaspace       used 86562K, capacity 92316K, committed 92568K, reserved 1130496K
  class space    used 10447K, capacity 10835K, committed 10912K, reserved 1048576K
2017-08-01T02:35:02.486+0000: 13454.059: [GC (Allocation Failure) Before GC:
Statistics for BinaryTreeDictionary:
------------------------------------
Total Free Space: 212668674
Max   Chunk Size: 212668674
Number of Blocks: 1
Av.  Block  Size: 212668674
Tree      Height: 1
2017-08-01T02:35:02.486+0000: 13454.059: [ParNew
Desired survivor size 8716288 bytes, new threshold 6 (max 6)
- age   1:    1328968 bytes,    1328968 total
- age   2:     735080 bytes,    2064048 total
- age   3:     591296 bytes,    2655344 total
- age   4:     621464 bytes,    3276808 total
- age   5:     535896 bytes,    3812704 total
- age   6:     507576 bytes,    4320280 total
: 142639K->6313K(153344K), 0.0225206 secs] 406899K->271061K(2080128K)After GC:
Statistics for BinaryTreeDictionary:
------------------------------------
Total Free Space: 212602577
Max   Chunk Size: 212602577
Number of Blocks: 1
Av.  Block  Size: 212602577
Tree      Height: 1
, 0.0226197 secs] [Times: user=0.05 sys=0.00, real=0.02 secs] 
Heap after GC invocations=206 (full 2):
 par new generation   total 153344K, used 6313K [0x0000000080000000, 0x000000008a660000, 0x000000008a660000)
  eden space 136320K,   0% used [0x0000000080000000, 0x0000000080000000, 0x0000000088520000)
  from space 17024K,  37% used [0x0000000088520000, 0x0000000088b4a458, 0x00000000895c0000)
  to   space 17024K,   0% used [0x00000000895c0000, 0x00000000895c0000, 0x000000008a660000)
 concurrent mark-sweep generation total 1926784K, used 264748K [0x000000008a660000, 0x0000000100000000, 0x0000000100000000)
 Metaspace       used 86562K, capacity 92316K, committed 92568K, reserved 1130496K
  class space    used 10447K, capacity 10835K, committed 10912K, reserved 1048576K
}
2017-08-01T02:35:02.509+0000: 13454.082: Total time for which application threads were stopped: 0.0228892 seconds, Stopping threads took: 0.0000442 seconds
2017-08-01T02:35:02.509+0000: 13454.082: Total time for which application threads were stopped: 0.0001231 seconds, Stopping threads took: 0.0000304 seconds
2017-08-01T02:35:02.509+0000: 13454.082: Total time for which application threads were stopped: 0.0000868 seconds, Stopping threads took: 0.0000223 seconds
2017-08-01T02:35:02.509+0000: 13454.083: Total time for which application threads were stopped: 0.0000671 seconds, Stopping threads took: 0.0000199 seconds
2017-08-01T02:35:02.509+0000: 13454.083: Total time for which application threads were stopped: 0.0000635 seconds, Stopping threads took: 0.0000168 seconds
2017-08-01T02:35:02.510+0000: 13454.083: Total time for which application threads were stopped: 0.0000906 seconds, Stopping threads took: 0.0000437 seconds
2017-08-01T02:35:02.510+0000: 13454.083: Total time for which application threads were stopped: 0.0000665 seconds, Stopping threads took: 0.0000193 seconds
2017-08-01T02:35:02.510+0000: 13454.083: Total time for which application threads were stopped: 0.0001085 seconds, Stopping threads took: 0.0000497 seconds
2017-08-01T02:35:02.510+0000: 13454.083: Total time for which application threads were stopped: 0.0000762 seconds, Stopping threads took: 0.0000187 seconds
2017-08-01T02:35:02.510+0000: 13454.083: Total time for which application threads were stopped: 0.0000662 seconds, Stopping threads took: 0.0000196 seconds
2017-08-01T02:35:02.510+0000: 13454.083: Total time for which application threads were stopped: 0.0000824 seconds, Stopping threads took: 0.0000188 seconds
2017-08-01T02:35:02.510+0000: 13454.083: Total time for which application threads were stopped: 0.0000636 seconds, Stopping threads took: 0.0000181 seconds
2017-08-01T02:35:02.510+0000: 13454.084: Total time for which application threads were stopped: 0.0000918 seconds, Stopping threads took: 0.0000205 seconds
2017-08-01T02:35:02.510+0000: 13454.084: Total time for which application threads were stopped: 0.0000896 seconds, Stopping threads took: 0.0000178 seconds
2017-08-01T02:35:02.510+0000: 13454.084: Total time for which application threads were stopped: 0.0000636 seconds, Stopping threads took: 0.0000174 seconds
2017-08-01T02:35:02.511+0000: 13454.084: Total time for which application threads were stopped: 0.0000656 seconds, Stopping threads took: 0.0000191 seconds
2017-08-01T02:35:02.511+0000: 13454.084: Total time for which application threads were stopped: 0.0001095 seconds, Stopping threads took: 0.0000172 seconds
2017-08-01T02:35:02.512+0000: 13454.085: Total time for which application threads were stopped: 0.0000694 seconds, Stopping threads took: 0.0000209 seconds
2017-08-01T02:35:02.512+0000: 13454.085: Total time for which application threads were stopped: 0.0000659 seconds, Stopping threads took: 0.0000189 seconds
2017-08-01T02:35:02.512+0000: 13454.085: Total time for which application threads were stopped: 0.0000657 seconds, Stopping threads took: 0.0000191 seconds
2017-08-01T02:35:02.512+0000: 13454.086: Total time for which application threads were stopped: 0.0001980 seconds, Stopping threads took: 0.0000186 seconds
2017-08-01T02:35:09.513+0000: 13461.087: Total time for which application threads were stopped: 0.0001456 seconds, Stopping threads took: 0.0000413 seconds
2017-08-01T02:35:24.515+0000: 13476.089: Total time for which application threads were stopped: 0.0001814 seconds, Stopping threads took: 0.0000575 seconds
{Heap before GC invocations=206 (full 2):
 par new generation   total 153344K, used 142633K [0x0000000080000000, 0x000000008a660000, 0x000000008a660000)
  eden space 136320K, 100% used [0x0000000080000000, 0x0000000088520000, 0x0000000088520000)
  from space 17024K,  37% used [0x0000000088520000, 0x0000000088b4a458, 0x00000000895c0000)
  to   space 17024K,   0% used [0x00000000895c0000, 0x00000000895c0000, 0x000000008a660000)
 concurrent mark-sweep generation total 1926784K, used 264748K [0x000000008a660000, 0x0000000100000000, 0x0000000100000000)
 Metaspace       used 86562K, capacity 92316K, committed 92568K, reserved 1130496K
  class space    used 10447K, capacity 10835K, committed 10912K, reserved 1048576K
2017-08-01T02:36:27.610+0000: 13539.183: [GC (Allocation Failure) Before GC:
Statistics for BinaryTreeDictionary:
------------------------------------
Total Free Space: 212602577
Max   Chunk Size: 212602577
Number of Blocks: 1
Av.  Block  Size: 212602577
Tree      Height: 1
2017-08-01T02:36:27.610+0000: 13539.183: [ParNew
Desired survivor size 8716288 bytes, new threshold 6 (max 6)
- age   1:    1390328 bytes,    1390328 total
- age   2:     652576 bytes,    2042904 total
- age   3:     678376 bytes,    2721280 total
- age   4:     566072 bytes,    3287352 total
- age   5:     558640 bytes,    3845992 total
- age   6:     525432 bytes,    4371424 total
: 142633K->6258K(153344K), 0.0240187 secs] 407381K->271505K(2080128K)After GC:
Statistics for BinaryTreeDictionary:
------------------------------------
Total Free Space: 212539299
Max   Chunk Size: 212539299
Number of Blocks: 1
Av.  Block  Size: 212539299
Tree      Height: 1
, 0.0241159 secs] [Times: user=0.06 sys=0.00, real=0.03 secs] 
Heap after GC invocations=207 (full 2):
 par new generation   total 153344K, used 6258K [0x0000000080000000, 0x000000008a660000, 0x000000008a660000)
  eden space 136320K,   0% used [0x0000000080000000, 0x0000000080000000, 0x0000000088520000)
  from space 17024K,  36% used [0x00000000895c0000, 0x0000000089bdcb20, 0x000000008a660000)
  to   space 17024K,   0% used [0x0000000088520000, 0x0000000088520000, 0x00000000895c0000)
 concurrent mark-sweep generation total 1926784K, used 265246K [0x000000008a660000, 0x0000000100000000, 0x0000000100000000)
 Metaspace       used 86562K, capacity 92316K, committed 92568K, reserved 1130496K
  class space    used 10447K, capacity 10835K, committed 10912K, reserved 1048576K
}
2017-08-01T02:36:27.634+0000: 13539.207: Total time for which application threads were stopped: 0.0243696 seconds, Stopping threads took: 0.0000429 seconds
2017-08-01T02:36:27.635+0000: 13539.208: Total time for which application threads were stopped: 0.0001834 seconds, Stopping threads took: 0.0000797 seconds
2017-08-01T02:36:27.642+0000: 13539.215: Total time for which application threads were stopped: 0.0001225 seconds, Stopping threads took: 0.0000402 seconds
2017-08-01T02:36:27.642+0000: 13539.215: Total time for which application threads were stopped: 0.0000800 seconds, Stopping threads took: 0.0000196 seconds
2017-08-01T02:36:27.642+0000: 13539.216: Total time for which application threads were stopped: 0.0001050 seconds, Stopping threads took: 0.0000452 seconds
2017-08-01T02:36:27.642+0000: 13539.216: Total time for which application threads were stopped: 0.0001001 seconds, Stopping threads took: 0.0000424 seconds
2017-08-01T02:36:27.643+0000: 13539.216: Total time for which application threads were stopped: 0.0001025 seconds, Stopping threads took: 0.0000401 seconds
2017-08-01T02:36:27.643+0000: 13539.216: Total time for which application threads were stopped: 0.0001114 seconds, Stopping threads took: 0.0000522 seconds
2017-08-01T02:36:27.643+0000: 13539.216: Total time for which application threads were stopped: 0.0000895 seconds, Stopping threads took: 0.0000185 seconds
2017-08-01T02:36:27.643+0000: 13539.216: Total time for which application threads were stopped: 0.0000638 seconds, Stopping threads took: 0.0000183 seconds
2017-08-01T02:36:27.643+0000: 13539.216: Total time for which application threads were stopped: 0.0000954 seconds, Stopping threads took: 0.0000369 seconds
2017-08-01T02:36:27.643+0000: 13539.216: Total time for which application threads were stopped: 0.0000660 seconds, Stopping threads took: 0.0000203 seconds
2017-08-01T02:36:27.643+0000: 13539.216: Total time for which application threads were stopped: 0.0000964 seconds, Stopping threads took: 0.0000393 seconds
2017-08-01T02:36:27.643+0000: 13539.217: Total time for which application threads were stopped: 0.0000657 seconds, Stopping threads took: 0.0000190 seconds
2017-08-01T02:36:27.643+0000: 13539.217: Total time for which application threads were stopped: 0.0000681 seconds, Stopping threads took: 0.0000217 seconds
2017-08-01T02:36:27.643+0000: 13539.217: Total time for which application threads were stopped: 0.0000970 seconds, Stopping threads took: 0.0000403 seconds
2017-08-01T02:36:27.644+0000: 13539.217: Total time for which application threads were stopped: 0.0000648 seconds, Stopping threads took: 0.0000188 seconds
2017-08-01T02:36:27.644+0000: 13539.217: Total time for which application threads were stopped: 0.0000989 seconds, Stopping threads took: 0.0000426 seconds
2017-08-01T02:36:27.644+0000: 13539.217: Total time for which application threads were stopped: 0.0001006 seconds, Stopping threads took: 0.0000442 seconds
2017-08-01T02:36:27.644+0000: 13539.217: Total time for which application threads were stopped: 0.0000636 seconds, Stopping threads took: 0.0000181 seconds
2017-08-01T02:36:27.644+0000: 13539.217: Total time for which application threads were stopped: 0.0002138 seconds, Stopping threads took: 0.0000201 seconds
2017-08-01T02:37:27.661+0000: 13599.234: Total time for which application threads were stopped: 0.0001623 seconds, Stopping threads took: 0.0000435 seconds
{Heap before GC invocations=207 (full 2):
 par new generation   total 153344K, used 142578K [0x0000000080000000, 0x000000008a660000, 0x000000008a660000)
  eden space 136320K, 100% used [0x0000000080000000, 0x0000000088520000, 0x0000000088520000)
  from space 17024K,  36% used [0x00000000895c0000, 0x0000000089bdcb20, 0x000000008a660000)
  to   space 17024K,   0% used [0x0000000088520000, 0x0000000088520000, 0x00000000895c0000)
 concurrent mark-sweep generation total 1926784K, used 265246K [0x000000008a660000, 0x0000000100000000, 0x0000000100000000)
 Metaspace       used 86562K, capacity 92316K, committed 92568K, reserved 1130496K
  class space    used 10447K, capacity 10835K, committed 10912K, reserved 1048576K
2017-08-01T02:37:50.670+0000: 13622.243: [GC (Allocation Failure) Before GC:
Statistics for BinaryTreeDictionary:
------------------------------------
Total Free Space: 212539299
Max   Chunk Size: 212539299
Number of Blocks: 1
Av.  Block  Size: 212539299
Tree      Height: 1
2017-08-01T02:37:50.670+0000: 13622.243: [ParNew
Desired survivor size 8716288 bytes, new threshold 6 (max 6)
- age   1:    1385168 bytes,    1385168 total
- age   2:     675328 bytes,    2060496 total
- age   3:     600488 bytes,    2660984 total
- age   4:     626856 bytes,    3287840 total
- age   5:     549800 bytes,    3837640 total
- age   6:     550272 bytes,    4387912 total
: 142578K->6407K(153344K), 0.0269321 secs] 407825K->272168K(2080128K)After GC:
Statistics for BinaryTreeDictionary:
------------------------------------
Total Free Space: 212474576
Max   Chunk Size: 212474576
Number of Blocks: 1
Av.  Block  Size: 212474576
Tree      Height: 1
, 0.0270295 secs] [Times: user=0.06 sys=0.00, real=0.03 secs] 
Heap after GC invocations=208 (full 2):
 par new generation   total 153344K, used 6407K [0x0000000080000000, 0x000000008a660000, 0x000000008a660000)
  eden space 136320K,   0% used [0x0000000080000000, 0x0000000080000000, 0x0000000088520000)
  from space 17024K,  37% used [0x0000000088520000, 0x0000000088b61f60, 0x00000000895c0000)
  to   space 17024K,   0% used [0x00000000895c0000, 0x00000000895c0000, 0x000000008a660000)
 concurrent mark-sweep generation total 1926784K, used 265760K [0x000000008a660000, 0x0000000100000000, 0x0000000100000000)
 Metaspace       used 86562K, capacity 92316K, committed 92568K, reserved 1130496K
  class space    used 10447K, capacity 10835K, committed 10912K, reserved 1048576K
}
2017-08-01T02:37:50.697+0000: 13622.270: Total time for which application threads were stopped: 0.0272915 seconds, Stopping threads took: 0.0000521 seconds
2017-08-01T02:37:50.710+0000: 13622.283: Total time for which application threads were stopped: 0.0001701 seconds, Stopping threads took: 0.0000267 seconds
2017-08-01T02:37:50.710+0000: 13622.283: Total time for which application threads were stopped: 0.0000881 seconds, Stopping threads took: 0.0000141 seconds
2017-08-01T02:37:50.710+0000: 13622.284: Total time for which application threads were stopped: 0.0000952 seconds, Stopping threads took: 0.0000130 seconds
2017-08-01T02:37:50.710+0000: 13622.284: Total time for which application threads were stopped: 0.0000853 seconds, Stopping threads took: 0.0000132 seconds
2017-08-01T02:37:50.710+0000: 13622.284: Total time for which application threads were stopped: 0.0000949 seconds, Stopping threads took: 0.0000132 seconds
2017-08-01T02:37:50.711+0000: 13622.284: Total time for which application threads were stopped: 0.0000851 seconds, Stopping threads took: 0.0000132 seconds
2017-08-01T02:37:50.711+0000: 13622.284: Total time for which application threads were stopped: 0.0000945 seconds, Stopping threads took: 0.0000135 seconds
2017-08-01T02:37:50.711+0000: 13622.284: Total time for which application threads were stopped: 0.0000834 seconds, Stopping threads took: 0.0000135 seconds
2017-08-01T02:37:50.711+0000: 13622.284: Total time for which application threads were stopped: 0.0000853 seconds, Stopping threads took: 0.0000140 seconds
2017-08-01T02:37:50.711+0000: 13622.284: Total time for which application threads were stopped: 0.0000842 seconds, Stopping threads took: 0.0000131 seconds
2017-08-01T02:37:50.711+0000: 13622.284: Total time for which application threads were stopped: 0.0000943 seconds, Stopping threads took: 0.0000130 seconds
2017-08-01T02:37:50.711+0000: 13622.285: Total time for which application threads were stopped: 0.0000843 seconds, Stopping threads took: 0.0000134 seconds
2017-08-01T02:37:50.711+0000: 13622.285: Total time for which application threads were stopped: 0.0000932 seconds, Stopping threads took: 0.0000129 seconds
2017-08-01T02:37:50.712+0000: 13622.285: Total time for which application threads were stopped: 0.0000849 seconds, Stopping threads took: 0.0000140 seconds
2017-08-01T02:37:50.712+0000: 13622.285: Total time for which application threads were stopped: 0.0000936 seconds, Stopping threads took: 0.0000128 seconds
2017-08-01T02:37:50.712+0000: 13622.285: Total time for which application threads were stopped: 0.0000830 seconds, Stopping threads took: 0.0000132 seconds
2017-08-01T02:37:50.712+0000: 13622.285: Total time for which application threads were stopped: 0.0000959 seconds, Stopping threads took: 0.0000247 seconds
2017-08-01T02:37:50.712+0000: 13622.285: Total time for which application threads were stopped: 0.0000833 seconds, Stopping threads took: 0.0000133 seconds
2017-08-01T02:37:50.712+0000: 13622.285: Total time for which application threads were stopped: 0.0000937 seconds, Stopping threads took: 0.0000126 seconds
2017-08-01T02:37:50.712+0000: 13622.286: Total time for which application threads were stopped: 0.0003203 seconds, Stopping threads took: 0.0000137 seconds
2017-08-01T02:38:37.722+0000: 13669.295: Total time for which application threads were stopped: 0.0001530 seconds, Stopping threads took: 0.0000463 seconds
{Heap before GC invocations=208 (full 2):
 par new generation   total 153344K, used 142727K [0x0000000080000000, 0x000000008a660000, 0x000000008a660000)
  eden space 136320K, 100% used [0x0000000080000000, 0x0000000088520000, 0x0000000088520000)
  from space 17024K,  37% used [0x0000000088520000, 0x0000000088b61f60, 0x00000000895c0000)
  to   space 17024K,   0% used [0x00000000895c0000, 0x00000000895c0000, 0x000000008a660000)
 concurrent mark-sweep generation total 1926784K, used 265760K [0x000000008a660000, 0x0000000100000000, 0x0000000100000000)
 Metaspace       used 86562K, capacity 92316K, committed 92568K, reserved 1130496K
  class space    used 10447K, capacity 10835K, committed 10912K, reserved 1048576K
2017-08-01T02:39:09.095+0000: 13700.668: [GC (Allocation Failure) Before GC:
Statistics for BinaryTreeDictionary:
------------------------------------
Total Free Space: 212474576
Max   Chunk Size: 212474576
Number of Blocks: 1
Av.  Block  Size: 212474576
Tree      Height: 1
2017-08-01T02:39:09.095+0000: 13700.668: [ParNew
Desired survivor size 8716288 bytes, new threshold 6 (max 6)
- age   1:    1427896 bytes,    1427896 total
- age   2:     700064 bytes,    2127960 total
- age   3:     617088 bytes,    2745048 total
- age   4:     554840 bytes,    3299888 total
- age   5:     566968 bytes,    3866856 total
- age   6:     538664 bytes,    4405520 total
: 142727K->6400K(153344K), 0.0232133 secs] 408488K->272699K(2080128K)After GC:
Statistics for BinaryTreeDictionary:
------------------------------------
Total Free Space: 212405801
Max   Chunk Size: 212405801
Number of Blocks: 1
Av.  Block  Size: 212405801
Tree      Height: 1
, 0.0233182 secs] [Times: user=0.06 sys=0.00, real=0.02 secs] 
Heap after GC invocations=209 (full 2):
 par new generation   total 153344K, used 6400K [0x0000000080000000, 0x000000008a660000, 0x000000008a660000)
  eden space 136320K,   0% used [0x0000000080000000, 0x0000000080000000, 0x0000000088520000)
  from space 17024K,  37% used [0x00000000895c0000, 0x0000000089c00048, 0x000000008a660000)
  to   space 17024K,   0% used [0x0000000088520000, 0x0000000088520000, 0x00000000895c0000)
 concurrent mark-sweep generation total 1926784K, used 266299K [0x000000008a660000, 0x0000000100000000, 0x0000000100000000)
 Metaspace       used 86562K, capacity 92316K, committed 92568K, reserved 1130496K
  class space    used 10447K, capacity 10835K, committed 10912K, reserved 1048576K
}
2017-08-01T02:39:09.118+0000: 13700.691: Total time for which application threads were stopped: 0.0236058 seconds, Stopping threads took: 0.0000784 seconds
2017-08-01T02:39:09.118+0000: 13700.692: Total time for which application threads were stopped: 0.0001737 seconds, Stopping threads took: 0.0000617 seconds
2017-08-01T02:39:09.119+0000: 13700.692: Total time for which application threads were stopped: 0.0001116 seconds, Stopping threads took: 0.0000502 seconds
2017-08-01T02:39:09.125+0000: 13700.698: Total time for which application threads were stopped: 0.0001164 seconds, Stopping threads took: 0.0000392 seconds
2017-08-01T02:39:09.125+0000: 13700.698: Total time for which application threads were stopped: 0.0001040 seconds, Stopping threads took: 0.0000456 seconds
2017-08-01T02:39:09.125+0000: 13700.699: Total time for which application threads were stopped: 0.0001088 seconds, Stopping threads took: 0.0000412 seconds
2017-08-01T02:39:09.125+0000: 13700.699: Total time for which application threads were stopped: 0.0001004 seconds, Stopping threads took: 0.0000432 seconds
2017-08-01T02:39:09.126+0000: 13700.699: Total time for which application threads were stopped: 0.0001058 seconds, Stopping threads took: 0.0000491 seconds
2017-08-01T02:39:09.126+0000: 13700.699: Total time for which application threads were stopped: 0.0000653 seconds, Stopping threads took: 0.0000190 seconds
2017-08-01T02:39:09.126+0000: 13700.699: Total time for which application threads were stopped: 0.0001051 seconds, Stopping threads took: 0.0000397 seconds
2017-08-01T02:39:09.126+0000: 13700.699: Total time for which application threads were stopped: 0.0000967 seconds, Stopping threads took: 0.0000410 seconds
2017-08-01T02:39:09.126+0000: 13700.699: Total time for which application threads were stopped: 0.0000992 seconds, Stopping threads took: 0.0000432 seconds
2017-08-01T02:39:09.126+0000: 13700.699: Total time for which application threads were stopped: 0.0000653 seconds, Stopping threads took: 0.0000201 seconds
2017-08-01T02:39:09.126+0000: 13700.700: Total time for which application threads were stopped: 0.0001090 seconds, Stopping threads took: 0.0000381 seconds
2017-08-01T02:39:09.126+0000: 13700.700: Total time for which application threads were stopped: 0.0000976 seconds, Stopping threads took: 0.0000411 seconds
2017-08-01T02:39:09.127+0000: 13700.700: Total time for which application threads were stopped: 0.0001002 seconds, Stopping threads took: 0.0000400 seconds
2017-08-01T02:39:09.127+0000: 13700.700: Total time for which application threads were stopped: 0.0001006 seconds, Stopping threads took: 0.0000442 seconds
2017-08-01T02:39:09.127+0000: 13700.700: Total time for which application threads were stopped: 0.0001068 seconds, Stopping threads took: 0.0000406 seconds
2017-08-01T02:39:09.127+0000: 13700.700: Total time for which application threads were stopped: 0.0000742 seconds, Stopping threads took: 0.0000190 seconds
2017-08-01T02:39:09.127+0000: 13700.700: Total time for which application threads were stopped: 0.0000997 seconds, Stopping threads took: 0.0000434 seconds
2017-08-01T02:39:09.127+0000: 13700.701: Total time for which application threads were stopped: 0.0002413 seconds, Stopping threads took: 0.0000445 seconds
{Heap before GC invocations=209 (full 2):
 par new generation   total 153344K, used 142720K [0x0000000080000000, 0x000000008a660000, 0x000000008a660000)
  eden space 136320K, 100% used [0x0000000080000000, 0x0000000088520000, 0x0000000088520000)
  from space 17024K,  37% used [0x00000000895c0000, 0x0000000089c00048, 0x000000008a660000)
  to   space 17024K,   0% used [0x0000000088520000, 0x0000000088520000, 0x00000000895c0000)
 concurrent mark-sweep generation total 1926784K, used 266299K [0x000000008a660000, 0x0000000100000000, 0x0000000100000000)
 Metaspace       used 86562K, capacity 92316K, committed 92568K, reserved 1130496K
  class space    used 10447K, capacity 10835K, committed 10912K, reserved 1048576K
2017-08-01T02:40:33.915+0000: 13785.488: [GC (Allocation Failure) Before GC:
Statistics for BinaryTreeDictionary:
------------------------------------
Total Free Space: 212405801
Max   Chunk Size: 212405801
Number of Blocks: 1
Av.  Block  Size: 212405801
Tree      Height: 1
2017-08-01T02:40:33.915+0000: 13785.488: [ParNew
Desired survivor size 8716288 bytes, new threshold 6 (max 6)
- age   1:    1398080 bytes,    1398080 total
- age   2:     678784 bytes,    2076864 total
- age   3:     639072 bytes,    2715936 total
- age   4:     594928 bytes,    3310864 total
- age   5:     492192 bytes,    3803056 total
- age   6:     555064 bytes,    4358120 total
: 142720K->6373K(153344K), 0.0238367 secs] 409019K->273199K(2080128K)After GC:
Statistics for BinaryTreeDictionary:
------------------------------------
Total Free Space: 212340393
Max   Chunk Size: 212340393
Number of Blocks: 1
Av.  Block  Size: 212340393
Tree      Height: 1
, 0.0239187 secs] [Times: user=0.06 sys=0.00, real=0.02 secs] 
Heap after GC invocations=210 (full 2):
 par new generation   total 153344K, used 6373K [0x0000000080000000, 0x000000008a660000, 0x000000008a660000)
  eden space 136320K,   0% used [0x0000000080000000, 0x0000000080000000, 0x0000000088520000)
  from space 17024K,  37% used [0x0000000088520000, 0x0000000088b596e0, 0x00000000895c0000)
  to   space 17024K,   0% used [0x00000000895c0000, 0x00000000895c0000, 0x000000008a660000)
 concurrent mark-sweep generation total 1926784K, used 266825K [0x000000008a660000, 0x0000000100000000, 0x0000000100000000)
 Metaspace       used 86562K, capacity 92316K, committed 92568K, reserved 1130496K
  class space    used 10447K, capacity 10835K, committed 10912K, reserved 1048576K
}
2017-08-01T02:40:33.939+0000: 13785.512: Total time for which application threads were stopped: 0.0242194 seconds, Stopping threads took: 0.0000430 seconds
2017-08-01T02:40:33.946+0000: 13785.519: Total time for which application threads were stopped: 0.0001767 seconds, Stopping threads took: 0.0000521 seconds
2017-08-01T02:40:33.946+0000: 13785.519: Total time for which application threads were stopped: 0.0000798 seconds, Stopping threads took: 0.0000263 seconds
2017-08-01T02:40:33.946+0000: 13785.519: Total time for which application threads were stopped: 0.0001240 seconds, Stopping threads took: 0.0000580 seconds
2017-08-01T02:40:33.946+0000: 13785.519: Total time for which application threads were stopped: 0.0001071 seconds, Stopping threads took: 0.0000401 seconds
2017-08-01T02:40:33.946+0000: 13785.519: Total time for which application threads were stopped: 0.0000969 seconds, Stopping threads took: 0.0000428 seconds
2017-08-01T02:40:33.946+0000: 13785.520: Total time for which application threads were stopped: 0.0001177 seconds, Stopping threads took: 0.0000527 seconds
2017-08-01T02:40:33.946+0000: 13785.520: Total time for which application threads were stopped: 0.0001097 seconds, Stopping threads took: 0.0000467 seconds
2017-08-01T02:40:33.947+0000: 13785.520: Total time for which application threads were stopped: 0.0000765 seconds, Stopping threads took: 0.0000228 seconds
2017-08-01T02:40:33.947+0000: 13785.520: Total time for which application threads were stopped: 0.0000704 seconds, Stopping threads took: 0.0000174 seconds
2017-08-01T02:40:33.947+0000: 13785.520: Total time for which application threads were stopped: 0.0001126 seconds, Stopping threads took: 0.0000455 seconds
2017-08-01T02:40:33.947+0000: 13785.520: Total time for which application threads were stopped: 0.0000801 seconds, Stopping threads took: 0.0000180 seconds
2017-08-01T02:40:33.947+0000: 13785.520: Total time for which application threads were stopped: 0.0000704 seconds, Stopping threads took: 0.0000188 seconds
2017-08-01T02:40:33.947+0000: 13785.520: Total time for which application threads were stopped: 0.0000840 seconds, Stopping threads took: 0.0000185 seconds
2017-08-01T02:40:33.947+0000: 13785.520: Total time for which application threads were stopped: 0.0000732 seconds, Stopping threads took: 0.0000219 seconds
2017-08-01T02:40:33.947+0000: 13785.521: Total time for which application threads were stopped: 0.0001008 seconds, Stopping threads took: 0.0000423 seconds
2017-08-01T02:40:33.947+0000: 13785.521: Total time for which application threads were stopped: 0.0001027 seconds, Stopping threads took: 0.0000406 seconds
2017-08-01T02:40:33.948+0000: 13785.521: Total time for which application threads were stopped: 0.0001348 seconds, Stopping threads took: 0.0000647 seconds
2017-08-01T02:40:33.948+0000: 13785.521: Total time for which application threads were stopped: 0.0001774 seconds, Stopping threads took: 0.0001108 seconds
2017-08-01T02:40:33.948+0000: 13785.521: Total time for which application threads were stopped: 0.0001125 seconds, Stopping threads took: 0.0000472 seconds
2017-08-01T02:40:33.948+0000: 13785.522: Total time for which application threads were stopped: 0.0003293 seconds, Stopping threads took: 0.0000555 seconds
2017-08-01T02:40:36.949+0000: 13788.522: Total time for which application threads were stopped: 0.0001732 seconds, Stopping threads took: 0.0000448 seconds
2017-08-01T02:40:47.387+0000: 13798.960: Total time for which application threads were stopped: 0.0004390 seconds, Stopping threads took: 0.0000562 seconds
2017-08-01T02:40:47.387+0000: 13798.960: Total time for which application threads were stopped: 0.0000914 seconds, Stopping threads took: 0.0000202 seconds
2017-08-01T02:40:47.387+0000: 13798.960: Total time for which application threads were stopped: 0.0001072 seconds, Stopping threads took: 0.0000184 seconds
2017-08-01T02:40:47.387+0000: 13798.960: Total time for which application threads were stopped: 0.0000873 seconds, Stopping threads took: 0.0000193 seconds
2017-08-01T02:40:47.387+0000: 13798.961: Total time for which application threads were stopped: 0.0000870 seconds, Stopping threads took: 0.0000191 seconds
2017-08-01T02:40:47.388+0000: 13798.961: Total time for which application threads were stopped: 0.0001088 seconds, Stopping threads took: 0.0000295 seconds
2017-08-01T02:40:48.406+0000: 13799.980: Total time for which application threads were stopped: 0.0001886 seconds, Stopping threads took: 0.0000635 seconds
2017-08-01T02:40:48.406+0000: 13799.980: Total time for which application threads were stopped: 0.0000874 seconds, Stopping threads took: 0.0000203 seconds
2017-08-01T02:40:48.407+0000: 13799.980: Total time for which application threads were stopped: 0.0000890 seconds, Stopping threads took: 0.0000197 seconds
2017-08-01T02:40:48.407+0000: 13799.980: Total time for which application threads were stopped: 0.0000678 seconds, Stopping threads took: 0.0000181 seconds
2017-08-01T02:40:48.407+0000: 13799.980: Total time for which application threads were stopped: 0.0000816 seconds, Stopping threads took: 0.0000246 seconds
2017-08-01T02:40:48.407+0000: 13799.980: Total time for which application threads were stopped: 0.0000674 seconds, Stopping threads took: 0.0000180 seconds
2017-08-01T02:40:48.428+0000: 13800.001: Total time for which application threads were stopped: 0.0001369 seconds, Stopping threads took: 0.0000332 seconds
2017-08-01T02:41:04.987+0000: 13816.560: Total time for which application threads were stopped: 0.0001963 seconds, Stopping threads took: 0.0000410 seconds
2017-08-01T02:41:04.987+0000: 13816.560: Total time for which application threads were stopped: 0.0000803 seconds, Stopping threads took: 0.0000228 seconds
2017-08-01T02:41:04.987+0000: 13816.561: Total time for which application threads were stopped: 0.0000970 seconds, Stopping threads took: 0.0000220 seconds
2017-08-01T02:41:04.987+0000: 13816.561: Total time for which application threads were stopped: 0.0000729 seconds, Stopping threads took: 0.0000201 seconds
2017-08-01T02:41:04.988+0000: 13816.561: Total time for which application threads were stopped: 0.0000807 seconds, Stopping threads took: 0.0000274 seconds
2017-08-01T02:41:04.988+0000: 13816.561: Total time for which application threads were stopped: 0.0000738 seconds, Stopping threads took: 0.0000220 seconds
2017-08-01T02:41:39.992+0000: 13851.565: Total time for which application threads were stopped: 0.0001493 seconds, Stopping threads took: 0.0000441 seconds
{Heap before GC invocations=210 (full 2):
 par new generation   total 153344K, used 142693K [0x0000000080000000, 0x000000008a660000, 0x000000008a660000)
  eden space 136320K, 100% used [0x0000000080000000, 0x0000000088520000, 0x0000000088520000)
  from space 17024K,  37% used [0x0000000088520000, 0x0000000088b596e0, 0x00000000895c0000)
  to   space 17024K,   0% used [0x00000000895c0000, 0x00000000895c0000, 0x000000008a660000)
 concurrent mark-sweep generation total 1926784K, used 266825K [0x000000008a660000, 0x0000000100000000, 0x0000000100000000)
 Metaspace       used 86568K, capacity 92380K, committed 92568K, reserved 1130496K
  class space    used 10447K, capacity 10835K, committed 10912K, reserved 1048576K
2017-08-01T02:41:50.714+0000: 13862.287: [GC (Allocation Failure) Before GC:
Statistics for BinaryTreeDictionary:
------------------------------------
Total Free Space: 212340393
Max   Chunk Size: 212340393
Number of Blocks: 1
Av.  Block  Size: 212340393
Tree      Height: 1
2017-08-01T02:41:50.714+0000: 13862.287: [ParNew
Desired survivor size 8716288 bytes, new threshold 6 (max 6)
- age   1:    1337376 bytes,    1337376 total
- age   2:     694840 bytes,    2032216 total
- age   3:     630072 bytes,    2662288 total
- age   4:     591752 bytes,    3254040 total
- age   5:     579544 bytes,    3833584 total
- age   6:     484960 bytes,    4318544 total
: 142693K->4299K(153344K), 0.0239615 secs] 409519K->271670K(2080128K)After GC:
Statistics for BinaryTreeDictionary:
------------------------------------
Total Free Space: 212269757
Max   Chunk Size: 212269757
Number of Blocks: 1
Av.  Block  Size: 212269757
Tree      Height: 1
, 0.0240496 secs] [Times: user=0.06 sys=0.00, real=0.02 secs] 
Heap after GC invocations=211 (full 2):
 par new generation   total 153344K, used 4299K [0x0000000080000000, 0x000000008a660000, 0x000000008a660000)
  eden space 136320K,   0% used [0x0000000080000000, 0x0000000080000000, 0x0000000088520000)
  from space 17024K,  25% used [0x00000000895c0000, 0x00000000899f2f68, 0x000000008a660000)
  to   space 17024K,   0% used [0x0000000088520000, 0x0000000088520000, 0x00000000895c0000)
 concurrent mark-sweep generation total 1926784K, used 267370K [0x000000008a660000, 0x0000000100000000, 0x0000000100000000)
 Metaspace       used 86568K, capacity 92380K, committed 92568K, reserved 1130496K
  class space    used 10447K, capacity 10835K, committed 10912K, reserved 1048576K
}
2017-08-01T02:41:50.738+0000: 13862.311: Total time for which application threads were stopped: 0.0243062 seconds, Stopping threads took: 0.0000529 seconds
2017-08-01T02:41:50.738+0000: 13862.311: Total time for which application threads were stopped: 0.0001491 seconds, Stopping threads took: 0.0000453 seconds
2017-08-01T02:41:50.745+0000: 13862.318: Total time for which application threads were stopped: 0.0001367 seconds, Stopping threads took: 0.0000550 seconds
2017-08-01T02:41:50.745+0000: 13862.318: Total time for which application threads were stopped: 0.0000826 seconds, Stopping threads took: 0.0000234 seconds
2017-08-01T02:41:50.745+0000: 13862.319: Total time for which application threads were stopped: 0.0000709 seconds, Stopping threads took: 0.0000213 seconds
2017-08-01T02:41:50.747+0000: 13862.320: Total time for which application threads were stopped: 0.0000889 seconds, Stopping threads took: 0.0000344 seconds
2017-08-01T02:41:50.747+0000: 13862.320: Total time for which application threads were stopped: 0.0000677 seconds, Stopping threads took: 0.0000204 seconds
2017-08-01T02:41:50.747+0000: 13862.320: Total time for which application threads were stopped: 0.0001485 seconds, Stopping threads took: 0.0000777 seconds
2017-08-01T02:41:50.747+0000: 13862.320: Total time for which application threads were stopped: 0.0000777 seconds, Stopping threads took: 0.0000195 seconds
2017-08-01T02:41:50.747+0000: 13862.321: Total time for which application threads were stopped: 0.0000877 seconds, Stopping threads took: 0.0000239 seconds
2017-08-01T02:41:50.747+0000: 13862.321: Total time for which application threads were stopped: 0.0001099 seconds, Stopping threads took: 0.0000456 seconds
2017-08-01T02:41:50.748+0000: 13862.321: Total time for which application threads were stopped: 0.0001063 seconds, Stopping threads took: 0.0000424 seconds
2017-08-01T02:41:50.748+0000: 13862.321: Total time for which application threads were stopped: 0.0001152 seconds, Stopping threads took: 0.0000521 seconds
2017-08-01T02:41:50.748+0000: 13862.321: Total time for which application threads were stopped: 0.0001105 seconds, Stopping threads took: 0.0000429 seconds
2017-08-01T02:41:50.748+0000: 13862.321: Total time for which application threads were stopped: 0.0000768 seconds, Stopping threads took: 0.0000215 seconds
2017-08-01T02:41:50.748+0000: 13862.321: Total time for which application threads were stopped: 0.0000828 seconds, Stopping threads took: 0.0000263 seconds
2017-08-01T02:41:50.748+0000: 13862.321: Total time for which application threads were stopped: 0.0000999 seconds, Stopping threads took: 0.0000369 seconds
2017-08-01T02:41:50.748+0000: 13862.322: Total time for which application threads were stopped: 0.0001139 seconds, Stopping threads took: 0.0000527 seconds
2017-08-01T02:41:50.748+0000: 13862.322: Total time for which application threads were stopped: 0.0000714 seconds, Stopping threads took: 0.0000203 seconds
2017-08-01T02:41:50.749+0000: 13862.322: Total time for which application threads were stopped: 0.0001175 seconds, Stopping threads took: 0.0000515 seconds
2017-08-01T02:41:50.749+0000: 13862.322: Total time for which application threads were stopped: 0.0003166 seconds, Stopping threads took: 0.0000542 seconds
2017-08-01T02:42:28.759+0000: 13900.332: Total time for which application threads were stopped: 0.0002755 seconds, Stopping threads took: 0.0000673 seconds
{Heap before GC invocations=211 (full 2):
 par new generation   total 153344K, used 140619K [0x0000000080000000, 0x000000008a660000, 0x000000008a660000)
  eden space 136320K, 100% used [0x0000000080000000, 0x0000000088520000, 0x0000000088520000)
  from space 17024K,  25% used [0x00000000895c0000, 0x00000000899f2f68, 0x000000008a660000)
  to   space 17024K,   0% used [0x0000000088520000, 0x0000000088520000, 0x00000000895c0000)
 concurrent mark-sweep generation total 1926784K, used 267370K [0x000000008a660000, 0x0000000100000000, 0x0000000100000000)
 Metaspace       used 86569K, capacity 92380K, committed 92568K, reserved 1130496K
  class space    used 10447K, capacity 10835K, committed 10912K, reserved 1048576K
2017-08-01T02:43:14.159+0000: 13945.732: [GC (Allocation Failure) Before GC:
Statistics for BinaryTreeDictionary:
------------------------------------
Total Free Space: 212269757
Max   Chunk Size: 212269757
Number of Blocks: 1
Av.  Block  Size: 212269757
Tree      Height: 1
2017-08-01T02:43:14.159+0000: 13945.732: [ParNew
Desired survivor size 8716288 bytes, new threshold 6 (max 6)
- age   1:    1419480 bytes,    1419480 total
- age   2:     663080 bytes,    2082560 total
- age   3:     629696 bytes,    2712256 total
- age   4:     580952 bytes,    3293208 total
- age   5:     529608 bytes,    3822816 total
- age   6:     567208 bytes,    4390024 total
: 140619K->6329K(153344K), 0.0237721 secs] 407990K->274173K(2080128K)After GC:
Statistics for BinaryTreeDictionary:
------------------------------------
Total Free Space: 212207112
Max   Chunk Size: 212207112
Number of Blocks: 1
Av.  Block  Size: 212207112
Tree      Height: 1
, 0.0238704 secs] [Times: user=0.06 sys=0.00, real=0.02 secs] 
Heap after GC invocations=212 (full 2):
 par new generation   total 153344K, used 6329K [0x0000000080000000, 0x000000008a660000, 0x000000008a660000)
  eden space 136320K,   0% used [0x0000000080000000, 0x0000000080000000, 0x0000000088520000)
  from space 17024K,  37% used [0x0000000088520000, 0x0000000088b4e460, 0x00000000895c0000)
  to   space 17024K,   0% used [0x00000000895c0000, 0x00000000895c0000, 0x000000008a660000)
 concurrent mark-sweep generation total 1926784K, used 267844K [0x000000008a660000, 0x0000000100000000, 0x0000000100000000)
 Metaspace       used 86569K, capacity 92380K, committed 92568K, reserved 1130496K
  class space    used 10447K, capacity 10835K, committed 10912K, reserved 1048576K
}
2017-08-01T02:43:14.183+0000: 13945.756: Total time for which application threads were stopped: 0.0241391 seconds, Stopping threads took: 0.0000634 seconds
2017-08-01T02:43:14.183+0000: 13945.756: Total time for which application threads were stopped: 0.0001820 seconds, Stopping threads took: 0.0000656 seconds
2017-08-01T02:43:14.183+0000: 13945.756: Total time for which application threads were stopped: 0.0000931 seconds, Stopping threads took: 0.0000226 seconds
2017-08-01T02:43:14.194+0000: 13945.767: Total time for which application threads were stopped: 0.0001085 seconds, Stopping threads took: 0.0000335 seconds
2017-08-01T02:43:14.194+0000: 13945.768: Total time for which application threads were stopped: 0.0001093 seconds, Stopping threads took: 0.0000246 seconds
2017-08-01T02:43:14.194+0000: 13945.768: Total time for which application threads were stopped: 0.0000723 seconds, Stopping threads took: 0.0000226 seconds
2017-08-01T02:43:14.195+0000: 13945.768: Total time for which application threads were stopped: 0.0000726 seconds, Stopping threads took: 0.0000227 seconds
2017-08-01T02:43:14.195+0000: 13945.768: Total time for which application threads were stopped: 0.0001018 seconds, Stopping threads took: 0.0000289 seconds
2017-08-01T02:43:14.195+0000: 13945.768: Total time for which application threads were stopped: 0.0000680 seconds, Stopping threads took: 0.0000198 seconds
2017-08-01T02:43:14.195+0000: 13945.768: Total time for which application threads were stopped: 0.0000901 seconds, Stopping threads took: 0.0000188 seconds
2017-08-01T02:43:14.195+0000: 13945.769: Total time for which application threads were stopped: 0.0000724 seconds, Stopping threads took: 0.0000240 seconds
2017-08-01T02:43:14.195+0000: 13945.769: Total time for which application threads were stopped: 0.0000677 seconds, Stopping threads took: 0.0000210 seconds
2017-08-01T02:43:14.196+0000: 13945.769: Total time for which application threads were stopped: 0.0000677 seconds, Stopping threads took: 0.0000213 seconds
2017-08-01T02:43:14.196+0000: 13945.769: Total time for which application threads were stopped: 0.0000724 seconds, Stopping threads took: 0.0000250 seconds
2017-08-01T02:43:14.196+0000: 13945.769: Total time for which application threads were stopped: 0.0000658 seconds, Stopping threads took: 0.0000192 seconds
2017-08-01T02:43:14.196+0000: 13945.769: Total time for which application threads were stopped: 0.0000683 seconds, Stopping threads took: 0.0000179 seconds
2017-08-01T02:43:14.196+0000: 13945.769: Total time for which application threads were stopped: 0.0000687 seconds, Stopping threads took: 0.0000210 seconds
2017-08-01T02:43:14.196+0000: 13945.769: Total time for which application threads were stopped: 0.0000702 seconds, Stopping threads took: 0.0000215 seconds
2017-08-01T02:43:14.196+0000: 13945.770: Total time for which application threads were stopped: 0.0000960 seconds, Stopping threads took: 0.0000315 seconds
2017-08-01T02:43:14.196+0000: 13945.770: Total time for which application threads were stopped: 0.0000681 seconds, Stopping threads took: 0.0000193 seconds
2017-08-01T02:43:14.197+0000: 13945.770: Total time for which application threads were stopped: 0.0002303 seconds, Stopping threads took: 0.0000187 seconds
{Heap before GC invocations=212 (full 2):
 par new generation   total 153344K, used 142649K [0x0000000080000000, 0x000000008a660000, 0x000000008a660000)
  eden space 136320K, 100% used [0x0000000080000000, 0x0000000088520000, 0x0000000088520000)
  from space 17024K,  37% used [0x0000000088520000, 0x0000000088b4e460, 0x00000000895c0000)
  to   space 17024K,   0% used [0x00000000895c0000, 0x00000000895c0000, 0x000000008a660000)
 concurrent mark-sweep generation total 1926784K, used 267844K [0x000000008a660000, 0x0000000100000000, 0x0000000100000000)
 Metaspace       used 86569K, capacity 92380K, committed 92568K, reserved 1130496K
  class space    used 10447K, capacity 10835K, committed 10912K, reserved 1048576K
2017-08-01T02:44:36.805+0000: 14028.378: [GC (Allocation Failure) Before GC:
Statistics for BinaryTreeDictionary:
------------------------------------
Total Free Space: 212207112
Max   Chunk Size: 212207112
Number of Blocks: 1
Av.  Block  Size: 212207112
Tree      Height: 1
2017-08-01T02:44:36.805+0000: 14028.378: [ParNew
Desired survivor size 8716288 bytes, new threshold 6 (max 6)
- age   1:    1417008 bytes,    1417008 total
- age   2:     731208 bytes,    2148216 total
- age   3:     602872 bytes,    2751088 total
- age   4:     605344 bytes,    3356432 total
- age   5:     513720 bytes,    3870152 total
- age   6:     519088 bytes,    4389240 total
: 142649K->8446K(153344K), 0.0248404 secs] 410493K->276847K(2080128K)After GC:
Statistics for BinaryTreeDictionary:
------------------------------------
Total Free Space: 212137423
Max   Chunk Size: 212137423
Number of Blocks: 1
Av.  Block  Size: 212137423
Tree      Height: 1
, 0.0249244 secs] [Times: user=0.06 sys=0.00, real=0.02 secs] 
Heap after GC invocations=213 (full 2):
 par new generation   total 153344K, used 8446K [0x0000000080000000, 0x000000008a660000, 0x000000008a660000)
  eden space 136320K,   0% used [0x0000000080000000, 0x0000000080000000, 0x0000000088520000)
  from space 17024K,  49% used [0x00000000895c0000, 0x0000000089dff8c8, 0x000000008a660000)
  to   space 17024K,   0% used [0x0000000088520000, 0x0000000088520000, 0x00000000895c0000)
 concurrent mark-sweep generation total 1926784K, used 268400K [0x000000008a660000, 0x0000000100000000, 0x0000000100000000)
 Metaspace       used 86569K, capacity 92380K, committed 92568K, reserved 1130496K
  class space    used 10447K, capacity 10835K, committed 10912K, reserved 1048576K
}
2017-08-01T02:44:36.830+0000: 14028.403: Total time for which application threads were stopped: 0.0252403 seconds, Stopping threads took: 0.0000679 seconds
2017-08-01T02:44:36.830+0000: 14028.404: Total time for which application threads were stopped: 0.0001325 seconds, Stopping threads took: 0.0000363 seconds
2017-08-01T02:44:36.832+0000: 14028.405: Total time for which application threads were stopped: 0.0014068 seconds, Stopping threads took: 0.0013484 seconds
2017-08-01T02:44:36.832+0000: 14028.405: Total time for which application threads were stopped: 0.0001296 seconds, Stopping threads took: 0.0000637 seconds
2017-08-01T02:44:36.832+0000: 14028.406: Total time for which application threads were stopped: 0.0000708 seconds, Stopping threads took: 0.0000196 seconds
2017-08-01T02:44:36.832+0000: 14028.406: Total time for which application threads were stopped: 0.0001194 seconds, Stopping threads took: 0.0000535 seconds
2017-08-01T02:44:36.833+0000: 14028.406: Total time for which application threads were stopped: 0.0000663 seconds, Stopping threads took: 0.0000186 seconds
2017-08-01T02:44:36.833+0000: 14028.406: Total time for which application threads were stopped: 0.0000950 seconds, Stopping threads took: 0.0000379 seconds
2017-08-01T02:44:36.833+0000: 14028.406: Total time for which application threads were stopped: 0.0000817 seconds, Stopping threads took: 0.0000192 seconds
2017-08-01T02:44:36.833+0000: 14028.406: Total time for which application threads were stopped: 0.0001158 seconds, Stopping threads took: 0.0000522 seconds
2017-08-01T02:44:36.833+0000: 14028.406: Total time for which application threads were stopped: 0.0000857 seconds, Stopping threads took: 0.0000187 seconds
2017-08-01T02:44:36.833+0000: 14028.406: Total time for which application threads were stopped: 0.0000659 seconds, Stopping threads took: 0.0000203 seconds
2017-08-01T02:44:36.833+0000: 14028.407: Total time for which application threads were stopped: 0.0001055 seconds, Stopping threads took: 0.0000399 seconds
2017-08-01T02:44:36.833+0000: 14028.407: Total time for which application threads were stopped: 0.0000639 seconds, Stopping threads took: 0.0000188 seconds
2017-08-01T02:44:36.833+0000: 14028.407: Total time for which application threads were stopped: 0.0000930 seconds, Stopping threads took: 0.0000383 seconds
2017-08-01T02:44:36.834+0000: 14028.407: Total time for which application threads were stopped: 0.0000896 seconds, Stopping threads took: 0.0000197 seconds
2017-08-01T02:44:36.834+0000: 14028.407: Total time for which application threads were stopped: 0.0000973 seconds, Stopping threads took: 0.0000398 seconds
2017-08-01T02:44:36.834+0000: 14028.407: Total time for which application threads were stopped: 0.0000835 seconds, Stopping threads took: 0.0000348 seconds
2017-08-01T02:44:36.834+0000: 14028.407: Total time for which application threads were stopped: 0.0001143 seconds, Stopping threads took: 0.0000577 seconds
2017-08-01T02:44:36.834+0000: 14028.407: Total time for which application threads were stopped: 0.0000962 seconds, Stopping threads took: 0.0000398 seconds
2017-08-01T02:44:36.834+0000: 14028.408: Total time for which application threads were stopped: 0.0002399 seconds, Stopping threads took: 0.0000399 seconds
2017-08-01T02:45:21.367+0000: 14072.941: Total time for which application threads were stopped: 0.0002636 seconds, Stopping threads took: 0.0000719 seconds
2017-08-01T02:45:21.368+0000: 14072.941: Total time for which application threads were stopped: 0.0003430 seconds, Stopping threads took: 0.0000441 seconds
2017-08-01T02:45:21.368+0000: 14072.941: Total time for which application threads were stopped: 0.0000910 seconds, Stopping threads took: 0.0000210 seconds
2017-08-01T02:45:21.368+0000: 14072.941: Total time for which application threads were stopped: 0.0001188 seconds, Stopping threads took: 0.0000419 seconds
2017-08-01T02:45:21.368+0000: 14072.941: Total time for which application threads were stopped: 0.0001109 seconds, Stopping threads took: 0.0000303 seconds
2017-08-01T02:45:21.368+0000: 14072.942: Total time for which application threads were stopped: 0.0000833 seconds, Stopping threads took: 0.0000182 seconds
2017-08-01T02:45:22.386+0000: 14073.959: Total time for which application threads were stopped: 0.0001759 seconds, Stopping threads took: 0.0000420 seconds
2017-08-01T02:45:22.386+0000: 14073.959: Total time for which application threads were stopped: 0.0000732 seconds, Stopping threads took: 0.0000211 seconds
2017-08-01T02:45:22.386+0000: 14073.959: Total time for which application threads were stopped: 0.0000741 seconds, Stopping threads took: 0.0000227 seconds
2017-08-01T02:45:22.386+0000: 14073.960: Total time for which application threads were stopped: 0.0000780 seconds, Stopping threads took: 0.0000203 seconds
2017-08-01T02:45:22.386+0000: 14073.960: Total time for which application threads were stopped: 0.0000907 seconds, Stopping threads took: 0.0000183 seconds
2017-08-01T02:45:22.406+0000: 14073.979: Total time for which application threads were stopped: 0.0001189 seconds, Stopping threads took: 0.0000249 seconds
2017-08-01T02:45:23.431+0000: 14075.004: Total time for which application threads were stopped: 0.0002128 seconds, Stopping threads took: 0.0000839 seconds
2017-08-01T02:45:42.433+0000: 14094.006: Total time for which application threads were stopped: 0.0001470 seconds, Stopping threads took: 0.0000426 seconds
2017-08-01T02:45:54.435+0000: 14106.008: Total time for which application threads were stopped: 0.0001528 seconds, Stopping threads took: 0.0000438 seconds
{Heap before GC invocations=213 (full 2):
 par new generation   total 153344K, used 144766K [0x0000000080000000, 0x000000008a660000, 0x000000008a660000)
  eden space 136320K, 100% used [0x0000000080000000, 0x0000000088520000, 0x0000000088520000)
  from space 17024K,  49% used [0x00000000895c0000, 0x0000000089dff8c8, 0x000000008a660000)
  to   space 17024K,   0% used [0x0000000088520000, 0x0000000088520000, 0x00000000895c0000)
 concurrent mark-sweep generation total 1926784K, used 268400K [0x000000008a660000, 0x0000000100000000, 0x0000000100000000)
 Metaspace       used 86571K, capacity 92380K, committed 92568K, reserved 1130496K
  class space    used 10447K, capacity 10835K, committed 10912K, reserved 1048576K
2017-08-01T02:45:54.561+0000: 14106.134: [GC (Allocation Failure) Before GC:
Statistics for BinaryTreeDictionary:
------------------------------------
Total Free Space: 212137423
Max   Chunk Size: 212137423
Number of Blocks: 1
Av.  Block  Size: 212137423
Tree      Height: 1
2017-08-01T02:45:54.561+0000: 14106.134: [ParNew
Desired survivor size 8716288 bytes, new threshold 6 (max 6)
- age   1:    1347248 bytes,    1347248 total
- age   2:     728264 bytes,    2075512 total
- age   3:     677264 bytes,    2752776 total
- age   4:     555176 bytes,    3307952 total
- age   5:     591824 bytes,    3899776 total
- age   6:     505632 bytes,    4405408 total
: 144766K->5371K(153344K), 0.0254919 secs] 413167K->274281K(2080128K)After GC:
Statistics for BinaryTreeDictionary:
------------------------------------
Total Free Space: 212076999
Max   Chunk Size: 212076999
Number of Blocks: 1
Av.  Block  Size: 212076999
Tree      Height: 1
, 0.0256012 secs] [Times: user=0.06 sys=0.00, real=0.03 secs] 
Heap after GC invocations=214 (full 2):
 par new generation   total 153344K, used 5371K [0x0000000080000000, 0x000000008a660000, 0x000000008a660000)
  eden space 136320K,   0% used [0x0000000080000000, 0x0000000080000000, 0x0000000088520000)
  from space 17024K,  31% used [0x0000000088520000, 0x0000000088a5ec90, 0x00000000895c0000)
  to   space 17024K,   0% used [0x00000000895c0000, 0x00000000895c0000, 0x000000008a660000)
 concurrent mark-sweep generation total 1926784K, used 268910K [0x000000008a660000, 0x0000000100000000, 0x0000000100000000)
 Metaspace       used 86571K, capacity 92380K, committed 92568K, reserved 1130496K
  class space    used 10447K, capacity 10835K, committed 10912K, reserved 1048576K
}
2017-08-01T02:45:54.586+0000: 14106.160: Total time for which application threads were stopped: 0.0258533 seconds, Stopping threads took: 0.0000501 seconds
2017-08-01T02:45:54.587+0000: 14106.160: Total time for which application threads were stopped: 0.0001524 seconds, Stopping threads took: 0.0000303 seconds
2017-08-01T02:45:54.587+0000: 14106.160: Total time for which application threads were stopped: 0.0001288 seconds, Stopping threads took: 0.0000446 seconds
2017-08-01T02:45:54.587+0000: 14106.161: Total time for which application threads were stopped: 0.0000690 seconds, Stopping threads took: 0.0000194 seconds
2017-08-01T02:45:54.588+0000: 14106.161: Total time for which application threads were stopped: 0.0001435 seconds, Stopping threads took: 0.0000656 seconds
2017-08-01T02:45:54.588+0000: 14106.161: Total time for which application threads were stopped: 0.0001012 seconds, Stopping threads took: 0.0000360 seconds
2017-08-01T02:45:54.588+0000: 14106.161: Total time for which application threads were stopped: 0.0001322 seconds, Stopping threads took: 0.0000562 seconds
2017-08-01T02:45:54.588+0000: 14106.161: Total time for which application threads were stopped: 0.0001513 seconds, Stopping threads took: 0.0000466 seconds
2017-08-01T02:45:54.588+0000: 14106.161: Total time for which application threads were stopped: 0.0001056 seconds, Stopping threads took: 0.0000430 seconds
2017-08-01T02:45:54.588+0000: 14106.162: Total time for which application threads were stopped: 0.0000796 seconds, Stopping threads took: 0.0000258 seconds
2017-08-01T02:45:54.588+0000: 14106.162: Total time for which application threads were stopped: 0.0000946 seconds, Stopping threads took: 0.0000395 seconds
2017-08-01T02:45:54.589+0000: 14106.162: Total time for which application threads were stopped: 0.0001354 seconds, Stopping threads took: 0.0000551 seconds
2017-08-01T02:45:54.589+0000: 14106.162: Total time for which application threads were stopped: 0.0001462 seconds, Stopping threads took: 0.0000603 seconds
2017-08-01T02:45:54.589+0000: 14106.162: Total time for which application threads were stopped: 0.0000948 seconds, Stopping threads took: 0.0000386 seconds
2017-08-01T02:45:54.589+0000: 14106.162: Total time for which application threads were stopped: 0.0001168 seconds, Stopping threads took: 0.0000448 seconds
2017-08-01T02:45:54.589+0000: 14106.162: Total time for which application threads were stopped: 0.0000920 seconds, Stopping threads took: 0.0000162 seconds
2017-08-01T02:45:54.589+0000: 14106.163: Total time for which application threads were stopped: 0.0001023 seconds, Stopping threads took: 0.0000123 seconds
2017-08-01T02:45:54.589+0000: 14106.163: Total time for which application threads were stopped: 0.0001032 seconds, Stopping threads took: 0.0000123 seconds
2017-08-01T02:45:54.590+0000: 14106.163: Total time for which application threads were stopped: 0.0000908 seconds, Stopping threads took: 0.0000130 seconds
2017-08-01T02:45:54.590+0000: 14106.163: Total time for which application threads were stopped: 0.0001041 seconds, Stopping threads took: 0.0000128 seconds
2017-08-01T02:45:54.590+0000: 14106.163: Total time for which application threads were stopped: 0.0003332 seconds, Stopping threads took: 0.0000126 seconds
{Heap before GC invocations=214 (full 2):
 par new generation   total 153344K, used 141691K [0x0000000080000000, 0x000000008a660000, 0x000000008a660000)
  eden space 136320K, 100% used [0x0000000080000000, 0x0000000088520000, 0x0000000088520000)
  from space 17024K,  31% used [0x0000000088520000, 0x0000000088a5ec90, 0x00000000895c0000)
  to   space 17024K,   0% used [0x00000000895c0000, 0x00000000895c0000, 0x000000008a660000)
 concurrent mark-sweep generation total 1926784K, used 268910K [0x000000008a660000, 0x0000000100000000, 0x0000000100000000)
 Metaspace       used 86571K, capacity 92380K, committed 92568K, reserved 1130496K
  class space    used 10447K, capacity 10835K, committed 10912K, reserved 1048576K
2017-08-01T02:47:17.464+0000: 14189.038: [GC (Allocation Failure) Before GC:
Statistics for BinaryTreeDictionary:
------------------------------------
Total Free Space: 212076999
Max   Chunk Size: 212076999
Number of Blocks: 1
Av.  Block  Size: 212076999
Tree      Height: 1
2017-08-01T02:47:17.464+0000: 14189.038: [ParNew
Desired survivor size 8716288 bytes, new threshold 6 (max 6)
- age   1:    1469192 bytes,    1469192 total
- age   2:     651904 bytes,    2121096 total
- age   3:     655112 bytes,    2776208 total
- age   4:     627720 bytes,    3403928 total
- age   5:     494616 bytes,    3898544 total
- age   6:     583072 bytes,    4481616 total
: 141691K->5830K(153344K), 0.0245958 secs] 410601K->275234K(2080128K)After GC:
Statistics for BinaryTreeDictionary:
------------------------------------
Total Free Space: 212011014
Max   Chunk Size: 212011014
Number of Blocks: 1
Av.  Block  Size: 212011014
Tree      Height: 1
, 0.0246752 secs] [Times: user=0.06 sys=0.00, real=0.02 secs] 
Heap after GC invocations=215 (full 2):
 par new generation   total 153344K, used 5830K [0x0000000080000000, 0x000000008a660000, 0x000000008a660000)
  eden space 136320K,   0% used [0x0000000080000000, 0x0000000080000000, 0x0000000088520000)
  from space 17024K,  34% used [0x00000000895c0000, 0x0000000089b71840, 0x000000008a660000)
  to   space 17024K,   0% used [0x0000000088520000, 0x0000000088520000, 0x00000000895c0000)
 concurrent mark-sweep generation total 1926784K, used 269404K [0x000000008a660000, 0x0000000100000000, 0x0000000100000000)
 Metaspace       used 86571K, capacity 92380K, committed 92568K, reserved 1130496K
  class space    used 10447K, capacity 10835K, committed 10912K, reserved 1048576K
}
2017-08-01T02:47:17.489+0000: 14189.062: Total time for which application threads were stopped: 0.0249748 seconds, Stopping threads took: 0.0000519 seconds
2017-08-01T02:47:17.490+0000: 14189.063: Total time for which application threads were stopped: 0.0001505 seconds, Stopping threads took: 0.0000565 seconds
2017-08-01T02:47:17.490+0000: 14189.063: Total time for which application threads were stopped: 0.0000837 seconds, Stopping threads took: 0.0000352 seconds
2017-08-01T02:47:17.490+0000: 14189.063: Total time for which application threads were stopped: 0.0000631 seconds, Stopping threads took: 0.0000171 seconds
2017-08-01T02:47:17.490+0000: 14189.063: Total time for which application threads were stopped: 0.0001410 seconds, Stopping threads took: 0.0000839 seconds
2017-08-01T02:47:17.490+0000: 14189.064: Total time for which application threads were stopped: 0.0001184 seconds, Stopping threads took: 0.0000611 seconds
2017-08-01T02:47:17.490+0000: 14189.064: Total time for which application threads were stopped: 0.0000676 seconds, Stopping threads took: 0.0000211 seconds
2017-08-01T02:47:17.491+0000: 14189.064: Total time for which application threads were stopped: 0.0000620 seconds, Stopping threads took: 0.0000161 seconds
2017-08-01T02:47:17.491+0000: 14189.064: Total time for which application threads were stopped: 0.0000923 seconds, Stopping threads took: 0.0000448 seconds
2017-08-01T02:47:17.491+0000: 14189.064: Total time for which application threads were stopped: 0.0000854 seconds, Stopping threads took: 0.0000188 seconds
2017-08-01T02:47:17.491+0000: 14189.064: Total time for which application threads were stopped: 0.0000803 seconds, Stopping threads took: 0.0000336 seconds
2017-08-01T02:47:17.491+0000: 14189.064: Total time for which application threads were stopped: 0.0000637 seconds, Stopping threads took: 0.0000179 seconds
2017-08-01T02:47:17.491+0000: 14189.064: Total time for which application threads were stopped: 0.0000961 seconds, Stopping threads took: 0.0000319 seconds
2017-08-01T02:47:17.491+0000: 14189.064: Total time for which application threads were stopped: 0.0000680 seconds, Stopping threads took: 0.0000206 seconds
2017-08-01T02:47:17.491+0000: 14189.065: Total time for which application threads were stopped: 0.0000866 seconds, Stopping threads took: 0.0000403 seconds
2017-08-01T02:47:17.491+0000: 14189.065: Total time for which application threads were stopped: 0.0000737 seconds, Stopping threads took: 0.0000277 seconds
2017-08-01T02:47:17.491+0000: 14189.065: Total time for which application threads were stopped: 0.0001071 seconds, Stopping threads took: 0.0000427 seconds
2017-08-01T02:47:17.492+0000: 14189.065: Total time for which application threads were stopped: 0.0000690 seconds, Stopping threads took: 0.0000197 seconds
2017-08-01T02:47:17.492+0000: 14189.065: Total time for which application threads were stopped: 0.0000948 seconds, Stopping threads took: 0.0000242 seconds
2017-08-01T02:47:17.492+0000: 14189.065: Total time for which application threads were stopped: 0.0000772 seconds, Stopping threads took: 0.0000197 seconds
2017-08-01T02:47:17.492+0000: 14189.065: Total time for which application threads were stopped: 0.0002763 seconds, Stopping threads took: 0.0000420 seconds
2017-08-01T02:48:00.967+0000: 14232.540: Total time for which application threads were stopped: 0.0002146 seconds, Stopping threads took: 0.0000652 seconds
2017-08-01T02:48:00.967+0000: 14232.540: Total time for which application threads were stopped: 0.0000742 seconds, Stopping threads took: 0.0000228 seconds
2017-08-01T02:48:00.967+0000: 14232.540: Total time for which application threads were stopped: 0.0000953 seconds, Stopping threads took: 0.0000314 seconds
2017-08-01T02:48:00.967+0000: 14232.540: Total time for which application threads were stopped: 0.0000683 seconds, Stopping threads took: 0.0000193 seconds
2017-08-01T02:48:00.967+0000: 14232.541: Total time for which application threads were stopped: 0.0001095 seconds, Stopping threads took: 0.0000232 seconds
2017-08-01T02:48:00.967+0000: 14232.541: Total time for which application threads were stopped: 0.0000683 seconds, Stopping threads took: 0.0000191 seconds
{Heap before GC invocations=215 (full 2):
 par new generation   total 153344K, used 142150K [0x0000000080000000, 0x000000008a660000, 0x000000008a660000)
  eden space 136320K, 100% used [0x0000000080000000, 0x0000000088520000, 0x0000000088520000)
  from space 17024K,  34% used [0x00000000895c0000, 0x0000000089b71840, 0x000000008a660000)
  to   space 17024K,   0% used [0x0000000088520000, 0x0000000088520000, 0x00000000895c0000)
 concurrent mark-sweep generation total 1926784K, used 269404K [0x000000008a660000, 0x0000000100000000, 0x0000000100000000)
 Metaspace       used 86571K, capacity 92380K, committed 92568K, reserved 1130496K
  class space    used 10447K, capacity 10835K, committed 10912K, reserved 1048576K
2017-08-01T02:48:41.586+0000: 14273.159: [GC (Allocation Failure) Before GC:
Statistics for BinaryTreeDictionary:
------------------------------------
Total Free Space: 212011014
Max   Chunk Size: 212011014
Number of Blocks: 1
Av.  Block  Size: 212011014
Tree      Height: 1
2017-08-01T02:48:41.586+0000: 14273.159: [ParNew
Desired survivor size 8716288 bytes, new threshold 6 (max 6)
- age   1:    1369704 bytes,    1369704 total
- age   2:     724504 bytes,    2094208 total
- age   3:     597864 bytes,    2692072 total
- age   4:     628472 bytes,    3320544 total
- age   5:     565992 bytes,    3886536 total
- age   6:     484904 bytes,    4371440 total
: 142150K->6313K(153344K), 0.0244892 secs] 411554K->276288K(2080128K)After GC:
Statistics for BinaryTreeDictionary:
------------------------------------
Total Free Space: 211936183
Max   Chunk Size: 211936183
Number of Blocks: 1
Av.  Block  Size: 211936183
Tree      Height: 1
, 0.0245720 secs] [Times: user=0.06 sys=0.00, real=0.02 secs] 
Heap after GC invocations=216 (full 2):
 par new generation   total 153344K, used 6313K [0x0000000080000000, 0x000000008a660000, 0x000000008a660000)
  eden space 136320K,   0% used [0x0000000080000000, 0x0000000080000000, 0x0000000088520000)
  from space 17024K,  37% used [0x0000000088520000, 0x0000000088b4a6f0, 0x00000000895c0000)
  to   space 17024K,   0% used [0x00000000895c0000, 0x00000000895c0000, 0x000000008a660000)
 concurrent mark-sweep generation total 1926784K, used 269974K [0x000000008a660000, 0x0000000100000000, 0x0000000100000000)
 Metaspace       used 86571K, capacity 92380K, committed 92568K, reserved 1130496K
  class space    used 10447K, capacity 10835K, committed 10912K, reserved 1048576K
}
2017-08-01T02:48:41.610+0000: 14273.184: Total time for which application threads were stopped: 0.0248351 seconds, Stopping threads took: 0.0000683 seconds
2017-08-01T02:48:41.611+0000: 14273.184: Total time for which application threads were stopped: 0.0001245 seconds, Stopping threads took: 0.0000305 seconds
2017-08-01T02:48:41.611+0000: 14273.184: Total time for which application threads were stopped: 0.0000698 seconds, Stopping threads took: 0.0000195 seconds
2017-08-01T02:48:41.611+0000: 14273.184: Total time for which application threads were stopped: 0.0000652 seconds, Stopping threads took: 0.0000185 seconds
2017-08-01T02:48:41.611+0000: 14273.184: Total time for which application threads were stopped: 0.0001215 seconds, Stopping threads took: 0.0000602 seconds
2017-08-01T02:48:41.611+0000: 14273.184: Total time for which application threads were stopped: 0.0000699 seconds, Stopping threads took: 0.0000210 seconds
2017-08-01T02:48:41.611+0000: 14273.185: Total time for which application threads were stopped: 0.0000649 seconds, Stopping threads took: 0.0000181 seconds
2017-08-01T02:48:41.611+0000: 14273.185: Total time for which application threads were stopped: 0.0001013 seconds, Stopping threads took: 0.0000441 seconds
2017-08-01T02:48:41.612+0000: 14273.185: Total time for which application threads were stopped: 0.0000983 seconds, Stopping threads took: 0.0000338 seconds
2017-08-01T02:48:41.612+0000: 14273.185: Total time for which application threads were stopped: 0.0000669 seconds, Stopping threads took: 0.0000183 seconds
2017-08-01T02:48:41.612+0000: 14273.185: Total time for which application threads were stopped: 0.0000942 seconds, Stopping threads took: 0.0000372 seconds
2017-08-01T02:48:41.612+0000: 14273.185: Total time for which application threads were stopped: 0.0001192 seconds, Stopping threads took: 0.0000446 seconds
2017-08-01T02:48:41.612+0000: 14273.185: Total time for which application threads were stopped: 0.0000716 seconds, Stopping threads took: 0.0000243 seconds
2017-08-01T02:48:41.612+0000: 14273.185: Total time for which application threads were stopped: 0.0000648 seconds, Stopping threads took: 0.0000182 seconds
2017-08-01T02:48:41.612+0000: 14273.185: Total time for which application threads were stopped: 0.0000990 seconds, Stopping threads took: 0.0000433 seconds
2017-08-01T02:48:41.612+0000: 14273.186: Total time for which application threads were stopped: 0.0000648 seconds, Stopping threads took: 0.0000179 seconds
2017-08-01T02:48:41.612+0000: 14273.186: Total time for which application threads were stopped: 0.0001089 seconds, Stopping threads took: 0.0000453 seconds
2017-08-01T02:48:41.613+0000: 14273.186: Total time for which application threads were stopped: 0.0000701 seconds, Stopping threads took: 0.0000203 seconds
2017-08-01T02:48:41.613+0000: 14273.186: Total time for which application threads were stopped: 0.0000673 seconds, Stopping threads took: 0.0000183 seconds
2017-08-01T02:48:41.613+0000: 14273.186: Total time for which application threads were stopped: 0.0001135 seconds, Stopping threads took: 0.0000496 seconds
2017-08-01T02:48:41.613+0000: 14273.186: Total time for which application threads were stopped: 0.0002492 seconds, Stopping threads took: 0.0000439 seconds
2017-08-01T02:48:46.621+0000: 14278.194: Total time for which application threads were stopped: 0.0001771 seconds, Stopping threads took: 0.0000671 seconds
{Heap before GC invocations=216 (full 2):
 par new generation   total 153344K, used 142633K [0x0000000080000000, 0x000000008a660000, 0x000000008a660000)
  eden space 136320K, 100% used [0x0000000080000000, 0x0000000088520000, 0x0000000088520000)
  from space 17024K,  37% used [0x0000000088520000, 0x0000000088b4a6f0, 0x00000000895c0000)
  to   space 17024K,   0% used [0x00000000895c0000, 0x00000000895c0000, 0x000000008a660000)
 concurrent mark-sweep generation total 1926784K, used 269974K [0x000000008a660000, 0x0000000100000000, 0x0000000100000000)
 Metaspace       used 86576K, capacity 92380K, committed 92568K, reserved 1130496K
  class space    used 10447K, capacity 10835K, committed 10912K, reserved 1048576K
2017-08-01T02:49:59.146+0000: 14350.719: [GC (Allocation Failure) Before GC:
Statistics for BinaryTreeDictionary:
------------------------------------
Total Free Space: 211936183
Max   Chunk Size: 211936183
Number of Blocks: 1
Av.  Block  Size: 211936183
Tree      Height: 1
2017-08-01T02:49:59.146+0000: 14350.719: [ParNew
Desired survivor size 8716288 bytes, new threshold 6 (max 6)
- age   1:    1375568 bytes,    1375568 total
- age   2:     662824 bytes,    2038392 total
- age   3:     676032 bytes,    2714424 total
- age   4:     550928 bytes,    3265352 total
- age   5:     610880 bytes,    3876232 total
- age   6:     556392 bytes,    4432624 total
: 142633K->6421K(153344K), 0.0240137 secs] 412608K->276871K(2080128K)After GC:
Statistics for BinaryTreeDictionary:
------------------------------------
Total Free Space: 211875415
Max   Chunk Size: 211875415
Number of Blocks: 1
Av.  Block  Size: 211875415
Tree      Height: 1
, 0.0241310 secs] [Times: user=0.06 sys=0.00, real=0.02 secs] 
Heap after GC invocations=217 (full 2):
 par new generation   total 153344K, used 6421K [0x0000000080000000, 0x000000008a660000, 0x000000008a660000)
  eden space 136320K,   0% used [0x0000000080000000, 0x0000000080000000, 0x0000000088520000)
  from space 17024K,  37% used [0x00000000895c0000, 0x0000000089c05428, 0x000000008a660000)
  to   space 17024K,   0% used [0x0000000088520000, 0x0000000088520000, 0x00000000895c0000)
 concurrent mark-sweep generation total 1926784K, used 270450K [0x000000008a660000, 0x0000000100000000, 0x0000000100000000)
 Metaspace       used 86576K, capacity 92380K, committed 92568K, reserved 1130496K
  class space    used 10447K, capacity 10835K, committed 10912K, reserved 1048576K
}
2017-08-01T02:49:59.170+0000: 14350.744: Total time for which application threads were stopped: 0.0244072 seconds, Stopping threads took: 0.0000584 seconds
2017-08-01T02:49:59.171+0000: 14350.744: Total time for which application threads were stopped: 0.0001763 seconds, Stopping threads took: 0.0000688 seconds
2017-08-01T02:49:59.171+0000: 14350.744: Total time for which application threads were stopped: 0.0001280 seconds, Stopping threads took: 0.0000475 seconds
2017-08-01T02:49:59.171+0000: 14350.745: Total time for which application threads were stopped: 0.0001093 seconds, Stopping threads took: 0.0000329 seconds
2017-08-01T02:49:59.171+0000: 14350.745: Total time for which application threads were stopped: 0.0000898 seconds, Stopping threads took: 0.0000389 seconds
2017-08-01T02:49:59.171+0000: 14350.745: Total time for which application threads were stopped: 0.0001035 seconds, Stopping threads took: 0.0000205 seconds
2017-08-01T02:49:59.172+0000: 14350.745: Total time for which application threads were stopped: 0.0000881 seconds, Stopping threads took: 0.0000232 seconds
2017-08-01T02:49:59.172+0000: 14350.745: Total time for which application threads were stopped: 0.0001089 seconds, Stopping threads took: 0.0000503 seconds
2017-08-01T02:49:59.172+0000: 14350.745: Total time for which application threads were stopped: 0.0001006 seconds, Stopping threads took: 0.0000426 seconds
2017-08-01T02:49:59.172+0000: 14350.745: Total time for which application threads were stopped: 0.0001138 seconds, Stopping threads took: 0.0000550 seconds
2017-08-01T02:49:59.172+0000: 14350.745: Total time for which application threads were stopped: 0.0001019 seconds, Stopping threads took: 0.0000288 seconds
2017-08-01T02:49:59.172+0000: 14350.745: Total time for which application threads were stopped: 0.0000748 seconds, Stopping threads took: 0.0000243 seconds
2017-08-01T02:49:59.172+0000: 14350.746: Total time for which application threads were stopped: 0.0000796 seconds, Stopping threads took: 0.0000267 seconds
2017-08-01T02:49:59.173+0000: 14350.746: Total time for which application threads were stopped: 0.0001523 seconds, Stopping threads took: 0.0000564 seconds
2017-08-01T02:49:59.173+0000: 14350.746: Total time for which application threads were stopped: 0.0001691 seconds, Stopping threads took: 0.0000804 seconds
2017-08-01T02:49:59.179+0000: 14350.753: Total time for which application threads were stopped: 0.0001350 seconds, Stopping threads took: 0.0000586 seconds
2017-08-01T02:49:59.180+0000: 14350.753: Total time for which application threads were stopped: 0.0000678 seconds, Stopping threads took: 0.0000200 seconds
2017-08-01T02:49:59.180+0000: 14350.753: Total time for which application threads were stopped: 0.0001086 seconds, Stopping threads took: 0.0000185 seconds
2017-08-01T02:49:59.180+0000: 14350.753: Total time for which application threads were stopped: 0.0001444 seconds, Stopping threads took: 0.0000693 seconds
2017-08-01T02:49:59.180+0000: 14350.753: Total time for which application threads were stopped: 0.0001167 seconds, Stopping threads took: 0.0000566 seconds
2017-08-01T02:49:59.180+0000: 14350.754: Total time for which application threads were stopped: 0.0003234 seconds, Stopping threads took: 0.0000389 seconds
2017-08-01T02:51:09.191+0000: 14420.764: Total time for which application threads were stopped: 0.0001936 seconds, Stopping threads took: 0.0000427 seconds
{Heap before GC invocations=217 (full 2):
 par new generation   total 153344K, used 142741K [0x0000000080000000, 0x000000008a660000, 0x000000008a660000)
  eden space 136320K, 100% used [0x0000000080000000, 0x0000000088520000, 0x0000000088520000)
  from space 17024K,  37% used [0x00000000895c0000, 0x0000000089c05428, 0x000000008a660000)
  to   space 17024K,   0% used [0x0000000088520000, 0x0000000088520000, 0x00000000895c0000)
 concurrent mark-sweep generation total 1926784K, used 270450K [0x000000008a660000, 0x0000000100000000, 0x0000000100000000)
 Metaspace       used 86581K, capacity 92380K, committed 92568K, reserved 1130496K
  class space    used 10447K, capacity 10835K, committed 10912K, reserved 1048576K
2017-08-01T02:51:23.074+0000: 14434.647: [GC (Allocation Failure) Before GC:
Statistics for BinaryTreeDictionary:
------------------------------------
Total Free Space: 211875415
Max   Chunk Size: 211875415
Number of Blocks: 1
Av.  Block  Size: 211875415
Tree      Height: 1
2017-08-01T02:51:23.074+0000: 14434.647: [ParNew
Desired survivor size 8716288 bytes, new threshold 6 (max 6)
- age   1:    1601712 bytes,    1601712 total
- age   2:     645432 bytes,    2247144 total
- age   3:     592464 bytes,    2839608 total
- age   4:     617992 bytes,    3457600 total
- age   5:     488848 bytes,    3946448 total
- age   6:     598224 bytes,    4544672 total
: 142741K->8586K(153344K), 0.0247891 secs] 413191K->279583K(2080128K)After GC:
Statistics for BinaryTreeDictionary:
------------------------------------
Total Free Space: 211807168
Max   Chunk Size: 211807168
Number of Blocks: 1
Av.  Block  Size: 211807168
Tree      Height: 1
, 0.0248869 secs] [Times: user=0.06 sys=0.00, real=0.02 secs] 
Heap after GC invocations=218 (full 2):
 par new generation   total 153344K, used 8586K [0x0000000080000000, 0x000000008a660000, 0x000000008a660000)
  eden space 136320K,   0% used [0x0000000080000000, 0x0000000080000000, 0x0000000088520000)
  from space 17024K,  50% used [0x0000000088520000, 0x0000000088d82a30, 0x00000000895c0000)
  to   space 17024K,   0% used [0x00000000895c0000, 0x00000000895c0000, 0x000000008a660000)
 concurrent mark-sweep generation total 1926784K, used 270996K [0x000000008a660000, 0x0000000100000000, 0x0000000100000000)
 Metaspace       used 86581K, capacity 92380K, committed 92568K, reserved 1130496K
  class space    used 10447K, capacity 10835K, committed 10912K, reserved 1048576K
}
2017-08-01T02:51:23.098+0000: 14434.672: Total time for which application threads were stopped: 0.0251567 seconds, Stopping threads took: 0.0000543 seconds
2017-08-01T02:51:23.099+0000: 14434.672: Total time for which application threads were stopped: 0.0001232 seconds, Stopping threads took: 0.0000319 seconds
2017-08-01T02:51:23.099+0000: 14434.672: Total time for which application threads were stopped: 0.0000666 seconds, Stopping threads took: 0.0000189 seconds
2017-08-01T02:51:23.099+0000: 14434.673: Total time for which application threads were stopped: 0.0000646 seconds, Stopping threads took: 0.0000180 seconds
2017-08-01T02:51:23.099+0000: 14434.673: Total time for which application threads were stopped: 0.0000866 seconds, Stopping threads took: 0.0000217 seconds
2017-08-01T02:51:23.099+0000: 14434.673: Total time for which application threads were stopped: 0.0000667 seconds, Stopping threads took: 0.0000209 seconds
2017-08-01T02:51:23.100+0000: 14434.673: Total time for which application threads were stopped: 0.0000848 seconds, Stopping threads took: 0.0000381 seconds
2017-08-01T02:51:23.100+0000: 14434.673: Total time for which application threads were stopped: 0.0001212 seconds, Stopping threads took: 0.0000627 seconds
2017-08-01T02:51:23.100+0000: 14434.673: Total time for which application threads were stopped: 0.0000780 seconds, Stopping threads took: 0.0000176 seconds
2017-08-01T02:51:23.111+0000: 14434.684: Total time for which application threads were stopped: 0.0001410 seconds, Stopping threads took: 0.0000696 seconds
2017-08-01T02:51:23.111+0000: 14434.684: Total time for which application threads were stopped: 0.0001067 seconds, Stopping threads took: 0.0000465 seconds
2017-08-01T02:51:23.111+0000: 14434.685: Total time for which application threads were stopped: 0.0000683 seconds, Stopping threads took: 0.0000195 seconds
2017-08-01T02:51:23.111+0000: 14434.685: Total time for which application threads were stopped: 0.0001002 seconds, Stopping threads took: 0.0000299 seconds
2017-08-01T02:51:23.112+0000: 14434.685: Total time for which application threads were stopped: 0.0001024 seconds, Stopping threads took: 0.0000431 seconds
2017-08-01T02:51:23.112+0000: 14434.685: Total time for which application threads were stopped: 0.0001172 seconds, Stopping threads took: 0.0000517 seconds
2017-08-01T02:51:23.112+0000: 14434.685: Total time for which application threads were stopped: 0.0001238 seconds, Stopping threads took: 0.0000476 seconds
2017-08-01T02:51:23.112+0000: 14434.685: Total time for which application threads were stopped: 0.0000710 seconds, Stopping threads took: 0.0000194 seconds
2017-08-01T02:51:23.112+0000: 14434.685: Total time for which application threads were stopped: 0.0000744 seconds, Stopping threads took: 0.0000239 seconds
2017-08-01T02:51:23.112+0000: 14434.685: Total time for which application threads were stopped: 0.0000872 seconds, Stopping threads took: 0.0000177 seconds
2017-08-01T02:51:23.112+0000: 14434.686: Total time for which application threads were stopped: 0.0001014 seconds, Stopping threads took: 0.0000428 seconds
2017-08-01T02:51:23.113+0000: 14434.686: Total time for which application threads were stopped: 0.0002890 seconds, Stopping threads took: 0.0000423 seconds
2017-08-01T02:52:38.126+0000: 14509.699: Total time for which application threads were stopped: 0.0001760 seconds, Stopping threads took: 0.0000428 seconds
{Heap before GC invocations=218 (full 2):
 par new generation   total 153344K, used 144906K [0x0000000080000000, 0x000000008a660000, 0x000000008a660000)
  eden space 136320K, 100% used [0x0000000080000000, 0x0000000088520000, 0x0000000088520000)
  from space 17024K,  50% used [0x0000000088520000, 0x0000000088d82a30, 0x00000000895c0000)
  to   space 17024K,   0% used [0x00000000895c0000, 0x00000000895c0000, 0x000000008a660000)
 concurrent mark-sweep generation total 1926784K, used 270996K [0x000000008a660000, 0x0000000100000000, 0x0000000100000000)
 Metaspace       used 86591K, capacity 92380K, committed 92568K, reserved 1130496K
  class space    used 10447K, capacity 10835K, committed 10912K, reserved 1048576K
2017-08-01T02:52:48.381+0000: 14519.954: [GC (Allocation Failure) Before GC:
Statistics for BinaryTreeDictionary:
------------------------------------
Total Free Space: 211807168
Max   Chunk Size: 211807168
Number of Blocks: 1
Av.  Block  Size: 211807168
Tree      Height: 1
2017-08-01T02:52:48.381+0000: 14519.954: [ParNew
Desired survivor size 8716288 bytes, new threshold 6 (max 6)
- age   1:    1368432 bytes,    1368432 total
- age   2:     836408 bytes,    2204840 total
- age   3:     572672 bytes,    2777512 total
- age   4:     567336 bytes,    3344848 total
- age   5:     559816 bytes,    3904664 total
- age   6:     483312 bytes,    4387976 total
: 144906K->5475K(153344K), 0.0239767 secs] 415903K->277060K(2080128K)After GC:
Statistics for BinaryTreeDictionary:
------------------------------------
Total Free Space: 211729987
Max   Chunk Size: 211729987
Number of Blocks: 1
Av.  Block  Size: 211729987
Tree      Height: 1
, 0.0240642 secs] [Times: user=0.06 sys=0.00, real=0.03 secs] 
Heap after GC invocations=219 (full 2):
 par new generation   total 153344K, used 5475K [0x0000000080000000, 0x000000008a660000, 0x000000008a660000)
  eden space 136320K,   0% used [0x0000000080000000, 0x0000000080000000, 0x0000000088520000)
  from space 17024K,  32% used [0x00000000895c0000, 0x0000000089b18d98, 0x000000008a660000)
  to   space 17024K,   0% used [0x0000000088520000, 0x0000000088520000, 0x00000000895c0000)
 concurrent mark-sweep generation total 1926784K, used 271584K [0x000000008a660000, 0x0000000100000000, 0x0000000100000000)
 Metaspace       used 86591K, capacity 92380K, committed 92568K, reserved 1130496K
  class space    used 10447K, capacity 10835K, committed 10912K, reserved 1048576K
}
2017-08-01T02:52:48.405+0000: 14519.978: Total time for which application threads were stopped: 0.0250273 seconds, Stopping threads took: 0.0007696 seconds
2017-08-01T02:52:48.405+0000: 14519.978: Total time for which application threads were stopped: 0.0001207 seconds, Stopping threads took: 0.0000298 seconds
2017-08-01T02:52:48.405+0000: 14519.978: Total time for which application threads were stopped: 0.0000661 seconds, Stopping threads took: 0.0000185 seconds
2017-08-01T02:52:48.405+0000: 14519.979: Total time for which application threads were stopped: 0.0001113 seconds, Stopping threads took: 0.0000534 seconds
2017-08-01T02:52:48.405+0000: 14519.979: Total time for which application threads were stopped: 0.0001142 seconds, Stopping threads took: 0.0000535 seconds
2017-08-01T02:52:48.406+0000: 14519.979: Total time for which application threads were stopped: 0.0001027 seconds, Stopping threads took: 0.0000438 seconds
2017-08-01T02:52:48.406+0000: 14519.979: Total time for which application threads were stopped: 0.0001059 seconds, Stopping threads took: 0.0000436 seconds
2017-08-01T02:52:48.406+0000: 14519.979: Total time for which application threads were stopped: 0.0001053 seconds, Stopping threads took: 0.0000433 seconds
2017-08-01T02:52:48.406+0000: 14519.979: Total time for which application threads were stopped: 0.0000978 seconds, Stopping threads took: 0.0000345 seconds
2017-08-01T02:52:48.406+0000: 14519.979: Total time for which application threads were stopped: 0.0000881 seconds, Stopping threads took: 0.0000267 seconds
2017-08-01T02:52:48.406+0000: 14519.979: Total time for which application threads were stopped: 0.0000711 seconds, Stopping threads took: 0.0000209 seconds
2017-08-01T02:52:48.406+0000: 14519.980: Total time for which application threads were stopped: 0.0000982 seconds, Stopping threads took: 0.0000386 seconds
2017-08-01T02:52:48.406+0000: 14519.980: Total time for which application threads were stopped: 0.0001158 seconds, Stopping threads took: 0.0000531 seconds
2017-08-01T02:52:48.407+0000: 14519.980: Total time for which application threads were stopped: 0.0001033 seconds, Stopping threads took: 0.0000431 seconds
2017-08-01T02:52:48.407+0000: 14519.980: Total time for which application threads were stopped: 0.0001044 seconds, Stopping threads took: 0.0000425 seconds
2017-08-01T02:52:48.407+0000: 14519.980: Total time for which application threads were stopped: 0.0001133 seconds, Stopping threads took: 0.0000527 seconds
2017-08-01T02:52:48.407+0000: 14519.980: Total time for which application threads were stopped: 0.0000982 seconds, Stopping threads took: 0.0000292 seconds
2017-08-01T02:52:48.407+0000: 14519.980: Total time for which application threads were stopped: 0.0000940 seconds, Stopping threads took: 0.0000342 seconds
2017-08-01T02:52:48.407+0000: 14519.980: Total time for which application threads were stopped: 0.0000679 seconds, Stopping threads took: 0.0000174 seconds
2017-08-01T02:52:48.407+0000: 14519.981: Total time for which application threads were stopped: 0.0001034 seconds, Stopping threads took: 0.0000454 seconds
2017-08-01T02:52:48.408+0000: 14519.981: Total time for which application threads were stopped: 0.0002367 seconds, Stopping threads took: 0.0000454 seconds
2017-08-01T02:53:21.411+0000: 14552.985: Total time for which application threads were stopped: 0.0001542 seconds, Stopping threads took: 0.0000495 seconds
2017-08-01T02:53:59.415+0000: 14590.989: Total time for which application threads were stopped: 0.0001738 seconds, Stopping threads took: 0.0000700 seconds
{Heap before GC invocations=219 (full 2):
 par new generation   total 153344K, used 141795K [0x0000000080000000, 0x000000008a660000, 0x000000008a660000)
  eden space 136320K, 100% used [0x0000000080000000, 0x0000000088520000, 0x0000000088520000)
  from space 17024K,  32% used [0x00000000895c0000, 0x0000000089b18d98, 0x000000008a660000)
  to   space 17024K,   0% used [0x0000000088520000, 0x0000000088520000, 0x00000000895c0000)
 concurrent mark-sweep generation total 1926784K, used 271584K [0x000000008a660000, 0x0000000100000000, 0x0000000100000000)
 Metaspace       used 86594K, capacity 92380K, committed 92568K, reserved 1130496K
  class space    used 10447K, capacity 10835K, committed 10912K, reserved 1048576K
2017-08-01T02:54:06.466+0000: 14598.039: [GC (Allocation Failure) Before GC:
Statistics for BinaryTreeDictionary:
------------------------------------
Total Free Space: 211729987
Max   Chunk Size: 211729987
Number of Blocks: 1
Av.  Block  Size: 211729987
Tree      Height: 1
2017-08-01T02:54:06.466+0000: 14598.039: [ParNew
Desired survivor size 8716288 bytes, new threshold 6 (max 6)
- age   1:    1265696 bytes,    1265696 total
- age   2:     609296 bytes,    1874992 total
- age   3:     724040 bytes,    2599032 total
- age   4:     508944 bytes,    3107976 total
- age   5:     558240 bytes,    3666216 total
- age   6:     553088 bytes,    4219304 total
: 141795K->5828K(153344K), 0.0226150 secs] 413380K->277887K(2080128K)After GC:
Statistics for BinaryTreeDictionary:
------------------------------------
Total Free Space: 211669184
Max   Chunk Size: 211669184
Number of Blocks: 1
Av.  Block  Size: 211669184
Tree      Height: 1
, 0.0227384 secs] [Times: user=0.06 sys=0.00, real=0.02 secs] 
Heap after GC invocations=220 (full 2):
 par new generation   total 153344K, used 5828K [0x0000000080000000, 0x000000008a660000, 0x000000008a660000)
  eden space 136320K,   0% used [0x0000000080000000, 0x0000000080000000, 0x0000000088520000)
  from space 17024K,  34% used [0x0000000088520000, 0x0000000088ad1038, 0x00000000895c0000)
  to   space 17024K,   0% used [0x00000000895c0000, 0x00000000895c0000, 0x000000008a660000)
 concurrent mark-sweep generation total 1926784K, used 272059K [0x000000008a660000, 0x0000000100000000, 0x0000000100000000)
 Metaspace       used 86594K, capacity 92380K, committed 92568K, reserved 1130496K
  class space    used 10447K, capacity 10835K, committed 10912K, reserved 1048576K
}
2017-08-01T02:54:06.489+0000: 14598.062: Total time for which application threads were stopped: 0.0230159 seconds, Stopping threads took: 0.0000415 seconds
2017-08-01T02:54:06.491+0000: 14598.064: Total time for which application threads were stopped: 0.0001453 seconds, Stopping threads took: 0.0000278 seconds
2017-08-01T02:54:06.491+0000: 14598.064: Total time for which application threads were stopped: 0.0000698 seconds, Stopping threads took: 0.0000216 seconds
2017-08-01T02:54:06.491+0000: 14598.064: Total time for which application threads were stopped: 0.0000666 seconds, Stopping threads took: 0.0000209 seconds
2017-08-01T02:54:06.491+0000: 14598.065: Total time for which application threads were stopped: 0.0000917 seconds, Stopping threads took: 0.0000207 seconds
2017-08-01T02:54:06.491+0000: 14598.065: Total time for which application threads were stopped: 0.0000636 seconds, Stopping threads took: 0.0000181 seconds
2017-08-01T02:54:06.491+0000: 14598.065: Total time for which application threads were stopped: 0.0000634 seconds, Stopping threads took: 0.0000178 seconds
2017-08-01T02:54:06.492+0000: 14598.065: Total time for which application threads were stopped: 0.0000783 seconds, Stopping threads took: 0.0000203 seconds
2017-08-01T02:54:06.492+0000: 14598.065: Total time for which application threads were stopped: 0.0000646 seconds, Stopping threads took: 0.0000193 seconds
2017-08-01T02:54:06.492+0000: 14598.065: Total time for which application threads were stopped: 0.0000870 seconds, Stopping threads took: 0.0000211 seconds
2017-08-01T02:54:06.492+0000: 14598.065: Total time for which application threads were stopped: 0.0000669 seconds, Stopping threads took: 0.0000212 seconds
2017-08-01T02:54:06.492+0000: 14598.065: Total time for which application threads were stopped: 0.0000658 seconds, Stopping threads took: 0.0000206 seconds
2017-08-01T02:54:06.492+0000: 14598.065: Total time for which application threads were stopped: 0.0000891 seconds, Stopping threads took: 0.0000324 seconds
2017-08-01T02:54:06.492+0000: 14598.065: Total time for which application threads were stopped: 0.0000983 seconds, Stopping threads took: 0.0000430 seconds
2017-08-01T02:54:06.492+0000: 14598.066: Total time for which application threads were stopped: 0.0000634 seconds, Stopping threads took: 0.0000183 seconds
2017-08-01T02:54:06.492+0000: 14598.066: Total time for which application threads were stopped: 0.0000613 seconds, Stopping threads took: 0.0000158 seconds
2017-08-01T02:54:06.492+0000: 14598.066: Total time for which application threads were stopped: 0.0000641 seconds, Stopping threads took: 0.0000190 seconds
2017-08-01T02:54:06.493+0000: 14598.066: Total time for which application threads were stopped: 0.0000823 seconds, Stopping threads took: 0.0000194 seconds
2017-08-01T02:54:06.493+0000: 14598.066: Total time for which application threads were stopped: 0.0000661 seconds, Stopping threads took: 0.0000204 seconds
2017-08-01T02:54:06.493+0000: 14598.066: Total time for which application threads were stopped: 0.0000657 seconds, Stopping threads took: 0.0000202 seconds
2017-08-01T02:54:06.493+0000: 14598.066: Total time for which application threads were stopped: 0.0002161 seconds, Stopping threads took: 0.0000267 seconds
2017-08-01T02:54:54.498+0000: 14646.072: Total time for which application threads were stopped: 0.0001606 seconds, Stopping threads took: 0.0000566 seconds
{Heap before GC invocations=220 (full 2):
 par new generation   total 153344K, used 142148K [0x0000000080000000, 0x000000008a660000, 0x000000008a660000)
  eden space 136320K, 100% used [0x0000000080000000, 0x0000000088520000, 0x0000000088520000)
  from space 17024K,  34% used [0x0000000088520000, 0x0000000088ad1038, 0x00000000895c0000)
  to   space 17024K,   0% used [0x00000000895c0000, 0x00000000895c0000, 0x000000008a660000)
 concurrent mark-sweep generation total 1926784K, used 272059K [0x000000008a660000, 0x0000000100000000, 0x0000000100000000)
 Metaspace       used 86594K, capacity 92380K, committed 92568K, reserved 1130496K
  class space    used 10447K, capacity 10835K, committed 10912K, reserved 1048576K
2017-08-01T02:55:31.564+0000: 14683.137: [GC (Allocation Failure) Before GC:
Statistics for BinaryTreeDictionary:
------------------------------------
Total Free Space: 211669184
Max   Chunk Size: 211669184
Number of Blocks: 1
Av.  Block  Size: 211669184
Tree      Height: 1
2017-08-01T02:55:31.564+0000: 14683.137: [ParNew
Desired survivor size 8716288 bytes, new threshold 6 (max 6)
- age   1:    1305248 bytes,    1305248 total
- age   2:     569848 bytes,    1875096 total
- age   3:     539256 bytes,    2414352 total
- age   4:     622744 bytes,    3037096 total
- age   5:     497168 bytes,    3534264 total
- age   6:     548792 bytes,    4083056 total
: 142148K->6026K(153344K), 0.0226236 secs] 414207K->278628K(2080128K)After GC:
Statistics for BinaryTreeDictionary:
------------------------------------
Total Free Space: 211599602
Max   Chunk Size: 211599602
Number of Blocks: 1
Av.  Block  Size: 211599602
Tree      Height: 1
, 0.0227040 secs] [Times: user=0.06 sys=0.00, real=0.02 secs] 
Heap after GC invocations=221 (full 2):
 par new generation   total 153344K, used 6026K [0x0000000080000000, 0x000000008a660000, 0x000000008a660000)
  eden space 136320K,   0% used [0x0000000080000000, 0x0000000080000000, 0x0000000088520000)
  from space 17024K,  35% used [0x00000000895c0000, 0x0000000089ba2908, 0x000000008a660000)
  to   space 17024K,   0% used [0x0000000088520000, 0x0000000088520000, 0x00000000895c0000)
 concurrent mark-sweep generation total 1926784K, used 272602K [0x000000008a660000, 0x0000000100000000, 0x0000000100000000)
 Metaspace       used 86594K, capacity 92380K, committed 92568K, reserved 1130496K
  class space    used 10447K, capacity 10835K, committed 10912K, reserved 1048576K
}
2017-08-01T02:55:31.587+0000: 14683.160: Total time for which application threads were stopped: 0.0229700 seconds, Stopping threads took: 0.0000732 seconds
2017-08-01T02:55:31.587+0000: 14683.160: Total time for which application threads were stopped: 0.0001652 seconds, Stopping threads took: 0.0000626 seconds
2017-08-01T02:55:31.597+0000: 14683.170: Total time for which application threads were stopped: 0.0001434 seconds, Stopping threads took: 0.0000665 seconds
2017-08-01T02:55:31.597+0000: 14683.170: Total time for which application threads were stopped: 0.0001038 seconds, Stopping threads took: 0.0000368 seconds
2017-08-01T02:55:31.597+0000: 14683.170: Total time for which application threads were stopped: 0.0000677 seconds, Stopping threads took: 0.0000218 seconds
2017-08-01T02:55:31.597+0000: 14683.170: Total time for which application threads were stopped: 0.0001169 seconds, Stopping threads took: 0.0000472 seconds
2017-08-01T02:55:31.597+0000: 14683.171: Total time for which application threads were stopped: 0.0001187 seconds, Stopping threads took: 0.0000660 seconds
2017-08-01T02:55:31.597+0000: 14683.171: Total time for which application threads were stopped: 0.0000646 seconds, Stopping threads took: 0.0000183 seconds
2017-08-01T02:55:31.598+0000: 14683.171: Total time for which application threads were stopped: 0.0000862 seconds, Stopping threads took: 0.0000199 seconds
2017-08-01T02:55:31.598+0000: 14683.171: Total time for which application threads were stopped: 0.0000898 seconds, Stopping threads took: 0.0000180 seconds
2017-08-01T02:55:31.598+0000: 14683.171: Total time for which application threads were stopped: 0.0000795 seconds, Stopping threads took: 0.0000178 seconds
2017-08-01T02:55:31.598+0000: 14683.171: Total time for which application threads were stopped: 0.0000630 seconds, Stopping threads took: 0.0000176 seconds
2017-08-01T02:55:31.598+0000: 14683.171: Total time for which application threads were stopped: 0.0000753 seconds, Stopping threads took: 0.0000171 seconds
2017-08-01T02:55:31.598+0000: 14683.171: Total time for which application threads were stopped: 0.0000626 seconds, Stopping threads took: 0.0000175 seconds
2017-08-01T02:55:31.598+0000: 14683.172: Total time for which application threads were stopped: 0.0000831 seconds, Stopping threads took: 0.0000178 seconds
2017-08-01T02:55:31.598+0000: 14683.172: Total time for which application threads were stopped: 0.0000781 seconds, Stopping threads took: 0.0000118 seconds
2017-08-01T02:55:31.599+0000: 14683.172: Total time for which application threads were stopped: 0.0000797 seconds, Stopping threads took: 0.0000115 seconds
2017-08-01T02:55:31.599+0000: 14683.172: Total time for which application threads were stopped: 0.0000769 seconds, Stopping threads took: 0.0000119 seconds
2017-08-01T02:55:31.599+0000: 14683.172: Total time for which application threads were stopped: 0.0000772 seconds, Stopping threads took: 0.0000113 seconds
2017-08-01T02:55:31.599+0000: 14683.172: Total time for which application threads were stopped: 0.0000813 seconds, Stopping threads took: 0.0000120 seconds
2017-08-01T02:55:31.599+0000: 14683.172: Total time for which application threads were stopped: 0.0002746 seconds, Stopping threads took: 0.0000126 seconds
2017-08-01T02:56:28.605+0000: 14740.178: Total time for which application threads were stopped: 0.0001579 seconds, Stopping threads took: 0.0000397 seconds
{Heap before GC invocations=221 (full 2):
 par new generation   total 153344K, used 142346K [0x0000000080000000, 0x000000008a660000, 0x000000008a660000)
  eden space 136320K, 100% used [0x0000000080000000, 0x0000000088520000, 0x0000000088520000)
  from space 17024K,  35% used [0x00000000895c0000, 0x0000000089ba2908, 0x000000008a660000)
  to   space 17024K,   0% used [0x0000000088520000, 0x0000000088520000, 0x00000000895c0000)
 concurrent mark-sweep generation total 1926784K, used 272602K [0x000000008a660000, 0x0000000100000000, 0x0000000100000000)
 Metaspace       used 86599K, capacity 92380K, committed 92568K, reserved 1130496K
  class space    used 10447K, capacity 10835K, committed 10912K, reserved 1048576K
2017-08-01T02:56:50.665+0000: 14762.238: [GC (Allocation Failure) Before GC:
Statistics for BinaryTreeDictionary:
------------------------------------
Total Free Space: 211599602
Max   Chunk Size: 211599602
Number of Blocks: 1
Av.  Block  Size: 211599602
Tree      Height: 1
2017-08-01T02:56:50.665+0000: 14762.238: [ParNew
Desired survivor size 8716288 bytes, new threshold 6 (max 6)
- age   1:    1419952 bytes,    1419952 total
- age   2:     576784 bytes,    1996736 total
- age   3:     502504 bytes,    2499240 total
- age   4:     483128 bytes,    2982368 total
- age   5:     587696 bytes,    3570064 total
- age   6:     489104 bytes,    4059168 total
: 142346K->6032K(153344K), 0.0339518 secs] 414948K->279174K(2080128K)After GC:
Statistics for BinaryTreeDictionary:
------------------------------------
Total Free Space: 211531650
Max   Chunk Size: 211531650
Number of Blocks: 1
Av.  Block  Size: 211531650
Tree      Height: 1
, 0.0340684 secs] [Times: user=0.06 sys=0.00, real=0.03 secs] 
Heap after GC invocations=222 (full 2):
 par new generation   total 153344K, used 6032K [0x0000000080000000, 0x000000008a660000, 0x000000008a660000)
  eden space 136320K,   0% used [0x0000000080000000, 0x0000000080000000, 0x0000000088520000)
  from space 17024K,  35% used [0x0000000088520000, 0x0000000088b04250, 0x00000000895c0000)
  to   space 17024K,   0% used [0x00000000895c0000, 0x00000000895c0000, 0x000000008a660000)
 concurrent mark-sweep generation total 1926784K, used 273141K [0x000000008a660000, 0x0000000100000000, 0x0000000100000000)
 Metaspace       used 86599K, capacity 92380K, committed 92568K, reserved 1130496K
  class space    used 10447K, capacity 10835K, committed 10912K, reserved 1048576K
}
2017-08-01T02:56:50.699+0000: 14762.272: Total time for which application threads were stopped: 0.0343650 seconds, Stopping threads took: 0.0000413 seconds
2017-08-01T02:56:50.709+0000: 14762.282: Total time for which application threads were stopped: 0.0001650 seconds, Stopping threads took: 0.0000364 seconds
2017-08-01T02:56:50.716+0000: 14762.289: Total time for which application threads were stopped: 0.0000980 seconds, Stopping threads took: 0.0000326 seconds
2017-08-01T02:56:50.718+0000: 14762.291: Total time for which application threads were stopped: 0.0001048 seconds, Stopping threads took: 0.0000151 seconds
2017-08-01T02:56:50.718+0000: 14762.291: Total time for which application threads were stopped: 0.0000866 seconds, Stopping threads took: 0.0000144 seconds
2017-08-01T02:56:50.718+0000: 14762.291: Total time for which application threads were stopped: 0.0000827 seconds, Stopping threads took: 0.0000125 seconds
2017-08-01T02:56:50.718+0000: 14762.292: Total time for which application threads were stopped: 0.0000844 seconds, Stopping threads took: 0.0000131 seconds
2017-08-01T02:56:50.718+0000: 14762.292: Total time for which application threads were stopped: 0.0000828 seconds, Stopping threads took: 0.0000126 seconds
2017-08-01T02:56:50.719+0000: 14762.292: Total time for which application threads were stopped: 0.0000839 seconds, Stopping threads took: 0.0000129 seconds
2017-08-01T02:56:50.719+0000: 14762.292: Total time for which application threads were stopped: 0.0000937 seconds, Stopping threads took: 0.0000128 seconds
2017-08-01T02:56:50.719+0000: 14762.292: Total time for which application threads were stopped: 0.0000828 seconds, Stopping threads took: 0.0000127 seconds
2017-08-01T02:56:50.719+0000: 14762.292: Total time for which application threads were stopped: 0.0000955 seconds, Stopping threads took: 0.0000246 seconds
2017-08-01T02:56:50.719+0000: 14762.292: Total time for which application threads were stopped: 0.0000835 seconds, Stopping threads took: 0.0000129 seconds
2017-08-01T02:56:50.719+0000: 14762.292: Total time for which application threads were stopped: 0.0000943 seconds, Stopping threads took: 0.0000126 seconds
2017-08-01T02:56:50.719+0000: 14762.293: Total time for which application threads were stopped: 0.0000836 seconds, Stopping threads took: 0.0000133 seconds
2017-08-01T02:56:50.719+0000: 14762.293: Total time for which application threads were stopped: 0.0000931 seconds, Stopping threads took: 0.0000118 seconds
2017-08-01T02:56:50.719+0000: 14762.293: Total time for which application threads were stopped: 0.0000838 seconds, Stopping threads took: 0.0000134 seconds
2017-08-01T02:56:50.720+0000: 14762.293: Total time for which application threads were stopped: 0.0000815 seconds, Stopping threads took: 0.0000124 seconds
2017-08-01T02:56:50.720+0000: 14762.293: Total time for which application threads were stopped: 0.0000819 seconds, Stopping threads took: 0.0000128 seconds
2017-08-01T02:56:50.720+0000: 14762.293: Total time for which application threads were stopped: 0.0000815 seconds, Stopping threads took: 0.0000120 seconds
2017-08-01T02:56:50.720+0000: 14762.293: Total time for which application threads were stopped: 0.0003301 seconds, Stopping threads took: 0.0000132 seconds
2017-08-01T02:57:38.706+0000: 14810.280: Total time for which application threads were stopped: 0.0002150 seconds, Stopping threads took: 0.0000389 seconds
2017-08-01T02:57:38.707+0000: 14810.280: Total time for which application threads were stopped: 0.0000978 seconds, Stopping threads took: 0.0000235 seconds
2017-08-01T02:57:38.707+0000: 14810.280: Total time for which application threads were stopped: 0.0003328 seconds, Stopping threads took: 0.0000264 seconds
2017-08-01T02:57:38.707+0000: 14810.280: Total time for which application threads were stopped: 0.0001974 seconds, Stopping threads took: 0.0000245 seconds
2017-08-01T02:57:38.707+0000: 14810.281: Total time for which application threads were stopped: 0.0001889 seconds, Stopping threads took: 0.0000296 seconds
2017-08-01T02:57:38.708+0000: 14810.281: Total time for which application threads were stopped: 0.0001824 seconds, Stopping threads took: 0.0000218 seconds
2017-08-01T02:57:39.737+0000: 14811.310: Total time for which application threads were stopped: 0.0001854 seconds, Stopping threads took: 0.0000690 seconds
2017-08-01T02:57:39.737+0000: 14811.310: Total time for which application threads were stopped: 0.0001056 seconds, Stopping threads took: 0.0000450 seconds
2017-08-01T02:57:39.737+0000: 14811.310: Total time for which application threads were stopped: 0.0000741 seconds, Stopping threads took: 0.0000218 seconds
2017-08-01T02:57:39.737+0000: 14811.310: Total time for which application threads were stopped: 0.0000680 seconds, Stopping threads took: 0.0000188 seconds
2017-08-01T02:57:39.747+0000: 14811.320: Total time for which application threads were stopped: 0.0001604 seconds, Stopping threads took: 0.0000578 seconds
2017-08-01T02:57:39.747+0000: 14811.321: Total time for which application threads were stopped: 0.0000992 seconds, Stopping threads took: 0.0000187 seconds
2017-08-01T02:57:39.752+0000: 14811.326: Total time for which application threads were stopped: 0.0001293 seconds, Stopping threads took: 0.0000454 seconds
2017-08-01T02:57:39.753+0000: 14811.326: Total time for which application threads were stopped: 0.0001165 seconds, Stopping threads took: 0.0000412 seconds
2017-08-01T02:57:40.777+0000: 14812.350: Total time for which application threads were stopped: 0.0002084 seconds, Stopping threads took: 0.0000819 seconds
2017-08-01T02:57:40.777+0000: 14812.350: Total time for which application threads were stopped: 0.0000699 seconds, Stopping threads took: 0.0000189 seconds
2017-08-01T02:57:53.779+0000: 14825.352: Total time for which application threads were stopped: 0.0001575 seconds, Stopping threads took: 0.0000408 seconds
2017-08-01T02:58:03.667+0000: 14835.240: Total time for which application threads were stopped: 0.0001998 seconds, Stopping threads took: 0.0000416 seconds
2017-08-01T02:58:03.667+0000: 14835.240: Total time for which application threads were stopped: 0.0000913 seconds, Stopping threads took: 0.0000196 seconds
2017-08-01T02:58:03.667+0000: 14835.240: Total time for which application threads were stopped: 0.0001098 seconds, Stopping threads took: 0.0000230 seconds
2017-08-01T02:58:03.667+0000: 14835.240: Total time for which application threads were stopped: 0.0000841 seconds, Stopping threads took: 0.0000180 seconds
2017-08-01T02:58:03.667+0000: 14835.240: Total time for which application threads were stopped: 0.0001208 seconds, Stopping threads took: 0.0000190 seconds
2017-08-01T02:58:03.667+0000: 14835.241: Total time for which application threads were stopped: 0.0000835 seconds, Stopping threads took: 0.0000182 seconds
{Heap before GC invocations=222 (full 2):
 par new generation   total 153344K, used 142352K [0x0000000080000000, 0x000000008a660000, 0x000000008a660000)
  eden space 136320K, 100% used [0x0000000080000000, 0x0000000088520000, 0x0000000088520000)
  from space 17024K,  35% used [0x0000000088520000, 0x0000000088b04250, 0x00000000895c0000)
  to   space 17024K,   0% used [0x00000000895c0000, 0x00000000895c0000, 0x000000008a660000)
 concurrent mark-sweep generation total 1926784K, used 273141K [0x000000008a660000, 0x0000000100000000, 0x0000000100000000)
 Metaspace       used 86605K, capacity 92380K, committed 92568K, reserved 1130496K
  class space    used 10447K, capacity 10835K, committed 10912K, reserved 1048576K
2017-08-01T02:58:09.910+0000: 14841.484: [GC (Allocation Failure) Before GC:
Statistics for BinaryTreeDictionary:
------------------------------------
Total Free Space: 211531650
Max   Chunk Size: 211531650
Number of Blocks: 1
Av.  Block  Size: 211531650
Tree      Height: 1
2017-08-01T02:58:09.910+0000: 14841.484: [ParNew
Desired survivor size 8716288 bytes, new threshold 6 (max 6)
- age   1:    1336328 bytes,    1336328 total
- age   2:     634880 bytes,    1971208 total
- age   3:     510232 bytes,    2481440 total
- age   4:     454912 bytes,    2936352 total
- age   5:     413288 bytes,    3349640 total
- age   6:     571432 bytes,    3921072 total
: 142352K->5946K(153344K), 0.0220178 secs] 415494K->279567K(2080128K)After GC:
Statistics for BinaryTreeDictionary:
------------------------------------
Total Free Space: 211468880
Max   Chunk Size: 211468880
Number of Blocks: 1
Av.  Block  Size: 211468880
Tree      Height: 1
, 0.0220993 secs] [Times: user=0.05 sys=0.00, real=0.02 secs] 
Heap after GC invocations=223 (full 2):
 par new generation   total 153344K, used 5946K [0x0000000080000000, 0x000000008a660000, 0x000000008a660000)
  eden space 136320K,   0% used [0x0000000080000000, 0x0000000080000000, 0x0000000088520000)
  from space 17024K,  34% used [0x00000000895c0000, 0x0000000089b8e830, 0x000000008a660000)
  to   space 17024K,   0% used [0x0000000088520000, 0x0000000088520000, 0x00000000895c0000)
 concurrent mark-sweep generation total 1926784K, used 273621K [0x000000008a660000, 0x0000000100000000, 0x0000000100000000)
 Metaspace       used 86605K, capacity 92380K, committed 92568K, reserved 1130496K
  class space    used 10447K, capacity 10835K, committed 10912K, reserved 1048576K
}
2017-08-01T02:58:09.932+0000: 14841.506: Total time for which application threads were stopped: 0.0223907 seconds, Stopping threads took: 0.0000666 seconds
2017-08-01T02:58:09.944+0000: 14841.517: Total time for which application threads were stopped: 0.0008361 seconds, Stopping threads took: 0.0007367 seconds
2017-08-01T02:58:09.944+0000: 14841.517: Total time for which application threads were stopped: 0.0000784 seconds, Stopping threads took: 0.0000288 seconds
2017-08-01T02:58:09.945+0000: 14841.518: Total time for which application threads were stopped: 0.0007549 seconds, Stopping threads took: 0.0006921 seconds
2017-08-01T02:58:09.945+0000: 14841.518: Total time for which application threads were stopped: 0.0000703 seconds, Stopping threads took: 0.0000217 seconds
2017-08-01T02:58:09.945+0000: 14841.518: Total time for which application threads were stopped: 0.0000999 seconds, Stopping threads took: 0.0000270 seconds
2017-08-01T02:58:09.945+0000: 14841.518: Total time for which application threads were stopped: 0.0000831 seconds, Stopping threads took: 0.0000205 seconds
2017-08-01T02:58:09.945+0000: 14841.518: Total time for which application threads were stopped: 0.0001047 seconds, Stopping threads took: 0.0000490 seconds
2017-08-01T02:58:09.945+0000: 14841.519: Total time for which application threads were stopped: 0.0000792 seconds, Stopping threads took: 0.0000274 seconds
2017-08-01T02:58:09.945+0000: 14841.519: Total time for which application threads were stopped: 0.0000654 seconds, Stopping threads took: 0.0000184 seconds
2017-08-01T02:58:09.945+0000: 14841.519: Total time for which application threads were stopped: 0.0000907 seconds, Stopping threads took: 0.0000393 seconds
2017-08-01T02:58:09.946+0000: 14841.519: Total time for which application threads were stopped: 0.0000684 seconds, Stopping threads took: 0.0000216 seconds
2017-08-01T02:58:09.946+0000: 14841.519: Total time for which application threads were stopped: 0.0000915 seconds, Stopping threads took: 0.0000283 seconds
2017-08-01T02:58:09.946+0000: 14841.519: Total time for which application threads were stopped: 0.0000654 seconds, Stopping threads took: 0.0000175 seconds
2017-08-01T02:58:09.946+0000: 14841.519: Total time for which application threads were stopped: 0.0001031 seconds, Stopping threads took: 0.0000350 seconds
2017-08-01T02:58:09.946+0000: 14841.519: Total time for which application threads were stopped: 0.0000685 seconds, Stopping threads took: 0.0000211 seconds
2017-08-01T02:58:09.946+0000: 14841.519: Total time for which application threads were stopped: 0.0000688 seconds, Stopping threads took: 0.0000217 seconds
2017-08-01T02:58:09.946+0000: 14841.519: Total time for which application threads were stopped: 0.0000672 seconds, Stopping threads took: 0.0000183 seconds
2017-08-01T02:58:09.946+0000: 14841.520: Total time for which application threads were stopped: 0.0000986 seconds, Stopping threads took: 0.0000415 seconds
2017-08-01T02:58:09.947+0000: 14841.520: Total time for which application threads were stopped: 0.0007626 seconds, Stopping threads took: 0.0007016 seconds
2017-08-01T02:58:09.947+0000: 14841.521: Total time for which application threads were stopped: 0.0002470 seconds, Stopping threads took: 0.0000209 seconds
{Heap before GC invocations=223 (full 2):
 par new generation   total 153344K, used 142266K [0x0000000080000000, 0x000000008a660000, 0x000000008a660000)
  eden space 136320K, 100% used [0x0000000080000000, 0x0000000088520000, 0x0000000088520000)
  from space 17024K,  34% used [0x00000000895c0000, 0x0000000089b8e830, 0x000000008a660000)
  to   space 17024K,   0% used [0x0000000088520000, 0x0000000088520000, 0x00000000895c0000)
 concurrent mark-sweep generation total 1926784K, used 273621K [0x000000008a660000, 0x0000000100000000, 0x0000000100000000)
 Metaspace       used 86605K, capacity 92380K, committed 92568K, reserved 1130496K
  class space    used 10447K, capacity 10835K, committed 10912K, reserved 1048576K
2017-08-01T02:59:34.851+0000: 14926.424: [GC (Allocation Failure) Before GC:
Statistics for BinaryTreeDictionary:
------------------------------------
Total Free Space: 211468880
Max   Chunk Size: 211468880
Number of Blocks: 1
Av.  Block  Size: 211468880
Tree      Height: 1
2017-08-01T02:59:34.851+0000: 14926.424: [ParNew
Desired survivor size 8716288 bytes, new threshold 6 (max 6)
- age   1:    1271640 bytes,    1271640 total
- age   2:     585992 bytes,    1857632 total
- age   3:     564472 bytes,    2422104 total
- age   4:     481536 bytes,    2903640 total
- age   5:     386368 bytes,    3290008 total
- age   6:     399760 bytes,    3689768 total
: 142266K->5727K(153344K), 0.0222082 secs] 415887K->279906K(2080128K)After GC:
Statistics for BinaryTreeDictionary:
------------------------------------
Total Free Space: 211400653
Max   Chunk Size: 211400653
Number of Blocks: 1
Av.  Block  Size: 211400653
Tree      Height: 1
, 0.0222876 secs] [Times: user=0.05 sys=0.00, real=0.03 secs] 
Heap after GC invocations=224 (full 2):
 par new generation   total 153344K, used 5727K [0x0000000080000000, 0x000000008a660000, 0x000000008a660000)
  eden space 136320K,   0% used [0x0000000080000000, 0x0000000080000000, 0x0000000088520000)
  from space 17024K,  33% used [0x0000000088520000, 0x0000000088ab7f98, 0x00000000895c0000)
  to   space 17024K,   0% used [0x00000000895c0000, 0x00000000895c0000, 0x000000008a660000)
 concurrent mark-sweep generation total 1926784K, used 274179K [0x000000008a660000, 0x0000000100000000, 0x0000000100000000)
 Metaspace       used 86605K, capacity 92380K, committed 92568K, reserved 1130496K
  class space    used 10447K, capacity 10835K, committed 10912K, reserved 1048576K
}
2017-08-01T02:59:34.873+0000: 14926.446: Total time for which application threads were stopped: 0.0232184 seconds, Stopping threads took: 0.0007086 seconds
2017-08-01T02:59:34.875+0000: 14926.448: Total time for which application threads were stopped: 0.0001467 seconds, Stopping threads took: 0.0000317 seconds
2017-08-01T02:59:34.875+0000: 14926.448: Total time for which application threads were stopped: 0.0000696 seconds, Stopping threads took: 0.0000218 seconds
2017-08-01T02:59:34.875+0000: 14926.448: Total time for which application threads were stopped: 0.0000667 seconds, Stopping threads took: 0.0000203 seconds
2017-08-01T02:59:34.875+0000: 14926.449: Total time for which application threads were stopped: 0.0001037 seconds, Stopping threads took: 0.0000349 seconds
2017-08-01T02:59:34.875+0000: 14926.449: Total time for which application threads were stopped: 0.0000637 seconds, Stopping threads took: 0.0000177 seconds
2017-08-01T02:59:34.875+0000: 14926.449: Total time for which application threads were stopped: 0.0000628 seconds, Stopping threads took: 0.0000171 seconds
2017-08-01T02:59:34.876+0000: 14926.449: Total time for which application threads were stopped: 0.0000676 seconds, Stopping threads took: 0.0000200 seconds
2017-08-01T02:59:34.876+0000: 14926.449: Total time for which application threads were stopped: 0.0000628 seconds, Stopping threads took: 0.0000178 seconds
2017-08-01T02:59:34.876+0000: 14926.449: Total time for which application threads were stopped: 0.0000669 seconds, Stopping threads took: 0.0000196 seconds
2017-08-01T02:59:34.876+0000: 14926.449: Total time for which application threads were stopped: 0.0000947 seconds, Stopping threads took: 0.0000480 seconds
2017-08-01T02:59:34.876+0000: 14926.449: Total time for which application threads were stopped: 0.0000631 seconds, Stopping threads took: 0.0000177 seconds
2017-08-01T02:59:34.876+0000: 14926.449: Total time for which application threads were stopped: 0.0000617 seconds, Stopping threads took: 0.0000162 seconds
2017-08-01T02:59:34.876+0000: 14926.449: Total time for which application threads were stopped: 0.0000688 seconds, Stopping threads took: 0.0000200 seconds
2017-08-01T02:59:34.879+0000: 14926.452: Total time for which application threads were stopped: 0.0001062 seconds, Stopping threads took: 0.0000456 seconds
2017-08-01T02:59:34.879+0000: 14926.452: Total time for which application threads were stopped: 0.0000670 seconds, Stopping threads took: 0.0000211 seconds
2017-08-01T02:59:34.879+0000: 14926.453: Total time for which application threads were stopped: 0.0000652 seconds, Stopping threads took: 0.0000203 seconds
2017-08-01T02:59:34.879+0000: 14926.453: Total time for which application threads were stopped: 0.0001102 seconds, Stopping threads took: 0.0000427 seconds
2017-08-01T02:59:34.880+0000: 14926.453: Total time for which application threads were stopped: 0.0000652 seconds, Stopping threads took: 0.0000204 seconds
2017-08-01T02:59:34.880+0000: 14926.453: Total time for which application threads were stopped: 0.0000624 seconds, Stopping threads took: 0.0000171 seconds
2017-08-01T02:59:34.880+0000: 14926.453: Total time for which application threads were stopped: 0.0002211 seconds, Stopping threads took: 0.0000201 seconds
2017-08-01T03:00:20.885+0000: 14972.458: Total time for which application threads were stopped: 0.0002117 seconds, Stopping threads took: 0.0000646 seconds
{Heap before GC invocations=224 (full 2):
 par new generation   total 153344K, used 142047K [0x0000000080000000, 0x000000008a660000, 0x000000008a660000)
  eden space 136320K, 100% used [0x0000000080000000, 0x0000000088520000, 0x0000000088520000)
  from space 17024K,  33% used [0x0000000088520000, 0x0000000088ab7f98, 0x00000000895c0000)
  to   space 17024K,   0% used [0x00000000895c0000, 0x00000000895c0000, 0x000000008a660000)
 concurrent mark-sweep generation total 1926784K, used 274179K [0x000000008a660000, 0x0000000100000000, 0x0000000100000000)
 Metaspace       used 86614K, capacity 92380K, committed 92568K, reserved 1130496K
  class space    used 10447K, capacity 10835K, committed 10912K, reserved 1048576K
2017-08-01T03:00:52.385+0000: 15003.959: [GC (Allocation Failure) Before GC:
Statistics for BinaryTreeDictionary:
------------------------------------
Total Free Space: 211400653
Max   Chunk Size: 211400653
Number of Blocks: 1
Av.  Block  Size: 211400653
Tree      Height: 1
2017-08-01T03:00:52.385+0000: 15003.959: [ParNew
Desired survivor size 8716288 bytes, new threshold 6 (max 6)
- age   1:    1286504 bytes,    1286504 total
- age   2:     566528 bytes,    1853032 total
- age   3:     525352 bytes,    2378384 total
- age   4:     515608 bytes,    2893992 total
- age   5:     463960 bytes,    3357952 total
- age   6:     378032 bytes,    3735984 total
: 142047K->5525K(153344K), 0.0211365 secs] 416226K->280098K(2080128K)After GC:
Statistics for BinaryTreeDictionary:
------------------------------------
Total Free Space: 211349201
Max   Chunk Size: 211349201
Number of Blocks: 1
Av.  Block  Size: 211349201
Tree      Height: 1
, 0.0212339 secs] [Times: user=0.06 sys=0.00, real=0.02 secs] 
Heap after GC invocations=225 (full 2):
 par new generation   total 153344K, used 5525K [0x0000000080000000, 0x000000008a660000, 0x000000008a660000)
  eden space 136320K,   0% used [0x0000000080000000, 0x0000000080000000, 0x0000000088520000)
  from space 17024K,  32% used [0x00000000895c0000, 0x0000000089b25648, 0x000000008a660000)
  to   space 17024K,   0% used [0x0000000088520000, 0x0000000088520000, 0x00000000895c0000)
 concurrent mark-sweep generation total 1926784K, used 274572K [0x000000008a660000, 0x0000000100000000, 0x0000000100000000)
 Metaspace       used 86614K, capacity 92380K, committed 92568K, reserved 1130496K
  class space    used 10447K, capacity 10835K, committed 10912K, reserved 1048576K
}
2017-08-01T03:00:52.407+0000: 15003.980: Total time for which application threads were stopped: 0.0214823 seconds, Stopping threads took: 0.0000435 seconds
2017-08-01T03:00:52.407+0000: 15003.981: Total time for which application threads were stopped: 0.0001415 seconds, Stopping threads took: 0.0000380 seconds
2017-08-01T03:00:52.407+0000: 15003.981: Total time for which application threads were stopped: 0.0001177 seconds, Stopping threads took: 0.0000412 seconds
2017-08-01T03:00:52.408+0000: 15003.981: Total time for which application threads were stopped: 0.0000994 seconds, Stopping threads took: 0.0000277 seconds
2017-08-01T03:00:52.408+0000: 15003.981: Total time for which application threads were stopped: 0.0000705 seconds, Stopping threads took: 0.0000213 seconds
2017-08-01T03:00:52.408+0000: 15003.981: Total time for which application threads were stopped: 0.0000714 seconds, Stopping threads took: 0.0000192 seconds
2017-08-01T03:00:52.408+0000: 15003.982: Total time for which application threads were stopped: 0.0001228 seconds, Stopping threads took: 0.0000615 seconds
2017-08-01T03:00:52.408+0000: 15003.982: Total time for which application threads were stopped: 0.0001072 seconds, Stopping threads took: 0.0000486 seconds
2017-08-01T03:00:52.409+0000: 15003.982: Total time for which application threads were stopped: 0.0001356 seconds, Stopping threads took: 0.0000467 seconds
2017-08-01T03:00:52.409+0000: 15003.982: Total time for which application threads were stopped: 0.0000774 seconds, Stopping threads took: 0.0000191 seconds
2017-08-01T03:00:52.409+0000: 15003.982: Total time for which application threads were stopped: 0.0000790 seconds, Stopping threads took: 0.0000196 seconds
2017-08-01T03:00:52.409+0000: 15003.982: Total time for which application threads were stopped: 0.0001011 seconds, Stopping threads took: 0.0000316 seconds
2017-08-01T03:00:52.409+0000: 15003.982: Total time for which application threads were stopped: 0.0000647 seconds, Stopping threads took: 0.0000188 seconds
2017-08-01T03:00:52.409+0000: 15003.982: Total time for which application threads were stopped: 0.0001088 seconds, Stopping threads took: 0.0000457 seconds
2017-08-01T03:00:52.409+0000: 15003.983: Total time for which application threads were stopped: 0.0000756 seconds, Stopping threads took: 0.0000269 seconds
2017-08-01T03:00:52.409+0000: 15003.983: Total time for which application threads were stopped: 0.0000699 seconds, Stopping threads took: 0.0000204 seconds
2017-08-01T03:00:52.410+0000: 15003.983: Total time for which application threads were stopped: 0.0000927 seconds, Stopping threads took: 0.0000317 seconds
2017-08-01T03:00:52.410+0000: 15003.983: Total time for which application threads were stopped: 0.0000679 seconds, Stopping threads took: 0.0000208 seconds
2017-08-01T03:00:52.410+0000: 15003.983: Total time for which application threads were stopped: 0.0000828 seconds, Stopping threads took: 0.0000266 seconds
2017-08-01T03:00:52.410+0000: 15003.983: Total time for which application threads were stopped: 0.0001127 seconds, Stopping threads took: 0.0000529 seconds
2017-08-01T03:00:52.410+0000: 15003.983: Total time for which application threads were stopped: 0.0001856 seconds, Stopping threads took: 0.0000197 seconds
{Heap before GC invocations=225 (full 2):
 par new generation   total 153344K, used 141845K [0x0000000080000000, 0x000000008a660000, 0x000000008a660000)
  eden space 136320K, 100% used [0x0000000080000000, 0x0000000088520000, 0x0000000088520000)
  from space 17024K,  32% used [0x00000000895c0000, 0x0000000089b25648, 0x000000008a660000)
  to   space 17024K,   0% used [0x0000000088520000, 0x0000000088520000, 0x00000000895c0000)
 concurrent mark-sweep generation total 1926784K, used 274572K [0x000000008a660000, 0x0000000100000000, 0x0000000100000000)
 Metaspace       used 86614K, capacity 92380K, committed 92568K, reserved 1130496K
  class space    used 10447K, capacity 10835K, committed 10912K, reserved 1048576K
2017-08-01T03:02:16.321+0000: 15087.894: [GC (Allocation Failure) Before GC:
Statistics for BinaryTreeDictionary:
------------------------------------
Total Free Space: 211349201
Max   Chunk Size: 211349201
Number of Blocks: 1
Av.  Block  Size: 211349201
Tree      Height: 1
2017-08-01T03:02:16.321+0000: 15087.894: [ParNew
Desired survivor size 8716288 bytes, new threshold 6 (max 6)
- age   1:    1405216 bytes,    1405216 total
- age   2:     572784 bytes,    1978000 total
- age   3:     488200 bytes,    2466200 total
- age   4:     470048 bytes,    2936248 total
- age   5:     452032 bytes,    3388280 total
- age   6:     449856 bytes,    3838136 total
: 141845K->5465K(153344K), 0.0209526 secs] 416418K->280407K(2080128K)After GC:
Statistics for BinaryTreeDictionary:
------------------------------------
Total Free Space: 211302579
Max   Chunk Size: 211302579
Number of Blocks: 1
Av.  Block  Size: 211302579
Tree      Height: 1
, 0.0210303 secs] [Times: user=0.05 sys=0.00, real=0.02 secs] 
Heap after GC invocations=226 (full 2):
 par new generation   total 153344K, used 5465K [0x0000000080000000, 0x000000008a660000, 0x000000008a660000)
  eden space 136320K,   0% used [0x0000000080000000, 0x0000000080000000, 0x0000000088520000)
  from space 17024K,  32% used [0x0000000088520000, 0x0000000088a764c0, 0x00000000895c0000)
  to   space 17024K,   0% used [0x00000000895c0000, 0x00000000895c0000, 0x000000008a660000)
 concurrent mark-sweep generation total 1926784K, used 274942K [0x000000008a660000, 0x0000000100000000, 0x0000000100000000)
 Metaspace       used 86614K, capacity 92380K, committed 92568K, reserved 1130496K
  class space    used 10447K, capacity 10835K, committed 10912K, reserved 1048576K
}
2017-08-01T03:02:16.342+0000: 15087.915: Total time for which application threads were stopped: 0.0213371 seconds, Stopping threads took: 0.0000763 seconds
2017-08-01T03:02:16.343+0000: 15087.916: Total time for which application threads were stopped: 0.0001595 seconds, Stopping threads took: 0.0000390 seconds
2017-08-01T03:02:16.343+0000: 15087.916: Total time for which application threads were stopped: 0.0001288 seconds, Stopping threads took: 0.0000357 seconds
2017-08-01T03:02:16.343+0000: 15087.916: Total time for which application threads were stopped: 0.0001035 seconds, Stopping threads took: 0.0000436 seconds
2017-08-01T03:02:16.343+0000: 15087.916: Total time for which application threads were stopped: 0.0000798 seconds, Stopping threads took: 0.0000185 seconds
2017-08-01T03:02:16.343+0000: 15087.916: Total time for which application threads were stopped: 0.0001016 seconds, Stopping threads took: 0.0000295 seconds
2017-08-01T03:02:16.343+0000: 15087.917: Total time for which application threads were stopped: 0.0001105 seconds, Stopping threads took: 0.0000472 seconds
2017-08-01T03:02:16.343+0000: 15087.917: Total time for which application threads were stopped: 0.0001030 seconds, Stopping threads took: 0.0000423 seconds
2017-08-01T03:02:16.344+0000: 15087.917: Total time for which application threads were stopped: 0.0001506 seconds, Stopping threads took: 0.0000726 seconds
2017-08-01T03:02:16.344+0000: 15087.917: Total time for which application threads were stopped: 0.0000955 seconds, Stopping threads took: 0.0000439 seconds
2017-08-01T03:02:16.344+0000: 15087.917: Total time for which application threads were stopped: 0.0001027 seconds, Stopping threads took: 0.0000388 seconds
2017-08-01T03:02:16.344+0000: 15087.917: Total time for which application threads were stopped: 0.0001407 seconds, Stopping threads took: 0.0000782 seconds
2017-08-01T03:02:16.356+0000: 15087.929: Total time for which application threads were stopped: 0.0007973 seconds, Stopping threads took: 0.0007268 seconds
2017-08-01T03:02:16.356+0000: 15087.929: Total time for which application threads were stopped: 0.0000687 seconds, Stopping threads took: 0.0000210 seconds
2017-08-01T03:02:16.356+0000: 15087.929: Total time for which application threads were stopped: 0.0001040 seconds, Stopping threads took: 0.0000473 seconds
2017-08-01T03:02:16.356+0000: 15087.929: Total time for which application threads were stopped: 0.0000643 seconds, Stopping threads took: 0.0000183 seconds
2017-08-01T03:02:16.356+0000: 15087.929: Total time for which application threads were stopped: 0.0000647 seconds, Stopping threads took: 0.0000195 seconds
2017-08-01T03:02:16.356+0000: 15087.929: Total time for which application threads were stopped: 0.0000688 seconds, Stopping threads took: 0.0000207 seconds
2017-08-01T03:02:16.356+0000: 15087.929: Total time for which application threads were stopped: 0.0000642 seconds, Stopping threads took: 0.0000183 seconds
2017-08-01T03:02:16.356+0000: 15087.930: Total time for which application threads were stopped: 0.0000683 seconds, Stopping threads took: 0.0000203 seconds
2017-08-01T03:02:16.357+0000: 15087.930: Total time for which application threads were stopped: 0.0002398 seconds, Stopping threads took: 0.0000288 seconds
{Heap before GC invocations=226 (full 2):
 par new generation   total 153344K, used 141785K [0x0000000080000000, 0x000000008a660000, 0x000000008a660000)
  eden space 136320K, 100% used [0x0000000080000000, 0x0000000088520000, 0x0000000088520000)
  from space 17024K,  32% used [0x0000000088520000, 0x0000000088a764c0, 0x00000000895c0000)
  to   space 17024K,   0% used [0x00000000895c0000, 0x00000000895c0000, 0x000000008a660000)
 concurrent mark-sweep generation total 1926784K, used 274942K [0x000000008a660000, 0x0000000100000000, 0x0000000100000000)
 Metaspace       used 86614K, capacity 92380K, committed 92568K, reserved 1130496K
  class space    used 10447K, capacity 10835K, committed 10912K, reserved 1048576K
2017-08-01T03:03:40.743+0000: 15172.316: [GC (Allocation Failure) Before GC:
Statistics for BinaryTreeDictionary:
------------------------------------
Total Free Space: 211302579
Max   Chunk Size: 211302579
Number of Blocks: 1
Av.  Block  Size: 211302579
Tree      Height: 1
2017-08-01T03:03:40.743+0000: 15172.316: [ParNew
Desired survivor size 8716288 bytes, new threshold 6 (max 6)
- age   1:    1328384 bytes,    1328384 total
- age   2:     692864 bytes,    2021248 total
- age   3:     518616 bytes,    2539864 total
- age   4:     463952 bytes,    3003816 total
- age   5:     406744 bytes,    3410560 total
- age   6:     443416 bytes,    3853976 total
: 141785K->5515K(153344K), 0.0217075 secs] 416727K->280898K(2080128K)After GC:
Statistics for BinaryTreeDictionary:
------------------------------------
Total Free Space: 211244395
Max   Chunk Size: 211244395
Number of Blocks: 1
Av.  Block  Size: 211244395
Tree      Height: 1
, 0.0217971 secs] [Times: user=0.05 sys=0.00, real=0.02 secs] 
Heap after GC invocations=227 (full 2):
 par new generation   total 153344K, used 5515K [0x0000000080000000, 0x000000008a660000, 0x000000008a660000)
  eden space 136320K,   0% used [0x0000000080000000, 0x0000000080000000, 0x0000000088520000)
  from space 17024K,  32% used [0x00000000895c0000, 0x0000000089b22e38, 0x000000008a660000)
  to   space 17024K,   0% used [0x0000000088520000, 0x0000000088520000, 0x00000000895c0000)
 concurrent mark-sweep generation total 1926784K, used 275383K [0x000000008a660000, 0x0000000100000000, 0x0000000100000000)
 Metaspace       used 86614K, capacity 92380K, committed 92568K, reserved 1130496K
  class space    used 10447K, capacity 10835K, committed 10912K, reserved 1048576K
}
2017-08-01T03:03:40.765+0000: 15172.338: Total time for which application threads were stopped: 0.0220951 seconds, Stopping threads took: 0.0000405 seconds
2017-08-01T03:03:40.765+0000: 15172.338: Total time for which application threads were stopped: 0.0001201 seconds, Stopping threads took: 0.0000290 seconds
2017-08-01T03:03:40.765+0000: 15172.338: Total time for which application threads were stopped: 0.0000869 seconds, Stopping threads took: 0.0000192 seconds
2017-08-01T03:03:40.765+0000: 15172.339: Total time for which application threads were stopped: 0.0000638 seconds, Stopping threads took: 0.0000184 seconds
2017-08-01T03:03:40.765+0000: 15172.339: Total time for which application threads were stopped: 0.0000932 seconds, Stopping threads took: 0.0000212 seconds
2017-08-01T03:03:40.766+0000: 15172.339: Total time for which application threads were stopped: 0.0000853 seconds, Stopping threads took: 0.0000179 seconds
2017-08-01T03:03:40.766+0000: 15172.339: Total time for which application threads were stopped: 0.0000639 seconds, Stopping threads took: 0.0000177 seconds
2017-08-01T03:03:40.766+0000: 15172.339: Total time for which application threads were stopped: 0.0000933 seconds, Stopping threads took: 0.0000470 seconds
2017-08-01T03:03:40.766+0000: 15172.339: Total time for which application threads were stopped: 0.0000881 seconds, Stopping threads took: 0.0000183 seconds
2017-08-01T03:03:40.766+0000: 15172.339: Total time for which application threads were stopped: 0.0000650 seconds, Stopping threads took: 0.0000174 seconds
2017-08-01T03:03:40.766+0000: 15172.339: Total time for which application threads were stopped: 0.0000859 seconds, Stopping threads took: 0.0000204 seconds
2017-08-01T03:03:40.766+0000: 15172.339: Total time for which application threads were stopped: 0.0000678 seconds, Stopping threads took: 0.0000224 seconds
2017-08-01T03:03:40.766+0000: 15172.340: Total time for which application threads were stopped: 0.0000886 seconds, Stopping threads took: 0.0000349 seconds
2017-08-01T03:03:40.766+0000: 15172.340: Total time for which application threads were stopped: 0.0000693 seconds, Stopping threads took: 0.0000189 seconds
2017-08-01T03:03:40.766+0000: 15172.340: Total time for which application threads were stopped: 0.0000650 seconds, Stopping threads took: 0.0000188 seconds
2017-08-01T03:03:40.767+0000: 15172.340: Total time for which application threads were stopped: 0.0000619 seconds, Stopping threads took: 0.0000168 seconds
2017-08-01T03:03:40.767+0000: 15172.340: Total time for which application threads were stopped: 0.0000985 seconds, Stopping threads took: 0.0000422 seconds
2017-08-01T03:03:40.767+0000: 15172.340: Total time for which application threads were stopped: 0.0000813 seconds, Stopping threads took: 0.0000209 seconds
2017-08-01T03:03:40.767+0000: 15172.340: Total time for which application threads were stopped: 0.0000648 seconds, Stopping threads took: 0.0000196 seconds
2017-08-01T03:03:40.767+0000: 15172.340: Total time for which application threads were stopped: 0.0000661 seconds, Stopping threads took: 0.0000196 seconds
2017-08-01T03:03:40.767+0000: 15172.340: Total time for which application threads were stopped: 0.0001667 seconds, Stopping threads took: 0.0000192 seconds
2017-08-01T03:04:27.772+0000: 15219.345: Total time for which application threads were stopped: 0.0001881 seconds, Stopping threads took: 0.0000564 seconds
2017-08-01T03:04:50.775+0000: 15242.349: Total time for which application threads were stopped: 0.0001689 seconds, Stopping threads took: 0.0000578 seconds
{Heap before GC invocations=227 (full 2):
 par new generation   total 153344K, used 141835K [0x0000000080000000, 0x000000008a660000, 0x000000008a660000)
  eden space 136320K, 100% used [0x0000000080000000, 0x0000000088520000, 0x0000000088520000)
  from space 17024K,  32% used [0x00000000895c0000, 0x0000000089b22e38, 0x000000008a660000)
  to   space 17024K,   0% used [0x0000000088520000, 0x0000000088520000, 0x00000000895c0000)
 concurrent mark-sweep generation total 1926784K, used 275383K [0x000000008a660000, 0x0000000100000000, 0x0000000100000000)
 Metaspace       used 86625K, capacity 92380K, committed 92568K, reserved 1130496K
  class space    used 10447K, capacity 10835K, committed 10912K, reserved 1048576K
2017-08-01T03:04:59.330+0000: 15250.903: [GC (Allocation Failure) Before GC:
Statistics for BinaryTreeDictionary:
------------------------------------
Total Free Space: 211244395
Max   Chunk Size: 211244395
Number of Blocks: 1
Av.  Block  Size: 211244395
Tree      Height: 1
2017-08-01T03:04:59.330+0000: 15250.903: [ParNew
Desired survivor size 8716288 bytes, new threshold 6 (max 6)
- age   1:    1400600 bytes,    1400600 total
- age   2:     652760 bytes,    2053360 total
- age   3:     627992 bytes,    2681352 total
- age   4:     472464 bytes,    3153816 total
- age   5:     449816 bytes,    3603632 total
- age   6:     397760 bytes,    4001392 total
: 141835K->5652K(153344K), 0.0217235 secs] 417218K->281471K(2080128K)After GC:
Statistics for BinaryTreeDictionary:
------------------------------------
Total Free Space: 211187381
Max   Chunk Size: 211187381
Number of Blocks: 1
Av.  Block  Size: 211187381
Tree      Height: 1
, 0.0218106 secs] [Times: user=0.05 sys=0.00, real=0.02 secs] 
Heap after GC invocations=228 (full 2):
 par new generation   total 153344K, used 5652K [0x0000000080000000, 0x000000008a660000, 0x000000008a660000)
  eden space 136320K,   0% used [0x0000000080000000, 0x0000000080000000, 0x0000000088520000)
  from space 17024K,  33% used [0x0000000088520000, 0x0000000088aa5388, 0x00000000895c0000)
  to   space 17024K,   0% used [0x00000000895c0000, 0x00000000895c0000, 0x000000008a660000)
 concurrent mark-sweep generation total 1926784K, used 275818K [0x000000008a660000, 0x0000000100000000, 0x0000000100000000)
 Metaspace       used 86625K, capacity 92380K, committed 92568K, reserved 1130496K
  class space    used 10447K, capacity 10835K, committed 10912K, reserved 1048576K
}
2017-08-01T03:04:59.352+0000: 15250.925: Total time for which application threads were stopped: 0.0221363 seconds, Stopping threads took: 0.0000706 seconds
2017-08-01T03:04:59.352+0000: 15250.925: Total time for which application threads were stopped: 0.0001575 seconds, Stopping threads took: 0.0000473 seconds
2017-08-01T03:04:59.352+0000: 15250.925: Total time for which application threads were stopped: 0.0000689 seconds, Stopping threads took: 0.0000204 seconds
2017-08-01T03:04:59.352+0000: 15250.926: Total time for which application threads were stopped: 0.0000887 seconds, Stopping threads took: 0.0000381 seconds
2017-08-01T03:04:59.352+0000: 15250.926: Total time for which application threads were stopped: 0.0000748 seconds, Stopping threads took: 0.0000269 seconds
2017-08-01T03:04:59.352+0000: 15250.926: Total time for which application threads were stopped: 0.0000836 seconds, Stopping threads took: 0.0000351 seconds
2017-08-01T03:04:59.353+0000: 15250.926: Total time for which application threads were stopped: 0.0001145 seconds, Stopping threads took: 0.0000447 seconds
2017-08-01T03:04:59.353+0000: 15250.926: Total time for which application threads were stopped: 0.0000883 seconds, Stopping threads took: 0.0000345 seconds
2017-08-01T03:04:59.353+0000: 15250.926: Total time for which application threads were stopped: 0.0000794 seconds, Stopping threads took: 0.0000191 seconds
2017-08-01T03:04:59.353+0000: 15250.926: Total time for which application threads were stopped: 0.0001223 seconds, Stopping threads took: 0.0000517 seconds
2017-08-01T03:04:59.353+0000: 15250.926: Total time for which application threads were stopped: 0.0001054 seconds, Stopping threads took: 0.0000443 seconds
2017-08-01T03:04:59.353+0000: 15250.926: Total time for which application threads were stopped: 0.0001067 seconds, Stopping threads took: 0.0000388 seconds
2017-08-01T03:04:59.353+0000: 15250.927: Total time for which application threads were stopped: 0.0000992 seconds, Stopping threads took: 0.0000390 seconds
2017-08-01T03:04:59.353+0000: 15250.927: Total time for which application threads were stopped: 0.0000680 seconds, Stopping threads took: 0.0000174 seconds
2017-08-01T03:04:59.354+0000: 15250.927: Total time for which application threads were stopped: 0.0001107 seconds, Stopping threads took: 0.0000431 seconds
2017-08-01T03:04:59.354+0000: 15250.927: Total time for which application threads were stopped: 0.0000733 seconds, Stopping threads took: 0.0000187 seconds
2017-08-01T03:04:59.354+0000: 15250.927: Total time for which application threads were stopped: 0.0000883 seconds, Stopping threads took: 0.0000261 seconds
2017-08-01T03:04:59.354+0000: 15250.928: Total time for which application threads were stopped: 0.0000785 seconds, Stopping threads took: 0.0000275 seconds
2017-08-01T03:04:59.354+0000: 15250.928: Total time for which application threads were stopped: 0.0000800 seconds, Stopping threads took: 0.0000205 seconds
2017-08-01T03:04:59.355+0000: 15250.928: Total time for which application threads were stopped: 0.0000957 seconds, Stopping threads took: 0.0000215 seconds
2017-08-01T03:04:59.361+0000: 15250.934: Total time for which application threads were stopped: 0.0002826 seconds, Stopping threads took: 0.0000788 seconds
2017-08-01T03:05:27.364+0000: 15278.937: Total time for which application threads were stopped: 0.0002027 seconds, Stopping threads took: 0.0000410 seconds
2017-08-01T03:05:42.917+0000: 15294.490: Total time for which application threads were stopped: 0.0002412 seconds, Stopping threads took: 0.0000580 seconds
2017-08-01T03:05:42.917+0000: 15294.490: Total time for which application threads were stopped: 0.0000943 seconds, Stopping threads took: 0.0000194 seconds
2017-08-01T03:05:42.917+0000: 15294.490: Total time for which application threads were stopped: 0.0001165 seconds, Stopping threads took: 0.0000233 seconds
2017-08-01T03:05:42.917+0000: 15294.490: Total time for which application threads were stopped: 0.0001076 seconds, Stopping threads took: 0.0000201 seconds
2017-08-01T03:05:42.917+0000: 15294.491: Total time for which application threads were stopped: 0.0001125 seconds, Stopping threads took: 0.0000219 seconds
2017-08-01T03:05:42.917+0000: 15294.491: Total time for which application threads were stopped: 0.0000902 seconds, Stopping threads took: 0.0000172 seconds
2017-08-01T03:05:43.938+0000: 15295.511: Total time for which application threads were stopped: 0.0001831 seconds, Stopping threads took: 0.0000650 seconds
2017-08-01T03:05:43.938+0000: 15295.512: Total time for which application threads were stopped: 0.0001064 seconds, Stopping threads took: 0.0000460 seconds
2017-08-01T03:05:43.938+0000: 15295.512: Total time for which application threads were stopped: 0.0000746 seconds, Stopping threads took: 0.0000232 seconds
2017-08-01T03:05:43.939+0000: 15295.512: Total time for which application threads were stopped: 0.0000917 seconds, Stopping threads took: 0.0000205 seconds
2017-08-01T03:05:43.939+0000: 15295.512: Total time for which application threads were stopped: 0.0000738 seconds, Stopping threads took: 0.0000223 seconds
2017-08-01T03:05:43.939+0000: 15295.512: Total time for which application threads were stopped: 0.0000909 seconds, Stopping threads took: 0.0000404 seconds
{Heap before GC invocations=228 (full 2):
 par new generation   total 153344K, used 141972K [0x0000000080000000, 0x000000008a660000, 0x000000008a660000)
  eden space 136320K, 100% used [0x0000000080000000, 0x0000000088520000, 0x0000000088520000)
  from space 17024K,  33% used [0x0000000088520000, 0x0000000088aa5388, 0x00000000895c0000)
  to   space 17024K,   0% used [0x00000000895c0000, 0x00000000895c0000, 0x000000008a660000)
 concurrent mark-sweep generation total 1926784K, used 275818K [0x000000008a660000, 0x0000000100000000, 0x0000000100000000)
 Metaspace       used 86715K, capacity 92444K, committed 92568K, reserved 1130496K
  class space    used 10447K, capacity 10835K, committed 10912K, reserved 1048576K
2017-08-01T03:06:23.384+0000: 15334.957: [GC (Allocation Failure) Before GC:
Statistics for BinaryTreeDictionary:
------------------------------------
Total Free Space: 211187381
Max   Chunk Size: 211187381
Number of Blocks: 1
Av.  Block  Size: 211187381
Tree      Height: 1
2017-08-01T03:06:23.384+0000: 15334.957: [ParNew
Desired survivor size 8716288 bytes, new threshold 6 (max 6)
- age   1:    1462424 bytes,    1462424 total
- age   2:     655888 bytes,    2118312 total
- age   3:     589144 bytes,    2707456 total
- age   4:     578736 bytes,    3286192 total
- age   5:     410000 bytes,    3696192 total
- age   6:     438696 bytes,    4134888 total
: 141972K->5788K(153344K), 0.0214861 secs] 417791K->281994K(2080128K)After GC:
Statistics for BinaryTreeDictionary:
------------------------------------
Total Free Space: 211139931
Max   Chunk Size: 211139931
Number of Blocks: 1
Av.  Block  Size: 211139931
Tree      Height: 1
, 0.0215784 secs] [Times: user=0.05 sys=0.00, real=0.02 secs] 
Heap after GC invocations=229 (full 2):
 par new generation   total 153344K, used 5788K [0x0000000080000000, 0x000000008a660000, 0x000000008a660000)
  eden space 136320K,   0% used [0x0000000080000000, 0x0000000080000000, 0x0000000088520000)
  from space 17024K,  34% used [0x00000000895c0000, 0x0000000089b672d8, 0x000000008a660000)
  to   space 17024K,   0% used [0x0000000088520000, 0x0000000088520000, 0x00000000895c0000)
 concurrent mark-sweep generation total 1926784K, used 276206K [0x000000008a660000, 0x0000000100000000, 0x0000000100000000)
 Metaspace       used 86715K, capacity 92444K, committed 92568K, reserved 1130496K
  class space    used 10447K, capacity 10835K, committed 10912K, reserved 1048576K
}
2017-08-01T03:06:23.406+0000: 15334.979: Total time for which application threads were stopped: 0.0218638 seconds, Stopping threads took: 0.0000788 seconds
2017-08-01T03:06:23.407+0000: 15334.980: Total time for which application threads were stopped: 0.0001883 seconds, Stopping threads took: 0.0000865 seconds
2017-08-01T03:06:23.407+0000: 15334.980: Total time for which application threads were stopped: 0.0001400 seconds, Stopping threads took: 0.0000574 seconds
2017-08-01T03:06:23.407+0000: 15334.981: Total time for which application threads were stopped: 0.0001162 seconds, Stopping threads took: 0.0000471 seconds
2017-08-01T03:06:23.407+0000: 15334.981: Total time for which application threads were stopped: 0.0000754 seconds, Stopping threads took: 0.0000201 seconds
2017-08-01T03:06:23.408+0000: 15334.981: Total time for which application threads were stopped: 0.0001154 seconds, Stopping threads took: 0.0000540 seconds
2017-08-01T03:06:23.408+0000: 15334.981: Total time for which application threads were stopped: 0.0000890 seconds, Stopping threads took: 0.0000294 seconds
2017-08-01T03:06:23.408+0000: 15334.981: Total time for which application threads were stopped: 0.0001031 seconds, Stopping threads took: 0.0000373 seconds
2017-08-01T03:06:23.409+0000: 15334.982: Total time for which application threads were stopped: 0.0001445 seconds, Stopping threads took: 0.0000823 seconds
2017-08-01T03:06:23.409+0000: 15334.982: Total time for which application threads were stopped: 0.0000978 seconds, Stopping threads took: 0.0000409 seconds
2017-08-01T03:06:23.409+0000: 15334.982: Total time for which application threads were stopped: 0.0001064 seconds, Stopping threads took: 0.0000328 seconds
2017-08-01T03:06:23.409+0000: 15334.982: Total time for which application threads were stopped: 0.0000793 seconds, Stopping threads took: 0.0000291 seconds
2017-08-01T03:06:23.409+0000: 15334.982: Total time for which application threads were stopped: 0.0001070 seconds, Stopping threads took: 0.0000464 seconds
2017-08-01T03:06:23.409+0000: 15334.983: Total time for which application threads were stopped: 0.0001020 seconds, Stopping threads took: 0.0000439 seconds
2017-08-01T03:06:23.409+0000: 15334.983: Total time for which application threads were stopped: 0.0001025 seconds, Stopping threads took: 0.0000430 seconds
2017-08-01T03:06:23.410+0000: 15334.983: Total time for which application threads were stopped: 0.0000994 seconds, Stopping threads took: 0.0000411 seconds
2017-08-01T03:06:23.410+0000: 15334.983: Total time for which application threads were stopped: 0.0001020 seconds, Stopping threads took: 0.0000435 seconds
2017-08-01T03:06:23.410+0000: 15334.983: Total time for which application threads were stopped: 0.0001058 seconds, Stopping threads took: 0.0000438 seconds
2017-08-01T03:06:23.410+0000: 15334.983: Total time for which application threads were stopped: 0.0001052 seconds, Stopping threads took: 0.0000446 seconds
2017-08-01T03:06:23.410+0000: 15334.983: Total time for which application threads were stopped: 0.0000692 seconds, Stopping threads took: 0.0000188 seconds
2017-08-01T03:06:23.410+0000: 15334.984: Total time for which application threads were stopped: 0.0002414 seconds, Stopping threads took: 0.0000460 seconds
2017-08-01T03:06:24.411+0000: 15335.984: Total time for which application threads were stopped: 0.0001638 seconds, Stopping threads took: 0.0000424 seconds
2017-08-01T03:06:51.413+0000: 15362.987: Total time for which application threads were stopped: 0.0001584 seconds, Stopping threads took: 0.0000396 seconds
2017-08-01T03:07:09.415+0000: 15380.989: Total time for which application threads were stopped: 0.0001885 seconds, Stopping threads took: 0.0000444 seconds
{Heap before GC invocations=229 (full 2):
 par new generation   total 153344K, used 142108K [0x0000000080000000, 0x000000008a660000, 0x000000008a660000)
  eden space 136320K, 100% used [0x0000000080000000, 0x0000000088520000, 0x0000000088520000)
  from space 17024K,  34% used [0x00000000895c0000, 0x0000000089b672d8, 0x000000008a660000)
  to   space 17024K,   0% used [0x0000000088520000, 0x0000000088520000, 0x00000000895c0000)
 concurrent mark-sweep generation total 1926784K, used 276206K [0x000000008a660000, 0x0000000100000000, 0x0000000100000000)
 Metaspace       used 86779K, capacity 92508K, committed 92824K, reserved 1130496K
  class space    used 10447K, capacity 10835K, committed 10912K, reserved 1048576K
2017-08-01T03:07:49.421+0000: 15420.994: [GC (Allocation Failure) Before GC:
Statistics for BinaryTreeDictionary:
------------------------------------
Total Free Space: 211139931
Max   Chunk Size: 211139931
Number of Blocks: 1
Av.  Block  Size: 211139931
Tree      Height: 1
2017-08-01T03:07:49.421+0000: 15420.994: [ParNew
Desired survivor size 8716288 bytes, new threshold 6 (max 6)
- age   1:    1353512 bytes,    1353512 total
- age   2:     731032 bytes,    2084544 total
- age   3:     603808 bytes,    2688352 total
- age   4:     565688 bytes,    3254040 total
- age   5:     513176 bytes,    3767216 total
- age   6:     400224 bytes,    4167440 total
: 142108K->5922K(153344K), 0.0223279 secs] 418314K->282559K(2080128K)After GC:
Statistics for BinaryTreeDictionary:
------------------------------------
Total Free Space: 211084878
Max   Chunk Size: 211084878
Number of Blocks: 1
Av.  Block  Size: 211084878
Tree      Height: 1
, 0.0224099 secs] [Times: user=0.06 sys=0.00, real=0.03 secs] 
Heap after GC invocations=230 (full 2):
 par new generation   total 153344K, used 5922K [0x0000000080000000, 0x000000008a660000, 0x000000008a660000)
  eden space 136320K,   0% used [0x0000000080000000, 0x0000000080000000, 0x0000000088520000)
  from space 17024K,  34% used [0x0000000088520000, 0x0000000088ae8990, 0x00000000895c0000)
  to   space 17024K,   0% used [0x00000000895c0000, 0x00000000895c0000, 0x000000008a660000)
 concurrent mark-sweep generation total 1926784K, used 276637K [0x000000008a660000, 0x0000000100000000, 0x0000000100000000)
 Metaspace       used 86779K, capacity 92508K, committed 92824K, reserved 1130496K
  class space    used 10447K, capacity 10835K, committed 10912K, reserved 1048576K
}
2017-08-01T03:07:49.443+0000: 15421.017: Total time for which application threads were stopped: 0.0226697 seconds, Stopping threads took: 0.0000473 seconds
2017-08-01T03:07:49.450+0000: 15421.023: Total time for which application threads were stopped: 0.0001599 seconds, Stopping threads took: 0.0000573 seconds
2017-08-01T03:07:49.450+0000: 15421.023: Total time for which application threads were stopped: 0.0001059 seconds, Stopping threads took: 0.0000464 seconds
2017-08-01T03:07:49.450+0000: 15421.023: Total time for which application threads were stopped: 0.0000665 seconds, Stopping threads took: 0.0000190 seconds
2017-08-01T03:07:49.450+0000: 15421.024: Total time for which application threads were stopped: 0.0001104 seconds, Stopping threads took: 0.0000522 seconds
2017-08-01T03:07:49.451+0000: 15421.024: Total time for which application threads were stopped: 0.0000939 seconds, Stopping threads took: 0.0000353 seconds
2017-08-01T03:07:49.451+0000: 15421.024: Total time for which application threads were stopped: 0.0000979 seconds, Stopping threads took: 0.0000419 seconds
2017-08-01T03:07:49.451+0000: 15421.024: Total time for which application threads were stopped: 0.0000651 seconds, Stopping threads took: 0.0000188 seconds
2017-08-01T03:07:49.451+0000: 15421.024: Total time for which application threads were stopped: 0.0001068 seconds, Stopping threads took: 0.0000495 seconds
2017-08-01T03:07:49.451+0000: 15421.024: Total time for which application threads were stopped: 0.0000632 seconds, Stopping threads took: 0.0000180 seconds
2017-08-01T03:07:49.451+0000: 15421.024: Total time for which application threads were stopped: 0.0000941 seconds, Stopping threads took: 0.0000391 seconds
2017-08-01T03:07:49.451+0000: 15421.025: Total time for which application threads were stopped: 0.0001057 seconds, Stopping threads took: 0.0000470 seconds
2017-08-01T03:07:49.451+0000: 15421.025: Total time for which application threads were stopped: 0.0000959 seconds, Stopping threads took: 0.0000410 seconds
2017-08-01T03:07:49.451+0000: 15421.025: Total time for which application threads were stopped: 0.0000657 seconds, Stopping threads took: 0.0000200 seconds
2017-08-01T03:07:49.452+0000: 15421.025: Total time for which application threads were stopped: 0.0000945 seconds, Stopping threads took: 0.0000366 seconds
2017-08-01T03:07:49.452+0000: 15421.025: Total time for which application threads were stopped: 0.0001002 seconds, Stopping threads took: 0.0000437 seconds
2017-08-01T03:07:49.452+0000: 15421.025: Total time for which application threads were stopped: 0.0001019 seconds, Stopping threads took: 0.0000407 seconds
2017-08-01T03:07:49.452+0000: 15421.025: Total time for which application threads were stopped: 0.0000629 seconds, Stopping threads took: 0.0000178 seconds
2017-08-01T03:07:49.452+0000: 15421.025: Total time for which application threads were stopped: 0.0000958 seconds, Stopping threads took: 0.0000401 seconds
2017-08-01T03:07:49.452+0000: 15421.025: Total time for which application threads were stopped: 0.0001006 seconds, Stopping threads took: 0.0000446 seconds
2017-08-01T03:07:49.452+0000: 15421.026: Total time for which application threads were stopped: 0.0002086 seconds, Stopping threads took: 0.0000166 seconds
2017-08-01T03:08:03.458+0000: 15435.031: Total time for which application threads were stopped: 0.0001515 seconds, Stopping threads took: 0.0000446 seconds
2017-08-01T03:08:24.460+0000: 15456.033: Total time for which application threads were stopped: 0.0002023 seconds, Stopping threads took: 0.0000641 seconds
{Heap before GC invocations=230 (full 2):
 par new generation   total 153344K, used 142242K [0x0000000080000000, 0x000000008a660000, 0x000000008a660000)
  eden space 136320K, 100% used [0x0000000080000000, 0x0000000088520000, 0x0000000088520000)
  from space 17024K,  34% used [0x0000000088520000, 0x0000000088ae8990, 0x00000000895c0000)
  to   space 17024K,   0% used [0x00000000895c0000, 0x00000000895c0000, 0x000000008a660000)
 concurrent mark-sweep generation total 1926784K, used 276637K [0x000000008a660000, 0x0000000100000000, 0x0000000100000000)
 Metaspace       used 86782K, capacity 92508K, committed 92824K, reserved 1130496K
  class space    used 10447K, capacity 10835K, committed 10912K, reserved 1048576K
2017-08-01T03:09:08.094+0000: 15499.667: [GC (Allocation Failure) Before GC:
Statistics for BinaryTreeDictionary:
------------------------------------
Total Free Space: 211084878
Max   Chunk Size: 211084878
Number of Blocks: 1
Av.  Block  Size: 211084878
Tree      Height: 1
2017-08-01T03:09:08.094+0000: 15499.667: [ParNew
Desired survivor size 8716288 bytes, new threshold 6 (max 6)
- age   1:    1338880 bytes,    1338880 total
- age   2:     630152 bytes,    1969032 total
- age   3:     676760 bytes,    2645792 total
- age   4:     559936 bytes,    3205728 total
- age   5:     551960 bytes,    3757688 total
- age   6:     501728 bytes,    4259416 total
: 142242K->6098K(153344K), 0.0226393 secs] 418879K->283127K(2080128K)After GC:
Statistics for BinaryTreeDictionary:
------------------------------------
Total Free Space: 211033257
Max   Chunk Size: 211033257
Number of Blocks: 1
Av.  Block  Size: 211033257
Tree      Height: 1
, 0.0227227 secs] [Times: user=0.05 sys=0.00, real=0.02 secs] 
Heap after GC invocations=231 (full 2):
 par new generation   total 153344K, used 6098K [0x0000000080000000, 0x000000008a660000, 0x000000008a660000)
  eden space 136320K,   0% used [0x0000000080000000, 0x0000000080000000, 0x0000000088520000)
  from space 17024K,  35% used [0x00000000895c0000, 0x0000000089bb4b50, 0x000000008a660000)
  to   space 17024K,   0% used [0x0000000088520000, 0x0000000088520000, 0x00000000895c0000)
 concurrent mark-sweep generation total 1926784K, used 277028K [0x000000008a660000, 0x0000000100000000, 0x0000000100000000)
 Metaspace       used 86782K, capacity 92508K, committed 92824K, reserved 1130496K
  class space    used 10447K, capacity 10835K, committed 10912K, reserved 1048576K
}
2017-08-01T03:09:08.116+0000: 15499.690: Total time for which application threads were stopped: 0.0230020 seconds, Stopping threads took: 0.0000664 seconds
2017-08-01T03:09:08.117+0000: 15499.690: Total time for which application threads were stopped: 0.0001175 seconds, Stopping threads took: 0.0000278 seconds
2017-08-01T03:09:08.117+0000: 15499.690: Total time for which application threads were stopped: 0.0000733 seconds, Stopping threads took: 0.0000220 seconds
2017-08-01T03:09:08.117+0000: 15499.690: Total time for which application threads were stopped: 0.0001043 seconds, Stopping threads took: 0.0000277 seconds
2017-08-01T03:09:08.117+0000: 15499.690: Total time for which application threads were stopped: 0.0000644 seconds, Stopping threads took: 0.0000172 seconds
2017-08-01T03:09:08.117+0000: 15499.691: Total time for which application threads were stopped: 0.0001312 seconds, Stopping threads took: 0.0000541 seconds
2017-08-01T03:09:08.117+0000: 15499.691: Total time for which application threads were stopped: 0.0000708 seconds, Stopping threads took: 0.0000190 seconds
2017-08-01T03:09:08.118+0000: 15499.691: Total time for which application threads were stopped: 0.0000671 seconds, Stopping threads took: 0.0000183 seconds
2017-08-01T03:09:08.118+0000: 15499.691: Total time for which application threads were stopped: 0.0001303 seconds, Stopping threads took: 0.0000706 seconds
2017-08-01T03:09:08.118+0000: 15499.691: Total time for which application threads were stopped: 0.0000806 seconds, Stopping threads took: 0.0000211 seconds
2017-08-01T03:09:08.118+0000: 15499.691: Total time for which application threads were stopped: 0.0000750 seconds, Stopping threads took: 0.0000254 seconds
2017-08-01T03:09:08.118+0000: 15499.692: Total time for which application threads were stopped: 0.0000676 seconds, Stopping threads took: 0.0000199 seconds
2017-08-01T03:09:08.118+0000: 15499.692: Total time for which application threads were stopped: 0.0001099 seconds, Stopping threads took: 0.0000483 seconds
2017-08-01T03:09:08.119+0000: 15499.692: Total time for which application threads were stopped: 0.0001025 seconds, Stopping threads took: 0.0000436 seconds
2017-08-01T03:09:08.119+0000: 15499.692: Total time for which application threads were stopped: 0.0000953 seconds, Stopping threads took: 0.0000333 seconds
2017-08-01T03:09:08.119+0000: 15499.692: Total time for which application threads were stopped: 0.0001135 seconds, Stopping threads took: 0.0000518 seconds
2017-08-01T03:09:08.119+0000: 15499.692: Total time for which application threads were stopped: 0.0001041 seconds, Stopping threads took: 0.0000425 seconds
2017-08-01T03:09:08.119+0000: 15499.692: Total time for which application threads were stopped: 0.0000819 seconds, Stopping threads took: 0.0000190 seconds
2017-08-01T03:09:08.119+0000: 15499.692: Total time for which application threads were stopped: 0.0000980 seconds, Stopping threads took: 0.0000289 seconds
2017-08-01T03:09:08.119+0000: 15499.693: Total time for which application threads were stopped: 0.0000736 seconds, Stopping threads took: 0.0000212 seconds
2017-08-01T03:09:08.120+0000: 15499.693: Total time for which application threads were stopped: 0.0002969 seconds, Stopping threads took: 0.0000451 seconds
2017-08-01T03:09:52.837+0000: 15544.410: Total time for which application threads were stopped: 0.0002386 seconds, Stopping threads took: 0.0000404 seconds
2017-08-01T03:09:52.837+0000: 15544.410: Total time for which application threads were stopped: 0.0000946 seconds, Stopping threads took: 0.0000207 seconds
2017-08-01T03:09:52.837+0000: 15544.410: Total time for which application threads were stopped: 0.0000880 seconds, Stopping threads took: 0.0000201 seconds
2017-08-01T03:09:52.837+0000: 15544.410: Total time for which application threads were stopped: 0.0000994 seconds, Stopping threads took: 0.0000203 seconds
2017-08-01T03:09:52.837+0000: 15544.410: Total time for which application threads were stopped: 0.0001135 seconds, Stopping threads took: 0.0000195 seconds
2017-08-01T03:09:52.837+0000: 15544.411: Total time for which application threads were stopped: 0.0001169 seconds, Stopping threads took: 0.0000414 seconds
2017-08-01T03:09:53.876+0000: 15545.449: Total time for which application threads were stopped: 0.0001916 seconds, Stopping threads took: 0.0000400 seconds
2017-08-01T03:09:53.876+0000: 15545.450: Total time for which application threads were stopped: 0.0001362 seconds, Stopping threads took: 0.0000611 seconds
2017-08-01T03:09:53.877+0000: 15545.450: Total time for which application threads were stopped: 0.0001185 seconds, Stopping threads took: 0.0000399 seconds
2017-08-01T03:09:53.877+0000: 15545.450: Total time for which application threads were stopped: 0.0001077 seconds, Stopping threads took: 0.0000185 seconds
2017-08-01T03:09:53.877+0000: 15545.450: Total time for which application threads were stopped: 0.0001077 seconds, Stopping threads took: 0.0000299 seconds
2017-08-01T03:09:53.877+0000: 15545.450: Total time for which application threads were stopped: 0.0001214 seconds, Stopping threads took: 0.0000345 seconds
{Heap before GC invocations=231 (full 2):
 par new generation   total 153344K, used 142418K [0x0000000080000000, 0x000000008a660000, 0x000000008a660000)
  eden space 136320K, 100% used [0x0000000080000000, 0x0000000088520000, 0x0000000088520000)
  from space 17024K,  35% used [0x00000000895c0000, 0x0000000089bb4b50, 0x000000008a660000)
  to   space 17024K,   0% used [0x0000000088520000, 0x0000000088520000, 0x00000000895c0000)
 concurrent mark-sweep generation total 1926784K, used 277028K [0x000000008a660000, 0x0000000100000000, 0x0000000100000000)
 Metaspace       used 86782K, capacity 92508K, committed 92824K, reserved 1130496K
  class space    used 10447K, capacity 10835K, committed 10912K, reserved 1048576K
2017-08-01T03:10:31.336+0000: 15582.909: [GC (Allocation Failure) Before GC:
Statistics for BinaryTreeDictionary:
------------------------------------
Total Free Space: 211033257
Max   Chunk Size: 211033257
Number of Blocks: 1
Av.  Block  Size: 211033257
Tree      Height: 1
2017-08-01T03:10:31.336+0000: 15582.909: [ParNew
Desired survivor size 8716288 bytes, new threshold 6 (max 6)
- age   1:    1472168 bytes,    1472168 total
- age   2:     655760 bytes,    2127928 total
- age   3:     567200 bytes,    2695128 total
- age   4:     622208 bytes,    3317336 total
- age   5:     497536 bytes,    3814872 total
- age   6:     539744 bytes,    4354616 total
: 142418K->6183K(153344K), 0.0231766 secs] 419447K->283703K(2080128K)After GC:
Statistics for BinaryTreeDictionary:
------------------------------------
Total Free Space: 210972155
Max   Chunk Size: 210972155
Number of Blocks: 1
Av.  Block  Size: 210972155
Tree      Height: 1
, 0.0233005 secs] [Times: user=0.06 sys=0.00, real=0.02 secs] 
Heap after GC invocations=232 (full 2):
 par new generation   total 153344K, used 6183K [0x0000000080000000, 0x000000008a660000, 0x000000008a660000)
  eden space 136320K,   0% used [0x0000000080000000, 0x0000000080000000, 0x0000000088520000)
  from space 17024K,  36% used [0x0000000088520000, 0x0000000088b29d70, 0x00000000895c0000)
  to   space 17024K,   0% used [0x00000000895c0000, 0x00000000895c0000, 0x000000008a660000)
 concurrent mark-sweep generation total 1926784K, used 277519K [0x000000008a660000, 0x0000000100000000, 0x0000000100000000)
 Metaspace       used 86782K, capacity 92508K, committed 92824K, reserved 1130496K
  class space    used 10447K, capacity 10835K, committed 10912K, reserved 1048576K
}
2017-08-01T03:10:31.359+0000: 15582.932: Total time for which application threads were stopped: 0.0235645 seconds, Stopping threads took: 0.0000492 seconds
2017-08-01T03:10:31.359+0000: 15582.933: Total time for which application threads were stopped: 0.0002191 seconds, Stopping threads took: 0.0001113 seconds
2017-08-01T03:10:31.360+0000: 15582.933: Total time for which application threads were stopped: 0.0001300 seconds, Stopping threads took: 0.0000666 seconds
2017-08-01T03:10:31.369+0000: 15582.942: Total time for which application threads were stopped: 0.0008062 seconds, Stopping threads took: 0.0007280 seconds
2017-08-01T03:10:31.369+0000: 15582.942: Total time for which application threads were stopped: 0.0000968 seconds, Stopping threads took: 0.0000200 seconds
2017-08-01T03:10:31.369+0000: 15582.942: Total time for which application threads were stopped: 0.0000941 seconds, Stopping threads took: 0.0000374 seconds
2017-08-01T03:10:31.369+0000: 15582.942: Total time for which application threads were stopped: 0.0001194 seconds, Stopping threads took: 0.0000636 seconds
2017-08-01T03:10:31.369+0000: 15582.942: Total time for which application threads were stopped: 0.0000709 seconds, Stopping threads took: 0.0000198 seconds
2017-08-01T03:10:31.369+0000: 15582.943: Total time for which application threads were stopped: 0.0000924 seconds, Stopping threads took: 0.0000185 seconds
2017-08-01T03:10:31.369+0000: 15582.943: Total time for which application threads were stopped: 0.0000714 seconds, Stopping threads took: 0.0000196 seconds
2017-08-01T03:10:31.370+0000: 15582.943: Total time for which application threads were stopped: 0.0001121 seconds, Stopping threads took: 0.0000470 seconds
2017-08-01T03:10:31.370+0000: 15582.943: Total time for which application threads were stopped: 0.0001177 seconds, Stopping threads took: 0.0000513 seconds
2017-08-01T03:10:31.370+0000: 15582.944: Total time for which application threads were stopped: 0.0000721 seconds, Stopping threads took: 0.0000196 seconds
2017-08-01T03:10:31.370+0000: 15582.944: Total time for which application threads were stopped: 0.0001020 seconds, Stopping threads took: 0.0000417 seconds
2017-08-01T03:10:31.371+0000: 15582.944: Total time for which application threads were stopped: 0.0001255 seconds, Stopping threads took: 0.0000619 seconds
2017-08-01T03:10:31.371+0000: 15582.944: Total time for which application threads were stopped: 0.0001081 seconds, Stopping threads took: 0.0000461 seconds
2017-08-01T03:10:31.371+0000: 15582.944: Total time for which application threads were stopped: 0.0001198 seconds, Stopping threads took: 0.0000588 seconds
2017-08-01T03:10:31.371+0000: 15582.944: Total time for which application threads were stopped: 0.0001049 seconds, Stopping threads took: 0.0000446 seconds
2017-08-01T03:10:31.371+0000: 15582.944: Total time for which application threads were stopped: 0.0001197 seconds, Stopping threads took: 0.0000573 seconds
2017-08-01T03:10:31.371+0000: 15582.945: Total time for which application threads were stopped: 0.0000703 seconds, Stopping threads took: 0.0000198 seconds
2017-08-01T03:10:31.372+0000: 15582.945: Total time for which application threads were stopped: 0.0002994 seconds, Stopping threads took: 0.0000416 seconds
{Heap before GC invocations=232 (full 2):
 par new generation   total 153344K, used 142503K [0x0000000080000000, 0x000000008a660000, 0x000000008a660000)
  eden space 136320K, 100% used [0x0000000080000000, 0x0000000088520000, 0x0000000088520000)
  from space 17024K,  36% used [0x0000000088520000, 0x0000000088b29d70, 0x00000000895c0000)
  to   space 17024K,   0% used [0x00000000895c0000, 0x00000000895c0000, 0x000000008a660000)
 concurrent mark-sweep generation total 1926784K, used 277519K [0x000000008a660000, 0x0000000100000000, 0x0000000100000000)
 Metaspace       used 86782K, capacity 92508K, committed 92824K, reserved 1130496K
  class space    used 10447K, capacity 10835K, committed 10912K, reserved 1048576K
2017-08-01T03:11:50.677+0000: 15662.250: [GC (Allocation Failure) Before GC:
Statistics for BinaryTreeDictionary:
------------------------------------
Total Free Space: 210972155
Max   Chunk Size: 210972155
Number of Blocks: 1
Av.  Block  Size: 210972155
Tree      Height: 1
2017-08-01T03:11:50.677+0000: 15662.250: [ParNew
Desired survivor size 8716288 bytes, new threshold 6 (max 6)
- age   1:    1310704 bytes,    1310704 total
- age   2:     772072 bytes,    2082776 total
- age   3:     603896 bytes,    2686672 total
- age   4:     546128 bytes,    3232800 total
- age   5:     558912 bytes,    3791712 total
- age   6:     486320 bytes,    4278032 total
: 142503K->6261K(153344K), 0.0355612 secs] 420023K->284311K(2080128K)After GC:
Statistics for BinaryTreeDictionary:
------------------------------------
Total Free Space: 210902727
Max   Chunk Size: 210902727
Number of Blocks: 1
Av.  Block  Size: 210902727
Tree      Height: 1
, 0.0356493 secs] [Times: user=0.06 sys=0.00, real=0.03 secs] 
Heap after GC invocations=233 (full 2):
 par new generation   total 153344K, used 6261K [0x0000000080000000, 0x000000008a660000, 0x000000008a660000)
  eden space 136320K,   0% used [0x0000000080000000, 0x0000000080000000, 0x0000000088520000)
  from space 17024K,  36% used [0x00000000895c0000, 0x0000000089bdd7d0, 0x000000008a660000)
  to   space 17024K,   0% used [0x0000000088520000, 0x0000000088520000, 0x00000000895c0000)
 concurrent mark-sweep generation total 1926784K, used 278049K [0x000000008a660000, 0x0000000100000000, 0x0000000100000000)
 Metaspace       used 86782K, capacity 92508K, committed 92824K, reserved 1130496K
  class space    used 10447K, capacity 10835K, committed 10912K, reserved 1048576K
}
2017-08-01T03:11:50.712+0000: 15662.286: Total time for which application threads were stopped: 0.0359567 seconds, Stopping threads took: 0.0000536 seconds
2017-08-01T03:11:50.721+0000: 15662.294: Total time for which application threads were stopped: 0.0001838 seconds, Stopping threads took: 0.0000450 seconds
2017-08-01T03:11:50.721+0000: 15662.294: Total time for which application threads were stopped: 0.0000865 seconds, Stopping threads took: 0.0000139 seconds
2017-08-01T03:11:50.721+0000: 15662.295: Total time for which application threads were stopped: 0.0000843 seconds, Stopping threads took: 0.0000128 seconds
2017-08-01T03:11:50.721+0000: 15662.295: Total time for which application threads were stopped: 0.0000831 seconds, Stopping threads took: 0.0000128 seconds
2017-08-01T03:11:50.721+0000: 15662.295: Total time for which application threads were stopped: 0.0000820 seconds, Stopping threads took: 0.0000125 seconds
2017-08-01T03:11:50.722+0000: 15662.295: Total time for which application threads were stopped: 0.0000818 seconds, Stopping threads took: 0.0000128 seconds
2017-08-01T03:11:50.722+0000: 15662.295: Total time for which application threads were stopped: 0.0000814 seconds, Stopping threads took: 0.0000126 seconds
2017-08-01T03:11:50.722+0000: 15662.295: Total time for which application threads were stopped: 0.0000812 seconds, Stopping threads took: 0.0000122 seconds
2017-08-01T03:11:50.722+0000: 15662.295: Total time for which application threads were stopped: 0.0000836 seconds, Stopping threads took: 0.0000134 seconds
2017-08-01T03:11:50.722+0000: 15662.295: Total time for which application threads were stopped: 0.0000818 seconds, Stopping threads took: 0.0000125 seconds
2017-08-01T03:11:50.722+0000: 15662.295: Total time for which application threads were stopped: 0.0000822 seconds, Stopping threads took: 0.0000127 seconds
2017-08-01T03:11:50.722+0000: 15662.295: Total time for which application threads were stopped: 0.0000822 seconds, Stopping threads took: 0.0000126 seconds
2017-08-01T03:11:50.722+0000: 15662.296: Total time for which application threads were stopped: 0.0000817 seconds, Stopping threads took: 0.0000124 seconds
2017-08-01T03:11:50.722+0000: 15662.296: Total time for which application threads were stopped: 0.0000819 seconds, Stopping threads took: 0.0000127 seconds
2017-08-01T03:11:50.723+0000: 15662.296: Total time for which application threads were stopped: 0.0000815 seconds, Stopping threads took: 0.0000125 seconds
2017-08-01T03:11:50.723+0000: 15662.296: Total time for which application threads were stopped: 0.0000826 seconds, Stopping threads took: 0.0000124 seconds
2017-08-01T03:11:50.723+0000: 15662.296: Total time for which application threads were stopped: 0.0000827 seconds, Stopping threads took: 0.0000128 seconds
2017-08-01T03:11:50.723+0000: 15662.296: Total time for which application threads were stopped: 0.0000986 seconds, Stopping threads took: 0.0000121 seconds
2017-08-01T03:11:50.723+0000: 15662.296: Total time for which application threads were stopped: 0.0000817 seconds, Stopping threads took: 0.0000129 seconds
2017-08-01T03:11:50.723+0000: 15662.297: Total time for which application threads were stopped: 0.0003024 seconds, Stopping threads took: 0.0000126 seconds
2017-08-01T03:12:51.730+0000: 15723.303: Total time for which application threads were stopped: 0.0001626 seconds, Stopping threads took: 0.0000581 seconds
{Heap before GC invocations=233 (full 2):
 par new generation   total 153344K, used 142581K [0x0000000080000000, 0x000000008a660000, 0x000000008a660000)
  eden space 136320K, 100% used [0x0000000080000000, 0x0000000088520000, 0x0000000088520000)
  from space 17024K,  36% used [0x00000000895c0000, 0x0000000089bdd7d0, 0x000000008a660000)
  to   space 17024K,   0% used [0x0000000088520000, 0x0000000088520000, 0x00000000895c0000)
 concurrent mark-sweep generation total 1926784K, used 278049K [0x000000008a660000, 0x0000000100000000, 0x0000000100000000)
 Metaspace       used 86782K, capacity 92508K, committed 92824K, reserved 1130496K
  class space    used 10447K, capacity 10835K, committed 10912K, reserved 1048576K
2017-08-01T03:13:12.926+0000: 15744.499: [GC (Allocation Failure) Before GC:
Statistics for BinaryTreeDictionary:
------------------------------------
Total Free Space: 210902727
Max   Chunk Size: 210902727
Number of Blocks: 1
Av.  Block  Size: 210902727
Tree      Height: 1
2017-08-01T03:13:12.926+0000: 15744.499: [ParNew
Desired survivor size 8716288 bytes, new threshold 6 (max 6)
- age   1:    1377848 bytes,    1377848 total
- age   2:     634248 bytes,    2012096 total
- age   3:     712200 bytes,    2724296 total
- age   4:     553464 bytes,    3277760 total
- age   5:     531376 bytes,    3809136 total
- age   6:     549400 bytes,    4358536 total
: 142581K->6307K(153344K), 0.0226750 secs] 420631K->284833K(2080128K)After GC:
Statistics for BinaryTreeDictionary:
------------------------------------
Total Free Space: 210843425
Max   Chunk Size: 210843425
Number of Blocks: 1
Av.  Block  Size: 210843425
Tree      Height: 1
, 0.0227695 secs] [Times: user=0.06 sys=0.00, real=0.02 secs] 
Heap after GC invocations=234 (full 2):
 par new generation   total 153344K, used 6307K [0x0000000080000000, 0x000000008a660000, 0x000000008a660000)
  eden space 136320K,   0% used [0x0000000080000000, 0x0000000080000000, 0x0000000088520000)
  from space 17024K,  37% used [0x0000000088520000, 0x0000000088b48c68, 0x00000000895c0000)
  to   space 17024K,   0% used [0x00000000895c0000, 0x00000000895c0000, 0x000000008a660000)
 concurrent mark-sweep generation total 1926784K, used 278526K [0x000000008a660000, 0x0000000100000000, 0x0000000100000000)
 Metaspace       used 86782K, capacity 92508K, committed 92824K, reserved 1130496K
  class space    used 10447K, capacity 10835K, committed 10912K, reserved 1048576K
}
2017-08-01T03:13:12.948+0000: 15744.522: Total time for which application threads were stopped: 0.0230375 seconds, Stopping threads took: 0.0000427 seconds
2017-08-01T03:13:12.949+0000: 15744.522: Total time for which application threads were stopped: 0.0001412 seconds, Stopping threads took: 0.0000324 seconds
2017-08-01T03:13:12.949+0000: 15744.522: Total time for which application threads were stopped: 0.0000714 seconds, Stopping threads took: 0.0000193 seconds
2017-08-01T03:13:12.949+0000: 15744.522: Total time for which application threads were stopped: 0.0000691 seconds, Stopping threads took: 0.0000189 seconds
2017-08-01T03:13:12.949+0000: 15744.523: Total time for which application threads were stopped: 0.0000897 seconds, Stopping threads took: 0.0000181 seconds
2017-08-01T03:13:12.949+0000: 15744.523: Total time for which application threads were stopped: 0.0000682 seconds, Stopping threads took: 0.0000178 seconds
2017-08-01T03:13:12.949+0000: 15744.523: Total time for which application threads were stopped: 0.0001158 seconds, Stopping threads took: 0.0000554 seconds
2017-08-01T03:13:12.950+0000: 15744.523: Total time for which application threads were stopped: 0.0000854 seconds, Stopping threads took: 0.0000334 seconds
2017-08-01T03:13:12.950+0000: 15744.523: Total time for which application threads were stopped: 0.0000980 seconds, Stopping threads took: 0.0000354 seconds
2017-08-01T03:13:12.950+0000: 15744.523: Total time for which application threads were stopped: 0.0000830 seconds, Stopping threads took: 0.0000206 seconds
2017-08-01T03:13:12.950+0000: 15744.523: Total time for which application threads were stopped: 0.0000738 seconds, Stopping threads took: 0.0000222 seconds
2017-08-01T03:13:12.950+0000: 15744.523: Total time for which application threads were stopped: 0.0000688 seconds, Stopping threads took: 0.0000180 seconds
2017-08-01T03:13:12.950+0000: 15744.523: Total time for which application threads were stopped: 0.0000954 seconds, Stopping threads took: 0.0000236 seconds
2017-08-01T03:13:12.950+0000: 15744.523: Total time for which application threads were stopped: 0.0000688 seconds, Stopping threads took: 0.0000191 seconds
2017-08-01T03:13:12.950+0000: 15744.524: Total time for which application threads were stopped: 0.0000674 seconds, Stopping threads took: 0.0000175 seconds
2017-08-01T03:13:12.950+0000: 15744.524: Total time for which application threads were stopped: 0.0000934 seconds, Stopping threads took: 0.0000347 seconds
2017-08-01T03:13:12.951+0000: 15744.524: Total time for which application threads were stopped: 0.0000983 seconds, Stopping threads took: 0.0000382 seconds
2017-08-01T03:13:12.951+0000: 15744.524: Total time for which application threads were stopped: 0.0000672 seconds, Stopping threads took: 0.0000179 seconds
2017-08-01T03:13:12.951+0000: 15744.524: Total time for which application threads were stopped: 0.0001033 seconds, Stopping threads took: 0.0000438 seconds
2017-08-01T03:13:12.951+0000: 15744.524: Total time for which application threads were stopped: 0.0001104 seconds, Stopping threads took: 0.0000504 seconds
2017-08-01T03:13:12.951+0000: 15744.524: Total time for which application threads were stopped: 0.0002535 seconds, Stopping threads took: 0.0000445 seconds
2017-08-01T03:13:17.076+0000: 15748.650: Total time for which application threads were stopped: 0.0001977 seconds, Stopping threads took: 0.0000616 seconds
2017-08-01T03:13:17.077+0000: 15748.650: Total time for which application threads were stopped: 0.0000739 seconds, Stopping threads took: 0.0000224 seconds
2017-08-01T03:13:17.077+0000: 15748.650: Total time for which application threads were stopped: 0.0000773 seconds, Stopping threads took: 0.0000220 seconds
2017-08-01T03:13:17.077+0000: 15748.650: Total time for which application threads were stopped: 0.0000667 seconds, Stopping threads took: 0.0000175 seconds
2017-08-01T03:13:17.077+0000: 15748.650: Total time for which application threads were stopped: 0.0001018 seconds, Stopping threads took: 0.0000405 seconds
2017-08-01T03:13:17.077+0000: 15748.650: Total time for which application threads were stopped: 0.0000667 seconds, Stopping threads took: 0.0000178 seconds
2017-08-01T03:13:33.696+0000: 15765.269: Total time for which application threads were stopped: 0.0002260 seconds, Stopping threads took: 0.0000444 seconds
2017-08-01T03:13:33.696+0000: 15765.270: Total time for which application threads were stopped: 0.0001153 seconds, Stopping threads took: 0.0000389 seconds
2017-08-01T03:13:33.697+0000: 15765.270: Total time for which application threads were stopped: 0.0000937 seconds, Stopping threads took: 0.0000197 seconds
2017-08-01T03:13:33.697+0000: 15765.270: Total time for which application threads were stopped: 0.0000686 seconds, Stopping threads took: 0.0000193 seconds
2017-08-01T03:13:33.697+0000: 15765.270: Total time for which application threads were stopped: 0.0000768 seconds, Stopping threads took: 0.0000228 seconds
2017-08-01T03:13:33.697+0000: 15765.270: Total time for which application threads were stopped: 0.0000716 seconds, Stopping threads took: 0.0000205 seconds
2017-08-01T03:14:06.871+0000: 15798.444: Total time for which application threads were stopped: 0.0001876 seconds, Stopping threads took: 0.0000422 seconds
{Heap before GC invocations=234 (full 2):
 par new generation   total 153344K, used 142627K [0x0000000080000000, 0x000000008a660000, 0x000000008a660000)
  eden space 136320K, 100% used [0x0000000080000000, 0x0000000088520000, 0x0000000088520000)
  from space 17024K,  37% used [0x0000000088520000, 0x0000000088b48c68, 0x00000000895c0000)
  to   space 17024K,   0% used [0x00000000895c0000, 0x00000000895c0000, 0x000000008a660000)
 concurrent mark-sweep generation total 1926784K, used 278526K [0x000000008a660000, 0x0000000100000000, 0x0000000100000000)
 Metaspace       used 86782K, capacity 92508K, committed 92824K, reserved 1130496K
  class space    used 10447K, capacity 10835K, committed 10912K, reserved 1048576K
2017-08-01T03:14:38.017+0000: 15829.590: [GC (Allocation Failure) Before GC:
Statistics for BinaryTreeDictionary:
------------------------------------
Total Free Space: 210843425
Max   Chunk Size: 210843425
Number of Blocks: 1
Av.  Block  Size: 210843425
Tree      Height: 1
2017-08-01T03:14:38.017+0000: 15829.590: [ParNew
Desired survivor size 8716288 bytes, new threshold 6 (max 6)
- age   1:    1462048 bytes,    1462048 total
- age   2:     704912 bytes,    2166960 total
- age   3:     577256 bytes,    2744216 total
- age   4:     661312 bytes,    3405528 total
- age   5:     493240 bytes,    3898768 total
- age   6:     521320 bytes,    4420088 total
: 142627K->6343K(153344K), 0.0233798 secs] 421153K->285406K(2080128K)After GC:
Statistics for BinaryTreeDictionary:
------------------------------------
Total Free Space: 210773701
Max   Chunk Size: 210773701
Number of Blocks: 1
Av.  Block  Size: 210773701
Tree      Height: 1
, 0.0235261 secs] [Times: user=0.06 sys=0.00, real=0.02 secs] 
Heap after GC invocations=235 (full 2):
 par new generation   total 153344K, used 6343K [0x0000000080000000, 0x000000008a660000, 0x000000008a660000)
  eden space 136320K,   0% used [0x0000000080000000, 0x0000000080000000, 0x0000000088520000)
  from space 17024K,  37% used [0x00000000895c0000, 0x0000000089bf1f50, 0x000000008a660000)
  to   space 17024K,   0% used [0x0000000088520000, 0x0000000088520000, 0x00000000895c0000)
 concurrent mark-sweep generation total 1926784K, used 279062K [0x000000008a660000, 0x0000000100000000, 0x0000000100000000)
 Metaspace       used 86782K, capacity 92508K, committed 92824K, reserved 1130496K
  class space    used 10447K, capacity 10835K, committed 10912K, reserved 1048576K
}
2017-08-01T03:14:38.040+0000: 15829.613: Total time for which application threads were stopped: 0.0238269 seconds, Stopping threads took: 0.0000648 seconds
2017-08-01T03:14:38.041+0000: 15829.614: Total time for which application threads were stopped: 0.0001316 seconds, Stopping threads took: 0.0000290 seconds
2017-08-01T03:14:38.041+0000: 15829.614: Total time for which application threads were stopped: 0.0000745 seconds, Stopping threads took: 0.0000223 seconds
2017-08-01T03:14:38.041+0000: 15829.614: Total time for which application threads were stopped: 0.0000716 seconds, Stopping threads took: 0.0000208 seconds
2017-08-01T03:14:38.041+0000: 15829.615: Total time for which application threads were stopped: 0.0001199 seconds, Stopping threads took: 0.0000583 seconds
2017-08-01T03:14:38.041+0000: 15829.615: Total time for which application threads were stopped: 0.0000701 seconds, Stopping threads took: 0.0000199 seconds
2017-08-01T03:14:38.042+0000: 15829.615: Total time for which application threads were stopped: 0.0000659 seconds, Stopping threads took: 0.0000161 seconds
2017-08-01T03:14:38.042+0000: 15829.615: Total time for which application threads were stopped: 0.0000681 seconds, Stopping threads took: 0.0000187 seconds
2017-08-01T03:14:38.042+0000: 15829.615: Total time for which application threads were stopped: 0.0000775 seconds, Stopping threads took: 0.0000201 seconds
2017-08-01T03:14:38.042+0000: 15829.615: Total time for which application threads were stopped: 0.0000794 seconds, Stopping threads took: 0.0000183 seconds
2017-08-01T03:14:38.042+0000: 15829.615: Total time for which application threads were stopped: 0.0000701 seconds, Stopping threads took: 0.0000205 seconds
2017-08-01T03:14:38.042+0000: 15829.615: Total time for which application threads were stopped: 0.0000722 seconds, Stopping threads took: 0.0000222 seconds
2017-08-01T03:14:38.042+0000: 15829.615: Total time for which application threads were stopped: 0.0000672 seconds, Stopping threads took: 0.0000178 seconds
2017-08-01T03:14:38.042+0000: 15829.616: Total time for which application threads were stopped: 0.0001423 seconds, Stopping threads took: 0.0000817 seconds
2017-08-01T03:14:38.042+0000: 15829.616: Total time for which application threads were stopped: 0.0000685 seconds, Stopping threads took: 0.0000185 seconds
2017-08-01T03:14:38.042+0000: 15829.616: Total time for which application threads were stopped: 0.0000667 seconds, Stopping threads took: 0.0000172 seconds
2017-08-01T03:14:38.043+0000: 15829.616: Total time for which application threads were stopped: 0.0001128 seconds, Stopping threads took: 0.0000421 seconds
2017-08-01T03:14:38.043+0000: 15829.616: Total time for which application threads were stopped: 0.0000768 seconds, Stopping threads took: 0.0000260 seconds
2017-08-01T03:14:38.043+0000: 15829.616: Total time for which application threads were stopped: 0.0000674 seconds, Stopping threads took: 0.0000179 seconds
2017-08-01T03:14:38.043+0000: 15829.616: Total time for which application threads were stopped: 0.0000688 seconds, Stopping threads took: 0.0000192 seconds
2017-08-01T03:14:38.043+0000: 15829.616: Total time for which application threads were stopped: 0.0002370 seconds, Stopping threads took: 0.0000200 seconds
{Heap before GC invocations=235 (full 2):
 par new generation   total 153344K, used 142663K [0x0000000080000000, 0x000000008a660000, 0x000000008a660000)
  eden space 136320K, 100% used [0x0000000080000000, 0x0000000088520000, 0x0000000088520000)
  from space 17024K,  37% used [0x00000000895c0000, 0x0000000089bf1f50, 0x000000008a660000)
  to   space 17024K,   0% used [0x0000000088520000, 0x0000000088520000, 0x00000000895c0000)
 concurrent mark-sweep generation total 1926784K, used 279062K [0x000000008a660000, 0x0000000100000000, 0x0000000100000000)
 Metaspace       used 86782K, capacity 92508K, committed 92824K, reserved 1130496K
  class space    used 10447K, capacity 10835K, committed 10912K, reserved 1048576K
2017-08-01T03:15:55.164+0000: 15906.737: [GC (Allocation Failure) Before GC:
Statistics for BinaryTreeDictionary:
------------------------------------
Total Free Space: 210773701
Max   Chunk Size: 210773701
Number of Blocks: 1
Av.  Block  Size: 210773701
Tree      Height: 1
2017-08-01T03:15:55.164+0000: 15906.737: [ParNew
Desired survivor size 8716288 bytes, new threshold 6 (max 6)
- age   1:    1353280 bytes,    1353280 total
- age   2:     779456 bytes,    2132736 total
- age   3:     623144 bytes,    2755880 total
- age   4:     555336 bytes,    3311216 total
- age   5:     599216 bytes,    3910432 total
- age   6:     485832 bytes,    4396264 total
: 142663K->6418K(153344K), 0.0230858 secs] 421726K->285993K(2080128K)After GC:
Statistics for BinaryTreeDictionary:
------------------------------------
Total Free Space: 210705523
Max   Chunk Size: 210705523
Number of Blocks: 1
Av.  Block  Size: 210705523
Tree      Height: 1
, 0.0231620 secs] [Times: user=0.06 sys=0.00, real=0.02 secs] 
Heap after GC invocations=236 (full 2):
 par new generation   total 153344K, used 6418K [0x0000000080000000, 0x000000008a660000, 0x000000008a660000)
  eden space 136320K,   0% used [0x0000000080000000, 0x0000000080000000, 0x0000000088520000)
  from space 17024K,  37% used [0x0000000088520000, 0x0000000088b64b70, 0x00000000895c0000)
  to   space 17024K,   0% used [0x00000000895c0000, 0x00000000895c0000, 0x000000008a660000)
 concurrent mark-sweep generation total 1926784K, used 279575K [0x000000008a660000, 0x0000000100000000, 0x0000000100000000)
 Metaspace       used 86782K, capacity 92508K, committed 92824K, reserved 1130496K
  class space    used 10447K, capacity 10835K, committed 10912K, reserved 1048576K
}
2017-08-01T03:15:55.187+0000: 15906.760: Total time for which application threads were stopped: 0.0234752 seconds, Stopping threads took: 0.0000737 seconds
2017-08-01T03:15:55.187+0000: 15906.761: Total time for which application threads were stopped: 0.0001546 seconds, Stopping threads took: 0.0000520 seconds
2017-08-01T03:15:55.188+0000: 15906.761: Total time for which application threads were stopped: 0.0001125 seconds, Stopping threads took: 0.0000504 seconds
2017-08-01T03:15:55.188+0000: 15906.761: Total time for which application threads were stopped: 0.0000835 seconds, Stopping threads took: 0.0000260 seconds
2017-08-01T03:15:55.197+0000: 15906.771: Total time for which application threads were stopped: 0.0001192 seconds, Stopping threads took: 0.0000408 seconds
2017-08-01T03:15:55.197+0000: 15906.771: Total time for which application threads were stopped: 0.0000666 seconds, Stopping threads took: 0.0000197 seconds
2017-08-01T03:15:55.197+0000: 15906.771: Total time for which application threads were stopped: 0.0001021 seconds, Stopping threads took: 0.0000416 seconds
2017-08-01T03:15:55.198+0000: 15906.771: Total time for which application threads were stopped: 0.0001188 seconds, Stopping threads took: 0.0000472 seconds
2017-08-01T03:15:55.198+0000: 15906.771: Total time for which application threads were stopped: 0.0001018 seconds, Stopping threads took: 0.0000420 seconds
2017-08-01T03:15:55.198+0000: 15906.771: Total time for which application threads were stopped: 0.0001073 seconds, Stopping threads took: 0.0000440 seconds
2017-08-01T03:15:55.198+0000: 15906.771: Total time for which application threads were stopped: 0.0001018 seconds, Stopping threads took: 0.0000458 seconds
2017-08-01T03:15:55.198+0000: 15906.771: Total time for which application threads were stopped: 0.0000657 seconds, Stopping threads took: 0.0000192 seconds
2017-08-01T03:15:55.198+0000: 15906.771: Total time for which application threads were stopped: 0.0000669 seconds, Stopping threads took: 0.0000209 seconds
2017-08-01T03:15:55.198+0000: 15906.772: Total time for which application threads were stopped: 0.0001138 seconds, Stopping threads took: 0.0000557 seconds
2017-08-01T03:15:55.198+0000: 15906.772: Total time for which application threads were stopped: 0.0001111 seconds, Stopping threads took: 0.0000474 seconds
2017-08-01T03:15:55.199+0000: 15906.772: Total time for which application threads were stopped: 0.0001021 seconds, Stopping threads took: 0.0000418 seconds
2017-08-01T03:15:55.199+0000: 15906.772: Total time for which application threads were stopped: 0.0001091 seconds, Stopping threads took: 0.0000446 seconds
2017-08-01T03:15:55.199+0000: 15906.772: Total time for which application threads were stopped: 0.0001522 seconds, Stopping threads took: 0.0000736 seconds
2017-08-01T03:15:55.199+0000: 15906.772: Total time for which application threads were stopped: 0.0001060 seconds, Stopping threads took: 0.0000431 seconds
2017-08-01T03:15:55.199+0000: 15906.772: Total time for which application threads were stopped: 0.0001033 seconds, Stopping threads took: 0.0000409 seconds
2017-08-01T03:15:55.200+0000: 15906.773: Total time for which application threads were stopped: 0.0009782 seconds, Stopping threads took: 0.0007444 seconds
2017-08-01T03:17:09.214+0000: 15980.787: Total time for which application threads were stopped: 0.0001683 seconds, Stopping threads took: 0.0000435 seconds
2017-08-01T03:17:11.214+0000: 15982.788: Total time for which application threads were stopped: 0.0001741 seconds, Stopping threads took: 0.0000393 seconds
{Heap before GC invocations=236 (full 2):
 par new generation   total 153344K, used 142738K [0x0000000080000000, 0x000000008a660000, 0x000000008a660000)
  eden space 136320K, 100% used [0x0000000080000000, 0x0000000088520000, 0x0000000088520000)
  from space 17024K,  37% used [0x0000000088520000, 0x0000000088b64b70, 0x00000000895c0000)
  to   space 17024K,   0% used [0x00000000895c0000, 0x00000000895c0000, 0x000000008a660000)
 concurrent mark-sweep generation total 1926784K, used 279575K [0x000000008a660000, 0x0000000100000000, 0x0000000100000000)
 Metaspace       used 86783K, capacity 92508K, committed 92824K, reserved 1130496K
  class space    used 10447K, capacity 10835K, committed 10912K, reserved 1048576K
2017-08-01T03:17:20.011+0000: 15991.584: [GC (Allocation Failure) Before GC:
Statistics for BinaryTreeDictionary:
------------------------------------
Total Free Space: 210705523
Max   Chunk Size: 210705523
Number of Blocks: 1
Av.  Block  Size: 210705523
Tree      Height: 1
2017-08-01T03:17:20.011+0000: 15991.584: [ParNew
Desired survivor size 8716288 bytes, new threshold 6 (max 6)
- age   1:    1441816 bytes,    1441816 total
- age   2:     661608 bytes,    2103424 total
- age   3:     692128 bytes,    2795552 total
- age   4:     553064 bytes,    3348616 total
- age   5:     537168 bytes,    3885784 total
- age   6:     589000 bytes,    4474784 total
: 142738K->8533K(153344K), 0.0234095 secs] 422313K->288583K(2080128K)After GC:
Statistics for BinaryTreeDictionary:
------------------------------------
Total Free Space: 210648624
Max   Chunk Size: 210648624
Number of Blocks: 1
Av.  Block  Size: 210648624
Tree      Height: 1
, 0.0234922 secs] [Times: user=0.06 sys=0.00, real=0.03 secs] 
Heap after GC invocations=237 (full 2):
 par new generation   total 153344K, used 8533K [0x0000000080000000, 0x000000008a660000, 0x000000008a660000)
  eden space 136320K,   0% used [0x0000000080000000, 0x0000000080000000, 0x0000000088520000)
  from space 17024K,  50% used [0x00000000895c0000, 0x0000000089e15408, 0x000000008a660000)
  to   space 17024K,   0% used [0x0000000088520000, 0x0000000088520000, 0x00000000895c0000)
 concurrent mark-sweep generation total 1926784K, used 280050K [0x000000008a660000, 0x0000000100000000, 0x0000000100000000)
 Metaspace       used 86783K, capacity 92508K, committed 92824K, reserved 1130496K
  class space    used 10447K, capacity 10835K, committed 10912K, reserved 1048576K
}
2017-08-01T03:17:20.034+0000: 15991.608: Total time for which application threads were stopped: 0.0238013 seconds, Stopping threads took: 0.0001144 seconds
2017-08-01T03:17:20.035+0000: 15991.608: Total time for which application threads were stopped: 0.0001310 seconds, Stopping threads took: 0.0000284 seconds
2017-08-01T03:17:20.035+0000: 15991.608: Total time for which application threads were stopped: 0.0000793 seconds, Stopping threads took: 0.0000310 seconds
2017-08-01T03:17:20.035+0000: 15991.608: Total time for which application threads were stopped: 0.0001056 seconds, Stopping threads took: 0.0000480 seconds
2017-08-01T03:17:20.035+0000: 15991.608: Total time for which application threads were stopped: 0.0000657 seconds, Stopping threads took: 0.0000200 seconds
2017-08-01T03:17:20.035+0000: 15991.609: Total time for which application threads were stopped: 0.0001045 seconds, Stopping threads took: 0.0000494 seconds
2017-08-01T03:17:20.035+0000: 15991.609: Total time for which application threads were stopped: 0.0000698 seconds, Stopping threads took: 0.0000181 seconds
2017-08-01T03:17:20.036+0000: 15991.609: Total time for which application threads were stopped: 0.0001181 seconds, Stopping threads took: 0.0000467 seconds
2017-08-01T03:17:20.036+0000: 15991.609: Total time for which application threads were stopped: 0.0001125 seconds, Stopping threads took: 0.0000517 seconds
2017-08-01T03:17:20.036+0000: 15991.609: Total time for which application threads were stopped: 0.0000856 seconds, Stopping threads took: 0.0000182 seconds
2017-08-01T03:17:20.036+0000: 15991.609: Total time for which application threads were stopped: 0.0000899 seconds, Stopping threads took: 0.0000396 seconds
2017-08-01T03:17:20.036+0000: 15991.609: Total time for which application threads were stopped: 0.0000689 seconds, Stopping threads took: 0.0000201 seconds
2017-08-01T03:17:20.036+0000: 15991.609: Total time for which application threads were stopped: 0.0001052 seconds, Stopping threads took: 0.0000461 seconds
2017-08-01T03:17:20.036+0000: 15991.610: Total time for which application threads were stopped: 0.0001188 seconds, Stopping threads took: 0.0000582 seconds
2017-08-01T03:17:20.036+0000: 15991.610: Total time for which application threads were stopped: 0.0000695 seconds, Stopping threads took: 0.0000193 seconds
2017-08-01T03:17:20.037+0000: 15991.610: Total time for which application threads were stopped: 0.0001042 seconds, Stopping threads took: 0.0000444 seconds
2017-08-01T03:17:20.037+0000: 15991.610: Total time for which application threads were stopped: 0.0001040 seconds, Stopping threads took: 0.0000444 seconds
2017-08-01T03:17:20.037+0000: 15991.610: Total time for which application threads were stopped: 0.0000954 seconds, Stopping threads took: 0.0000416 seconds
2017-08-01T03:17:20.037+0000: 15991.610: Total time for which application threads were stopped: 0.0001081 seconds, Stopping threads took: 0.0000463 seconds
2017-08-01T03:17:20.037+0000: 15991.610: Total time for which application threads were stopped: 0.0000951 seconds, Stopping threads took: 0.0000455 seconds
2017-08-01T03:17:20.037+0000: 15991.611: Total time for which application threads were stopped: 0.0002148 seconds, Stopping threads took: 0.0000199 seconds
{Heap before GC invocations=237 (full 2):
 par new generation   total 153344K, used 144853K [0x0000000080000000, 0x000000008a660000, 0x000000008a660000)
  eden space 136320K, 100% used [0x0000000080000000, 0x0000000088520000, 0x0000000088520000)
  from space 17024K,  50% used [0x00000000895c0000, 0x0000000089e15408, 0x000000008a660000)
  to   space 17024K,   0% used [0x0000000088520000, 0x0000000088520000, 0x00000000895c0000)
 concurrent mark-sweep generation total 1926784K, used 280050K [0x000000008a660000, 0x0000000100000000, 0x0000000100000000)
 Metaspace       used 86783K, capacity 92508K, committed 92824K, reserved 1130496K
  class space    used 10447K, capacity 10835K, committed 10912K, reserved 1048576K
2017-08-01T03:18:45.095+0000: 16076.668: [GC (Allocation Failure) Before GC:
Statistics for BinaryTreeDictionary:
------------------------------------
Total Free Space: 210648624
Max   Chunk Size: 210648624
Number of Blocks: 1
Av.  Block  Size: 210648624
Tree      Height: 1
2017-08-01T03:18:45.095+0000: 16076.668: [ParNew
Desired survivor size 8716288 bytes, new threshold 6 (max 6)
- age   1:    1447688 bytes,    1447688 total
- age   2:     733488 bytes,    2181176 total
- age   3:     606576 bytes,    2787752 total
- age   4:     620464 bytes,    3408216 total
- age   5:     539640 bytes,    3947856 total
- age   6:     527560 bytes,    4475416 total
: 144853K->5364K(153344K), 0.0233101 secs] 424903K->285993K(2080128K)After GC:
Statistics for BinaryTreeDictionary:
------------------------------------
Total Free Space: 210571444
Max   Chunk Size: 210571444
Number of Blocks: 1
Av.  Block  Size: 210571444
Tree      Height: 1
, 0.0233889 secs] [Times: user=0.06 sys=0.00, real=0.02 secs] 
Heap after GC invocations=238 (full 2):
 par new generation   total 153344K, used 5364K [0x0000000080000000, 0x000000008a660000, 0x000000008a660000)
  eden space 136320K,   0% used [0x0000000080000000, 0x0000000080000000, 0x0000000088520000)
  from space 17024K,  31% used [0x0000000088520000, 0x0000000088a5d398, 0x00000000895c0000)
  to   space 17024K,   0% used [0x00000000895c0000, 0x00000000895c0000, 0x000000008a660000)
 concurrent mark-sweep generation total 1926784K, used 280628K [0x000000008a660000, 0x0000000100000000, 0x0000000100000000)
 Metaspace       used 86783K, capacity 92508K, committed 92824K, reserved 1130496K
  class space    used 10447K, capacity 10835K, committed 10912K, reserved 1048576K
}
2017-08-01T03:18:45.118+0000: 16076.692: Total time for which application threads were stopped: 0.0236931 seconds, Stopping threads took: 0.0000745 seconds
2017-08-01T03:18:45.119+0000: 16076.692: Total time for which application threads were stopped: 0.0001254 seconds, Stopping threads took: 0.0000291 seconds
2017-08-01T03:18:45.119+0000: 16076.692: Total time for which application threads were stopped: 0.0000692 seconds, Stopping threads took: 0.0000206 seconds
2017-08-01T03:18:45.119+0000: 16076.692: Total time for which application threads were stopped: 0.0001151 seconds, Stopping threads took: 0.0000557 seconds
2017-08-01T03:18:45.119+0000: 16076.693: Total time for which application threads were stopped: 0.0000783 seconds, Stopping threads took: 0.0000282 seconds
2017-08-01T03:18:45.119+0000: 16076.693: Total time for which application threads were stopped: 0.0001118 seconds, Stopping threads took: 0.0000479 seconds
2017-08-01T03:18:45.120+0000: 16076.693: Total time for which application threads were stopped: 0.0001006 seconds, Stopping threads took: 0.0000334 seconds
2017-08-01T03:18:45.120+0000: 16076.693: Total time for which application threads were stopped: 0.0001115 seconds, Stopping threads took: 0.0000469 seconds
2017-08-01T03:18:45.120+0000: 16076.693: Total time for which application threads were stopped: 0.0000848 seconds, Stopping threads took: 0.0000209 seconds
2017-08-01T03:18:45.120+0000: 16076.693: Total time for which application threads were stopped: 0.0000891 seconds, Stopping threads took: 0.0000273 seconds
2017-08-01T03:18:45.120+0000: 16076.693: Total time for which application threads were stopped: 0.0000941 seconds, Stopping threads took: 0.0000417 seconds
2017-08-01T03:18:45.120+0000: 16076.694: Total time for which application threads were stopped: 0.0001637 seconds, Stopping threads took: 0.0000963 seconds
2017-08-01T03:18:45.120+0000: 16076.694: Total time for which application threads were stopped: 0.0001023 seconds, Stopping threads took: 0.0000387 seconds
2017-08-01T03:18:45.120+0000: 16076.694: Total time for which application threads were stopped: 0.0001035 seconds, Stopping threads took: 0.0000431 seconds
2017-08-01T03:18:45.121+0000: 16076.694: Total time for which application threads were stopped: 0.0001036 seconds, Stopping threads took: 0.0000435 seconds
2017-08-01T03:18:45.121+0000: 16076.694: Total time for which application threads were stopped: 0.0000696 seconds, Stopping threads took: 0.0000191 seconds
2017-08-01T03:18:45.121+0000: 16076.694: Total time for which application threads were stopped: 0.0000729 seconds, Stopping threads took: 0.0000219 seconds
2017-08-01T03:18:45.121+0000: 16076.694: Total time for which application threads were stopped: 0.0001426 seconds, Stopping threads took: 0.0000723 seconds
2017-08-01T03:18:45.121+0000: 16076.694: Total time for which application threads were stopped: 0.0000799 seconds, Stopping threads took: 0.0000303 seconds
2017-08-01T03:18:45.121+0000: 16076.695: Total time for which application threads were stopped: 0.0001064 seconds, Stopping threads took: 0.0000455 seconds
2017-08-01T03:18:45.122+0000: 16076.695: Total time for which application threads were stopped: 0.0002521 seconds, Stopping threads took: 0.0000411 seconds
2017-08-01T03:18:51.266+0000: 16082.839: Total time for which application threads were stopped: 0.0001991 seconds, Stopping threads took: 0.0000455 seconds
2017-08-01T03:18:51.266+0000: 16082.840: Total time for which application threads were stopped: 0.0001398 seconds, Stopping threads took: 0.0000446 seconds
2017-08-01T03:18:51.266+0000: 16082.840: Total time for which application threads were stopped: 0.0000922 seconds, Stopping threads took: 0.0000219 seconds
2017-08-01T03:18:51.267+0000: 16082.840: Total time for which application threads were stopped: 0.0001093 seconds, Stopping threads took: 0.0000277 seconds
2017-08-01T03:18:51.267+0000: 16082.840: Total time for which application threads were stopped: 0.0000927 seconds, Stopping threads took: 0.0000243 seconds
2017-08-01T03:18:51.267+0000: 16082.840: Total time for which application threads were stopped: 0.0001213 seconds, Stopping threads took: 0.0000376 seconds
2017-08-01T03:18:52.286+0000: 16083.859: Total time for which application threads were stopped: 0.0001786 seconds, Stopping threads took: 0.0000384 seconds
2017-08-01T03:18:52.286+0000: 16083.860: Total time for which application threads were stopped: 0.0000702 seconds, Stopping threads took: 0.0000196 seconds
2017-08-01T03:18:52.286+0000: 16083.860: Total time for which application threads were stopped: 0.0000688 seconds, Stopping threads took: 0.0000182 seconds
2017-08-01T03:18:52.286+0000: 16083.860: Total time for which application threads were stopped: 0.0000671 seconds, Stopping threads took: 0.0000178 seconds
2017-08-01T03:18:52.287+0000: 16083.860: Total time for which application threads were stopped: 0.0000936 seconds, Stopping threads took: 0.0000194 seconds
2017-08-01T03:18:52.287+0000: 16083.860: Total time for which application threads were stopped: 0.0000917 seconds, Stopping threads took: 0.0000182 seconds
2017-08-01T03:19:41.292+0000: 16132.865: Total time for which application threads were stopped: 0.0001474 seconds, Stopping threads took: 0.0000436 seconds
2017-08-01T03:19:52.294+0000: 16143.867: Total time for which application threads were stopped: 0.0001639 seconds, Stopping threads took: 0.0000408 seconds
{Heap before GC invocations=238 (full 2):
 par new generation   total 153344K, used 141684K [0x0000000080000000, 0x000000008a660000, 0x000000008a660000)
  eden space 136320K, 100% used [0x0000000080000000, 0x0000000088520000, 0x0000000088520000)
  from space 17024K,  31% used [0x0000000088520000, 0x0000000088a5d398, 0x00000000895c0000)
  to   space 17024K,   0% used [0x00000000895c0000, 0x00000000895c0000, 0x000000008a660000)
 concurrent mark-sweep generation total 1926784K, used 280628K [0x000000008a660000, 0x0000000100000000, 0x0000000100000000)
 Metaspace       used 86783K, capacity 92508K, committed 92824K, reserved 1130496K
  class space    used 10447K, capacity 10835K, committed 10912K, reserved 1048576K
2017-08-01T03:20:02.844+0000: 16154.417: [GC (Allocation Failure) Before GC:
Statistics for BinaryTreeDictionary:
------------------------------------
Total Free Space: 210571444
Max   Chunk Size: 210571444
Number of Blocks: 1
Av.  Block  Size: 210571444
Tree      Height: 1
2017-08-01T03:20:02.844+0000: 16154.417: [ParNew
Desired survivor size 8716288 bytes, new threshold 6 (max 6)
- age   1:    1386616 bytes,    1386616 total
- age   2:     663544 bytes,    2050160 total
- age   3:     676488 bytes,    2726648 total
- age   4:     561104 bytes,    3287752 total
- age   5:     606048 bytes,    3893800 total
- age   6:     529872 bytes,    4423672 total
: 141684K->7932K(153344K), 0.0285394 secs] 422313K->289077K(2080128K)After GC:
Statistics for BinaryTreeDictionary:
------------------------------------
Total Free Space: 210508018
Max   Chunk Size: 210508018
Number of Blocks: 1
Av.  Block  Size: 210508018
Tree      Height: 1
, 0.0286370 secs] [Times: user=0.05 sys=0.00, real=0.02 secs] 
Heap after GC invocations=239 (full 2):
 par new generation   total 153344K, used 7932K [0x0000000080000000, 0x000000008a660000, 0x000000008a660000)
  eden space 136320K,   0% used [0x0000000080000000, 0x0000000080000000, 0x0000000088520000)
  from space 17024K,  46% used [0x00000000895c0000, 0x0000000089d7f0a0, 0x000000008a660000)
  to   space 17024K,   0% used [0x0000000088520000, 0x0000000088520000, 0x00000000895c0000)
 concurrent mark-sweep generation total 1926784K, used 281144K [0x000000008a660000, 0x0000000100000000, 0x0000000100000000)
 Metaspace       used 86783K, capacity 92508K, committed 92824K, reserved 1130496K
  class space    used 10447K, capacity 10835K, committed 10912K, reserved 1048576K
}
2017-08-01T03:20:02.872+0000: 16154.445: Total time for which application threads were stopped: 0.0288804 seconds, Stopping threads took: 0.0000398 seconds
2017-08-01T03:20:02.872+0000: 16154.446: Total time for which application threads were stopped: 0.0001625 seconds, Stopping threads took: 0.0000604 seconds
2017-08-01T03:20:02.873+0000: 16154.446: Total time for which application threads were stopped: 0.0000927 seconds, Stopping threads took: 0.0000371 seconds
2017-08-01T03:20:02.873+0000: 16154.446: Total time for which application threads were stopped: 0.0001041 seconds, Stopping threads took: 0.0000500 seconds
2017-08-01T03:20:02.873+0000: 16154.446: Total time for which application threads were stopped: 0.0001022 seconds, Stopping threads took: 0.0000230 seconds
2017-08-01T03:20:02.873+0000: 16154.446: Total time for which application threads were stopped: 0.0000872 seconds, Stopping threads took: 0.0000254 seconds
2017-08-01T03:20:02.873+0000: 16154.446: Total time for which application threads were stopped: 0.0000676 seconds, Stopping threads took: 0.0000195 seconds
2017-08-01T03:20:02.873+0000: 16154.446: Total time for which application threads were stopped: 0.0000912 seconds, Stopping threads took: 0.0000353 seconds
2017-08-01T03:20:02.873+0000: 16154.447: Total time for which application threads were stopped: 0.0000928 seconds, Stopping threads took: 0.0000368 seconds
2017-08-01T03:20:02.874+0000: 16154.447: Total time for which application threads were stopped: 0.0000766 seconds, Stopping threads took: 0.0000286 seconds
2017-08-01T03:20:02.874+0000: 16154.447: Total time for which application threads were stopped: 0.0000631 seconds, Stopping threads took: 0.0000179 seconds
2017-08-01T03:20:02.874+0000: 16154.447: Total time for which application threads were stopped: 0.0000931 seconds, Stopping threads took: 0.0000287 seconds
2017-08-01T03:20:02.874+0000: 16154.447: Total time for which application threads were stopped: 0.0000914 seconds, Stopping threads took: 0.0000432 seconds
2017-08-01T03:20:02.874+0000: 16154.447: Total time for which application threads were stopped: 0.0001552 seconds, Stopping threads took: 0.0000974 seconds
2017-08-01T03:20:02.874+0000: 16154.447: Total time for which application threads were stopped: 0.0000891 seconds, Stopping threads took: 0.0000254 seconds
2017-08-01T03:20:02.874+0000: 16154.447: Total time for which application threads were stopped: 0.0000674 seconds, Stopping threads took: 0.0000193 seconds
2017-08-01T03:20:02.874+0000: 16154.448: Total time for which application threads were stopped: 0.0001052 seconds, Stopping threads took: 0.0000476 seconds
2017-08-01T03:20:02.874+0000: 16154.448: Total time for which application threads were stopped: 0.0000868 seconds, Stopping threads took: 0.0000294 seconds
2017-08-01T03:20:02.875+0000: 16154.448: Total time for which application threads were stopped: 0.0001031 seconds, Stopping threads took: 0.0000288 seconds
2017-08-01T03:20:02.875+0000: 16154.448: Total time for which application threads were stopped: 0.0000682 seconds, Stopping threads took: 0.0000207 seconds
2017-08-01T03:20:02.875+0000: 16154.448: Total time for which application threads were stopped: 0.0002114 seconds, Stopping threads took: 0.0000452 seconds
2017-08-01T03:21:23.884+0000: 16235.457: Total time for which application threads were stopped: 0.0001606 seconds, Stopping threads took: 0.0000582 seconds
{Heap before GC invocations=239 (full 2):
 par new generation   total 153344K, used 144252K [0x0000000080000000, 0x000000008a660000, 0x000000008a660000)
  eden space 136320K, 100% used [0x0000000080000000, 0x0000000088520000, 0x0000000088520000)
  from space 17024K,  46% used [0x00000000895c0000, 0x0000000089d7f0a0, 0x000000008a660000)
  to   space 17024K,   0% used [0x0000000088520000, 0x0000000088520000, 0x00000000895c0000)
 concurrent mark-sweep generation total 1926784K, used 281144K [0x000000008a660000, 0x0000000100000000, 0x0000000100000000)
 Metaspace       used 86783K, capacity 92508K, committed 92824K, reserved 1130496K
  class space    used 10447K, capacity 10835K, committed 10912K, reserved 1048576K
2017-08-01T03:21:28.139+0000: 16239.712: [GC (Allocation Failure) Before GC:
Statistics for BinaryTreeDictionary:
------------------------------------
Total Free Space: 210508018
Max   Chunk Size: 210508018
Number of Blocks: 1
Av.  Block  Size: 210508018
Tree      Height: 1
2017-08-01T03:21:28.139+0000: 16239.712: [ParNew
Desired survivor size 8716288 bytes, new threshold 6 (max 6)
- age   1:    1432776 bytes,    1432776 total
- age   2:     652872 bytes,    2085648 total
- age   3:     602672 bytes,    2688320 total
- age   4:     629008 bytes,    3317328 total
- age   5:     499256 bytes,    3816584 total
- age   6:     592984 bytes,    4409568 total
: 144252K->5224K(153344K), 0.0238348 secs] 425397K->286886K(2080128K)After GC:
Statistics for BinaryTreeDictionary:
------------------------------------
Total Free Space: 210440668
Max   Chunk Size: 210440668
Number of Blocks: 1
Av.  Block  Size: 210440668
Tree      Height: 1
, 0.0239352 secs] [Times: user=0.06 sys=0.00, real=0.03 secs] 
Heap after GC invocations=240 (full 2):
 par new generation   total 153344K, used 5224K [0x0000000080000000, 0x000000008a660000, 0x000000008a660000)
  eden space 136320K,   0% used [0x0000000080000000, 0x0000000080000000, 0x0000000088520000)
  from space 17024K,  30% used [0x0000000088520000, 0x0000000088a3a048, 0x00000000895c0000)
  to   space 17024K,   0% used [0x00000000895c0000, 0x00000000895c0000, 0x000000008a660000)
 concurrent mark-sweep generation total 1926784K, used 281662K [0x000000008a660000, 0x0000000100000000, 0x0000000100000000)
 Metaspace       used 86783K, capacity 92508K, committed 92824K, reserved 1130496K
  class space    used 10447K, capacity 10835K, committed 10912K, reserved 1048576K
}
2017-08-01T03:21:28.163+0000: 16239.736: Total time for which application threads were stopped: 0.0241952 seconds, Stopping threads took: 0.0000478 seconds
2017-08-01T03:21:28.163+0000: 16239.737: Total time for which application threads were stopped: 0.0001330 seconds, Stopping threads took: 0.0000373 seconds
2017-08-01T03:21:28.164+0000: 16239.737: Total time for which application threads were stopped: 0.0000897 seconds, Stopping threads took: 0.0000268 seconds
2017-08-01T03:21:28.164+0000: 16239.737: Total time for which application threads were stopped: 0.0000789 seconds, Stopping threads took: 0.0000268 seconds
2017-08-01T03:21:28.170+0000: 16239.743: Total time for which application threads were stopped: 0.0001085 seconds, Stopping threads took: 0.0000449 seconds
2017-08-01T03:21:28.170+0000: 16239.743: Total time for which application threads were stopped: 0.0000700 seconds, Stopping threads took: 0.0000218 seconds
2017-08-01T03:21:28.170+0000: 16239.743: Total time for which application threads were stopped: 0.0000674 seconds, Stopping threads took: 0.0000207 seconds
2017-08-01T03:21:28.170+0000: 16239.743: Total time for which application threads were stopped: 0.0000910 seconds, Stopping threads took: 0.0000199 seconds
2017-08-01T03:21:28.170+0000: 16239.744: Total time for which application threads were stopped: 0.0001207 seconds, Stopping threads took: 0.0000457 seconds
2017-08-01T03:21:28.170+0000: 16239.744: Total time for which application threads were stopped: 0.0000682 seconds, Stopping threads took: 0.0000216 seconds
2017-08-01T03:21:28.170+0000: 16239.744: Total time for which application threads were stopped: 0.0000639 seconds, Stopping threads took: 0.0000175 seconds
2017-08-01T03:21:28.171+0000: 16239.744: Total time for which application threads were stopped: 0.0001058 seconds, Stopping threads took: 0.0000394 seconds
2017-08-01T03:21:28.171+0000: 16239.744: Total time for which application threads were stopped: 0.0000704 seconds, Stopping threads took: 0.0000211 seconds
2017-08-01T03:21:28.171+0000: 16239.744: Total time for which application threads were stopped: 0.0000939 seconds, Stopping threads took: 0.0000358 seconds
2017-08-01T03:21:28.171+0000: 16239.744: Total time for which application threads were stopped: 0.0001187 seconds, Stopping threads took: 0.0000350 seconds
2017-08-01T03:21:28.171+0000: 16239.745: Total time for which application threads were stopped: 0.0000720 seconds, Stopping threads took: 0.0000237 seconds
2017-08-01T03:21:28.171+0000: 16239.745: Total time for which application threads were stopped: 0.0000624 seconds, Stopping threads took: 0.0000171 seconds
2017-08-01T03:21:28.172+0000: 16239.745: Total time for which application threads were stopped: 0.0000667 seconds, Stopping threads took: 0.0000201 seconds
2017-08-01T03:21:28.172+0000: 16239.745: Total time for which application threads were stopped: 0.0000625 seconds, Stopping threads took: 0.0000174 seconds
2017-08-01T03:21:28.172+0000: 16239.745: Total time for which application threads were stopped: 0.0000994 seconds, Stopping threads took: 0.0000392 seconds
2017-08-01T03:21:28.172+0000: 16239.745: Total time for which application threads were stopped: 0.0002482 seconds, Stopping threads took: 0.0000575 seconds
2017-08-01T03:22:47.036+0000: 16318.610: Total time for which application threads were stopped: 0.0004401 seconds, Stopping threads took: 0.0000613 seconds
2017-08-01T03:22:47.042+0000: 16318.615: Total time for which application threads were stopped: 0.0001272 seconds, Stopping threads took: 0.0000366 seconds
2017-08-01T03:22:47.042+0000: 16318.615: Total time for which application threads were stopped: 0.0000919 seconds, Stopping threads took: 0.0000203 seconds
2017-08-01T03:22:47.042+0000: 16318.615: Total time for which application threads were stopped: 0.0000834 seconds, Stopping threads took: 0.0000180 seconds
2017-08-01T03:22:47.042+0000: 16318.616: Total time for which application threads were stopped: 0.0000892 seconds, Stopping threads took: 0.0000224 seconds
2017-08-01T03:22:47.043+0000: 16318.616: Total time for which application threads were stopped: 0.0000928 seconds, Stopping threads took: 0.0000197 seconds
2017-08-01T03:22:48.057+0000: 16319.630: Total time for which application threads were stopped: 0.0001559 seconds, Stopping threads took: 0.0000414 seconds
2017-08-01T03:22:48.057+0000: 16319.630: Total time for which application threads were stopped: 0.0000921 seconds, Stopping threads took: 0.0000218 seconds
2017-08-01T03:22:48.057+0000: 16319.630: Total time for which application threads were stopped: 0.0000717 seconds, Stopping threads took: 0.0000202 seconds
2017-08-01T03:22:48.057+0000: 16319.630: Total time for which application threads were stopped: 0.0000887 seconds, Stopping threads took: 0.0000193 seconds
2017-08-01T03:22:48.057+0000: 16319.630: Total time for which application threads were stopped: 0.0000707 seconds, Stopping threads took: 0.0000196 seconds
2017-08-01T03:22:48.057+0000: 16319.631: Total time for which application threads were stopped: 0.0000779 seconds, Stopping threads took: 0.0000173 seconds
2017-08-01T03:22:48.076+0000: 16319.649: Total time for which application threads were stopped: 0.0001879 seconds, Stopping threads took: 0.0000541 seconds
{Heap before GC invocations=240 (full 2):
 par new generation   total 153344K, used 141544K [0x0000000080000000, 0x000000008a660000, 0x000000008a660000)
  eden space 136320K, 100% used [0x0000000080000000, 0x0000000088520000, 0x0000000088520000)
  from space 17024K,  30% used [0x0000000088520000, 0x0000000088a3a048, 0x00000000895c0000)
  to   space 17024K,   0% used [0x00000000895c0000, 0x00000000895c0000, 0x000000008a660000)
 concurrent mark-sweep generation total 1926784K, used 281662K [0x000000008a660000, 0x0000000100000000, 0x0000000100000000)
 Metaspace       used 86783K, capacity 92508K, committed 92824K, reserved 1130496K
  class space    used 10447K, capacity 10835K, committed 10912K, reserved 1048576K
2017-08-01T03:22:50.663+0000: 16322.236: [GC (Allocation Failure) Before GC:
Statistics for BinaryTreeDictionary:
------------------------------------
Total Free Space: 210440668
Max   Chunk Size: 210440668
Number of Blocks: 1
Av.  Block  Size: 210440668
Tree      Height: 1
2017-08-01T03:22:50.663+0000: 16322.237: [ParNew
Desired survivor size 8716288 bytes, new threshold 6 (max 6)
- age   1:    1333728 bytes,    1333728 total
- age   2:     702408 bytes,    2036136 total
- age   3:     603120 bytes,    2639256 total
- age   4:     578648 bytes,    3217904 total
- age   5:     565680 bytes,    3783584 total
- age   6:     490032 bytes,    4273616 total
: 141544K->5759K(153344K), 0.0350235 secs] 423206K->288003K(2080128K)After GC:
Statistics for BinaryTreeDictionary:
------------------------------------
Total Free Space: 210363327
Max   Chunk Size: 210363327
Number of Blocks: 1
Av.  Block  Size: 210363327
Tree      Height: 1
, 0.0351253 secs] [Times: user=0.06 sys=0.00, real=0.03 secs] 
Heap after GC invocations=241 (full 2):
 par new generation   total 153344K, used 5759K [0x0000000080000000, 0x000000008a660000, 0x000000008a660000)
  eden space 136320K,   0% used [0x0000000080000000, 0x0000000080000000, 0x0000000088520000)
  from space 17024K,  33% used [0x00000000895c0000, 0x0000000089b5fe60, 0x000000008a660000)
  to   space 17024K,   0% used [0x0000000088520000, 0x0000000088520000, 0x00000000895c0000)
 concurrent mark-sweep generation total 1926784K, used 282244K [0x000000008a660000, 0x0000000100000000, 0x0000000100000000)
 Metaspace       used 86783K, capacity 92508K, committed 92824K, reserved 1130496K
  class space    used 10447K, capacity 10835K, committed 10912K, reserved 1048576K
}
2017-08-01T03:22:50.698+0000: 16322.272: Total time for which application threads were stopped: 0.0353841 seconds, Stopping threads took: 0.0000374 seconds
2017-08-01T03:22:50.716+0000: 16322.289: Total time for which application threads were stopped: 0.0002072 seconds, Stopping threads took: 0.0000554 seconds
2017-08-01T03:22:50.716+0000: 16322.290: Total time for which application threads were stopped: 0.0000932 seconds, Stopping threads took: 0.0000151 seconds
2017-08-01T03:22:50.716+0000: 16322.290: Total time for which application threads were stopped: 0.0001019 seconds, Stopping threads took: 0.0000139 seconds
2017-08-01T03:22:50.717+0000: 16322.290: Total time for which application threads were stopped: 0.0000890 seconds, Stopping threads took: 0.0000136 seconds
2017-08-01T03:22:50.717+0000: 16322.290: Total time for which application threads were stopped: 0.0000991 seconds, Stopping threads took: 0.0000123 seconds
2017-08-01T03:22:50.717+0000: 16322.290: Total time for which application threads were stopped: 0.0000879 seconds, Stopping threads took: 0.0000133 seconds
2017-08-01T03:22:50.717+0000: 16322.290: Total time for which application threads were stopped: 0.0000997 seconds, Stopping threads took: 0.0000123 seconds
2017-08-01T03:22:50.717+0000: 16322.290: Total time for which application threads were stopped: 0.0000872 seconds, Stopping threads took: 0.0000133 seconds
2017-08-01T03:22:50.717+0000: 16322.290: Total time for which application threads were stopped: 0.0000993 seconds, Stopping threads took: 0.0000124 seconds
2017-08-01T03:22:50.717+0000: 16322.291: Total time for which application threads were stopped: 0.0000874 seconds, Stopping threads took: 0.0000132 seconds
2017-08-01T03:22:50.717+0000: 16322.291: Total time for which application threads were stopped: 0.0001007 seconds, Stopping threads took: 0.0000130 seconds
2017-08-01T03:22:50.717+0000: 16322.291: Total time for which application threads were stopped: 0.0000864 seconds, Stopping threads took: 0.0000129 seconds
2017-08-01T03:22:50.718+0000: 16322.291: Total time for which application threads were stopped: 0.0000994 seconds, Stopping threads took: 0.0000126 seconds
2017-08-01T03:22:50.718+0000: 16322.291: Total time for which application threads were stopped: 0.0000863 seconds, Stopping threads took: 0.0000126 seconds
2017-08-01T03:22:50.718+0000: 16322.291: Total time for which application threads were stopped: 0.0000997 seconds, Stopping threads took: 0.0000125 seconds
2017-08-01T03:22:50.718+0000: 16322.291: Total time for which application threads were stopped: 0.0000865 seconds, Stopping threads took: 0.0000133 seconds
2017-08-01T03:22:50.718+0000: 16322.291: Total time for which application threads were stopped: 0.0000986 seconds, Stopping threads took: 0.0000122 seconds
2017-08-01T03:22:50.718+0000: 16322.291: Total time for which application threads were stopped: 0.0000868 seconds, Stopping threads took: 0.0000129 seconds
2017-08-01T03:22:50.718+0000: 16322.292: Total time for which application threads were stopped: 0.0000965 seconds, Stopping threads took: 0.0000126 seconds
2017-08-01T03:22:50.719+0000: 16322.292: Total time for which application threads were stopped: 0.0003584 seconds, Stopping threads took: 0.0000132 seconds
2017-08-01T03:22:57.720+0000: 16329.293: Total time for which application threads were stopped: 0.0001906 seconds, Stopping threads took: 0.0000546 seconds
2017-08-01T03:23:08.721+0000: 16340.294: Total time for which application threads were stopped: 0.0001588 seconds, Stopping threads took: 0.0000398 seconds
2017-08-01T03:23:12.722+0000: 16344.295: Total time for which application threads were stopped: 0.0001488 seconds, Stopping threads took: 0.0000435 seconds
{Heap before GC invocations=241 (full 2):
 par new generation   total 153344K, used 142079K [0x0000000080000000, 0x000000008a660000, 0x000000008a660000)
  eden space 136320K, 100% used [0x0000000080000000, 0x0000000088520000, 0x0000000088520000)
  from space 17024K,  33% used [0x00000000895c0000, 0x0000000089b5fe60, 0x000000008a660000)
  to   space 17024K,   0% used [0x0000000088520000, 0x0000000088520000, 0x00000000895c0000)
 concurrent mark-sweep generation total 1926784K, used 282244K [0x000000008a660000, 0x0000000100000000, 0x0000000100000000)
 Metaspace       used 86786K, capacity 92508K, committed 92824K, reserved 1130496K
  class space    used 10447K, capacity 10835K, committed 10912K, reserved 1048576K
2017-08-01T03:24:10.162+0000: 16401.735: [GC (Allocation Failure) Before GC:
Statistics for BinaryTreeDictionary:
------------------------------------
Total Free Space: 210363327
Max   Chunk Size: 210363327
Number of Blocks: 1
Av.  Block  Size: 210363327
Tree      Height: 1
2017-08-01T03:24:10.162+0000: 16401.735: [ParNew
Desired survivor size 8716288 bytes, new threshold 6 (max 6)
- age   1:    1408120 bytes,    1408120 total
- age   2:     642920 bytes,    2051040 total
- age   3:     643592 bytes,    2694632 total
- age   4:     562432 bytes,    3257064 total
- age   5:     563400 bytes,    3820464 total
- age   6:     555856 bytes,    4376320 total
: 142079K->6175K(153344K), 0.0225370 secs] 424323K->288899K(2080128K)After GC:
Statistics for BinaryTreeDictionary:
------------------------------------
Total Free Space: 210305538
Max   Chunk Size: 210305538
Number of Blocks: 1
Av.  Block  Size: 210305538
Tree      Height: 1
, 0.0226435 secs] [Times: user=0.05 sys=0.00, real=0.03 secs] 
Heap after GC invocations=242 (full 2):
 par new generation   total 153344K, used 6175K [0x0000000080000000, 0x000000008a660000, 0x000000008a660000)
  eden space 136320K,   0% used [0x0000000080000000, 0x0000000080000000, 0x0000000088520000)
  from space 17024K,  36% used [0x0000000088520000, 0x0000000088b27e60, 0x00000000895c0000)
  to   space 17024K,   0% used [0x00000000895c0000, 0x00000000895c0000, 0x000000008a660000)
 concurrent mark-sweep generation total 1926784K, used 282723K [0x000000008a660000, 0x0000000100000000, 0x0000000100000000)
 Metaspace       used 86786K, capacity 92508K, committed 92824K, reserved 1130496K
  class space    used 10447K, capacity 10835K, committed 10912K, reserved 1048576K
}
2017-08-01T03:24:10.185+0000: 16401.758: Total time for which application threads were stopped: 0.0229078 seconds, Stopping threads took: 0.0000703 seconds
2017-08-01T03:24:10.190+0000: 16401.763: Total time for which application threads were stopped: 0.0001953 seconds, Stopping threads took: 0.0000693 seconds
2017-08-01T03:24:10.190+0000: 16401.763: Total time for which application threads were stopped: 0.0000731 seconds, Stopping threads took: 0.0000193 seconds
2017-08-01T03:24:10.190+0000: 16401.763: Total time for which application threads were stopped: 0.0001070 seconds, Stopping threads took: 0.0000475 seconds
2017-08-01T03:24:10.190+0000: 16401.763: Total time for which application threads were stopped: 0.0000698 seconds, Stopping threads took: 0.0000233 seconds
2017-08-01T03:24:10.190+0000: 16401.764: Total time for which application threads were stopped: 0.0000647 seconds, Stopping threads took: 0.0000191 seconds
2017-08-01T03:24:10.190+0000: 16401.764: Total time for which application threads were stopped: 0.0000901 seconds, Stopping threads took: 0.0000190 seconds
2017-08-01T03:24:10.191+0000: 16401.764: Total time for which application threads were stopped: 0.0001032 seconds, Stopping threads took: 0.0000322 seconds
2017-08-01T03:24:10.191+0000: 16401.764: Total time for which application threads were stopped: 0.0000973 seconds, Stopping threads took: 0.0000316 seconds
2017-08-01T03:24:10.191+0000: 16401.764: Total time for which application threads were stopped: 0.0000637 seconds, Stopping threads took: 0.0000186 seconds
2017-08-01T03:24:10.191+0000: 16401.764: Total time for which application threads were stopped: 0.0001060 seconds, Stopping threads took: 0.0000404 seconds
2017-08-01T03:24:10.191+0000: 16401.764: Total time for which application threads were stopped: 0.0000707 seconds, Stopping threads took: 0.0000193 seconds
2017-08-01T03:24:10.191+0000: 16401.765: Total time for which application threads were stopped: 0.0000664 seconds, Stopping threads took: 0.0000207 seconds
2017-08-01T03:24:10.191+0000: 16401.765: Total time for which application threads were stopped: 0.0000909 seconds, Stopping threads took: 0.0000184 seconds
2017-08-01T03:24:10.191+0000: 16401.765: Total time for which application threads were stopped: 0.0000698 seconds, Stopping threads took: 0.0000221 seconds
2017-08-01T03:24:10.192+0000: 16401.765: Total time for which application threads were stopped: 0.0001004 seconds, Stopping threads took: 0.0000274 seconds
2017-08-01T03:24:10.192+0000: 16401.765: Total time for which application threads were stopped: 0.0000746 seconds, Stopping threads took: 0.0000229 seconds
2017-08-01T03:24:10.192+0000: 16401.766: Total time for which application threads were stopped: 0.0000728 seconds, Stopping threads took: 0.0000223 seconds
2017-08-01T03:24:10.192+0000: 16401.766: Total time for which application threads were stopped: 0.0000675 seconds, Stopping threads took: 0.0000208 seconds
2017-08-01T03:24:10.192+0000: 16401.766: Total time for which application threads were stopped: 0.0000920 seconds, Stopping threads took: 0.0000192 seconds
2017-08-01T03:24:10.193+0000: 16401.766: Total time for which application threads were stopped: 0.0002013 seconds, Stopping threads took: 0.0000215 seconds
2017-08-01T03:24:54.199+0000: 16445.772: Total time for which application threads were stopped: 0.0001709 seconds, Stopping threads took: 0.0000605 seconds
{Heap before GC invocations=242 (full 2):
 par new generation   total 153344K, used 142495K [0x0000000080000000, 0x000000008a660000, 0x000000008a660000)
  eden space 136320K, 100% used [0x0000000080000000, 0x0000000088520000, 0x0000000088520000)
  from space 17024K,  36% used [0x0000000088520000, 0x0000000088b27e60, 0x00000000895c0000)
  to   space 17024K,   0% used [0x00000000895c0000, 0x00000000895c0000, 0x000000008a660000)
 concurrent mark-sweep generation total 1926784K, used 282723K [0x000000008a660000, 0x0000000100000000, 0x0000000100000000)
 Metaspace       used 86786K, capacity 92508K, committed 92824K, reserved 1130496K
  class space    used 10447K, capacity 10835K, committed 10912K, reserved 1048576K
2017-08-01T03:25:34.268+0000: 16485.841: [GC (Allocation Failure) Before GC:
Statistics for BinaryTreeDictionary:
------------------------------------
Total Free Space: 210305538
Max   Chunk Size: 210305538
Number of Blocks: 1
Av.  Block  Size: 210305538
Tree      Height: 1
2017-08-01T03:25:34.268+0000: 16485.841: [ParNew
Desired survivor size 8716288 bytes, new threshold 6 (max 6)
- age   1:    1443336 bytes,    1443336 total
- age   2:     664784 bytes,    2108120 total
- age   3:     573616 bytes,    2681736 total
- age   4:     597600 bytes,    3279336 total
- age   5:     501240 bytes,    3780576 total
- age   6:     551128 bytes,    4331704 total
: 142495K->6331K(153344K), 0.0232959 secs] 425219K->289597K(2080128K)After GC:
Statistics for BinaryTreeDictionary:
------------------------------------
Total Free Space: 210233976
Max   Chunk Size: 210233976
Number of Blocks: 1
Av.  Block  Size: 210233976
Tree      Height: 1
, 0.0233850 secs] [Times: user=0.05 sys=0.00, real=0.02 secs] 
Heap after GC invocations=243 (full 2):
 par new generation   total 153344K, used 6331K [0x0000000080000000, 0x000000008a660000, 0x000000008a660000)
  eden space 136320K,   0% used [0x0000000080000000, 0x0000000080000000, 0x0000000088520000)
  from space 17024K,  37% used [0x00000000895c0000, 0x0000000089beec00, 0x000000008a660000)
  to   space 17024K,   0% used [0x0000000088520000, 0x0000000088520000, 0x00000000895c0000)
 concurrent mark-sweep generation total 1926784K, used 283266K [0x000000008a660000, 0x0000000100000000, 0x0000000100000000)
 Metaspace       used 86786K, capacity 92508K, committed 92824K, reserved 1130496K
  class space    used 10447K, capacity 10835K, committed 10912K, reserved 1048576K
}
2017-08-01T03:25:34.291+0000: 16485.865: Total time for which application threads were stopped: 0.0236561 seconds, Stopping threads took: 0.0000698 seconds
2017-08-01T03:25:34.298+0000: 16485.871: Total time for which application threads were stopped: 0.0001647 seconds, Stopping threads took: 0.0000490 seconds
2017-08-01T03:25:34.298+0000: 16485.871: Total time for which application threads were stopped: 0.0000998 seconds, Stopping threads took: 0.0000422 seconds
2017-08-01T03:25:34.298+0000: 16485.871: Total time for which application threads were stopped: 0.0000659 seconds, Stopping threads took: 0.0000182 seconds
2017-08-01T03:25:34.298+0000: 16485.871: Total time for which application threads were stopped: 0.0000977 seconds, Stopping threads took: 0.0000411 seconds
2017-08-01T03:25:34.298+0000: 16485.871: Total time for which application threads were stopped: 0.0000635 seconds, Stopping threads took: 0.0000177 seconds
2017-08-01T03:25:34.298+0000: 16485.872: Total time for which application threads were stopped: 0.0000989 seconds, Stopping threads took: 0.0000424 seconds
2017-08-01T03:25:34.298+0000: 16485.872: Total time for which application threads were stopped: 0.0001060 seconds, Stopping threads took: 0.0000418 seconds
2017-08-01T03:25:34.299+0000: 16485.872: Total time for which application threads were stopped: 0.0001080 seconds, Stopping threads took: 0.0000422 seconds
2017-08-01T03:25:34.299+0000: 16485.872: Total time for which application threads were stopped: 0.0001000 seconds, Stopping threads took: 0.0000440 seconds
2017-08-01T03:25:34.299+0000: 16485.872: Total time for which application threads were stopped: 0.0000629 seconds, Stopping threads took: 0.0000175 seconds
2017-08-01T03:25:34.299+0000: 16485.872: Total time for which application threads were stopped: 0.0000963 seconds, Stopping threads took: 0.0000399 seconds
2017-08-01T03:25:34.299+0000: 16485.872: Total time for which application threads were stopped: 0.0000645 seconds, Stopping threads took: 0.0000187 seconds
2017-08-01T03:25:34.299+0000: 16485.872: Total time for which application threads were stopped: 0.0001004 seconds, Stopping threads took: 0.0000448 seconds
2017-08-01T03:25:34.299+0000: 16485.873: Total time for which application threads were stopped: 0.0000967 seconds, Stopping threads took: 0.0000410 seconds
2017-08-01T03:25:34.299+0000: 16485.873: Total time for which application threads were stopped: 0.0001078 seconds, Stopping threads took: 0.0000416 seconds
2017-08-01T03:25:34.300+0000: 16485.873: Total time for which application threads were stopped: 0.0000956 seconds, Stopping threads took: 0.0000402 seconds
2017-08-01T03:25:34.300+0000: 16485.873: Total time for which application threads were stopped: 0.0000945 seconds, Stopping threads took: 0.0000387 seconds
2017-08-01T03:25:34.300+0000: 16485.873: Total time for which application threads were stopped: 0.0000669 seconds, Stopping threads took: 0.0000207 seconds
2017-08-01T03:25:34.300+0000: 16485.873: Total time for which application threads were stopped: 0.0000953 seconds, Stopping threads took: 0.0000397 seconds
2017-08-01T03:25:34.300+0000: 16485.873: Total time for which application threads were stopped: 0.0002429 seconds, Stopping threads took: 0.0000599 seconds
2017-08-01T03:25:47.507+0000: 16499.080: Total time for which application threads were stopped: 0.0002474 seconds, Stopping threads took: 0.0000583 seconds
2017-08-01T03:25:47.507+0000: 16499.080: Total time for which application threads were stopped: 0.0001209 seconds, Stopping threads took: 0.0000229 seconds
2017-08-01T03:25:47.507+0000: 16499.080: Total time for which application threads were stopped: 0.0000897 seconds, Stopping threads took: 0.0000214 seconds
2017-08-01T03:25:47.507+0000: 16499.080: Total time for which application threads were stopped: 0.0000906 seconds, Stopping threads took: 0.0000212 seconds
2017-08-01T03:25:47.507+0000: 16499.081: Total time for which application threads were stopped: 0.0000924 seconds, Stopping threads took: 0.0000254 seconds
2017-08-01T03:25:47.507+0000: 16499.081: Total time for which application threads were stopped: 0.0001039 seconds, Stopping threads took: 0.0000273 seconds
2017-08-01T03:25:48.586+0000: 16500.159: Total time for which application threads were stopped: 0.0002004 seconds, Stopping threads took: 0.0000501 seconds
2017-08-01T03:25:48.586+0000: 16500.159: Total time for which application threads were stopped: 0.0000925 seconds, Stopping threads took: 0.0000192 seconds
2017-08-01T03:25:48.586+0000: 16500.160: Total time for which application threads were stopped: 0.0000994 seconds, Stopping threads took: 0.0000189 seconds
2017-08-01T03:25:48.586+0000: 16500.160: Total time for which application threads were stopped: 0.0000900 seconds, Stopping threads took: 0.0000180 seconds
2017-08-01T03:25:48.587+0000: 16500.160: Total time for which application threads were stopped: 0.0001038 seconds, Stopping threads took: 0.0000192 seconds
2017-08-01T03:25:48.587+0000: 16500.160: Total time for which application threads were stopped: 0.0001102 seconds, Stopping threads took: 0.0000183 seconds
{Heap before GC invocations=243 (full 2):
 par new generation   total 153344K, used 142651K [0x0000000080000000, 0x000000008a660000, 0x000000008a660000)
  eden space 136320K, 100% used [0x0000000080000000, 0x0000000088520000, 0x0000000088520000)
  from space 17024K,  37% used [0x00000000895c0000, 0x0000000089beec00, 0x000000008a660000)
  to   space 17024K,   0% used [0x0000000088520000, 0x0000000088520000, 0x00000000895c0000)
 concurrent mark-sweep generation total 1926784K, used 283266K [0x000000008a660000, 0x0000000100000000, 0x0000000100000000)
 Metaspace       used 86786K, capacity 92508K, committed 92824K, reserved 1130496K
  class space    used 10447K, capacity 10835K, committed 10912K, reserved 1048576K
2017-08-01T03:26:50.685+0000: 16562.259: [GC (Allocation Failure) Before GC:
Statistics for BinaryTreeDictionary:
------------------------------------
Total Free Space: 210233976
Max   Chunk Size: 210233976
Number of Blocks: 1
Av.  Block  Size: 210233976
Tree      Height: 1
2017-08-01T03:26:50.686+0000: 16562.259: [ParNew
Desired survivor size 8716288 bytes, new threshold 6 (max 6)
- age   1:    1306968 bytes,    1306968 total
- age   2:     766928 bytes,    2073896 total
- age   3:     614104 bytes,    2688000 total
- age   4:     551496 bytes,    3239496 total
- age   5:     537184 bytes,    3776680 total
- age   6:     490160 bytes,    4266840 total
: 142651K->6272K(153344K), 0.0239571 secs] 425917K->290080K(2080128K)After GC:
Statistics for BinaryTreeDictionary:
------------------------------------
Total Free Space: 210166333
Max   Chunk Size: 210166333
Number of Blocks: 1
Av.  Block  Size: 210166333
Tree      Height: 1
, 0.0240667 secs] [Times: user=0.06 sys=0.00, real=0.02 secs] 
Heap after GC invocations=244 (full 2):
 par new generation   total 153344K, used 6272K [0x0000000080000000, 0x000000008a660000, 0x000000008a660000)
  eden space 136320K,   0% used [0x0000000080000000, 0x0000000080000000, 0x0000000088520000)
  from space 17024K,  36% used [0x0000000088520000, 0x0000000088b403e0, 0x00000000895c0000)
  to   space 17024K,   0% used [0x00000000895c0000, 0x00000000895c0000, 0x000000008a660000)
 concurrent mark-sweep generation total 1926784K, used 283807K [0x000000008a660000, 0x0000000100000000, 0x0000000100000000)
 Metaspace       used 86786K, capacity 92508K, committed 92824K, reserved 1130496K
  class space    used 10447K, capacity 10835K, committed 10912K, reserved 1048576K
}
2017-08-01T03:26:50.710+0000: 16562.283: Total time for which application threads were stopped: 0.0359103 seconds, Stopping threads took: 0.0116238 seconds
2017-08-01T03:26:50.711+0000: 16562.285: Total time for which application threads were stopped: 0.0001477 seconds, Stopping threads took: 0.0000236 seconds
2017-08-01T03:26:50.712+0000: 16562.285: Total time for which application threads were stopped: 0.0000852 seconds, Stopping threads took: 0.0000138 seconds
2017-08-01T03:26:50.712+0000: 16562.285: Total time for which application threads were stopped: 0.0000831 seconds, Stopping threads took: 0.0000126 seconds
2017-08-01T03:26:50.712+0000: 16562.285: Total time for which application threads were stopped: 0.0000838 seconds, Stopping threads took: 0.0000130 seconds
2017-08-01T03:26:50.712+0000: 16562.285: Total time for which application threads were stopped: 0.0000981 seconds, Stopping threads took: 0.0000128 seconds
2017-08-01T03:26:50.712+0000: 16562.285: Total time for which application threads were stopped: 0.0000825 seconds, Stopping threads took: 0.0000123 seconds
2017-08-01T03:26:50.712+0000: 16562.285: Total time for which application threads were stopped: 0.0000832 seconds, Stopping threads took: 0.0000127 seconds
2017-08-01T03:26:50.712+0000: 16562.285: Total time for which application threads were stopped: 0.0000817 seconds, Stopping threads took: 0.0000122 seconds
2017-08-01T03:26:50.712+0000: 16562.286: Total time for which application threads were stopped: 0.0000822 seconds, Stopping threads took: 0.0000121 seconds
2017-08-01T03:26:50.712+0000: 16562.286: Total time for which application threads were stopped: 0.0000824 seconds, Stopping threads took: 0.0000128 seconds
2017-08-01T03:26:50.712+0000: 16562.286: Total time for which application threads were stopped: 0.0000809 seconds, Stopping threads took: 0.0000124 seconds
2017-08-01T03:26:50.713+0000: 16562.286: Total time for which application threads were stopped: 0.0000816 seconds, Stopping threads took: 0.0000124 seconds
2017-08-01T03:26:50.713+0000: 16562.286: Total time for which application threads were stopped: 0.0000821 seconds, Stopping threads took: 0.0000128 seconds
2017-08-01T03:26:50.713+0000: 16562.286: Total time for which application threads were stopped: 0.0000962 seconds, Stopping threads took: 0.0000124 seconds
2017-08-01T03:26:50.713+0000: 16562.286: Total time for which application threads were stopped: 0.0000830 seconds, Stopping threads took: 0.0000130 seconds
2017-08-01T03:26:50.713+0000: 16562.286: Total time for which application threads were stopped: 0.0000814 seconds, Stopping threads took: 0.0000121 seconds
2017-08-01T03:26:50.713+0000: 16562.286: Total time for which application threads were stopped: 0.0000819 seconds, Stopping threads took: 0.0000122 seconds
2017-08-01T03:26:50.713+0000: 16562.287: Total time for which application threads were stopped: 0.0000822 seconds, Stopping threads took: 0.0000129 seconds
2017-08-01T03:26:50.713+0000: 16562.287: Total time for which application threads were stopped: 0.0000824 seconds, Stopping threads took: 0.0000122 seconds
2017-08-01T03:26:50.714+0000: 16562.287: Total time for which application threads were stopped: 0.0002942 seconds, Stopping threads took: 0.0000126 seconds
2017-08-01T03:27:20.717+0000: 16592.290: Total time for which application threads were stopped: 0.0001878 seconds, Stopping threads took: 0.0000587 seconds
2017-08-01T03:27:20.846+0000: 16592.420: Total time for which application threads were stopped: 0.0002280 seconds, Stopping threads took: 0.0000402 seconds
2017-08-01T03:27:20.846+0000: 16592.420: Total time for which application threads were stopped: 0.0001277 seconds, Stopping threads took: 0.0000452 seconds
2017-08-01T03:27:20.847+0000: 16592.420: Total time for which application threads were stopped: 0.0000867 seconds, Stopping threads took: 0.0000202 seconds
2017-08-01T03:27:20.847+0000: 16592.420: Total time for which application threads were stopped: 0.0000866 seconds, Stopping threads took: 0.0000205 seconds
2017-08-01T03:27:20.847+0000: 16592.420: Total time for which application threads were stopped: 0.0001128 seconds, Stopping threads took: 0.0000326 seconds
2017-08-01T03:27:20.853+0000: 16592.426: Total time for which application threads were stopped: 0.0001124 seconds, Stopping threads took: 0.0000225 seconds
{Heap before GC invocations=244 (full 2):
 par new generation   total 153344K, used 142592K [0x0000000080000000, 0x000000008a660000, 0x000000008a660000)
  eden space 136320K, 100% used [0x0000000080000000, 0x0000000088520000, 0x0000000088520000)
  from space 17024K,  36% used [0x0000000088520000, 0x0000000088b403e0, 0x00000000895c0000)
  to   space 17024K,   0% used [0x00000000895c0000, 0x00000000895c0000, 0x000000008a660000)
 concurrent mark-sweep generation total 1926784K, used 283807K [0x000000008a660000, 0x0000000100000000, 0x0000000100000000)
 Metaspace       used 86786K, capacity 92508K, committed 92824K, reserved 1130496K
  class space    used 10447K, capacity 10835K, committed 10912K, reserved 1048576K
2017-08-01T03:28:13.621+0000: 16645.194: [GC (Allocation Failure) Before GC:
Statistics for BinaryTreeDictionary:
------------------------------------
Total Free Space: 210166333
Max   Chunk Size: 210166333
Number of Blocks: 1
Av.  Block  Size: 210166333
Tree      Height: 1
2017-08-01T03:28:13.621+0000: 16645.194: [ParNew
Desired survivor size 8716288 bytes, new threshold 6 (max 6)
- age   1:    1458072 bytes,    1458072 total
- age   2:     617760 bytes,    2075832 total
- age   3:     702040 bytes,    2777872 total
- age   4:     568952 bytes,    3346824 total
- age   5:     535856 bytes,    3882680 total
- age   6:     526984 bytes,    4409664 total
: 142592K->6298K(153344K), 0.0233528 secs] 426400K->290585K(2080128K)After GC:
Statistics for BinaryTreeDictionary:
------------------------------------
Total Free Space: 210104775
Max   Chunk Size: 210104775
Number of Blocks: 1
Av.  Block  Size: 210104775
Tree      Height: 1
, 0.0234399 secs] [Times: user=0.06 sys=0.00, real=0.03 secs] 
Heap after GC invocations=245 (full 2):
 par new generation   total 153344K, used 6298K [0x0000000080000000, 0x000000008a660000, 0x000000008a660000)
  eden space 136320K,   0% used [0x0000000080000000, 0x0000000080000000, 0x0000000088520000)
  from space 17024K,  36% used [0x00000000895c0000, 0x0000000089be6948, 0x000000008a660000)
  to   space 17024K,   0% used [0x0000000088520000, 0x0000000088520000, 0x00000000895c0000)
 concurrent mark-sweep generation total 1926784K, used 284286K [0x000000008a660000, 0x0000000100000000, 0x0000000100000000)
 Metaspace       used 86786K, capacity 92508K, committed 92824K, reserved 1130496K
  class space    used 10447K, capacity 10835K, committed 10912K, reserved 1048576K
}
2017-08-01T03:28:13.644+0000: 16645.218: Total time for which application threads were stopped: 0.0237273 seconds, Stopping threads took: 0.0000732 seconds
2017-08-01T03:28:13.645+0000: 16645.218: Total time for which application threads were stopped: 0.0001400 seconds, Stopping threads took: 0.0000332 seconds
2017-08-01T03:28:13.645+0000: 16645.218: Total time for which application threads were stopped: 0.0001169 seconds, Stopping threads took: 0.0000563 seconds
2017-08-01T03:28:13.645+0000: 16645.218: Total time for which application threads were stopped: 0.0000672 seconds, Stopping threads took: 0.0000178 seconds
2017-08-01T03:28:13.645+0000: 16645.219: Total time for which application threads were stopped: 0.0001056 seconds, Stopping threads took: 0.0000442 seconds
2017-08-01T03:28:13.645+0000: 16645.219: Total time for which application threads were stopped: 0.0001101 seconds, Stopping threads took: 0.0000454 seconds
2017-08-01T03:28:13.645+0000: 16645.219: Total time for which application threads were stopped: 0.0001094 seconds, Stopping threads took: 0.0000442 seconds
2017-08-01T03:28:13.646+0000: 16645.219: Total time for which application threads were stopped: 0.0000716 seconds, Stopping threads took: 0.0000185 seconds
2017-08-01T03:28:13.646+0000: 16645.219: Total time for which application threads were stopped: 0.0001215 seconds, Stopping threads took: 0.0000427 seconds
2017-08-01T03:28:13.646+0000: 16645.219: Total time for which application threads were stopped: 0.0001108 seconds, Stopping threads took: 0.0000331 seconds
2017-08-01T03:28:13.646+0000: 16645.219: Total time for which application threads were stopped: 0.0000738 seconds, Stopping threads took: 0.0000189 seconds
2017-08-01T03:28:13.646+0000: 16645.219: Total time for which application threads were stopped: 0.0000989 seconds, Stopping threads took: 0.0000320 seconds
2017-08-01T03:28:13.646+0000: 16645.220: Total time for which application threads were stopped: 0.0001163 seconds, Stopping threads took: 0.0000471 seconds
2017-08-01T03:28:13.646+0000: 16645.220: Total time for which application threads were stopped: 0.0001091 seconds, Stopping threads took: 0.0000424 seconds
2017-08-01T03:28:13.646+0000: 16645.220: Total time for which application threads were stopped: 0.0000753 seconds, Stopping threads took: 0.0000188 seconds
2017-08-01T03:28:13.647+0000: 16645.220: Total time for which application threads were stopped: 0.0001063 seconds, Stopping threads took: 0.0000405 seconds
2017-08-01T03:28:13.647+0000: 16645.220: Total time for which application threads were stopped: 0.0000985 seconds, Stopping threads took: 0.0000253 seconds
2017-08-01T03:28:13.647+0000: 16645.220: Total time for which application threads were stopped: 0.0001098 seconds, Stopping threads took: 0.0000344 seconds
2017-08-01T03:28:13.647+0000: 16645.220: Total time for which application threads were stopped: 0.0001141 seconds, Stopping threads took: 0.0000438 seconds
2017-08-01T03:28:13.647+0000: 16645.220: Total time for which application threads were stopped: 0.0001055 seconds, Stopping threads took: 0.0000436 seconds
2017-08-01T03:28:13.647+0000: 16645.221: Total time for which application threads were stopped: 0.0002945 seconds, Stopping threads took: 0.0000395 seconds
{Heap before GC invocations=245 (full 2):
 par new generation   total 153344K, used 142618K [0x0000000080000000, 0x000000008a660000, 0x000000008a660000)
  eden space 136320K, 100% used [0x0000000080000000, 0x0000000088520000, 0x0000000088520000)
  from space 17024K,  36% used [0x00000000895c0000, 0x0000000089be6948, 0x000000008a660000)
  to   space 17024K,   0% used [0x0000000088520000, 0x0000000088520000, 0x00000000895c0000)
 concurrent mark-sweep generation total 1926784K, used 284286K [0x000000008a660000, 0x0000000100000000, 0x0000000100000000)
 Metaspace       used 86786K, capacity 92508K, committed 92824K, reserved 1130496K
  class space    used 10447K, capacity 10835K, committed 10912K, reserved 1048576K
2017-08-01T03:29:37.882+0000: 16729.455: [GC (Allocation Failure) Before GC:
Statistics for BinaryTreeDictionary:
------------------------------------
Total Free Space: 210104775
Max   Chunk Size: 210104775
Number of Blocks: 1
Av.  Block  Size: 210104775
Tree      Height: 1
2017-08-01T03:29:37.882+0000: 16729.455: [ParNew
Desired survivor size 8716288 bytes, new threshold 6 (max 6)
- age   1:    1465608 bytes,    1465608 total
- age   2:     736184 bytes,    2201792 total
- age   3:     561600 bytes,    2763392 total
- age   4:     649952 bytes,    3413344 total
- age   5:     504696 bytes,    3918040 total
- age   6:     525088 bytes,    4443128 total
: 142618K->8510K(153344K), 0.0237001 secs] 426905K->293312K(2080128K)After GC:
Statistics for BinaryTreeDictionary:
------------------------------------
Total Free Space: 210039566
Max   Chunk Size: 210039566
Number of Blocks: 1
Av.  Block  Size: 210039566
Tree      Height: 1
, 0.0237778 secs] [Times: user=0.06 sys=0.00, real=0.03 secs] 
Heap after GC invocations=246 (full 2):
 par new generation   total 153344K, used 8510K [0x0000000080000000, 0x000000008a660000, 0x000000008a660000)
  eden space 136320K,   0% used [0x0000000080000000, 0x0000000080000000, 0x0000000088520000)
  from space 17024K,  49% used [0x0000000088520000, 0x0000000088d6fa90, 0x00000000895c0000)
  to   space 17024K,   0% used [0x00000000895c0000, 0x00000000895c0000, 0x000000008a660000)
 concurrent mark-sweep generation total 1926784K, used 284801K [0x000000008a660000, 0x0000000100000000, 0x0000000100000000)
 Metaspace       used 86786K, capacity 92508K, committed 92824K, reserved 1130496K
  class space    used 10447K, capacity 10835K, committed 10912K, reserved 1048576K
}
2017-08-01T03:29:37.906+0000: 16729.479: Total time for which application threads were stopped: 0.0240949 seconds, Stopping threads took: 0.0000845 seconds
2017-08-01T03:29:37.918+0000: 16729.491: Total time for which application threads were stopped: 0.0008016 seconds, Stopping threads took: 0.0006981 seconds
2017-08-01T03:29:37.918+0000: 16729.491: Total time for which application threads were stopped: 0.0001034 seconds, Stopping threads took: 0.0000329 seconds
2017-08-01T03:29:37.918+0000: 16729.491: Total time for which application threads were stopped: 0.0001162 seconds, Stopping threads took: 0.0000525 seconds
2017-08-01T03:29:37.918+0000: 16729.491: Total time for which application threads were stopped: 0.0000699 seconds, Stopping threads took: 0.0000234 seconds
2017-08-01T03:29:37.918+0000: 16729.491: Total time for which application threads were stopped: 0.0000701 seconds, Stopping threads took: 0.0000203 seconds
2017-08-01T03:29:37.918+0000: 16729.492: Total time for which application threads were stopped: 0.0000680 seconds, Stopping threads took: 0.0000204 seconds
2017-08-01T03:29:37.918+0000: 16729.492: Total time for which application threads were stopped: 0.0001039 seconds, Stopping threads took: 0.0000472 seconds
2017-08-01T03:29:37.919+0000: 16729.492: Total time for which application threads were stopped: 0.0000871 seconds, Stopping threads took: 0.0000252 seconds
2017-08-01T03:29:37.919+0000: 16729.492: Total time for which application threads were stopped: 0.0001066 seconds, Stopping threads took: 0.0000462 seconds
2017-08-01T03:29:37.919+0000: 16729.492: Total time for which application threads were stopped: 0.0000691 seconds, Stopping threads took: 0.0000207 seconds
2017-08-01T03:29:37.919+0000: 16729.492: Total time for which application threads were stopped: 0.0000841 seconds, Stopping threads took: 0.0000365 seconds
2017-08-01T03:29:37.919+0000: 16729.492: Total time for which application threads were stopped: 0.0000996 seconds, Stopping threads took: 0.0000444 seconds
2017-08-01T03:29:37.919+0000: 16729.492: Total time for which application threads were stopped: 0.0000630 seconds, Stopping threads took: 0.0000179 seconds
2017-08-01T03:29:37.919+0000: 16729.492: Total time for which application threads were stopped: 0.0001086 seconds, Stopping threads took: 0.0000423 seconds
2017-08-01T03:29:37.919+0000: 16729.493: Total time for which application threads were stopped: 0.0000764 seconds, Stopping threads took: 0.0000288 seconds
2017-08-01T03:29:37.919+0000: 16729.493: Total time for which application threads were stopped: 0.0000659 seconds, Stopping threads took: 0.0000197 seconds
2017-08-01T03:29:37.919+0000: 16729.493: Total time for which application threads were stopped: 0.0000651 seconds, Stopping threads took: 0.0000182 seconds
2017-08-01T03:29:37.920+0000: 16729.493: Total time for which application threads were stopped: 0.0001066 seconds, Stopping threads took: 0.0000536 seconds
2017-08-01T03:29:37.920+0000: 16729.493: Total time for which application threads were stopped: 0.0001076 seconds, Stopping threads took: 0.0000485 seconds
2017-08-01T03:29:37.920+0000: 16729.493: Total time for which application threads were stopped: 0.0002583 seconds, Stopping threads took: 0.0000411 seconds
2017-08-01T03:30:50.929+0000: 16802.502: Total time for which application threads were stopped: 0.0001528 seconds, Stopping threads took: 0.0000367 seconds
2017-08-01T03:30:52.956+0000: 16804.530: Total time for which application threads were stopped: 0.0001906 seconds, Stopping threads took: 0.0000604 seconds
2017-08-01T03:30:52.956+0000: 16804.530: Total time for which application threads were stopped: 0.0001306 seconds, Stopping threads took: 0.0000671 seconds
2017-08-01T03:30:52.957+0000: 16804.530: Total time for which application threads were stopped: 0.0000730 seconds, Stopping threads took: 0.0000200 seconds
2017-08-01T03:30:52.958+0000: 16804.531: Total time for which application threads were stopped: 0.0001549 seconds, Stopping threads took: 0.0000726 seconds
2017-08-01T03:30:52.958+0000: 16804.531: Total time for which application threads were stopped: 0.0000834 seconds, Stopping threads took: 0.0000221 seconds
2017-08-01T03:30:52.958+0000: 16804.531: Total time for which application threads were stopped: 0.0001189 seconds, Stopping threads took: 0.0000456 seconds
{Heap before GC invocations=246 (full 2):
 par new generation   total 153344K, used 144830K [0x0000000080000000, 0x000000008a660000, 0x000000008a660000)
  eden space 136320K, 100% used [0x0000000080000000, 0x0000000088520000, 0x0000000088520000)
  from space 17024K,  49% used [0x0000000088520000, 0x0000000088d6fa90, 0x00000000895c0000)
  to   space 17024K,   0% used [0x00000000895c0000, 0x00000000895c0000, 0x000000008a660000)
 concurrent mark-sweep generation total 1926784K, used 284801K [0x000000008a660000, 0x0000000100000000, 0x0000000100000000)
 Metaspace       used 86786K, capacity 92508K, committed 92824K, reserved 1130496K
  class space    used 10447K, capacity 10835K, committed 10912K, reserved 1048576K
2017-08-01T03:30:52.983+0000: 16804.556: [GC (Allocation Failure) Before GC:
Statistics for BinaryTreeDictionary:
------------------------------------
Total Free Space: 210039566
Max   Chunk Size: 210039566
Number of Blocks: 1
Av.  Block  Size: 210039566
Tree      Height: 1
2017-08-01T03:30:52.983+0000: 16804.556: [ParNew
Desired survivor size 8716288 bytes, new threshold 6 (max 6)
- age   1:    1452248 bytes,    1452248 total
- age   2:     776592 bytes,    2228840 total
- age   3:     683184 bytes,    2912024 total
- age   4:     539376 bytes,    3451400 total
- age   5:     587656 bytes,    4039056 total
- age   6:     495240 bytes,    4534296 total
: 144830K->5334K(153344K), 0.0244996 secs] 429632K->290650K(2080128K)After GC:
Statistics for BinaryTreeDictionary:
------------------------------------
Total Free Space: 209973054
Max   Chunk Size: 209973054
Number of Blocks: 1
Av.  Block  Size: 209973054
Tree      Height: 1
, 0.0246055 secs] [Times: user=0.06 sys=0.00, real=0.03 secs] 
Heap after GC invocations=247 (full 2):
 par new generation   total 153344K, used 5334K [0x0000000080000000, 0x000000008a660000, 0x000000008a660000)
  eden space 136320K,   0% used [0x0000000080000000, 0x0000000080000000, 0x0000000088520000)
  from space 17024K,  31% used [0x00000000895c0000, 0x0000000089af5b08, 0x000000008a660000)
  to   space 17024K,   0% used [0x0000000088520000, 0x0000000088520000, 0x00000000895c0000)
 concurrent mark-sweep generation total 1926784K, used 285315K [0x000000008a660000, 0x0000000100000000, 0x0000000100000000)
 Metaspace       used 86786K, capacity 92508K, committed 92824K, reserved 1130496K
  class space    used 10447K, capacity 10835K, committed 10912K, reserved 1048576K
}
2017-08-01T03:30:53.007+0000: 16804.581: Total time for which application threads were stopped: 0.0256565 seconds, Stopping threads took: 0.0008494 seconds
2017-08-01T03:30:53.008+0000: 16804.581: Total time for which application threads were stopped: 0.0001199 seconds, Stopping threads took: 0.0000295 seconds
2017-08-01T03:30:53.008+0000: 16804.581: Total time for which application threads were stopped: 0.0000940 seconds, Stopping threads took: 0.0000291 seconds
2017-08-01T03:30:53.008+0000: 16804.581: Total time for which application threads were stopped: 0.0000711 seconds, Stopping threads took: 0.0000239 seconds
2017-08-01T03:30:53.008+0000: 16804.582: Total time for which application threads were stopped: 0.0000668 seconds, Stopping threads took: 0.0000182 seconds
2017-08-01T03:30:53.008+0000: 16804.582: Total time for which application threads were stopped: 0.0001011 seconds, Stopping threads took: 0.0000291 seconds
2017-08-01T03:30:53.009+0000: 16804.582: Total time for which application threads were stopped: 0.0000682 seconds, Stopping threads took: 0.0000197 seconds
2017-08-01T03:30:53.009+0000: 16804.582: Total time for which application threads were stopped: 0.0001173 seconds, Stopping threads took: 0.0000520 seconds
2017-08-01T03:30:53.009+0000: 16804.582: Total time for which application threads were stopped: 0.0001113 seconds, Stopping threads took: 0.0000491 seconds
2017-08-01T03:30:53.009+0000: 16804.582: Total time for which application threads were stopped: 0.0000717 seconds, Stopping threads took: 0.0000187 seconds
2017-08-01T03:30:53.009+0000: 16804.582: Total time for which application threads were stopped: 0.0000699 seconds, Stopping threads took: 0.0000237 seconds
2017-08-01T03:30:53.009+0000: 16804.582: Total time for which application threads were stopped: 0.0001317 seconds, Stopping threads took: 0.0000555 seconds
2017-08-01T03:30:53.009+0000: 16804.583: Total time for which application threads were stopped: 0.0000653 seconds, Stopping threads took: 0.0000187 seconds
2017-08-01T03:30:53.009+0000: 16804.583: Total time for which application threads were stopped: 0.0000643 seconds, Stopping threads took: 0.0000180 seconds
2017-08-01T03:30:53.009+0000: 16804.583: Total time for which application threads were stopped: 0.0001081 seconds, Stopping threads took: 0.0000488 seconds
2017-08-01T03:30:53.010+0000: 16804.583: Total time for which application threads were stopped: 0.0000682 seconds, Stopping threads took: 0.0000199 seconds
2017-08-01T03:30:53.010+0000: 16804.583: Total time for which application threads were stopped: 0.0000839 seconds, Stopping threads took: 0.0000184 seconds
2017-08-01T03:30:53.010+0000: 16804.583: Total time for which application threads were stopped: 0.0001098 seconds, Stopping threads took: 0.0000237 seconds
2017-08-01T03:30:53.010+0000: 16804.583: Total time for which application threads were stopped: 0.0000683 seconds, Stopping threads took: 0.0000214 seconds
2017-08-01T03:30:53.010+0000: 16804.583: Total time for which application threads were stopped: 0.0000690 seconds, Stopping threads took: 0.0000221 seconds
2017-08-01T03:30:53.010+0000: 16804.584: Total time for which application threads were stopped: 0.0002300 seconds, Stopping threads took: 0.0000179 seconds
{Heap before GC invocations=247 (full 2):
 par new generation   total 153344K, used 141654K [0x0000000080000000, 0x000000008a660000, 0x000000008a660000)
  eden space 136320K, 100% used [0x0000000080000000, 0x0000000088520000, 0x0000000088520000)
  from space 17024K,  31% used [0x00000000895c0000, 0x0000000089af5b08, 0x000000008a660000)
  to   space 17024K,   0% used [0x0000000088520000, 0x0000000088520000, 0x00000000895c0000)
 concurrent mark-sweep generation total 1926784K, used 285315K [0x000000008a660000, 0x0000000100000000, 0x0000000100000000)
 Metaspace       used 86786K, capacity 92508K, committed 92824K, reserved 1130496K
  class space    used 10447K, capacity 10835K, committed 10912K, reserved 1048576K
2017-08-01T03:32:18.264+0000: 16889.837: [GC (Allocation Failure) Before GC:
Statistics for BinaryTreeDictionary:
------------------------------------
Total Free Space: 209973054
Max   Chunk Size: 209973054
Number of Blocks: 1
Av.  Block  Size: 209973054
Tree      Height: 1
2017-08-01T03:32:18.264+0000: 16889.837: [ParNew
Desired survivor size 8716288 bytes, new threshold 6 (max 6)
- age   1:    1463472 bytes,    1463472 total
- age   2:     628952 bytes,    2092424 total
- age   3:     710856 bytes,    2803280 total
- age   4:     633072 bytes,    3436352 total
- age   5:     523376 bytes,    3959728 total
- age   6:     575960 bytes,    4535688 total
: 141654K->6025K(153344K), 0.0240505 secs] 426970K->291827K(2080128K)After GC:
Statistics for BinaryTreeDictionary:
------------------------------------
Total Free Space: 209909196
Max   Chunk Size: 209909196
Number of Blocks: 1
Av.  Block  Size: 209909196
Tree      Height: 1
, 0.0241431 secs] [Times: user=0.06 sys=0.00, real=0.02 secs] 
Heap after GC invocations=248 (full 2):
 par new generation   total 153344K, used 6025K [0x0000000080000000, 0x000000008a660000, 0x000000008a660000)
  eden space 136320K,   0% used [0x0000000080000000, 0x0000000080000000, 0x0000000088520000)
  from space 17024K,  35% used [0x0000000088520000, 0x0000000088b02600, 0x00000000895c0000)
  to   space 17024K,   0% used [0x00000000895c0000, 0x00000000895c0000, 0x000000008a660000)
 concurrent mark-sweep generation total 1926784K, used 285802K [0x000000008a660000, 0x0000000100000000, 0x0000000100000000)
 Metaspace       used 86786K, capacity 92508K, committed 92824K, reserved 1130496K
  class space    used 10447K, capacity 10835K, committed 10912K, reserved 1048576K
}
2017-08-01T03:32:18.288+0000: 16889.861: Total time for which application threads were stopped: 0.0244001 seconds, Stopping threads took: 0.0000421 seconds
2017-08-01T03:32:18.289+0000: 16889.862: Total time for which application threads were stopped: 0.0002023 seconds, Stopping threads took: 0.0000846 seconds
2017-08-01T03:32:18.289+0000: 16889.862: Total time for which application threads were stopped: 0.0001078 seconds, Stopping threads took: 0.0000480 seconds
2017-08-01T03:32:18.289+0000: 16889.862: Total time for which application threads were stopped: 0.0001025 seconds, Stopping threads took: 0.0000449 seconds
2017-08-01T03:32:18.300+0000: 16889.873: Total time for which application threads were stopped: 0.0000979 seconds, Stopping threads took: 0.0000433 seconds
2017-08-01T03:32:18.300+0000: 16889.873: Total time for which application threads were stopped: 0.0000666 seconds, Stopping threads took: 0.0000193 seconds
2017-08-01T03:32:18.300+0000: 16889.873: Total time for which application threads were stopped: 0.0000661 seconds, Stopping threads took: 0.0000201 seconds
2017-08-01T03:32:18.300+0000: 16889.874: Total time for which application threads were stopped: 0.0000647 seconds, Stopping threads took: 0.0000193 seconds
2017-08-01T03:32:18.300+0000: 16889.874: Total time for which application threads were stopped: 0.0000883 seconds, Stopping threads took: 0.0000264 seconds
2017-08-01T03:32:18.300+0000: 16889.874: Total time for which application threads were stopped: 0.0000651 seconds, Stopping threads took: 0.0000200 seconds
2017-08-01T03:32:18.301+0000: 16889.874: Total time for which application threads were stopped: 0.0000654 seconds, Stopping threads took: 0.0000201 seconds
2017-08-01T03:32:18.301+0000: 16889.874: Total time for which application threads were stopped: 0.0000643 seconds, Stopping threads took: 0.0000195 seconds
2017-08-01T03:32:18.301+0000: 16889.874: Total time for which application threads were stopped: 0.0000644 seconds, Stopping threads took: 0.0000190 seconds
2017-08-01T03:32:18.301+0000: 16889.874: Total time for which application threads were stopped: 0.0000705 seconds, Stopping threads took: 0.0000156 seconds
2017-08-01T03:32:18.301+0000: 16889.874: Total time for which application threads were stopped: 0.0000642 seconds, Stopping threads took: 0.0000193 seconds
2017-08-01T03:32:18.301+0000: 16889.874: Total time for which application threads were stopped: 0.0000631 seconds, Stopping threads took: 0.0000184 seconds
2017-08-01T03:32:18.301+0000: 16889.874: Total time for which application threads were stopped: 0.0000631 seconds, Stopping threads took: 0.0000183 seconds
2017-08-01T03:32:18.301+0000: 16889.874: Total time for which application threads were stopped: 0.0000629 seconds, Stopping threads took: 0.0000181 seconds
2017-08-01T03:32:18.301+0000: 16889.875: Total time for which application threads were stopped: 0.0000631 seconds, Stopping threads took: 0.0000184 seconds
2017-08-01T03:32:18.301+0000: 16889.875: Total time for which application threads were stopped: 0.0000629 seconds, Stopping threads took: 0.0000181 seconds
2017-08-01T03:32:18.302+0000: 16889.875: Total time for which application threads were stopped: 0.0002148 seconds, Stopping threads took: 0.0000191 seconds
2017-08-01T03:32:36.304+0000: 16907.877: Total time for which application threads were stopped: 0.0001555 seconds, Stopping threads took: 0.0000431 seconds
{Heap before GC invocations=248 (full 2):
 par new generation   total 153344K, used 142345K [0x0000000080000000, 0x000000008a660000, 0x000000008a660000)
  eden space 136320K, 100% used [0x0000000080000000, 0x0000000088520000, 0x0000000088520000)
  from space 17024K,  35% used [0x0000000088520000, 0x0000000088b02600, 0x00000000895c0000)
  to   space 17024K,   0% used [0x00000000895c0000, 0x00000000895c0000, 0x000000008a660000)
 concurrent mark-sweep generation total 1926784K, used 285802K [0x000000008a660000, 0x0000000100000000, 0x0000000100000000)
 Metaspace       used 86786K, capacity 92508K, committed 92824K, reserved 1130496K
  class space    used 10447K, capacity 10835K, committed 10912K, reserved 1048576K
2017-08-01T03:33:42.917+0000: 16974.490: [GC (Allocation Failure) Before GC:
Statistics for BinaryTreeDictionary:
------------------------------------
Total Free Space: 209909196
Max   Chunk Size: 209909196
Number of Blocks: 1
Av.  Block  Size: 209909196
Tree      Height: 1
2017-08-01T03:33:42.917+0000: 16974.490: [ParNew
Desired survivor size 8716288 bytes, new threshold 6 (max 6)
- age   1:    1455888 bytes,    1455888 total
- age   2:     714904 bytes,    2170792 total
- age   3:     576056 bytes,    2746848 total
- age   4:     658816 bytes,    3405664 total
- age   5:     569312 bytes,    3974976 total
- age   6:     512656 bytes,    4487632 total
: 142345K->6467K(153344K), 0.0250636 secs] 428147K->292834K(2080128K)After GC:
Statistics for BinaryTreeDictionary:
------------------------------------
Total Free Space: 209838111
Max   Chunk Size: 209838111
Number of Blocks: 1
Av.  Block  Size: 209838111
Tree      Height: 1
, 0.0251465 secs] [Times: user=0.05 sys=0.00, real=0.02 secs] 
Heap after GC invocations=249 (full 2):
 par new generation   total 153344K, used 6467K [0x0000000080000000, 0x000000008a660000, 0x000000008a660000)
  eden space 136320K,   0% used [0x0000000080000000, 0x0000000080000000, 0x0000000088520000)
  from space 17024K,  37% used [0x00000000895c0000, 0x0000000089c10e38, 0x000000008a660000)
  to   space 17024K,   0% used [0x0000000088520000, 0x0000000088520000, 0x00000000895c0000)
 concurrent mark-sweep generation total 1926784K, used 286367K [0x000000008a660000, 0x0000000100000000, 0x0000000100000000)
 Metaspace       used 86786K, capacity 92508K, committed 92824K, reserved 1130496K
  class space    used 10447K, capacity 10835K, committed 10912K, reserved 1048576K
}
2017-08-01T03:33:42.942+0000: 16974.516: Total time for which application threads were stopped: 0.0254181 seconds, Stopping threads took: 0.0000531 seconds
2017-08-01T03:33:42.943+0000: 16974.516: Total time for which application threads were stopped: 0.0001605 seconds, Stopping threads took: 0.0000599 seconds
2017-08-01T03:33:42.943+0000: 16974.517: Total time for which application threads were stopped: 0.0001159 seconds, Stopping threads took: 0.0000566 seconds
2017-08-01T03:33:42.944+0000: 16974.517: Total time for which application threads were stopped: 0.0001223 seconds, Stopping threads took: 0.0000582 seconds
2017-08-01T03:33:42.944+0000: 16974.517: Total time for which application threads were stopped: 0.0001025 seconds, Stopping threads took: 0.0000433 seconds
2017-08-01T03:33:42.944+0000: 16974.517: Total time for which application threads were stopped: 0.0000932 seconds, Stopping threads took: 0.0000184 seconds
2017-08-01T03:33:42.944+0000: 16974.517: Total time for which application threads were stopped: 0.0000951 seconds, Stopping threads took: 0.0000281 seconds
2017-08-01T03:33:42.944+0000: 16974.517: Total time for which application threads were stopped: 0.0001017 seconds, Stopping threads took: 0.0000470 seconds
2017-08-01T03:33:42.944+0000: 16974.517: Total time for which application threads were stopped: 0.0001026 seconds, Stopping threads took: 0.0000418 seconds
2017-08-01T03:33:42.944+0000: 16974.518: Total time for which application threads were stopped: 0.0000704 seconds, Stopping threads took: 0.0000206 seconds
2017-08-01T03:33:42.945+0000: 16974.518: Total time for which application threads were stopped: 0.0000788 seconds, Stopping threads took: 0.0000274 seconds
2017-08-01T03:33:42.945+0000: 16974.518: Total time for which application threads were stopped: 0.0001002 seconds, Stopping threads took: 0.0000296 seconds
2017-08-01T03:33:42.945+0000: 16974.518: Total time for which application threads were stopped: 0.0001012 seconds, Stopping threads took: 0.0000418 seconds
2017-08-01T03:33:42.945+0000: 16974.518: Total time for which application threads were stopped: 0.0000687 seconds, Stopping threads took: 0.0000219 seconds
2017-08-01T03:33:42.945+0000: 16974.518: Total time for which application threads were stopped: 0.0000645 seconds, Stopping threads took: 0.0000189 seconds
2017-08-01T03:33:42.945+0000: 16974.519: Total time for which application threads were stopped: 0.0000664 seconds, Stopping threads took: 0.0000183 seconds
2017-08-01T03:33:42.945+0000: 16974.519: Total time for which application threads were stopped: 0.0000807 seconds, Stopping threads took: 0.0000196 seconds
2017-08-01T03:33:42.945+0000: 16974.519: Total time for which application threads were stopped: 0.0000803 seconds, Stopping threads took: 0.0000183 seconds
2017-08-01T03:33:42.946+0000: 16974.519: Total time for which application threads were stopped: 0.0000903 seconds, Stopping threads took: 0.0000302 seconds
2017-08-01T03:33:42.946+0000: 16974.519: Total time for which application threads were stopped: 0.0000898 seconds, Stopping threads took: 0.0000296 seconds
2017-08-01T03:33:42.946+0000: 16974.519: Total time for which application threads were stopped: 0.0002484 seconds, Stopping threads took: 0.0000249 seconds
2017-08-01T03:34:23.636+0000: 17015.210: Total time for which application threads were stopped: 0.0002329 seconds, Stopping threads took: 0.0000413 seconds
2017-08-01T03:34:23.637+0000: 17015.210: Total time for which application threads were stopped: 0.0000945 seconds, Stopping threads took: 0.0000208 seconds
2017-08-01T03:34:23.637+0000: 17015.210: Total time for which application threads were stopped: 0.0000860 seconds, Stopping threads took: 0.0000192 seconds
2017-08-01T03:34:23.637+0000: 17015.210: Total time for which application threads were stopped: 0.0001305 seconds, Stopping threads took: 0.0000210 seconds
2017-08-01T03:34:23.637+0000: 17015.210: Total time for which application threads were stopped: 0.0000907 seconds, Stopping threads took: 0.0000243 seconds
2017-08-01T03:34:23.637+0000: 17015.211: Total time for which application threads were stopped: 0.0001164 seconds, Stopping threads took: 0.0000174 seconds
2017-08-01T03:34:24.687+0000: 17016.260: Total time for which application threads were stopped: 0.0002204 seconds, Stopping threads took: 0.0000605 seconds
2017-08-01T03:34:24.687+0000: 17016.260: Total time for which application threads were stopped: 0.0003164 seconds, Stopping threads took: 0.0000376 seconds
2017-08-01T03:34:24.687+0000: 17016.260: Total time for which application threads were stopped: 0.0000886 seconds, Stopping threads took: 0.0000187 seconds
2017-08-01T03:34:24.687+0000: 17016.261: Total time for which application threads were stopped: 0.0000855 seconds, Stopping threads took: 0.0000201 seconds
2017-08-01T03:34:24.687+0000: 17016.261: Total time for which application threads were stopped: 0.0000854 seconds, Stopping threads took: 0.0000195 seconds
2017-08-01T03:34:24.688+0000: 17016.261: Total time for which application threads were stopped: 0.0001077 seconds, Stopping threads took: 0.0000186 seconds
2017-08-01T03:34:26.756+0000: 17018.329: Total time for which application threads were stopped: 0.0001916 seconds, Stopping threads took: 0.0000411 seconds
{Heap before GC invocations=249 (full 2):
 par new generation   total 153344K, used 142787K [0x0000000080000000, 0x000000008a660000, 0x000000008a660000)
  eden space 136320K, 100% used [0x0000000080000000, 0x0000000088520000, 0x0000000088520000)
  from space 17024K,  37% used [0x00000000895c0000, 0x0000000089c10e38, 0x000000008a660000)
  to   space 17024K,   0% used [0x0000000088520000, 0x0000000088520000, 0x00000000895c0000)
 concurrent mark-sweep generation total 1926784K, used 286367K [0x000000008a660000, 0x0000000100000000, 0x0000000100000000)
 Metaspace       used 86786K, capacity 92508K, committed 92824K, reserved 1130496K
  class space    used 10447K, capacity 10835K, committed 10912K, reserved 1048576K
2017-08-01T03:35:00.180+0000: 17051.754: [GC (Allocation Failure) Before GC:
Statistics for BinaryTreeDictionary:
------------------------------------
Total Free Space: 209838111
Max   Chunk Size: 209838111
Number of Blocks: 1
Av.  Block  Size: 209838111
Tree      Height: 1
2017-08-01T03:35:00.180+0000: 17051.754: [ParNew
Desired survivor size 8716288 bytes, new threshold 6 (max 6)
- age   1:    1290192 bytes,    1290192 total
- age   2:     722640 bytes,    2012832 total
- age   3:     662264 bytes,    2675096 total
- age   4:     555320 bytes,    3230416 total
- age   5:     595168 bytes,    3825584 total
- age   6:     557936 bytes,    4383520 total
: 142787K->6478K(153344K), 0.0235649 secs] 429154K->293348K(2080128K)After GC:
Statistics for BinaryTreeDictionary:
------------------------------------
Total Free Space: 209774351
Max   Chunk Size: 209774351
Number of Blocks: 1
Av.  Block  Size: 209774351
Tree      Height: 1
, 0.0236597 secs] [Times: user=0.06 sys=0.00, real=0.03 secs] 
Heap after GC invocations=250 (full 2):
 par new generation   total 153344K, used 6478K [0x0000000080000000, 0x000000008a660000, 0x000000008a660000)
  eden space 136320K,   0% used [0x0000000080000000, 0x0000000080000000, 0x0000000088520000)
  from space 17024K,  38% used [0x0000000088520000, 0x0000000088b73908, 0x00000000895c0000)
  to   space 17024K,   0% used [0x00000000895c0000, 0x00000000895c0000, 0x000000008a660000)
 concurrent mark-sweep generation total 1926784K, used 286870K [0x000000008a660000, 0x0000000100000000, 0x0000000100000000)
 Metaspace       used 86786K, capacity 92508K, committed 92824K, reserved 1130496K
  class space    used 10447K, capacity 10835K, committed 10912K, reserved 1048576K
}
2017-08-01T03:35:00.204+0000: 17051.777: Total time for which application threads were stopped: 0.0239330 seconds, Stopping threads took: 0.0000664 seconds
2017-08-01T03:35:00.204+0000: 17051.778: Total time for which application threads were stopped: 0.0001633 seconds, Stopping threads took: 0.0000542 seconds
2017-08-01T03:35:00.215+0000: 17051.789: Total time for which application threads were stopped: 0.0002313 seconds, Stopping threads took: 0.0001164 seconds
2017-08-01T03:35:00.215+0000: 17051.789: Total time for which application threads were stopped: 0.0000694 seconds, Stopping threads took: 0.0000198 seconds
2017-08-01T03:35:00.216+0000: 17051.789: Total time for which application threads were stopped: 0.0001476 seconds, Stopping threads took: 0.0000742 seconds
2017-08-01T03:35:00.216+0000: 17051.789: Total time for which application threads were stopped: 0.0000689 seconds, Stopping threads took: 0.0000193 seconds
2017-08-01T03:35:00.216+0000: 17051.789: Total time for which application threads were stopped: 0.0000765 seconds, Stopping threads took: 0.0000182 seconds
2017-08-01T03:35:00.216+0000: 17051.789: Total time for which application threads were stopped: 0.0001069 seconds, Stopping threads took: 0.0000378 seconds
2017-08-01T03:35:00.216+0000: 17051.789: Total time for which application threads were stopped: 0.0001172 seconds, Stopping threads took: 0.0000412 seconds
2017-08-01T03:35:00.216+0000: 17051.790: Total time for which application threads were stopped: 0.0001128 seconds, Stopping threads took: 0.0000348 seconds
2017-08-01T03:35:00.217+0000: 17051.790: Total time for which application threads were stopped: 0.0001207 seconds, Stopping threads took: 0.0000548 seconds
2017-08-01T03:35:00.217+0000: 17051.790: Total time for which application threads were stopped: 0.0000860 seconds, Stopping threads took: 0.0000186 seconds
2017-08-01T03:35:00.217+0000: 17051.790: Total time for which application threads were stopped: 0.0001193 seconds, Stopping threads took: 0.0000562 seconds
2017-08-01T03:35:00.217+0000: 17051.790: Total time for which application threads were stopped: 0.0001042 seconds, Stopping threads took: 0.0000437 seconds
2017-08-01T03:35:00.217+0000: 17051.790: Total time for which application threads were stopped: 0.0001006 seconds, Stopping threads took: 0.0000430 seconds
2017-08-01T03:35:00.217+0000: 17051.791: Total time for which application threads were stopped: 0.0001083 seconds, Stopping threads took: 0.0000486 seconds
2017-08-01T03:35:00.217+0000: 17051.791: Total time for which application threads were stopped: 0.0000686 seconds, Stopping threads took: 0.0000195 seconds
2017-08-01T03:35:00.217+0000: 17051.791: Total time for which application threads were stopped: 0.0000757 seconds, Stopping threads took: 0.0000210 seconds
2017-08-01T03:35:00.218+0000: 17051.791: Total time for which application threads were stopped: 0.0000780 seconds, Stopping threads took: 0.0000254 seconds
2017-08-01T03:35:00.218+0000: 17051.791: Total time for which application threads were stopped: 0.0000808 seconds, Stopping threads took: 0.0000297 seconds
2017-08-01T03:35:00.218+0000: 17051.791: Total time for which application threads were stopped: 0.0002725 seconds, Stopping threads took: 0.0000218 seconds
2017-08-01T03:35:54.127+0000: 17105.700: Total time for which application threads were stopped: 0.0002409 seconds, Stopping threads took: 0.0000609 seconds
2017-08-01T03:35:54.127+0000: 17105.701: Total time for which application threads were stopped: 0.0000979 seconds, Stopping threads took: 0.0000230 seconds
2017-08-01T03:35:54.127+0000: 17105.701: Total time for which application threads were stopped: 0.0001078 seconds, Stopping threads took: 0.0000219 seconds
2017-08-01T03:35:54.128+0000: 17105.701: Total time for which application threads were stopped: 0.0001090 seconds, Stopping threads took: 0.0000125 seconds
2017-08-01T03:35:54.128+0000: 17105.701: Total time for which application threads were stopped: 0.0001114 seconds, Stopping threads took: 0.0000144 seconds
2017-08-01T03:35:54.128+0000: 17105.701: Total time for which application threads were stopped: 0.0001263 seconds, Stopping threads took: 0.0000126 seconds
{Heap before GC invocations=250 (full 2):
 par new generation   total 153344K, used 142798K [0x0000000080000000, 0x000000008a660000, 0x000000008a660000)
  eden space 136320K, 100% used [0x0000000080000000, 0x0000000088520000, 0x0000000088520000)
  from space 17024K,  38% used [0x0000000088520000, 0x0000000088b73908, 0x00000000895c0000)
  to   space 17024K,   0% used [0x00000000895c0000, 0x00000000895c0000, 0x000000008a660000)
 concurrent mark-sweep generation total 1926784K, used 286870K [0x000000008a660000, 0x0000000100000000, 0x0000000100000000)
 Metaspace       used 86786K, capacity 92508K, committed 92824K, reserved 1130496K
  class space    used 10447K, capacity 10835K, committed 10912K, reserved 1048576K
2017-08-01T03:36:24.639+0000: 17136.212: [GC (Allocation Failure) Before GC:
Statistics for BinaryTreeDictionary:
------------------------------------
Total Free Space: 209774351
Max   Chunk Size: 209774351
Number of Blocks: 1
Av.  Block  Size: 209774351
Tree      Height: 1
2017-08-01T03:36:24.639+0000: 17136.212: [ParNew
Desired survivor size 8716288 bytes, new threshold 6 (max 6)
- age   1:    1413104 bytes,    1413104 total
- age   2:     591688 bytes,    2004792 total
- age   3:     659328 bytes,    2664120 total
- age   4:     610192 bytes,    3274312 total
- age   5:     536944 bytes,    3811256 total
- age   6:     582344 bytes,    4393600 total
: 142798K->6478K(153344K), 0.0241202 secs] 429668K->293895K(2080128K)After GC:
Statistics for BinaryTreeDictionary:
------------------------------------
Total Free Space: 209704282
Max   Chunk Size: 209704282
Number of Blocks: 1
Av.  Block  Size: 209704282
Tree      Height: 1
, 0.0242286 secs] [Times: user=0.06 sys=0.00, real=0.03 secs] 
Heap after GC invocations=251 (full 2):
 par new generation   total 153344K, used 6478K [0x0000000080000000, 0x000000008a660000, 0x000000008a660000)
  eden space 136320K,   0% used [0x0000000080000000, 0x0000000080000000, 0x0000000088520000)
  from space 17024K,  38% used [0x00000000895c0000, 0x0000000089c13850, 0x000000008a660000)
  to   space 17024K,   0% used [0x0000000088520000, 0x0000000088520000, 0x00000000895c0000)
 concurrent mark-sweep generation total 1926784K, used 287417K [0x000000008a660000, 0x0000000100000000, 0x0000000100000000)
 Metaspace       used 86786K, capacity 92508K, committed 92824K, reserved 1130496K
  class space    used 10447K, capacity 10835K, committed 10912K, reserved 1048576K
}
2017-08-01T03:36:24.663+0000: 17136.236: Total time for which application threads were stopped: 0.0245011 seconds, Stopping threads took: 0.0000554 seconds
2017-08-01T03:36:24.663+0000: 17136.237: Total time for which application threads were stopped: 0.0001226 seconds, Stopping threads took: 0.0000289 seconds
2017-08-01T03:36:24.663+0000: 17136.237: Total time for which application threads were stopped: 0.0001030 seconds, Stopping threads took: 0.0000347 seconds
2017-08-01T03:36:24.664+0000: 17136.237: Total time for which application threads were stopped: 0.0000664 seconds, Stopping threads took: 0.0000202 seconds
2017-08-01T03:36:24.664+0000: 17136.237: Total time for which application threads were stopped: 0.0000643 seconds, Stopping threads took: 0.0000184 seconds
2017-08-01T03:36:24.664+0000: 17136.237: Total time for which application threads were stopped: 0.0000933 seconds, Stopping threads took: 0.0000380 seconds
2017-08-01T03:36:24.664+0000: 17136.237: Total time for which application threads were stopped: 0.0000800 seconds, Stopping threads took: 0.0000201 seconds
2017-08-01T03:36:24.664+0000: 17136.237: Total time for which application threads were stopped: 0.0000670 seconds, Stopping threads took: 0.0000212 seconds
2017-08-01T03:36:24.664+0000: 17136.237: Total time for which application threads were stopped: 0.0000863 seconds, Stopping threads took: 0.0000195 seconds
2017-08-01T03:36:24.664+0000: 17136.237: Total time for which application threads were stopped: 0.0000806 seconds, Stopping threads took: 0.0000204 seconds
2017-08-01T03:36:24.664+0000: 17136.238: Total time for which application threads were stopped: 0.0000652 seconds, Stopping threads took: 0.0000196 seconds
2017-08-01T03:36:24.664+0000: 17136.238: Total time for which application threads were stopped: 0.0000848 seconds, Stopping threads took: 0.0000385 seconds
2017-08-01T03:36:24.664+0000: 17136.238: Total time for which application threads were stopped: 0.0000705 seconds, Stopping threads took: 0.0000178 seconds
2017-08-01T03:36:24.665+0000: 17136.238: Total time for which application threads were stopped: 0.0000662 seconds, Stopping threads took: 0.0000206 seconds
2017-08-01T03:36:24.665+0000: 17136.238: Total time for which application threads were stopped: 0.0000655 seconds, Stopping threads took: 0.0000201 seconds
2017-08-01T03:36:24.665+0000: 17136.238: Total time for which application threads were stopped: 0.0000881 seconds, Stopping threads took: 0.0000331 seconds
2017-08-01T03:36:24.665+0000: 17136.238: Total time for which application threads were stopped: 0.0000958 seconds, Stopping threads took: 0.0000404 seconds
2017-08-01T03:36:24.665+0000: 17136.238: Total time for which application threads were stopped: 0.0000638 seconds, Stopping threads took: 0.0000182 seconds
2017-08-01T03:36:24.665+0000: 17136.238: Total time for which application threads were stopped: 0.0000620 seconds, Stopping threads took: 0.0000160 seconds
2017-08-01T03:36:24.665+0000: 17136.238: Total time for which application threads were stopped: 0.0000664 seconds, Stopping threads took: 0.0000209 seconds
2017-08-01T03:36:24.665+0000: 17136.239: Total time for which application threads were stopped: 0.0002209 seconds, Stopping threads took: 0.0000197 seconds
2017-08-01T03:36:27.666+0000: 17139.239: Total time for which application threads were stopped: 0.0001923 seconds, Stopping threads took: 0.0000596 seconds
2017-08-01T03:36:31.667+0000: 17143.240: Total time for which application threads were stopped: 0.0001567 seconds, Stopping threads took: 0.0000382 seconds
2017-08-01T03:36:45.679+0000: 17157.252: Total time for which application threads were stopped: 0.0001645 seconds, Stopping threads took: 0.0000512 seconds
2017-08-01T03:37:20.556+0000: 17192.129: Total time for which application threads were stopped: 0.0002231 seconds, Stopping threads took: 0.0000410 seconds
2017-08-01T03:37:20.556+0000: 17192.130: Total time for which application threads were stopped: 0.0000917 seconds, Stopping threads took: 0.0000191 seconds
2017-08-01T03:37:20.556+0000: 17192.130: Total time for which application threads were stopped: 0.0001056 seconds, Stopping threads took: 0.0000191 seconds
2017-08-01T03:37:20.557+0000: 17192.130: Total time for which application threads were stopped: 0.0000856 seconds, Stopping threads took: 0.0000186 seconds
2017-08-01T03:37:20.557+0000: 17192.130: Total time for which application threads were stopped: 0.0001072 seconds, Stopping threads took: 0.0000231 seconds
2017-08-01T03:37:20.557+0000: 17192.130: Total time for which application threads were stopped: 0.0001271 seconds, Stopping threads took: 0.0000434 seconds
2017-08-01T03:37:27.558+0000: 17199.131: Total time for which application threads were stopped: 0.0001811 seconds, Stopping threads took: 0.0000585 seconds
{Heap before GC invocations=251 (full 2):
 par new generation   total 153344K, used 142798K [0x0000000080000000, 0x000000008a660000, 0x000000008a660000)
  eden space 136320K, 100% used [0x0000000080000000, 0x0000000088520000, 0x0000000088520000)
  from space 17024K,  38% used [0x00000000895c0000, 0x0000000089c13850, 0x000000008a660000)
  to   space 17024K,   0% used [0x0000000088520000, 0x0000000088520000, 0x00000000895c0000)
 concurrent mark-sweep generation total 1926784K, used 287417K [0x000000008a660000, 0x0000000100000000, 0x0000000100000000)
 Metaspace       used 86786K, capacity 92508K, committed 92824K, reserved 1130496K
  class space    used 10447K, capacity 10835K, committed 10912K, reserved 1048576K
2017-08-01T03:37:48.646+0000: 17220.219: [GC (Allocation Failure) Before GC:
Statistics for BinaryTreeDictionary:
------------------------------------
Total Free Space: 209704282
Max   Chunk Size: 209704282
Number of Blocks: 1
Av.  Block  Size: 209704282
Tree      Height: 1
2017-08-01T03:37:48.646+0000: 17220.220: [ParNew
Desired survivor size 8716288 bytes, new threshold 6 (max 6)
- age   1:    1453736 bytes,    1453736 total
- age   2:     723928 bytes,    2177664 total
- age   3:     540128 bytes,    2717792 total
- age   4:     608376 bytes,    3326168 total
- age   5:     549376 bytes,    3875544 total
- age   6:     527016 bytes,    4402560 total
: 142798K->6424K(153344K), 0.0232558 secs] 430215K->294413K(2080128K)After GC:
Statistics for BinaryTreeDictionary:
------------------------------------
Total Free Space: 209629854
Max   Chunk Size: 209629854
Number of Blocks: 1
Av.  Block  Size: 209629854
Tree      Height: 1
, 0.0233662 secs] [Times: user=0.06 sys=0.00, real=0.02 secs] 
Heap after GC invocations=252 (full 2):
 par new generation   total 153344K, used 6424K [0x0000000080000000, 0x000000008a660000, 0x000000008a660000)
  eden space 136320K,   0% used [0x0000000080000000, 0x0000000080000000, 0x0000000088520000)
  from space 17024K,  37% used [0x0000000088520000, 0x0000000088b661c8, 0x00000000895c0000)
  to   space 17024K,   0% used [0x00000000895c0000, 0x00000000895c0000, 0x000000008a660000)
 concurrent mark-sweep generation total 1926784K, used 287988K [0x000000008a660000, 0x0000000100000000, 0x0000000100000000)
 Metaspace       used 86786K, capacity 92508K, committed 92824K, reserved 1130496K
  class space    used 10447K, capacity 10835K, committed 10912K, reserved 1048576K
}
2017-08-01T03:37:48.670+0000: 17220.243: Total time for which application threads were stopped: 0.0236265 seconds, Stopping threads took: 0.0000387 seconds
2017-08-01T03:37:48.670+0000: 17220.243: Total time for which application threads were stopped: 0.0001396 seconds, Stopping threads took: 0.0000375 seconds
2017-08-01T03:37:48.670+0000: 17220.243: Total time for which application threads were stopped: 0.0000811 seconds, Stopping threads took: 0.0000276 seconds
2017-08-01T03:37:48.670+0000: 17220.243: Total time for which application threads were stopped: 0.0000669 seconds, Stopping threads took: 0.0000211 seconds
2017-08-01T03:37:48.670+0000: 17220.243: Total time for which application threads were stopped: 0.0000646 seconds, Stopping threads took: 0.0000188 seconds
2017-08-01T03:37:48.670+0000: 17220.244: Total time for which application threads were stopped: 0.0001221 seconds, Stopping threads took: 0.0000570 seconds
2017-08-01T03:37:48.670+0000: 17220.244: Total time for which application threads were stopped: 0.0000688 seconds, Stopping threads took: 0.0000197 seconds
2017-08-01T03:37:48.671+0000: 17220.244: Total time for which application threads were stopped: 0.0001164 seconds, Stopping threads took: 0.0000548 seconds
2017-08-01T03:37:48.671+0000: 17220.244: Total time for which application threads were stopped: 0.0001074 seconds, Stopping threads took: 0.0000449 seconds
2017-08-01T03:37:48.671+0000: 17220.244: Total time for which application threads were stopped: 0.0001012 seconds, Stopping threads took: 0.0000417 seconds
2017-08-01T03:37:48.671+0000: 17220.244: Total time for which application threads were stopped: 0.0001185 seconds, Stopping threads took: 0.0000425 seconds
2017-08-01T03:37:48.671+0000: 17220.244: Total time for which application threads were stopped: 0.0000948 seconds, Stopping threads took: 0.0000189 seconds
2017-08-01T03:37:48.671+0000: 17220.244: Total time for which application threads were stopped: 0.0000709 seconds, Stopping threads took: 0.0000185 seconds
2017-08-01T03:37:48.671+0000: 17220.245: Total time for which application threads were stopped: 0.0000970 seconds, Stopping threads took: 0.0000323 seconds
2017-08-01T03:37:48.671+0000: 17220.245: Total time for which application threads were stopped: 0.0000711 seconds, Stopping threads took: 0.0000184 seconds
2017-08-01T03:37:48.672+0000: 17220.245: Total time for which application threads were stopped: 0.0001016 seconds, Stopping threads took: 0.0000399 seconds
2017-08-01T03:37:48.672+0000: 17220.245: Total time for which application threads were stopped: 0.0000719 seconds, Stopping threads took: 0.0000192 seconds
2017-08-01T03:37:48.672+0000: 17220.245: Total time for which application threads were stopped: 0.0001194 seconds, Stopping threads took: 0.0000461 seconds
2017-08-01T03:37:48.672+0000: 17220.245: Total time for which application threads were stopped: 0.0001037 seconds, Stopping threads took: 0.0000418 seconds
2017-08-01T03:37:48.672+0000: 17220.245: Total time for which application threads were stopped: 0.0001337 seconds, Stopping threads took: 0.0000437 seconds
2017-08-01T03:37:48.672+0000: 17220.246: Total time for which application threads were stopped: 0.0002243 seconds, Stopping threads took: 0.0000194 seconds
2017-08-01T03:39:04.689+0000: 17296.262: Total time for which application threads were stopped: 0.0001743 seconds, Stopping threads took: 0.0000707 seconds
2017-08-01T03:39:05.787+0000: 17297.360: Total time for which application threads were stopped: 0.0001973 seconds, Stopping threads took: 0.0000423 seconds
2017-08-01T03:39:05.787+0000: 17297.360: Total time for which application threads were stopped: 0.0000942 seconds, Stopping threads took: 0.0000193 seconds
2017-08-01T03:39:05.787+0000: 17297.361: Total time for which application threads were stopped: 0.0000868 seconds, Stopping threads took: 0.0000193 seconds
2017-08-01T03:39:05.787+0000: 17297.361: Total time for which application threads were stopped: 0.0000841 seconds, Stopping threads took: 0.0000187 seconds
2017-08-01T03:39:05.788+0000: 17297.361: Total time for which application threads were stopped: 0.0000878 seconds, Stopping threads took: 0.0000191 seconds
2017-08-01T03:39:05.788+0000: 17297.361: Total time for which application threads were stopped: 0.0000827 seconds, Stopping threads took: 0.0000182 seconds
{Heap before GC invocations=252 (full 2):
 par new generation   total 153344K, used 142744K [0x0000000080000000, 0x000000008a660000, 0x000000008a660000)
  eden space 136320K, 100% used [0x0000000080000000, 0x0000000088520000, 0x0000000088520000)
  from space 17024K,  37% used [0x0000000088520000, 0x0000000088b661c8, 0x00000000895c0000)
  to   space 17024K,   0% used [0x00000000895c0000, 0x00000000895c0000, 0x000000008a660000)
 concurrent mark-sweep generation total 1926784K, used 287988K [0x000000008a660000, 0x0000000100000000, 0x0000000100000000)
 Metaspace       used 86788K, capacity 92508K, committed 92824K, reserved 1130496K
  class space    used 10447K, capacity 10835K, committed 10912K, reserved 1048576K
2017-08-01T03:39:06.033+0000: 17297.606: [GC (Allocation Failure) Before GC:
Statistics for BinaryTreeDictionary:
------------------------------------
Total Free Space: 209629854
Max   Chunk Size: 209629854
Number of Blocks: 1
Av.  Block  Size: 209629854
Tree      Height: 1
2017-08-01T03:39:06.033+0000: 17297.606: [ParNew
Desired survivor size 8716288 bytes, new threshold 6 (max 6)
- age   1:    1339632 bytes,    1339632 total
- age   2:     741088 bytes,    2080720 total
- age   3:     639112 bytes,    2719832 total
- age   4:     523200 bytes,    3243032 total
- age   5:     547568 bytes,    3790600 total
- age   6:     538640 bytes,    4329240 total
: 142744K->6419K(153344K), 0.0226135 secs] 430733K->294926K(2080128K)After GC:
Statistics for BinaryTreeDictionary:
------------------------------------
Total Free Space: 209564087
Max   Chunk Size: 209564087
Number of Blocks: 1
Av.  Block  Size: 209564087
Tree      Height: 1
, 0.0227051 secs] [Times: user=0.05 sys=0.00, real=0.02 secs] 
Heap after GC invocations=253 (full 2):
 par new generation   total 153344K, used 6419K [0x0000000080000000, 0x000000008a660000, 0x000000008a660000)
  eden space 136320K,   0% used [0x0000000080000000, 0x0000000080000000, 0x0000000088520000)
  from space 17024K,  37% used [0x00000000895c0000, 0x0000000089c04fd8, 0x000000008a660000)
  to   space 17024K,   0% used [0x0000000088520000, 0x0000000088520000, 0x00000000895c0000)
 concurrent mark-sweep generation total 1926784K, used 288506K [0x000000008a660000, 0x0000000100000000, 0x0000000100000000)
 Metaspace       used 86788K, capacity 92508K, committed 92824K, reserved 1130496K
  class space    used 10447K, capacity 10835K, committed 10912K, reserved 1048576K
}
2017-08-01T03:39:06.056+0000: 17297.629: Total time for which application threads were stopped: 0.0229625 seconds, Stopping threads took: 0.0000395 seconds
2017-08-01T03:39:06.056+0000: 17297.629: Total time for which application threads were stopped: 0.0001170 seconds, Stopping threads took: 0.0000277 seconds
2017-08-01T03:39:06.056+0000: 17297.630: Total time for which application threads were stopped: 0.0000734 seconds, Stopping threads took: 0.0000264 seconds
2017-08-01T03:39:06.056+0000: 17297.630: Total time for which application threads were stopped: 0.0000921 seconds, Stopping threads took: 0.0000423 seconds
2017-08-01T03:39:06.056+0000: 17297.630: Total time for which application threads were stopped: 0.0000642 seconds, Stopping threads took: 0.0000180 seconds
2017-08-01T03:39:06.057+0000: 17297.630: Total time for which application threads were stopped: 0.0000889 seconds, Stopping threads took: 0.0000403 seconds
2017-08-01T03:39:06.057+0000: 17297.630: Total time for which application threads were stopped: 0.0000811 seconds, Stopping threads took: 0.0000339 seconds
2017-08-01T03:39:06.057+0000: 17297.630: Total time for which application threads were stopped: 0.0000815 seconds, Stopping threads took: 0.0000193 seconds
2017-08-01T03:39:06.057+0000: 17297.630: Total time for which application threads were stopped: 0.0000678 seconds, Stopping threads took: 0.0000214 seconds
2017-08-01T03:39:06.057+0000: 17297.630: Total time for which application threads were stopped: 0.0000661 seconds, Stopping threads took: 0.0000207 seconds
2017-08-01T03:39:06.057+0000: 17297.630: Total time for which application threads were stopped: 0.0000880 seconds, Stopping threads took: 0.0000324 seconds
2017-08-01T03:39:06.057+0000: 17297.631: Total time for which application threads were stopped: 0.0000984 seconds, Stopping threads took: 0.0000432 seconds
2017-08-01T03:39:06.057+0000: 17297.631: Total time for which application threads were stopped: 0.0000626 seconds, Stopping threads took: 0.0000168 seconds
2017-08-01T03:39:06.057+0000: 17297.631: Total time for which application threads were stopped: 0.0000827 seconds, Stopping threads took: 0.0000218 seconds
2017-08-01T03:39:06.058+0000: 17297.631: Total time for which application threads were stopped: 0.0000651 seconds, Stopping threads took: 0.0000197 seconds
2017-08-01T03:39:06.058+0000: 17297.631: Total time for which application threads were stopped: 0.0000834 seconds, Stopping threads took: 0.0000367 seconds
2017-08-01T03:39:06.058+0000: 17297.631: Total time for which application threads were stopped: 0.0000736 seconds, Stopping threads took: 0.0000208 seconds
2017-08-01T03:39:06.058+0000: 17297.631: Total time for which application threads were stopped: 0.0000739 seconds, Stopping threads took: 0.0000182 seconds
2017-08-01T03:39:06.058+0000: 17297.631: Total time for which application threads were stopped: 0.0000697 seconds, Stopping threads took: 0.0000209 seconds
2017-08-01T03:39:06.058+0000: 17297.631: Total time for which application threads were stopped: 0.0000646 seconds, Stopping threads took: 0.0000190 seconds
2017-08-01T03:39:06.058+0000: 17297.631: Total time for which application threads were stopped: 0.0001911 seconds, Stopping threads took: 0.0000202 seconds
2017-08-01T03:39:24.060+0000: 17315.633: Total time for which application threads were stopped: 0.0001572 seconds, Stopping threads took: 0.0000407 seconds
{Heap before GC invocations=253 (full 2):
 par new generation   total 153344K, used 142739K [0x0000000080000000, 0x000000008a660000, 0x000000008a660000)
  eden space 136320K, 100% used [0x0000000080000000, 0x0000000088520000, 0x0000000088520000)
  from space 17024K,  37% used [0x00000000895c0000, 0x0000000089c04fd8, 0x000000008a660000)
  to   space 17024K,   0% used [0x0000000088520000, 0x0000000088520000, 0x00000000895c0000)
 concurrent mark-sweep generation total 1926784K, used 288506K [0x000000008a660000, 0x0000000100000000, 0x0000000100000000)
 Metaspace       used 86788K, capacity 92508K, committed 92824K, reserved 1130496K
  class space    used 10447K, capacity 10835K, committed 10912K, reserved 1048576K
2017-08-01T03:40:31.227+0000: 17382.800: [GC (Allocation Failure) Before GC:
Statistics for BinaryTreeDictionary:
------------------------------------
Total Free Space: 209564087
Max   Chunk Size: 209564087
Number of Blocks: 1
Av.  Block  Size: 209564087
Tree      Height: 1
2017-08-01T03:40:31.227+0000: 17382.800: [ParNew
Desired survivor size 8716288 bytes, new threshold 6 (max 6)
- age   1:    1459792 bytes,    1459792 total
- age   2:     661080 bytes,    2120872 total
- age   3:     648744 bytes,    2769616 total
- age   4:     567896 bytes,    3337512 total
- age   5:     507792 bytes,    3845304 total
- age   6:     534552 bytes,    4379856 total
: 142739K->6340K(153344K), 0.0231287 secs] 431246K->295373K(2080128K)After GC:
Statistics for BinaryTreeDictionary:
------------------------------------
Total Free Space: 209496732
Max   Chunk Size: 209496732
Number of Blocks: 1
Av.  Block  Size: 209496732
Tree      Height: 1
, 0.0232146 secs] [Times: user=0.06 sys=0.00, real=0.02 secs] 
Heap after GC invocations=254 (full 2):
 par new generation   total 153344K, used 6340K [0x0000000080000000, 0x000000008a660000, 0x000000008a660000)
  eden space 136320K,   0% used [0x0000000080000000, 0x0000000080000000, 0x0000000088520000)
  from space 17024K,  37% used [0x0000000088520000, 0x0000000088b513f8, 0x00000000895c0000)
  to   space 17024K,   0% used [0x00000000895c0000, 0x00000000895c0000, 0x000000008a660000)
 concurrent mark-sweep generation total 1926784K, used 289032K [0x000000008a660000, 0x0000000100000000, 0x0000000100000000)
 Metaspace       used 86788K, capacity 92508K, committed 92824K, reserved 1130496K
  class space    used 10447K, capacity 10835K, committed 10912K, reserved 1048576K
}
2017-08-01T03:40:31.250+0000: 17382.823: Total time for which application threads were stopped: 0.0234997 seconds, Stopping threads took: 0.0000777 seconds
2017-08-01T03:40:31.250+0000: 17382.824: Total time for which application threads were stopped: 0.0001751 seconds, Stopping threads took: 0.0000736 seconds
2017-08-01T03:40:31.251+0000: 17382.824: Total time for which application threads were stopped: 0.0001228 seconds, Stopping threads took: 0.0000572 seconds
2017-08-01T03:40:31.251+0000: 17382.824: Total time for which application threads were stopped: 0.0001350 seconds, Stopping threads took: 0.0000692 seconds
2017-08-01T03:40:31.251+0000: 17382.824: Total time for which application threads were stopped: 0.0001141 seconds, Stopping threads took: 0.0000539 seconds
2017-08-01T03:40:31.251+0000: 17382.824: Total time for which application threads were stopped: 0.0000769 seconds, Stopping threads took: 0.0000268 seconds
2017-08-01T03:40:31.251+0000: 17382.824: Total time for which application threads were stopped: 0.0001026 seconds, Stopping threads took: 0.0000425 seconds
2017-08-01T03:40:31.251+0000: 17382.825: Total time for which application threads were stopped: 0.0000721 seconds, Stopping threads took: 0.0000224 seconds
2017-08-01T03:40:31.252+0000: 17382.825: Total time for which application threads were stopped: 0.0001366 seconds, Stopping threads took: 0.0000751 seconds
2017-08-01T03:40:31.258+0000: 17382.831: Total time for which application threads were stopped: 0.0001025 seconds, Stopping threads took: 0.0000386 seconds
2017-08-01T03:40:31.258+0000: 17382.832: Total time for which application threads were stopped: 0.0000685 seconds, Stopping threads took: 0.0000220 seconds
2017-08-01T03:40:31.258+0000: 17382.832: Total time for which application threads were stopped: 0.0001168 seconds, Stopping threads took: 0.0000586 seconds
2017-08-01T03:40:31.259+0000: 17382.832: Total time for which application threads were stopped: 0.0001005 seconds, Stopping threads took: 0.0000341 seconds
2017-08-01T03:40:31.259+0000: 17382.832: Total time for which application threads were stopped: 0.0001000 seconds, Stopping threads took: 0.0000444 seconds
2017-08-01T03:40:31.259+0000: 17382.832: Total time for which application threads were stopped: 0.0000933 seconds, Stopping threads took: 0.0000338 seconds
2017-08-01T03:40:31.259+0000: 17382.832: Total time for which application threads were stopped: 0.0001110 seconds, Stopping threads took: 0.0000546 seconds
2017-08-01T03:40:31.259+0000: 17382.832: Total time for which application threads were stopped: 0.0000647 seconds, Stopping threads took: 0.0000191 seconds
2017-08-01T03:40:31.259+0000: 17382.832: Total time for which application threads were stopped: 0.0000927 seconds, Stopping threads took: 0.0000335 seconds
2017-08-01T03:40:31.259+0000: 17382.833: Total time for which application threads were stopped: 0.0000897 seconds, Stopping threads took: 0.0000284 seconds
2017-08-01T03:40:31.259+0000: 17382.833: Total time for which application threads were stopped: 0.0001028 seconds, Stopping threads took: 0.0000475 seconds
2017-08-01T03:40:31.260+0000: 17382.833: Total time for which application threads were stopped: 0.0001803 seconds, Stopping threads took: 0.0000218 seconds
{Heap before GC invocations=254 (full 2):
 par new generation   total 153344K, used 142660K [0x0000000080000000, 0x000000008a660000, 0x000000008a660000)
  eden space 136320K, 100% used [0x0000000080000000, 0x0000000088520000, 0x0000000088520000)
  from space 17024K,  37% used [0x0000000088520000, 0x0000000088b513f8, 0x00000000895c0000)
  to   space 17024K,   0% used [0x00000000895c0000, 0x00000000895c0000, 0x000000008a660000)
 concurrent mark-sweep generation total 1926784K, used 289032K [0x000000008a660000, 0x0000000100000000, 0x0000000100000000)
 Metaspace       used 86788K, capacity 92508K, committed 92824K, reserved 1130496K
  class space    used 10447K, capacity 10835K, committed 10912K, reserved 1048576K
2017-08-01T03:41:50.672+0000: 17462.246: [GC (Allocation Failure) Before GC:
Statistics for BinaryTreeDictionary:
------------------------------------
Total Free Space: 209496732
Max   Chunk Size: 209496732
Number of Blocks: 1
Av.  Block  Size: 209496732
Tree      Height: 1
2017-08-01T03:41:50.673+0000: 17462.246: [ParNew
Desired survivor size 8716288 bytes, new threshold 6 (max 6)
- age   1:    1270600 bytes,    1270600 total
- age   2:     749280 bytes,    2019880 total
- age   3:     614544 bytes,    2634424 total
- age   4:     579320 bytes,    3213744 total
- age   5:     553824 bytes,    3767568 total
- age   6:     498432 bytes,    4266000 total
: 142660K->6328K(153344K), 0.0380167 secs] 431693K->295887K(2080128K)After GC:
Statistics for BinaryTreeDictionary:
------------------------------------
Total Free Space: 209425577
Max   Chunk Size: 209425577
Number of Blocks: 1
Av.  Block  Size: 209425577
Tree      Height: 1
, 0.0381136 secs] [Times: user=0.07 sys=0.00, real=0.04 secs] 
Heap after GC invocations=255 (full 2):
 par new generation   total 153344K, used 6328K [0x0000000080000000, 0x000000008a660000, 0x000000008a660000)
  eden space 136320K,   0% used [0x0000000080000000, 0x0000000080000000, 0x0000000088520000)
  from space 17024K,  37% used [0x00000000895c0000, 0x0000000089bee2e8, 0x000000008a660000)
  to   space 17024K,   0% used [0x0000000088520000, 0x0000000088520000, 0x00000000895c0000)
 concurrent mark-sweep generation total 1926784K, used 289559K [0x000000008a660000, 0x0000000100000000, 0x0000000100000000)
 Metaspace       used 86788K, capacity 92508K, committed 92824K, reserved 1130496K
  class space    used 10447K, capacity 10835K, committed 10912K, reserved 1048576K
}
2017-08-01T03:41:50.711+0000: 17462.284: Total time for which application threads were stopped: 0.0384236 seconds, Stopping threads took: 0.0000517 seconds
2017-08-01T03:41:50.711+0000: 17462.284: Total time for which application threads were stopped: 0.0003662 seconds, Stopping threads took: 0.0002574 seconds
2017-08-01T03:41:50.720+0000: 17462.293: Total time for which application threads were stopped: 0.0001543 seconds, Stopping threads took: 0.0000570 seconds
2017-08-01T03:41:50.720+0000: 17462.293: Total time for which application threads were stopped: 0.0001382 seconds, Stopping threads took: 0.0000364 seconds
2017-08-01T03:41:50.720+0000: 17462.294: Total time for which application threads were stopped: 0.0001169 seconds, Stopping threads took: 0.0000543 seconds
2017-08-01T03:41:50.720+0000: 17462.294: Total time for which application threads were stopped: 0.0000825 seconds, Stopping threads took: 0.0000179 seconds
2017-08-01T03:41:50.721+0000: 17462.294: Total time for which application threads were stopped: 0.0001204 seconds, Stopping threads took: 0.0000354 seconds
2017-08-01T03:41:50.721+0000: 17462.294: Total time for which application threads were stopped: 0.0000677 seconds, Stopping threads took: 0.0000189 seconds
2017-08-01T03:41:50.721+0000: 17462.294: Total time for which application threads were stopped: 0.0000660 seconds, Stopping threads took: 0.0000176 seconds
2017-08-01T03:41:50.721+0000: 17462.294: Total time for which application threads were stopped: 0.0001040 seconds, Stopping threads took: 0.0000384 seconds
2017-08-01T03:41:50.721+0000: 17462.294: Total time for which application threads were stopped: 0.0000643 seconds, Stopping threads took: 0.0000185 seconds
2017-08-01T03:41:50.721+0000: 17462.294: Total time for which application threads were stopped: 0.0000661 seconds, Stopping threads took: 0.0000174 seconds
2017-08-01T03:41:50.721+0000: 17462.295: Total time for which application threads were stopped: 0.0001227 seconds, Stopping threads took: 0.0000494 seconds
2017-08-01T03:41:50.721+0000: 17462.295: Total time for which application threads were stopped: 0.0000654 seconds, Stopping threads took: 0.0000188 seconds
2017-08-01T03:41:50.721+0000: 17462.295: Total time for which application threads were stopped: 0.0000642 seconds, Stopping threads took: 0.0000182 seconds
2017-08-01T03:41:50.722+0000: 17462.295: Total time for which application threads were stopped: 0.0001044 seconds, Stopping threads took: 0.0000310 seconds
2017-08-01T03:41:50.722+0000: 17462.295: Total time for which application threads were stopped: 0.0000810 seconds, Stopping threads took: 0.0000323 seconds
2017-08-01T03:41:50.722+0000: 17462.295: Total time for which application threads were stopped: 0.0000638 seconds, Stopping threads took: 0.0000183 seconds
2017-08-01T03:41:50.722+0000: 17462.295: Total time for which application threads were stopped: 0.0000963 seconds, Stopping threads took: 0.0000404 seconds
2017-08-01T03:41:50.722+0000: 17462.295: Total time for which application threads were stopped: 0.0001060 seconds, Stopping threads took: 0.0000451 seconds
2017-08-01T03:41:50.722+0000: 17462.296: Total time for which application threads were stopped: 0.0002070 seconds, Stopping threads took: 0.0000207 seconds
2017-08-01T03:42:33.779+0000: 17505.353: Total time for which application threads were stopped: 0.0001843 seconds, Stopping threads took: 0.0000638 seconds
2017-08-01T03:42:33.780+0000: 17505.353: Total time for which application threads were stopped: 0.0000731 seconds, Stopping threads took: 0.0000219 seconds
2017-08-01T03:42:33.780+0000: 17505.353: Total time for which application threads were stopped: 0.0003097 seconds, Stopping threads took: 0.0000188 seconds
2017-08-01T03:42:33.780+0000: 17505.353: Total time for which application threads were stopped: 0.0001783 seconds, Stopping threads took: 0.0000236 seconds
2017-08-01T03:42:33.780+0000: 17505.354: Total time for which application threads were stopped: 0.0001854 seconds, Stopping threads took: 0.0000243 seconds
2017-08-01T03:42:33.781+0000: 17505.354: Total time for which application threads were stopped: 0.0001918 seconds, Stopping threads took: 0.0000207 seconds
2017-08-01T03:42:34.816+0000: 17506.390: Total time for which application threads were stopped: 0.0001755 seconds, Stopping threads took: 0.0000409 seconds
2017-08-01T03:42:34.816+0000: 17506.390: Total time for which application threads were stopped: 0.0000730 seconds, Stopping threads took: 0.0000213 seconds
2017-08-01T03:42:34.817+0000: 17506.390: Total time for which application threads were stopped: 0.0001075 seconds, Stopping threads took: 0.0000309 seconds
2017-08-01T03:42:34.817+0000: 17506.390: Total time for which application threads were stopped: 0.0000679 seconds, Stopping threads took: 0.0000190 seconds
2017-08-01T03:42:50.396+0000: 17521.969: Total time for which application threads were stopped: 0.0002101 seconds, Stopping threads took: 0.0000407 seconds
2017-08-01T03:42:50.396+0000: 17521.969: Total time for which application threads were stopped: 0.0000927 seconds, Stopping threads took: 0.0000201 seconds
2017-08-01T03:42:50.396+0000: 17521.970: Total time for which application threads were stopped: 0.0000850 seconds, Stopping threads took: 0.0000191 seconds
2017-08-01T03:42:50.396+0000: 17521.970: Total time for which application threads were stopped: 0.0001033 seconds, Stopping threads took: 0.0000212 seconds
2017-08-01T03:42:50.397+0000: 17521.970: Total time for which application threads were stopped: 0.0001101 seconds, Stopping threads took: 0.0000210 seconds
2017-08-01T03:42:50.397+0000: 17521.970: Total time for which application threads were stopped: 0.0001099 seconds, Stopping threads took: 0.0000179 seconds
{Heap before GC invocations=255 (full 2):
 par new generation   total 153344K, used 142648K [0x0000000080000000, 0x000000008a660000, 0x000000008a660000)
  eden space 136320K, 100% used [0x0000000080000000, 0x0000000088520000, 0x0000000088520000)
  from space 17024K,  37% used [0x00000000895c0000, 0x0000000089bee2e8, 0x000000008a660000)
  to   space 17024K,   0% used [0x0000000088520000, 0x0000000088520000, 0x00000000895c0000)
 concurrent mark-sweep generation total 1926784K, used 289559K [0x000000008a660000, 0x0000000100000000, 0x0000000100000000)
 Metaspace       used 86790K, capacity 92508K, committed 92824K, reserved 1130496K
  class space    used 10447K, capacity 10835K, committed 10912K, reserved 1048576K
2017-08-01T03:43:15.644+0000: 17547.218: [GC (Allocation Failure) Before GC:
Statistics for BinaryTreeDictionary:
------------------------------------
Total Free Space: 209425577
Max   Chunk Size: 209425577
Number of Blocks: 1
Av.  Block  Size: 209425577
Tree      Height: 1
2017-08-01T03:43:15.644+0000: 17547.218: [ParNew
Desired survivor size 8716288 bytes, new threshold 6 (max 6)
- age   1:    1408920 bytes,    1408920 total
- age   2:     587872 bytes,    1996792 total
- age   3:     684216 bytes,    2681008 total
- age   4:     567008 bytes,    3248016 total
- age   5:     563608 bytes,    3811624 total
- age   6:     544624 bytes,    4356248 total
: 142648K->6310K(153344K), 0.0237683 secs] 432207K->296359K(2080128K)After GC:
Statistics for BinaryTreeDictionary:
------------------------------------
Total Free Space: 209364987
Max   Chunk Size: 209364987
Number of Blocks: 1
Av.  Block  Size: 209364987
Tree      Height: 1
, 0.0238904 secs] [Times: user=0.06 sys=0.00, real=0.02 secs] 
Heap after GC invocations=256 (full 2):
 par new generation   total 153344K, used 6310K [0x0000000080000000, 0x000000008a660000, 0x000000008a660000)
  eden space 136320K,   0% used [0x0000000080000000, 0x0000000080000000, 0x0000000088520000)
  from space 17024K,  37% used [0x0000000088520000, 0x0000000088b49b98, 0x00000000895c0000)
  to   space 17024K,   0% used [0x00000000895c0000, 0x00000000895c0000, 0x000000008a660000)
 concurrent mark-sweep generation total 1926784K, used 290048K [0x000000008a660000, 0x0000000100000000, 0x0000000100000000)
 Metaspace       used 86790K, capacity 92508K, committed 92824K, reserved 1130496K
  class space    used 10447K, capacity 10835K, committed 10912K, reserved 1048576K
}
2017-08-01T03:43:15.668+0000: 17547.242: Total time for which application threads were stopped: 0.0241693 seconds, Stopping threads took: 0.0000576 seconds
2017-08-01T03:43:15.669+0000: 17547.242: Total time for which application threads were stopped: 0.0001465 seconds, Stopping threads took: 0.0000305 seconds
2017-08-01T03:43:15.669+0000: 17547.242: Total time for which application threads were stopped: 0.0000693 seconds, Stopping threads took: 0.0000214 seconds
2017-08-01T03:43:15.669+0000: 17547.242: Total time for which application threads were stopped: 0.0000672 seconds, Stopping threads took: 0.0000209 seconds
2017-08-01T03:43:15.669+0000: 17547.243: Total time for which application threads were stopped: 0.0001009 seconds, Stopping threads took: 0.0000324 seconds
2017-08-01T03:43:15.669+0000: 17547.243: Total time for which application threads were stopped: 0.0000638 seconds, Stopping threads took: 0.0000185 seconds
2017-08-01T03:43:15.669+0000: 17547.243: Total time for which application threads were stopped: 0.0000665 seconds, Stopping threads took: 0.0000209 seconds
2017-08-01T03:43:15.670+0000: 17547.243: Total time for which application threads were stopped: 0.0000752 seconds, Stopping threads took: 0.0000206 seconds
2017-08-01T03:43:15.670+0000: 17547.243: Total time for which application threads were stopped: 0.0000646 seconds, Stopping threads took: 0.0000194 seconds
2017-08-01T03:43:15.670+0000: 17547.243: Total time for which application threads were stopped: 0.0000652 seconds, Stopping threads took: 0.0000201 seconds
2017-08-01T03:43:15.670+0000: 17547.243: Total time for which application threads were stopped: 0.0001367 seconds, Stopping threads took: 0.0000792 seconds
2017-08-01T03:43:15.670+0000: 17547.243: Total time for which application threads were stopped: 0.0000636 seconds, Stopping threads took: 0.0000183 seconds
2017-08-01T03:43:15.670+0000: 17547.243: Total time for which application threads were stopped: 0.0000636 seconds, Stopping threads took: 0.0000181 seconds
2017-08-01T03:43:15.670+0000: 17547.243: Total time for which application threads were stopped: 0.0000741 seconds, Stopping threads took: 0.0000205 seconds
2017-08-01T03:43:15.670+0000: 17547.244: Total time for which application threads were stopped: 0.0000648 seconds, Stopping threads took: 0.0000196 seconds
2017-08-01T03:43:15.670+0000: 17547.244: Total time for which application threads were stopped: 0.0000858 seconds, Stopping threads took: 0.0000209 seconds
2017-08-01T03:43:15.670+0000: 17547.244: Total time for which application threads were stopped: 0.0000737 seconds, Stopping threads took: 0.0000281 seconds
2017-08-01T03:43:15.671+0000: 17547.244: Total time for which application threads were stopped: 0.0000645 seconds, Stopping threads took: 0.0000189 seconds
2017-08-01T03:43:15.671+0000: 17547.244: Total time for which application threads were stopped: 0.0000913 seconds, Stopping threads took: 0.0000352 seconds
2017-08-01T03:43:15.671+0000: 17547.244: Total time for which application threads were stopped: 0.0000742 seconds, Stopping threads took: 0.0000187 seconds
2017-08-01T03:43:15.671+0000: 17547.244: Total time for which application threads were stopped: 0.0002267 seconds, Stopping threads took: 0.0000219 seconds
{Heap before GC invocations=256 (full 2):
 par new generation   total 153344K, used 142630K [0x0000000080000000, 0x000000008a660000, 0x000000008a660000)
  eden space 136320K, 100% used [0x0000000080000000, 0x0000000088520000, 0x0000000088520000)
  from space 17024K,  37% used [0x0000000088520000, 0x0000000088b49b98, 0x00000000895c0000)
  to   space 17024K,   0% used [0x00000000895c0000, 0x00000000895c0000, 0x000000008a660000)
 concurrent mark-sweep generation total 1926784K, used 290048K [0x000000008a660000, 0x0000000100000000, 0x0000000100000000)
 Metaspace       used 86791K, capacity 92508K, committed 92824K, reserved 1130496K
  class space    used 10447K, capacity 10835K, committed 10912K, reserved 1048576K
2017-08-01T03:44:41.189+0000: 17632.762: [GC (Allocation Failure) Before GC:
Statistics for BinaryTreeDictionary:
------------------------------------
Total Free Space: 209364987
Max   Chunk Size: 209364987
Number of Blocks: 1
Av.  Block  Size: 209364987
Tree      Height: 1
2017-08-01T03:44:41.189+0000: 17632.762: [ParNew
Desired survivor size 8716288 bytes, new threshold 6 (max 6)
- age   1:    1445008 bytes,    1445008 total
- age   2:     726896 bytes,    2171904 total
- age   3:     536176 bytes,    2708080 total
- age   4:     633600 bytes,    3341680 total
- age   5:     504760 bytes,    3846440 total
- age   6:     554368 bytes,    4400808 total
: 142630K->6341K(153344K), 0.0235279 secs] 432679K->296922K(2080128K)After GC:
Statistics for BinaryTreeDictionary:
------------------------------------
Total Free Space: 209294745
Max   Chunk Size: 209294745
Number of Blocks: 1
Av.  Block  Size: 209294745
Tree      Height: 1
, 0.0236118 secs] [Times: user=0.06 sys=0.00, real=0.02 secs] 
Heap after GC invocations=257 (full 2):
 par new generation   total 153344K, used 6341K [0x0000000080000000, 0x000000008a660000, 0x000000008a660000)
  eden space 136320K,   0% used [0x0000000080000000, 0x0000000080000000, 0x0000000088520000)
  from space 17024K,  37% used [0x00000000895c0000, 0x0000000089bf16e0, 0x000000008a660000)
  to   space 17024K,   0% used [0x0000000088520000, 0x0000000088520000, 0x00000000895c0000)
 concurrent mark-sweep generation total 1926784K, used 290581K [0x000000008a660000, 0x0000000100000000, 0x0000000100000000)
 Metaspace       used 86791K, capacity 92508K, committed 92824K, reserved 1130496K
  class space    used 10447K, capacity 10835K, committed 10912K, reserved 1048576K
}
2017-08-01T03:44:41.213+0000: 17632.786: Total time for which application threads were stopped: 0.0239339 seconds, Stopping threads took: 0.0001008 seconds
2017-08-01T03:44:41.213+0000: 17632.786: Total time for which application threads were stopped: 0.0001835 seconds, Stopping threads took: 0.0000812 seconds
2017-08-01T03:44:41.224+0000: 17632.797: Total time for which application threads were stopped: 0.0001795 seconds, Stopping threads took: 0.0000806 seconds
2017-08-01T03:44:41.224+0000: 17632.798: Total time for which application threads were stopped: 0.0000803 seconds, Stopping threads took: 0.0000287 seconds
2017-08-01T03:44:41.224+0000: 17632.798: Total time for which application threads were stopped: 0.0001181 seconds, Stopping threads took: 0.0000550 seconds
2017-08-01T03:44:41.225+0000: 17632.798: Total time for which application threads were stopped: 0.0001008 seconds, Stopping threads took: 0.0000367 seconds
2017-08-01T03:44:41.225+0000: 17632.798: Total time for which application threads were stopped: 0.0001074 seconds, Stopping threads took: 0.0000405 seconds
2017-08-01T03:44:41.225+0000: 17632.798: Total time for which application threads were stopped: 0.0000819 seconds, Stopping threads took: 0.0000211 seconds
2017-08-01T03:44:41.225+0000: 17632.798: Total time for which application threads were stopped: 0.0001093 seconds, Stopping threads took: 0.0000449 seconds
2017-08-01T03:44:41.225+0000: 17632.799: Total time for which application threads were stopped: 0.0001299 seconds, Stopping threads took: 0.0000713 seconds
2017-08-01T03:44:41.226+0000: 17632.799: Total time for which application threads were stopped: 0.0000971 seconds, Stopping threads took: 0.0000408 seconds
2017-08-01T03:44:41.226+0000: 17632.799: Total time for which application threads were stopped: 0.0000860 seconds, Stopping threads took: 0.0000187 seconds
2017-08-01T03:44:41.226+0000: 17632.799: Total time for which application threads were stopped: 0.0001202 seconds, Stopping threads took: 0.0000616 seconds
2017-08-01T03:44:41.226+0000: 17632.799: Total time for which application threads were stopped: 0.0000639 seconds, Stopping threads took: 0.0000177 seconds
2017-08-01T03:44:41.226+0000: 17632.800: Total time for which application threads were stopped: 0.0001325 seconds, Stopping threads took: 0.0000739 seconds
2017-08-01T03:44:41.226+0000: 17632.800: Total time for which application threads were stopped: 0.0001146 seconds, Stopping threads took: 0.0000583 seconds
2017-08-01T03:44:41.227+0000: 17632.800: Total time for which application threads were stopped: 0.0000845 seconds, Stopping threads took: 0.0000378 seconds
2017-08-01T03:44:41.227+0000: 17632.800: Total time for which application threads were stopped: 0.0000881 seconds, Stopping threads took: 0.0000324 seconds
2017-08-01T03:44:41.227+0000: 17632.800: Total time for which application threads were stopped: 0.0000631 seconds, Stopping threads took: 0.0000179 seconds
2017-08-01T03:44:41.227+0000: 17632.800: Total time for which application threads were stopped: 0.0000677 seconds, Stopping threads took: 0.0000210 seconds
2017-08-01T03:44:41.227+0000: 17632.800: Total time for which application threads were stopped: 0.0002510 seconds, Stopping threads took: 0.0000330 seconds
{Heap before GC invocations=257 (full 2):
 par new generation   total 153344K, used 142661K [0x0000000080000000, 0x000000008a660000, 0x000000008a660000)
  eden space 136320K, 100% used [0x0000000080000000, 0x0000000088520000, 0x0000000088520000)
  from space 17024K,  37% used [0x00000000895c0000, 0x0000000089bf16e0, 0x000000008a660000)
  to   space 17024K,   0% used [0x0000000088520000, 0x0000000088520000, 0x00000000895c0000)
 concurrent mark-sweep generation total 1926784K, used 290581K [0x000000008a660000, 0x0000000100000000, 0x0000000100000000)
 Metaspace       used 86791K, capacity 92508K, committed 92824K, reserved 1130496K
  class space    used 10447K, capacity 10835K, committed 10912K, reserved 1048576K
2017-08-01T03:45:59.891+0000: 17711.465: [GC (Allocation Failure) Before GC:
Statistics for BinaryTreeDictionary:
------------------------------------
Total Free Space: 209294745
Max   Chunk Size: 209294745
Number of Blocks: 1
Av.  Block  Size: 209294745
Tree      Height: 1
2017-08-01T03:45:59.891+0000: 17711.465: [ParNew
Desired survivor size 8716288 bytes, new threshold 6 (max 6)
- age   1:    1336656 bytes,    1336656 total
- age   2:     712296 bytes,    2048952 total
- age   3:     677016 bytes,    2725968 total
- age   4:     515760 bytes,    3241728 total
- age   5:     571088 bytes,    3812816 total
- age   6:     495840 bytes,    4308656 total
: 142661K->6351K(153344K), 0.0233963 secs] 433242K->297475K(2080128K)After GC:
Statistics for BinaryTreeDictionary:
------------------------------------
Total Free Space: 209228567
Max   Chunk Size: 209228567
Number of Blocks: 1
Av.  Block  Size: 209228567
Tree      Height: 1
, 0.0234712 secs] [Times: user=0.06 sys=0.00, real=0.03 secs] 
Heap after GC invocations=258 (full 2):
 par new generation   total 153344K, used 6351K [0x0000000080000000, 0x000000008a660000, 0x000000008a660000)
  eden space 136320K,   0% used [0x0000000080000000, 0x0000000080000000, 0x0000000088520000)
  from space 17024K,  37% used [0x0000000088520000, 0x0000000088b53ef0, 0x00000000895c0000)
  to   space 17024K,   0% used [0x00000000895c0000, 0x00000000895c0000, 0x000000008a660000)
 concurrent mark-sweep generation total 1926784K, used 291123K [0x000000008a660000, 0x0000000100000000, 0x0000000100000000)
 Metaspace       used 86791K, capacity 92508K, committed 92824K, reserved 1130496K
  class space    used 10447K, capacity 10835K, committed 10912K, reserved 1048576K
}
2017-08-01T03:45:59.915+0000: 17711.488: Total time for which application threads were stopped: 0.0237313 seconds, Stopping threads took: 0.0000557 seconds
2017-08-01T03:45:59.915+0000: 17711.488: Total time for which application threads were stopped: 0.0001336 seconds, Stopping threads took: 0.0000351 seconds
2017-08-01T03:45:59.915+0000: 17711.489: Total time for which application threads were stopped: 0.0000993 seconds, Stopping threads took: 0.0000292 seconds
2017-08-01T03:45:59.915+0000: 17711.489: Total time for which application threads were stopped: 0.0000893 seconds, Stopping threads took: 0.0000401 seconds
2017-08-01T03:45:59.916+0000: 17711.489: Total time for which application threads were stopped: 0.0001149 seconds, Stopping threads took: 0.0000477 seconds
2017-08-01T03:45:59.916+0000: 17711.489: Total time for which application threads were stopped: 0.0000704 seconds, Stopping threads took: 0.0000221 seconds
2017-08-01T03:45:59.916+0000: 17711.489: Total time for which application threads were stopped: 0.0000684 seconds, Stopping threads took: 0.0000175 seconds
2017-08-01T03:45:59.916+0000: 17711.489: Total time for which application threads were stopped: 0.0000672 seconds, Stopping threads took: 0.0000187 seconds
2017-08-01T03:45:59.916+0000: 17711.489: Total time for which application threads were stopped: 0.0000676 seconds, Stopping threads took: 0.0000203 seconds
2017-08-01T03:45:59.916+0000: 17711.489: Total time for which application threads were stopped: 0.0001238 seconds, Stopping threads took: 0.0000504 seconds
2017-08-01T03:45:59.916+0000: 17711.490: Total time for which application threads were stopped: 0.0000684 seconds, Stopping threads took: 0.0000188 seconds
2017-08-01T03:45:59.916+0000: 17711.490: Total time for which application threads were stopped: 0.0000671 seconds, Stopping threads took: 0.0000181 seconds
2017-08-01T03:45:59.916+0000: 17711.490: Total time for which application threads were stopped: 0.0001096 seconds, Stopping threads took: 0.0000396 seconds
2017-08-01T03:45:59.917+0000: 17711.490: Total time for which application threads were stopped: 0.0000676 seconds, Stopping threads took: 0.0000194 seconds
2017-08-01T03:45:59.917+0000: 17711.490: Total time for which application threads were stopped: 0.0000676 seconds, Stopping threads took: 0.0000198 seconds
2017-08-01T03:45:59.917+0000: 17711.490: Total time for which application threads were stopped: 0.0000982 seconds, Stopping threads took: 0.0000471 seconds
2017-08-01T03:45:59.917+0000: 17711.491: Total time for which application threads were stopped: 0.0000696 seconds, Stopping threads took: 0.0000205 seconds
2017-08-01T03:45:59.917+0000: 17711.491: Total time for which application threads were stopped: 0.0000679 seconds, Stopping threads took: 0.0000205 seconds
2017-08-01T03:45:59.918+0000: 17711.491: Total time for which application threads were stopped: 0.0000996 seconds, Stopping threads took: 0.0000265 seconds
2017-08-01T03:45:59.918+0000: 17711.491: Total time for which application threads were stopped: 0.0000665 seconds, Stopping threads took: 0.0000189 seconds
2017-08-01T03:45:59.918+0000: 17711.491: Total time for which application threads were stopped: 0.0002801 seconds, Stopping threads took: 0.0000262 seconds
2017-08-01T03:47:23.986+0000: 17795.559: Total time for which application threads were stopped: 0.0002547 seconds, Stopping threads took: 0.0000400 seconds
2017-08-01T03:47:23.986+0000: 17795.559: Total time for which application threads were stopped: 0.0000967 seconds, Stopping threads took: 0.0000222 seconds
2017-08-01T03:47:23.986+0000: 17795.560: Total time for which application threads were stopped: 0.0000863 seconds, Stopping threads took: 0.0000192 seconds
2017-08-01T03:47:23.986+0000: 17795.560: Total time for which application threads were stopped: 0.0001134 seconds, Stopping threads took: 0.0000234 seconds
2017-08-01T03:47:23.987+0000: 17795.560: Total time for which application threads were stopped: 0.0001068 seconds, Stopping threads took: 0.0000191 seconds
2017-08-01T03:47:23.987+0000: 17795.560: Total time for which application threads were stopped: 0.0001131 seconds, Stopping threads took: 0.0000185 seconds
2017-08-01T03:47:25.006+0000: 17796.580: Total time for which application threads were stopped: 0.0001842 seconds, Stopping threads took: 0.0000439 seconds
2017-08-01T03:47:25.007+0000: 17796.580: Total time for which application threads were stopped: 0.0000705 seconds, Stopping threads took: 0.0000192 seconds
2017-08-01T03:47:25.007+0000: 17796.580: Total time for which application threads were stopped: 0.0001133 seconds, Stopping threads took: 0.0000179 seconds
2017-08-01T03:47:25.007+0000: 17796.580: Total time for which application threads were stopped: 0.0000699 seconds, Stopping threads took: 0.0000203 seconds
2017-08-01T03:47:25.007+0000: 17796.580: Total time for which application threads were stopped: 0.0000869 seconds, Stopping threads took: 0.0000174 seconds
2017-08-01T03:47:25.007+0000: 17796.580: Total time for which application threads were stopped: 0.0000914 seconds, Stopping threads took: 0.0000180 seconds
{Heap before GC invocations=258 (full 2):
 par new generation   total 153344K, used 142671K [0x0000000080000000, 0x000000008a660000, 0x000000008a660000)
  eden space 136320K, 100% used [0x0000000080000000, 0x0000000088520000, 0x0000000088520000)
  from space 17024K,  37% used [0x0000000088520000, 0x0000000088b53ef0, 0x00000000895c0000)
  to   space 17024K,   0% used [0x00000000895c0000, 0x00000000895c0000, 0x000000008a660000)
 concurrent mark-sweep generation total 1926784K, used 291123K [0x000000008a660000, 0x0000000100000000, 0x0000000100000000)
 Metaspace       used 86792K, capacity 92508K, committed 92824K, reserved 1130496K
  class space    used 10447K, capacity 10835K, committed 10912K, reserved 1048576K
2017-08-01T03:47:25.052+0000: 17796.625: [GC (Allocation Failure) Before GC:
Statistics for BinaryTreeDictionary:
------------------------------------
Total Free Space: 209228567
Max   Chunk Size: 209228567
Number of Blocks: 1
Av.  Block  Size: 209228567
Tree      Height: 1
2017-08-01T03:47:25.052+0000: 17796.625: [ParNew
Desired survivor size 8716288 bytes, new threshold 6 (max 6)
- age   1:    1475024 bytes,    1475024 total
- age   2:     593176 bytes,    2068200 total
- age   3:     646816 bytes,    2715016 total
- age   4:     629296 bytes,    3344312 total
- age   5:     500816 bytes,    3845128 total
- age   6:     559056 bytes,    4404184 total
: 142671K->6363K(153344K), 0.0241163 secs] 433795K->297971K(2080128K)After GC:
Statistics for BinaryTreeDictionary:
------------------------------------
Total Free Space: 209164813
Max   Chunk Size: 209164813
Number of Blocks: 1
Av.  Block  Size: 209164813
Tree      Height: 1
, 0.0242115 secs] [Times: user=0.05 sys=0.00, real=0.03 secs] 
Heap after GC invocations=259 (full 2):
 par new generation   total 153344K, used 6363K [0x0000000080000000, 0x000000008a660000, 0x000000008a660000)
  eden space 136320K,   0% used [0x0000000080000000, 0x0000000080000000, 0x0000000088520000)
  from space 17024K,  37% used [0x00000000895c0000, 0x0000000089bf6f60, 0x000000008a660000)
  to   space 17024K,   0% used [0x0000000088520000, 0x0000000088520000, 0x00000000895c0000)
 concurrent mark-sweep generation total 1926784K, used 291607K [0x000000008a660000, 0x0000000100000000, 0x0000000100000000)
 Metaspace       used 86792K, capacity 92508K, committed 92824K, reserved 1130496K
  class space    used 10447K, capacity 10835K, committed 10912K, reserved 1048576K
}
2017-08-01T03:47:25.076+0000: 17796.650: Total time for which application threads were stopped: 0.0244459 seconds, Stopping threads took: 0.0000394 seconds
2017-08-01T03:47:25.082+0000: 17796.655: Total time for which application threads were stopped: 0.0001701 seconds, Stopping threads took: 0.0000667 seconds
2017-08-01T03:47:25.082+0000: 17796.655: Total time for which application threads were stopped: 0.0001024 seconds, Stopping threads took: 0.0000288 seconds
2017-08-01T03:47:25.082+0000: 17796.656: Total time for which application threads were stopped: 0.0000754 seconds, Stopping threads took: 0.0000274 seconds
2017-08-01T03:47:25.082+0000: 17796.656: Total time for which application threads were stopped: 0.0000943 seconds, Stopping threads took: 0.0000341 seconds
2017-08-01T03:47:25.083+0000: 17796.656: Total time for which application threads were stopped: 0.0001407 seconds, Stopping threads took: 0.0000451 seconds
2017-08-01T03:47:25.083+0000: 17796.656: Total time for which application threads were stopped: 0.0001113 seconds, Stopping threads took: 0.0000550 seconds
2017-08-01T03:47:25.083+0000: 17796.657: Total time for which application threads were stopped: 0.0001040 seconds, Stopping threads took: 0.0000380 seconds
2017-08-01T03:47:25.083+0000: 17796.657: Total time for which application threads were stopped: 0.0000694 seconds, Stopping threads took: 0.0000207 seconds
2017-08-01T03:47:25.084+0000: 17796.657: Total time for which application threads were stopped: 0.0001318 seconds, Stopping threads took: 0.0000689 seconds
2017-08-01T03:47:25.084+0000: 17796.657: Total time for which application threads were stopped: 0.0000710 seconds, Stopping threads took: 0.0000216 seconds
2017-08-01T03:47:25.084+0000: 17796.657: Total time for which application threads were stopped: 0.0001137 seconds, Stopping threads took: 0.0000396 seconds
2017-08-01T03:47:25.084+0000: 17796.657: Total time for which application threads were stopped: 0.0000724 seconds, Stopping threads took: 0.0000224 seconds
2017-08-01T03:47:25.084+0000: 17796.657: Total time for which application threads were stopped: 0.0001265 seconds, Stopping threads took: 0.0000630 seconds
2017-08-01T03:47:25.084+0000: 17796.658: Total time for which application threads were stopped: 0.0000682 seconds, Stopping threads took: 0.0000195 seconds
2017-08-01T03:47:25.084+0000: 17796.658: Total time for which application threads were stopped: 0.0000996 seconds, Stopping threads took: 0.0000411 seconds
2017-08-01T03:47:25.084+0000: 17796.658: Total time for which application threads were stopped: 0.0001048 seconds, Stopping threads took: 0.0000450 seconds
2017-08-01T03:47:25.085+0000: 17796.658: Total time for which application threads were stopped: 0.0001070 seconds, Stopping threads took: 0.0000487 seconds
2017-08-01T03:47:25.085+0000: 17796.658: Total time for which application threads were stopped: 0.0001081 seconds, Stopping threads took: 0.0000398 seconds
2017-08-01T03:47:25.085+0000: 17796.658: Total time for which application threads were stopped: 0.0001041 seconds, Stopping threads took: 0.0000498 seconds
2017-08-01T03:47:25.085+0000: 17796.658: Total time for which application threads were stopped: 0.0002291 seconds, Stopping threads took: 0.0000189 seconds
{Heap before GC invocations=259 (full 2):
 par new generation   total 153344K, used 142683K [0x0000000080000000, 0x000000008a660000, 0x000000008a660000)
  eden space 136320K, 100% used [0x0000000080000000, 0x0000000088520000, 0x0000000088520000)
  from space 17024K,  37% used [0x00000000895c0000, 0x0000000089bf6f60, 0x000000008a660000)
  to   space 17024K,   0% used [0x0000000088520000, 0x0000000088520000, 0x00000000895c0000)
 concurrent mark-sweep generation total 1926784K, used 291607K [0x000000008a660000, 0x0000000100000000, 0x0000000100000000)
 Metaspace       used 86792K, capacity 92508K, committed 92824K, reserved 1130496K
  class space    used 10447K, capacity 10835K, committed 10912K, reserved 1048576K
2017-08-01T03:48:50.660+0000: 17882.233: [GC (Allocation Failure) Before GC:
Statistics for BinaryTreeDictionary:
------------------------------------
Total Free Space: 209164813
Max   Chunk Size: 209164813
Number of Blocks: 1
Av.  Block  Size: 209164813
Tree      Height: 1
2017-08-01T03:48:50.660+0000: 17882.233: [ParNew
Desired survivor size 8716288 bytes, new threshold 6 (max 6)
- age   1:    1455256 bytes,    1455256 total
- age   2:     737536 bytes,    2192792 total
- age   3:     538072 bytes,    2730864 total
- age   4:     601488 bytes,    3332352 total
- age   5:     569352 bytes,    3901704 total
- age   6:     489608 bytes,    4391312 total
: 142683K->6407K(153344K), 0.0232222 secs] 434291K->298563K(2080128K)After GC:
Statistics for BinaryTreeDictionary:
------------------------------------
Total Free Space: 209097899
Max   Chunk Size: 209097899
Number of Blocks: 1
Av.  Block  Size: 209097899
Tree      Height: 1
, 0.0232993 secs] [Times: user=0.05 sys=0.00, real=0.03 secs] 
Heap after GC invocations=260 (full 2):
 par new generation   total 153344K, used 6407K [0x0000000080000000, 0x000000008a660000, 0x000000008a660000)
  eden space 136320K,   0% used [0x0000000080000000, 0x0000000080000000, 0x0000000088520000)
  from space 17024K,  37% used [0x0000000088520000, 0x0000000088b61ea0, 0x00000000895c0000)
  to   space 17024K,   0% used [0x00000000895c0000, 0x00000000895c0000, 0x000000008a660000)
 concurrent mark-sweep generation total 1926784K, used 292155K [0x000000008a660000, 0x0000000100000000, 0x0000000100000000)
 Metaspace       used 86792K, capacity 92508K, committed 92824K, reserved 1130496K
  class space    used 10447K, capacity 10835K, committed 10912K, reserved 1048576K
}
2017-08-01T03:48:50.683+0000: 17882.257: Total time for which application threads were stopped: 0.0235664 seconds, Stopping threads took: 0.0000407 seconds
2017-08-01T03:48:50.684+0000: 17882.257: Total time for which application threads were stopped: 0.0001939 seconds, Stopping threads took: 0.0000661 seconds
2017-08-01T03:48:50.684+0000: 17882.257: Total time for which application threads were stopped: 0.0000900 seconds, Stopping threads took: 0.0000137 seconds
2017-08-01T03:48:50.684+0000: 17882.257: Total time for which application threads were stopped: 0.0000868 seconds, Stopping threads took: 0.0000127 seconds
2017-08-01T03:48:50.684+0000: 17882.257: Total time for which application threads were stopped: 0.0000880 seconds, Stopping threads took: 0.0000122 seconds
2017-08-01T03:48:50.684+0000: 17882.258: Total time for which application threads were stopped: 0.0000708 seconds, Stopping threads took: 0.0000215 seconds
2017-08-01T03:48:50.693+0000: 17882.266: Total time for which application threads were stopped: 0.0002137 seconds, Stopping threads took: 0.0000596 seconds
2017-08-01T03:48:50.693+0000: 17882.266: Total time for which application threads were stopped: 0.0000897 seconds, Stopping threads took: 0.0000142 seconds
2017-08-01T03:48:50.693+0000: 17882.266: Total time for which application threads were stopped: 0.0000996 seconds, Stopping threads took: 0.0000131 seconds
2017-08-01T03:48:50.693+0000: 17882.266: Total time for which application threads were stopped: 0.0000889 seconds, Stopping threads took: 0.0000139 seconds
2017-08-01T03:48:50.693+0000: 17882.266: Total time for which application threads were stopped: 0.0000973 seconds, Stopping threads took: 0.0000126 seconds
2017-08-01T03:48:50.693+0000: 17882.266: Total time for which application threads were stopped: 0.0000879 seconds, Stopping threads took: 0.0000133 seconds
2017-08-01T03:48:50.693+0000: 17882.267: Total time for which application threads were stopped: 0.0000966 seconds, Stopping threads took: 0.0000128 seconds
2017-08-01T03:48:50.693+0000: 17882.267: Total time for which application threads were stopped: 0.0000863 seconds, Stopping threads took: 0.0000132 seconds
2017-08-01T03:48:50.693+0000: 17882.267: Total time for which application threads were stopped: 0.0000958 seconds, Stopping threads took: 0.0000129 seconds
2017-08-01T03:48:50.694+0000: 17882.267: Total time for which application threads were stopped: 0.0000864 seconds, Stopping threads took: 0.0000127 seconds
2017-08-01T03:48:50.694+0000: 17882.267: Total time for which application threads were stopped: 0.0000962 seconds, Stopping threads took: 0.0000130 seconds
2017-08-01T03:48:50.694+0000: 17882.267: Total time for which application threads were stopped: 0.0000847 seconds, Stopping threads took: 0.0000129 seconds
2017-08-01T03:48:50.694+0000: 17882.267: Total time for which application threads were stopped: 0.0001004 seconds, Stopping threads took: 0.0000266 seconds
2017-08-01T03:48:50.694+0000: 17882.267: Total time for which application threads were stopped: 0.0000856 seconds, Stopping threads took: 0.0000129 seconds
2017-08-01T03:48:50.694+0000: 17882.268: Total time for which application threads were stopped: 0.0003604 seconds, Stopping threads took: 0.0000121 seconds
2017-08-01T03:49:41.956+0000: 17933.529: Total time for which application threads were stopped: 0.0002123 seconds, Stopping threads took: 0.0000513 seconds
2017-08-01T03:49:41.956+0000: 17933.530: Total time for which application threads were stopped: 0.0001243 seconds, Stopping threads took: 0.0000416 seconds
2017-08-01T03:49:41.956+0000: 17933.530: Total time for which application threads were stopped: 0.0000857 seconds, Stopping threads took: 0.0000203 seconds
2017-08-01T03:49:41.956+0000: 17933.530: Total time for which application threads were stopped: 0.0000834 seconds, Stopping threads took: 0.0000188 seconds
2017-08-01T03:49:41.957+0000: 17933.530: Total time for which application threads were stopped: 0.0001008 seconds, Stopping threads took: 0.0000208 seconds
2017-08-01T03:49:41.957+0000: 17933.530: Total time for which application threads were stopped: 0.0000871 seconds, Stopping threads took: 0.0000190 seconds
{Heap before GC invocations=260 (full 2):
 par new generation   total 153344K, used 142727K [0x0000000080000000, 0x000000008a660000, 0x000000008a660000)
  eden space 136320K, 100% used [0x0000000080000000, 0x0000000088520000, 0x0000000088520000)
  from space 17024K,  37% used [0x0000000088520000, 0x0000000088b61ea0, 0x00000000895c0000)
  to   space 17024K,   0% used [0x00000000895c0000, 0x00000000895c0000, 0x000000008a660000)
 concurrent mark-sweep generation total 1926784K, used 292155K [0x000000008a660000, 0x0000000100000000, 0x0000000100000000)
 Metaspace       used 86792K, capacity 92508K, committed 92824K, reserved 1130496K
  class space    used 10447K, capacity 10835K, committed 10912K, reserved 1048576K
2017-08-01T03:50:08.258+0000: 17959.832: [GC (Allocation Failure) Before GC:
Statistics for BinaryTreeDictionary:
------------------------------------
Total Free Space: 209097899
Max   Chunk Size: 209097899
Number of Blocks: 1
Av.  Block  Size: 209097899
Tree      Height: 1
2017-08-01T03:50:08.258+0000: 17959.832: [ParNew
Desired survivor size 8716288 bytes, new threshold 6 (max 6)
- age   1:    1318440 bytes,    1318440 total
- age   2:     722872 bytes,    2041312 total
- age   3:     681256 bytes,    2722568 total
- age   4:     518104 bytes,    3240672 total
- age   5:     541048 bytes,    3781720 total
- age   6:     556728 bytes,    4338448 total
: 142727K->6357K(153344K), 0.0237353 secs] 434883K->298994K(2080128K)After GC:
Statistics for BinaryTreeDictionary:
------------------------------------
Total Free Space: 209032983
Max   Chunk Size: 209032983
Number of Blocks: 1
Av.  Block  Size: 209032983
Tree      Height: 1
, 0.0238275 secs] [Times: user=0.06 sys=0.00, real=0.02 secs] 
Heap after GC invocations=261 (full 2):
 par new generation   total 153344K, used 6357K [0x0000000080000000, 0x000000008a660000, 0x000000008a660000)
  eden space 136320K,   0% used [0x0000000080000000, 0x0000000080000000, 0x0000000088520000)
  from space 17024K,  37% used [0x00000000895c0000, 0x0000000089bf5548, 0x000000008a660000)
  to   space 17024K,   0% used [0x0000000088520000, 0x0000000088520000, 0x00000000895c0000)
 concurrent mark-sweep generation total 1926784K, used 292636K [0x000000008a660000, 0x0000000100000000, 0x0000000100000000)
 Metaspace       used 86792K, capacity 92508K, committed 92824K, reserved 1130496K
  class space    used 10447K, capacity 10835K, committed 10912K, reserved 1048576K
}
2017-08-01T03:50:08.282+0000: 17959.855: Total time for which application threads were stopped: 0.0241035 seconds, Stopping threads took: 0.0000763 seconds
2017-08-01T03:50:08.283+0000: 17959.856: Total time for which application threads were stopped: 0.0001442 seconds, Stopping threads took: 0.0000344 seconds
2017-08-01T03:50:08.283+0000: 17959.856: Total time for which application threads were stopped: 0.0001074 seconds, Stopping threads took: 0.0000488 seconds
2017-08-01T03:50:08.283+0000: 17959.856: Total time for which application threads were stopped: 0.0000684 seconds, Stopping threads took: 0.0000206 seconds
2017-08-01T03:50:08.283+0000: 17959.856: Total time for which application threads were stopped: 0.0001004 seconds, Stopping threads took: 0.0000370 seconds
2017-08-01T03:50:08.283+0000: 17959.856: Total time for which application threads were stopped: 0.0000681 seconds, Stopping threads took: 0.0000194 seconds
2017-08-01T03:50:08.283+0000: 17959.856: Total time for which application threads were stopped: 0.0001273 seconds, Stopping threads took: 0.0000435 seconds
2017-08-01T03:50:08.283+0000: 17959.857: Total time for which application threads were stopped: 0.0001311 seconds, Stopping threads took: 0.0000411 seconds
2017-08-01T03:50:08.283+0000: 17959.857: Total time for which application threads were stopped: 0.0001070 seconds, Stopping threads took: 0.0000444 seconds
2017-08-01T03:50:08.284+0000: 17959.857: Total time for which application threads were stopped: 0.0001230 seconds, Stopping threads took: 0.0000430 seconds
2017-08-01T03:50:08.284+0000: 17959.857: Total time for which application threads were stopped: 0.0000935 seconds, Stopping threads took: 0.0000288 seconds
2017-08-01T03:50:08.284+0000: 17959.857: Total time for which application threads were stopped: 0.0001181 seconds, Stopping threads took: 0.0000423 seconds
2017-08-01T03:50:08.284+0000: 17959.857: Total time for which application threads were stopped: 0.0000973 seconds, Stopping threads took: 0.0000315 seconds
2017-08-01T03:50:08.284+0000: 17959.857: Total time for which application threads were stopped: 0.0000942 seconds, Stopping threads took: 0.0000275 seconds
2017-08-01T03:50:08.284+0000: 17959.857: Total time for which application threads were stopped: 0.0001080 seconds, Stopping threads took: 0.0000441 seconds
2017-08-01T03:50:08.284+0000: 17959.858: Total time for which application threads were stopped: 0.0001076 seconds, Stopping threads took: 0.0000407 seconds
2017-08-01T03:50:08.284+0000: 17959.858: Total time for which application threads were stopped: 0.0000939 seconds, Stopping threads took: 0.0000225 seconds
2017-08-01T03:50:08.285+0000: 17959.858: Total time for which application threads were stopped: 0.0000903 seconds, Stopping threads took: 0.0000349 seconds
2017-08-01T03:50:08.285+0000: 17959.858: Total time for which application threads were stopped: 0.0001093 seconds, Stopping threads took: 0.0000442 seconds
2017-08-01T03:50:08.285+0000: 17959.858: Total time for which application threads were stopped: 0.0001151 seconds, Stopping threads took: 0.0000399 seconds
2017-08-01T03:50:08.285+0000: 17959.858: Total time for which application threads were stopped: 0.0002851 seconds, Stopping threads took: 0.0000447 seconds
2017-08-01T03:51:09.296+0000: 18020.869: Total time for which application threads were stopped: 0.0003270 seconds, Stopping threads took: 0.0001029 seconds
2017-08-01T03:51:32.299+0000: 18043.872: Total time for which application threads were stopped: 0.0001735 seconds, Stopping threads took: 0.0000685 seconds
{Heap before GC invocations=261 (full 2):
 par new generation   total 153344K, used 142677K [0x0000000080000000, 0x000000008a660000, 0x000000008a660000)
  eden space 136320K, 100% used [0x0000000080000000, 0x0000000088520000, 0x0000000088520000)
  from space 17024K,  37% used [0x00000000895c0000, 0x0000000089bf5548, 0x000000008a660000)
  to   space 17024K,   0% used [0x0000000088520000, 0x0000000088520000, 0x00000000895c0000)
 concurrent mark-sweep generation total 1926784K, used 292636K [0x000000008a660000, 0x0000000100000000, 0x0000000100000000)
 Metaspace       used 86793K, capacity 92508K, committed 92824K, reserved 1130496K
  class space    used 10447K, capacity 10835K, committed 10912K, reserved 1048576K
2017-08-01T03:51:33.027+0000: 18044.601: [GC (Allocation Failure) Before GC:
Statistics for BinaryTreeDictionary:
------------------------------------
Total Free Space: 209032983
Max   Chunk Size: 209032983
Number of Blocks: 1
Av.  Block  Size: 209032983
Tree      Height: 1
2017-08-01T03:51:33.027+0000: 18044.601: [ParNew
Desired survivor size 8716288 bytes, new threshold 6 (max 6)
- age   1:    1593336 bytes,    1593336 total
- age   2:     591144 bytes,    2184480 total
- age   3:     648096 bytes,    2832576 total
- age   4:     621384 bytes,    3453960 total
- age   5:     498736 bytes,    3952696 total
- age   6:     528744 bytes,    4481440 total
: 142677K->8511K(153344K), 0.0238714 secs] 435314K->301693K(2080128K)After GC:
Statistics for BinaryTreeDictionary:
------------------------------------
Total Free Space: 208967069
Max   Chunk Size: 208967069
Number of Blocks: 1
Av.  Block  Size: 208967069
Tree      Height: 1
, 0.0239562 secs] [Times: user=0.06 sys=0.00, real=0.02 secs] 
Heap after GC invocations=262 (full 2):
 par new generation   total 153344K, used 8511K [0x0000000080000000, 0x000000008a660000, 0x000000008a660000)
  eden space 136320K,   0% used [0x0000000080000000, 0x0000000080000000, 0x0000000088520000)
  from space 17024K,  49% used [0x0000000088520000, 0x0000000088d6fe88, 0x00000000895c0000)
  to   space 17024K,   0% used [0x00000000895c0000, 0x00000000895c0000, 0x000000008a660000)
 concurrent mark-sweep generation total 1926784K, used 293181K [0x000000008a660000, 0x0000000100000000, 0x0000000100000000)
 Metaspace       used 86793K, capacity 92508K, committed 92824K, reserved 1130496K
  class space    used 10447K, capacity 10835K, committed 10912K, reserved 1048576K
}
2017-08-01T03:51:33.051+0000: 18044.625: Total time for which application threads were stopped: 0.0241933 seconds, Stopping threads took: 0.0000404 seconds
2017-08-01T03:51:33.052+0000: 18044.625: Total time for which application threads were stopped: 0.0001746 seconds, Stopping threads took: 0.0000686 seconds
2017-08-01T03:51:33.052+0000: 18044.626: Total time for which application threads were stopped: 0.0000996 seconds, Stopping threads took: 0.0000362 seconds
2017-08-01T03:51:33.053+0000: 18044.626: Total time for which application threads were stopped: 0.0001030 seconds, Stopping threads took: 0.0000461 seconds
2017-08-01T03:51:33.053+0000: 18044.626: Total time for which application threads were stopped: 0.0001056 seconds, Stopping threads took: 0.0000484 seconds
2017-08-01T03:51:33.053+0000: 18044.626: Total time for which application threads were stopped: 0.0001232 seconds, Stopping threads took: 0.0000633 seconds
2017-08-01T03:51:33.053+0000: 18044.627: Total time for which application threads were stopped: 0.0000746 seconds, Stopping threads took: 0.0000234 seconds
2017-08-01T03:51:33.053+0000: 18044.627: Total time for which application threads were stopped: 0.0000944 seconds, Stopping threads took: 0.0000291 seconds
2017-08-01T03:51:33.054+0000: 18044.627: Total time for which application threads were stopped: 0.0001050 seconds, Stopping threads took: 0.0000460 seconds
2017-08-01T03:51:33.054+0000: 18044.627: Total time for which application threads were stopped: 0.0001073 seconds, Stopping threads took: 0.0000463 seconds
2017-08-01T03:51:33.054+0000: 18044.627: Total time for which application threads were stopped: 0.0000853 seconds, Stopping threads took: 0.0000260 seconds
2017-08-01T03:51:33.054+0000: 18044.627: Total time for which application threads were stopped: 0.0001019 seconds, Stopping threads took: 0.0000442 seconds
2017-08-01T03:51:33.054+0000: 18044.627: Total time for which application threads were stopped: 0.0000686 seconds, Stopping threads took: 0.0000204 seconds
2017-08-01T03:51:33.054+0000: 18044.627: Total time for which application threads were stopped: 0.0001077 seconds, Stopping threads took: 0.0000470 seconds
2017-08-01T03:51:33.054+0000: 18044.628: Total time for which application threads were stopped: 0.0000750 seconds, Stopping threads took: 0.0000219 seconds
2017-08-01T03:51:33.054+0000: 18044.628: Total time for which application threads were stopped: 0.0001044 seconds, Stopping threads took: 0.0000445 seconds
2017-08-01T03:51:33.055+0000: 18044.628: Total time for which application threads were stopped: 0.0001088 seconds, Stopping threads took: 0.0000488 seconds
2017-08-01T03:51:33.055+0000: 18044.628: Total time for which application threads were stopped: 0.0001040 seconds, Stopping threads took: 0.0000446 seconds
2017-08-01T03:51:33.055+0000: 18044.628: Total time for which application threads were stopped: 0.0000938 seconds, Stopping threads took: 0.0000411 seconds
2017-08-01T03:51:33.055+0000: 18044.628: Total time for which application threads were stopped: 0.0001039 seconds, Stopping threads took: 0.0000425 seconds
2017-08-01T03:51:33.055+0000: 18044.628: Total time for which application threads were stopped: 0.0002384 seconds, Stopping threads took: 0.0000325 seconds
{Heap before GC invocations=262 (full 2):
 par new generation   total 153344K, used 144831K [0x0000000080000000, 0x000000008a660000, 0x000000008a660000)
  eden space 136320K, 100% used [0x0000000080000000, 0x0000000088520000, 0x0000000088520000)
  from space 17024K,  49% used [0x0000000088520000, 0x0000000088d6fe88, 0x00000000895c0000)
  to   space 17024K,   0% used [0x00000000895c0000, 0x00000000895c0000, 0x000000008a660000)
 concurrent mark-sweep generation total 1926784K, used 293181K [0x000000008a660000, 0x0000000100000000, 0x0000000100000000)
 Metaspace       used 86793K, capacity 92508K, committed 92824K, reserved 1130496K
  class space    used 10447K, capacity 10835K, committed 10912K, reserved 1048576K
2017-08-01T03:52:50.698+0000: 18122.271: [GC (Allocation Failure) Before GC:
Statistics for BinaryTreeDictionary:
------------------------------------
Total Free Space: 208967069
Max   Chunk Size: 208967069
Number of Blocks: 1
Av.  Block  Size: 208967069
Tree      Height: 1
2017-08-01T03:52:50.698+0000: 18122.271: [ParNew
Desired survivor size 8716288 bytes, new threshold 6 (max 6)
- age   1:    1326312 bytes,    1326312 total
- age   2:     836032 bytes,    2162344 total
- age   3:     540464 bytes,    2702808 total
- age   4:     600920 bytes,    3303728 total
- age   5:     563552 bytes,    3867280 total
- age   6:     492200 bytes,    4359480 total
: 144831K->5409K(153344K), 0.0274763 secs] 438013K->299108K(2080128K)After GC:
Statistics for BinaryTreeDictionary:
------------------------------------
Total Free Space: 208899981
Max   Chunk Size: 208899981
Number of Blocks: 1
Av.  Block  Size: 208899981
Tree      Height: 1
, 0.0275696 secs] [Times: user=0.06 sys=0.00, real=0.03 secs] 
Heap after GC invocations=263 (full 2):
 par new generation   total 153344K, used 5409K [0x0000000080000000, 0x000000008a660000, 0x000000008a660000)
  eden space 136320K,   0% used [0x0000000080000000, 0x0000000080000000, 0x0000000088520000)
  from space 17024K,  31% used [0x00000000895c0000, 0x0000000089b084a0, 0x000000008a660000)
  to   space 17024K,   0% used [0x0000000088520000, 0x0000000088520000, 0x00000000895c0000)
 concurrent mark-sweep generation total 1926784K, used 293699K [0x000000008a660000, 0x0000000100000000, 0x0000000100000000)
 Metaspace       used 86793K, capacity 92508K, committed 92824K, reserved 1130496K
  class space    used 10447K, capacity 10835K, committed 10912K, reserved 1048576K
}
2017-08-01T03:52:50.726+0000: 18122.299: Total time for which application threads were stopped: 0.0335790 seconds, Stopping threads took: 0.0057184 seconds
2017-08-01T03:52:50.737+0000: 18122.310: Total time for which application threads were stopped: 0.0001799 seconds, Stopping threads took: 0.0000463 seconds
2017-08-01T03:52:50.737+0000: 18122.310: Total time for which application threads were stopped: 0.0000971 seconds, Stopping threads took: 0.0000238 seconds
2017-08-01T03:52:50.737+0000: 18122.311: Total time for which application threads were stopped: 0.0000968 seconds, Stopping threads took: 0.0000135 seconds
2017-08-01T03:52:50.737+0000: 18122.311: Total time for which application threads were stopped: 0.0000839 seconds, Stopping threads took: 0.0000132 seconds
2017-08-01T03:52:50.737+0000: 18122.311: Total time for which application threads were stopped: 0.0000945 seconds, Stopping threads took: 0.0000135 seconds
2017-08-01T03:52:50.738+0000: 18122.311: Total time for which application threads were stopped: 0.0000833 seconds, Stopping threads took: 0.0000130 seconds
2017-08-01T03:52:50.738+0000: 18122.311: Total time for which application threads were stopped: 0.0000820 seconds, Stopping threads took: 0.0000128 seconds
2017-08-01T03:52:50.738+0000: 18122.311: Total time for which application threads were stopped: 0.0000835 seconds, Stopping threads took: 0.0000125 seconds
2017-08-01T03:52:50.738+0000: 18122.311: Total time for which application threads were stopped: 0.0000994 seconds, Stopping threads took: 0.0000126 seconds
2017-08-01T03:52:50.738+0000: 18122.311: Total time for which application threads were stopped: 0.0000833 seconds, Stopping threads took: 0.0000131 seconds
2017-08-01T03:52:50.738+0000: 18122.311: Total time for which application threads were stopped: 0.0000818 seconds, Stopping threads took: 0.0000125 seconds
2017-08-01T03:52:50.738+0000: 18122.312: Total time for which application threads were stopped: 0.0000823 seconds, Stopping threads took: 0.0000128 seconds
2017-08-01T03:52:50.738+0000: 18122.312: Total time for which application threads were stopped: 0.0000817 seconds, Stopping threads took: 0.0000124 seconds
2017-08-01T03:52:50.738+0000: 18122.312: Total time for which application threads were stopped: 0.0000841 seconds, Stopping threads took: 0.0000130 seconds
2017-08-01T03:52:50.739+0000: 18122.312: Total time for which application threads were stopped: 0.0000822 seconds, Stopping threads took: 0.0000126 seconds
2017-08-01T03:52:50.739+0000: 18122.312: Total time for which application threads were stopped: 0.0000824 seconds, Stopping threads took: 0.0000128 seconds
2017-08-01T03:52:50.739+0000: 18122.312: Total time for which application threads were stopped: 0.0000962 seconds, Stopping threads took: 0.0000131 seconds
2017-08-01T03:52:50.739+0000: 18122.312: Total time for which application threads were stopped: 0.0000829 seconds, Stopping threads took: 0.0000127 seconds
2017-08-01T03:52:50.739+0000: 18122.312: Total time for which application threads were stopped: 0.0000824 seconds, Stopping threads took: 0.0000121 seconds
2017-08-01T03:52:50.739+0000: 18122.313: Total time for which application threads were stopped: 0.0003199 seconds, Stopping threads took: 0.0000132 seconds
2017-08-01T03:53:50.746+0000: 18182.320: Total time for which application threads were stopped: 0.0001493 seconds, Stopping threads took: 0.0000411 seconds
{Heap before GC invocations=263 (full 2):
 par new generation   total 153344K, used 141729K [0x0000000080000000, 0x000000008a660000, 0x000000008a660000)
  eden space 136320K, 100% used [0x0000000080000000, 0x0000000088520000, 0x0000000088520000)
  from space 17024K,  31% used [0x00000000895c0000, 0x0000000089b084a0, 0x000000008a660000)
  to   space 17024K,   0% used [0x0000000088520000, 0x0000000088520000, 0x00000000895c0000)
 concurrent mark-sweep generation total 1926784K, used 293699K [0x000000008a660000, 0x0000000100000000, 0x0000000100000000)
 Metaspace       used 86793K, capacity 92508K, committed 92824K, reserved 1130496K
  class space    used 10447K, capacity 10835K, committed 10912K, reserved 1048576K
2017-08-01T03:54:15.445+0000: 18207.019: [GC (Allocation Failure) Before GC:
Statistics for BinaryTreeDictionary:
------------------------------------
Total Free Space: 208899981
Max   Chunk Size: 208899981
Number of Blocks: 1
Av.  Block  Size: 208899981
Tree      Height: 1
2017-08-01T03:54:15.446+0000: 18207.019: [ParNew
Desired survivor size 8716288 bytes, new threshold 6 (max 6)
- age   1:    1249104 bytes,    1249104 total
- age   2:     610040 bytes,    1859144 total
- age   3:     745112 bytes,    2604256 total
- age   4:     519720 bytes,    3123976 total
- age   5:     544400 bytes,    3668376 total
- age   6:     555744 bytes,    4224120 total
: 141729K->7650K(153344K), 0.0229758 secs] 435428K->301833K(2080128K)After GC:
Statistics for BinaryTreeDictionary:
------------------------------------
Total Free Space: 208837396
Max   Chunk Size: 208837396
Number of Blocks: 1
Av.  Block  Size: 208837396
Tree      Height: 1
, 0.0230733 secs] [Times: user=0.05 sys=0.00, real=0.02 secs] 
Heap after GC invocations=264 (full 2):
 par new generation   total 153344K, used 7650K [0x0000000080000000, 0x000000008a660000, 0x000000008a660000)
  eden space 136320K,   0% used [0x0000000080000000, 0x0000000080000000, 0x0000000088520000)
  from space 17024K,  44% used [0x0000000088520000, 0x0000000088c98970, 0x00000000895c0000)
  to   space 17024K,   0% used [0x00000000895c0000, 0x00000000895c0000, 0x000000008a660000)
 concurrent mark-sweep generation total 1926784K, used 294182K [0x000000008a660000, 0x0000000100000000, 0x0000000100000000)
 Metaspace       used 86793K, capacity 92508K, committed 92824K, reserved 1130496K
  class space    used 10447K, capacity 10835K, committed 10912K, reserved 1048576K
}
2017-08-01T03:54:15.469+0000: 18207.042: Total time for which application threads were stopped: 0.0233318 seconds, Stopping threads took: 0.0000489 seconds
2017-08-01T03:54:15.474+0000: 18207.047: Total time for which application threads were stopped: 0.0001463 seconds, Stopping threads took: 0.0000404 seconds
2017-08-01T03:54:15.474+0000: 18207.047: Total time for which application threads were stopped: 0.0001092 seconds, Stopping threads took: 0.0000456 seconds
2017-08-01T03:54:15.474+0000: 18207.048: Total time for which application threads were stopped: 0.0000700 seconds, Stopping threads took: 0.0000209 seconds
2017-08-01T03:54:15.475+0000: 18207.048: Total time for which application threads were stopped: 0.0000732 seconds, Stopping threads took: 0.0000219 seconds
2017-08-01T03:54:15.475+0000: 18207.048: Total time for which application threads were stopped: 0.0001036 seconds, Stopping threads took: 0.0000452 seconds
2017-08-01T03:54:15.475+0000: 18207.048: Total time for which application threads were stopped: 0.0000922 seconds, Stopping threads took: 0.0000278 seconds
2017-08-01T03:54:15.475+0000: 18207.048: Total time for which application threads were stopped: 0.0001208 seconds, Stopping threads took: 0.0000644 seconds
2017-08-01T03:54:15.475+0000: 18207.049: Total time for which application threads were stopped: 0.0001254 seconds, Stopping threads took: 0.0000578 seconds
2017-08-01T03:54:15.475+0000: 18207.049: Total time for which application threads were stopped: 0.0001022 seconds, Stopping threads took: 0.0000454 seconds
2017-08-01T03:54:15.476+0000: 18207.049: Total time for which application threads were stopped: 0.0000897 seconds, Stopping threads took: 0.0000323 seconds
2017-08-01T03:54:15.476+0000: 18207.049: Total time for which application threads were stopped: 0.0000695 seconds, Stopping threads took: 0.0000231 seconds
2017-08-01T03:54:15.476+0000: 18207.049: Total time for which application threads were stopped: 0.0001184 seconds, Stopping threads took: 0.0000550 seconds
2017-08-01T03:54:15.476+0000: 18207.049: Total time for which application threads were stopped: 0.0001298 seconds, Stopping threads took: 0.0000584 seconds
2017-08-01T03:54:15.476+0000: 18207.049: Total time for which application threads were stopped: 0.0000676 seconds, Stopping threads took: 0.0000189 seconds
2017-08-01T03:54:15.477+0000: 18207.050: Total time for which application threads were stopped: 0.0001237 seconds, Stopping threads took: 0.0000515 seconds
2017-08-01T03:54:15.478+0000: 18207.051: Total time for which application threads were stopped: 0.0001471 seconds, Stopping threads took: 0.0000855 seconds
2017-08-01T03:54:15.478+0000: 18207.051: Total time for which application threads were stopped: 0.0001030 seconds, Stopping threads took: 0.0000431 seconds
2017-08-01T03:54:15.478+0000: 18207.051: Total time for which application threads were stopped: 0.0001137 seconds, Stopping threads took: 0.0000474 seconds
2017-08-01T03:54:15.478+0000: 18207.051: Total time for which application threads were stopped: 0.0000685 seconds, Stopping threads took: 0.0000186 seconds
2017-08-01T03:54:15.479+0000: 18207.052: Total time for which application threads were stopped: 0.0003012 seconds, Stopping threads took: 0.0000378 seconds
{Heap before GC invocations=264 (full 2):
 par new generation   total 153344K, used 143970K [0x0000000080000000, 0x000000008a660000, 0x000000008a660000)
  eden space 136320K, 100% used [0x0000000080000000, 0x0000000088520000, 0x0000000088520000)
  from space 17024K,  44% used [0x0000000088520000, 0x0000000088c98970, 0x00000000895c0000)
  to   space 17024K,   0% used [0x00000000895c0000, 0x00000000895c0000, 0x000000008a660000)
 concurrent mark-sweep generation total 1926784K, used 294182K [0x000000008a660000, 0x0000000100000000, 0x0000000100000000)
 Metaspace       used 86795K, capacity 92572K, committed 92824K, reserved 1130496K
  class space    used 10447K, capacity 10835K, committed 10912K, reserved 1048576K
2017-08-01T03:55:42.300+0000: 18293.873: [GC (Allocation Failure) Before GC:
Statistics for BinaryTreeDictionary:
------------------------------------
Total Free Space: 208837396
Max   Chunk Size: 208837396
Number of Blocks: 1
Av.  Block  Size: 208837396
Tree      Height: 1
2017-08-01T03:55:42.300+0000: 18293.873: [ParNew
Desired survivor size 8716288 bytes, new threshold 6 (max 6)
- age   1:    1294392 bytes,    1294392 total
- age   2:     540136 bytes,    1834528 total
- age   3:     547008 bytes,    2381536 total
- age   4:     668816 bytes,    3050352 total
- age   5:     508736 bytes,    3559088 total
- age   6:     535224 bytes,    4094312 total
: 143970K->5052K(153344K), 0.0228109 secs] 438153K->299779K(2080128K)After GC:
Statistics for BinaryTreeDictionary:
------------------------------------
Total Free Space: 208768866
Max   Chunk Size: 208768866
Number of Blocks: 1
Av.  Block  Size: 208768866
Tree      Height: 1
, 0.0228958 secs] [Times: user=0.06 sys=0.00, real=0.02 secs] 
Heap after GC invocations=265 (full 2):
 par new generation   total 153344K, used 5052K [0x0000000080000000, 0x000000008a660000, 0x000000008a660000)
  eden space 136320K,   0% used [0x0000000080000000, 0x0000000080000000, 0x0000000088520000)
  from space 17024K,  29% used [0x00000000895c0000, 0x0000000089aaf1e8, 0x000000008a660000)
  to   space 17024K,   0% used [0x0000000088520000, 0x0000000088520000, 0x00000000895c0000)
 concurrent mark-sweep generation total 1926784K, used 294726K [0x000000008a660000, 0x0000000100000000, 0x0000000100000000)
 Metaspace       used 86795K, capacity 92572K, committed 92824K, reserved 1130496K
  class space    used 10447K, capacity 10835K, committed 10912K, reserved 1048576K
}
2017-08-01T03:55:42.323+0000: 18293.896: Total time for which application threads were stopped: 0.0232701 seconds, Stopping threads took: 0.0001072 seconds
2017-08-01T03:55:42.324+0000: 18293.897: Total time for which application threads were stopped: 0.0001417 seconds, Stopping threads took: 0.0000445 seconds
2017-08-01T03:55:42.324+0000: 18293.897: Total time for which application threads were stopped: 0.0000796 seconds, Stopping threads took: 0.0000288 seconds
2017-08-01T03:55:42.324+0000: 18293.897: Total time for which application threads were stopped: 0.0001016 seconds, Stopping threads took: 0.0000437 seconds
2017-08-01T03:55:42.324+0000: 18293.897: Total time for which application threads were stopped: 0.0000704 seconds, Stopping threads took: 0.0000232 seconds
2017-08-01T03:55:42.324+0000: 18293.897: Total time for which application threads were stopped: 0.0001129 seconds, Stopping threads took: 0.0000519 seconds
2017-08-01T03:55:42.324+0000: 18293.897: Total time for which application threads were stopped: 0.0001376 seconds, Stopping threads took: 0.0000705 seconds
2017-08-01T03:55:42.324+0000: 18293.898: Total time for which application threads were stopped: 0.0000795 seconds, Stopping threads took: 0.0000285 seconds
2017-08-01T03:55:42.324+0000: 18293.898: Total time for which application threads were stopped: 0.0000978 seconds, Stopping threads took: 0.0000166 seconds
2017-08-01T03:55:42.325+0000: 18293.898: Total time for which application threads were stopped: 0.0001220 seconds, Stopping threads took: 0.0000372 seconds
2017-08-01T03:55:42.325+0000: 18293.898: Total time for which application threads were stopped: 0.0001141 seconds, Stopping threads took: 0.0000360 seconds
2017-08-01T03:55:42.325+0000: 18293.898: Total time for which application threads were stopped: 0.0000986 seconds, Stopping threads took: 0.0000306 seconds
2017-08-01T03:55:42.325+0000: 18293.898: Total time for which application threads were stopped: 0.0000692 seconds, Stopping threads took: 0.0000191 seconds
2017-08-01T03:55:42.325+0000: 18293.898: Total time for which application threads were stopped: 0.0000990 seconds, Stopping threads took: 0.0000317 seconds
2017-08-01T03:55:42.325+0000: 18293.899: Total time for which application threads were stopped: 0.0001011 seconds, Stopping threads took: 0.0000421 seconds
2017-08-01T03:55:42.325+0000: 18293.899: Total time for which application threads were stopped: 0.0000879 seconds, Stopping threads took: 0.0000281 seconds
2017-08-01T03:55:42.326+0000: 18293.899: Total time for which application threads were stopped: 0.0000935 seconds, Stopping threads took: 0.0000313 seconds
2017-08-01T03:55:42.326+0000: 18293.899: Total time for which application threads were stopped: 0.0000887 seconds, Stopping threads took: 0.0000371 seconds
2017-08-01T03:55:42.326+0000: 18293.899: Total time for which application threads were stopped: 0.0000692 seconds, Stopping threads took: 0.0000190 seconds
2017-08-01T03:55:42.326+0000: 18293.899: Total time for which application threads were stopped: 0.0001047 seconds, Stopping threads took: 0.0000452 seconds
2017-08-01T03:55:42.326+0000: 18293.899: Total time for which application threads were stopped: 0.0002682 seconds, Stopping threads took: 0.0000422 seconds
2017-08-01T03:55:45.327+0000: 18296.900: Total time for which application threads were stopped: 0.0001511 seconds, Stopping threads took: 0.0000450 seconds
2017-08-01T03:56:27.331+0000: 18338.905: Total time for which application threads were stopped: 0.0001788 seconds, Stopping threads took: 0.0000716 seconds
{Heap before GC invocations=265 (full 2):
 par new generation   total 153344K, used 141372K [0x0000000080000000, 0x000000008a660000, 0x000000008a660000)
  eden space 136320K, 100% used [0x0000000080000000, 0x0000000088520000, 0x0000000088520000)
  from space 17024K,  29% used [0x00000000895c0000, 0x0000000089aaf1e8, 0x000000008a660000)
  to   space 17024K,   0% used [0x0000000088520000, 0x0000000088520000, 0x00000000895c0000)
 concurrent mark-sweep generation total 1926784K, used 294726K [0x000000008a660000, 0x0000000100000000, 0x0000000100000000)
 Metaspace       used 86795K, capacity 92572K, committed 92824K, reserved 1130496K
  class space    used 10447K, capacity 10835K, committed 10912K, reserved 1048576K
2017-08-01T03:57:00.347+0000: 18371.920: [GC (Allocation Failure) Before GC:
Statistics for BinaryTreeDictionary:
------------------------------------
Total Free Space: 208768866
Max   Chunk Size: 208768866
Number of Blocks: 1
Av.  Block  Size: 208768866
Tree      Height: 1
2017-08-01T03:57:00.347+0000: 18371.920: [ParNew
Desired survivor size 8716288 bytes, new threshold 6 (max 6)
- age   1:    1298400 bytes,    1298400 total
- age   2:     576120 bytes,    1874520 total
- age   3:     469152 bytes,    2343672 total
- age   4:     499504 bytes,    2843176 total
- age   5:     590632 bytes,    3433808 total
- age   6:     501896 bytes,    3935704 total
: 141372K->7215K(153344K), 0.0221501 secs] 436099K->302468K(2080128K)After GC:
Statistics for BinaryTreeDictionary:
------------------------------------
Total Free Space: 208701644
Max   Chunk Size: 208701644
Number of Blocks: 1
Av.  Block  Size: 208701644
Tree      Height: 1
, 0.0222449 secs] [Times: user=0.06 sys=0.00, real=0.02 secs] 
Heap after GC invocations=266 (full 2):
 par new generation   total 153344K, used 7215K [0x0000000080000000, 0x000000008a660000, 0x000000008a660000)
  eden space 136320K,   0% used [0x0000000080000000, 0x0000000080000000, 0x0000000088520000)
  from space 17024K,  42% used [0x0000000088520000, 0x0000000088c2bdf0, 0x00000000895c0000)
  to   space 17024K,   0% used [0x00000000895c0000, 0x00000000895c0000, 0x000000008a660000)
 concurrent mark-sweep generation total 1926784K, used 295252K [0x000000008a660000, 0x0000000100000000, 0x0000000100000000)
 Metaspace       used 86795K, capacity 92572K, committed 92824K, reserved 1130496K
  class space    used 10447K, capacity 10835K, committed 10912K, reserved 1048576K
}
2017-08-01T03:57:00.369+0000: 18371.942: Total time for which application threads were stopped: 0.0225344 seconds, Stopping threads took: 0.0000799 seconds
2017-08-01T03:57:00.379+0000: 18371.952: Total time for which application threads were stopped: 0.0001961 seconds, Stopping threads took: 0.0000848 seconds
2017-08-01T03:57:00.379+0000: 18371.953: Total time for which application threads were stopped: 0.0001062 seconds, Stopping threads took: 0.0000419 seconds
2017-08-01T03:57:00.379+0000: 18371.953: Total time for which application threads were stopped: 0.0000655 seconds, Stopping threads took: 0.0000184 seconds
2017-08-01T03:57:00.379+0000: 18371.953: Total time for which application threads were stopped: 0.0000647 seconds, Stopping threads took: 0.0000178 seconds
2017-08-01T03:57:00.380+0000: 18371.953: Total time for which application threads were stopped: 0.0000635 seconds, Stopping threads took: 0.0000173 seconds
2017-08-01T03:57:00.380+0000: 18371.953: Total time for which application threads were stopped: 0.0000635 seconds, Stopping threads took: 0.0000174 seconds
2017-08-01T03:57:00.380+0000: 18371.953: Total time for which application threads were stopped: 0.0000630 seconds, Stopping threads took: 0.0000171 seconds
2017-08-01T03:57:00.380+0000: 18371.953: Total time for which application threads were stopped: 0.0000749 seconds, Stopping threads took: 0.0000184 seconds
2017-08-01T03:57:00.380+0000: 18371.953: Total time for which application threads were stopped: 0.0000664 seconds, Stopping threads took: 0.0000200 seconds
2017-08-01T03:57:00.380+0000: 18371.953: Total time for which application threads were stopped: 0.0000688 seconds, Stopping threads took: 0.0000195 seconds
2017-08-01T03:57:00.380+0000: 18371.953: Total time for which application threads were stopped: 0.0000649 seconds, Stopping threads took: 0.0000186 seconds
2017-08-01T03:57:00.380+0000: 18371.953: Total time for which application threads were stopped: 0.0000642 seconds, Stopping threads took: 0.0000180 seconds
2017-08-01T03:57:00.380+0000: 18371.954: Total time for which application threads were stopped: 0.0000635 seconds, Stopping threads took: 0.0000174 seconds
2017-08-01T03:57:00.380+0000: 18371.954: Total time for which application threads were stopped: 0.0000634 seconds, Stopping threads took: 0.0000172 seconds
2017-08-01T03:57:00.380+0000: 18371.954: Total time for which application threads were stopped: 0.0000626 seconds, Stopping threads took: 0.0000168 seconds
2017-08-01T03:57:00.381+0000: 18371.954: Total time for which application threads were stopped: 0.0000636 seconds, Stopping threads took: 0.0000178 seconds
2017-08-01T03:57:00.381+0000: 18371.954: Total time for which application threads were stopped: 0.0000630 seconds, Stopping threads took: 0.0000169 seconds
2017-08-01T03:57:00.381+0000: 18371.954: Total time for which application threads were stopped: 0.0000627 seconds, Stopping threads took: 0.0000169 seconds
2017-08-01T03:57:00.381+0000: 18371.954: Total time for which application threads were stopped: 0.0000628 seconds, Stopping threads took: 0.0000172 seconds
2017-08-01T03:57:00.381+0000: 18371.954: Total time for which application threads were stopped: 0.0002392 seconds, Stopping threads took: 0.0000224 seconds
2017-08-01T03:57:24.166+0000: 18395.740: Total time for which application threads were stopped: 0.0002194 seconds, Stopping threads took: 0.0000440 seconds
2017-08-01T03:57:24.167+0000: 18395.740: Total time for which application threads were stopped: 0.0000974 seconds, Stopping threads took: 0.0000220 seconds
2017-08-01T03:57:24.167+0000: 18395.740: Total time for which application threads were stopped: 0.0001186 seconds, Stopping threads took: 0.0000220 seconds
2017-08-01T03:57:24.167+0000: 18395.740: Total time for which application threads were stopped: 0.0001155 seconds, Stopping threads took: 0.0000212 seconds
2017-08-01T03:57:24.167+0000: 18395.740: Total time for which application threads were stopped: 0.0001126 seconds, Stopping threads took: 0.0000362 seconds
2017-08-01T03:57:24.167+0000: 18395.740: Total time for which application threads were stopped: 0.0000832 seconds, Stopping threads took: 0.0000180 seconds
{Heap before GC invocations=266 (full 2):
 par new generation   total 153344K, used 143535K [0x0000000080000000, 0x000000008a660000, 0x000000008a660000)
  eden space 136320K, 100% used [0x0000000080000000, 0x0000000088520000, 0x0000000088520000)
  from space 17024K,  42% used [0x0000000088520000, 0x0000000088c2bdf0, 0x00000000895c0000)
  to   space 17024K,   0% used [0x00000000895c0000, 0x00000000895c0000, 0x000000008a660000)
 concurrent mark-sweep generation total 1926784K, used 295252K [0x000000008a660000, 0x0000000100000000, 0x0000000100000000)
 Metaspace       used 86795K, capacity 92572K, committed 92824K, reserved 1130496K
  class space    used 10447K, capacity 10835K, committed 10912K, reserved 1048576K
2017-08-01T03:58:26.433+0000: 18458.006: [GC (Allocation Failure) Before GC:
Statistics for BinaryTreeDictionary:
------------------------------------
Total Free Space: 208701644
Max   Chunk Size: 208701644
Number of Blocks: 1
Av.  Block  Size: 208701644
Tree      Height: 1
2017-08-01T03:58:26.433+0000: 18458.006: [ParNew
Desired survivor size 8716288 bytes, new threshold 6 (max 6)
- age   1:    1351520 bytes,    1351520 total
- age   2:     567944 bytes,    1919464 total
- age   3:     479952 bytes,    2399416 total
- age   4:     444640 bytes,    2844056 total
- age   5:     429984 bytes,    3274040 total
- age   6:     569952 bytes,    3843992 total
: 143535K->4687K(153344K), 0.0249473 secs] 438788K->300432K(2080128K)After GC:
Statistics for BinaryTreeDictionary:
------------------------------------
Total Free Space: 208636497
Max   Chunk Size: 208636497
Number of Blocks: 1
Av.  Block  Size: 208636497
Tree      Height: 1
, 0.0250313 secs] [Times: user=0.05 sys=0.00, real=0.03 secs] 
Heap after GC invocations=267 (full 2):
 par new generation   total 153344K, used 4687K [0x0000000080000000, 0x000000008a660000, 0x000000008a660000)
  eden space 136320K,   0% used [0x0000000080000000, 0x0000000080000000, 0x0000000088520000)
  from space 17024K,  27% used [0x00000000895c0000, 0x0000000089a53e20, 0x000000008a660000)
  to   space 17024K,   0% used [0x0000000088520000, 0x0000000088520000, 0x00000000895c0000)
 concurrent mark-sweep generation total 1926784K, used 295744K [0x000000008a660000, 0x0000000100000000, 0x0000000100000000)
 Metaspace       used 86795K, capacity 92572K, committed 92824K, reserved 1130496K
  class space    used 10447K, capacity 10835K, committed 10912K, reserved 1048576K
}
2017-08-01T03:58:26.458+0000: 18458.031: Total time for which application threads were stopped: 0.0253086 seconds, Stopping threads took: 0.0000658 seconds
2017-08-01T03:58:26.458+0000: 18458.031: Total time for which application threads were stopped: 0.0001651 seconds, Stopping threads took: 0.0000551 seconds
2017-08-01T03:58:26.458+0000: 18458.031: Total time for which application threads were stopped: 0.0000794 seconds, Stopping threads took: 0.0000276 seconds
2017-08-01T03:58:26.458+0000: 18458.032: Total time for which application threads were stopped: 0.0000679 seconds, Stopping threads took: 0.0000195 seconds
2017-08-01T03:58:26.458+0000: 18458.032: Total time for which application threads were stopped: 0.0000771 seconds, Stopping threads took: 0.0000293 seconds
2017-08-01T03:58:26.459+0000: 18458.032: Total time for which application threads were stopped: 0.0000819 seconds, Stopping threads took: 0.0000258 seconds
2017-08-01T03:58:26.459+0000: 18458.032: Total time for which application threads were stopped: 0.0000938 seconds, Stopping threads took: 0.0000382 seconds
2017-08-01T03:58:26.459+0000: 18458.032: Total time for which application threads were stopped: 0.0001020 seconds, Stopping threads took: 0.0000447 seconds
2017-08-01T03:58:26.470+0000: 18458.043: Total time for which application threads were stopped: 0.0008228 seconds, Stopping threads took: 0.0007384 seconds
2017-08-01T03:58:26.470+0000: 18458.043: Total time for which application threads were stopped: 0.0000680 seconds, Stopping threads took: 0.0000204 seconds
2017-08-01T03:58:26.470+0000: 18458.043: Total time for which application threads were stopped: 0.0000770 seconds, Stopping threads took: 0.0000207 seconds
2017-08-01T03:58:26.470+0000: 18458.043: Total time for which application threads were stopped: 0.0000674 seconds, Stopping threads took: 0.0000210 seconds
2017-08-01T03:58:26.470+0000: 18458.043: Total time for which application threads were stopped: 0.0000857 seconds, Stopping threads took: 0.0000208 seconds
2017-08-01T03:58:26.470+0000: 18458.043: Total time for which application threads were stopped: 0.0000666 seconds, Stopping threads took: 0.0000203 seconds
2017-08-01T03:58:26.470+0000: 18458.043: Total time for which application threads were stopped: 0.0000645 seconds, Stopping threads took: 0.0000189 seconds
2017-08-01T03:58:26.470+0000: 18458.044: Total time for which application threads were stopped: 0.0000701 seconds, Stopping threads took: 0.0000207 seconds
2017-08-01T03:58:26.470+0000: 18458.044: Total time for which application threads were stopped: 0.0000660 seconds, Stopping threads took: 0.0000200 seconds
2017-08-01T03:58:26.470+0000: 18458.044: Total time for which application threads were stopped: 0.0000677 seconds, Stopping threads took: 0.0000201 seconds
2017-08-01T03:58:26.471+0000: 18458.044: Total time for which application threads were stopped: 0.0000646 seconds, Stopping threads took: 0.0000181 seconds
2017-08-01T03:58:26.471+0000: 18458.044: Total time for which application threads were stopped: 0.0000642 seconds, Stopping threads took: 0.0000186 seconds
2017-08-01T03:58:26.471+0000: 18458.044: Total time for which application threads were stopped: 0.0002580 seconds, Stopping threads took: 0.0000178 seconds
2017-08-01T03:59:27.807+0000: 18519.380: Total time for which application threads were stopped: 0.0002427 seconds, Stopping threads took: 0.0000655 seconds
2017-08-01T03:59:27.807+0000: 18519.380: Total time for which application threads were stopped: 0.0001063 seconds, Stopping threads took: 0.0000203 seconds
2017-08-01T03:59:27.807+0000: 18519.380: Total time for which application threads were stopped: 0.0001257 seconds, Stopping threads took: 0.0000225 seconds
2017-08-01T03:59:27.807+0000: 18519.380: Total time for which application threads were stopped: 0.0000844 seconds, Stopping threads took: 0.0000180 seconds
2017-08-01T03:59:27.807+0000: 18519.381: Total time for which application threads were stopped: 0.0000930 seconds, Stopping threads took: 0.0000206 seconds
2017-08-01T03:59:27.807+0000: 18519.381: Total time for which application threads were stopped: 0.0000862 seconds, Stopping threads took: 0.0000207 seconds
2017-08-01T03:59:38.177+0000: 18529.750: Total time for which application threads were stopped: 0.0004049 seconds, Stopping threads took: 0.0000401 seconds
2017-08-01T03:59:38.177+0000: 18529.750: Total time for which application threads were stopped: 0.0001021 seconds, Stopping threads took: 0.0000195 seconds
2017-08-01T03:59:38.177+0000: 18529.750: Total time for which application threads were stopped: 0.0001180 seconds, Stopping threads took: 0.0000202 seconds
2017-08-01T03:59:38.177+0000: 18529.750: Total time for which application threads were stopped: 0.0001371 seconds, Stopping threads took: 0.0000447 seconds
2017-08-01T03:59:38.177+0000: 18529.751: Total time for which application threads were stopped: 0.0000869 seconds, Stopping threads took: 0.0000203 seconds
2017-08-01T03:59:38.177+0000: 18529.751: Total time for which application threads were stopped: 0.0001025 seconds, Stopping threads took: 0.0000176 seconds
2017-08-01T03:59:39.206+0000: 18530.779: Total time for which application threads were stopped: 0.0001970 seconds, Stopping threads took: 0.0000401 seconds
{Heap before GC invocations=267 (full 2):
 par new generation   total 153344K, used 141007K [0x0000000080000000, 0x000000008a660000, 0x000000008a660000)
  eden space 136320K, 100% used [0x0000000080000000, 0x0000000088520000, 0x0000000088520000)
  from space 17024K,  27% used [0x00000000895c0000, 0x0000000089a53e20, 0x000000008a660000)
  to   space 17024K,   0% used [0x0000000088520000, 0x0000000088520000, 0x00000000895c0000)
 concurrent mark-sweep generation total 1926784K, used 295744K [0x000000008a660000, 0x0000000100000000, 0x0000000100000000)
 Metaspace       used 86795K, capacity 92572K, committed 92824K, reserved 1130496K
  class space    used 10447K, capacity 10835K, committed 10912K, reserved 1048576K
2017-08-01T03:59:50.634+0000: 18542.207: [GC (Allocation Failure) Before GC:
Statistics for BinaryTreeDictionary:
------------------------------------
Total Free Space: 208636497
Max   Chunk Size: 208636497
Number of Blocks: 1
Av.  Block  Size: 208636497
Tree      Height: 1
2017-08-01T03:59:50.634+0000: 18542.207: [ParNew
Desired survivor size 8716288 bytes, new threshold 6 (max 6)
- age   1:    1413464 bytes,    1413464 total
- age   2:     598088 bytes,    2011552 total
- age   3:     482920 bytes,    2494472 total
- age   4:     407912 bytes,    2902384 total
- age   5:     422696 bytes,    3325080 total
- age   6:     414448 bytes,    3739528 total
: 141007K->5083K(153344K), 0.0222543 secs] 436752K->301384K(2080128K)After GC:
Statistics for BinaryTreeDictionary:
------------------------------------
Total Free Space: 208569085
Max   Chunk Size: 208569085
Number of Blocks: 1
Av.  Block  Size: 208569085
Tree      Height: 1
, 0.0223469 secs] [Times: user=0.05 sys=0.00, real=0.02 secs] 
Heap after GC invocations=268 (full 2):
 par new generation   total 153344K, used 5083K [0x0000000080000000, 0x000000008a660000, 0x000000008a660000)
  eden space 136320K,   0% used [0x0000000080000000, 0x0000000080000000, 0x0000000088520000)
  from space 17024K,  29% used [0x0000000088520000, 0x0000000088a16de0, 0x00000000895c0000)
  to   space 17024K,   0% used [0x00000000895c0000, 0x00000000895c0000, 0x000000008a660000)
 concurrent mark-sweep generation total 1926784K, used 296301K [0x000000008a660000, 0x0000000100000000, 0x0000000100000000)
 Metaspace       used 86795K, capacity 92572K, committed 92824K, reserved 1130496K
  class space    used 10447K, capacity 10835K, committed 10912K, reserved 1048576K
}
2017-08-01T03:59:50.657+0000: 18542.230: Total time for which application threads were stopped: 0.0226082 seconds, Stopping threads took: 0.0000662 seconds
2017-08-01T03:59:50.657+0000: 18542.230: Total time for which application threads were stopped: 0.0001507 seconds, Stopping threads took: 0.0000537 seconds
2017-08-01T03:59:50.657+0000: 18542.230: Total time for which application threads were stopped: 0.0001387 seconds, Stopping threads took: 0.0000783 seconds
2017-08-01T03:59:50.657+0000: 18542.230: Total time for which application threads were stopped: 0.0000733 seconds, Stopping threads took: 0.0000251 seconds
2017-08-01T03:59:50.657+0000: 18542.230: Total time for which application threads were stopped: 0.0001019 seconds, Stopping threads took: 0.0000443 seconds
2017-08-01T03:59:50.657+0000: 18542.231: Total time for which application threads were stopped: 0.0000712 seconds, Stopping threads took: 0.0000206 seconds
2017-08-01T03:59:50.666+0000: 18542.240: Total time for which application threads were stopped: 0.0001337 seconds, Stopping threads took: 0.0000471 seconds
2017-08-01T03:59:50.666+0000: 18542.240: Total time for which application threads were stopped: 0.0000900 seconds, Stopping threads took: 0.0000136 seconds
2017-08-01T03:59:50.667+0000: 18542.240: Total time for which application threads were stopped: 0.0000861 seconds, Stopping threads took: 0.0000127 seconds
2017-08-01T03:59:50.667+0000: 18542.240: Total time for which application threads were stopped: 0.0000878 seconds, Stopping threads took: 0.0000127 seconds
2017-08-01T03:59:50.667+0000: 18542.240: Total time for which application threads were stopped: 0.0000873 seconds, Stopping threads took: 0.0000134 seconds
2017-08-01T03:59:50.667+0000: 18542.240: Total time for which application threads were stopped: 0.0000866 seconds, Stopping threads took: 0.0000129 seconds
2017-08-01T03:59:50.667+0000: 18542.240: Total time for which application threads were stopped: 0.0000913 seconds, Stopping threads took: 0.0000140 seconds
2017-08-01T03:59:50.667+0000: 18542.241: Total time for which application threads were stopped: 0.0000867 seconds, Stopping threads took: 0.0000124 seconds
2017-08-01T03:59:50.667+0000: 18542.241: Total time for which application threads were stopped: 0.0000875 seconds, Stopping threads took: 0.0000126 seconds
2017-08-01T03:59:50.667+0000: 18542.241: Total time for which application threads were stopped: 0.0000874 seconds, Stopping threads took: 0.0000127 seconds
2017-08-01T03:59:50.668+0000: 18542.241: Total time for which application threads were stopped: 0.0000873 seconds, Stopping threads took: 0.0000123 seconds
2017-08-01T03:59:50.668+0000: 18542.241: Total time for which application threads were stopped: 0.0000867 seconds, Stopping threads took: 0.0000120 seconds
2017-08-01T03:59:50.668+0000: 18542.241: Total time for which application threads were stopped: 0.0000874 seconds, Stopping threads took: 0.0000128 seconds
2017-08-01T03:59:50.668+0000: 18542.241: Total time for which application threads were stopped: 0.0000885 seconds, Stopping threads took: 0.0000128 seconds
2017-08-01T03:59:50.668+0000: 18542.242: Total time for which application threads were stopped: 0.0003449 seconds, Stopping threads took: 0.0000123 seconds
{Heap before GC invocations=268 (full 2):
 par new generation   total 153344K, used 141403K [0x0000000080000000, 0x000000008a660000, 0x000000008a660000)
  eden space 136320K, 100% used [0x0000000080000000, 0x0000000088520000, 0x0000000088520000)
  from space 17024K,  29% used [0x0000000088520000, 0x0000000088a16de0, 0x00000000895c0000)
  to   space 17024K,   0% used [0x00000000895c0000, 0x00000000895c0000, 0x000000008a660000)
 concurrent mark-sweep generation total 1926784K, used 296301K [0x000000008a660000, 0x0000000100000000, 0x0000000100000000)
 Metaspace       used 86795K, capacity 92572K, committed 92824K, reserved 1130496K
  class space    used 10447K, capacity 10835K, committed 10912K, reserved 1048576K
2017-08-01T04:01:04.180+0000: 18615.753: [GC (Allocation Failure) Before GC:
Statistics for BinaryTreeDictionary:
------------------------------------
Total Free Space: 208569085
Max   Chunk Size: 208569085
Number of Blocks: 1
Av.  Block  Size: 208569085
Tree      Height: 1
2017-08-01T04:01:04.180+0000: 18615.753: [ParNew
Desired survivor size 8716288 bytes, new threshold 6 (max 6)
- age   1:    1310728 bytes,    1310728 total
- age   2:     606496 bytes,    1917224 total
- age   3:     537032 bytes,    2454256 total
- age   4:     411296 bytes,    2865552 total
- age   5:     393208 bytes,    3258760 total
- age   6:     408048 bytes,    3666808 total
: 141403K->5310K(153344K), 0.0214803 secs] 437704K->302015K(2080128K)After GC:
Statistics for BinaryTreeDictionary:
------------------------------------
Total Free Space: 208514334
Max   Chunk Size: 208514334
Number of Blocks: 1
Av.  Block  Size: 208514334
Tree      Height: 1
, 0.0215709 secs] [Times: user=0.05 sys=0.00, real=0.02 secs] 
Heap after GC invocations=269 (full 2):
 par new generation   total 153344K, used 5310K [0x0000000080000000, 0x000000008a660000, 0x000000008a660000)
  eden space 136320K,   0% used [0x0000000080000000, 0x0000000080000000, 0x0000000088520000)
  from space 17024K,  31% used [0x00000000895c0000, 0x0000000089aef808, 0x000000008a660000)
  to   space 17024K,   0% used [0x0000000088520000, 0x0000000088520000, 0x00000000895c0000)
 concurrent mark-sweep generation total 1926784K, used 296705K [0x000000008a660000, 0x0000000100000000, 0x0000000100000000)
 Metaspace       used 86795K, capacity 92572K, committed 92824K, reserved 1130496K
  class space    used 10447K, capacity 10835K, committed 10912K, reserved 1048576K
}
2017-08-01T04:01:04.202+0000: 18615.775: Total time for which application threads were stopped: 0.0218766 seconds, Stopping threads took: 0.0000621 seconds
2017-08-01T04:01:04.202+0000: 18615.775: Total time for which application threads were stopped: 0.0001601 seconds, Stopping threads took: 0.0000241 seconds
2017-08-01T04:01:04.202+0000: 18615.776: Total time for which application threads were stopped: 0.0000872 seconds, Stopping threads took: 0.0000125 seconds
2017-08-01T04:01:04.202+0000: 18615.776: Total time for which application threads were stopped: 0.0000883 seconds, Stopping threads took: 0.0000126 seconds
2017-08-01T04:01:04.203+0000: 18615.776: Total time for which application threads were stopped: 0.0000883 seconds, Stopping threads took: 0.0000125 seconds
2017-08-01T04:01:04.203+0000: 18615.776: Total time for which application threads were stopped: 0.0000978 seconds, Stopping threads took: 0.0000120 seconds
2017-08-01T04:01:04.203+0000: 18615.776: Total time for which application threads were stopped: 0.0000700 seconds, Stopping threads took: 0.0000187 seconds
2017-08-01T04:01:04.203+0000: 18615.776: Total time for which application threads were stopped: 0.0001096 seconds, Stopping threads took: 0.0000470 seconds
2017-08-01T04:01:04.203+0000: 18615.776: Total time for which application threads were stopped: 0.0000967 seconds, Stopping threads took: 0.0000382 seconds
2017-08-01T04:01:04.203+0000: 18615.776: Total time for which application threads were stopped: 0.0000674 seconds, Stopping threads took: 0.0000177 seconds
2017-08-01T04:01:04.203+0000: 18615.777: Total time for which application threads were stopped: 0.0001219 seconds, Stopping threads took: 0.0000560 seconds
2017-08-01T04:01:04.203+0000: 18615.777: Total time for which application threads were stopped: 0.0000896 seconds, Stopping threads took: 0.0000280 seconds
2017-08-01T04:01:04.204+0000: 18615.777: Total time for which application threads were stopped: 0.0001024 seconds, Stopping threads took: 0.0000417 seconds
2017-08-01T04:01:04.204+0000: 18615.777: Total time for which application threads were stopped: 0.0000701 seconds, Stopping threads took: 0.0000179 seconds
2017-08-01T04:01:04.204+0000: 18615.777: Total time for which application threads were stopped: 0.0000714 seconds, Stopping threads took: 0.0000192 seconds
2017-08-01T04:01:04.204+0000: 18615.777: Total time for which application threads were stopped: 0.0000828 seconds, Stopping threads took: 0.0000164 seconds
2017-08-01T04:01:04.204+0000: 18615.777: Total time for which application threads were stopped: 0.0000716 seconds, Stopping threads took: 0.0000190 seconds
2017-08-01T04:01:04.204+0000: 18615.777: Total time for which application threads were stopped: 0.0000700 seconds, Stopping threads took: 0.0000183 seconds
2017-08-01T04:01:04.204+0000: 18615.777: Total time for which application threads were stopped: 0.0000876 seconds, Stopping threads took: 0.0000240 seconds
2017-08-01T04:01:04.204+0000: 18615.778: Total time for which application threads were stopped: 0.0001197 seconds, Stopping threads took: 0.0000568 seconds
2017-08-01T04:01:04.205+0000: 18615.778: Total time for which application threads were stopped: 0.0002450 seconds, Stopping threads took: 0.0000188 seconds
{Heap before GC invocations=269 (full 2):
 par new generation   total 153344K, used 141630K [0x0000000080000000, 0x000000008a660000, 0x000000008a660000)
  eden space 136320K, 100% used [0x0000000080000000, 0x0000000088520000, 0x0000000088520000)
  from space 17024K,  31% used [0x00000000895c0000, 0x0000000089aef808, 0x000000008a660000)
  to   space 17024K,   0% used [0x0000000088520000, 0x0000000088520000, 0x00000000895c0000)
 concurrent mark-sweep generation total 1926784K, used 296705K [0x000000008a660000, 0x0000000100000000, 0x0000000100000000)
 Metaspace       used 86795K, capacity 92572K, committed 92824K, reserved 1130496K
  class space    used 10447K, capacity 10835K, committed 10912K, reserved 1048576K
2017-08-01T04:02:27.194+0000: 18698.768: [GC (Allocation Failure) Before GC:
Statistics for BinaryTreeDictionary:
------------------------------------
Total Free Space: 208514334
Max   Chunk Size: 208514334
Number of Blocks: 1
Av.  Block  Size: 208514334
Tree      Height: 1
2017-08-01T04:02:27.194+0000: 18698.768: [ParNew
Desired survivor size 8716288 bytes, new threshold 6 (max 6)
- age   1:    1500272 bytes,    1500272 total
- age   2:     590208 bytes,    2090480 total
- age   3:     542192 bytes,    2632672 total
- age   4:     485360 bytes,    3118032 total
- age   5:     397456 bytes,    3515488 total
- age   6:     383520 bytes,    3899008 total
: 141630K->5399K(153344K), 0.0212278 secs] 438335K->302503K(2080128K)After GC:
Statistics for BinaryTreeDictionary:
------------------------------------
Total Free Space: 208465425
Max   Chunk Size: 208465425
Number of Blocks: 1
Av.  Block  Size: 208465425
Tree      Height: 1
, 0.0213035 secs] [Times: user=0.05 sys=0.00, real=0.02 secs] 
Heap after GC invocations=270 (full 2):
 par new generation   total 153344K, used 5399K [0x0000000080000000, 0x000000008a660000, 0x000000008a660000)
  eden space 136320K,   0% used [0x0000000080000000, 0x0000000080000000, 0x0000000088520000)
  from space 17024K,  31% used [0x0000000088520000, 0x0000000088a65c18, 0x00000000895c0000)
  to   space 17024K,   0% used [0x00000000895c0000, 0x00000000895c0000, 0x000000008a660000)
 concurrent mark-sweep generation total 1926784K, used 297104K [0x000000008a660000, 0x0000000100000000, 0x0000000100000000)
 Metaspace       used 86795K, capacity 92572K, committed 92824K, reserved 1130496K
  class space    used 10447K, capacity 10835K, committed 10912K, reserved 1048576K
}
2017-08-01T04:02:27.216+0000: 18698.789: Total time for which application threads were stopped: 0.0223563 seconds, Stopping threads took: 0.0008147 seconds
2017-08-01T04:02:27.216+0000: 18698.790: Total time for which application threads were stopped: 0.0001350 seconds, Stopping threads took: 0.0000335 seconds
2017-08-01T04:02:27.228+0000: 18698.801: Total time for which application threads were stopped: 0.0001595 seconds, Stopping threads took: 0.0000472 seconds
2017-08-01T04:02:27.228+0000: 18698.801: Total time for which application threads were stopped: 0.0000665 seconds, Stopping threads took: 0.0000180 seconds
2017-08-01T04:02:27.228+0000: 18698.802: Total time for which application threads were stopped: 0.0000981 seconds, Stopping threads took: 0.0000416 seconds
2017-08-01T04:02:27.228+0000: 18698.802: Total time for which application threads were stopped: 0.0001042 seconds, Stopping threads took: 0.0000463 seconds
2017-08-01T04:02:27.228+0000: 18698.802: Total time for which application threads were stopped: 0.0000989 seconds, Stopping threads took: 0.0000425 seconds
2017-08-01T04:02:27.229+0000: 18698.802: Total time for which application threads were stopped: 0.0000637 seconds, Stopping threads took: 0.0000177 seconds
2017-08-01T04:02:27.229+0000: 18698.802: Total time for which application threads were stopped: 0.0000858 seconds, Stopping threads took: 0.0000264 seconds
2017-08-01T04:02:27.229+0000: 18698.802: Total time for which application threads were stopped: 0.0001071 seconds, Stopping threads took: 0.0000427 seconds
2017-08-01T04:02:27.229+0000: 18698.802: Total time for which application threads were stopped: 0.0000745 seconds, Stopping threads took: 0.0000189 seconds
2017-08-01T04:02:27.229+0000: 18698.802: Total time for which application threads were stopped: 0.0001046 seconds, Stopping threads took: 0.0000483 seconds
2017-08-01T04:02:27.229+0000: 18698.802: Total time for which application threads were stopped: 0.0000978 seconds, Stopping threads took: 0.0000420 seconds
2017-08-01T04:02:27.229+0000: 18698.802: Total time for which application threads were stopped: 0.0000626 seconds, Stopping threads took: 0.0000166 seconds
2017-08-01T04:02:27.229+0000: 18698.803: Total time for which application threads were stopped: 0.0001068 seconds, Stopping threads took: 0.0000433 seconds
2017-08-01T04:02:27.229+0000: 18698.803: Total time for which application threads were stopped: 0.0000982 seconds, Stopping threads took: 0.0000430 seconds
2017-08-01T04:02:27.230+0000: 18698.803: Total time for which application threads were stopped: 0.0000669 seconds, Stopping threads took: 0.0000213 seconds
2017-08-01T04:02:27.230+0000: 18698.803: Total time for which application threads were stopped: 0.0000639 seconds, Stopping threads took: 0.0000179 seconds
2017-08-01T04:02:27.230+0000: 18698.803: Total time for which application threads were stopped: 0.0001101 seconds, Stopping threads took: 0.0000422 seconds
2017-08-01T04:02:27.230+0000: 18698.803: Total time for which application threads were stopped: 0.0000764 seconds, Stopping threads took: 0.0000215 seconds
2017-08-01T04:02:27.230+0000: 18698.803: Total time for which application threads were stopped: 0.0002564 seconds, Stopping threads took: 0.0000409 seconds
{Heap before GC invocations=270 (full 2):
 par new generation   total 153344K, used 141719K [0x0000000080000000, 0x000000008a660000, 0x000000008a660000)
  eden space 136320K, 100% used [0x0000000080000000, 0x0000000088520000, 0x0000000088520000)
  from space 17024K,  31% used [0x0000000088520000, 0x0000000088a65c18, 0x00000000895c0000)
  to   space 17024K,   0% used [0x00000000895c0000, 0x00000000895c0000, 0x000000008a660000)
 concurrent mark-sweep generation total 1926784K, used 297104K [0x000000008a660000, 0x0000000100000000, 0x0000000100000000)
 Metaspace       used 86795K, capacity 92572K, committed 92824K, reserved 1130496K
  class space    used 10447K, capacity 10835K, committed 10912K, reserved 1048576K
2017-08-01T04:03:50.662+0000: 18782.235: [GC (Allocation Failure) Before GC:
Statistics for BinaryTreeDictionary:
------------------------------------
Total Free Space: 208465425
Max   Chunk Size: 208465425
Number of Blocks: 1
Av.  Block  Size: 208465425
Tree      Height: 1
2017-08-01T04:03:50.662+0000: 18782.235: [ParNew
Desired survivor size 8716288 bytes, new threshold 6 (max 6)
- age   1:    1380640 bytes,    1380640 total
- age   2:     705024 bytes,    2085664 total
- age   3:     531128 bytes,    2616792 total
- age   4:     491776 bytes,    3108568 total
- age   5:     421816 bytes,    3530384 total
- age   6:     389024 bytes,    3919408 total
: 141719K->5611K(153344K), 0.0251933 secs] 438823K->303091K(2080128K)After GC:
Statistics for BinaryTreeDictionary:
------------------------------------
Total Free Space: 208414915
Max   Chunk Size: 208414915
Number of Blocks: 1
Av.  Block  Size: 208414915
Tree      Height: 1
, 0.0252971 secs] [Times: user=0.05 sys=0.00, real=0.03 secs] 
Heap after GC invocations=271 (full 2):
 par new generation   total 153344K, used 5611K [0x0000000080000000, 0x000000008a660000, 0x000000008a660000)
  eden space 136320K,   0% used [0x0000000080000000, 0x0000000080000000, 0x0000000088520000)
  from space 17024K,  32% used [0x00000000895c0000, 0x0000000089b3ae58, 0x000000008a660000)
  to   space 17024K,   0% used [0x0000000088520000, 0x0000000088520000, 0x00000000895c0000)
 concurrent mark-sweep generation total 1926784K, used 297480K [0x000000008a660000, 0x0000000100000000, 0x0000000100000000)
 Metaspace       used 86795K, capacity 92572K, committed 92824K, reserved 1130496K
  class space    used 10447K, capacity 10835K, committed 10912K, reserved 1048576K
}
2017-08-01T04:03:50.687+0000: 18782.261: Total time for which application threads were stopped: 0.0256212 seconds, Stopping threads took: 0.0000360 seconds
2017-08-01T04:03:50.710+0000: 18782.283: Total time for which application threads were stopped: 0.0119329 seconds, Stopping threads took: 0.0117969 seconds
2017-08-01T04:03:50.710+0000: 18782.283: Total time for which application threads were stopped: 0.0000829 seconds, Stopping threads took: 0.0000241 seconds
2017-08-01T04:03:50.710+0000: 18782.283: Total time for which application threads were stopped: 0.0001424 seconds, Stopping threads took: 0.0000475 seconds
2017-08-01T04:03:50.710+0000: 18782.284: Total time for which application threads were stopped: 0.0001130 seconds, Stopping threads took: 0.0000356 seconds
2017-08-01T04:03:50.710+0000: 18782.284: Total time for which application threads were stopped: 0.0001336 seconds, Stopping threads took: 0.0000528 seconds
2017-08-01T04:03:50.711+0000: 18782.284: Total time for which application threads were stopped: 0.0000989 seconds, Stopping threads took: 0.0000200 seconds
2017-08-01T04:03:50.711+0000: 18782.284: Total time for which application threads were stopped: 0.0001079 seconds, Stopping threads took: 0.0000436 seconds
2017-08-01T04:03:50.711+0000: 18782.284: Total time for which application threads were stopped: 0.0001237 seconds, Stopping threads took: 0.0000394 seconds
2017-08-01T04:03:50.711+0000: 18782.284: Total time for which application threads were stopped: 0.0001102 seconds, Stopping threads took: 0.0000472 seconds
2017-08-01T04:03:50.711+0000: 18782.284: Total time for which application threads were stopped: 0.0000711 seconds, Stopping threads took: 0.0000198 seconds
2017-08-01T04:03:50.711+0000: 18782.284: Total time for which application threads were stopped: 0.0000690 seconds, Stopping threads took: 0.0000181 seconds
2017-08-01T04:03:50.711+0000: 18782.285: Total time for which application threads were stopped: 0.0001057 seconds, Stopping threads took: 0.0000388 seconds
2017-08-01T04:03:50.711+0000: 18782.285: Total time for which application threads were stopped: 0.0000857 seconds, Stopping threads took: 0.0000262 seconds
2017-08-01T04:03:50.712+0000: 18782.285: Total time for which application threads were stopped: 0.0000670 seconds, Stopping threads took: 0.0000188 seconds
2017-08-01T04:03:50.712+0000: 18782.285: Total time for which application threads were stopped: 0.0000707 seconds, Stopping threads took: 0.0000185 seconds
2017-08-01T04:03:50.712+0000: 18782.285: Total time for which application threads were stopped: 0.0001063 seconds, Stopping threads took: 0.0000462 seconds
2017-08-01T04:03:50.712+0000: 18782.285: Total time for which application threads were stopped: 0.0000899 seconds, Stopping threads took: 0.0000190 seconds
2017-08-01T04:03:50.712+0000: 18782.285: Total time for which application threads were stopped: 0.0001082 seconds, Stopping threads took: 0.0000456 seconds
2017-08-01T04:03:50.712+0000: 18782.285: Total time for which application threads were stopped: 0.0001014 seconds, Stopping threads took: 0.0000240 seconds
2017-08-01T04:03:50.713+0000: 18782.286: Total time for which application threads were stopped: 0.0003382 seconds, Stopping threads took: 0.0000132 seconds
{Heap before GC invocations=271 (full 2):
 par new generation   total 153344K, used 141931K [0x0000000080000000, 0x000000008a660000, 0x000000008a660000)
  eden space 136320K, 100% used [0x0000000080000000, 0x0000000088520000, 0x0000000088520000)
  from space 17024K,  32% used [0x00000000895c0000, 0x0000000089b3ae58, 0x000000008a660000)
  to   space 17024K,   0% used [0x0000000088520000, 0x0000000088520000, 0x00000000895c0000)
 concurrent mark-sweep generation total 1926784K, used 297480K [0x000000008a660000, 0x0000000100000000, 0x0000000100000000)
 Metaspace       used 86795K, capacity 92572K, committed 92824K, reserved 1130496K
  class space    used 10447K, capacity 10835K, committed 10912K, reserved 1048576K
2017-08-01T04:05:11.178+0000: 18862.751: [GC (Allocation Failure) Before GC:
Statistics for BinaryTreeDictionary:
------------------------------------
Total Free Space: 208414915
Max   Chunk Size: 208414915
Number of Blocks: 1
Av.  Block  Size: 208414915
Tree      Height: 1
2017-08-01T04:05:11.178+0000: 18862.751: [ParNew
Desired survivor size 8716288 bytes, new threshold 6 (max 6)
- age   1:    1292584 bytes,    1292584 total
- age   2:     685192 bytes,    1977776 total
- age   3:     643968 bytes,    2621744 total
- age   4:     511104 bytes,    3132848 total
- age   5:     431464 bytes,    3564312 total
- age   6:     414632 bytes,    3978944 total
: 141931K->5640K(153344K), 0.0223938 secs] 439411K->303502K(2080128K)After GC:
Statistics for BinaryTreeDictionary:
------------------------------------
Total Free Space: 208370182
Max   Chunk Size: 208370182
Number of Blocks: 1
Av.  Block  Size: 208370182
Tree      Height: 1
, 0.0224722 secs] [Times: user=0.06 sys=0.00, real=0.02 secs] 
Heap after GC invocations=272 (full 2):
 par new generation   total 153344K, used 5640K [0x0000000080000000, 0x000000008a660000, 0x000000008a660000)
  eden space 136320K,   0% used [0x0000000080000000, 0x0000000080000000, 0x0000000088520000)
  from space 17024K,  33% used [0x0000000088520000, 0x0000000088aa2250, 0x00000000895c0000)
  to   space 17024K,   0% used [0x00000000895c0000, 0x00000000895c0000, 0x000000008a660000)
 concurrent mark-sweep generation total 1926784K, used 297861K [0x000000008a660000, 0x0000000100000000, 0x0000000100000000)
 Metaspace       used 86795K, capacity 92572K, committed 92824K, reserved 1130496K
  class space    used 10447K, capacity 10835K, committed 10912K, reserved 1048576K
}
2017-08-01T04:05:11.201+0000: 18862.774: Total time for which application threads were stopped: 0.0227574 seconds, Stopping threads took: 0.0000712 seconds
2017-08-01T04:05:11.201+0000: 18862.775: Total time for which application threads were stopped: 0.0001619 seconds, Stopping threads took: 0.0000589 seconds
2017-08-01T04:05:11.201+0000: 18862.775: Total time for which application threads were stopped: 0.0001182 seconds, Stopping threads took: 0.0000575 seconds
2017-08-01T04:05:11.201+0000: 18862.775: Total time for which application threads were stopped: 0.0000680 seconds, Stopping threads took: 0.0000203 seconds
2017-08-01T04:05:11.202+0000: 18862.775: Total time for which application threads were stopped: 0.0001076 seconds, Stopping threads took: 0.0000498 seconds
2017-08-01T04:05:11.202+0000: 18862.775: Total time for which application threads were stopped: 0.0001232 seconds, Stopping threads took: 0.0000653 seconds
2017-08-01T04:05:11.202+0000: 18862.775: Total time for which application threads were stopped: 0.0000780 seconds, Stopping threads took: 0.0000196 seconds
2017-08-01T04:05:11.202+0000: 18862.775: Total time for which application threads were stopped: 0.0000658 seconds, Stopping threads took: 0.0000188 seconds
2017-08-01T04:05:11.202+0000: 18862.775: Total time for which application threads were stopped: 0.0001070 seconds, Stopping threads took: 0.0000480 seconds
2017-08-01T04:05:11.202+0000: 18862.775: Total time for which application threads were stopped: 0.0000652 seconds, Stopping threads took: 0.0000181 seconds
2017-08-01T04:05:11.202+0000: 18862.776: Total time for which application threads were stopped: 0.0000887 seconds, Stopping threads took: 0.0000302 seconds
2017-08-01T04:05:11.202+0000: 18862.776: Total time for which application threads were stopped: 0.0001023 seconds, Stopping threads took: 0.0000433 seconds
2017-08-01T04:05:11.203+0000: 18862.776: Total time for which application threads were stopped: 0.0001015 seconds, Stopping threads took: 0.0000346 seconds
2017-08-01T04:05:11.203+0000: 18862.776: Total time for which application threads were stopped: 0.0001172 seconds, Stopping threads took: 0.0000397 seconds
2017-08-01T04:05:11.203+0000: 18862.776: Total time for which application threads were stopped: 0.0000814 seconds, Stopping threads took: 0.0000199 seconds
2017-08-01T04:05:11.203+0000: 18862.776: Total time for which application threads were stopped: 0.0001015 seconds, Stopping threads took: 0.0000413 seconds
2017-08-01T04:05:11.203+0000: 18862.776: Total time for which application threads were stopped: 0.0000960 seconds, Stopping threads took: 0.0000318 seconds
2017-08-01T04:05:11.203+0000: 18862.776: Total time for which application threads were stopped: 0.0001023 seconds, Stopping threads took: 0.0000426 seconds
2017-08-01T04:05:11.203+0000: 18862.777: Total time for which application threads were stopped: 0.0000946 seconds, Stopping threads took: 0.0000287 seconds
2017-08-01T04:05:11.203+0000: 18862.777: Total time for which application threads were stopped: 0.0001047 seconds, Stopping threads took: 0.0000430 seconds
2017-08-01T04:05:11.204+0000: 18862.777: Total time for which application threads were stopped: 0.0002817 seconds, Stopping threads took: 0.0000606 seconds
{Heap before GC invocations=272 (full 2):
 par new generation   total 153344K, used 141960K [0x0000000080000000, 0x000000008a660000, 0x000000008a660000)
  eden space 136320K, 100% used [0x0000000080000000, 0x0000000088520000, 0x0000000088520000)
  from space 17024K,  33% used [0x0000000088520000, 0x0000000088aa2250, 0x00000000895c0000)
  to   space 17024K,   0% used [0x00000000895c0000, 0x00000000895c0000, 0x000000008a660000)
 concurrent mark-sweep generation total 1926784K, used 297861K [0x000000008a660000, 0x0000000100000000, 0x0000000100000000)
 Metaspace       used 86795K, capacity 92572K, committed 92824K, reserved 1130496K
  class space    used 10447K, capacity 10835K, committed 10912K, reserved 1048576K
2017-08-01T04:06:37.410+0000: 18948.983: [GC (Allocation Failure) Before GC:
Statistics for BinaryTreeDictionary:
------------------------------------
Total Free Space: 208370182
Max   Chunk Size: 208370182
Number of Blocks: 1
Av.  Block  Size: 208370182
Tree      Height: 1
2017-08-01T04:06:37.410+0000: 18948.983: [ParNew
Desired survivor size 8716288 bytes, new threshold 6 (max 6)
- age   1:    1414528 bytes,    1414528 total
- age   2:     556592 bytes,    1971120 total
- age   3:     621608 bytes,    2592728 total
- age   4:     595120 bytes,    3187848 total
- age   5:     494000 bytes,    3681848 total
- age   6:     418640 bytes,    4100488 total
: 141960K->5823K(153344K), 0.0223784 secs] 439822K->304092K(2080128K)After GC:
Statistics for BinaryTreeDictionary:
------------------------------------
Total Free Space: 208315325
Max   Chunk Size: 208315325
Number of Blocks: 1
Av.  Block  Size: 208315325
Tree      Height: 1
, 0.0224549 secs] [Times: user=0.06 sys=0.00, real=0.02 secs] 
Heap after GC invocations=273 (full 2):
 par new generation   total 153344K, used 5823K [0x0000000080000000, 0x000000008a660000, 0x000000008a660000)
  eden space 136320K,   0% used [0x0000000080000000, 0x0000000080000000, 0x0000000088520000)
  from space 17024K,  34% used [0x00000000895c0000, 0x0000000089b6ff38, 0x000000008a660000)
  to   space 17024K,   0% used [0x0000000088520000, 0x0000000088520000, 0x00000000895c0000)
 concurrent mark-sweep generation total 1926784K, used 298268K [0x000000008a660000, 0x0000000100000000, 0x0000000100000000)
 Metaspace       used 86795K, capacity 92572K, committed 92824K, reserved 1130496K
  class space    used 10447K, capacity 10835K, committed 10912K, reserved 1048576K
}
2017-08-01T04:06:37.433+0000: 18949.006: Total time for which application threads were stopped: 0.0227759 seconds, Stopping threads took: 0.0000835 seconds
2017-08-01T04:06:37.433+0000: 18949.006: Total time for which application threads were stopped: 0.0001553 seconds, Stopping threads took: 0.0000577 seconds
2017-08-01T04:06:37.433+0000: 18949.006: Total time for which application threads were stopped: 0.0001019 seconds, Stopping threads took: 0.0000394 seconds
2017-08-01T04:06:37.433+0000: 18949.007: Total time for which application threads were stopped: 0.0000735 seconds, Stopping threads took: 0.0000221 seconds
2017-08-01T04:06:37.433+0000: 18949.007: Total time for which application threads were stopped: 0.0001017 seconds, Stopping threads took: 0.0000437 seconds
2017-08-01T04:06:37.434+0000: 18949.007: Total time for which application threads were stopped: 0.0001146 seconds, Stopping threads took: 0.0000509 seconds
2017-08-01T04:06:37.434+0000: 18949.007: Total time for which application threads were stopped: 0.0001015 seconds, Stopping threads took: 0.0000429 seconds
2017-08-01T04:06:37.434+0000: 18949.007: Total time for which application threads were stopped: 0.0001044 seconds, Stopping threads took: 0.0000459 seconds
2017-08-01T04:06:37.434+0000: 18949.007: Total time for which application threads were stopped: 0.0001030 seconds, Stopping threads took: 0.0000454 seconds
2017-08-01T04:06:37.434+0000: 18949.007: Total time for which application threads were stopped: 0.0000650 seconds, Stopping threads took: 0.0000187 seconds
2017-08-01T04:06:37.435+0000: 18949.008: Total time for which application threads were stopped: 0.0001071 seconds, Stopping threads took: 0.0000468 seconds
2017-08-01T04:06:37.435+0000: 18949.008: Total time for which application threads were stopped: 0.0001173 seconds, Stopping threads took: 0.0000603 seconds
2017-08-01T04:06:37.435+0000: 18949.008: Total time for which application threads were stopped: 0.0001300 seconds, Stopping threads took: 0.0000347 seconds
2017-08-01T04:06:37.435+0000: 18949.008: Total time for which application threads were stopped: 0.0000651 seconds, Stopping threads took: 0.0000189 seconds
2017-08-01T04:06:37.435+0000: 18949.008: Total time for which application threads were stopped: 0.0000896 seconds, Stopping threads took: 0.0000265 seconds
2017-08-01T04:06:37.435+0000: 18949.008: Total time for which application threads were stopped: 0.0001001 seconds, Stopping threads took: 0.0000421 seconds
2017-08-01T04:06:37.435+0000: 18949.009: Total time for which application threads were stopped: 0.0000967 seconds, Stopping threads took: 0.0000385 seconds
2017-08-01T04:06:37.435+0000: 18949.009: Total time for which application threads were stopped: 0.0000690 seconds, Stopping threads took: 0.0000228 seconds
2017-08-01T04:06:37.435+0000: 18949.009: Total time for which application threads were stopped: 0.0000637 seconds, Stopping threads took: 0.0000180 seconds
2017-08-01T04:06:37.436+0000: 18949.009: Total time for which application threads were stopped: 0.0000675 seconds, Stopping threads took: 0.0000216 seconds
2017-08-01T04:06:37.436+0000: 18949.009: Total time for which application threads were stopped: 0.0002875 seconds, Stopping threads took: 0.0000576 seconds
2017-08-01T04:07:41.586+0000: 19013.159: Total time for which application threads were stopped: 0.0001701 seconds, Stopping threads took: 0.0000391 seconds
2017-08-01T04:07:41.586+0000: 19013.160: Total time for which application threads were stopped: 0.0000746 seconds, Stopping threads took: 0.0000226 seconds
2017-08-01T04:07:41.586+0000: 19013.160: Total time for which application threads were stopped: 0.0000908 seconds, Stopping threads took: 0.0000192 seconds
2017-08-01T04:07:41.587+0000: 19013.160: Total time for which application threads were stopped: 0.0000673 seconds, Stopping threads took: 0.0000177 seconds
2017-08-01T04:07:41.587+0000: 19013.160: Total time for which application threads were stopped: 0.0000915 seconds, Stopping threads took: 0.0000206 seconds
2017-08-01T04:07:41.587+0000: 19013.160: Total time for which application threads were stopped: 0.0000938 seconds, Stopping threads took: 0.0000185 seconds
2017-08-01T04:07:42.176+0000: 19013.749: Total time for which application threads were stopped: 0.0001894 seconds, Stopping threads took: 0.0000402 seconds
2017-08-01T04:07:42.176+0000: 19013.749: Total time for which application threads were stopped: 0.0000906 seconds, Stopping threads took: 0.0000379 seconds
2017-08-01T04:07:42.176+0000: 19013.749: Total time for which application threads were stopped: 0.0000980 seconds, Stopping threads took: 0.0000192 seconds
2017-08-01T04:07:42.176+0000: 19013.750: Total time for which application threads were stopped: 0.0000676 seconds, Stopping threads took: 0.0000180 seconds
2017-08-01T04:07:42.176+0000: 19013.750: Total time for which application threads were stopped: 0.0000726 seconds, Stopping threads took: 0.0000206 seconds
2017-08-01T04:07:42.177+0000: 19013.750: Total time for which application threads were stopped: 0.0000799 seconds, Stopping threads took: 0.0000189 seconds
{Heap before GC invocations=273 (full 2):
 par new generation   total 153344K, used 142143K [0x0000000080000000, 0x000000008a660000, 0x000000008a660000)
  eden space 136320K, 100% used [0x0000000080000000, 0x0000000088520000, 0x0000000088520000)
  from space 17024K,  34% used [0x00000000895c0000, 0x0000000089b6ff38, 0x000000008a660000)
  to   space 17024K,   0% used [0x0000000088520000, 0x0000000088520000, 0x00000000895c0000)
 concurrent mark-sweep generation total 1926784K, used 298268K [0x000000008a660000, 0x0000000100000000, 0x0000000100000000)
 Metaspace       used 86795K, capacity 92572K, committed 92824K, reserved 1130496K
  class space    used 10447K, capacity 10835K, committed 10912K, reserved 1048576K
2017-08-01T04:07:54.616+0000: 19026.189: [GC (Allocation Failure) Before GC:
Statistics for BinaryTreeDictionary:
------------------------------------
Total Free Space: 208315325
Max   Chunk Size: 208315325
Number of Blocks: 1
Av.  Block  Size: 208315325
Tree      Height: 1
2017-08-01T04:07:54.616+0000: 19026.189: [ParNew
Desired survivor size 8716288 bytes, new threshold 6 (max 6)
- age   1:    1333912 bytes,    1333912 total
- age   2:     705624 bytes,    2039536 total
- age   3:     505272 bytes,    2544808 total
- age   4:     571888 bytes,    3116696 total
- age   5:     533928 bytes,    3650624 total
- age   6:     482056 bytes,    4132680 total
: 142143K->5937K(153344K), 0.0231418 secs] 440412K->304617K(2080128K)After GC:
Statistics for BinaryTreeDictionary:
------------------------------------
Total Free Space: 208262317
Max   Chunk Size: 208262317
Number of Blocks: 1
Av.  Block  Size: 208262317
Tree      Height: 1
, 0.0232352 secs] [Times: user=0.06 sys=0.00, real=0.02 secs] 
Heap after GC invocations=274 (full 2):
 par new generation   total 153344K, used 5937K [0x0000000080000000, 0x000000008a660000, 0x000000008a660000)
  eden space 136320K,   0% used [0x0000000080000000, 0x0000000080000000, 0x0000000088520000)
  from space 17024K,  34% used [0x0000000088520000, 0x0000000088aec610, 0x00000000895c0000)
  to   space 17024K,   0% used [0x00000000895c0000, 0x00000000895c0000, 0x000000008a660000)
 concurrent mark-sweep generation total 1926784K, used 298679K [0x000000008a660000, 0x0000000100000000, 0x0000000100000000)
 Metaspace       used 86795K, capacity 92572K, committed 92824K, reserved 1130496K
  class space    used 10447K, capacity 10835K, committed 10912K, reserved 1048576K
}
2017-08-01T04:07:54.639+0000: 19026.213: Total time for which application threads were stopped: 0.0235040 seconds, Stopping threads took: 0.0000562 seconds
2017-08-01T04:07:54.650+0000: 19026.223: Total time for which application threads were stopped: 0.0001694 seconds, Stopping threads took: 0.0000365 seconds
2017-08-01T04:07:54.650+0000: 19026.223: Total time for which application threads were stopped: 0.0000744 seconds, Stopping threads took: 0.0000217 seconds
2017-08-01T04:07:54.650+0000: 19026.223: Total time for which application threads were stopped: 0.0000715 seconds, Stopping threads took: 0.0000210 seconds
2017-08-01T04:07:54.650+0000: 19026.224: Total time for which application threads were stopped: 0.0000930 seconds, Stopping threads took: 0.0000405 seconds
2017-08-01T04:07:54.650+0000: 19026.224: Total time for which application threads were stopped: 0.0000703 seconds, Stopping threads took: 0.0000202 seconds
2017-08-01T04:07:54.651+0000: 19026.224: Total time for which application threads were stopped: 0.0000701 seconds, Stopping threads took: 0.0000202 seconds
2017-08-01T04:07:54.651+0000: 19026.224: Total time for which application threads were stopped: 0.0001072 seconds, Stopping threads took: 0.0000465 seconds
2017-08-01T04:07:54.651+0000: 19026.224: Total time for which application threads were stopped: 0.0000693 seconds, Stopping threads took: 0.0000189 seconds
2017-08-01T04:07:54.651+0000: 19026.224: Total time for which application threads were stopped: 0.0000794 seconds, Stopping threads took: 0.0000290 seconds
2017-08-01T04:07:54.651+0000: 19026.224: Total time for which application threads were stopped: 0.0001020 seconds, Stopping threads took: 0.0000298 seconds
2017-08-01T04:07:54.651+0000: 19026.224: Total time for which application threads were stopped: 0.0000716 seconds, Stopping threads took: 0.0000215 seconds
2017-08-01T04:07:54.651+0000: 19026.224: Total time for which application threads were stopped: 0.0000692 seconds, Stopping threads took: 0.0000192 seconds
2017-08-01T04:07:54.651+0000: 19026.225: Total time for which application threads were stopped: 0.0000878 seconds, Stopping threads took: 0.0000200 seconds
2017-08-01T04:07:54.651+0000: 19026.225: Total time for which application threads were stopped: 0.0000689 seconds, Stopping threads took: 0.0000189 seconds
2017-08-01T04:07:54.651+0000: 19026.225: Total time for which application threads were stopped: 0.0000696 seconds, Stopping threads took: 0.0000203 seconds
2017-08-01T04:07:54.652+0000: 19026.225: Total time for which application threads were stopped: 0.0000881 seconds, Stopping threads took: 0.0000374 seconds
2017-08-01T04:07:54.652+0000: 19026.225: Total time for which application threads were stopped: 0.0000699 seconds, Stopping threads took: 0.0000207 seconds
2017-08-01T04:07:54.652+0000: 19026.225: Total time for which application threads were stopped: 0.0001024 seconds, Stopping threads took: 0.0000424 seconds
2017-08-01T04:07:54.652+0000: 19026.225: Total time for which application threads were stopped: 0.0000767 seconds, Stopping threads took: 0.0000175 seconds
2017-08-01T04:07:54.652+0000: 19026.225: Total time for which application threads were stopped: 0.0002571 seconds, Stopping threads took: 0.0000210 seconds
2017-08-01T04:08:17.655+0000: 19049.229: Total time for which application threads were stopped: 0.0001941 seconds, Stopping threads took: 0.0000412 seconds
{Heap before GC invocations=274 (full 2):
 par new generation   total 153344K, used 142257K [0x0000000080000000, 0x000000008a660000, 0x000000008a660000)
  eden space 136320K, 100% used [0x0000000080000000, 0x0000000088520000, 0x0000000088520000)
  from space 17024K,  34% used [0x0000000088520000, 0x0000000088aec610, 0x00000000895c0000)
  to   space 17024K,   0% used [0x00000000895c0000, 0x00000000895c0000, 0x000000008a660000)
 concurrent mark-sweep generation total 1926784K, used 298679K [0x000000008a660000, 0x0000000100000000, 0x0000000100000000)
 Metaspace       used 86795K, capacity 92572K, committed 92824K, reserved 1130496K
  class space    used 10447K, capacity 10835K, committed 10912K, reserved 1048576K
2017-08-01T04:09:20.219+0000: 19111.792: [GC (Allocation Failure) Before GC:
Statistics for BinaryTreeDictionary:
------------------------------------
Total Free Space: 208262317
Max   Chunk Size: 208262317
Number of Blocks: 1
Av.  Block  Size: 208262317
Tree      Height: 1
2017-08-01T04:09:20.219+0000: 19111.792: [ParNew
Desired survivor size 8716288 bytes, new threshold 6 (max 6)
- age   1:    1366920 bytes,    1366920 total
- age   2:     647384 bytes,    2014304 total
- age   3:     636992 bytes,    2651296 total
- age   4:     484360 bytes,    3135656 total
- age   5:     509880 bytes,    3645536 total
- age   6:     521648 bytes,    4167184 total
: 142257K->5958K(153344K), 0.0224337 secs] 440937K->305110K(2080128K)After GC:
Statistics for BinaryTreeDictionary:
------------------------------------
Total Free Space: 208204282
Max   Chunk Size: 208204282
Number of Blocks: 1
Av.  Block  Size: 208204282
Tree      Height: 1
, 0.0225334 secs] [Times: user=0.06 sys=0.00, real=0.02 secs] 
Heap after GC invocations=275 (full 2):
 par new generation   total 153344K, used 5958K [0x0000000080000000, 0x000000008a660000, 0x000000008a660000)
  eden space 136320K,   0% used [0x0000000080000000, 0x0000000080000000, 0x0000000088520000)
  from space 17024K,  35% used [0x00000000895c0000, 0x0000000089b91a90, 0x000000008a660000)
  to   space 17024K,   0% used [0x0000000088520000, 0x0000000088520000, 0x00000000895c0000)
 concurrent mark-sweep generation total 1926784K, used 299151K [0x000000008a660000, 0x0000000100000000, 0x0000000100000000)
 Metaspace       used 86795K, capacity 92572K, committed 92824K, reserved 1130496K
  class space    used 10447K, capacity 10835K, committed 10912K, reserved 1048576K
}
2017-08-01T04:09:20.242+0000: 19111.815: Total time for which application threads were stopped: 0.0227880 seconds, Stopping threads took: 0.0000412 seconds
2017-08-01T04:09:20.243+0000: 19111.816: Total time for which application threads were stopped: 0.0001565 seconds, Stopping threads took: 0.0000556 seconds
2017-08-01T04:09:20.243+0000: 19111.816: Total time for which application threads were stopped: 0.0001400 seconds, Stopping threads took: 0.0000758 seconds
2017-08-01T04:09:20.243+0000: 19111.816: Total time for which application threads were stopped: 0.0001005 seconds, Stopping threads took: 0.0000201 seconds
2017-08-01T04:09:20.243+0000: 19111.816: Total time for which application threads were stopped: 0.0000669 seconds, Stopping threads took: 0.0000185 seconds
2017-08-01T04:09:20.243+0000: 19111.816: Total time for which application threads were stopped: 0.0000667 seconds, Stopping threads took: 0.0000186 seconds
2017-08-01T04:09:20.243+0000: 19111.816: Total time for which application threads were stopped: 0.0000774 seconds, Stopping threads took: 0.0000290 seconds
2017-08-01T04:09:20.243+0000: 19111.817: Total time for which application threads were stopped: 0.0000727 seconds, Stopping threads took: 0.0000232 seconds
2017-08-01T04:09:20.243+0000: 19111.817: Total time for which application threads were stopped: 0.0000722 seconds, Stopping threads took: 0.0000239 seconds
2017-08-01T04:09:20.243+0000: 19111.817: Total time for which application threads were stopped: 0.0000655 seconds, Stopping threads took: 0.0000180 seconds
2017-08-01T04:09:20.244+0000: 19111.817: Total time for which application threads were stopped: 0.0001041 seconds, Stopping threads took: 0.0000439 seconds
2017-08-01T04:09:20.244+0000: 19111.817: Total time for which application threads were stopped: 0.0001044 seconds, Stopping threads took: 0.0000436 seconds
2017-08-01T04:09:20.244+0000: 19111.817: Total time for which application threads were stopped: 0.0000783 seconds, Stopping threads took: 0.0000181 seconds
2017-08-01T04:09:20.244+0000: 19111.817: Total time for which application threads were stopped: 0.0000993 seconds, Stopping threads took: 0.0000399 seconds
2017-08-01T04:09:20.244+0000: 19111.817: Total time for which application threads were stopped: 0.0000677 seconds, Stopping threads took: 0.0000186 seconds
2017-08-01T04:09:20.244+0000: 19111.817: Total time for which application threads were stopped: 0.0001043 seconds, Stopping threads took: 0.0000430 seconds
2017-08-01T04:09:20.244+0000: 19111.818: Total time for which application threads were stopped: 0.0000924 seconds, Stopping threads took: 0.0000264 seconds
2017-08-01T04:09:20.244+0000: 19111.818: Total time for which application threads were stopped: 0.0001043 seconds, Stopping threads took: 0.0000418 seconds
2017-08-01T04:09:20.245+0000: 19111.818: Total time for which application threads were stopped: 0.0001107 seconds, Stopping threads took: 0.0000453 seconds
2017-08-01T04:09:20.245+0000: 19111.818: Total time for which application threads were stopped: 0.0001063 seconds, Stopping threads took: 0.0000419 seconds
2017-08-01T04:09:20.245+0000: 19111.818: Total time for which application threads were stopped: 0.0002633 seconds, Stopping threads took: 0.0000229 seconds
2017-08-01T04:10:24.257+0000: 19175.830: Total time for which application threads were stopped: 0.0001956 seconds, Stopping threads took: 0.0000450 seconds
{Heap before GC invocations=275 (full 2):
 par new generation   total 153344K, used 142278K [0x0000000080000000, 0x000000008a660000, 0x000000008a660000)
  eden space 136320K, 100% used [0x0000000080000000, 0x0000000088520000, 0x0000000088520000)
  from space 17024K,  35% used [0x00000000895c0000, 0x0000000089b91a90, 0x000000008a660000)
  to   space 17024K,   0% used [0x0000000088520000, 0x0000000088520000, 0x00000000895c0000)
 concurrent mark-sweep generation total 1926784K, used 299151K [0x000000008a660000, 0x0000000100000000, 0x0000000100000000)
 Metaspace       used 86801K, capacity 92572K, committed 92824K, reserved 1130496K
  class space    used 10447K, capacity 10835K, committed 10912K, reserved 1048576K
2017-08-01T04:10:43.381+0000: 19194.955: [GC (Allocation Failure) Before GC:
Statistics for BinaryTreeDictionary:
------------------------------------
Total Free Space: 208204282
Max   Chunk Size: 208204282
Number of Blocks: 1
Av.  Block  Size: 208204282
Tree      Height: 1
2017-08-01T04:10:43.381+0000: 19194.955: [ParNew
Desired survivor size 8716288 bytes, new threshold 6 (max 6)
- age   1:    1460704 bytes,    1460704 total
- age   2:     635912 bytes,    2096616 total
- age   3:     593696 bytes,    2690312 total
- age   4:     585112 bytes,    3275424 total
- age   5:     467960 bytes,    3743384 total
- age   6:     499584 bytes,    4242968 total
: 142278K->6108K(153344K), 0.0231804 secs] 441430K->305772K(2080128K)After GC:
Statistics for BinaryTreeDictionary:
------------------------------------
Total Free Space: 208139550
Max   Chunk Size: 208139550
Number of Blocks: 1
Av.  Block  Size: 208139550
Tree      Height: 1
, 0.0232622 secs] [Times: user=0.06 sys=0.00, real=0.03 secs] 
Heap after GC invocations=276 (full 2):
 par new generation   total 153344K, used 6108K [0x0000000080000000, 0x000000008a660000, 0x000000008a660000)
  eden space 136320K,   0% used [0x0000000080000000, 0x0000000080000000, 0x0000000088520000)
  from space 17024K,  35% used [0x0000000088520000, 0x0000000088b17260, 0x00000000895c0000)
  to   space 17024K,   0% used [0x00000000895c0000, 0x00000000895c0000, 0x000000008a660000)
 concurrent mark-sweep generation total 1926784K, used 299663K [0x000000008a660000, 0x0000000100000000, 0x0000000100000000)
 Metaspace       used 86801K, capacity 92572K, committed 92824K, reserved 1130496K
  class space    used 10447K, capacity 10835K, committed 10912K, reserved 1048576K
}
2017-08-01T04:10:43.405+0000: 19194.978: Total time for which application threads were stopped: 0.0235470 seconds, Stopping threads took: 0.0000816 seconds
2017-08-01T04:10:43.410+0000: 19194.984: Total time for which application threads were stopped: 0.0001782 seconds, Stopping threads took: 0.0000722 seconds
2017-08-01T04:10:43.411+0000: 19194.985: Total time for which application threads were stopped: 0.0001379 seconds, Stopping threads took: 0.0000618 seconds
2017-08-01T04:10:43.411+0000: 19194.985: Total time for which application threads were stopped: 0.0000812 seconds, Stopping threads took: 0.0000308 seconds
2017-08-01T04:10:43.412+0000: 19194.985: Total time for which application threads were stopped: 0.0001152 seconds, Stopping threads took: 0.0000575 seconds
2017-08-01T04:10:43.412+0000: 19194.985: Total time for which application threads were stopped: 0.0000688 seconds, Stopping threads took: 0.0000207 seconds
2017-08-01T04:10:43.412+0000: 19194.985: Total time for which application threads were stopped: 0.0001112 seconds, Stopping threads took: 0.0000545 seconds
2017-08-01T04:10:43.412+0000: 19194.985: Total time for which application threads were stopped: 0.0000765 seconds, Stopping threads took: 0.0000203 seconds
2017-08-01T04:10:43.412+0000: 19194.985: Total time for which application threads were stopped: 0.0000794 seconds, Stopping threads took: 0.0000260 seconds
2017-08-01T04:10:43.412+0000: 19194.986: Total time for which application threads were stopped: 0.0001097 seconds, Stopping threads took: 0.0000489 seconds
2017-08-01T04:10:43.413+0000: 19194.986: Total time for which application threads were stopped: 0.0001376 seconds, Stopping threads took: 0.0000651 seconds
2017-08-01T04:10:43.413+0000: 19194.986: Total time for which application threads were stopped: 0.0000695 seconds, Stopping threads took: 0.0000219 seconds
2017-08-01T04:10:43.413+0000: 19194.987: Total time for which application threads were stopped: 0.0001137 seconds, Stopping threads took: 0.0000526 seconds
2017-08-01T04:10:43.413+0000: 19194.987: Total time for which application threads were stopped: 0.0001164 seconds, Stopping threads took: 0.0000564 seconds
2017-08-01T04:10:43.414+0000: 19194.987: Total time for which application threads were stopped: 0.0001070 seconds, Stopping threads took: 0.0000316 seconds
2017-08-01T04:10:43.414+0000: 19194.987: Total time for which application threads were stopped: 0.0000788 seconds, Stopping threads took: 0.0000308 seconds
2017-08-01T04:10:43.414+0000: 19194.987: Total time for which application threads were stopped: 0.0001045 seconds, Stopping threads took: 0.0000463 seconds
2017-08-01T04:10:43.414+0000: 19194.987: Total time for which application threads were stopped: 0.0001083 seconds, Stopping threads took: 0.0000447 seconds
2017-08-01T04:10:43.414+0000: 19194.987: Total time for which application threads were stopped: 0.0000688 seconds, Stopping threads took: 0.0000189 seconds
2017-08-01T04:10:43.414+0000: 19194.987: Total time for which application threads were stopped: 0.0000812 seconds, Stopping threads took: 0.0000240 seconds
2017-08-01T04:10:43.414+0000: 19194.988: Total time for which application threads were stopped: 0.0002578 seconds, Stopping threads took: 0.0000453 seconds
2017-08-01T04:11:09.418+0000: 19220.991: Total time for which application threads were stopped: 0.0001914 seconds, Stopping threads took: 0.0000582 seconds
{Heap before GC invocations=276 (full 2):
 par new generation   total 153344K, used 142428K [0x0000000080000000, 0x000000008a660000, 0x000000008a660000)
  eden space 136320K, 100% used [0x0000000080000000, 0x0000000088520000, 0x0000000088520000)
  from space 17024K,  35% used [0x0000000088520000, 0x0000000088b17260, 0x00000000895c0000)
  to   space 17024K,   0% used [0x00000000895c0000, 0x00000000895c0000, 0x000000008a660000)
 concurrent mark-sweep generation total 1926784K, used 299663K [0x000000008a660000, 0x0000000100000000, 0x0000000100000000)
 Metaspace       used 86803K, capacity 92572K, committed 92824K, reserved 1130496K
  class space    used 10447K, capacity 10835K, committed 10912K, reserved 1048576K
2017-08-01T04:12:00.880+0000: 19272.453: [GC (Allocation Failure) Before GC:
Statistics for BinaryTreeDictionary:
------------------------------------
Total Free Space: 208139550
Max   Chunk Size: 208139550
Number of Blocks: 1
Av.  Block  Size: 208139550
Tree      Height: 1
2017-08-01T04:12:00.880+0000: 19272.453: [ParNew
Desired survivor size 8716288 bytes, new threshold 6 (max 6)
- age   1:    1400856 bytes,    1400856 total
- age   2:     751240 bytes,    2152096 total
- age   3:     581504 bytes,    2733600 total
- age   4:     551672 bytes,    3285272 total
- age   5:     525200 bytes,    3810472 total
- age   6:     458272 bytes,    4268744 total
: 142428K->6165K(153344K), 0.0231272 secs] 442092K->306319K(2080128K)After GC:
Statistics for BinaryTreeDictionary:
------------------------------------
Total Free Space: 208071176
Max   Chunk Size: 208071176
Number of Blocks: 1
Av.  Block  Size: 208071176
Tree      Height: 1
, 0.0232241 secs] [Times: user=0.06 sys=0.00, real=0.03 secs] 
Heap after GC invocations=277 (full 2):
 par new generation   total 153344K, used 6165K [0x0000000080000000, 0x000000008a660000, 0x000000008a660000)
  eden space 136320K,   0% used [0x0000000080000000, 0x0000000080000000, 0x0000000088520000)
  from space 17024K,  36% used [0x00000000895c0000, 0x0000000089bc5778, 0x000000008a660000)
  to   space 17024K,   0% used [0x0000000088520000, 0x0000000088520000, 0x00000000895c0000)
 concurrent mark-sweep generation total 1926784K, used 300153K [0x000000008a660000, 0x0000000100000000, 0x0000000100000000)
 Metaspace       used 86803K, capacity 92572K, committed 92824K, reserved 1130496K
  class space    used 10447K, capacity 10835K, committed 10912K, reserved 1048576K
}
2017-08-01T04:12:00.903+0000: 19272.477: Total time for which application threads were stopped: 0.0235073 seconds, Stopping threads took: 0.0000629 seconds
2017-08-01T04:12:00.904+0000: 19272.478: Total time for which application threads were stopped: 0.0001645 seconds, Stopping threads took: 0.0000593 seconds
2017-08-01T04:12:00.904+0000: 19272.478: Total time for which application threads were stopped: 0.0000726 seconds, Stopping threads took: 0.0000244 seconds
2017-08-01T04:12:00.905+0000: 19272.478: Total time for which application threads were stopped: 0.0000727 seconds, Stopping threads took: 0.0000258 seconds
2017-08-01T04:12:00.905+0000: 19272.478: Total time for which application threads were stopped: 0.0000662 seconds, Stopping threads took: 0.0000201 seconds
2017-08-01T04:12:00.905+0000: 19272.478: Total time for which application threads were stopped: 0.0001569 seconds, Stopping threads took: 0.0000569 seconds
2017-08-01T04:12:00.913+0000: 19272.486: Total time for which application threads were stopped: 0.0001091 seconds, Stopping threads took: 0.0000419 seconds
2017-08-01T04:12:00.913+0000: 19272.486: Total time for which application threads were stopped: 0.0000977 seconds, Stopping threads took: 0.0000209 seconds
2017-08-01T04:12:00.913+0000: 19272.486: Total time for which application threads were stopped: 0.0000664 seconds, Stopping threads took: 0.0000198 seconds
2017-08-01T04:12:00.913+0000: 19272.486: Total time for which application threads were stopped: 0.0000674 seconds, Stopping threads took: 0.0000206 seconds
2017-08-01T04:12:00.913+0000: 19272.486: Total time for which application threads were stopped: 0.0000670 seconds, Stopping threads took: 0.0000212 seconds
2017-08-01T04:12:00.913+0000: 19272.487: Total time for which application threads were stopped: 0.0000887 seconds, Stopping threads took: 0.0000211 seconds
2017-08-01T04:12:00.913+0000: 19272.487: Total time for which application threads were stopped: 0.0000839 seconds, Stopping threads took: 0.0000373 seconds
2017-08-01T04:12:00.913+0000: 19272.487: Total time for which application threads were stopped: 0.0000632 seconds, Stopping threads took: 0.0000181 seconds
2017-08-01T04:12:00.914+0000: 19272.487: Total time for which application threads were stopped: 0.0000822 seconds, Stopping threads took: 0.0000193 seconds
2017-08-01T04:12:00.914+0000: 19272.487: Total time for which application threads were stopped: 0.0001018 seconds, Stopping threads took: 0.0000398 seconds
2017-08-01T04:12:00.914+0000: 19272.487: Total time for which application threads were stopped: 0.0000845 seconds, Stopping threads took: 0.0000270 seconds
2017-08-01T04:12:00.914+0000: 19272.487: Total time for which application threads were stopped: 0.0000646 seconds, Stopping threads took: 0.0000183 seconds
2017-08-01T04:12:00.914+0000: 19272.487: Total time for which application threads were stopped: 0.0000648 seconds, Stopping threads took: 0.0000196 seconds
2017-08-01T04:12:00.914+0000: 19272.487: Total time for which application threads were stopped: 0.0000862 seconds, Stopping threads took: 0.0000203 seconds
2017-08-01T04:12:00.914+0000: 19272.488: Total time for which application threads were stopped: 0.0002178 seconds, Stopping threads took: 0.0000177 seconds
2017-08-01T04:12:40.919+0000: 19312.492: Total time for which application threads were stopped: 0.0002743 seconds, Stopping threads took: 0.0000668 seconds
{Heap before GC invocations=277 (full 2):
 par new generation   total 153344K, used 142485K [0x0000000080000000, 0x000000008a660000, 0x000000008a660000)
  eden space 136320K, 100% used [0x0000000080000000, 0x0000000088520000, 0x0000000088520000)
  from space 17024K,  36% used [0x00000000895c0000, 0x0000000089bc5778, 0x000000008a660000)
  to   space 17024K,   0% used [0x0000000088520000, 0x0000000088520000, 0x00000000895c0000)
 concurrent mark-sweep generation total 1926784K, used 300153K [0x000000008a660000, 0x0000000100000000, 0x0000000100000000)
 Metaspace       used 86803K, capacity 92572K, committed 92824K, reserved 1130496K
  class space    used 10447K, capacity 10835K, committed 10912K, reserved 1048576K
2017-08-01T04:13:27.312+0000: 19358.886: [GC (Allocation Failure) Before GC:
Statistics for BinaryTreeDictionary:
------------------------------------
Total Free Space: 208071176
Max   Chunk Size: 208071176
Number of Blocks: 1
Av.  Block  Size: 208071176
Tree      Height: 1
2017-08-01T04:13:27.312+0000: 19358.886: [ParNew
Desired survivor size 8716288 bytes, new threshold 6 (max 6)
- age   1:    1314168 bytes,    1314168 total
- age   2:     645928 bytes,    1960096 total
- age   3:     689920 bytes,    2650016 total
- age   4:     557024 bytes,    3207040 total
- age   5:     489488 bytes,    3696528 total
- age   6:     514088 bytes,    4210616 total
: 142485K->6165K(153344K), 0.0233079 secs] 442639K->306768K(2080128K)After GC:
Statistics for BinaryTreeDictionary:
------------------------------------
Total Free Space: 208014333
Max   Chunk Size: 208014333
Number of Blocks: 1
Av.  Block  Size: 208014333
Tree      Height: 1
, 0.0233940 secs] [Times: user=0.06 sys=0.00, real=0.03 secs] 
Heap after GC invocations=278 (full 2):
 par new generation   total 153344K, used 6165K [0x0000000080000000, 0x000000008a660000, 0x000000008a660000)
  eden space 136320K,   0% used [0x0000000080000000, 0x0000000080000000, 0x0000000088520000)
  from space 17024K,  36% used [0x0000000088520000, 0x0000000088b254e8, 0x00000000895c0000)
  to   space 17024K,   0% used [0x00000000895c0000, 0x00000000895c0000, 0x000000008a660000)
 concurrent mark-sweep generation total 1926784K, used 300603K [0x000000008a660000, 0x0000000100000000, 0x0000000100000000)
 Metaspace       used 86803K, capacity 92572K, committed 92824K, reserved 1130496K
  class space    used 10447K, capacity 10835K, committed 10912K, reserved 1048576K
}
2017-08-01T04:13:27.336+0000: 19358.909: Total time for which application threads were stopped: 0.0236690 seconds, Stopping threads took: 0.0000698 seconds
2017-08-01T04:13:27.336+0000: 19358.909: Total time for which application threads were stopped: 0.0001808 seconds, Stopping threads took: 0.0000674 seconds
2017-08-01T04:13:27.336+0000: 19358.910: Total time for which application threads were stopped: 0.0000660 seconds, Stopping threads took: 0.0000188 seconds
2017-08-01T04:13:27.336+0000: 19358.910: Total time for which application threads were stopped: 0.0001266 seconds, Stopping threads took: 0.0000415 seconds
2017-08-01T04:13:27.337+0000: 19358.910: Total time for which application threads were stopped: 0.0001280 seconds, Stopping threads took: 0.0000439 seconds
2017-08-01T04:13:27.337+0000: 19358.910: Total time for which application threads were stopped: 0.0001316 seconds, Stopping threads took: 0.0000451 seconds
2017-08-01T04:13:27.337+0000: 19358.910: Total time for which application threads were stopped: 0.0001202 seconds, Stopping threads took: 0.0000445 seconds
2017-08-01T04:13:27.337+0000: 19358.910: Total time for which application threads were stopped: 0.0001110 seconds, Stopping threads took: 0.0000503 seconds
2017-08-01T04:13:27.337+0000: 19358.910: Total time for which application threads were stopped: 0.0001283 seconds, Stopping threads took: 0.0000505 seconds
2017-08-01T04:13:27.337+0000: 19358.911: Total time for which application threads were stopped: 0.0001071 seconds, Stopping threads took: 0.0000457 seconds
2017-08-01T04:13:27.337+0000: 19358.911: Total time for which application threads were stopped: 0.0001101 seconds, Stopping threads took: 0.0000420 seconds
2017-08-01T04:13:27.338+0000: 19358.911: Total time for which application threads were stopped: 0.0001255 seconds, Stopping threads took: 0.0000495 seconds
2017-08-01T04:13:27.338+0000: 19358.911: Total time for which application threads were stopped: 0.0000990 seconds, Stopping threads took: 0.0000419 seconds
2017-08-01T04:13:27.338+0000: 19358.911: Total time for which application threads were stopped: 0.0000909 seconds, Stopping threads took: 0.0000186 seconds
2017-08-01T04:13:27.338+0000: 19358.911: Total time for which application threads were stopped: 0.0001030 seconds, Stopping threads took: 0.0000411 seconds
2017-08-01T04:13:27.338+0000: 19358.912: Total time for which application threads were stopped: 0.0001205 seconds, Stopping threads took: 0.0000460 seconds
2017-08-01T04:13:27.338+0000: 19358.912: Total time for which application threads were stopped: 0.0000760 seconds, Stopping threads took: 0.0000236 seconds
2017-08-01T04:13:27.338+0000: 19358.912: Total time for which application threads were stopped: 0.0000744 seconds, Stopping threads took: 0.0000224 seconds
2017-08-01T04:13:27.339+0000: 19358.912: Total time for which application threads were stopped: 0.0000714 seconds, Stopping threads took: 0.0000194 seconds
2017-08-01T04:13:27.339+0000: 19358.912: Total time for which application threads were stopped: 0.0001104 seconds, Stopping threads took: 0.0000483 seconds
2017-08-01T04:13:27.339+0000: 19358.912: Total time for which application threads were stopped: 0.0002365 seconds, Stopping threads took: 0.0000189 seconds
2017-08-01T04:13:38.340+0000: 19369.914: Total time for which application threads were stopped: 0.0002313 seconds, Stopping threads took: 0.0000696 seconds
{Heap before GC invocations=278 (full 2):
 par new generation   total 153344K, used 142485K [0x0000000080000000, 0x000000008a660000, 0x000000008a660000)
  eden space 136320K, 100% used [0x0000000080000000, 0x0000000088520000, 0x0000000088520000)
  from space 17024K,  36% used [0x0000000088520000, 0x0000000088b254e8, 0x00000000895c0000)
  to   space 17024K,   0% used [0x00000000895c0000, 0x00000000895c0000, 0x000000008a660000)
 concurrent mark-sweep generation total 1926784K, used 300603K [0x000000008a660000, 0x0000000100000000, 0x0000000100000000)
 Metaspace       used 86809K, capacity 92572K, committed 92824K, reserved 1130496K
  class space    used 10447K, capacity 10835K, committed 10912K, reserved 1048576K
2017-08-01T04:14:50.667+0000: 19442.240: [GC (Allocation Failure) Before GC:
Statistics for BinaryTreeDictionary:
------------------------------------
Total Free Space: 208014333
Max   Chunk Size: 208014333
Number of Blocks: 1
Av.  Block  Size: 208014333
Tree      Height: 1
2017-08-01T04:14:50.667+0000: 19442.240: [ParNew
Desired survivor size 8716288 bytes, new threshold 6 (max 6)
- age   1:    1347864 bytes,    1347864 total
- age   2:     620672 bytes,    1968536 total
- age   3:     593016 bytes,    2561552 total
- age   4:     643992 bytes,    3205544 total
- age   5:     544192 bytes,    3749736 total
- age   6:     480632 bytes,    4230368 total
: 142485K->6207K(153344K), 0.0289115 secs] 443088K->307315K(2080128K)After GC:
Statistics for BinaryTreeDictionary:
------------------------------------
Total Free Space: 207954129
Max   Chunk Size: 207954129
Number of Blocks: 1
Av.  Block  Size: 207954129
Tree      Height: 1
, 0.0290214 secs] [Times: user=0.06 sys=0.00, real=0.03 secs] 
Heap after GC invocations=279 (full 2):
 par new generation   total 153344K, used 6207K [0x0000000080000000, 0x000000008a660000, 0x000000008a660000)
  eden space 136320K,   0% used [0x0000000080000000, 0x0000000080000000, 0x0000000088520000)
  from space 17024K,  36% used [0x00000000895c0000, 0x0000000089bcffb8, 0x000000008a660000)
  to   space 17024K,   0% used [0x0000000088520000, 0x0000000088520000, 0x00000000895c0000)
 concurrent mark-sweep generation total 1926784K, used 301107K [0x000000008a660000, 0x0000000100000000, 0x0000000100000000)
 Metaspace       used 86809K, capacity 92572K, committed 92824K, reserved 1130496K
  class space    used 10447K, capacity 10835K, committed 10912K, reserved 1048576K
}
2017-08-01T04:14:50.696+0000: 19442.269: Total time for which application threads were stopped: 0.0292979 seconds, Stopping threads took: 0.0000368 seconds
2017-08-01T04:14:50.706+0000: 19442.279: Total time for which application threads were stopped: 0.0001895 seconds, Stopping threads took: 0.0000423 seconds
2017-08-01T04:14:50.706+0000: 19442.280: Total time for which application threads were stopped: 0.0000848 seconds, Stopping threads took: 0.0000140 seconds
2017-08-01T04:14:50.706+0000: 19442.280: Total time for which application threads were stopped: 0.0000973 seconds, Stopping threads took: 0.0000129 seconds
2017-08-01T04:14:50.707+0000: 19442.280: Total time for which application threads were stopped: 0.0000854 seconds, Stopping threads took: 0.0000133 seconds
2017-08-01T04:14:50.707+0000: 19442.280: Total time for which application threads were stopped: 0.0000962 seconds, Stopping threads took: 0.0000131 seconds
2017-08-01T04:14:50.707+0000: 19442.280: Total time for which application threads were stopped: 0.0000844 seconds, Stopping threads took: 0.0000129 seconds
2017-08-01T04:14:50.707+0000: 19442.280: Total time for which application threads were stopped: 0.0000961 seconds, Stopping threads took: 0.0000127 seconds
2017-08-01T04:14:50.707+0000: 19442.280: Total time for which application threads were stopped: 0.0000835 seconds, Stopping threads took: 0.0000131 seconds
2017-08-01T04:14:50.707+0000: 19442.280: Total time for which application threads were stopped: 0.0000959 seconds, Stopping threads took: 0.0000244 seconds
2017-08-01T04:14:50.707+0000: 19442.281: Total time for which application threads were stopped: 0.0000830 seconds, Stopping threads took: 0.0000126 seconds
2017-08-01T04:14:50.707+0000: 19442.281: Total time for which application threads were stopped: 0.0000954 seconds, Stopping threads took: 0.0000124 seconds
2017-08-01T04:14:50.707+0000: 19442.281: Total time for which application threads were stopped: 0.0000845 seconds, Stopping threads took: 0.0000130 seconds
2017-08-01T04:14:50.708+0000: 19442.281: Total time for which application threads were stopped: 0.0000940 seconds, Stopping threads took: 0.0000119 seconds
2017-08-01T04:14:50.708+0000: 19442.281: Total time for which application threads were stopped: 0.0000827 seconds, Stopping threads took: 0.0000125 seconds
2017-08-01T04:14:50.708+0000: 19442.281: Total time for which application threads were stopped: 0.0001007 seconds, Stopping threads took: 0.0000123 seconds
2017-08-01T04:14:50.708+0000: 19442.281: Total time for which application threads were stopped: 0.0000836 seconds, Stopping threads took: 0.0000127 seconds
2017-08-01T04:14:50.708+0000: 19442.281: Total time for which application threads were stopped: 0.0000837 seconds, Stopping threads took: 0.0000127 seconds
2017-08-01T04:14:50.708+0000: 19442.281: Total time for which application threads were stopped: 0.0000934 seconds, Stopping threads took: 0.0000225 seconds
2017-08-01T04:14:50.708+0000: 19442.282: Total time for which application threads were stopped: 0.0000839 seconds, Stopping threads took: 0.0000126 seconds
2017-08-01T04:14:50.709+0000: 19442.282: Total time for which application threads were stopped: 0.0003299 seconds, Stopping threads took: 0.0000122 seconds
2017-08-01T04:15:01.710+0000: 19453.283: Total time for which application threads were stopped: 0.0001827 seconds, Stopping threads took: 0.0000586 seconds
2017-08-01T04:15:18.752+0000: 19470.325: Total time for which application threads were stopped: 0.0002540 seconds, Stopping threads took: 0.0000586 seconds
2017-08-01T04:15:18.752+0000: 19470.325: Total time for which application threads were stopped: 0.0001278 seconds, Stopping threads took: 0.0000196 seconds
2017-08-01T04:15:18.752+0000: 19470.325: Total time for which application threads were stopped: 0.0001481 seconds, Stopping threads took: 0.0000584 seconds
2017-08-01T04:15:18.752+0000: 19470.326: Total time for which application threads were stopped: 0.0000900 seconds, Stopping threads took: 0.0000186 seconds
2017-08-01T04:15:18.752+0000: 19470.326: Total time for which application threads were stopped: 0.0000916 seconds, Stopping threads took: 0.0000211 seconds
2017-08-01T04:15:18.753+0000: 19470.326: Total time for which application threads were stopped: 0.0001299 seconds, Stopping threads took: 0.0000396 seconds
2017-08-01T04:15:19.766+0000: 19471.339: Total time for which application threads were stopped: 0.0001908 seconds, Stopping threads took: 0.0000429 seconds
2017-08-01T04:15:19.766+0000: 19471.339: Total time for which application threads were stopped: 0.0000722 seconds, Stopping threads took: 0.0000209 seconds
2017-08-01T04:15:19.766+0000: 19471.340: Total time for which application threads were stopped: 0.0000741 seconds, Stopping threads took: 0.0000222 seconds
2017-08-01T04:15:19.766+0000: 19471.340: Total time for which application threads were stopped: 0.0000697 seconds, Stopping threads took: 0.0000187 seconds
2017-08-01T04:15:19.767+0000: 19471.340: Total time for which application threads were stopped: 0.0001033 seconds, Stopping threads took: 0.0000379 seconds
2017-08-01T04:15:19.767+0000: 19471.340: Total time for which application threads were stopped: 0.0000685 seconds, Stopping threads took: 0.0000188 seconds
{Heap before GC invocations=279 (full 2):
 par new generation   total 153344K, used 142527K [0x0000000080000000, 0x000000008a660000, 0x000000008a660000)
  eden space 136320K, 100% used [0x0000000080000000, 0x0000000088520000, 0x0000000088520000)
  from space 17024K,  36% used [0x00000000895c0000, 0x0000000089bcffb8, 0x000000008a660000)
  to   space 17024K,   0% used [0x0000000088520000, 0x0000000088520000, 0x00000000895c0000)
 concurrent mark-sweep generation total 1926784K, used 301107K [0x000000008a660000, 0x0000000100000000, 0x0000000100000000)
 Metaspace       used 86820K, capacity 92572K, committed 92824K, reserved 1130496K
  class space    used 10447K, capacity 10835K, committed 10912K, reserved 1048576K
2017-08-01T04:16:11.648+0000: 19523.221: [GC (Allocation Failure) Before GC:
Statistics for BinaryTreeDictionary:
------------------------------------
Total Free Space: 207954129
Max   Chunk Size: 207954129
Number of Blocks: 1
Av.  Block  Size: 207954129
Tree      Height: 1
2017-08-01T04:16:11.648+0000: 19523.221: [ParNew
Desired survivor size 8716288 bytes, new threshold 6 (max 6)
- age   1:    1445600 bytes,    1445600 total
- age   2:     651448 bytes,    2097048 total
- age   3:     556912 bytes,    2653960 total
- age   4:     550080 bytes,    3204040 total
- age   5:     580592 bytes,    3784632 total
- age   6:     535328 bytes,    4319960 total
: 142527K->6177K(153344K), 0.0228768 secs] 443635K->307756K(2080128K)After GC:
Statistics for BinaryTreeDictionary:
------------------------------------
Total Free Space: 207889686
Max   Chunk Size: 207889686
Number of Blocks: 1
Av.  Block  Size: 207889686
Tree      Height: 1
, 0.0229658 secs] [Times: user=0.06 sys=0.00, real=0.02 secs] 
Heap after GC invocations=280 (full 2):
 par new generation   total 153344K, used 6177K [0x0000000080000000, 0x000000008a660000, 0x000000008a660000)
  eden space 136320K,   0% used [0x0000000080000000, 0x0000000080000000, 0x0000000088520000)
  from space 17024K,  36% used [0x0000000088520000, 0x0000000088b28518, 0x00000000895c0000)
  to   space 17024K,   0% used [0x00000000895c0000, 0x00000000895c0000, 0x000000008a660000)
 concurrent mark-sweep generation total 1926784K, used 301579K [0x000000008a660000, 0x0000000100000000, 0x0000000100000000)
 Metaspace       used 86820K, capacity 92572K, committed 92824K, reserved 1130496K
  class space    used 10447K, capacity 10835K, committed 10912K, reserved 1048576K
}
2017-08-01T04:16:11.671+0000: 19523.244: Total time for which application threads were stopped: 0.0232384 seconds, Stopping threads took: 0.0000554 seconds
2017-08-01T04:16:11.673+0000: 19523.246: Total time for which application threads were stopped: 0.0002360 seconds, Stopping threads took: 0.0001235 seconds
2017-08-01T04:16:11.673+0000: 19523.246: Total time for which application threads were stopped: 0.0001183 seconds, Stopping threads took: 0.0000574 seconds
2017-08-01T04:16:11.679+0000: 19523.252: Total time for which application threads were stopped: 0.0001166 seconds, Stopping threads took: 0.0000509 seconds
2017-08-01T04:16:11.679+0000: 19523.252: Total time for which application threads were stopped: 0.0000668 seconds, Stopping threads took: 0.0000196 seconds
2017-08-01T04:16:11.679+0000: 19523.252: Total time for which application threads were stopped: 0.0000958 seconds, Stopping threads took: 0.0000396 seconds
2017-08-01T04:16:11.679+0000: 19523.252: Total time for which application threads were stopped: 0.0000975 seconds, Stopping threads took: 0.0000414 seconds
2017-08-01T04:16:11.679+0000: 19523.253: Total time for which application threads were stopped: 0.0000639 seconds, Stopping threads took: 0.0000183 seconds
2017-08-01T04:16:11.679+0000: 19523.253: Total time for which application threads were stopped: 0.0000979 seconds, Stopping threads took: 0.0000420 seconds
2017-08-01T04:16:11.680+0000: 19523.253: Total time for which application threads were stopped: 0.0000967 seconds, Stopping threads took: 0.0000406 seconds
2017-08-01T04:16:11.680+0000: 19523.253: Total time for which application threads were stopped: 0.0000997 seconds, Stopping threads took: 0.0000437 seconds
2017-08-01T04:16:11.680+0000: 19523.253: Total time for which application threads were stopped: 0.0000986 seconds, Stopping threads took: 0.0000423 seconds
2017-08-01T04:16:11.680+0000: 19523.253: Total time for which application threads were stopped: 0.0000957 seconds, Stopping threads took: 0.0000402 seconds
2017-08-01T04:16:11.680+0000: 19523.253: Total time for which application threads were stopped: 0.0001116 seconds, Stopping threads took: 0.0000405 seconds
2017-08-01T04:16:11.680+0000: 19523.253: Total time for which application threads were stopped: 0.0000976 seconds, Stopping threads took: 0.0000422 seconds
2017-08-01T04:16:11.680+0000: 19523.254: Total time for which application threads were stopped: 0.0000974 seconds, Stopping threads took: 0.0000416 seconds
2017-08-01T04:16:11.680+0000: 19523.254: Total time for which application threads were stopped: 0.0000645 seconds, Stopping threads took: 0.0000189 seconds
2017-08-01T04:16:11.680+0000: 19523.254: Total time for which application threads were stopped: 0.0000979 seconds, Stopping threads took: 0.0000421 seconds
2017-08-01T04:16:11.681+0000: 19523.254: Total time for which application threads were stopped: 0.0000614 seconds, Stopping threads took: 0.0000163 seconds
2017-08-01T04:16:11.681+0000: 19523.254: Total time for which application threads were stopped: 0.0001197 seconds, Stopping threads took: 0.0000470 seconds
2017-08-01T04:16:11.681+0000: 19523.254: Total time for which application threads were stopped: 0.0002170 seconds, Stopping threads took: 0.0000179 seconds
2017-08-01T04:16:50.685+0000: 19562.259: Total time for which application threads were stopped: 0.0001708 seconds, Stopping threads took: 0.0000375 seconds
2017-08-01T04:17:12.690+0000: 19584.263: Total time for which application threads were stopped: 0.0001722 seconds, Stopping threads took: 0.0000457 seconds
2017-08-01T04:17:29.692+0000: 19601.265: Total time for which application threads were stopped: 0.0001870 seconds, Stopping threads took: 0.0000562 seconds
{Heap before GC invocations=280 (full 2):
 par new generation   total 153344K, used 142497K [0x0000000080000000, 0x000000008a660000, 0x000000008a660000)
  eden space 136320K, 100% used [0x0000000080000000, 0x0000000088520000, 0x0000000088520000)
  from space 17024K,  36% used [0x0000000088520000, 0x0000000088b28518, 0x00000000895c0000)
  to   space 17024K,   0% used [0x00000000895c0000, 0x00000000895c0000, 0x000000008a660000)
 concurrent mark-sweep generation total 1926784K, used 301579K [0x000000008a660000, 0x0000000100000000, 0x0000000100000000)
 Metaspace       used 86820K, capacity 92572K, committed 92824K, reserved 1130496K
  class space    used 10447K, capacity 10835K, committed 10912K, reserved 1048576K
2017-08-01T04:17:39.465+0000: 19611.039: [GC (Allocation Failure) Before GC:
Statistics for BinaryTreeDictionary:
------------------------------------
Total Free Space: 207889686
Max   Chunk Size: 207889686
Number of Blocks: 1
Av.  Block  Size: 207889686
Tree      Height: 1
2017-08-01T04:17:39.465+0000: 19611.039: [ParNew
Desired survivor size 8716288 bytes, new threshold 6 (max 6)
- age   1:    1377728 bytes,    1377728 total
- age   2:     682520 bytes,    2060248 total
- age   3:     562576 bytes,    2622824 total
- age   4:     531888 bytes,    3154712 total
- age   5:     489632 bytes,    3644344 total
- age   6:     571496 bytes,    4215840 total
: 142497K->4199K(153344K), 0.0232350 secs] 444076K->306303K(2080128K)After GC:
Statistics for BinaryTreeDictionary:
------------------------------------
Total Free Space: 207825726
Max   Chunk Size: 207825726
Number of Blocks: 1
Av.  Block  Size: 207825726
Tree      Height: 1
, 0.0233283 secs] [Times: user=0.06 sys=0.00, real=0.02 secs] 
Heap after GC invocations=281 (full 2):
 par new generation   total 153344K, used 4199K [0x0000000080000000, 0x000000008a660000, 0x000000008a660000)
  eden space 136320K,   0% used [0x0000000080000000, 0x0000000080000000, 0x0000000088520000)
  from space 17024K,  24% used [0x00000000895c0000, 0x00000000899d9db0, 0x000000008a660000)
  to   space 17024K,   0% used [0x0000000088520000, 0x0000000088520000, 0x00000000895c0000)
 concurrent mark-sweep generation total 1926784K, used 302103K [0x000000008a660000, 0x0000000100000000, 0x0000000100000000)
 Metaspace       used 86820K, capacity 92572K, committed 92824K, reserved 1130496K
  class space    used 10447K, capacity 10835K, committed 10912K, reserved 1048576K
}
2017-08-01T04:17:39.489+0000: 19611.062: Total time for which application threads were stopped: 0.0236051 seconds, Stopping threads took: 0.0000684 seconds
2017-08-01T04:17:39.496+0000: 19611.069: Total time for which application threads were stopped: 0.0001700 seconds, Stopping threads took: 0.0000514 seconds
2017-08-01T04:17:39.496+0000: 19611.070: Total time for which application threads were stopped: 0.0000694 seconds, Stopping threads took: 0.0000222 seconds
2017-08-01T04:17:39.496+0000: 19611.070: Total time for which application threads were stopped: 0.0001075 seconds, Stopping threads took: 0.0000200 seconds
2017-08-01T04:17:39.497+0000: 19611.070: Total time for which application threads were stopped: 0.0000769 seconds, Stopping threads took: 0.0000294 seconds
2017-08-01T04:17:39.497+0000: 19611.070: Total time for which application threads were stopped: 0.0001178 seconds, Stopping threads took: 0.0000352 seconds
2017-08-01T04:17:39.497+0000: 19611.070: Total time for which application threads were stopped: 0.0001104 seconds, Stopping threads took: 0.0000537 seconds
2017-08-01T04:17:39.497+0000: 19611.070: Total time for which application threads were stopped: 0.0000771 seconds, Stopping threads took: 0.0000194 seconds
2017-08-01T04:17:39.497+0000: 19611.070: Total time for which application threads were stopped: 0.0001269 seconds, Stopping threads took: 0.0000572 seconds
2017-08-01T04:17:39.497+0000: 19611.070: Total time for which application threads were stopped: 0.0001028 seconds, Stopping threads took: 0.0000391 seconds
2017-08-01T04:17:39.497+0000: 19611.071: Total time for which application threads were stopped: 0.0000909 seconds, Stopping threads took: 0.0000320 seconds
2017-08-01T04:17:39.497+0000: 19611.071: Total time for which application threads were stopped: 0.0000640 seconds, Stopping threads took: 0.0000158 seconds
2017-08-01T04:17:39.497+0000: 19611.071: Total time for which application threads were stopped: 0.0001062 seconds, Stopping threads took: 0.0000405 seconds
2017-08-01T04:17:39.498+0000: 19611.071: Total time for which application threads were stopped: 0.0001006 seconds, Stopping threads took: 0.0000433 seconds
2017-08-01T04:17:39.498+0000: 19611.071: Total time for which application threads were stopped: 0.0000647 seconds, Stopping threads took: 0.0000173 seconds
2017-08-01T04:17:39.498+0000: 19611.071: Total time for which application threads were stopped: 0.0000667 seconds, Stopping threads took: 0.0000198 seconds
2017-08-01T04:17:39.498+0000: 19611.071: Total time for which application threads were stopped: 0.0001029 seconds, Stopping threads took: 0.0000324 seconds
2017-08-01T04:17:39.498+0000: 19611.072: Total time for which application threads were stopped: 0.0001255 seconds, Stopping threads took: 0.0000539 seconds
2017-08-01T04:17:39.498+0000: 19611.072: Total time for which application threads were stopped: 0.0000683 seconds, Stopping threads took: 0.0000197 seconds
2017-08-01T04:17:39.498+0000: 19611.072: Total time for which application threads were stopped: 0.0001012 seconds, Stopping threads took: 0.0000430 seconds
2017-08-01T04:17:39.499+0000: 19611.072: Total time for which application threads were stopped: 0.0002698 seconds, Stopping threads took: 0.0000422 seconds
2017-08-01T04:18:37.596+0000: 19669.169: Total time for which application threads were stopped: 0.0002141 seconds, Stopping threads took: 0.0000484 seconds
2017-08-01T04:18:37.596+0000: 19669.169: Total time for which application threads were stopped: 0.0000728 seconds, Stopping threads took: 0.0000198 seconds
2017-08-01T04:18:37.596+0000: 19669.170: Total time for which application threads were stopped: 0.0000734 seconds, Stopping threads took: 0.0000215 seconds
2017-08-01T04:18:37.596+0000: 19669.170: Total time for which application threads were stopped: 0.0000696 seconds, Stopping threads took: 0.0000199 seconds
2017-08-01T04:18:37.597+0000: 19669.170: Total time for which application threads were stopped: 0.0000976 seconds, Stopping threads took: 0.0000332 seconds
2017-08-01T04:18:37.597+0000: 19669.170: Total time for which application threads were stopped: 0.0000730 seconds, Stopping threads took: 0.0000214 seconds
{Heap before GC invocations=281 (full 2):
 par new generation   total 153344K, used 140519K [0x0000000080000000, 0x000000008a660000, 0x000000008a660000)
  eden space 136320K, 100% used [0x0000000080000000, 0x0000000088520000, 0x0000000088520000)
  from space 17024K,  24% used [0x00000000895c0000, 0x00000000899d9db0, 0x000000008a660000)
  to   space 17024K,   0% used [0x0000000088520000, 0x0000000088520000, 0x00000000895c0000)
 concurrent mark-sweep generation total 1926784K, used 302103K [0x000000008a660000, 0x0000000100000000, 0x0000000100000000)
 Metaspace       used 86820K, capacity 92572K, committed 92824K, reserved 1130496K
  class space    used 10447K, capacity 10835K, committed 10912K, reserved 1048576K
2017-08-01T04:18:57.362+0000: 19688.935: [GC (Allocation Failure) Before GC:
Statistics for BinaryTreeDictionary:
------------------------------------
Total Free Space: 207825726
Max   Chunk Size: 207825726
Number of Blocks: 1
Av.  Block  Size: 207825726
Tree      Height: 1
2017-08-01T04:18:57.362+0000: 19688.935: [ParNew
Desired survivor size 8716288 bytes, new threshold 6 (max 6)
- age   1:    1352216 bytes,    1352216 total
- age   2:     657352 bytes,    2009568 total
- age   3:     602552 bytes,    2612120 total
- age   4:     496656 bytes,    3108776 total
- age   5:     519528 bytes,    3628304 total
- age   6:     479632 bytes,    4107936 total
: 140519K->4136K(153344K), 0.0230964 secs] 442623K->306799K(2080128K)After GC:
Statistics for BinaryTreeDictionary:
------------------------------------
Total Free Space: 207752469
Max   Chunk Size: 207752469
Number of Blocks: 1
Av.  Block  Size: 207752469
Tree      Height: 1
, 0.0232016 secs] [Times: user=0.05 sys=0.00, real=0.03 secs] 
Heap after GC invocations=282 (full 2):
 par new generation   total 153344K, used 4136K [0x0000000080000000, 0x000000008a660000, 0x000000008a660000)
  eden space 136320K,   0% used [0x0000000080000000, 0x0000000080000000, 0x0000000088520000)
  from space 17024K,  24% used [0x0000000088520000, 0x000000008892a010, 0x00000000895c0000)
  to   space 17024K,   0% used [0x00000000895c0000, 0x00000000895c0000, 0x000000008a660000)
 concurrent mark-sweep generation total 1926784K, used 302663K [0x000000008a660000, 0x0000000100000000, 0x0000000100000000)
 Metaspace       used 86820K, capacity 92572K, committed 92824K, reserved 1130496K
  class space    used 10447K, capacity 10835K, committed 10912K, reserved 1048576K
}
2017-08-01T04:18:57.385+0000: 19688.958: Total time for which application threads were stopped: 0.0234844 seconds, Stopping threads took: 0.0000766 seconds
2017-08-01T04:18:57.392+0000: 19688.965: Total time for which application threads were stopped: 0.0001852 seconds, Stopping threads took: 0.0000694 seconds
2017-08-01T04:18:57.392+0000: 19688.965: Total time for which application threads were stopped: 0.0001074 seconds, Stopping threads took: 0.0000461 seconds
2017-08-01T04:18:57.393+0000: 19688.966: Total time for which application threads were stopped: 0.0001332 seconds, Stopping threads took: 0.0000575 seconds
2017-08-01T04:18:57.393+0000: 19688.966: Total time for which application threads were stopped: 0.0000878 seconds, Stopping threads took: 0.0000200 seconds
2017-08-01T04:18:57.393+0000: 19688.966: Total time for which application threads were stopped: 0.0001335 seconds, Stopping threads took: 0.0000519 seconds
2017-08-01T04:18:57.393+0000: 19688.966: Total time for which application threads were stopped: 0.0001115 seconds, Stopping threads took: 0.0000545 seconds
2017-08-01T04:18:57.393+0000: 19688.966: Total time for which application threads were stopped: 0.0000976 seconds, Stopping threads took: 0.0000403 seconds
2017-08-01T04:18:57.393+0000: 19688.967: Total time for which application threads were stopped: 0.0000984 seconds, Stopping threads took: 0.0000426 seconds
2017-08-01T04:18:57.393+0000: 19688.967: Total time for which application threads were stopped: 0.0000683 seconds, Stopping threads took: 0.0000219 seconds
2017-08-01T04:18:57.393+0000: 19688.967: Total time for which application threads were stopped: 0.0000918 seconds, Stopping threads took: 0.0000298 seconds
2017-08-01T04:18:57.394+0000: 19688.967: Total time for which application threads were stopped: 0.0001028 seconds, Stopping threads took: 0.0000178 seconds
2017-08-01T04:18:57.394+0000: 19688.967: Total time for which application threads were stopped: 0.0001025 seconds, Stopping threads took: 0.0000444 seconds
2017-08-01T04:18:57.394+0000: 19688.967: Total time for which application threads were stopped: 0.0000963 seconds, Stopping threads took: 0.0000263 seconds
2017-08-01T04:18:57.394+0000: 19688.967: Total time for which application threads were stopped: 0.0001101 seconds, Stopping threads took: 0.0000513 seconds
2017-08-01T04:18:57.394+0000: 19688.967: Total time for which application threads were stopped: 0.0000986 seconds, Stopping threads took: 0.0000293 seconds
2017-08-01T04:18:57.394+0000: 19688.968: Total time for which application threads were stopped: 0.0000973 seconds, Stopping threads took: 0.0000389 seconds
2017-08-01T04:18:57.394+0000: 19688.968: Total time for which application threads were stopped: 0.0000664 seconds, Stopping threads took: 0.0000179 seconds
2017-08-01T04:18:57.395+0000: 19688.968: Total time for which application threads were stopped: 0.0001271 seconds, Stopping threads took: 0.0000648 seconds
2017-08-01T04:18:57.395+0000: 19688.969: Total time for which application threads were stopped: 0.0000700 seconds, Stopping threads took: 0.0000219 seconds
2017-08-01T04:18:57.396+0000: 19688.969: Total time for which application threads were stopped: 0.0002497 seconds, Stopping threads took: 0.0000187 seconds
2017-08-01T04:19:22.372+0000: 19713.945: Total time for which application threads were stopped: 0.0002117 seconds, Stopping threads took: 0.0000848 seconds
2017-08-01T04:19:22.372+0000: 19713.945: Total time for which application threads were stopped: 0.0001187 seconds, Stopping threads took: 0.0000543 seconds
2017-08-01T04:19:22.372+0000: 19713.945: Total time for which application threads were stopped: 0.0000969 seconds, Stopping threads took: 0.0000220 seconds
2017-08-01T04:19:22.372+0000: 19713.946: Total time for which application threads were stopped: 0.0000693 seconds, Stopping threads took: 0.0000187 seconds
2017-08-01T04:19:22.372+0000: 19713.946: Total time for which application threads were stopped: 0.0000881 seconds, Stopping threads took: 0.0000356 seconds
2017-08-01T04:19:22.373+0000: 19713.946: Total time for which application threads were stopped: 0.0000713 seconds, Stopping threads took: 0.0000207 seconds
{Heap before GC invocations=282 (full 2):
 par new generation   total 153344K, used 140456K [0x0000000080000000, 0x000000008a660000, 0x000000008a660000)
  eden space 136320K, 100% used [0x0000000080000000, 0x0000000088520000, 0x0000000088520000)
  from space 17024K,  24% used [0x0000000088520000, 0x000000008892a010, 0x00000000895c0000)
  to   space 17024K,   0% used [0x00000000895c0000, 0x00000000895c0000, 0x000000008a660000)
 concurrent mark-sweep generation total 1926784K, used 302663K [0x000000008a660000, 0x0000000100000000, 0x0000000100000000)
 Metaspace       used 86820K, capacity 92572K, committed 92824K, reserved 1130496K
  class space    used 10447K, capacity 10835K, committed 10912K, reserved 1048576K
2017-08-01T04:20:23.645+0000: 19775.218: [GC (Allocation Failure) Before GC:
Statistics for BinaryTreeDictionary:
------------------------------------
Total Free Space: 207752469
Max   Chunk Size: 207752469
Number of Blocks: 1
Av.  Block  Size: 207752469
Tree      Height: 1
2017-08-01T04:20:23.645+0000: 19775.218: [ParNew
Desired survivor size 8716288 bytes, new threshold 6 (max 6)
- age   1:    1353272 bytes,    1353272 total
- age   2:     656984 bytes,    2010256 total
- age   3:     592864 bytes,    2603120 total
- age   4:     532456 bytes,    3135576 total
- age   5:     483768 bytes,    3619344 total
- age   6:     508792 bytes,    4128136 total
: 140456K->7983K(153344K), 0.0233664 secs] 443119K->311115K(2080128K)After GC:
Statistics for BinaryTreeDictionary:
------------------------------------
Total Free Space: 207688364
Max   Chunk Size: 207688364
Number of Blocks: 1
Av.  Block  Size: 207688364
Tree      Height: 1
, 0.0234709 secs] [Times: user=0.06 sys=0.00, real=0.02 secs] 
Heap after GC invocations=283 (full 2):
 par new generation   total 153344K, used 7983K [0x0000000080000000, 0x000000008a660000, 0x000000008a660000)
  eden space 136320K,   0% used [0x0000000080000000, 0x0000000080000000, 0x0000000088520000)
  from space 17024K,  46% used [0x00000000895c0000, 0x0000000089d8bdb0, 0x000000008a660000)
  to   space 17024K,   0% used [0x0000000088520000, 0x0000000088520000, 0x00000000895c0000)
 concurrent mark-sweep generation total 1926784K, used 303132K [0x000000008a660000, 0x0000000100000000, 0x0000000100000000)
 Metaspace       used 86820K, capacity 92572K, committed 92824K, reserved 1130496K
  class space    used 10447K, capacity 10835K, committed 10912K, reserved 1048576K
}
2017-08-01T04:20:23.668+0000: 19775.241: Total time for which application threads were stopped: 0.0237083 seconds, Stopping threads took: 0.0000407 seconds
2017-08-01T04:20:23.669+0000: 19775.242: Total time for which application threads were stopped: 0.0001467 seconds, Stopping threads took: 0.0000406 seconds
2017-08-01T04:20:23.669+0000: 19775.242: Total time for which application threads were stopped: 0.0001428 seconds, Stopping threads took: 0.0000580 seconds
2017-08-01T04:20:23.669+0000: 19775.243: Total time for which application threads were stopped: 0.0000696 seconds, Stopping threads took: 0.0000187 seconds
2017-08-01T04:20:23.670+0000: 19775.243: Total time for which application threads were stopped: 0.0001168 seconds, Stopping threads took: 0.0000481 seconds
2017-08-01T04:20:23.675+0000: 19775.249: Total time for which application threads were stopped: 0.0001206 seconds, Stopping threads took: 0.0000481 seconds
2017-08-01T04:20:23.676+0000: 19775.249: Total time for which application threads were stopped: 0.0001086 seconds, Stopping threads took: 0.0000410 seconds
2017-08-01T04:20:23.676+0000: 19775.249: Total time for which application threads were stopped: 0.0000663 seconds, Stopping threads took: 0.0000180 seconds
2017-08-01T04:20:23.676+0000: 19775.249: Total time for which application threads were stopped: 0.0000965 seconds, Stopping threads took: 0.0000207 seconds
2017-08-01T04:20:23.676+0000: 19775.249: Total time for which application threads were stopped: 0.0000839 seconds, Stopping threads took: 0.0000190 seconds
2017-08-01T04:20:23.676+0000: 19775.249: Total time for which application threads were stopped: 0.0001007 seconds, Stopping threads took: 0.0000428 seconds
2017-08-01T04:20:23.676+0000: 19775.249: Total time for which application threads were stopped: 0.0000834 seconds, Stopping threads took: 0.0000310 seconds
2017-08-01T04:20:23.676+0000: 19775.250: Total time for which application threads were stopped: 0.0000986 seconds, Stopping threads took: 0.0000276 seconds
2017-08-01T04:20:23.676+0000: 19775.250: Total time for which application threads were stopped: 0.0000945 seconds, Stopping threads took: 0.0000188 seconds
2017-08-01T04:20:23.677+0000: 19775.250: Total time for which application threads were stopped: 0.0000676 seconds, Stopping threads took: 0.0000213 seconds
2017-08-01T04:20:23.677+0000: 19775.250: Total time for which application threads were stopped: 0.0000642 seconds, Stopping threads took: 0.0000178 seconds
2017-08-01T04:20:23.677+0000: 19775.250: Total time for which application threads were stopped: 0.0001010 seconds, Stopping threads took: 0.0000449 seconds
2017-08-01T04:20:23.677+0000: 19775.250: Total time for which application threads were stopped: 0.0000861 seconds, Stopping threads took: 0.0000183 seconds
2017-08-01T04:20:23.677+0000: 19775.250: Total time for which application threads were stopped: 0.0000774 seconds, Stopping threads took: 0.0000263 seconds
2017-08-01T04:20:23.677+0000: 19775.250: Total time for which application threads were stopped: 0.0000961 seconds, Stopping threads took: 0.0000366 seconds
2017-08-01T04:20:23.678+0000: 19775.251: Total time for which application threads were stopped: 0.0002932 seconds, Stopping threads took: 0.0000336 seconds
2017-08-01T04:21:24.952+0000: 19836.525: Total time for which application threads were stopped: 0.0001860 seconds, Stopping threads took: 0.0000538 seconds
{Heap before GC invocations=283 (full 2):
 par new generation   total 153344K, used 144303K [0x0000000080000000, 0x000000008a660000, 0x000000008a660000)
  eden space 136320K, 100% used [0x0000000080000000, 0x0000000088520000, 0x0000000088520000)
  from space 17024K,  46% used [0x00000000895c0000, 0x0000000089d8bdb0, 0x000000008a660000)
  to   space 17024K,   0% used [0x0000000088520000, 0x0000000088520000, 0x00000000895c0000)
 concurrent mark-sweep generation total 1926784K, used 303132K [0x000000008a660000, 0x0000000100000000, 0x0000000100000000)
 Metaspace       used 86822K, capacity 92572K, committed 92824K, reserved 1130496K
  class space    used 10447K, capacity 10835K, committed 10912K, reserved 1048576K
2017-08-01T04:21:49.964+0000: 19861.537: [GC (Allocation Failure) Before GC:
Statistics for BinaryTreeDictionary:
------------------------------------
Total Free Space: 207688364
Max   Chunk Size: 207688364
Number of Blocks: 1
Av.  Block  Size: 207688364
Tree      Height: 1
2017-08-01T04:21:49.964+0000: 19861.537: [ParNew
Desired survivor size 8716288 bytes, new threshold 6 (max 6)
- age   1:    1438024 bytes,    1438024 total
- age   2:     605928 bytes,    2043952 total
- age   3:     601208 bytes,    2645160 total
- age   4:     545000 bytes,    3190160 total
- age   5:     517720 bytes,    3707880 total
- age   6:     474064 bytes,    4181944 total
: 144303K->5065K(153344K), 0.0235358 secs] 447435K->308695K(2080128K)After GC:
Statistics for BinaryTreeDictionary:
------------------------------------
Total Free Space: 207629057
Max   Chunk Size: 207629057
Number of Blocks: 1
Av.  Block  Size: 207629057
Tree      Height: 1
, 0.0236275 secs] [Times: user=0.05 sys=0.00, real=0.02 secs] 
Heap after GC invocations=284 (full 2):
 par new generation   total 153344K, used 5065K [0x0000000080000000, 0x000000008a660000, 0x000000008a660000)
  eden space 136320K,   0% used [0x0000000080000000, 0x0000000080000000, 0x0000000088520000)
  from space 17024K,  29% used [0x0000000088520000, 0x0000000088a124e8, 0x00000000895c0000)
  to   space 17024K,   0% used [0x00000000895c0000, 0x00000000895c0000, 0x000000008a660000)
 concurrent mark-sweep generation total 1926784K, used 303630K [0x000000008a660000, 0x0000000100000000, 0x0000000100000000)
 Metaspace       used 86822K, capacity 92572K, committed 92824K, reserved 1130496K
  class space    used 10447K, capacity 10835K, committed 10912K, reserved 1048576K
}
2017-08-01T04:21:49.987+0000: 19861.561: Total time for which application threads were stopped: 0.0238776 seconds, Stopping threads took: 0.0000513 seconds
2017-08-01T04:21:49.988+0000: 19861.561: Total time for which application threads were stopped: 0.0001564 seconds, Stopping threads took: 0.0000518 seconds
2017-08-01T04:21:49.988+0000: 19861.562: Total time for which application threads were stopped: 0.0000762 seconds, Stopping threads took: 0.0000253 seconds
2017-08-01T04:21:49.988+0000: 19861.562: Total time for which application threads were stopped: 0.0000986 seconds, Stopping threads took: 0.0000388 seconds
2017-08-01T04:21:49.989+0000: 19861.562: Total time for which application threads were stopped: 0.0001031 seconds, Stopping threads took: 0.0000444 seconds
2017-08-01T04:21:49.989+0000: 19861.562: Total time for which application threads were stopped: 0.0000648 seconds, Stopping threads took: 0.0000192 seconds
2017-08-01T04:21:49.995+0000: 19861.568: Total time for which application threads were stopped: 0.0001251 seconds, Stopping threads took: 0.0000535 seconds
2017-08-01T04:21:49.995+0000: 19861.568: Total time for which application threads were stopped: 0.0000711 seconds, Stopping threads took: 0.0000215 seconds
2017-08-01T04:21:49.995+0000: 19861.568: Total time for which application threads were stopped: 0.0000663 seconds, Stopping threads took: 0.0000170 seconds
2017-08-01T04:21:49.995+0000: 19861.568: Total time for which application threads were stopped: 0.0000968 seconds, Stopping threads took: 0.0000231 seconds
2017-08-01T04:21:49.995+0000: 19861.568: Total time for which application threads were stopped: 0.0001065 seconds, Stopping threads took: 0.0000423 seconds
2017-08-01T04:21:49.995+0000: 19861.568: Total time for which application threads were stopped: 0.0000728 seconds, Stopping threads took: 0.0000215 seconds
2017-08-01T04:21:49.995+0000: 19861.568: Total time for which application threads were stopped: 0.0001148 seconds, Stopping threads took: 0.0000531 seconds
2017-08-01T04:21:49.995+0000: 19861.569: Total time for which application threads were stopped: 0.0000920 seconds, Stopping threads took: 0.0000288 seconds
2017-08-01T04:21:49.995+0000: 19861.569: Total time for which application threads were stopped: 0.0001126 seconds, Stopping threads took: 0.0000412 seconds
2017-08-01T04:21:49.996+0000: 19861.569: Total time for which application threads were stopped: 0.0000828 seconds, Stopping threads took: 0.0000314 seconds
2017-08-01T04:21:49.996+0000: 19861.569: Total time for which application threads were stopped: 0.0000812 seconds, Stopping threads took: 0.0000324 seconds
2017-08-01T04:21:49.996+0000: 19861.569: Total time for which application threads were stopped: 0.0000653 seconds, Stopping threads took: 0.0000173 seconds
2017-08-01T04:21:49.996+0000: 19861.569: Total time for which application threads were stopped: 0.0001147 seconds, Stopping threads took: 0.0000554 seconds
2017-08-01T04:21:49.996+0000: 19861.569: Total time for which application threads were stopped: 0.0000691 seconds, Stopping threads took: 0.0000209 seconds
2017-08-01T04:21:49.996+0000: 19861.570: Total time for which application threads were stopped: 0.0002680 seconds, Stopping threads took: 0.0000170 seconds
{Heap before GC invocations=284 (full 2):
 par new generation   total 153344K, used 141385K [0x0000000080000000, 0x000000008a660000, 0x000000008a660000)
  eden space 136320K, 100% used [0x0000000080000000, 0x0000000088520000, 0x0000000088520000)
  from space 17024K,  29% used [0x0000000088520000, 0x0000000088a124e8, 0x00000000895c0000)
  to   space 17024K,   0% used [0x00000000895c0000, 0x00000000895c0000, 0x000000008a660000)
 concurrent mark-sweep generation total 1926784K, used 303630K [0x000000008a660000, 0x0000000100000000, 0x0000000100000000)
 Metaspace       used 86822K, capacity 92572K, committed 92824K, reserved 1130496K
  class space    used 10447K, capacity 10835K, committed 10912K, reserved 1048576K
2017-08-01T04:23:09.003+0000: 19940.576: [GC (Allocation Failure) Before GC:
Statistics for BinaryTreeDictionary:
------------------------------------
Total Free Space: 207629057
Max   Chunk Size: 207629057
Number of Blocks: 1
Av.  Block  Size: 207629057
Tree      Height: 1
2017-08-01T04:23:09.003+0000: 19940.576: [ParNew
Desired survivor size 8716288 bytes, new threshold 6 (max 6)
- age   1:    1365704 bytes,    1365704 total
- age   2:     742624 bytes,    2108328 total
- age   3:     548936 bytes,    2657264 total
- age   4:     555312 bytes,    3212576 total
- age   5:     485440 bytes,    3698016 total
- age   6:     505464 bytes,    4203480 total
: 141385K->7347K(153344K), 0.0229537 secs] 445015K->311440K(2080128K)After GC:
Statistics for BinaryTreeDictionary:
------------------------------------
Total Free Space: 207570462
Max   Chunk Size: 207570462
Number of Blocks: 1
Av.  Block  Size: 207570462
Tree      Height: 1
, 0.0230361 secs] [Times: user=0.06 sys=0.00, real=0.02 secs] 
Heap after GC invocations=285 (full 2):
 par new generation   total 153344K, used 7347K [0x0000000080000000, 0x000000008a660000, 0x000000008a660000)
  eden space 136320K,   0% used [0x0000000080000000, 0x0000000080000000, 0x0000000088520000)
  from space 17024K,  43% used [0x00000000895c0000, 0x0000000089cecc30, 0x000000008a660000)
  to   space 17024K,   0% used [0x0000000088520000, 0x0000000088520000, 0x00000000895c0000)
 concurrent mark-sweep generation total 1926784K, used 304093K [0x000000008a660000, 0x0000000100000000, 0x0000000100000000)
 Metaspace       used 86822K, capacity 92572K, committed 92824K, reserved 1130496K
  class space    used 10447K, capacity 10835K, committed 10912K, reserved 1048576K
}
2017-08-01T04:23:09.026+0000: 19940.599: Total time for which application threads were stopped: 0.0233424 seconds, Stopping threads took: 0.0000588 seconds
2017-08-01T04:23:09.026+0000: 19940.600: Total time for which application threads were stopped: 0.0001728 seconds, Stopping threads took: 0.0000598 seconds
2017-08-01T04:23:09.026+0000: 19940.600: Total time for which application threads were stopped: 0.0000760 seconds, Stopping threads took: 0.0000277 seconds
2017-08-01T04:23:09.027+0000: 19940.600: Total time for which application threads were stopped: 0.0000745 seconds, Stopping threads took: 0.0000244 seconds
2017-08-01T04:23:09.027+0000: 19940.600: Total time for which application threads were stopped: 0.0000757 seconds, Stopping threads took: 0.0000276 seconds
2017-08-01T04:23:09.027+0000: 19940.600: Total time for which application threads were stopped: 0.0000833 seconds, Stopping threads took: 0.0000351 seconds
2017-08-01T04:23:09.028+0000: 19940.601: Total time for which application threads were stopped: 0.0007919 seconds, Stopping threads took: 0.0007315 seconds
2017-08-01T04:23:09.028+0000: 19940.601: Total time for which application threads were stopped: 0.0000755 seconds, Stopping threads took: 0.0000284 seconds
2017-08-01T04:23:09.028+0000: 19940.601: Total time for which application threads were stopped: 0.0001138 seconds, Stopping threads took: 0.0000397 seconds
2017-08-01T04:23:09.028+0000: 19940.601: Total time for which application threads were stopped: 0.0001288 seconds, Stopping threads took: 0.0000713 seconds
2017-08-01T04:23:09.028+0000: 19940.601: Total time for which application threads were stopped: 0.0001119 seconds, Stopping threads took: 0.0000497 seconds
2017-08-01T04:23:09.028+0000: 19940.602: Total time for which application threads were stopped: 0.0001258 seconds, Stopping threads took: 0.0000690 seconds
2017-08-01T04:23:09.028+0000: 19940.602: Total time for which application threads were stopped: 0.0000840 seconds, Stopping threads took: 0.0000282 seconds
2017-08-01T04:23:09.029+0000: 19940.602: Total time for which application threads were stopped: 0.0000991 seconds, Stopping threads took: 0.0000346 seconds
2017-08-01T04:23:09.029+0000: 19940.602: Total time for which application threads were stopped: 0.0001067 seconds, Stopping threads took: 0.0000477 seconds
2017-08-01T04:23:09.029+0000: 19940.602: Total time for which application threads were stopped: 0.0001440 seconds, Stopping threads took: 0.0000486 seconds
2017-08-01T04:23:09.029+0000: 19940.602: Total time for which application threads were stopped: 0.0001262 seconds, Stopping threads took: 0.0000460 seconds
2017-08-01T04:23:09.029+0000: 19940.602: Total time for which application threads were stopped: 0.0000939 seconds, Stopping threads took: 0.0000395 seconds
2017-08-01T04:23:09.029+0000: 19940.603: Total time for which application threads were stopped: 0.0001228 seconds, Stopping threads took: 0.0000427 seconds
2017-08-01T04:23:09.029+0000: 19940.603: Total time for which application threads were stopped: 0.0001086 seconds, Stopping threads took: 0.0000468 seconds
2017-08-01T04:23:09.030+0000: 19940.603: Total time for which application threads were stopped: 0.0002483 seconds, Stopping threads took: 0.0000507 seconds
{Heap before GC invocations=285 (full 2):
 par new generation   total 153344K, used 143667K [0x0000000080000000, 0x000000008a660000, 0x000000008a660000)
  eden space 136320K, 100% used [0x0000000080000000, 0x0000000088520000, 0x0000000088520000)
  from space 17024K,  43% used [0x00000000895c0000, 0x0000000089cecc30, 0x000000008a660000)
  to   space 17024K,   0% used [0x0000000088520000, 0x0000000088520000, 0x00000000895c0000)
 concurrent mark-sweep generation total 1926784K, used 304093K [0x000000008a660000, 0x0000000100000000, 0x0000000100000000)
 Metaspace       used 86822K, capacity 92572K, committed 92824K, reserved 1130496K
  class space    used 10447K, capacity 10835K, committed 10912K, reserved 1048576K
2017-08-01T04:24:35.925+0000: 20027.498: [GC (Allocation Failure) Before GC:
Statistics for BinaryTreeDictionary:
------------------------------------
Total Free Space: 207570462
Max   Chunk Size: 207570462
Number of Blocks: 1
Av.  Block  Size: 207570462
Tree      Height: 1
2017-08-01T04:24:35.925+0000: 20027.498: [ParNew
Desired survivor size 8716288 bytes, new threshold 6 (max 6)
- age   1:    1358080 bytes,    1358080 total
- age   2:     639736 bytes,    1997816 total
- age   3:     677472 bytes,    2675288 total
- age   4:     529344 bytes,    3204632 total
- age   5:     493088 bytes,    3697720 total
- age   6:     474872 bytes,    4172592 total
: 143667K->4870K(153344K), 0.0221560 secs] 447760K->309458K(2080128K)After GC:
Statistics for BinaryTreeDictionary:
------------------------------------
Total Free Space: 207505838
Max   Chunk Size: 207505838
Number of Blocks: 1
Av.  Block  Size: 207505838
Tree      Height: 1
, 0.0222325 secs] [Times: user=0.05 sys=0.00, real=0.02 secs] 
Heap after GC invocations=286 (full 2):
 par new generation   total 153344K, used 4870K [0x0000000080000000, 0x000000008a660000, 0x000000008a660000)
  eden space 136320K,   0% used [0x0000000080000000, 0x0000000080000000, 0x0000000088520000)
  from space 17024K,  28% used [0x0000000088520000, 0x00000000889e1b88, 0x00000000895c0000)
  to   space 17024K,   0% used [0x00000000895c0000, 0x00000000895c0000, 0x000000008a660000)
 concurrent mark-sweep generation total 1926784K, used 304587K [0x000000008a660000, 0x0000000100000000, 0x0000000100000000)
 Metaspace       used 86822K, capacity 92572K, committed 92824K, reserved 1130496K
  class space    used 10447K, capacity 10835K, committed 10912K, reserved 1048576K
}
2017-08-01T04:24:35.947+0000: 20027.521: Total time for which application threads were stopped: 0.0234854 seconds, Stopping threads took: 0.0010393 seconds
2017-08-01T04:24:35.948+0000: 20027.521: Total time for which application threads were stopped: 0.0001614 seconds, Stopping threads took: 0.0000566 seconds
2017-08-01T04:24:35.948+0000: 20027.521: Total time for which application threads were stopped: 0.0001037 seconds, Stopping threads took: 0.0000445 seconds
2017-08-01T04:24:35.948+0000: 20027.522: Total time for which application threads were stopped: 0.0000965 seconds, Stopping threads took: 0.0000373 seconds
2017-08-01T04:24:35.948+0000: 20027.522: Total time for which application threads were stopped: 0.0001024 seconds, Stopping threads took: 0.0000445 seconds
2017-08-01T04:24:35.949+0000: 20027.522: Total time for which application threads were stopped: 0.0000915 seconds, Stopping threads took: 0.0000249 seconds
2017-08-01T04:24:35.949+0000: 20027.522: Total time for which application threads were stopped: 0.0001104 seconds, Stopping threads took: 0.0000522 seconds
2017-08-01T04:24:35.949+0000: 20027.522: Total time for which application threads were stopped: 0.0000680 seconds, Stopping threads took: 0.0000202 seconds
2017-08-01T04:24:35.949+0000: 20027.522: Total time for which application threads were stopped: 0.0000651 seconds, Stopping threads took: 0.0000181 seconds
2017-08-01T04:24:35.949+0000: 20027.522: Total time for which application threads were stopped: 0.0001033 seconds, Stopping threads took: 0.0000444 seconds
2017-08-01T04:24:35.949+0000: 20027.523: Total time for which application threads were stopped: 0.0000775 seconds, Stopping threads took: 0.0000282 seconds
2017-08-01T04:24:35.949+0000: 20027.523: Total time for which application threads were stopped: 0.0001025 seconds, Stopping threads took: 0.0000443 seconds
2017-08-01T04:24:35.950+0000: 20027.523: Total time for which application threads were stopped: 0.0000674 seconds, Stopping threads took: 0.0000214 seconds
2017-08-01T04:24:35.950+0000: 20027.523: Total time for which application threads were stopped: 0.0000991 seconds, Stopping threads took: 0.0000431 seconds
2017-08-01T04:24:35.950+0000: 20027.523: Total time for which application threads were stopped: 0.0001072 seconds, Stopping threads took: 0.0000266 seconds
2017-08-01T04:24:35.950+0000: 20027.523: Total time for which application threads were stopped: 0.0001027 seconds, Stopping threads took: 0.0000432 seconds
2017-08-01T04:24:35.950+0000: 20027.523: Total time for which application threads were stopped: 0.0000681 seconds, Stopping threads took: 0.0000204 seconds
2017-08-01T04:24:35.950+0000: 20027.523: Total time for which application threads were stopped: 0.0000687 seconds, Stopping threads took: 0.0000207 seconds
2017-08-01T04:24:35.950+0000: 20027.523: Total time for which application threads were stopped: 0.0000648 seconds, Stopping threads took: 0.0000181 seconds
2017-08-01T04:24:35.950+0000: 20027.524: Total time for which application threads were stopped: 0.0000631 seconds, Stopping threads took: 0.0000180 seconds
2017-08-01T04:24:35.951+0000: 20027.524: Total time for which application threads were stopped: 0.0002255 seconds, Stopping threads took: 0.0000426 seconds
{Heap before GC invocations=286 (full 2):
 par new generation   total 153344K, used 141190K [0x0000000080000000, 0x000000008a660000, 0x000000008a660000)
  eden space 136320K, 100% used [0x0000000080000000, 0x0000000088520000, 0x0000000088520000)
  from space 17024K,  28% used [0x0000000088520000, 0x00000000889e1b88, 0x00000000895c0000)
  to   space 17024K,   0% used [0x00000000895c0000, 0x00000000895c0000, 0x000000008a660000)
 concurrent mark-sweep generation total 1926784K, used 304587K [0x000000008a660000, 0x0000000100000000, 0x0000000100000000)
 Metaspace       used 86822K, capacity 92572K, committed 92824K, reserved 1130496K
  class space    used 10447K, capacity 10835K, committed 10912K, reserved 1048576K
2017-08-01T04:25:56.535+0000: 20108.108: [GC (Allocation Failure) Before GC:
Statistics for BinaryTreeDictionary:
------------------------------------
Total Free Space: 207505838
Max   Chunk Size: 207505838
Number of Blocks: 1
Av.  Block  Size: 207505838
Tree      Height: 1
2017-08-01T04:25:56.535+0000: 20108.108: [ParNew
Desired survivor size 8716288 bytes, new threshold 6 (max 6)
- age   1:    1313376 bytes,    1313376 total
- age   2:     628840 bytes,    1942216 total
- age   3:     588800 bytes,    2531016 total
- age   4:     631816 bytes,    3162832 total
- age   5:     515056 bytes,    3677888 total
- age   6:     485968 bytes,    4163856 total
: 141190K->7364K(153344K), 0.0227303 secs] 445778K->312417K(2080128K)After GC:
Statistics for BinaryTreeDictionary:
------------------------------------
Total Free Space: 207445246
Max   Chunk Size: 207445246
Number of Blocks: 1
Av.  Block  Size: 207445246
Tree      Height: 1
, 0.0228213 secs] [Times: user=0.06 sys=0.00, real=0.02 secs] 
Heap after GC invocations=287 (full 2):
 par new generation   total 153344K, used 7364K [0x0000000080000000, 0x000000008a660000, 0x000000008a660000)
  eden space 136320K,   0% used [0x0000000080000000, 0x0000000080000000, 0x0000000088520000)
  from space 17024K,  43% used [0x00000000895c0000, 0x0000000089cf13a0, 0x000000008a660000)
  to   space 17024K,   0% used [0x0000000088520000, 0x0000000088520000, 0x00000000895c0000)
 concurrent mark-sweep generation total 1926784K, used 305053K [0x000000008a660000, 0x0000000100000000, 0x0000000100000000)
 Metaspace       used 86822K, capacity 92572K, committed 92824K, reserved 1130496K
  class space    used 10447K, capacity 10835K, committed 10912K, reserved 1048576K
}
2017-08-01T04:25:56.558+0000: 20108.131: Total time for which application threads were stopped: 0.0231188 seconds, Stopping threads took: 0.0000756 seconds
2017-08-01T04:25:56.558+0000: 20108.131: Total time for which application threads were stopped: 0.0001310 seconds, Stopping threads took: 0.0000330 seconds
2017-08-01T04:25:56.558+0000: 20108.131: Total time for which application threads were stopped: 0.0001203 seconds, Stopping threads took: 0.0000542 seconds
2017-08-01T04:25:56.558+0000: 20108.132: Total time for which application threads were stopped: 0.0000706 seconds, Stopping threads took: 0.0000189 seconds
2017-08-01T04:25:56.559+0000: 20108.132: Total time for which application threads were stopped: 0.0000836 seconds, Stopping threads took: 0.0000226 seconds
2017-08-01T04:25:56.559+0000: 20108.132: Total time for which application threads were stopped: 0.0000957 seconds, Stopping threads took: 0.0000344 seconds
2017-08-01T04:25:56.559+0000: 20108.132: Total time for which application threads were stopped: 0.0000844 seconds, Stopping threads took: 0.0000371 seconds
2017-08-01T04:25:56.559+0000: 20108.132: Total time for which application threads were stopped: 0.0000645 seconds, Stopping threads took: 0.0000188 seconds
2017-08-01T04:25:56.559+0000: 20108.133: Total time for which application threads were stopped: 0.0000744 seconds, Stopping threads took: 0.0000281 seconds
2017-08-01T04:25:56.559+0000: 20108.133: Total time for which application threads were stopped: 0.0000632 seconds, Stopping threads took: 0.0000182 seconds
2017-08-01T04:25:56.559+0000: 20108.133: Total time for which application threads were stopped: 0.0001054 seconds, Stopping threads took: 0.0000336 seconds
2017-08-01T04:25:56.560+0000: 20108.133: Total time for which application threads were stopped: 0.0000786 seconds, Stopping threads took: 0.0000122 seconds
2017-08-01T04:25:56.560+0000: 20108.133: Total time for which application threads were stopped: 0.0000816 seconds, Stopping threads took: 0.0000320 seconds
2017-08-01T04:25:56.560+0000: 20108.133: Total time for which application threads were stopped: 0.0001173 seconds, Stopping threads took: 0.0000584 seconds
2017-08-01T04:25:56.560+0000: 20108.133: Total time for which application threads were stopped: 0.0001391 seconds, Stopping threads took: 0.0000653 seconds
2017-08-01T04:25:56.560+0000: 20108.133: Total time for which application threads were stopped: 0.0001017 seconds, Stopping threads took: 0.0000435 seconds
2017-08-01T04:25:56.560+0000: 20108.134: Total time for which application threads were stopped: 0.0000862 seconds, Stopping threads took: 0.0000227 seconds
2017-08-01T04:25:56.560+0000: 20108.134: Total time for which application threads were stopped: 0.0001191 seconds, Stopping threads took: 0.0000605 seconds
2017-08-01T04:25:56.561+0000: 20108.134: Total time for which application threads were stopped: 0.0001065 seconds, Stopping threads took: 0.0000447 seconds
2017-08-01T04:25:56.561+0000: 20108.134: Total time for which application threads were stopped: 0.0000884 seconds, Stopping threads took: 0.0000385 seconds
2017-08-01T04:25:56.561+0000: 20108.134: Total time for which application threads were stopped: 0.0002298 seconds, Stopping threads took: 0.0000217 seconds
{Heap before GC invocations=287 (full 2):
 par new generation   total 153344K, used 143684K [0x0000000080000000, 0x000000008a660000, 0x000000008a660000)
  eden space 136320K, 100% used [0x0000000080000000, 0x0000000088520000, 0x0000000088520000)
  from space 17024K,  43% used [0x00000000895c0000, 0x0000000089cf13a0, 0x000000008a660000)
  to   space 17024K,   0% used [0x0000000088520000, 0x0000000088520000, 0x00000000895c0000)
 concurrent mark-sweep generation total 1926784K, used 305053K [0x000000008a660000, 0x0000000100000000, 0x0000000100000000)
 Metaspace       used 86822K, capacity 92572K, committed 92824K, reserved 1130496K
  class space    used 10447K, capacity 10835K, committed 10912K, reserved 1048576K
2017-08-01T04:27:21.686+0000: 20193.259: [GC (Allocation Failure) Before GC:
Statistics for BinaryTreeDictionary:
------------------------------------
Total Free Space: 207445246
Max   Chunk Size: 207445246
Number of Blocks: 1
Av.  Block  Size: 207445246
Tree      Height: 1
2017-08-01T04:27:21.686+0000: 20193.259: [ParNew
Desired survivor size 8716288 bytes, new threshold 6 (max 6)
- age   1:    1420696 bytes,    1420696 total
- age   2:     628048 bytes,    2048744 total
- age   3:     566400 bytes,    2615144 total
- age   4:     544888 bytes,    3160032 total
- age   5:     565848 bytes,    3725880 total
- age   6:     501208 bytes,    4227088 total
: 143684K->4891K(153344K), 0.0228028 secs] 448737K->310421K(2080128K)After GC:
Statistics for BinaryTreeDictionary:
------------------------------------
Total Free Space: 207383950
Max   Chunk Size: 207383950
Number of Blocks: 1
Av.  Block  Size: 207383950
Tree      Height: 1
, 0.0228855 secs] [Times: user=0.06 sys=0.00, real=0.02 secs] 
Heap after GC invocations=288 (full 2):
 par new generation   total 153344K, used 4891K [0x0000000080000000, 0x000000008a660000, 0x000000008a660000)
  eden space 136320K,   0% used [0x0000000080000000, 0x0000000080000000, 0x0000000088520000)
  from space 17024K,  28% used [0x0000000088520000, 0x00000000889e6e50, 0x00000000895c0000)
  to   space 17024K,   0% used [0x00000000895c0000, 0x00000000895c0000, 0x000000008a660000)
 concurrent mark-sweep generation total 1926784K, used 305529K [0x000000008a660000, 0x0000000100000000, 0x0000000100000000)
 Metaspace       used 86822K, capacity 92572K, committed 92824K, reserved 1130496K
  class space    used 10447K, capacity 10835K, committed 10912K, reserved 1048576K
}
2017-08-01T04:27:21.709+0000: 20193.282: Total time for which application threads were stopped: 0.0231844 seconds, Stopping threads took: 0.0000599 seconds
2017-08-01T04:27:21.709+0000: 20193.283: Total time for which application threads were stopped: 0.0001533 seconds, Stopping threads took: 0.0000383 seconds
2017-08-01T04:27:21.709+0000: 20193.283: Total time for which application threads were stopped: 0.0000880 seconds, Stopping threads took: 0.0000335 seconds
2017-08-01T04:27:21.710+0000: 20193.283: Total time for which application threads were stopped: 0.0001271 seconds, Stopping threads took: 0.0000656 seconds
2017-08-01T04:27:21.710+0000: 20193.283: Total time for which application threads were stopped: 0.0000676 seconds, Stopping threads took: 0.0000181 seconds
2017-08-01T04:27:21.710+0000: 20193.283: Total time for which application threads were stopped: 0.0001002 seconds, Stopping threads took: 0.0000408 seconds
2017-08-01T04:27:21.710+0000: 20193.283: Total time for which application threads were stopped: 0.0000826 seconds, Stopping threads took: 0.0000309 seconds
2017-08-01T04:27:21.710+0000: 20193.283: Total time for which application threads were stopped: 0.0001120 seconds, Stopping threads took: 0.0000478 seconds
2017-08-01T04:27:21.710+0000: 20193.283: Total time for which application threads were stopped: 0.0000853 seconds, Stopping threads took: 0.0000187 seconds
2017-08-01T04:27:21.711+0000: 20193.284: Total time for which application threads were stopped: 0.0001230 seconds, Stopping threads took: 0.0000388 seconds
2017-08-01T04:27:21.711+0000: 20193.284: Total time for which application threads were stopped: 0.0000716 seconds, Stopping threads took: 0.0000197 seconds
2017-08-01T04:27:21.713+0000: 20193.286: Total time for which application threads were stopped: 0.0000748 seconds, Stopping threads took: 0.0000205 seconds
2017-08-01T04:27:21.713+0000: 20193.286: Total time for which application threads were stopped: 0.0000707 seconds, Stopping threads took: 0.0000190 seconds
2017-08-01T04:27:21.713+0000: 20193.286: Total time for which application threads were stopped: 0.0000955 seconds, Stopping threads took: 0.0000184 seconds
2017-08-01T04:27:21.713+0000: 20193.287: Total time for which application threads were stopped: 0.0000679 seconds, Stopping threads took: 0.0000181 seconds
2017-08-01T04:27:21.713+0000: 20193.287: Total time for which application threads were stopped: 0.0000972 seconds, Stopping threads took: 0.0000205 seconds
2017-08-01T04:27:21.713+0000: 20193.287: Total time for which application threads were stopped: 0.0000672 seconds, Stopping threads took: 0.0000176 seconds
2017-08-01T04:27:21.714+0000: 20193.287: Total time for which application threads were stopped: 0.0000781 seconds, Stopping threads took: 0.0000177 seconds
2017-08-01T04:27:21.714+0000: 20193.287: Total time for which application threads were stopped: 0.0000691 seconds, Stopping threads took: 0.0000198 seconds
2017-08-01T04:27:21.714+0000: 20193.287: Total time for which application threads were stopped: 0.0000738 seconds, Stopping threads took: 0.0000203 seconds
2017-08-01T04:27:21.714+0000: 20193.287: Total time for which application threads were stopped: 0.0002490 seconds, Stopping threads took: 0.0000285 seconds
2017-08-01T04:27:50.717+0000: 20222.291: Total time for which application threads were stopped: 0.0001901 seconds, Stopping threads took: 0.0000608 seconds
{Heap before GC invocations=288 (full 2):
 par new generation   total 153344K, used 141211K [0x0000000080000000, 0x000000008a660000, 0x000000008a660000)
  eden space 136320K, 100% used [0x0000000080000000, 0x0000000088520000, 0x0000000088520000)
  from space 17024K,  28% used [0x0000000088520000, 0x00000000889e6e50, 0x00000000895c0000)
  to   space 17024K,   0% used [0x00000000895c0000, 0x00000000895c0000, 0x000000008a660000)
 concurrent mark-sweep generation total 1926784K, used 305529K [0x000000008a660000, 0x0000000100000000, 0x0000000100000000)
 Metaspace       used 86822K, capacity 92572K, committed 92824K, reserved 1130496K
  class space    used 10447K, capacity 10835K, committed 10912K, reserved 1048576K
2017-08-01T04:28:47.479+0000: 20279.053: [GC (Allocation Failure) Before GC:
Statistics for BinaryTreeDictionary:
------------------------------------
Total Free Space: 207383950
Max   Chunk Size: 207383950
Number of Blocks: 1
Av.  Block  Size: 207383950
Tree      Height: 1
2017-08-01T04:28:47.479+0000: 20279.053: [ParNew
Desired survivor size 8716288 bytes, new threshold 6 (max 6)
- age   1:    1352864 bytes,    1352864 total
- age   2:     723632 bytes,    2076496 total
- age   3:     573856 bytes,    2650352 total
- age   4:     544728 bytes,    3195080 total
- age   5:     483688 bytes,    3678768 total
- age   6:     553752 bytes,    4232520 total
: 141211K->7325K(153344K), 0.0238759 secs] 446741K->313345K(2080128K)After GC:
Statistics for BinaryTreeDictionary:
------------------------------------
Total Free Space: 207319558
Max   Chunk Size: 207319558
Number of Blocks: 1
Av.  Block  Size: 207319558
Tree      Height: 1
, 0.0239676 secs] [Times: user=0.06 sys=0.00, real=0.03 secs] 
Heap after GC invocations=289 (full 2):
 par new generation   total 153344K, used 7325K [0x0000000080000000, 0x000000008a660000, 0x000000008a660000)
  eden space 136320K,   0% used [0x0000000080000000, 0x0000000080000000, 0x0000000088520000)
  from space 17024K,  43% used [0x00000000895c0000, 0x0000000089ce74e8, 0x000000008a660000)
  to   space 17024K,   0% used [0x0000000088520000, 0x0000000088520000, 0x00000000895c0000)
 concurrent mark-sweep generation total 1926784K, used 306020K [0x000000008a660000, 0x0000000100000000, 0x0000000100000000)
 Metaspace       used 86822K, capacity 92572K, committed 92824K, reserved 1130496K
  class space    used 10447K, capacity 10835K, committed 10912K, reserved 1048576K
}
2017-08-01T04:28:47.503+0000: 20279.077: Total time for which application threads were stopped: 0.0242777 seconds, Stopping threads took: 0.0000960 seconds
2017-08-01T04:28:47.508+0000: 20279.082: Total time for which application threads were stopped: 0.0001459 seconds, Stopping threads took: 0.0000387 seconds
2017-08-01T04:28:47.509+0000: 20279.082: Total time for which application threads were stopped: 0.0001156 seconds, Stopping threads took: 0.0000524 seconds
2017-08-01T04:28:47.509+0000: 20279.082: Total time for which application threads were stopped: 0.0001126 seconds, Stopping threads took: 0.0000508 seconds
2017-08-01T04:28:47.509+0000: 20279.083: Total time for which application threads were stopped: 0.0001159 seconds, Stopping threads took: 0.0000457 seconds
2017-08-01T04:28:47.509+0000: 20279.083: Total time for which application threads were stopped: 0.0001101 seconds, Stopping threads took: 0.0000446 seconds
2017-08-01T04:28:47.510+0000: 20279.083: Total time for which application threads were stopped: 0.0001301 seconds, Stopping threads took: 0.0000618 seconds
2017-08-01T04:28:47.510+0000: 20279.083: Total time for which application threads were stopped: 0.0000664 seconds, Stopping threads took: 0.0000195 seconds
2017-08-01T04:28:47.510+0000: 20279.083: Total time for which application threads were stopped: 0.0001042 seconds, Stopping threads took: 0.0000450 seconds
2017-08-01T04:28:47.510+0000: 20279.083: Total time for which application threads were stopped: 0.0001161 seconds, Stopping threads took: 0.0000465 seconds
2017-08-01T04:28:47.510+0000: 20279.083: Total time for which application threads were stopped: 0.0001167 seconds, Stopping threads took: 0.0000485 seconds
2017-08-01T04:28:47.511+0000: 20279.085: Total time for which application threads were stopped: 0.0001313 seconds, Stopping threads took: 0.0000704 seconds
2017-08-01T04:28:47.511+0000: 20279.085: Total time for which application threads were stopped: 0.0001393 seconds, Stopping threads took: 0.0000776 seconds
2017-08-01T04:28:47.512+0000: 20279.085: Total time for which application threads were stopped: 0.0001095 seconds, Stopping threads took: 0.0000225 seconds
2017-08-01T04:28:47.512+0000: 20279.085: Total time for which application threads were stopped: 0.0000652 seconds, Stopping threads took: 0.0000187 seconds
2017-08-01T04:28:47.513+0000: 20279.086: Total time for which application threads were stopped: 0.0001114 seconds, Stopping threads took: 0.0000481 seconds
2017-08-01T04:28:47.513+0000: 20279.086: Total time for which application threads were stopped: 0.0001040 seconds, Stopping threads took: 0.0000449 seconds
2017-08-01T04:28:47.513+0000: 20279.087: Total time for which application threads were stopped: 0.0000922 seconds, Stopping threads took: 0.0000265 seconds
2017-08-01T04:28:47.514+0000: 20279.087: Total time for which application threads were stopped: 0.0001157 seconds, Stopping threads took: 0.0000437 seconds
2017-08-01T04:28:47.514+0000: 20279.087: Total time for which application threads were stopped: 0.0000963 seconds, Stopping threads took: 0.0000188 seconds
2017-08-01T04:28:47.514+0000: 20279.088: Total time for which application threads were stopped: 0.0003065 seconds, Stopping threads took: 0.0000633 seconds
2017-08-01T04:29:03.516+0000: 20295.090: Total time for which application threads were stopped: 0.0001740 seconds, Stopping threads took: 0.0000666 seconds
{Heap before GC invocations=289 (full 2):
 par new generation   total 153344K, used 143645K [0x0000000080000000, 0x000000008a660000, 0x000000008a660000)
  eden space 136320K, 100% used [0x0000000080000000, 0x0000000088520000, 0x0000000088520000)
  from space 17024K,  43% used [0x00000000895c0000, 0x0000000089ce74e8, 0x000000008a660000)
  to   space 17024K,   0% used [0x0000000088520000, 0x0000000088520000, 0x00000000895c0000)
 concurrent mark-sweep generation total 1926784K, used 306020K [0x000000008a660000, 0x0000000100000000, 0x0000000100000000)
 Metaspace       used 86840K, capacity 92572K, committed 92824K, reserved 1130496K
  class space    used 10447K, capacity 10835K, committed 10912K, reserved 1048576K
2017-08-01T04:30:03.646+0000: 20355.220: [GC (Allocation Failure) Before GC:
Statistics for BinaryTreeDictionary:
------------------------------------
Total Free Space: 207319558
Max   Chunk Size: 207319558
Number of Blocks: 1
Av.  Block  Size: 207319558
Tree      Height: 1
2017-08-01T04:30:03.647+0000: 20355.220: [ParNew
Desired survivor size 8716288 bytes, new threshold 6 (max 6)
- age   1:    1375616 bytes,    1375616 total
- age   2:     654872 bytes,    2030488 total
- age   3:     665168 bytes,    2695656 total
- age   4:     529000 bytes,    3224656 total
- age   5:     527072 bytes,    3751728 total
- age   6:     473088 bytes,    4224816 total
: 143645K->4975K(153344K), 0.0227394 secs] 449665K->311539K(2080128K)After GC:
Statistics for BinaryTreeDictionary:
------------------------------------
Total Free Space: 207251171
Max   Chunk Size: 207251171
Number of Blocks: 1
Av.  Block  Size: 207251171
Tree      Height: 1
, 0.0228596 secs] [Times: user=0.06 sys=0.00, real=0.02 secs] 
Heap after GC invocations=290 (full 2):
 par new generation   total 153344K, used 4975K [0x0000000080000000, 0x000000008a660000, 0x000000008a660000)
  eden space 136320K,   0% used [0x0000000080000000, 0x0000000080000000, 0x0000000088520000)
  from space 17024K,  29% used [0x0000000088520000, 0x00000000889fbeb0, 0x00000000895c0000)
  to   space 17024K,   0% used [0x00000000895c0000, 0x00000000895c0000, 0x000000008a660000)
 concurrent mark-sweep generation total 1926784K, used 306563K [0x000000008a660000, 0x0000000100000000, 0x0000000100000000)
 Metaspace       used 86840K, capacity 92572K, committed 92824K, reserved 1130496K
  class space    used 10447K, capacity 10835K, committed 10912K, reserved 1048576K
}
2017-08-01T04:30:03.669+0000: 20355.243: Total time for which application threads were stopped: 0.0230997 seconds, Stopping threads took: 0.0000418 seconds
2017-08-01T04:30:03.678+0000: 20355.252: Total time for which application threads were stopped: 0.0001830 seconds, Stopping threads took: 0.0000652 seconds
2017-08-01T04:30:03.678+0000: 20355.252: Total time for which application threads were stopped: 0.0000974 seconds, Stopping threads took: 0.0000393 seconds
2017-08-01T04:30:03.678+0000: 20355.252: Total time for which application threads were stopped: 0.0000699 seconds, Stopping threads took: 0.0000210 seconds
2017-08-01T04:30:03.679+0000: 20355.252: Total time for which application threads were stopped: 0.0000957 seconds, Stopping threads took: 0.0000481 seconds
2017-08-01T04:30:03.679+0000: 20355.252: Total time for which application threads were stopped: 0.0001031 seconds, Stopping threads took: 0.0000453 seconds
2017-08-01T04:30:03.679+0000: 20355.252: Total time for which application threads were stopped: 0.0000636 seconds, Stopping threads took: 0.0000184 seconds
2017-08-01T04:30:03.679+0000: 20355.252: Total time for which application threads were stopped: 0.0000685 seconds, Stopping threads took: 0.0000188 seconds
2017-08-01T04:30:03.679+0000: 20355.252: Total time for which application threads were stopped: 0.0000700 seconds, Stopping threads took: 0.0000225 seconds
2017-08-01T04:30:03.679+0000: 20355.252: Total time for which application threads were stopped: 0.0000940 seconds, Stopping threads took: 0.0000387 seconds
2017-08-01T04:30:03.679+0000: 20355.252: Total time for which application threads were stopped: 0.0000658 seconds, Stopping threads took: 0.0000202 seconds
2017-08-01T04:30:03.679+0000: 20355.253: Total time for which application threads were stopped: 0.0000649 seconds, Stopping threads took: 0.0000194 seconds
2017-08-01T04:30:03.679+0000: 20355.253: Total time for which application threads were stopped: 0.0000848 seconds, Stopping threads took: 0.0000303 seconds
2017-08-01T04:30:03.679+0000: 20355.253: Total time for which application threads were stopped: 0.0000641 seconds, Stopping threads took: 0.0000194 seconds
2017-08-01T04:30:03.680+0000: 20355.253: Total time for which application threads were stopped: 0.0000617 seconds, Stopping threads took: 0.0000173 seconds
2017-08-01T04:30:03.680+0000: 20355.253: Total time for which application threads were stopped: 0.0000845 seconds, Stopping threads took: 0.0000191 seconds
2017-08-01T04:30:03.680+0000: 20355.253: Total time for which application threads were stopped: 0.0000682 seconds, Stopping threads took: 0.0000217 seconds
2017-08-01T04:30:03.680+0000: 20355.253: Total time for which application threads were stopped: 0.0000877 seconds, Stopping threads took: 0.0000277 seconds
2017-08-01T04:30:03.680+0000: 20355.253: Total time for which application threads were stopped: 0.0000876 seconds, Stopping threads took: 0.0000211 seconds
2017-08-01T04:30:03.680+0000: 20355.253: Total time for which application threads were stopped: 0.0000701 seconds, Stopping threads took: 0.0000209 seconds
2017-08-01T04:30:03.680+0000: 20355.254: Total time for which application threads were stopped: 0.0002016 seconds, Stopping threads took: 0.0000189 seconds
2017-08-01T04:30:27.683+0000: 20379.256: Total time for which application threads were stopped: 0.0002067 seconds, Stopping threads took: 0.0000588 seconds
{Heap before GC invocations=290 (full 2):
 par new generation   total 153344K, used 141295K [0x0000000080000000, 0x000000008a660000, 0x000000008a660000)
  eden space 136320K, 100% used [0x0000000080000000, 0x0000000088520000, 0x0000000088520000)
  from space 17024K,  29% used [0x0000000088520000, 0x00000000889fbeb0, 0x00000000895c0000)
  to   space 17024K,   0% used [0x00000000895c0000, 0x00000000895c0000, 0x000000008a660000)
 concurrent mark-sweep generation total 1926784K, used 306563K [0x000000008a660000, 0x0000000100000000, 0x0000000100000000)
 Metaspace       used 86840K, capacity 92572K, committed 92824K, reserved 1130496K
  class space    used 10447K, capacity 10835K, committed 10912K, reserved 1048576K
2017-08-01T04:31:29.313+0000: 20440.886: [GC (Allocation Failure) Before GC:
Statistics for BinaryTreeDictionary:
------------------------------------
Total Free Space: 207251171
Max   Chunk Size: 207251171
Number of Blocks: 1
Av.  Block  Size: 207251171
Tree      Height: 1
2017-08-01T04:31:29.313+0000: 20440.886: [ParNew
Desired survivor size 8716288 bytes, new threshold 6 (max 6)
- age   1:    1411848 bytes,    1411848 total
- age   2:     690072 bytes,    2101920 total
- age   3:     587552 bytes,    2689472 total
- age   4:     616120 bytes,    3305592 total
- age   5:     468712 bytes,    3774304 total
- age   6:     516824 bytes,    4291128 total
: 141295K->5557K(153344K), 0.0231903 secs] 447859K->312582K(2080128K)After GC:
Statistics for BinaryTreeDictionary:
------------------------------------
Total Free Space: 207195028
Max   Chunk Size: 207195028
Number of Blocks: 1
Av.  Block  Size: 207195028
Tree      Height: 1
, 0.0232822 secs] [Times: user=0.06 sys=0.00, real=0.02 secs] 
Heap after GC invocations=291 (full 2):
 par new generation   total 153344K, used 5557K [0x0000000080000000, 0x000000008a660000, 0x000000008a660000)
  eden space 136320K,   0% used [0x0000000080000000, 0x0000000080000000, 0x0000000088520000)
  from space 17024K,  32% used [0x00000000895c0000, 0x0000000089b2d7e0, 0x000000008a660000)
  to   space 17024K,   0% used [0x0000000088520000, 0x0000000088520000, 0x00000000895c0000)
 concurrent mark-sweep generation total 1926784K, used 307024K [0x000000008a660000, 0x0000000100000000, 0x0000000100000000)
 Metaspace       used 86840K, capacity 92572K, committed 92824K, reserved 1130496K
  class space    used 10447K, capacity 10835K, committed 10912K, reserved 1048576K
}
2017-08-01T04:31:29.336+0000: 20440.910: Total time for which application threads were stopped: 0.0235490 seconds, Stopping threads took: 0.0000433 seconds
2017-08-01T04:31:29.341+0000: 20440.915: Total time for which application threads were stopped: 0.0001594 seconds, Stopping threads took: 0.0000470 seconds
2017-08-01T04:31:29.341+0000: 20440.915: Total time for which application threads were stopped: 0.0000942 seconds, Stopping threads took: 0.0000355 seconds
2017-08-01T04:31:29.342+0000: 20440.915: Total time for which application threads were stopped: 0.0000671 seconds, Stopping threads took: 0.0000204 seconds
2017-08-01T04:31:29.342+0000: 20440.915: Total time for which application threads were stopped: 0.0000870 seconds, Stopping threads took: 0.0000402 seconds
2017-08-01T04:31:29.342+0000: 20440.915: Total time for which application threads were stopped: 0.0000648 seconds, Stopping threads took: 0.0000183 seconds
2017-08-01T04:31:29.342+0000: 20440.915: Total time for which application threads were stopped: 0.0000667 seconds, Stopping threads took: 0.0000210 seconds
2017-08-01T04:31:29.342+0000: 20440.915: Total time for which application threads were stopped: 0.0001247 seconds, Stopping threads took: 0.0000688 seconds
2017-08-01T04:31:29.342+0000: 20440.915: Total time for which application threads were stopped: 0.0000645 seconds, Stopping threads took: 0.0000183 seconds
2017-08-01T04:31:29.342+0000: 20440.915: Total time for which application threads were stopped: 0.0000662 seconds, Stopping threads took: 0.0000206 seconds
2017-08-01T04:31:29.342+0000: 20440.916: Total time for which application threads were stopped: 0.0001039 seconds, Stopping threads took: 0.0000485 seconds
2017-08-01T04:31:29.342+0000: 20440.916: Total time for which application threads were stopped: 0.0000654 seconds, Stopping threads took: 0.0000198 seconds
2017-08-01T04:31:29.343+0000: 20440.916: Total time for which application threads were stopped: 0.0000653 seconds, Stopping threads took: 0.0000193 seconds
2017-08-01T04:31:29.343+0000: 20440.916: Total time for which application threads were stopped: 0.0001180 seconds, Stopping threads took: 0.0000625 seconds
2017-08-01T04:31:29.343+0000: 20440.916: Total time for which application threads were stopped: 0.0001004 seconds, Stopping threads took: 0.0000448 seconds
2017-08-01T04:31:29.343+0000: 20440.916: Total time for which application threads were stopped: 0.0000630 seconds, Stopping threads took: 0.0000175 seconds
2017-08-01T04:31:29.343+0000: 20440.916: Total time for which application threads were stopped: 0.0000920 seconds, Stopping threads took: 0.0000327 seconds
2017-08-01T04:31:29.343+0000: 20440.916: Total time for which application threads were stopped: 0.0000655 seconds, Stopping threads took: 0.0000196 seconds
2017-08-01T04:31:29.343+0000: 20440.917: Total time for which application threads were stopped: 0.0000639 seconds, Stopping threads took: 0.0000185 seconds
2017-08-01T04:31:29.343+0000: 20440.917: Total time for which application threads were stopped: 0.0000775 seconds, Stopping threads took: 0.0000185 seconds
2017-08-01T04:31:29.344+0000: 20440.917: Total time for which application threads were stopped: 0.0002400 seconds, Stopping threads took: 0.0000191 seconds
{Heap before GC invocations=291 (full 2):
 par new generation   total 153344K, used 141877K [0x0000000080000000, 0x000000008a660000, 0x000000008a660000)
  eden space 136320K, 100% used [0x0000000080000000, 0x0000000088520000, 0x0000000088520000)
  from space 17024K,  32% used [0x00000000895c0000, 0x0000000089b2d7e0, 0x000000008a660000)
  to   space 17024K,   0% used [0x0000000088520000, 0x0000000088520000, 0x00000000895c0000)
 concurrent mark-sweep generation total 1926784K, used 307024K [0x000000008a660000, 0x0000000100000000, 0x0000000100000000)
 Metaspace       used 86840K, capacity 92572K, committed 92824K, reserved 1130496K
  class space    used 10447K, capacity 10835K, committed 10912K, reserved 1048576K
2017-08-01T04:32:50.667+0000: 20522.241: [GC (Allocation Failure) Before GC:
Statistics for BinaryTreeDictionary:
------------------------------------
Total Free Space: 207195028
Max   Chunk Size: 207195028
Number of Blocks: 1
Av.  Block  Size: 207195028
Tree      Height: 1
2017-08-01T04:32:50.667+0000: 20522.241: [ParNew
Desired survivor size 8716288 bytes, new threshold 6 (max 6)
- age   1:    1356144 bytes,    1356144 total
- age   2:     730800 bytes,    2086944 total
- age   3:     635104 bytes,    2722048 total
- age   4:     561368 bytes,    3283416 total
- age   5:     554200 bytes,    3837616 total
- age   6:     459120 bytes,    4296736 total
: 141877K->6035K(153344K), 0.0369268 secs] 448902K->313564K(2080128K)After GC:
Statistics for BinaryTreeDictionary:
------------------------------------
Total Free Space: 207129729
Max   Chunk Size: 207129729
Number of Blocks: 1
Av.  Block  Size: 207129729
Tree      Height: 1
, 0.0370187 secs] [Times: user=0.07 sys=0.00, real=0.04 secs] 
Heap after GC invocations=292 (full 2):
 par new generation   total 153344K, used 6035K [0x0000000080000000, 0x000000008a660000, 0x000000008a660000)
  eden space 136320K,   0% used [0x0000000080000000, 0x0000000080000000, 0x0000000088520000)
  from space 17024K,  35% used [0x0000000088520000, 0x0000000088b04eb8, 0x00000000895c0000)
  to   space 17024K,   0% used [0x00000000895c0000, 0x00000000895c0000, 0x000000008a660000)
 concurrent mark-sweep generation total 1926784K, used 307528K [0x000000008a660000, 0x0000000100000000, 0x0000000100000000)
 Metaspace       used 86840K, capacity 92572K, committed 92824K, reserved 1130496K
  class space    used 10447K, capacity 10835K, committed 10912K, reserved 1048576K
}
2017-08-01T04:32:50.704+0000: 20522.278: Total time for which application threads were stopped: 0.0373237 seconds, Stopping threads took: 0.0000476 seconds
2017-08-01T04:32:50.724+0000: 20522.297: Total time for which application threads were stopped: 0.0070959 seconds, Stopping threads took: 0.0069786 seconds
2017-08-01T04:32:50.725+0000: 20522.298: Total time for which application threads were stopped: 0.0011199 seconds, Stopping threads took: 0.0010521 seconds
2017-08-01T04:32:50.725+0000: 20522.298: Total time for which application threads were stopped: 0.0000688 seconds, Stopping threads took: 0.0000206 seconds
2017-08-01T04:32:50.725+0000: 20522.299: Total time for which application threads were stopped: 0.0001076 seconds, Stopping threads took: 0.0000452 seconds
2017-08-01T04:32:50.725+0000: 20522.299: Total time for which application threads were stopped: 0.0001067 seconds, Stopping threads took: 0.0000569 seconds
2017-08-01T04:32:50.726+0000: 20522.299: Total time for which application threads were stopped: 0.0001044 seconds, Stopping threads took: 0.0000464 seconds
2017-08-01T04:32:50.726+0000: 20522.299: Total time for which application threads were stopped: 0.0001108 seconds, Stopping threads took: 0.0000531 seconds
2017-08-01T04:32:50.726+0000: 20522.299: Total time for which application threads were stopped: 0.0001027 seconds, Stopping threads took: 0.0000465 seconds
2017-08-01T04:32:50.726+0000: 20522.299: Total time for which application threads were stopped: 0.0001006 seconds, Stopping threads took: 0.0000439 seconds
2017-08-01T04:32:50.726+0000: 20522.299: Total time for which application threads were stopped: 0.0000979 seconds, Stopping threads took: 0.0000410 seconds
2017-08-01T04:32:50.726+0000: 20522.300: Total time for which application threads were stopped: 0.0000993 seconds, Stopping threads took: 0.0000438 seconds
2017-08-01T04:32:50.726+0000: 20522.300: Total time for which application threads were stopped: 0.0000863 seconds, Stopping threads took: 0.0000174 seconds
2017-08-01T04:32:50.727+0000: 20522.300: Total time for which application threads were stopped: 0.0000991 seconds, Stopping threads took: 0.0000436 seconds
2017-08-01T04:32:50.727+0000: 20522.300: Total time for which application threads were stopped: 0.0000849 seconds, Stopping threads took: 0.0000180 seconds
2017-08-01T04:32:50.727+0000: 20522.300: Total time for which application threads were stopped: 0.0000989 seconds, Stopping threads took: 0.0000428 seconds
2017-08-01T04:32:50.727+0000: 20522.300: Total time for which application threads were stopped: 0.0000640 seconds, Stopping threads took: 0.0000176 seconds
2017-08-01T04:32:50.727+0000: 20522.300: Total time for which application threads were stopped: 0.0000952 seconds, Stopping threads took: 0.0000392 seconds
2017-08-01T04:32:50.727+0000: 20522.300: Total time for which application threads were stopped: 0.0001051 seconds, Stopping threads took: 0.0000492 seconds
2017-08-01T04:32:50.727+0000: 20522.301: Total time for which application threads were stopped: 0.0001021 seconds, Stopping threads took: 0.0000467 seconds
2017-08-01T04:32:50.728+0000: 20522.301: Total time for which application threads were stopped: 0.0002543 seconds, Stopping threads took: 0.0000176 seconds
2017-08-01T04:33:27.015+0000: 20558.588: Total time for which application threads were stopped: 0.0011327 seconds, Stopping threads took: 0.0010014 seconds
2017-08-01T04:33:27.015+0000: 20558.588: Total time for which application threads were stopped: 0.0000719 seconds, Stopping threads took: 0.0000203 seconds
2017-08-01T04:33:27.016+0000: 20558.589: Total time for which application threads were stopped: 0.0000998 seconds, Stopping threads took: 0.0000443 seconds
2017-08-01T04:33:27.016+0000: 20558.589: Total time for which application threads were stopped: 0.0001042 seconds, Stopping threads took: 0.0000283 seconds
2017-08-01T04:33:27.016+0000: 20558.589: Total time for which application threads were stopped: 0.0000868 seconds, Stopping threads took: 0.0000321 seconds
2017-08-01T04:33:27.016+0000: 20558.589: Total time for which application threads were stopped: 0.0001030 seconds, Stopping threads took: 0.0000307 seconds
2017-08-01T04:33:28.026+0000: 20559.600: Total time for which application threads were stopped: 0.0001550 seconds, Stopping threads took: 0.0000401 seconds
2017-08-01T04:33:28.026+0000: 20559.600: Total time for which application threads were stopped: 0.0000699 seconds, Stopping threads took: 0.0000192 seconds
2017-08-01T04:33:28.027+0000: 20559.600: Total time for which application threads were stopped: 0.0000702 seconds, Stopping threads took: 0.0000185 seconds
2017-08-01T04:33:28.027+0000: 20559.600: Total time for which application threads were stopped: 0.0000670 seconds, Stopping threads took: 0.0000173 seconds
2017-08-01T04:33:28.027+0000: 20559.600: Total time for which application threads were stopped: 0.0000916 seconds, Stopping threads took: 0.0000191 seconds
2017-08-01T04:33:28.027+0000: 20559.600: Total time for which application threads were stopped: 0.0000908 seconds, Stopping threads took: 0.0000186 seconds
{Heap before GC invocations=292 (full 2):
 par new generation   total 153344K, used 142355K [0x0000000080000000, 0x000000008a660000, 0x000000008a660000)
  eden space 136320K, 100% used [0x0000000080000000, 0x0000000088520000, 0x0000000088520000)
  from space 17024K,  35% used [0x0000000088520000, 0x0000000088b04eb8, 0x00000000895c0000)
  to   space 17024K,   0% used [0x00000000895c0000, 0x00000000895c0000, 0x000000008a660000)
 concurrent mark-sweep generation total 1926784K, used 307528K [0x000000008a660000, 0x0000000100000000, 0x0000000100000000)
 Metaspace       used 86840K, capacity 92572K, committed 92824K, reserved 1130496K
  class space    used 10447K, capacity 10835K, committed 10912K, reserved 1048576K
2017-08-01T04:34:12.586+0000: 20604.159: [GC (Allocation Failure) Before GC:
Statistics for BinaryTreeDictionary:
------------------------------------
Total Free Space: 207129729
Max   Chunk Size: 207129729
Number of Blocks: 1
Av.  Block  Size: 207129729
Tree      Height: 1
2017-08-01T04:34:12.586+0000: 20604.159: [ParNew
Desired survivor size 8716288 bytes, new threshold 6 (max 6)
- age   1:    1361104 bytes,    1361104 total
- age   2:     629072 bytes,    1990176 total
- age   3:     665848 bytes,    2656024 total
- age   4:     580768 bytes,    3236792 total
- age   5:     546240 bytes,    3783032 total
- age   6:     543616 bytes,    4326648 total
: 142355K->6270K(153344K), 0.0225620 secs] 449884K->314247K(2080128K)After GC:
Statistics for BinaryTreeDictionary:
------------------------------------
Total Free Space: 207069379
Max   Chunk Size: 207069379
Number of Blocks: 1
Av.  Block  Size: 207069379
Tree      Height: 1
, 0.0226694 secs] [Times: user=0.05 sys=0.00, real=0.02 secs] 
Heap after GC invocations=293 (full 2):
 par new generation   total 153344K, used 6270K [0x0000000080000000, 0x000000008a660000, 0x000000008a660000)
  eden space 136320K,   0% used [0x0000000080000000, 0x0000000080000000, 0x0000000088520000)
  from space 17024K,  36% used [0x00000000895c0000, 0x0000000089bdfa08, 0x000000008a660000)
  to   space 17024K,   0% used [0x0000000088520000, 0x0000000088520000, 0x00000000895c0000)
 concurrent mark-sweep generation total 1926784K, used 307977K [0x000000008a660000, 0x0000000100000000, 0x0000000100000000)
 Metaspace       used 86840K, capacity 92572K, committed 92824K, reserved 1130496K
  class space    used 10447K, capacity 10835K, committed 10912K, reserved 1048576K
}
2017-08-01T04:34:12.608+0000: 20604.182: Total time for which application threads were stopped: 0.0229380 seconds, Stopping threads took: 0.0000424 seconds
2017-08-01T04:34:12.609+0000: 20604.182: Total time for which application threads were stopped: 0.0001408 seconds, Stopping threads took: 0.0000299 seconds
2017-08-01T04:34:12.609+0000: 20604.182: Total time for which application threads were stopped: 0.0000922 seconds, Stopping threads took: 0.0000192 seconds
2017-08-01T04:34:12.609+0000: 20604.182: Total time for which application threads were stopped: 0.0000670 seconds, Stopping threads took: 0.0000169 seconds
2017-08-01T04:34:12.609+0000: 20604.182: Total time for which application threads were stopped: 0.0000853 seconds, Stopping threads took: 0.0000178 seconds
2017-08-01T04:34:12.609+0000: 20604.183: Total time for which application threads were stopped: 0.0000671 seconds, Stopping threads took: 0.0000178 seconds
2017-08-01T04:34:12.609+0000: 20604.183: Total time for which application threads were stopped: 0.0000851 seconds, Stopping threads took: 0.0000170 seconds
2017-08-01T04:34:12.609+0000: 20604.183: Total time for which application threads were stopped: 0.0000677 seconds, Stopping threads took: 0.0000182 seconds
2017-08-01T04:34:12.610+0000: 20604.183: Total time for which application threads were stopped: 0.0000878 seconds, Stopping threads took: 0.0000165 seconds
2017-08-01T04:34:12.610+0000: 20604.183: Total time for which application threads were stopped: 0.0000696 seconds, Stopping threads took: 0.0000184 seconds
2017-08-01T04:34:12.610+0000: 20604.183: Total time for which application threads were stopped: 0.0000853 seconds, Stopping threads took: 0.0000174 seconds
2017-08-01T04:34:12.610+0000: 20604.183: Total time for which application threads were stopped: 0.0000671 seconds, Stopping threads took: 0.0000179 seconds
2017-08-01T04:34:12.610+0000: 20604.183: Total time for which application threads were stopped: 0.0001149 seconds, Stopping threads took: 0.0000483 seconds
2017-08-01T04:34:12.610+0000: 20604.183: Total time for which application threads were stopped: 0.0000704 seconds, Stopping threads took: 0.0000208 seconds
2017-08-01T04:34:12.610+0000: 20604.184: Total time for which application threads were stopped: 0.0000857 seconds, Stopping threads took: 0.0000182 seconds
2017-08-01T04:34:12.610+0000: 20604.184: Total time for which application threads were stopped: 0.0000668 seconds, Stopping threads took: 0.0000180 seconds
2017-08-01T04:34:12.611+0000: 20604.184: Total time for which application threads were stopped: 0.0001144 seconds, Stopping threads took: 0.0000469 seconds
2017-08-01T04:34:12.611+0000: 20604.184: Total time for which application threads were stopped: 0.0000680 seconds, Stopping threads took: 0.0000181 seconds
2017-08-01T04:34:12.611+0000: 20604.184: Total time for which application threads were stopped: 0.0000854 seconds, Stopping threads took: 0.0000178 seconds
2017-08-01T04:34:12.611+0000: 20604.184: Total time for which application threads were stopped: 0.0000679 seconds, Stopping threads took: 0.0000183 seconds
2017-08-01T04:34:12.611+0000: 20604.184: Total time for which application threads were stopped: 0.0002291 seconds, Stopping threads took: 0.0000166 seconds
2017-08-01T04:34:27.613+0000: 20619.186: Total time for which application threads were stopped: 0.0001600 seconds, Stopping threads took: 0.0000398 seconds
2017-08-01T04:34:32.426+0000: 20623.999: Total time for which application threads were stopped: 0.0002201 seconds, Stopping threads took: 0.0000434 seconds
2017-08-01T04:34:32.426+0000: 20624.000: Total time for which application threads were stopped: 0.0003074 seconds, Stopping threads took: 0.0000269 seconds
2017-08-01T04:34:32.427+0000: 20624.000: Total time for which application threads were stopped: 0.0000892 seconds, Stopping threads took: 0.0000192 seconds
2017-08-01T04:34:32.427+0000: 20624.000: Total time for which application threads were stopped: 0.0001078 seconds, Stopping threads took: 0.0000174 seconds
2017-08-01T04:34:32.427+0000: 20624.000: Total time for which application threads were stopped: 0.0000865 seconds, Stopping threads took: 0.0000197 seconds
2017-08-01T04:34:32.427+0000: 20624.000: Total time for which application threads were stopped: 0.0001159 seconds, Stopping threads took: 0.0000172 seconds
2017-08-01T04:34:33.466+0000: 20625.040: Total time for which application threads were stopped: 0.0003039 seconds, Stopping threads took: 0.0001010 seconds
2017-08-01T04:34:54.470+0000: 20646.044: Total time for which application threads were stopped: 0.0001631 seconds, Stopping threads took: 0.0000583 seconds
{Heap before GC invocations=293 (full 2):
 par new generation   total 153344K, used 142590K [0x0000000080000000, 0x000000008a660000, 0x000000008a660000)
  eden space 136320K, 100% used [0x0000000080000000, 0x0000000088520000, 0x0000000088520000)
  from space 17024K,  36% used [0x00000000895c0000, 0x0000000089bdfa08, 0x000000008a660000)
  to   space 17024K,   0% used [0x0000000088520000, 0x0000000088520000, 0x00000000895c0000)
 concurrent mark-sweep generation total 1926784K, used 307977K [0x000000008a660000, 0x0000000100000000, 0x0000000100000000)
 Metaspace       used 86840K, capacity 92572K, committed 92824K, reserved 1130496K
  class space    used 10447K, capacity 10835K, committed 10912K, reserved 1048576K
2017-08-01T04:35:40.112+0000: 20691.685: [GC (Allocation Failure) Before GC:
Statistics for BinaryTreeDictionary:
------------------------------------
Total Free Space: 207069379
Max   Chunk Size: 207069379
Number of Blocks: 1
Av.  Block  Size: 207069379
Tree      Height: 1
2017-08-01T04:35:40.112+0000: 20691.685: [ParNew
Desired survivor size 8716288 bytes, new threshold 6 (max 6)
- age   1:    1385816 bytes,    1385816 total
- age   2:     680648 bytes,    2066464 total
- age   3:     570072 bytes,    2636536 total
- age   4:     615016 bytes,    3251552 total
- age   5:     519768 bytes,    3771320 total
- age   6:     536016 bytes,    4307336 total
: 142590K->6300K(153344K), 0.0234867 secs] 450567K->314809K(2080128K)After GC:
Statistics for BinaryTreeDictionary:
------------------------------------
Total Free Space: 207002001
Max   Chunk Size: 207002001
Number of Blocks: 1
Av.  Block  Size: 207002001
Tree      Height: 1
, 0.0235734 secs] [Times: user=0.05 sys=0.00, real=0.03 secs] 
Heap after GC invocations=294 (full 2):
 par new generation   total 153344K, used 6300K [0x0000000080000000, 0x000000008a660000, 0x000000008a660000)
  eden space 136320K,   0% used [0x0000000080000000, 0x0000000080000000, 0x0000000088520000)
  from space 17024K,  37% used [0x0000000088520000, 0x0000000088b47178, 0x00000000895c0000)
  to   space 17024K,   0% used [0x00000000895c0000, 0x00000000895c0000, 0x000000008a660000)
 concurrent mark-sweep generation total 1926784K, used 308509K [0x000000008a660000, 0x0000000100000000, 0x0000000100000000)
 Metaspace       used 86840K, capacity 92572K, committed 92824K, reserved 1130496K
  class space    used 10447K, capacity 10835K, committed 10912K, reserved 1048576K
}
2017-08-01T04:35:40.135+0000: 20691.709: Total time for which application threads were stopped: 0.0238759 seconds, Stopping threads took: 0.0001010 seconds
2017-08-01T04:35:40.135+0000: 20691.709: Total time for which application threads were stopped: 0.0001280 seconds, Stopping threads took: 0.0000325 seconds
2017-08-01T04:35:40.136+0000: 20691.709: Total time for which application threads were stopped: 0.0001021 seconds, Stopping threads took: 0.0000437 seconds
2017-08-01T04:35:40.136+0000: 20691.709: Total time for which application threads were stopped: 0.0000654 seconds, Stopping threads took: 0.0000182 seconds
2017-08-01T04:35:40.136+0000: 20691.709: Total time for which application threads were stopped: 0.0001163 seconds, Stopping threads took: 0.0000254 seconds
2017-08-01T04:35:40.136+0000: 20691.709: Total time for which application threads were stopped: 0.0000664 seconds, Stopping threads took: 0.0000191 seconds
2017-08-01T04:35:40.136+0000: 20691.709: Total time for which application threads were stopped: 0.0001116 seconds, Stopping threads took: 0.0000474 seconds
2017-08-01T04:35:40.136+0000: 20691.709: Total time for which application threads were stopped: 0.0001241 seconds, Stopping threads took: 0.0000348 seconds
2017-08-01T04:35:40.136+0000: 20691.710: Total time for which application threads were stopped: 0.0000892 seconds, Stopping threads took: 0.0000259 seconds
2017-08-01T04:35:40.136+0000: 20691.710: Total time for which application threads were stopped: 0.0000825 seconds, Stopping threads took: 0.0000181 seconds
2017-08-01T04:35:40.137+0000: 20691.710: Total time for which application threads were stopped: 0.0001062 seconds, Stopping threads took: 0.0000355 seconds
2017-08-01T04:35:40.137+0000: 20691.710: Total time for which application threads were stopped: 0.0000865 seconds, Stopping threads took: 0.0000228 seconds
2017-08-01T04:35:40.137+0000: 20691.711: Total time for which application threads were stopped: 0.0000820 seconds, Stopping threads took: 0.0000304 seconds
2017-08-01T04:35:40.137+0000: 20691.711: Total time for which application threads were stopped: 0.0000659 seconds, Stopping threads took: 0.0000197 seconds
2017-08-01T04:35:40.137+0000: 20691.711: Total time for which application threads were stopped: 0.0001054 seconds, Stopping threads took: 0.0000443 seconds
2017-08-01T04:35:40.138+0000: 20691.711: Total time for which application threads were stopped: 0.0001113 seconds, Stopping threads took: 0.0000190 seconds
2017-08-01T04:35:40.138+0000: 20691.711: Total time for which application threads were stopped: 0.0000635 seconds, Stopping threads took: 0.0000173 seconds
2017-08-01T04:35:40.138+0000: 20691.711: Total time for which application threads were stopped: 0.0001119 seconds, Stopping threads took: 0.0000482 seconds
2017-08-01T04:35:40.138+0000: 20691.711: Total time for which application threads were stopped: 0.0001437 seconds, Stopping threads took: 0.0000518 seconds
2017-08-01T04:35:40.138+0000: 20691.711: Total time for which application threads were stopped: 0.0000682 seconds, Stopping threads took: 0.0000182 seconds
2017-08-01T04:35:40.138+0000: 20691.712: Total time for which application threads were stopped: 0.0002854 seconds, Stopping threads took: 0.0000325 seconds
{Heap before GC invocations=294 (full 2):
 par new generation   total 153344K, used 142620K [0x0000000080000000, 0x000000008a660000, 0x000000008a660000)
  eden space 136320K, 100% used [0x0000000080000000, 0x0000000088520000, 0x0000000088520000)
  from space 17024K,  37% used [0x0000000088520000, 0x0000000088b47178, 0x00000000895c0000)
  to   space 17024K,   0% used [0x00000000895c0000, 0x00000000895c0000, 0x000000008a660000)
 concurrent mark-sweep generation total 1926784K, used 308509K [0x000000008a660000, 0x0000000100000000, 0x0000000100000000)
 Metaspace       used 86840K, capacity 92572K, committed 92824K, reserved 1130496K
  class space    used 10447K, capacity 10835K, committed 10912K, reserved 1048576K
2017-08-01T04:36:57.427+0000: 20769.000: [GC (Allocation Failure) Before GC:
Statistics for BinaryTreeDictionary:
------------------------------------
Total Free Space: 207002001
Max   Chunk Size: 207002001
Number of Blocks: 1
Av.  Block  Size: 207002001
Tree      Height: 1
2017-08-01T04:36:57.427+0000: 20769.000: [ParNew
Desired survivor size 8716288 bytes, new threshold 6 (max 6)
- age   1:    1430808 bytes,    1430808 total
- age   2:     687648 bytes,    2118456 total
- age   3:     602192 bytes,    2720648 total
- age   4:     551032 bytes,    3271680 total
- age   5:     550168 bytes,    3821848 total
- age   6:     509416 bytes,    4331264 total
: 142620K->6283K(153344K), 0.0232947 secs] 451129K->315314K(2080128K)After GC:
Statistics for BinaryTreeDictionary:
------------------------------------
Total Free Space: 206935588
Max   Chunk Size: 206935588
Number of Blocks: 1
Av.  Block  Size: 206935588
Tree      Height: 1
, 0.0233779 secs] [Times: user=0.06 sys=0.00, real=0.02 secs] 
Heap after GC invocations=295 (full 2):
 par new generation   total 153344K, used 6283K [0x0000000080000000, 0x000000008a660000, 0x000000008a660000)
  eden space 136320K,   0% used [0x0000000080000000, 0x0000000080000000, 0x0000000088520000)
  from space 17024K,  36% used [0x00000000895c0000, 0x0000000089be2f18, 0x000000008a660000)
  to   space 17024K,   0% used [0x0000000088520000, 0x0000000088520000, 0x00000000895c0000)
 concurrent mark-sweep generation total 1926784K, used 309030K [0x000000008a660000, 0x0000000100000000, 0x0000000100000000)
 Metaspace       used 86840K, capacity 92572K, committed 92824K, reserved 1130496K
  class space    used 10447K, capacity 10835K, committed 10912K, reserved 1048576K
}
2017-08-01T04:36:57.450+0000: 20769.024: Total time for which application threads were stopped: 0.0236849 seconds, Stopping threads took: 0.0000409 seconds
2017-08-01T04:36:57.453+0000: 20769.026: Total time for which application threads were stopped: 0.0001598 seconds, Stopping threads took: 0.0000544 seconds
2017-08-01T04:36:57.453+0000: 20769.026: Total time for which application threads were stopped: 0.0000701 seconds, Stopping threads took: 0.0000221 seconds
2017-08-01T04:36:57.453+0000: 20769.026: Total time for which application threads were stopped: 0.0000720 seconds, Stopping threads took: 0.0000201 seconds
2017-08-01T04:36:57.453+0000: 20769.027: Total time for which application threads were stopped: 0.0000919 seconds, Stopping threads took: 0.0000224 seconds
2017-08-01T04:36:57.453+0000: 20769.027: Total time for which application threads were stopped: 0.0000837 seconds, Stopping threads took: 0.0000216 seconds
2017-08-01T04:36:57.453+0000: 20769.027: Total time for which application threads were stopped: 0.0000664 seconds, Stopping threads took: 0.0000203 seconds
2017-08-01T04:36:57.454+0000: 20769.027: Total time for which application threads were stopped: 0.0000698 seconds, Stopping threads took: 0.0000203 seconds
2017-08-01T04:36:57.454+0000: 20769.027: Total time for which application threads were stopped: 0.0000678 seconds, Stopping threads took: 0.0000203 seconds
2017-08-01T04:36:57.454+0000: 20769.027: Total time for which application threads were stopped: 0.0000913 seconds, Stopping threads took: 0.0000184 seconds
2017-08-01T04:36:57.454+0000: 20769.027: Total time for which application threads were stopped: 0.0000669 seconds, Stopping threads took: 0.0000209 seconds
2017-08-01T04:36:57.454+0000: 20769.027: Total time for which application threads were stopped: 0.0000671 seconds, Stopping threads took: 0.0000202 seconds
2017-08-01T04:36:57.454+0000: 20769.027: Total time for which application threads were stopped: 0.0001025 seconds, Stopping threads took: 0.0000328 seconds
2017-08-01T04:36:57.454+0000: 20769.027: Total time for which application threads were stopped: 0.0000660 seconds, Stopping threads took: 0.0000204 seconds
2017-08-01T04:36:57.454+0000: 20769.028: Total time for which application threads were stopped: 0.0000669 seconds, Stopping threads took: 0.0000213 seconds
2017-08-01T04:36:57.454+0000: 20769.028: Total time for which application threads were stopped: 0.0000650 seconds, Stopping threads took: 0.0000200 seconds
2017-08-01T04:36:57.454+0000: 20769.028: Total time for which application threads were stopped: 0.0000683 seconds, Stopping threads took: 0.0000203 seconds
2017-08-01T04:36:57.463+0000: 20769.036: Total time for which application threads were stopped: 0.0001016 seconds, Stopping threads took: 0.0000379 seconds
2017-08-01T04:36:57.463+0000: 20769.036: Total time for which application threads were stopped: 0.0000667 seconds, Stopping threads took: 0.0000195 seconds
2017-08-01T04:36:57.463+0000: 20769.036: Total time for which application threads were stopped: 0.0000638 seconds, Stopping threads took: 0.0000179 seconds
2017-08-01T04:36:57.463+0000: 20769.037: Total time for which application threads were stopped: 0.0002292 seconds, Stopping threads took: 0.0000183 seconds
{Heap before GC invocations=295 (full 2):
 par new generation   total 153344K, used 142603K [0x0000000080000000, 0x000000008a660000, 0x000000008a660000)
  eden space 136320K, 100% used [0x0000000080000000, 0x0000000088520000, 0x0000000088520000)
  from space 17024K,  36% used [0x00000000895c0000, 0x0000000089be2f18, 0x000000008a660000)
  to   space 17024K,   0% used [0x0000000088520000, 0x0000000088520000, 0x00000000895c0000)
 concurrent mark-sweep generation total 1926784K, used 309030K [0x000000008a660000, 0x0000000100000000, 0x0000000100000000)
 Metaspace       used 86843K, capacity 92572K, committed 92824K, reserved 1130496K
  class space    used 10447K, capacity 10835K, committed 10912K, reserved 1048576K
2017-08-01T04:38:23.322+0000: 20854.895: [GC (Allocation Failure) Before GC:
Statistics for BinaryTreeDictionary:
------------------------------------
Total Free Space: 206935588
Max   Chunk Size: 206935588
Number of Blocks: 1
Av.  Block  Size: 206935588
Tree      Height: 1
2017-08-01T04:38:23.322+0000: 20854.895: [ParNew
Desired survivor size 8716288 bytes, new threshold 6 (max 6)
- age   1:    1386488 bytes,    1386488 total
- age   2:     679952 bytes,    2066440 total
- age   3:     596504 bytes,    2662944 total
- age   4:     533960 bytes,    3196904 total
- age   5:     533600 bytes,    3730504 total
- age   6:     539736 bytes,    4270240 total
: 142603K->6309K(153344K), 0.0233701 secs] 451634K->315839K(2080128K)After GC:
Statistics for BinaryTreeDictionary:
------------------------------------
Total Free Space: 206868066
Max   Chunk Size: 206868066
Number of Blocks: 1
Av.  Block  Size: 206868066
Tree      Height: 1
, 0.0234500 secs] [Times: user=0.06 sys=0.00, real=0.03 secs] 
Heap after GC invocations=296 (full 2):
 par new generation   total 153344K, used 6309K [0x0000000080000000, 0x000000008a660000, 0x000000008a660000)
  eden space 136320K,   0% used [0x0000000080000000, 0x0000000080000000, 0x0000000088520000)
  from space 17024K,  37% used [0x0000000088520000, 0x0000000088b49448, 0x00000000895c0000)
  to   space 17024K,   0% used [0x00000000895c0000, 0x00000000895c0000, 0x000000008a660000)
 concurrent mark-sweep generation total 1926784K, used 309529K [0x000000008a660000, 0x0000000100000000, 0x0000000100000000)
 Metaspace       used 86843K, capacity 92572K, committed 92824K, reserved 1130496K
  class space    used 10447K, capacity 10835K, committed 10912K, reserved 1048576K
}
2017-08-01T04:38:23.345+0000: 20854.919: Total time for which application threads were stopped: 0.0237636 seconds, Stopping threads took: 0.0000798 seconds
2017-08-01T04:38:23.346+0000: 20854.919: Total time for which application threads were stopped: 0.0001217 seconds, Stopping threads took: 0.0000296 seconds
2017-08-01T04:38:23.346+0000: 20854.919: Total time for which application threads were stopped: 0.0000992 seconds, Stopping threads took: 0.0000314 seconds
2017-08-01T04:38:23.347+0000: 20854.920: Total time for which application threads were stopped: 0.0000960 seconds, Stopping threads took: 0.0000202 seconds
2017-08-01T04:38:23.347+0000: 20854.920: Total time for which application threads were stopped: 0.0000685 seconds, Stopping threads took: 0.0000218 seconds
2017-08-01T04:38:23.347+0000: 20854.920: Total time for which application threads were stopped: 0.0000792 seconds, Stopping threads took: 0.0000203 seconds
2017-08-01T04:38:23.347+0000: 20854.921: Total time for which application threads were stopped: 0.0000863 seconds, Stopping threads took: 0.0000193 seconds
2017-08-01T04:38:23.347+0000: 20854.921: Total time for which application threads were stopped: 0.0000822 seconds, Stopping threads took: 0.0000224 seconds
2017-08-01T04:38:23.347+0000: 20854.921: Total time for which application threads were stopped: 0.0000662 seconds, Stopping threads took: 0.0000205 seconds
2017-08-01T04:38:23.348+0000: 20854.921: Total time for which application threads were stopped: 0.0000664 seconds, Stopping threads took: 0.0000191 seconds
2017-08-01T04:38:23.348+0000: 20854.921: Total time for which application threads were stopped: 0.0000949 seconds, Stopping threads took: 0.0000394 seconds
2017-08-01T04:38:23.348+0000: 20854.921: Total time for which application threads were stopped: 0.0000636 seconds, Stopping threads took: 0.0000183 seconds
2017-08-01T04:38:23.348+0000: 20854.921: Total time for which application threads were stopped: 0.0000761 seconds, Stopping threads took: 0.0000206 seconds
2017-08-01T04:38:23.348+0000: 20854.921: Total time for which application threads were stopped: 0.0000886 seconds, Stopping threads took: 0.0000204 seconds
2017-08-01T04:38:23.348+0000: 20854.921: Total time for which application threads were stopped: 0.0000655 seconds, Stopping threads took: 0.0000206 seconds
2017-08-01T04:38:23.348+0000: 20854.921: Total time for which application threads were stopped: 0.0000717 seconds, Stopping threads took: 0.0000200 seconds
2017-08-01T04:38:23.348+0000: 20854.921: Total time for which application threads were stopped: 0.0000678 seconds, Stopping threads took: 0.0000222 seconds
2017-08-01T04:38:23.348+0000: 20854.922: Total time for which application threads were stopped: 0.0000741 seconds, Stopping threads took: 0.0000204 seconds
2017-08-01T04:38:23.348+0000: 20854.922: Total time for which application threads were stopped: 0.0000663 seconds, Stopping threads took: 0.0000208 seconds
2017-08-01T04:38:23.348+0000: 20854.922: Total time for which application threads were stopped: 0.0000884 seconds, Stopping threads took: 0.0000210 seconds
2017-08-01T04:38:23.349+0000: 20854.922: Total time for which application threads were stopped: 0.0002222 seconds, Stopping threads took: 0.0000237 seconds
{Heap before GC invocations=296 (full 2):
 par new generation   total 153344K, used 142629K [0x0000000080000000, 0x000000008a660000, 0x000000008a660000)
  eden space 136320K, 100% used [0x0000000080000000, 0x0000000088520000, 0x0000000088520000)
  from space 17024K,  37% used [0x0000000088520000, 0x0000000088b49448, 0x00000000895c0000)
  to   space 17024K,   0% used [0x00000000895c0000, 0x00000000895c0000, 0x000000008a660000)
 concurrent mark-sweep generation total 1926784K, used 309529K [0x000000008a660000, 0x0000000100000000, 0x0000000100000000)
 Metaspace       used 86843K, capacity 92572K, committed 92824K, reserved 1130496K
  class space    used 10447K, capacity 10835K, committed 10912K, reserved 1048576K
2017-08-01T04:39:48.839+0000: 20940.412: [GC (Allocation Failure) Before GC:
Statistics for BinaryTreeDictionary:
------------------------------------
Total Free Space: 206868066
Max   Chunk Size: 206868066
Number of Blocks: 1
Av.  Block  Size: 206868066
Tree      Height: 1
2017-08-01T04:39:48.839+0000: 20940.412: [ParNew
Desired survivor size 8716288 bytes, new threshold 6 (max 6)
- age   1:    1342656 bytes,    1342656 total
- age   2:     695832 bytes,    2038488 total
- age   3:     617840 bytes,    2656328 total
- age   4:     527688 bytes,    3184016 total
- age   5:     520752 bytes,    3704768 total
- age   6:     521392 bytes,    4226160 total
: 142629K->6201K(153344K), 0.0234674 secs] 452159K->316259K(2080128K)After GC:
Statistics for BinaryTreeDictionary:
------------------------------------
Total Free Space: 206806028
Max   Chunk Size: 206806028
Number of Blocks: 1
Av.  Block  Size: 206806028
Tree      Height: 1
, 0.0235596 secs] [Times: user=0.06 sys=0.00, real=0.02 secs] 
Heap after GC invocations=297 (full 2):
 par new generation   total 153344K, used 6201K [0x0000000080000000, 0x000000008a660000, 0x000000008a660000)
  eden space 136320K,   0% used [0x0000000080000000, 0x0000000080000000, 0x0000000088520000)
  from space 17024K,  36% used [0x00000000895c0000, 0x0000000089bce428, 0x000000008a660000)
  to   space 17024K,   0% used [0x0000000088520000, 0x0000000088520000, 0x00000000895c0000)
 concurrent mark-sweep generation total 1926784K, used 310058K [0x000000008a660000, 0x0000000100000000, 0x0000000100000000)
 Metaspace       used 86843K, capacity 92572K, committed 92824K, reserved 1130496K
  class space    used 10447K, capacity 10835K, committed 10912K, reserved 1048576K
}
2017-08-01T04:39:48.862+0000: 20940.436: Total time for which application threads were stopped: 0.0238103 seconds, Stopping threads took: 0.0000445 seconds
2017-08-01T04:39:48.863+0000: 20940.436: Total time for which application threads were stopped: 0.0001308 seconds, Stopping threads took: 0.0000358 seconds
2017-08-01T04:39:48.863+0000: 20940.436: Total time for which application threads were stopped: 0.0000770 seconds, Stopping threads took: 0.0000257 seconds
2017-08-01T04:39:48.863+0000: 20940.436: Total time for which application threads were stopped: 0.0000730 seconds, Stopping threads took: 0.0000248 seconds
2017-08-01T04:39:48.863+0000: 20940.436: Total time for which application threads were stopped: 0.0001104 seconds, Stopping threads took: 0.0000460 seconds
2017-08-01T04:39:48.863+0000: 20940.436: Total time for which application threads were stopped: 0.0000952 seconds, Stopping threads took: 0.0000345 seconds
2017-08-01T04:39:48.863+0000: 20940.437: Total time for which application threads were stopped: 0.0000889 seconds, Stopping threads took: 0.0000247 seconds
2017-08-01T04:39:48.863+0000: 20940.437: Total time for which application threads were stopped: 0.0001005 seconds, Stopping threads took: 0.0000393 seconds
2017-08-01T04:39:48.864+0000: 20940.437: Total time for which application threads were stopped: 0.0000697 seconds, Stopping threads took: 0.0000198 seconds
2017-08-01T04:39:48.864+0000: 20940.437: Total time for which application threads were stopped: 0.0001026 seconds, Stopping threads took: 0.0000431 seconds
2017-08-01T04:39:48.864+0000: 20940.437: Total time for which application threads were stopped: 0.0000766 seconds, Stopping threads took: 0.0000267 seconds
2017-08-01T04:39:48.864+0000: 20940.437: Total time for which application threads were stopped: 0.0000696 seconds, Stopping threads took: 0.0000209 seconds
2017-08-01T04:39:48.865+0000: 20940.438: Total time for which application threads were stopped: 0.0001092 seconds, Stopping threads took: 0.0000489 seconds
2017-08-01T04:39:48.865+0000: 20940.438: Total time for which application threads were stopped: 0.0001136 seconds, Stopping threads took: 0.0000537 seconds
2017-08-01T04:39:48.867+0000: 20940.440: Total time for which application threads were stopped: 0.0000991 seconds, Stopping threads took: 0.0000369 seconds
2017-08-01T04:39:48.867+0000: 20940.440: Total time for which application threads were stopped: 0.0001006 seconds, Stopping threads took: 0.0000427 seconds
2017-08-01T04:39:48.867+0000: 20940.440: Total time for which application threads were stopped: 0.0001000 seconds, Stopping threads took: 0.0000427 seconds
2017-08-01T04:39:48.867+0000: 20940.441: Total time for which application threads were stopped: 0.0001127 seconds, Stopping threads took: 0.0000530 seconds
2017-08-01T04:39:48.867+0000: 20940.441: Total time for which application threads were stopped: 0.0000653 seconds, Stopping threads took: 0.0000196 seconds
2017-08-01T04:39:48.867+0000: 20940.441: Total time for which application threads were stopped: 0.0000624 seconds, Stopping threads took: 0.0000175 seconds
2017-08-01T04:39:48.868+0000: 20940.441: Total time for which application threads were stopped: 0.0002344 seconds, Stopping threads took: 0.0000413 seconds
2017-08-01T04:40:27.436+0000: 20979.009: Total time for which application threads were stopped: 0.0002679 seconds, Stopping threads took: 0.0000806 seconds
2017-08-01T04:40:27.436+0000: 20979.009: Total time for which application threads were stopped: 0.0000927 seconds, Stopping threads took: 0.0000193 seconds
2017-08-01T04:40:27.436+0000: 20979.010: Total time for which application threads were stopped: 0.0001157 seconds, Stopping threads took: 0.0000185 seconds
2017-08-01T04:40:27.436+0000: 20979.010: Total time for which application threads were stopped: 0.0001065 seconds, Stopping threads took: 0.0000180 seconds
2017-08-01T04:40:27.437+0000: 20979.010: Total time for which application threads were stopped: 0.0001042 seconds, Stopping threads took: 0.0000207 seconds
2017-08-01T04:40:27.437+0000: 20979.010: Total time for which application threads were stopped: 0.0000832 seconds, Stopping threads took: 0.0000183 seconds
2017-08-01T04:40:28.457+0000: 20980.030: Total time for which application threads were stopped: 0.0004111 seconds, Stopping threads took: 0.0000530 seconds
2017-08-01T04:40:28.457+0000: 20980.030: Total time for which application threads were stopped: 0.0000745 seconds, Stopping threads took: 0.0000212 seconds
2017-08-01T04:40:28.457+0000: 20980.030: Total time for which application threads were stopped: 0.0001039 seconds, Stopping threads took: 0.0000428 seconds
2017-08-01T04:40:28.457+0000: 20980.031: Total time for which application threads were stopped: 0.0000767 seconds, Stopping threads took: 0.0000208 seconds
2017-08-01T04:40:28.457+0000: 20980.031: Total time for which application threads were stopped: 0.0000772 seconds, Stopping threads took: 0.0000191 seconds
2017-08-01T04:40:28.458+0000: 20980.031: Total time for which application threads were stopped: 0.0000678 seconds, Stopping threads took: 0.0000189 seconds
2017-08-01T04:40:29.496+0000: 20981.069: Total time for which application threads were stopped: 0.0001841 seconds, Stopping threads took: 0.0000428 seconds
2017-08-01T04:40:38.867+0000: 20990.440: Total time for which application threads were stopped: 0.0001937 seconds, Stopping threads took: 0.0000692 seconds
2017-08-01T04:40:38.867+0000: 20990.440: Total time for which application threads were stopped: 0.0000710 seconds, Stopping threads took: 0.0000189 seconds
2017-08-01T04:40:38.867+0000: 20990.440: Total time for which application threads were stopped: 0.0001023 seconds, Stopping threads took: 0.0000376 seconds
2017-08-01T04:40:38.867+0000: 20990.441: Total time for which application threads were stopped: 0.0001154 seconds, Stopping threads took: 0.0000439 seconds
2017-08-01T04:40:38.868+0000: 20990.441: Total time for which application threads were stopped: 0.0000739 seconds, Stopping threads took: 0.0000219 seconds
2017-08-01T04:40:38.868+0000: 20990.441: Total time for which application threads were stopped: 0.0001092 seconds, Stopping threads took: 0.0000419 seconds
{Heap before GC invocations=297 (full 2):
 par new generation   total 153344K, used 142521K [0x0000000080000000, 0x000000008a660000, 0x000000008a660000)
  eden space 136320K, 100% used [0x0000000080000000, 0x0000000088520000, 0x0000000088520000)
  from space 17024K,  36% used [0x00000000895c0000, 0x0000000089bce428, 0x000000008a660000)
  to   space 17024K,   0% used [0x0000000088520000, 0x0000000088520000, 0x00000000895c0000)
 concurrent mark-sweep generation total 1926784K, used 310058K [0x000000008a660000, 0x0000000100000000, 0x0000000100000000)
 Metaspace       used 86843K, capacity 92572K, committed 92824K, reserved 1130496K
  class space    used 10447K, capacity 10835K, committed 10912K, reserved 1048576K
2017-08-01T04:41:07.932+0000: 21019.505: [GC (Allocation Failure) Before GC:
Statistics for BinaryTreeDictionary:
------------------------------------
Total Free Space: 206806028
Max   Chunk Size: 206806028
Number of Blocks: 1
Av.  Block  Size: 206806028
Tree      Height: 1
2017-08-01T04:41:07.932+0000: 21019.505: [ParNew
Desired survivor size 8716288 bytes, new threshold 6 (max 6)
- age   1:    1346272 bytes,    1346272 total
- age   2:     643592 bytes,    1989864 total
- age   3:     637320 bytes,    2627184 total
- age   4:     572376 bytes,    3199560 total
- age   5:     515584 bytes,    3715144 total
- age   6:     511736 bytes,    4226880 total
: 142521K->6233K(153344K), 0.0232700 secs] 452579K->316804K(2080128K)After GC:
Statistics for BinaryTreeDictionary:
------------------------------------
Total Free Space: 206738066
Max   Chunk Size: 206738066
Number of Blocks: 1
Av.  Block  Size: 206738066
Tree      Height: 1
, 0.0233597 secs] [Times: user=0.06 sys=0.00, real=0.03 secs] 
Heap after GC invocations=298 (full 2):
 par new generation   total 153344K, used 6233K [0x0000000080000000, 0x000000008a660000, 0x000000008a660000)
  eden space 136320K,   0% used [0x0000000080000000, 0x0000000080000000, 0x0000000088520000)
  from space 17024K,  36% used [0x0000000088520000, 0x0000000088b36480, 0x00000000895c0000)
  to   space 17024K,   0% used [0x00000000895c0000, 0x00000000895c0000, 0x000000008a660000)
 concurrent mark-sweep generation total 1926784K, used 310571K [0x000000008a660000, 0x0000000100000000, 0x0000000100000000)
 Metaspace       used 86843K, capacity 92572K, committed 92824K, reserved 1130496K
  class space    used 10447K, capacity 10835K, committed 10912K, reserved 1048576K
}
2017-08-01T04:41:07.955+0000: 21019.529: Total time for which application threads were stopped: 0.0236187 seconds, Stopping threads took: 0.0000535 seconds
2017-08-01T04:41:07.956+0000: 21019.529: Total time for which application threads were stopped: 0.0002157 seconds, Stopping threads took: 0.0001133 seconds
2017-08-01T04:41:07.956+0000: 21019.529: Total time for which application threads were stopped: 0.0000770 seconds, Stopping threads took: 0.0000282 seconds
2017-08-01T04:41:07.956+0000: 21019.530: Total time for which application threads were stopped: 0.0000689 seconds, Stopping threads took: 0.0000222 seconds
2017-08-01T04:41:07.956+0000: 21019.530: Total time for which application threads were stopped: 0.0001045 seconds, Stopping threads took: 0.0000212 seconds
2017-08-01T04:41:07.957+0000: 21019.530: Total time for which application threads were stopped: 0.0001236 seconds, Stopping threads took: 0.0000434 seconds
2017-08-01T04:41:07.957+0000: 21019.530: Total time for which application threads were stopped: 0.0000892 seconds, Stopping threads took: 0.0000398 seconds
2017-08-01T04:41:07.957+0000: 21019.530: Total time for which application threads were stopped: 0.0000887 seconds, Stopping threads took: 0.0000423 seconds
2017-08-01T04:41:07.957+0000: 21019.530: Total time for which application threads were stopped: 0.0000757 seconds, Stopping threads took: 0.0000205 seconds
2017-08-01T04:41:07.957+0000: 21019.530: Total time for which application threads were stopped: 0.0001252 seconds, Stopping threads took: 0.0000645 seconds
2017-08-01T04:41:07.957+0000: 21019.531: Total time for which application threads were stopped: 0.0001281 seconds, Stopping threads took: 0.0000616 seconds
2017-08-01T04:41:07.964+0000: 21019.537: Total time for which application threads were stopped: 0.0001041 seconds, Stopping threads took: 0.0000405 seconds
2017-08-01T04:41:07.964+0000: 21019.538: Total time for which application threads were stopped: 0.0001145 seconds, Stopping threads took: 0.0000212 seconds
2017-08-01T04:41:07.964+0000: 21019.538: Total time for which application threads were stopped: 0.0001224 seconds, Stopping threads took: 0.0000380 seconds
2017-08-01T04:41:07.965+0000: 21019.538: Total time for which application threads were stopped: 0.0001128 seconds, Stopping threads took: 0.0000359 seconds
2017-08-01T04:41:07.965+0000: 21019.538: Total time for which application threads were stopped: 0.0000764 seconds, Stopping threads took: 0.0000277 seconds
2017-08-01T04:41:07.965+0000: 21019.538: Total time for which application threads were stopped: 0.0001131 seconds, Stopping threads took: 0.0000442 seconds
2017-08-01T04:41:07.965+0000: 21019.538: Total time for which application threads were stopped: 0.0000758 seconds, Stopping threads took: 0.0000251 seconds
2017-08-01T04:41:07.965+0000: 21019.538: Total time for which application threads were stopped: 0.0000678 seconds, Stopping threads took: 0.0000178 seconds
2017-08-01T04:41:07.965+0000: 21019.538: Total time for which application threads were stopped: 0.0000969 seconds, Stopping threads took: 0.0000362 seconds
2017-08-01T04:41:07.965+0000: 21019.539: Total time for which application threads were stopped: 0.0002504 seconds, Stopping threads took: 0.0000438 seconds
2017-08-01T04:42:03.247+0000: 21074.820: Total time for which application threads were stopped: 0.0002246 seconds, Stopping threads took: 0.0000809 seconds
2017-08-01T04:42:03.247+0000: 21074.820: Total time for which application threads were stopped: 0.0000718 seconds, Stopping threads took: 0.0000199 seconds
2017-08-01T04:42:03.247+0000: 21074.820: Total time for which application threads were stopped: 0.0000998 seconds, Stopping threads took: 0.0000378 seconds
2017-08-01T04:42:03.247+0000: 21074.820: Total time for which application threads were stopped: 0.0000700 seconds, Stopping threads took: 0.0000206 seconds
2017-08-01T04:42:03.247+0000: 21074.820: Total time for which application threads were stopped: 0.0001018 seconds, Stopping threads took: 0.0000173 seconds
2017-08-01T04:42:03.247+0000: 21074.821: Total time for which application threads were stopped: 0.0000678 seconds, Stopping threads took: 0.0000183 seconds
{Heap before GC invocations=298 (full 2):
 par new generation   total 153344K, used 142553K [0x0000000080000000, 0x000000008a660000, 0x000000008a660000)
  eden space 136320K, 100% used [0x0000000080000000, 0x0000000088520000, 0x0000000088520000)
  from space 17024K,  36% used [0x0000000088520000, 0x0000000088b36480, 0x00000000895c0000)
  to   space 17024K,   0% used [0x00000000895c0000, 0x00000000895c0000, 0x000000008a660000)
 concurrent mark-sweep generation total 1926784K, used 310571K [0x000000008a660000, 0x0000000100000000, 0x0000000100000000)
 Metaspace       used 86843K, capacity 92572K, committed 92824K, reserved 1130496K
  class space    used 10447K, capacity 10835K, committed 10912K, reserved 1048576K
2017-08-01T04:42:34.384+0000: 21105.957: [GC (Allocation Failure) Before GC:
Statistics for BinaryTreeDictionary:
------------------------------------
Total Free Space: 206738066
Max   Chunk Size: 206738066
Number of Blocks: 1
Av.  Block  Size: 206738066
Tree      Height: 1
2017-08-01T04:42:34.384+0000: 21105.958: [ParNew
Desired survivor size 8716288 bytes, new threshold 6 (max 6)
- age   1:    1452256 bytes,    1452256 total
- age   2:     630168 bytes,    2082424 total
- age   3:     580632 bytes,    2663056 total
- age   4:     588472 bytes,    3251528 total
- age   5:     510496 bytes,    3762024 total
- age   6:     506640 bytes,    4268664 total
: 142553K->6181K(153344K), 0.0229030 secs] 453124K->317253K(2080128K)After GC:
Statistics for BinaryTreeDictionary:
------------------------------------
Total Free Space: 206674875
Max   Chunk Size: 206674875
Number of Blocks: 1
Av.  Block  Size: 206674875
Tree      Height: 1
, 0.0229864 secs] [Times: user=0.06 sys=0.00, real=0.02 secs] 
Heap after GC invocations=299 (full 2):
 par new generation   total 153344K, used 6181K [0x0000000080000000, 0x000000008a660000, 0x000000008a660000)
  eden space 136320K,   0% used [0x0000000080000000, 0x0000000080000000, 0x0000000088520000)
  from space 17024K,  36% used [0x00000000895c0000, 0x0000000089bc9608, 0x000000008a660000)
  to   space 17024K,   0% used [0x0000000088520000, 0x0000000088520000, 0x00000000895c0000)
 concurrent mark-sweep generation total 1926784K, used 311071K [0x000000008a660000, 0x0000000100000000, 0x0000000100000000)
 Metaspace       used 86843K, capacity 92572K, committed 92824K, reserved 1130496K
  class space    used 10447K, capacity 10835K, committed 10912K, reserved 1048576K
}
2017-08-01T04:42:34.407+0000: 21105.981: Total time for which application threads were stopped: 0.0232499 seconds, Stopping threads took: 0.0000423 seconds
2017-08-01T04:42:34.408+0000: 21105.981: Total time for which application threads were stopped: 0.0001725 seconds, Stopping threads took: 0.0000695 seconds
2017-08-01T04:42:34.408+0000: 21105.981: Total time for which application threads were stopped: 0.0001109 seconds, Stopping threads took: 0.0000490 seconds
2017-08-01T04:42:34.408+0000: 21105.982: Total time for which application threads were stopped: 0.0001193 seconds, Stopping threads took: 0.0000480 seconds
